
Note: Compatibility modes selected: hs a


Circuit: * sar-logic-timing @ tt_27c_3.63v -- generated by sim/harness, do not edit

Reducing trtol to 1 for xspice 'A' devices
Doing analysis at TEMP = 27.000000 and TNOM = 27.000000

Using SPARSE 1.3 as Direct Linear Solver

Initial Transient Solution
--------------------------

Node                                   Voltage
----                                   -------
clk                                          0
ok_start                                     0
ok_mode                                      0
ok_cmpo                                      0
ok_samp                                      0
ok_drdy                                   3.63
ok_c9                                        0
ok_c8                                        0
ok_c7                                        0
ok_c6                                        0
ok_c5                                        0
ok_c4                                        0
ok_c3                                        0
ok_c2                                        0
ok_c1                                        0
ok_c0                                        0
ok_rel_n_256p                             3.63
ok_sel_hi_n_256p                             0
ok_sel_lo_n_256p                             0
ok_rel_n_128p                             3.63
ok_sel_hi_n_128p                             0
ok_sel_lo_n_128p                             0
ok_rel_n_64p                              3.63
ok_sel_hi_n_64p                              0
ok_sel_lo_n_64p                              0
ok_rel_n_32p                              3.63
ok_sel_hi_n_32p                              0
ok_sel_lo_n_32p                              0
ok_rel_n_16p                              3.63
ok_sel_hi_n_16p                              0
ok_sel_lo_n_16p                              0
ok_rel_n_8p                               3.63
ok_sel_hi_n_8p                               0
ok_sel_lo_n_8p                               0
ok_rel_n_4p                               3.63
ok_sel_hi_n_4p                               0
ok_sel_lo_n_4p                               0
ok_rel_n_2p                               3.63
ok_sel_hi_n_2p                               0
ok_sel_lo_n_2p                               0
ok_rel_n_1p                               3.63
ok_sel_hi_n_1p                               0
ok_sel_lo_n_1p                               0
ok_rel_n_256n                             3.63
ok_sel_hi_n_256n                             0
ok_sel_lo_n_256n                             0
ok_rel_n_128n                             3.63
ok_sel_hi_n_128n                             0
ok_sel_lo_n_128n                             0
ok_rel_n_64n                              3.63
ok_sel_hi_n_64n                              0
ok_sel_lo_n_64n                              0
ok_rel_n_32n                              3.63
ok_sel_hi_n_32n                              0
ok_sel_lo_n_32n                              0
ok_rel_n_16n                              3.63
ok_sel_hi_n_16n                              0
ok_sel_lo_n_16n                              0
ok_rel_n_8n                               3.63
ok_sel_hi_n_8n                               0
ok_sel_lo_n_8n                               0
ok_rel_n_4n                               3.63
ok_sel_hi_n_4n                               0
ok_sel_lo_n_4n                               0
ok_rel_n_2n                               3.63
ok_sel_hi_n_2n                               0
ok_sel_lo_n_2n                               0
ok_rel_n_1n                               3.63
ok_sel_hi_n_1n                               0
ok_sel_lo_n_1n                               0
ok_vinp                                1.79816
ok_shp                                 1.79816
ok_vinn                                  1.815
ok_shn                                   1.815
ok_sampd                                     0
ok_shxp                                1.79816
ok_shxn                                  1.815
ok_topip                               1.79816
ok_topin                                 1.815
ok_topp                                1.79816
ok_topn                                  1.815
ok_code                                      0
ok_conf                                      0
ok_nside                                     0
ok_exp                                     507
ok_err                                    -507
ok_aerr                                    507
lt_start                                     0
lt_mode                                      0
lt_cmpo                                      0
lt_samp                                      0
lt_drdy                                   3.63
lt_c9                                        0
lt_c8                                        0
lt_c7                                        0
lt_c6                                        0
lt_c5                                        0
lt_c4                                        0
lt_c3                                        0
lt_c2                                        0
lt_c1                                        0
lt_c0                                        0
lt_rel_n_256p                             3.63
lt_sel_hi_n_256p                             0
lt_sel_lo_n_256p                             0
lt_rel_n_128p                             3.63
lt_sel_hi_n_128p                             0
lt_sel_lo_n_128p                             0
lt_rel_n_64p                              3.63
lt_sel_hi_n_64p                              0
lt_sel_lo_n_64p                              0
lt_rel_n_32p                              3.63
lt_sel_hi_n_32p                              0
lt_sel_lo_n_32p                              0
lt_rel_n_16p                              3.63
lt_sel_hi_n_16p                              0
lt_sel_lo_n_16p                              0
lt_rel_n_8p                               3.63
lt_sel_hi_n_8p                               0
lt_sel_lo_n_8p                               0
lt_rel_n_4p                               3.63
lt_sel_hi_n_4p                               0
lt_sel_lo_n_4p                               0
lt_rel_n_2p                               3.63
lt_sel_hi_n_2p                               0
lt_sel_lo_n_2p                               0
lt_rel_n_1p                               3.63
lt_sel_hi_n_1p                               0
lt_sel_lo_n_1p                               0
lt_rel_n_256n                             3.63
lt_sel_hi_n_256n                             0
lt_sel_lo_n_256n                             0
lt_rel_n_128n                             3.63
lt_sel_hi_n_128n                             0
lt_sel_lo_n_128n                             0
lt_rel_n_64n                              3.63
lt_sel_hi_n_64n                              0
lt_sel_lo_n_64n                              0
lt_rel_n_32n                              3.63
lt_sel_hi_n_32n                              0
lt_sel_lo_n_32n                              0
lt_rel_n_16n                              3.63
lt_sel_hi_n_16n                              0
lt_sel_lo_n_16n                              0
lt_rel_n_8n                               3.63
lt_sel_hi_n_8n                               0
lt_sel_lo_n_8n                               0
lt_rel_n_4n                               3.63
lt_sel_hi_n_4n                               0
lt_sel_lo_n_4n                               0
lt_rel_n_2n                               3.63
lt_sel_hi_n_2n                               0
lt_sel_lo_n_2n                               0
lt_rel_n_1n                               3.63
lt_sel_hi_n_1n                               0
lt_sel_lo_n_1n                               0
lt_vinp                                1.79816
lt_shp                                 1.79816
lt_vinn                                  1.815
lt_shn                                   1.815
lt_sampd                                     0
lt_shxp                                1.79816
lt_shxn                                  1.815
lt_topip                               1.79816
lt_topin                                 1.815
lt_topp                                1.79816
lt_topn                                  1.815
lt_cmpi                                      0
lt_code                                      0
lt_conf                                      0
lt_nside                                     0
lt_exp                                     507
lt_err                                    -507
lt_aerr                                    507
xl_start                                     0
xl_mode                                      0
xl_cmpo                                      0
xl_samp                                      0
xl_drdy                                   3.63
xl_c9                                        0
xl_c8                                        0
xl_c7                                        0
xl_c6                                        0
xl_c5                                        0
xl_c4                                        0
xl_c3                                        0
xl_c2                                        0
xl_c1                                        0
xl_c0                                        0
xl_rel_n_256p                             3.63
xl_sel_hi_n_256p                             0
xl_sel_lo_n_256p                             0
xl_rel_n_128p                             3.63
xl_sel_hi_n_128p                             0
xl_sel_lo_n_128p                             0
xl_rel_n_64p                              3.63
xl_sel_hi_n_64p                              0
xl_sel_lo_n_64p                              0
xl_rel_n_32p                              3.63
xl_sel_hi_n_32p                              0
xl_sel_lo_n_32p                              0
xl_rel_n_16p                              3.63
xl_sel_hi_n_16p                              0
xl_sel_lo_n_16p                              0
xl_rel_n_8p                               3.63
xl_sel_hi_n_8p                               0
xl_sel_lo_n_8p                               0
xl_rel_n_4p                               3.63
xl_sel_hi_n_4p                               0
xl_sel_lo_n_4p                               0
xl_rel_n_2p                               3.63
xl_sel_hi_n_2p                               0
xl_sel_lo_n_2p                               0
xl_rel_n_1p                               3.63
xl_sel_hi_n_1p                               0
xl_sel_lo_n_1p                               0
xl_rel_n_256n                             3.63
xl_sel_hi_n_256n                             0
xl_sel_lo_n_256n                             0
xl_rel_n_128n                             3.63
xl_sel_hi_n_128n                             0
xl_sel_lo_n_128n                             0
xl_rel_n_64n                              3.63
xl_sel_hi_n_64n                              0
xl_sel_lo_n_64n                              0
xl_rel_n_32n                              3.63
xl_sel_hi_n_32n                              0
xl_sel_lo_n_32n                              0
xl_rel_n_16n                              3.63
xl_sel_hi_n_16n                              0
xl_sel_lo_n_16n                              0
xl_rel_n_8n                               3.63
xl_sel_hi_n_8n                               0
xl_sel_lo_n_8n                               0
xl_rel_n_4n                               3.63
xl_sel_hi_n_4n                               0
xl_sel_lo_n_4n                               0
xl_rel_n_2n                               3.63
xl_sel_hi_n_2n                               0
xl_sel_lo_n_2n                               0
xl_rel_n_1n                               3.63
xl_sel_hi_n_1n                               0
xl_sel_lo_n_1n                               0
xl_vinp                                1.79816
xl_shp                                 1.79816
xl_vinn                                  1.815
xl_shn                                   1.815
xl_sampd                                     0
xl_shxp                                1.79816
xl_shxn                                  1.815
xl_topip                               1.79816
xl_topin                                 1.815
xl_topp                                1.79816
xl_topn                                  1.815
xl_cmpi                                      0
xl_code                                      0
xl_conf                                      0
xl_nside                                     0
xl_exp                                     507
xl_err                                    -507
xl_aerr                                    507
bad_start                                    0
bad_mode                                     0
bad_cmpo                                     0
bad_samp                                     0
bad_drdy                                  3.63
bad_c9                                       0
bad_c8                                       0
bad_c7                                       0
bad_c6                                       0
bad_c5                                       0
bad_c4                                       0
bad_c3                                       0
bad_c2                                       0
bad_c1                                       0
bad_c0                                       0
bad_rel_n_256p                            3.63
bad_sel_hi_n_256p                            0
bad_sel_lo_n_256p                            0
bad_rel_n_128p                            3.63
bad_sel_hi_n_128p                            0
bad_sel_lo_n_128p                            0
bad_rel_n_64p                             3.63
bad_sel_hi_n_64p                             0
bad_sel_lo_n_64p                             0
bad_rel_n_32p                             3.63
bad_sel_hi_n_32p                             0
bad_sel_lo_n_32p                             0
bad_rel_n_16p                             3.63
bad_sel_hi_n_16p                             0
bad_sel_lo_n_16p                             0
bad_rel_n_8p                              3.63
bad_sel_hi_n_8p                              0
bad_sel_lo_n_8p                              0
bad_rel_n_4p                              3.63
bad_sel_hi_n_4p                              0
bad_sel_lo_n_4p                              0
bad_rel_n_2p                              3.63
bad_sel_hi_n_2p                              0
bad_sel_lo_n_2p                              0
bad_rel_n_1p                              3.63
bad_sel_hi_n_1p                              0
bad_sel_lo_n_1p                              0
bad_rel_n_256n                            3.63
bad_sel_hi_n_256n                            0
bad_sel_lo_n_256n                            0
bad_rel_n_128n                            3.63
bad_sel_hi_n_128n                            0
bad_sel_lo_n_128n                            0
bad_rel_n_64n                             3.63
bad_sel_hi_n_64n                             0
bad_sel_lo_n_64n                             0
bad_rel_n_32n                             3.63
bad_sel_hi_n_32n                             0
bad_sel_lo_n_32n                             0
bad_rel_n_16n                             3.63
bad_sel_hi_n_16n                             0
bad_sel_lo_n_16n                             0
bad_rel_n_8n                              3.63
bad_sel_hi_n_8n                              0
bad_sel_lo_n_8n                              0
bad_rel_n_4n                              3.63
bad_sel_hi_n_4n                              0
bad_sel_lo_n_4n                              0
bad_rel_n_2n                              3.63
bad_sel_hi_n_2n                              0
bad_sel_lo_n_2n                              0
bad_rel_n_1n                              3.63
bad_sel_hi_n_1n                              0
bad_sel_lo_n_1n                              0
bad_vinp                               1.79816
bad_shp                                1.79816
bad_vinn                                 1.815
bad_shn                                  1.815
bad_sampd                                    0
bad_shxp                               1.79816
bad_shxn                                 1.815
bad_topip                              1.79816
bad_topin                                1.815
bad_topp                               1.79816
bad_topn                                 1.815
bad_cmpi                                     0
bad_code                                     0
bad_conf                                     0
bad_nside                                    0
bad_exp                                    507
bad_err                                   -507
bad_aerr                                   507
tie_start                                    0
tie_mode                                     0
tie_cmpo                                     0
tie_samp                                     0
tie_drdy                                  3.63
tie_c9                                       0
tie_c8                                       0
tie_c7                                       0
tie_c6                                       0
tie_c5                                       0
tie_c4                                       0
tie_c3                                       0
tie_c2                                       0
tie_c1                                       0
tie_c0                                       0
tie_rel_n_256p                            3.63
tie_sel_hi_n_256p                            0
tie_sel_lo_n_256p                            0
tie_rel_n_128p                            3.63
tie_sel_hi_n_128p                            0
tie_sel_lo_n_128p                            0
tie_rel_n_64p                             3.63
tie_sel_hi_n_64p                             0
tie_sel_lo_n_64p                             0
tie_rel_n_32p                             3.63
tie_sel_hi_n_32p                             0
tie_sel_lo_n_32p                             0
tie_rel_n_16p                             3.63
tie_sel_hi_n_16p                             0
tie_sel_lo_n_16p                             0
tie_rel_n_8p                              3.63
tie_sel_hi_n_8p                              0
tie_sel_lo_n_8p                              0
tie_rel_n_4p                              3.63
tie_sel_hi_n_4p                              0
tie_sel_lo_n_4p                              0
tie_rel_n_2p                              3.63
tie_sel_hi_n_2p                              0
tie_sel_lo_n_2p                              0
tie_rel_n_1p                              3.63
tie_sel_hi_n_1p                              0
tie_sel_lo_n_1p                              0
tie_rel_n_256n                            3.63
tie_sel_hi_n_256n                            0
tie_sel_lo_n_256n                            0
tie_rel_n_128n                            3.63
tie_sel_hi_n_128n                            0
tie_sel_lo_n_128n                            0
tie_rel_n_64n                             3.63
tie_sel_hi_n_64n                             0
tie_sel_lo_n_64n                             0
tie_rel_n_32n                             3.63
tie_sel_hi_n_32n                             0
tie_sel_lo_n_32n                             0
tie_rel_n_16n                             3.63
tie_sel_hi_n_16n                             0
tie_sel_lo_n_16n                             0
tie_rel_n_8n                              3.63
tie_sel_hi_n_8n                              0
tie_sel_lo_n_8n                              0
tie_rel_n_4n                              3.63
tie_sel_hi_n_4n                              0
tie_sel_lo_n_4n                              0
tie_rel_n_2n                              3.63
tie_sel_hi_n_2n                              0
tie_sel_lo_n_2n                              0
tie_rel_n_1n                              3.63
tie_sel_hi_n_1n                              0
tie_sel_lo_n_1n                              0
tie_vinp                                 1.815
tie_shp                                  1.815
tie_vinn                                 1.815
tie_shn                                  1.815
tie_sampd                                    0
tie_shxp                                 1.815
tie_shxn                                 1.815
tie_topip                                1.815
tie_topin                                1.815
tie_topp                                 1.815
tie_topn                                 1.815
tie_code                                     0
tie_conf                                     0
tie_nside                                    0
tie_dev                                    512
btiedev#branch                               0
btienside#branch                             0
btieconf#branch                              0
btiecode#branch                              0
btiecmp#branch                               0
btietopn#branch                    5.58581e-21
btietopp#branch                    5.58581e-21
bbadaerr#branch                              0
bbaderr#branch                               0
bbadexp#branch                               0
bbadnside#branch                             0
bbadconf#branch                              0
bbadcode#branch                              0
bbadcmp#branch                               0
bbadtopn#branch                      1.079e-20
bbadtopp#branch                    1.98141e-20
bxlaerr#branch                               0
bxlerr#branch                                0
bxlexp#branch                                0
bxlnside#branch                              0
bxlconf#branch                               0
bxlcode#branch                               0
bxlcmp#branch                                0
bxltopn#branch                       1.079e-20
bxltopp#branch                     1.98141e-20
bltaerr#branch                               0
blterr#branch                                0
bltexp#branch                                0
bltnside#branch                              0
bltconf#branch                               0
bltcode#branch                               0
bltcmp#branch                                0
blttopn#branch                       1.079e-20
blttopp#branch                     1.98141e-20
bokaerr#branch                               0
bokerr#branch                                0
bokexp#branch                                0
boknside#branch                              0
bokconf#branch                               0
bokcode#branch                               0
bokcmp#branch                                0
boktopn#branch                     5.58581e-21
boktopp#branch                     1.98141e-20
vtiecm#branch                     -1.82008e-28
vtiein#branch                     -1.82008e-28
vtiemode#branch                              0
vtiestart#branch                             0
vbadcm#branch                     -3.32989e-28
vbadin#branch                      3.43844e-29
vbadmode#branch                              0
vbadstart#branch                             0
vxlcm#branch                      -3.32989e-28
vxlin#branch                       3.43844e-29
vxlmode#branch                               0
vxlstart#branch                              0
vltcm#branch                      -3.32989e-28
vltin#branch                       3.43844e-29
vltmode#branch                               0
vltstart#branch                              0
vokcm#branch                      -3.32989e-28
vokin#branch                      -6.87687e-29
vokmode#branch                               0
vokstart#branch                              0
vclk#branch                                  0
a.xtie.a_gn#branch_1_0                       0
a.xtie.a_gn#branch_1_1                       0
a.xtie.a_gn#branch_1_2                       0
a.xtie.a_gn#branch_1_3                       0
a.xtie.a_gn#branch_1_4                       0
a.xtie.a_gn#branch_1_5                       0
a.xtie.a_gn#branch_1_6                       0
a.xtie.a_gn#branch_1_7                       0
a.xtie.a_gn#branch_1_8                       0
a.xtie.a_gn#branch_1_9                       0
a.xtie.a_gn#branch_1_10                      0
a.xtie.a_gn#branch_1_11                      0
a.xtie.a_gn#branch_1_12                      0
a.xtie.a_gn#branch_1_13                      0
a.xtie.a_gn#branch_1_14                      0
a.xtie.a_gn#branch_1_15                      0
a.xtie.a_gn#branch_1_16                      0
a.xtie.a_gn#branch_1_17                      0
a.xtie.a_gn#branch_1_18                      0
a.xtie.a_gn#branch_1_19                      0
a.xtie.a_gn#branch_1_20                      0
a.xtie.a_gn#branch_1_21                      0
a.xtie.a_gn#branch_1_22                      0
a.xtie.a_gn#branch_1_23                      0
a.xtie.a_gn#branch_1_24                      0
a.xtie.a_gn#branch_1_25                      0
a.xtie.a_gn#branch_1_26                      0
a.xtie.a_gn#branch_1_27                      0
a.xtie.a_gn#branch_1_28                      0
a.xtie.a_gn#branch_1_29                      0
a.xtie.a_gn#branch_1_30                      0
a.xtie.a_gn#branch_1_31                      0
a.xtie.a_gn#branch_1_32                      0
a.xtie.a_gn#branch_1_33                      0
a.xtie.a_gn#branch_1_34                      0
a.xtie.a_gn#branch_1_35                      0
a.xtie.a_gn#branch_1_36                      0
a.xtie.a_gn#branch_1_37                      0
a.xtie.a_gn#branch_1_38                      0
a.xtie.a_gn#branch_1_39                      0
a.xtie.a_gn#branch_1_40                      0
a.xtie.a_gn#branch_1_41                      0
a.xtie.a_gn#branch_1_42                      0
a.xtie.a_gn#branch_1_43                      0
a.xtie.a_gn#branch_1_44                      0
a.xtie.a_gn#branch_1_45                      0
a.xtie.a_gn#branch_1_46                      0
a.xtie.a_gn#branch_1_47                      0
a.xtie.a_gn#branch_1_48                      0
a.xtie.a_gn#branch_1_49                      0
a.xtie.a_gn#branch_1_50                      0
a.xtie.a_gn#branch_1_51                      0
a.xtie.a_gn#branch_1_52                      0
a.xtie.a_gn#branch_1_53                      0
a.xtie.a_dout#branch_1_0                     0
a.xtie.a_dout#branch_1_1                     0
a.xtie.a_dout#branch_1_2                     0
a.xtie.a_dout#branch_1_3                     0
a.xtie.a_dout#branch_1_4                     0
a.xtie.a_dout#branch_1_5                     0
a.xtie.a_dout#branch_1_6                     0
a.xtie.a_dout#branch_1_7                     0
a.xtie.a_dout#branch_1_8                     0
a.xtie.a_dout#branch_1_9                     0
a.xtie.a_dout#branch_1_10                    0
a.xtie.a_dout#branch_1_11                    0
a.xbad.a_gn#branch_1_0                       0
a.xbad.a_gn#branch_1_1                       0
a.xbad.a_gn#branch_1_2                       0
a.xbad.a_gn#branch_1_3                       0
a.xbad.a_gn#branch_1_4                       0
a.xbad.a_gn#branch_1_5                       0
a.xbad.a_gn#branch_1_6                       0
a.xbad.a_gn#branch_1_7                       0
a.xbad.a_gn#branch_1_8                       0
a.xbad.a_gn#branch_1_9                       0
a.xbad.a_gn#branch_1_10                      0
a.xbad.a_gn#branch_1_11                      0
a.xbad.a_gn#branch_1_12                      0
a.xbad.a_gn#branch_1_13                      0
a.xbad.a_gn#branch_1_14                      0
a.xbad.a_gn#branch_1_15                      0
a.xbad.a_gn#branch_1_16                      0
a.xbad.a_gn#branch_1_17                      0
a.xbad.a_gn#branch_1_18                      0
a.xbad.a_gn#branch_1_19                      0
a.xbad.a_gn#branch_1_20                      0
a.xbad.a_gn#branch_1_21                      0
a.xbad.a_gn#branch_1_22                      0
a.xbad.a_gn#branch_1_23                      0
a.xbad.a_gn#branch_1_24                      0
a.xbad.a_gn#branch_1_25                      0
a.xbad.a_gn#branch_1_26                      0
a.xbad.a_gn#branch_1_27                      0
a.xbad.a_gn#branch_1_28                      0
a.xbad.a_gn#branch_1_29                      0
a.xbad.a_gn#branch_1_30                      0
a.xbad.a_gn#branch_1_31                      0
a.xbad.a_gn#branch_1_32                      0
a.xbad.a_gn#branch_1_33                      0
a.xbad.a_gn#branch_1_34                      0
a.xbad.a_gn#branch_1_35                      0
a.xbad.a_gn#branch_1_36                      0
a.xbad.a_gn#branch_1_37                      0
a.xbad.a_gn#branch_1_38                      0
a.xbad.a_gn#branch_1_39                      0
a.xbad.a_gn#branch_1_40                      0
a.xbad.a_gn#branch_1_41                      0
a.xbad.a_gn#branch_1_42                      0
a.xbad.a_gn#branch_1_43                      0
a.xbad.a_gn#branch_1_44                      0
a.xbad.a_gn#branch_1_45                      0
a.xbad.a_gn#branch_1_46                      0
a.xbad.a_gn#branch_1_47                      0
a.xbad.a_gn#branch_1_48                      0
a.xbad.a_gn#branch_1_49                      0
a.xbad.a_gn#branch_1_50                      0
a.xbad.a_gn#branch_1_51                      0
a.xbad.a_gn#branch_1_52                      0
a.xbad.a_gn#branch_1_53                      0
a.xbad.a_dout#branch_1_0                     0
a.xbad.a_dout#branch_1_1                     0
a.xbad.a_dout#branch_1_2                     0
a.xbad.a_dout#branch_1_3                     0
a.xbad.a_dout#branch_1_4                     0
a.xbad.a_dout#branch_1_5                     0
a.xbad.a_dout#branch_1_6                     0
a.xbad.a_dout#branch_1_7                     0
a.xbad.a_dout#branch_1_8                     0
a.xbad.a_dout#branch_1_9                     0
a.xbad.a_dout#branch_1_10                    0
a.xbad.a_dout#branch_1_11                    0
a.xxl.a_gn#branch_1_0                        0
a.xxl.a_gn#branch_1_1                        0
a.xxl.a_gn#branch_1_2                        0
a.xxl.a_gn#branch_1_3                        0
a.xxl.a_gn#branch_1_4                        0
a.xxl.a_gn#branch_1_5                        0
a.xxl.a_gn#branch_1_6                        0
a.xxl.a_gn#branch_1_7                        0
a.xxl.a_gn#branch_1_8                        0
a.xxl.a_gn#branch_1_9                        0
a.xxl.a_gn#branch_1_10                       0
a.xxl.a_gn#branch_1_11                       0
a.xxl.a_gn#branch_1_12                       0
a.xxl.a_gn#branch_1_13                       0
a.xxl.a_gn#branch_1_14                       0
a.xxl.a_gn#branch_1_15                       0
a.xxl.a_gn#branch_1_16                       0
a.xxl.a_gn#branch_1_17                       0
a.xxl.a_gn#branch_1_18                       0
a.xxl.a_gn#branch_1_19                       0
a.xxl.a_gn#branch_1_20                       0
a.xxl.a_gn#branch_1_21                       0
a.xxl.a_gn#branch_1_22                       0
a.xxl.a_gn#branch_1_23                       0
a.xxl.a_gn#branch_1_24                       0
a.xxl.a_gn#branch_1_25                       0
a.xxl.a_gn#branch_1_26                       0
a.xxl.a_gn#branch_1_27                       0
a.xxl.a_gn#branch_1_28                       0
a.xxl.a_gn#branch_1_29                       0
a.xxl.a_gn#branch_1_30                       0
a.xxl.a_gn#branch_1_31                       0
a.xxl.a_gn#branch_1_32                       0
a.xxl.a_gn#branch_1_33                       0
a.xxl.a_gn#branch_1_34                       0
a.xxl.a_gn#branch_1_35                       0
a.xxl.a_gn#branch_1_36                       0
a.xxl.a_gn#branch_1_37                       0
a.xxl.a_gn#branch_1_38                       0
a.xxl.a_gn#branch_1_39                       0
a.xxl.a_gn#branch_1_40                       0
a.xxl.a_gn#branch_1_41                       0
a.xxl.a_gn#branch_1_42                       0
a.xxl.a_gn#branch_1_43                       0
a.xxl.a_gn#branch_1_44                       0
a.xxl.a_gn#branch_1_45                       0
a.xxl.a_gn#branch_1_46                       0
a.xxl.a_gn#branch_1_47                       0
a.xxl.a_gn#branch_1_48                       0
a.xxl.a_gn#branch_1_49                       0
a.xxl.a_gn#branch_1_50                       0
a.xxl.a_gn#branch_1_51                       0
a.xxl.a_gn#branch_1_52                       0
a.xxl.a_gn#branch_1_53                       0
a.xxl.a_dout#branch_1_0                      0
a.xxl.a_dout#branch_1_1                      0
a.xxl.a_dout#branch_1_2                      0
a.xxl.a_dout#branch_1_3                      0
a.xxl.a_dout#branch_1_4                      0
a.xxl.a_dout#branch_1_5                      0
a.xxl.a_dout#branch_1_6                      0
a.xxl.a_dout#branch_1_7                      0
a.xxl.a_dout#branch_1_8                      0
a.xxl.a_dout#branch_1_9                      0
a.xxl.a_dout#branch_1_10                     0
a.xxl.a_dout#branch_1_11                     0
a.xlt.a_gn#branch_1_0                        0
a.xlt.a_gn#branch_1_1                        0
a.xlt.a_gn#branch_1_2                        0
a.xlt.a_gn#branch_1_3                        0
a.xlt.a_gn#branch_1_4                        0
a.xlt.a_gn#branch_1_5                        0
a.xlt.a_gn#branch_1_6                        0
a.xlt.a_gn#branch_1_7                        0
a.xlt.a_gn#branch_1_8                        0
a.xlt.a_gn#branch_1_9                        0
a.xlt.a_gn#branch_1_10                       0
a.xlt.a_gn#branch_1_11                       0
a.xlt.a_gn#branch_1_12                       0
a.xlt.a_gn#branch_1_13                       0
a.xlt.a_gn#branch_1_14                       0
a.xlt.a_gn#branch_1_15                       0
a.xlt.a_gn#branch_1_16                       0
a.xlt.a_gn#branch_1_17                       0
a.xlt.a_gn#branch_1_18                       0
a.xlt.a_gn#branch_1_19                       0
a.xlt.a_gn#branch_1_20                       0
a.xlt.a_gn#branch_1_21                       0
a.xlt.a_gn#branch_1_22                       0
a.xlt.a_gn#branch_1_23                       0
a.xlt.a_gn#branch_1_24                       0
a.xlt.a_gn#branch_1_25                       0
a.xlt.a_gn#branch_1_26                       0
a.xlt.a_gn#branch_1_27                       0
a.xlt.a_gn#branch_1_28                       0
a.xlt.a_gn#branch_1_29                       0
a.xlt.a_gn#branch_1_30                       0
a.xlt.a_gn#branch_1_31                       0
a.xlt.a_gn#branch_1_32                       0
a.xlt.a_gn#branch_1_33                       0
a.xlt.a_gn#branch_1_34                       0
a.xlt.a_gn#branch_1_35                       0
a.xlt.a_gn#branch_1_36                       0
a.xlt.a_gn#branch_1_37                       0
a.xlt.a_gn#branch_1_38                       0
a.xlt.a_gn#branch_1_39                       0
a.xlt.a_gn#branch_1_40                       0
a.xlt.a_gn#branch_1_41                       0
a.xlt.a_gn#branch_1_42                       0
a.xlt.a_gn#branch_1_43                       0
a.xlt.a_gn#branch_1_44                       0
a.xlt.a_gn#branch_1_45                       0
a.xlt.a_gn#branch_1_46                       0
a.xlt.a_gn#branch_1_47                       0
a.xlt.a_gn#branch_1_48                       0
a.xlt.a_gn#branch_1_49                       0
a.xlt.a_gn#branch_1_50                       0
a.xlt.a_gn#branch_1_51                       0
a.xlt.a_gn#branch_1_52                       0
a.xlt.a_gn#branch_1_53                       0
a.xlt.a_dout#branch_1_0                      0
a.xlt.a_dout#branch_1_1                      0
a.xlt.a_dout#branch_1_2                      0
a.xlt.a_dout#branch_1_3                      0
a.xlt.a_dout#branch_1_4                      0
a.xlt.a_dout#branch_1_5                      0
a.xlt.a_dout#branch_1_6                      0
a.xlt.a_dout#branch_1_7                      0
a.xlt.a_dout#branch_1_8                      0
a.xlt.a_dout#branch_1_9                      0
a.xlt.a_dout#branch_1_10                     0
a.xlt.a_dout#branch_1_11                     0
a.xok.a_gn#branch_1_0                        0
a.xok.a_gn#branch_1_1                        0
a.xok.a_gn#branch_1_2                        0
a.xok.a_gn#branch_1_3                        0
a.xok.a_gn#branch_1_4                        0
a.xok.a_gn#branch_1_5                        0
a.xok.a_gn#branch_1_6                        0
a.xok.a_gn#branch_1_7                        0
a.xok.a_gn#branch_1_8                        0
a.xok.a_gn#branch_1_9                        0
a.xok.a_gn#branch_1_10                       0
a.xok.a_gn#branch_1_11                       0
a.xok.a_gn#branch_1_12                       0
a.xok.a_gn#branch_1_13                       0
a.xok.a_gn#branch_1_14                       0
a.xok.a_gn#branch_1_15                       0
a.xok.a_gn#branch_1_16                       0
a.xok.a_gn#branch_1_17                       0
a.xok.a_gn#branch_1_18                       0
a.xok.a_gn#branch_1_19                       0
a.xok.a_gn#branch_1_20                       0
a.xok.a_gn#branch_1_21                       0
a.xok.a_gn#branch_1_22                       0
a.xok.a_gn#branch_1_23                       0
a.xok.a_gn#branch_1_24                       0
a.xok.a_gn#branch_1_25                       0
a.xok.a_gn#branch_1_26                       0
a.xok.a_gn#branch_1_27                       0
a.xok.a_gn#branch_1_28                       0
a.xok.a_gn#branch_1_29                       0
a.xok.a_gn#branch_1_30                       0
a.xok.a_gn#branch_1_31                       0
a.xok.a_gn#branch_1_32                       0
a.xok.a_gn#branch_1_33                       0
a.xok.a_gn#branch_1_34                       0
a.xok.a_gn#branch_1_35                       0
a.xok.a_gn#branch_1_36                       0
a.xok.a_gn#branch_1_37                       0
a.xok.a_gn#branch_1_38                       0
a.xok.a_gn#branch_1_39                       0
a.xok.a_gn#branch_1_40                       0
a.xok.a_gn#branch_1_41                       0
a.xok.a_gn#branch_1_42                       0
a.xok.a_gn#branch_1_43                       0
a.xok.a_gn#branch_1_44                       0
a.xok.a_gn#branch_1_45                       0
a.xok.a_gn#branch_1_46                       0
a.xok.a_gn#branch_1_47                       0
a.xok.a_gn#branch_1_48                       0
a.xok.a_gn#branch_1_49                       0
a.xok.a_gn#branch_1_50                       0
a.xok.a_gn#branch_1_51                       0
a.xok.a_gn#branch_1_52                       0
a.xok.a_gn#branch_1_53                       0
a.xok.a_dout#branch_1_0                      0
a.xok.a_dout#branch_1_1                      0
a.xok.a_dout#branch_1_2                      0
a.xok.a_dout#branch_1_3                      0
a.xok.a_dout#branch_1_4                      0
a.xok.a_dout#branch_1_5                      0
a.xok.a_dout#branch_1_6                      0
a.xok.a_dout#branch_1_7                      0
a.xok.a_dout#branch_1_8                      0
a.xok.a_dout#branch_1_9                      0
a.xok.a_dout#branch_1_10                     0
a.xok.a_dout#branch_1_11                     0

 Reference value :  0.00000e+00
 Reference value :  2.50000e-07
 Reference value :  4.37530e-07
 Reference value :  6.87705e-07
 Reference value :  9.06499e-07
 Reference value :  1.09395e-06
 Reference value :  1.31482e-06
 Reference value :  1.56304e-06
 Reference value :  1.84392e-06
 Reference value :  2.06250e-06
 Reference value :  2.31482e-06
 Reference value :  2.56300e-06
 Reference value :  2.84385e-06
 Reference value :  3.00819e-06
 Reference value :  3.25853e-06
 Reference value :  3.53135e-06
 Reference value :  3.81300e-06
 Reference value :  4.00189e-06
 Reference value :  4.25012e-06
 Reference value :  4.43760e-06
 Reference value :  4.71886e-06
 Reference value :  4.99111e-06
 Reference value :  5.25251e-06
 Reference value :  5.53147e-06
 Reference value :  5.87506e-06
 Reference value :  6.12506e-06
 Reference value :  6.37507e-06
 Reference value :  6.62500e-06
 Reference value :  6.88363e-06
 Reference value :  7.14226e-06
 Reference value :  7.37901e-06
 Reference value :  7.65638e-06
 Reference value :  7.87727e-06
 Reference value :  8.09386e-06
 Reference value :  8.31439e-06
No. of Data Rows : 5923
aerr_ok             =  0.00000e+00 at=  8.50000e-06
aerr_lt             =  0.00000e+00 at=  8.50000e-06
aerr_xl             =  0.00000e+00 at=  8.50000e-06
aerr_bad            =  2.56000e+02 at=  6.00255e-06
dev_tie             =  1.00000e+00 at=  8.00255e-06
tie_a               =  1.94052e-06
tie_b               =  6.94052e-06
ok_a                =  1.94052e-06
ok_b                =  6.94052e-06
m_abs_err_delay_0ns = 0.0000000000e+00
m_abs_err_delay_40ns = 0.0000000000e+00
m_abs_err_delay_50ns = 0.0000000000e+00
m_abs_err_delay_70ns = 2.5600000000e+02
m_tie_code_deviation = 1.0000000000e+00
m_tie_conv_period_ns = 1.0000000000e+03
m_ok_conv_period_ns = 1.0000000000e+03
Note: Simulation executed from .control section 

Warning: m=xx on .subckt line will override multiplier m hierarchy!

