
Note: Compatibility modes selected: hs a


Circuit: * track-switch-sampling @ cap_ff_-40c_3.30v -- generated by sim/harness, do not edit

Doing analysis at TEMP = -40.000000 and TNOM = 27.000000

Using SPARSE 1.3 as Direct Linear Solver

Initial Transient Solution
--------------------------

Node                                   Voltage
----                                   -------
vdd                                        3.3
nclk                                         0
nclkb                                      3.3
nin_f00                                      0
nin_f25                                  0.825
nin_f50                                   1.65
nin_f75                                  2.475
nin_f100                                   3.3
nin_step                                     0
ni_tg1_f00                         2.25422e-09
no_tg1_f00                             1.64196
ni_tg1_f25                               0.825
no_tg1_f25                             1.64311
ni_tg1_f50                                1.65
no_tg1_f50                             1.64311
ni_tg1_f75                               2.475
no_tg1_f75                             1.64311
ni_tg1_f100                                3.3
no_tg1_f100                            1.64312
ni_tg4_f00                         4.05189e-09
no_tg4_f00                             1.63852
ni_tg4_f25                               0.825
no_tg4_f25                             1.64312
ni_tg4_f50                                1.65
no_tg4_f50                             1.64312
ni_tg4_f75                               2.475
no_tg4_f75                             1.64312
ni_tg4_f100                                3.3
no_tg4_f100                            1.64315
ni_tg4dum_f00                      4.05192e-09
no_tg4dum_f00                          1.64615
ni_tg4dum_f25                            0.825
no_tg4dum_f25                           1.6477
ni_tg4dum_f50                             1.65
no_tg4dum_f50                           1.6477
ni_tg4dum_f75                            2.475
no_tg4dum_f75                           1.6477
ni_tg4dum_f100                             3.3
no_tg4dum_f100                         1.64771
ni_s20_f00                         1.62077e-10
no_s20_f00                             1.64615
ni_s20_f25                               0.825
no_s20_f25                              1.6477
ni_s20_f50                                1.65
no_s20_f50                              1.6477
ni_s20_f75                               2.475
no_s20_f75                              1.6477
ni_s20_f100                                3.3
no_s20_f100                            1.64771
ni_s10_f00                         8.10385e-11
no_s10_f00                             1.64615
ni_s10_f100                                3.3
no_s10_f100                            1.64771
ni_s30_f00                         2.43115e-10
no_s30_f00                             1.64615
ni_s30_f100                                3.3
no_s30_f100                            1.64771
ni_s50_f00                         4.05192e-10
no_s50_f00                             1.64615
ni_s50_f100                                3.3
no_s50_f100                            1.64771
ni_s150_f00                        1.21558e-09
no_s150_f00                            1.64615
ni_s150_f100                               3.3
no_s150_f100                           1.64771
ni_d70_f00                         4.05192e-09
no_d70_f00                             1.64615
ni_d70_f100                                3.3
no_d70_f100                            1.64771
ni_d85_f00                         4.05192e-09
no_d85_f00                             1.64615
ni_d85_f25                               0.825
no_d85_f25                              1.6477
ni_d85_f50                                1.65
no_d85_f50                              1.6477
ni_d85_f75                               2.475
no_d85_f75                              1.6477
ni_d85_f100                                3.3
no_d85_f100                            1.64771
ni_cx100p_f00                      4.05192e-09
no_cx100p_f00                          1.64615
ni_cx100p_f100                             3.3
no_cx100p_f100                         1.64771
ni_cx1n_f00                        4.05192e-09
no_cx1n_f00                            1.64615
ni_cx1n_f100                               3.3
no_cx1n_f100                           1.64771
ni_cxopt_f00                       2.02596e-10
no_cxopt_f00                           1.64615
ni_cxopt_f25                             0.825
no_cxopt_f25                            1.6477
ni_cxopt_f50                              1.65
no_cxopt_f50                            1.6477
ni_cxopt_f75                             2.475
no_cxopt_f75                            1.6477
ni_cxopt_f100                              3.3
no_cxopt_f100                          1.64771
ni_cx100pl_f00                     2.02596e-10
no_cx100pl_f00                         1.64615
ni_cx100pl_f100                            3.3
no_cx100pl_f100                        1.64771
ni_cx1nl_f00                       2.02596e-10
no_cx1nl_f00                           1.64615
ni_cx1nl_f100                              3.3
no_cx1nl_f100                          1.64771
ni_cxopth_f00                      4.05192e-09
no_cxopth_f00                          1.64615
ni_cxopth_f25                            0.825
no_cxopth_f25                           1.6477
ni_cxopth_f50                             1.65
no_cxopth_f50                           1.6477
ni_cxopth_f75                            2.475
no_cxopth_f75                           1.6477
ni_cxopth_f100                             3.3
no_cxopth_f100                         1.64771
ni_cxoptl_f00                      8.10385e-12
no_cxoptl_f00                          1.64615
ni_cxoptl_f100                             3.3
no_cxoptl_f100                         1.64771
ni_tg1_step                        2.25422e-09
no_tg1_step                            1.64196
ni_cxopt_step                      2.02596e-10
no_cxopt_step                          1.64615
vin_step#branch                    1.26123e-11
vin_f100#branch                    -5.6382e-11
vin_f75#branch                      -1.155e-11
vin_f50#branch                     1.03996e-16
vin_f25#branch                     1.20508e-11
vin_f00#branch                      1.3417e-10
vclkb#branch                                 0
vclk#branch                                  0
vsup#branch                       -4.29795e-10

 Reference value :  0.00000e+00
 Reference value :  1.09550e-08
 Reference value :  5.13550e-08
 Reference value :  9.37550e-08
 Reference value :  1.36355e-07
 Reference value :  1.77355e-07
 Reference value :  2.19955e-07
 Reference value :  2.60955e-07
 Reference value :  3.00246e-07
 Reference value :  3.21035e-07
 Reference value :  3.52435e-07
 Reference value :  3.91235e-07
 Reference value :  4.32635e-07
 Reference value :  4.74035e-07
 Reference value :  5.15635e-07
 Reference value :  5.58035e-07
 Reference value :  6.00235e-07
 Reference value :  6.42435e-07
 Reference value :  6.85835e-07
 Reference value :  7.22582e-07
 Reference value :  7.65782e-07
 Reference value :  8.08982e-07
 Reference value :  8.49582e-07
 Reference value :  8.94982e-07
 Reference value :  9.36982e-07
 Reference value :  9.86782e-07
 Reference value :  1.00547e-06
 Reference value :  1.04727e-06
 Reference value :  1.09047e-06
 Reference value :  1.13127e-06
 Reference value :  1.17167e-06
 Reference value :  1.21147e-06
 Reference value :  1.25087e-06
 Reference value :  1.29607e-06
 Reference value :  1.31419e-06
 Reference value :  1.34579e-06
 Reference value :  1.39259e-06
 Reference value :  1.43859e-06
 Reference value :  1.48559e-06
 Reference value :  1.53179e-06
 Reference value :  1.57399e-06
 Reference value :  1.61479e-06
 Reference value :  1.65499e-06
 Reference value :  1.69459e-06
 Reference value :  1.73619e-06
 Reference value :  1.77699e-06
 Reference value :  1.81799e-06
 Reference value :  1.85919e-06
 Reference value :  1.90019e-06
 Reference value :  1.94059e-06
 Reference value :  1.98019e-06
No. of Data Rows : 10285
vddm                =  3.30000e+00
pre_tg1_f00         =  3.73346e-09
post_tg1_f00        =  -2.61040e-03
end_tg1_f00         =  -2.61004e-03
pre_tg1_f25         =  8.25000e-01
post_tg1_f25        =  8.23433e-01
end_tg1_f25         =  8.23433e-01
pre_tg1_f50         =  1.65000e+00
post_tg1_f50        =  1.65075e+00
end_tg1_f50         =  1.65075e+00
pre_tg1_f75         =  2.47500e+00
post_tg1_f75        =  2.47842e+00
end_tg1_f75         =  2.47842e+00
pre_tg1_f100        =  3.30000e+00
post_tg1_f100       =  3.30616e+00
end_tg1_f100        =  3.30616e+00
pre_tg4_f00         =  3.41578e-09
post_tg4_f00        =  -1.12228e-02
end_tg4_f00         =  -1.12221e-02
pre_tg4_f25         =  8.25000e-01
post_tg4_f25        =  8.18139e-01
end_tg4_f25         =  8.18139e-01
pre_tg4_f50         =  1.65000e+00
post_tg4_f50        =  1.65338e+00
end_tg4_f50         =  1.65338e+00
pre_tg4_f75         =  2.47500e+00
post_tg4_f75        =  2.49048e+00
end_tg4_f75         =  2.49048e+00
pre_tg4_f100        =  3.30000e+00
post_tg4_f100       =  3.32724e+00
end_tg4_f100        =  3.32724e+00
pre_tg4dum_f00      =  9.48251e-09
post_tg4dum_f00     =  -4.76715e-03
end_tg4dum_f00      =  -4.76597e-03
pre_tg4dum_f25      =  8.25000e-01
post_tg4dum_f25     =  8.22366e-01
end_tg4dum_f25      =  8.22367e-01
pre_tg4dum_f50      =  1.65000e+00
post_tg4dum_f50     =  1.65148e+00
end_tg4dum_f50      =  1.65148e+00
pre_tg4dum_f75      =  2.47500e+00
post_tg4dum_f75     =  2.48049e+00
end_tg4dum_f75      =  2.48049e+00
pre_tg4dum_f100     =  3.30000e+00
post_tg4dum_f100    =  3.31097e+00
end_tg4dum_f100     =  3.31097e+00
acq_tg1             =  3.30000e+00
pre_s20_f00         =  8.30730e-10
post_s20_f00        =  -1.53136e-04
end_s20_f00         =  -1.51971e-04
pre_s20_f25         =  8.25000e-01
post_s20_f25        =  8.25155e-01
pre_s20_f50         =  1.65000e+00
post_s20_f50        =  1.65018e+00
pre_s20_f75         =  2.47500e+00
post_s20_f75        =  2.47497e+00
pre_s20_f100        =  3.30000e+00
post_s20_f100       =  3.29999e+00
end_s20_f100        =  3.29999e+00
pre_s10_f00         =  6.50485e-10
post_s10_f00        =  3.61872e-04
pre_s10_f100        =  3.30000e+00
post_s10_f100       =  3.29890e+00
pre_s30_f00         =  1.01098e-09
post_s30_f00        =  -5.94385e-04
pre_s30_f100        =  3.30000e+00
post_s30_f100       =  3.30093e+00
pre_s50_f00         =  1.37147e-09
post_s50_f00        =  -1.30445e-03
pre_s50_f100        =  3.30000e+00
post_s50_f100       =  3.30247e+00
pre_s150_f00        =  3.17392e-09
post_s150_f00       =  -3.14884e-03
pre_s150_f100       =  3.30000e+00
post_s150_f100      =  3.30675e+00
pre_d70_f00         =  1.05006e-08
post_d70_f00        =  -2.22150e-03
pre_d70_f100        =  3.30000e+00
post_d70_f100       =  3.30460e+00
pre_d85_f00         =  1.12641e-08
post_d85_f00        =  -3.25755e-04
end_d85_f00         =  -3.24599e-04
pre_d85_f25         =  8.25000e-01
post_d85_f25        =  8.25270e-01
pre_d85_f50         =  1.65000e+00
post_d85_f50        =  1.65019e+00
pre_d85_f75         =  2.47500e+00
post_d85_f75        =  2.47368e+00
pre_d85_f100        =  3.30000e+00
post_d85_f100       =  3.29987e+00
end_d85_f100        =  3.29987e+00
pre_cx100p_f00      =  2.35265e-06
post_cx100p_f00     =  6.98798e-04
pre_cx100p_f100     =  3.29999e+00
post_cx100p_f100    =  3.29809e+00
pre_cx1n_f00        =  1.04979e-03
post_cx1n_f00       =  1.98562e-03
pre_cx1n_f100       =  3.29890e+00
post_cx1n_f100      =  3.29658e+00
pre_cxopt_f00       =  1.33178e-09
post_cxopt_f00      =  3.38833e-04
end_cxopt_f00       =  3.39997e-04
pre_cxopt_f25       =  8.25000e-01
post_cxopt_f25      =  8.25396e-01
pre_cxopt_f50       =  1.65000e+00
post_cxopt_f50      =  1.65003e+00
pre_cxopt_f75       =  2.47500e+00
post_cxopt_f75      =  2.47509e+00
pre_cxopt_f100      =  3.30000e+00
post_cxopt_f100     =  3.29942e+00
end_cxopt_f100      =  3.29942e+00
pre_cx100pl_f00     =  9.20853e-10
post_cx100pl_f00    =  7.19747e-04
pre_cx100pl_f100    =  3.30000e+00
post_cx100pl_f100   =  3.29806e+00
pre_cx1nl_f00       =  1.35226e-09
post_cx1nl_f00      =  9.36472e-04
pre_cx1nl_f100      =  3.30000e+00
post_cx1nl_f100     =  3.29768e+00
pre_cxoptl_f00      =  4.68553e-10
post_cxoptl_f00     =  3.44513e-04
pre_cxoptl_f100     =  3.30000e+00
post_cxoptl_f100    =  3.29941e+00
pre_cxopth_f00      =  1.04936e-03
post_cxopth_f00     =  1.38719e-03
end_cxopth_f00      =  1.38834e-03
pre_cxopth_f25      =  8.25530e-01
post_cxopth_f25     =  8.25925e-01
pre_cxopth_f50      =  1.64999e+00
post_cxopth_f50     =  1.65002e+00
pre_cxopth_f75      =  2.47444e+00
post_cxopth_f75     =  2.47453e+00
pre_cxopth_f100     =  3.29890e+00
post_cxopth_f100    =  3.29832e+00
end_cxopth_f100     =  3.29832e+00
acq_cxopt           =  3.30000e+00
m_ped_tg1_f00_mv = -2.610407733e+00
m_ped_tg1_f25_mv = -1.567300000e+00
m_ped_tg1_f50_mv = 7.4800000000e-01
m_ped_tg1_f75_mv = 3.4210000000e+00
m_ped_tg1_f100_mv = 6.1630000000e+00
m_gain_tg1_lsb = 2.7224150058e+00
m_nl_tg1_lsb = 3.5692426082e-01
m_nldiff_tg1_lsb = 1.8667710317e-01
m_droop_tg1_f00_uv = 3.6400000000e-01
m_droop_tg1_f100_uv = 0.0000000000e+00
m_ped_tg4_f00_mv = -1.122277342e+01
m_ped_tg4_f25_mv = -6.861000000e+00
m_ped_tg4_f50_mv = 3.3840000000e+00
m_ped_tg4_f75_mv = 1.5482000000e+01
m_ped_tg4_f100_mv = 2.7239000000e+01
m_gain_tg4_lsb = 1.1934804842e+01
m_nl_tg4_lsb = 1.6302297020e+00
m_nldiff_tg4_lsb = 9.6569818519e-01
m_droop_tg4_f00_uv = 6.7000000000e-01
m_droop_tg4_f100_uv = 0.0000000000e+00
m_ped_tg4dum_f00_mv = -4.767158483e+00
m_ped_tg4dum_f25_mv = -2.633900000e+00
m_ped_tg4dum_f50_mv = 1.4850000000e+00
m_ped_tg4dum_f75_mv = 5.4850000000e+00
m_ped_tg4dum_f100_mv = 1.0970000000e+01
m_gain_tg4dum_lsb = 4.8832879655e+00
m_nl_tg4dum_lsb = 5.5886541983e-01
m_nldiff_tg4dum_lsb = 7.7675289987e-02
m_droop_tg4dum_f00_uv = 1.1750000000e+00
m_droop_tg4dum_f100_uv = -1.000000000e+00
m_acqerr_tg1_lsb = 0.0000000000e+00
m_gain_s20_lsb = 4.4726033293e-02
m_ped_s20_f00_mv = -1.531366307e-01
m_ped_s20_f25_mv = 1.5490000000e-01
m_ped_s20_f50_mv = 1.7500000000e-01
m_ped_s20_f75_mv = -2.800000000e-02
m_ped_s20_f100_mv = -9.000000000e-03
m_nl_s20_lsb = 8.4403191637e-02
m_nldiff_s20_lsb = 7.9117440889e-02
m_droop_s20_f00_uv = 1.1648000000e+00
m_droop_s20_f100_uv = -9.999999997e-01
m_gain_s10_lsb = -4.520715945e-01
m_gain_s30_lsb = 4.7364204947e-01
m_gain_s50_lsb = 1.1724646001e+00
m_gain_s150_lsb = 3.0713301097e+00
m_gain_d70_lsb = 2.1154954087e+00
m_gain_d85_lsb = 5.9505621839e-02
m_ped_d85_f00_mv = -3.257661641e-01
m_ped_d85_f25_mv = 2.6960000000e-01
m_ped_d85_f50_mv = 1.9400000000e-01
m_ped_d85_f75_mv = -1.317000000e+00
m_ped_d85_f100_mv = -1.340000000e-01
m_nl_d85_lsb = 3.5221207939e-01
m_nldiff_d85_lsb = 5.2207959880e-01
m_droop_d85_f00_uv = 1.1564000000e+00
m_droop_d85_f100_uv = -1.000000000e+00
m_gain_cx100p_lsb = -8.069261355e-01
m_gain_cx1n_lsb = -1.009674240e+00
m_ped_cxopt_f00_mv = 3.3883146822e-01
m_ped_cxopt_f25_mv = 3.9570000000e-01
m_ped_cxopt_f50_mv = 2.5000000000e-02
m_ped_cxopt_f75_mv = 8.7000000000e-02
m_ped_cxopt_f100_mv = -5.810000000e-01
m_gain_cxopt_lsb = -2.854264920e-01
m_nl_cxopt_lsb = 1.3592580125e-01
m_nldiff_cxopt_lsb = 4.6922700524e-02
m_droop_cxopt_f00_uv = 1.1639000000e+00
m_droop_cxopt_f100_uv = -9.999999997e-01
m_gain_cx100pl_lsb = -8.253273923e-01
m_gain_cx1nl_lsb = -1.010182531e+00
m_gain_cxoptl_lsb = -2.896718294e-01
m_ped_cxopth_f00_mv = 3.3783400000e-01
m_ped_cxopth_f25_mv = 3.9470000000e-01
m_ped_cxopth_f50_mv = 2.6000000000e-02
m_ped_cxopth_f75_mv = 8.9000000000e-02
m_ped_cxopth_f100_mv = -5.800000000e-01
m_gain_cxopth_lsb = -2.848066715e-01
m_nl_cxopth_lsb = 1.3639105939e-01
m_nldiff_cxopth_lsb = 4.7543699394e-02
m_droop_cxopth_f00_uv = 1.1510000000e+00
m_droop_cxopth_f100_uv = -1.000000000e+00
m_acqerr_cxopt_lsb = 0.0000000000e+00
Note: Simulation executed from .control section 

Warning: m=xx on .subckt line will override multiplier m hierarchy!

