
Note: Compatibility modes selected: hs a


Circuit: * track-switch-sampling @ sf_-40c_2.97v -- generated by sim/harness, do not edit

Doing analysis at TEMP = -40.000000 and TNOM = 27.000000

Using SPARSE 1.3 as Direct Linear Solver

Initial Transient Solution
--------------------------

Node                                   Voltage
----                                   -------
vdd                                       2.97
nclk                                         0
nclkb                                     2.97
nin_f00                                      0
nin_f25                                 0.7425
nin_f50                                  1.485
nin_f75                                 2.2275
nin_f100                                  2.97
nin_step                                     0
ni_tg1_f00                         1.70166e-09
no_tg1_f00                             1.47873
ni_tg1_f25                              0.7425
no_tg1_f25                              1.4788
ni_tg1_f50                               1.485
no_tg1_f50                              1.4788
ni_tg1_f75                              2.2275
no_tg1_f75                              1.4788
ni_tg1_f100                               2.97
no_tg1_f100                            1.47895
ni_tg4_f00                         2.33648e-09
no_tg4_f00                             1.47853
ni_tg4_f25                              0.7425
no_tg4_f25                              1.4788
ni_tg4_f50                               1.485
no_tg4_f50                              1.4788
ni_tg4_f75                              2.2275
no_tg4_f75                              1.4788
ni_tg4_f100                               2.97
no_tg4_f100                            1.47938
ni_tg4dum_f00                      2.33648e-09
no_tg4dum_f00                          1.48284
ni_tg4dum_f25                           0.7425
no_tg4dum_f25                          1.48293
ni_tg4dum_f50                            1.485
no_tg4dum_f50                          1.48293
ni_tg4dum_f75                           2.2275
no_tg4dum_f75                          1.48293
ni_tg4dum_f100                            2.97
no_tg4dum_f100                         1.48312
ni_s20_f00                         9.34591e-11
no_s20_f00                             1.48284
ni_s20_f25                              0.7425
no_s20_f25                             1.48293
ni_s20_f50                               1.485
no_s20_f50                             1.48293
ni_s20_f75                              2.2275
no_s20_f75                             1.48293
ni_s20_f100                               2.97
no_s20_f100                            1.48312
ni_s10_f00                         4.67295e-11
no_s10_f00                             1.48284
ni_s10_f100                               2.97
no_s10_f100                            1.48312
ni_s30_f00                         1.40189e-10
no_s30_f00                             1.48284
ni_s30_f100                               2.97
no_s30_f100                            1.48312
ni_s50_f00                         2.33648e-10
no_s50_f00                             1.48284
ni_s50_f100                               2.97
no_s50_f100                            1.48312
ni_s150_f00                        7.00943e-10
no_s150_f00                            1.48284
ni_s150_f100                              2.97
no_s150_f100                           1.48312
ni_d70_f00                         2.33648e-09
no_d70_f00                             1.48284
ni_d70_f100                               2.97
no_d70_f100                            1.48312
ni_d85_f00                         2.33648e-09
no_d85_f00                             1.48284
ni_d85_f25                              0.7425
no_d85_f25                             1.48293
ni_d85_f50                               1.485
no_d85_f50                             1.48293
ni_d85_f75                              2.2275
no_d85_f75                             1.48293
ni_d85_f100                               2.97
no_d85_f100                            1.48312
ni_cx100p_f00                      2.33648e-09
no_cx100p_f00                          1.48284
ni_cx100p_f100                            2.97
no_cx100p_f100                         1.48312
ni_cx1n_f00                        2.33648e-09
no_cx1n_f00                            1.48284
ni_cx1n_f100                              2.97
no_cx1n_f100                           1.48312
ni_cxopt_f00                       1.16824e-10
no_cxopt_f00                           1.48284
ni_cxopt_f25                            0.7425
no_cxopt_f25                           1.48293
ni_cxopt_f50                             1.485
no_cxopt_f50                           1.48293
ni_cxopt_f75                            2.2275
no_cxopt_f75                           1.48293
ni_cxopt_f100                             2.97
no_cxopt_f100                          1.48312
ni_cx100pl_f00                     1.16824e-10
no_cx100pl_f00                         1.48284
ni_cx100pl_f100                           2.97
no_cx100pl_f100                        1.48312
ni_cx1nl_f00                       1.16824e-10
no_cx1nl_f00                           1.48284
ni_cx1nl_f100                             2.97
no_cx1nl_f100                          1.48312
ni_cxopth_f00                      2.33648e-09
no_cxopth_f00                          1.48284
ni_cxopth_f25                           0.7425
no_cxopth_f25                          1.48293
ni_cxopth_f50                            1.485
no_cxopth_f50                          1.48293
ni_cxopth_f75                           2.2275
no_cxopth_f75                          1.48293
ni_cxopth_f100                            2.97
no_cxopth_f100                         1.48312
ni_cxoptl_f00                      4.67295e-12
no_cxoptl_f00                          1.48284
ni_cxoptl_f100                            2.97
no_cxoptl_f100                         1.48312
ni_tg1_step                        1.70166e-09
no_tg1_step                            1.47873
ni_cxopt_step                      1.16824e-10
no_cxopt_step                          1.48284
vin_step#branch                    8.07627e-12
vin_f100#branch                   -5.06839e-11
vin_f75#branch                     -1.0395e-11
vin_f50#branch                    -5.74603e-18
vin_f25#branch                     1.05157e-11
vin_f00#branch                     7.81706e-11
vclkb#branch                                 0
vclk#branch                                  0
vsup#branch                       -3.40858e-10

 Reference value :  0.00000e+00
 Reference value :  2.25187e-08
 Reference value :  6.87187e-08
 Reference value :  1.15119e-07
 Reference value :  1.55319e-07
 Reference value :  1.97319e-07
 Reference value :  2.38719e-07
 Reference value :  2.78519e-07
 Reference value :  3.01635e-07
 Reference value :  3.30035e-07
 Reference value :  3.71035e-07
 Reference value :  4.12035e-07
 Reference value :  4.53435e-07
 Reference value :  4.95435e-07
 Reference value :  5.35635e-07
 Reference value :  5.77435e-07
 Reference value :  6.18835e-07
 Reference value :  6.59235e-07
 Reference value :  6.99000e-07
 Reference value :  7.32633e-07
 Reference value :  7.73433e-07
 Reference value :  8.14633e-07
 Reference value :  8.54633e-07
 Reference value :  8.95633e-07
 Reference value :  9.38433e-07
 Reference value :  9.82033e-07
 Reference value :  1.00265e-06
 Reference value :  1.04355e-06
 Reference value :  1.08455e-06
 Reference value :  1.12495e-06
 Reference value :  1.16515e-06
 Reference value :  1.20815e-06
 Reference value :  1.24915e-06
 Reference value :  1.28955e-06
 Reference value :  1.30933e-06
 Reference value :  1.34953e-06
 Reference value :  1.39133e-06
 Reference value :  1.43193e-06
 Reference value :  1.47313e-06
 Reference value :  1.51373e-06
 Reference value :  1.55433e-06
 Reference value :  1.59673e-06
 Reference value :  1.64113e-06
 Reference value :  1.69173e-06
 Reference value :  1.73173e-06
 Reference value :  1.77133e-06
 Reference value :  1.81093e-06
 Reference value :  1.85093e-06
 Reference value :  1.89533e-06
 Reference value :  1.93873e-06
 Reference value :  1.97893e-06
No. of Data Rows : 10265
vddm                =  2.97000e+00
pre_tg1_f00         =  3.39709e-09
post_tg1_f00        =  -2.16509e-03
end_tg1_f00         =  -2.16485e-03
pre_tg1_f25         =  7.42500e-01
post_tg1_f25        =  7.41219e-01
end_tg1_f25         =  7.41219e-01
pre_tg1_f50         =  1.48500e+00
post_tg1_f50        =  1.48554e+00
end_tg1_f50         =  1.48554e+00
pre_tg1_f75         =  2.22750e+00
post_tg1_f75        =  2.23021e+00
end_tg1_f75         =  2.23021e+00
pre_tg1_f100        =  2.97000e+00
post_tg1_f100       =  2.97490e+00
end_tg1_f100        =  2.97490e+00
pre_tg4_f00         =  3.08414e-09
post_tg4_f00        =  -9.40604e-03
end_tg4_f00         =  -9.40569e-03
pre_tg4_f25         =  7.42500e-01
post_tg4_f25        =  7.36847e-01
end_tg4_f25         =  7.36847e-01
pre_tg4_f50         =  1.48500e+00
post_tg4_f50        =  1.48742e+00
end_tg4_f50         =  1.48742e+00
pre_tg4_f75         =  2.22750e+00
post_tg4_f75        =  2.23980e+00
end_tg4_f75         =  2.23980e+00
pre_tg4_f100        =  2.97000e+00
post_tg4_f100       =  2.99171e+00
end_tg4_f100        =  2.99170e+00
pre_tg4dum_f00      =  7.17783e-09
post_tg4dum_f00     =  -3.88278e-03
end_tg4dum_f00      =  -3.88202e-03
pre_tg4dum_f25      =  7.42500e-01
post_tg4dum_f25     =  7.40449e-01
end_tg4dum_f25      =  7.40449e-01
pre_tg4dum_f50      =  1.48500e+00
post_tg4dum_f50     =  1.48590e+00
end_tg4dum_f50      =  1.48590e+00
pre_tg4dum_f75      =  2.22750e+00
post_tg4dum_f75     =  2.23195e+00
end_tg4dum_f75      =  2.23195e+00
pre_tg4dum_f100     =  2.97000e+00
post_tg4dum_f100    =  2.97880e+00
end_tg4dum_f100     =  2.97880e+00
acq_tg1             =  2.97000e+00
pre_s20_f00         =  6.43822e-10
post_s20_f00        =  -1.14752e-04
end_s20_f00         =  -1.13993e-04
pre_s20_f25         =  7.42500e-01
post_s20_f25        =  7.42465e-01
pre_s20_f50         =  1.48500e+00
post_s20_f50        =  1.48513e+00
pre_s20_f75         =  2.22750e+00
post_s20_f75        =  2.22753e+00
pre_s20_f100        =  2.97000e+00
post_s20_f100       =  2.97017e+00
end_s20_f100        =  2.97017e+00
pre_s10_f00         =  5.07697e-10
post_s10_f00        =  3.23663e-04
pre_s10_f100        =  2.97000e+00
post_s10_f100       =  2.96929e+00
pre_s30_f00         =  7.79948e-10
post_s30_f00        =  -4.84217e-04
pre_s30_f100        =  2.97000e+00
post_s30_f100       =  2.97093e+00
pre_s50_f00         =  1.05220e-09
post_s50_f00        =  -1.07047e-03
pre_s50_f100        =  2.97000e+00
post_s50_f100       =  2.97217e+00
pre_s150_f00        =  2.41345e-09
post_s150_f00       =  -2.56921e-03
pre_s150_f100       =  2.97000e+00
post_s150_f100      =  2.97553e+00
pre_d70_f00         =  7.53995e-09
post_d70_f00        =  -1.70164e-03
pre_d70_f100        =  2.97000e+00
post_d70_f100       =  2.97374e+00
pre_d85_f00         =  7.81153e-09
post_d85_f00        =  -7.65621e-05
end_d85_f00         =  -7.58087e-05
pre_d85_f25         =  7.42500e-01
post_d85_f25        =  7.42929e-01
pre_d85_f50         =  1.48500e+00
post_d85_f50        =  1.48487e+00
pre_d85_f75         =  2.22750e+00
post_d85_f75        =  2.22659e+00
pre_d85_f100        =  2.97000e+00
post_d85_f100       =  2.96998e+00
end_d85_f100        =  2.96998e+00
pre_cx100p_f00      =  2.34284e-06
post_cx100p_f00     =  6.51108e-04
pre_cx100p_f100     =  2.96999e+00
post_cx100p_f100    =  2.96862e+00
pre_cx1n_f00        =  1.05034e-03
post_cx1n_f00       =  1.87866e-03
pre_cx1n_f100       =  2.96891e+00
post_cx1n_f100      =  2.96720e+00
pre_cxopt_f00       =  1.11991e-09
post_cxopt_f00      =  2.60217e-04
end_cxopt_f00       =  2.60976e-04
pre_cxopt_f25       =  7.42500e-01
post_cxopt_f25      =  7.42551e-01
pre_cxopt_f50       =  1.48500e+00
post_cxopt_f50      =  1.48511e+00
pre_cxopt_f75       =  2.22750e+00
post_cxopt_f75      =  2.22759e+00
pre_cxopt_f100      =  2.97000e+00
post_cxopt_f100     =  2.96968e+00
end_cxopt_f100      =  2.96968e+00
pre_cx100pl_f00     =  7.11885e-10
post_cx100pl_f00    =  6.64490e-04
pre_cx100pl_f100    =  2.97000e+00
post_cx100pl_f100   =  2.96859e+00
pre_cx1nl_f00       =  1.12386e-09
post_cx1nl_f00      =  8.29554e-04
pre_cx1nl_f100      =  2.97000e+00
post_cx1nl_f100     =  2.96829e+00
pre_cxoptl_f00      =  3.77581e-10
post_cxoptl_f00     =  2.64036e-04
pre_cxoptl_f100     =  2.97000e+00
post_cxoptl_f100    =  2.96968e+00
pre_cxopth_f00      =  1.04972e-03
post_cxopth_f00     =  1.30856e-03
end_cxopth_f00      =  1.30931e-03
pre_cxopth_f25      =  7.43029e-01
post_cxopth_f25     =  7.43079e-01
pre_cxopth_f50      =  1.48499e+00
post_cxopth_f50     =  1.48510e+00
pre_cxopth_f75      =  2.22695e+00
post_cxopth_f75     =  2.22704e+00
pre_cxopth_f100     =  2.96891e+00
post_cxopth_f100    =  2.96859e+00
end_cxopth_f100     =  2.96859e+00
acq_cxopt           =  2.97000e+00
m_ped_tg1_f00_mv = -2.165098397e+00
m_ped_tg1_f25_mv = -1.280600000e+00
m_ped_tg1_f50_mv = 5.3800000000e-01
m_ped_tg1_f75_mv = 2.7080000000e+00
m_ped_tg1_f100_mv = 4.8980000000e+00
m_gain_tg1_lsb = 2.4352231510e+00
m_nl_tg1_lsb = 3.0384741786e-01
m_nldiff_tg1_lsb = 1.5758249855e-01
m_droop_tg1_f00_uv = 2.4800000000e-01
m_droop_tg1_f100_uv = 0.0000000000e+00
m_ped_tg4_f00_mv = -9.406039084e+00
m_ped_tg4_f25_mv = -5.652800000e+00
m_ped_tg4_f50_mv = 2.4190000000e+00
m_ped_tg4_f75_mv = 1.2298000000e+01
m_ped_tg4_f100_mv = 2.1705000000e+01
m_gain_tg4_lsb = 1.0726499671e+01
m_nl_tg4_lsb = 1.3875788496e+00
m_nldiff_tg4_lsb = 8.2584753836e-01
m_droop_tg4_f00_uv = 3.4300000000e-01
m_droop_tg4_f100_uv = 0.0000000000e+00
m_ped_tg4dum_f00_mv = -3.882786178e+00
m_ped_tg4dum_f25_mv = -2.050800000e+00
m_ped_tg4dum_f50_mv = 8.9900000000e-01
m_ped_tg4dum_f75_mv = 4.4470000000e+00
m_ped_tg4dum_f100_mv = 8.8040000000e+00
m_gain_tg4dum_lsb = 4.3741646620e+00
m_nl_tg4dum_lsb = 5.3841261850e-01
m_nldiff_tg4dum_lsb = 5.3236591566e-02
m_droop_tg4dum_f00_uv = 7.6300000000e-01
m_droop_tg4dum_f100_uv = 0.0000000000e+00
m_acqerr_tg1_lsb = 0.0000000000e+00
m_gain_s20_lsb = 9.9556501574e-02
m_ped_s20_f00_mv = -1.147527438e-01
m_ped_s20_f25_mv = -3.530000000e-02
m_ped_s20_f50_mv = 1.2700000000e-01
m_ped_s20_f75_mv = 3.0000000000e-02
m_ped_s20_f100_mv = 1.7400000000e-01
m_nl_s20_lsb = 3.3573536982e-02
m_nldiff_s20_lsb = 2.7264042033e-02
m_droop_s20_f00_uv = 7.5870000000e-01
m_droop_s20_f100_uv = 0.0000000000e+00
m_gain_s10_lsb = -3.556976372e-01
m_gain_s30_lsb = 4.8828504952e-01
m_gain_s50_lsb = 1.1155304476e+00
m_gain_s150_lsb = 2.7931466691e+00
m_gain_d70_lsb = 1.8765222495e+00
m_gain_d85_lsb = 1.9504242307e-02
m_ped_d85_f00_mv = -7.656992153e-02
m_ped_d85_f25_mv = 4.2860000000e-01
m_ped_d85_f50_mv = -1.340000000e-01
m_ped_d85_f75_mv = -9.120000000e-01
m_ped_d85_f100_mv = -2.000000000e-02
m_nl_d85_lsb = 3.0266872057e-01
m_nldiff_d85_lsb = 4.7196572385e-01
m_droop_d85_f00_uv = 7.5341000000e-01
m_droop_d85_f100_uv = -1.000000000e+00
m_gain_cx100p_lsb = -6.984454927e-01
m_gain_cx1n_lsb = -8.755100013e-01
m_ped_cxopt_f00_mv = 2.6021628009e-01
m_ped_cxopt_f25_mv = 5.0800000000e-02
m_ped_cxopt_f50_mv = 1.1100000000e-01
m_ped_cxopt_f75_mv = 9.5000000000e-02
m_ped_cxopt_f100_mv = -3.180000000e-01
m_gain_cxopt_lsb = -1.993580710e-01
m_nl_cxopt_lsb = 9.2555095050e-02
m_nldiff_cxopt_lsb = 1.1491836209e-01
m_droop_cxopt_f00_uv = 7.5840000000e-01
m_droop_cxopt_f100_uv = 0.0000000000e+00
m_gain_cx100pl_lsb = -7.135209548e-01
m_gain_cx1nl_lsb = -8.762794412e-01
m_gain_cxoptl_lsb = -2.027436985e-01
m_ped_cxopth_f00_mv = 2.5883400000e-01
m_ped_cxopth_f25_mv = 5.0000000000e-02
m_ped_cxopth_f50_mv = 1.1000000000e-01
m_ped_cxopth_f75_mv = 9.6000000000e-02
m_ped_cxopth_f100_mv = -3.160000000e-01
m_gain_cxopth_lsb = -1.981919246e-01
m_nl_cxopth_lsb = 9.2501850505e-02
m_nldiff_cxopth_lsb = 1.1495589495e-01
m_droop_cxopth_f00_uv = 7.5200000000e-01
m_droop_cxopth_f100_uv = -1.000000000e+00
m_acqerr_cxopt_lsb = 0.0000000000e+00
Note: Simulation executed from .control section 

Warning: m=xx on .subckt line will override multiplier m hierarchy!

