
Note: Compatibility modes selected: hs a


Circuit: * track-switch-sampling @ ff_125c_3.63v -- generated by sim/harness, do not edit

Doing analysis at TEMP = 125.000000 and TNOM = 27.000000

Using SPARSE 1.3 as Direct Linear Solver

Initial Transient Solution
--------------------------

Node                                   Voltage
----                                   -------
vdd                                       3.63
nclk                                         0
nclkb                                     3.63
nin_f00                                      0
nin_f25                                 0.9075
nin_f50                                  1.815
nin_f75                                 2.7225
nin_f100                                  3.63
nin_step                                     0
ni_tg1_f00                         9.74447e-09
no_tg1_f00                         0.000213972
ni_tg1_f25                              0.9075
no_tg1_f25                             1.80751
ni_tg1_f50                               1.815
no_tg1_f50                             1.80751
ni_tg1_f75                              2.7225
no_tg1_f75                             1.80751
ni_tg1_f100                               3.63
no_tg1_f100                            3.62975
ni_tg4_f00                         2.80517e-08
no_tg4_f00                         0.000153763
ni_tg4_f25                              0.9075
no_tg4_f25                             1.80772
ni_tg4_f50                               1.815
no_tg4_f50                             1.80772
ni_tg4_f75                              2.7225
no_tg4_f75                             1.80772
ni_tg4_f100                               3.63
no_tg4_f100                            3.62994
ni_tg4dum_f00                      3.16898e-08
no_tg4dum_f00                      0.000193714
ni_tg4dum_f25                           0.9075
no_tg4dum_f25                          1.81256
ni_tg4dum_f50                            1.815
no_tg4dum_f50                          1.81256
ni_tg4dum_f75                           2.7225
no_tg4dum_f75                          1.81256
ni_tg4dum_f100                            3.63
no_tg4dum_f100                         3.62981
ni_tg1_step                        9.74447e-09
no_tg1_step                        0.000213972
vin_step#branch                    1.94889e-11
vin_f100#branch                     -2.989e-11
vin_f75#branch                    -5.44517e-12
vin_f50#branch                     1.15126e-15
vin_f25#branch                     7.04577e-12
vin_f00#branch                     1.38972e-10
vclkb#branch                                 0
vclk#branch                                  0
vsup#branch                       -2.03935e-10

 Reference value :  0.00000e+00
 Reference value :  1.96861e-07
 Reference value :  4.02931e-07
 Reference value :  6.28131e-07
 Reference value :  8.30523e-07
 Reference value :  1.03728e-06
 Reference value :  1.24888e-06
 Reference value :  1.44638e-06
 Reference value :  1.65018e-06
 Reference value :  1.87718e-06
No. of Data Rows : 10211
vddm                =  3.63000e+00
pre_tg1_f00         =  4.28183e-09
post_tg1_f00        =  -2.89488e-03
end_tg1_f00         =  -2.88292e-03
pre_tg1_f25         =  9.07500e-01
post_tg1_f25        =  9.05872e-01
end_tg1_f25         =  9.05872e-01
pre_tg1_f50         =  1.81500e+00
post_tg1_f50        =  1.81641e+00
end_tg1_f50         =  1.81641e+00
pre_tg1_f75         =  2.72250e+00
post_tg1_f75        =  2.72683e+00
end_tg1_f75         =  2.72683e+00
pre_tg1_f100        =  3.63000e+00
post_tg1_f100       =  3.63739e+00
end_tg1_f100        =  3.63738e+00
pre_tg4_f00         =  3.80042e-09
post_tg4_f00        =  -1.26495e-02
end_tg4_f00         =  -1.24169e-02
pre_tg4_f25         =  9.07500e-01
post_tg4_f25        =  9.00196e-01
end_tg4_f25         =  9.00196e-01
pre_tg4_f50         =  1.81500e+00
post_tg4_f50        =  1.82137e+00
end_tg4_f50         =  1.82137e+00
pre_tg4_f75         =  2.72250e+00
post_tg4_f75        =  2.74226e+00
end_tg4_f75         =  2.74226e+00
pre_tg4_f100        =  3.63000e+00
post_tg4_f100       =  3.66288e+00
end_tg4_f100        =  3.66260e+00
pre_tg4dum_f00      =  2.10477e-08
post_tg4dum_f00     =  -5.39042e-03
end_tg4dum_f00      =  -5.30245e-03
pre_tg4dum_f25      =  9.07500e-01
post_tg4dum_f25     =  9.04758e-01
end_tg4dum_f25      =  9.04759e-01
pre_tg4dum_f50      =  1.81500e+00
post_tg4dum_f50     =  1.81758e+00
end_tg4dum_f50      =  1.81758e+00
pre_tg4dum_f75      =  2.72250e+00
post_tg4dum_f75     =  2.72958e+00
end_tg4dum_f75      =  2.72958e+00
pre_tg4dum_f100     =  3.63000e+00
post_tg4dum_f100    =  3.64351e+00
end_tg4dum_f100     =  3.64343e+00
acq_tg1             =  3.63000e+00
m_ped_tg1_f00_mv = -2.894883282e+00
m_ped_tg1_f25_mv = -1.628200000e+00
m_ped_tg1_f50_mv = 1.4140000000e+00
m_ped_tg1_f75_mv = 4.3270000000e+00
m_ped_tg1_f100_mv = 7.3860000000e+00
m_gain_tg1_lsb = 2.9001720332e+00
m_nl_tg1_lsb = 3.6771968032e-01
m_nldiff_tg1_lsb = 2.2983817072e-01
m_droop_tg1_f00_uv = 1.1960000000e+01
m_droop_tg1_f100_uv = -1.100000000e+01
m_ped_tg4_f00_mv = -1.264953380e+01
m_ped_tg4_f25_mv = -7.304300000e+00
m_ped_tg4_f50_mv = 6.3740000000e+00
m_ped_tg4_f75_mv = 1.9761000000e+01
m_ped_tg4_f100_mv = 3.2884000000e+01
m_gain_tg4_lsb = 1.2844721381e+01
m_nl_tg4_lsb = 1.7033237579e+00
m_nldiff_tg4_lsb = 1.2125889516e+00
m_droop_tg4_f00_uv = 2.3262000000e+02
m_droop_tg4_f100_uv = -2.840000000e+02
m_ped_tg4dum_f00_mv = -5.390439048e+00
m_ped_tg4dum_f25_mv = -2.741800000e+00
m_ped_tg4dum_f50_mv = 2.5800000000e+00
m_ped_tg4dum_f75_mv = 7.0850000000e+00
m_ped_tg4dum_f100_mv = 1.3514000000e+01
m_gain_tg4dum_lsb = 5.3328224751e+00
m_nl_tg4dum_lsb = 5.8604132546e-01
m_nldiff_tg4dum_lsb = 1.0566677895e-01
m_droop_tg4dum_f00_uv = 8.7973000000e+01
m_droop_tg4dum_f100_uv = -8.200000000e+01
m_acqerr_tg1_lsb = 0.0000000000e+00
Note: Simulation executed from .control section 

Warning: m=xx on .subckt line will override multiplier m hierarchy!

