
Note: Compatibility modes selected: hs a


Circuit: * track-switch-sampling @ ff_27c_3.30v -- generated by sim/harness, do not edit

Doing analysis at TEMP = 27.000000 and TNOM = 27.000000

Using SPARSE 1.3 as Direct Linear Solver

Initial Transient Solution
--------------------------

Node                                   Voltage
----                                   -------
vdd                                        3.3
nclk                                         0
nclkb                                      3.3
nin_f00                                      0
nin_f25                                  0.825
nin_f50                                   1.65
nin_f75                                  2.475
nin_f100                                   3.3
nin_step                                     0
ni_tg1_f00                         5.25303e-09
no_tg1_f00                           0.0388623
ni_tg1_f25                               0.825
no_tg1_f25                             1.64313
ni_tg1_f50                                1.65
no_tg1_f50                             1.64313
ni_tg1_f75                               2.475
no_tg1_f75                             1.64313
ni_tg1_f100                                3.3
no_tg1_f100                            2.22967
ni_tg4_f00                         1.15401e-08
no_tg4_f00                           0.0165236
ni_tg4_f25                               0.825
no_tg4_f25                             1.64315
ni_tg4_f50                                1.65
no_tg4_f50                             1.64315
ni_tg4_f75                               2.475
no_tg4_f75                             1.64315
ni_tg4_f100                                3.3
no_tg4_f100                            3.11017
ni_tg4dum_f00                       1.4584e-08
no_tg4dum_f00                        0.0297788
ni_tg4dum_f25                            0.825
no_tg4dum_f25                          1.64771
ni_tg4dum_f50                             1.65
no_tg4dum_f50                          1.64771
ni_tg4dum_f75                            2.475
no_tg4dum_f75                          1.64771
ni_tg4dum_f100                             3.3
no_tg4dum_f100                         2.37696
ni_tg1_step                        5.25303e-09
no_tg1_step                          0.0388623
vin_step#branch                    1.05061e-11
vin_f100#branch                   -1.84799e-11
vin_f75#branch                       -4.95e-12
vin_f50#branch                      1.2482e-16
vin_f25#branch                      5.3335e-12
vin_f00#branch                     6.27541e-11
vclkb#branch                                 0
vclk#branch                                  0
vsup#branch                       -1.17851e-10

 Reference value :  6.35028e-08
 Reference value :  3.02406e-07
 Reference value :  5.33006e-07
 Reference value :  7.41659e-07
 Reference value :  9.74059e-07
 Reference value :  1.17262e-06
 Reference value :  1.36601e-06
 Reference value :  1.59021e-06
 Reference value :  1.81961e-06
No. of Data Rows : 10210
vddm                =  3.30000e+00
pre_tg1_f00         =  3.78885e-09
post_tg1_f00        =  -2.61146e-03
end_tg1_f00         =  -2.61097e-03
pre_tg1_f25         =  8.25000e-01
post_tg1_f25        =  8.23413e-01
end_tg1_f25         =  8.23413e-01
pre_tg1_f50         =  1.65000e+00
post_tg1_f50        =  1.65110e+00
end_tg1_f50         =  1.65110e+00
pre_tg1_f75         =  2.47500e+00
post_tg1_f75        =  2.47878e+00
end_tg1_f75         =  2.47878e+00
pre_tg1_f100        =  3.30000e+00
post_tg1_f100       =  3.30654e+00
end_tg1_f100        =  3.30654e+00
pre_tg4_f00         =  3.42970e-09
post_tg4_f00        =  -1.12927e-02
end_tg4_f00         =  -1.12908e-02
pre_tg4_f25         =  8.25000e-01
post_tg4_f25        =  8.17997e-01
end_tg4_f25         =  8.17997e-01
pre_tg4_f50         =  1.65000e+00
post_tg4_f50        =  1.65494e+00
end_tg4_f50         =  1.65494e+00
pre_tg4_f75         =  2.47500e+00
post_tg4_f75        =  2.49216e+00
end_tg4_f75         =  2.49216e+00
pre_tg4_f100        =  3.30000e+00
post_tg4_f100       =  3.32896e+00
end_tg4_f100        =  3.32896e+00
pre_tg4dum_f00      =  1.15319e-08
post_tg4dum_f00     =  -4.82870e-03
end_tg4dum_f00      =  -4.82687e-03
pre_tg4dum_f25      =  8.25000e-01
post_tg4dum_f25     =  8.22313e-01
end_tg4dum_f25      =  8.22314e-01
pre_tg4dum_f50      =  1.65000e+00
post_tg4dum_f50     =  1.65205e+00
end_tg4dum_f50      =  1.65205e+00
pre_tg4dum_f75      =  2.47500e+00
post_tg4dum_f75     =  2.48117e+00
end_tg4dum_f75      =  2.48117e+00
pre_tg4dum_f100     =  3.30000e+00
post_tg4dum_f100    =  3.31184e+00
end_tg4dum_f100     =  3.31184e+00
acq_tg1             =  3.30000e+00
m_ped_tg1_f00_mv = -2.611463789e+00
m_ped_tg1_f25_mv = -1.587500000e+00
m_ped_tg1_f50_mv = 1.1000000000e+00
m_ped_tg1_f75_mv = 3.7810000000e+00
m_ped_tg1_f100_mv = 6.5410000000e+00
m_gain_tg1_lsb = 2.8400372484e+00
m_nl_tg1_lsb = 3.9227024550e-01
m_nldiff_tg1_lsb = 2.4584319397e-01
m_droop_tg1_f00_uv = 4.8500000000e-01
m_droop_tg1_f100_uv = -1.000000000e+00
m_ped_tg4_f00_mv = -1.129271343e+01
m_ped_tg4_f25_mv = -7.003500000e+00
m_ped_tg4_f50_mv = 4.9350000000e+00
m_ped_tg4_f75_mv = 1.7159000000e+01
m_ped_tg4_f100_mv = 2.8960000000e+01
m_gain_tg4_lsb = 1.2490538955e+01
m_nl_tg4_lsb = 1.7916788139e+00
m_nldiff_tg4_lsb = 1.2524274921e+00
m_droop_tg4_f00_uv = 1.9500000000e+00
m_droop_tg4_f100_uv = -1.000000000e+00
m_ped_tg4dum_f00_mv = -4.828708532e+00
m_ped_tg4dum_f25_mv = -2.686900000e+00
m_ped_tg4dum_f50_mv = 2.0540000000e+00
m_ped_tg4dum_f75_mv = 6.1660000000e+00
m_ped_tg4dum_f100_mv = 1.1845000000e+01
m_gain_tg4dum_lsb = 5.1739022838e+00
m_nl_tg4dum_lsb = 6.2886589318e-01
m_nldiff_tg4dum_lsb = 1.6013055505e-01
m_droop_tg4dum_f00_uv = 1.8250000000e+00
m_droop_tg4dum_f100_uv = -1.000000000e+00
m_acqerr_tg1_lsb = 0.0000000000e+00
Note: Simulation executed from .control section 

Warning: m=xx on .subckt line will override multiplier m hierarchy!

