
Note: Compatibility modes selected: hs a


Circuit: * track-switch-sampling @ mim_ff_-40c_3.63v -- generated by sim/harness, do not edit

Doing analysis at TEMP = -40.000000 and TNOM = 27.000000

Using SPARSE 1.3 as Direct Linear Solver

Initial Transient Solution
--------------------------

Node                                   Voltage
----                                   -------
vdd                                       3.63
nclk                                         0
nclkb                                     3.63
nin_f00                                      0
nin_f25                                 0.9075
nin_f50                                  1.815
nin_f75                                 2.7225
nin_f100                                  3.63
nin_step                                     0
ni_tg1_f00                         3.62727e-09
no_tg1_f00                             1.80608
ni_tg1_f25                              0.9075
no_tg1_f25                             1.80745
ni_tg1_f50                               1.815
no_tg1_f50                             1.80745
ni_tg1_f75                              2.7225
no_tg1_f75                             1.80745
ni_tg1_f100                               3.63
no_tg1_f100                            1.80745
ni_tg4_f00                         9.04907e-09
no_tg4_f00                             1.80206
ni_tg4_f25                              0.9075
no_tg4_f25                             1.80752
ni_tg4_f50                               1.815
no_tg4_f50                             1.80752
ni_tg4_f75                              2.7225
no_tg4_f75                             1.80752
ni_tg4_f100                               3.63
no_tg4_f100                            1.80756
ni_tg4dum_f00                      9.04912e-09
no_tg4dum_f00                          1.81065
ni_tg4dum_f25                           0.9075
no_tg4dum_f25                           1.8125
ni_tg4dum_f50                            1.815
no_tg4dum_f50                           1.8125
ni_tg4dum_f75                           2.7225
no_tg4dum_f75                           1.8125
ni_tg4dum_f100                            3.63
no_tg4dum_f100                         1.81251
ni_tg1_step                        3.62727e-09
no_tg1_step                            1.80608
vin_step#branch                    7.25454e-12
vin_f100#branch                   -1.10649e-11
vin_f75#branch                    -5.44505e-12
vin_f50#branch                     4.12392e-16
vin_f25#branch                     6.24914e-12
vin_f00#branch                     4.34509e-11
vclkb#branch                                 0
vclk#branch                                  0
vsup#branch                       -1.15494e-10

 Reference value :  6.84536e-10
 Reference value :  2.36644e-07
 Reference value :  4.40557e-07
 Reference value :  6.87357e-07
 Reference value :  9.14865e-07
 Reference value :  1.14238e-06
 Reference value :  1.37517e-06
 Reference value :  1.63277e-06
 Reference value :  1.88517e-06
No. of Data Rows : 10227
vddm                =  3.63000e+00
pre_tg1_f00         =  4.09297e-09
post_tg1_f00        =  -2.95084e-03
end_tg1_f00         =  -2.95025e-03
pre_tg1_f25         =  9.07500e-01
post_tg1_f25        =  9.05698e-01
end_tg1_f25         =  9.05698e-01
pre_tg1_f50         =  1.81500e+00
post_tg1_f50        =  1.81597e+00
end_tg1_f50         =  1.81597e+00
pre_tg1_f75         =  2.72250e+00
post_tg1_f75        =  2.72647e+00
end_tg1_f75         =  2.72647e+00
pre_tg1_f100        =  3.63000e+00
post_tg1_f100       =  3.63701e+00
end_tg1_f100        =  3.63701e+00
pre_tg4_f00         =  3.75315e-09
post_tg4_f00        =  -1.26461e-02
end_tg4_f00         =  -1.26446e-02
pre_tg4_f25         =  9.07500e-01
post_tg4_f25        =  8.99640e-01
end_tg4_f25         =  8.99640e-01
pre_tg4_f50         =  1.81500e+00
post_tg4_f50        =  1.81933e+00
end_tg4_f50         =  1.81933e+00
pre_tg4_f75         =  2.72250e+00
post_tg4_f75        =  2.74040e+00
end_tg4_f75         =  2.74040e+00
pre_tg4_f100        =  3.63000e+00
post_tg4_f100       =  3.66085e+00
end_tg4_f100        =  3.66085e+00
pre_tg4dum_f00      =  1.52921e-08
post_tg4dum_f00     =  -5.43729e-03
end_tg4dum_f00      =  -5.43526e-03
pre_tg4dum_f25      =  9.07500e-01
post_tg4dum_f25     =  9.04434e-01
end_tg4dum_f25      =  9.04435e-01
pre_tg4dum_f50      =  1.81500e+00
post_tg4dum_f50     =  1.81692e+00
end_tg4dum_f50      =  1.81692e+00
pre_tg4dum_f75      =  2.72250e+00
post_tg4dum_f75     =  2.72899e+00
end_tg4dum_f75      =  2.72899e+00
pre_tg4dum_f100     =  3.63000e+00
post_tg4dum_f100    =  3.64264e+00
end_tg4dum_f100     =  3.64263e+00
acq_tg1             =  3.63000e+00
m_ped_tg1_f00_mv = -2.950843093e+00
m_ped_tg1_f25_mv = -1.802000000e+00
m_ped_tg1_f50_mv = 9.6900000000e-01
m_ped_tg1_f75_mv = 3.9690000000e+00
m_ped_tg1_f100_mv = 7.0120000000e+00
m_gain_tg1_lsb = 2.8104549111e+00
m_nl_tg1_lsb = 3.7853237041e-01
m_nldiff_tg1_lsb = 2.2273507890e-01
m_droop_tg1_f00_uv = 5.8600000000e-01
m_droop_tg1_f100_uv = 0.0000000000e+00
m_ped_tg4_f00_mv = -1.264611375e+01
m_ped_tg4_f25_mv = -7.859900000e+00
m_ped_tg4_f50_mv = 4.3330000000e+00
m_ped_tg4_f75_mv = 1.7898000000e+01
m_ped_tg4_f100_mv = 3.0851000000e+01
m_gain_tg4_lsb = 1.2270260188e+01
m_nl_tg4_lsb = 1.7174044732e+00
m_nldiff_tg4_lsb = 1.1310102916e+00
m_droop_tg4_f00_uv = 1.5000000000e+00
m_droop_tg4_f100_uv = 0.0000000000e+00
m_ped_tg4dum_f00_mv = -5.437303292e+00
m_ped_tg4dum_f25_mv = -3.065600000e+00
m_ped_tg4dum_f50_mv = 1.9190000000e+00
m_ped_tg4dum_f75_mv = 6.4900000000e+00
m_ped_tg4dum_f100_mv = 1.2635000000e+01
m_gain_tg4dum_lsb = 5.0980822510e+00
m_nl_tg4dum_lsb = 6.0547809136e-01
m_nldiff_tg4dum_lsb = 1.4653308937e-01
m_droop_tg4dum_f00_uv = 2.0300000000e+00
m_droop_tg4dum_f100_uv = -9.999999997e-01
m_acqerr_tg1_lsb = 0.0000000000e+00
Note: Simulation executed from .control section 

Warning: m=xx on .subckt line will override multiplier m hierarchy!

