
Note: Compatibility modes selected: hs a


Circuit: * track-switch-sampling @ sf_27c_2.97v -- generated by sim/harness, do not edit

Doing analysis at TEMP = 27.000000 and TNOM = 27.000000

Using SPARSE 1.3 as Direct Linear Solver

Initial Transient Solution
--------------------------

Node                                   Voltage
----                                   -------
vdd                                       2.97
nclk                                         0
nclkb                                     2.97
nin_f00                                      0
nin_f25                                 0.7425
nin_f50                                  1.485
nin_f75                                 2.2275
nin_f100                                  2.97
nin_step                                     0
ni_tg1_f00                         1.80997e-09
no_tg1_f00                             1.37088
ni_tg1_f25                              0.7425
no_tg1_f25                             1.47881
ni_tg1_f50                               1.485
no_tg1_f50                             1.47881
ni_tg1_f75                              2.2275
no_tg1_f75                             1.47881
ni_tg1_f100                               2.97
no_tg1_f100                            1.76808
ni_tg4_f00                         2.69185e-09
no_tg4_f00                             1.12486
ni_tg4_f25                              0.7425
no_tg4_f25                             1.47881
ni_tg4_f50                               1.485
no_tg4_f50                             1.47881
ni_tg4_f75                              2.2275
no_tg4_f75                             1.47881
ni_tg4_f100                               2.97
no_tg4_f100                            2.34952
ni_tg4dum_f00                      2.76124e-09
no_tg4dum_f00                          1.34145
ni_tg4dum_f25                           0.7425
no_tg4dum_f25                          1.48293
ni_tg4dum_f50                            1.485
no_tg4dum_f50                          1.48293
ni_tg4dum_f75                           2.2275
no_tg4dum_f75                          1.48293
ni_tg4dum_f100                            2.97
no_tg4dum_f100                         1.85399
ni_tg1_step                        1.80997e-09
no_tg1_step                            1.37088
vin_step#branch                    3.61994e-12
vin_f100#branch                   -1.34996e-11
vin_f75#branch                      -4.455e-12
vin_f50#branch                     4.66231e-18
vin_f25#branch                     4.49843e-12
vin_f00#branch                     1.45261e-11
vclkb#branch                                 0
vclk#branch                                  0
vsup#branch                       -6.73403e-11

 Reference value :  0.00000e+00
 Reference value :  1.95220e-07
 Reference value :  4.04212e-07
 Reference value :  6.23012e-07
 Reference value :  8.43286e-07
 Reference value :  1.05473e-06
 Reference value :  1.27213e-06
 Reference value :  1.47236e-06
 Reference value :  1.68176e-06
 Reference value :  1.93516e-06
No. of Data Rows : 10210
vddm                =  2.97000e+00
pre_tg1_f00         =  3.49686e-09
post_tg1_f00        =  -2.14596e-03
end_tg1_f00         =  -2.14571e-03
pre_tg1_f25         =  7.42500e-01
post_tg1_f25        =  7.41230e-01
end_tg1_f25         =  7.41230e-01
pre_tg1_f50         =  1.48500e+00
post_tg1_f50        =  1.48560e+00
end_tg1_f50         =  1.48560e+00
pre_tg1_f75         =  2.22750e+00
post_tg1_f75        =  2.23025e+00
end_tg1_f75         =  2.23025e+00
pre_tg1_f100        =  2.97000e+00
post_tg1_f100       =  2.97491e+00
end_tg1_f100        =  2.97491e+00
pre_tg4_f00         =  3.10904e-09
post_tg4_f00        =  -9.44716e-03
end_tg4_f00         =  -9.44681e-03
pre_tg4_f25         =  7.42500e-01
post_tg4_f25        =  7.36814e-01
end_tg4_f25         =  7.36814e-01
pre_tg4_f50         =  1.48500e+00
post_tg4_f50        =  1.48774e+00
end_tg4_f50         =  1.48774e+00
pre_tg4_f75         =  2.22750e+00
post_tg4_f75        =  2.24008e+00
end_tg4_f75         =  2.24008e+00
pre_tg4_f100        =  2.97000e+00
post_tg4_f100       =  2.99195e+00
end_tg4_f100        =  2.99195e+00
pre_tg4dum_f00      =  7.26666e-09
post_tg4dum_f00     =  -3.84169e-03
end_tg4dum_f00      =  -3.84093e-03
pre_tg4dum_f25      =  7.42500e-01
post_tg4dum_f25     =  7.40495e-01
end_tg4dum_f25      =  7.40495e-01
pre_tg4dum_f50      =  1.48500e+00
post_tg4dum_f50     =  1.48600e+00
end_tg4dum_f50      =  1.48600e+00
pre_tg4dum_f75      =  2.22750e+00
post_tg4dum_f75     =  2.23195e+00
end_tg4dum_f75      =  2.23194e+00
pre_tg4dum_f100     =  2.97000e+00
post_tg4dum_f100    =  2.97880e+00
end_tg4dum_f100     =  2.97880e+00
acq_tg1             =  2.97000e+00
m_ped_tg1_f00_mv = -2.145960497e+00
m_ped_tg1_f25_mv = -1.270500000e+00
m_ped_tg1_f50_mv = 6.0300000000e-01
m_ped_tg1_f75_mv = 2.7450000000e+00
m_ped_tg1_f100_mv = 4.9050000000e+00
m_gain_tg1_lsb = 2.4310382319e+00
m_nl_tg1_lsb = 3.0591728566e-01
m_nldiff_tg1_lsb = 1.6894957091e-01
m_droop_tg1_f00_uv = 2.4700000000e-01
m_droop_tg1_f100_uv = 0.0000000000e+00
m_ped_tg4_f00_mv = -9.447166109e+00
m_ped_tg4_f25_mv = -5.686100000e+00
m_ped_tg4_f50_mv = 2.7430000000e+00
m_ped_tg4_f75_mv = 1.2577000000e+01
m_ped_tg4_f100_mv = 2.1952000000e+01
m_gain_tg4_lsb = 1.0825840436e+01
m_nl_tg4_lsb = 1.4097154304e+00
m_nldiff_tg4_lsb = 8.8385230713e-01
m_droop_tg4_f00_uv = 3.5000000000e-01
m_droop_tg4_f100_uv = -1.000000000e+00
m_ped_tg4dum_f00_mv = -3.841700267e+00
m_ped_tg4dum_f25_mv = -2.005000000e+00
m_ped_tg4dum_f50_mv = 9.9900000000e-01
m_ped_tg4dum_f75_mv = 4.4450000000e+00
m_ped_tg4dum_f100_mv = 8.8020000000e+00
m_gain_tg4dum_lsb = 4.3593094522e+00
m_nl_tg4dum_lsb = 5.1067254662e-01
m_nldiff_tg4dum_lsb = 4.4183657734e-02
m_droop_tg4dum_f00_uv = 7.6300000000e-01
m_droop_tg4dum_f100_uv = 0.0000000000e+00
m_acqerr_tg1_lsb = 0.0000000000e+00
Note: Simulation executed from .control section 

Warning: m=xx on .subckt line will override multiplier m hierarchy!

