
Note: No compatibility mode selected!


Circuit: * adc-enob-fft @ ff_125c_3.63v -- generated by sim/harness, do not edit

Reducing trtol to 1 for xspice 'A' devices
Doing analysis at TEMP = 125.000000 and TNOM = 27.000000

Using SPARSE 1.3 as Direct Linear Solver

Initial Transient Solution
--------------------------

Node                                   Voltage
----                                   -------
clk                                          0
cmpclk                                       0
cmpclkb                                   3.63
vddt                                      3.63
vddd                                      3.63
vddc                                      3.63
vrefs                                     3.63
vrefn                                     3.63
vcmn                                     1.815
se_vinp                                  1.815
se_vinn                                  1.815
se_start                                     0
se_mode                                      0
se_cmp                                 1.47265
se_samp_tp_n                                 0
se_sel_in_n                                  0
se_drdy                                   3.63
se_c9                                        0
se_c8                                        0
se_c7                                        0
se_c6                                        0
se_c5                                        0
se_c4                                        0
se_c3                                        0
se_c2                                        0
se_c1                                        0
se_c0                                        0
se_rel_n_256p                             3.63
se_sel_hi_n_256p                             0
se_sel_lo_n_256p                             0
se_rel_n_128p                             3.63
se_sel_hi_n_128p                             0
se_sel_lo_n_128p                             0
se_rel_n_64p                              3.63
se_sel_hi_n_64p                              0
se_sel_lo_n_64p                              0
se_rel_n_32p                              3.63
se_sel_hi_n_32p                              0
se_sel_lo_n_32p                              0
se_rel_n_16p                              3.63
se_sel_hi_n_16p                              0
se_sel_lo_n_16p                              0
se_rel_n_8p                               3.63
se_sel_hi_n_8p                               0
se_sel_lo_n_8p                               0
se_rel_n_4p                               3.63
se_sel_hi_n_4p                               0
se_sel_lo_n_4p                               0
se_rel_n_2p                               3.63
se_sel_hi_n_2p                               0
se_sel_lo_n_2p                               0
se_rel_n_1p                               3.63
se_sel_hi_n_1p                               0
se_sel_lo_n_1p                               0
se_rel_n_256n                             3.63
se_sel_hi_n_256n                             0
se_sel_lo_n_256n                             0
se_rel_n_128n                             3.63
se_sel_hi_n_128n                             0
se_sel_lo_n_128n                             0
se_rel_n_64n                              3.63
se_sel_hi_n_64n                              0
se_sel_lo_n_64n                              0
se_rel_n_32n                              3.63
se_sel_hi_n_32n                              0
se_sel_lo_n_32n                              0
se_rel_n_16n                              3.63
se_sel_hi_n_16n                              0
se_sel_lo_n_16n                              0
se_rel_n_8n                               3.63
se_sel_hi_n_8n                               0
se_sel_lo_n_8n                               0
se_rel_n_4n                               3.63
se_sel_hi_n_4n                               0
se_sel_lo_n_4n                               0
se_rel_n_2n                               3.63
se_sel_hi_n_2n                               0
se_sel_lo_n_2n                               0
se_rel_n_1n                               3.63
se_sel_hi_n_1n                               0
se_sel_lo_n_1n                               0
se_pinp                                  1.815
se_pinn                                  1.815
xsetswp.gp                                3.63
se_topp                                1.81506
xsetswn.gp                                3.63
se_topn                                1.81506
xsearrp.x256.bp                          1.815
xsearrp.x256.gp_in                        3.63
xsearrp.x256.gp_rel                8.41398e-08
xsearrp.x256.gp_hi                        3.63
xsearrp.x256.gp_lo                        3.63
xsearrp.x128.bp                          1.815
xsearrp.x128.gp_in                        3.63
xsearrp.x128.gp_rel                8.41398e-08
xsearrp.x128.gp_hi                        3.63
xsearrp.x128.gp_lo                        3.63
xsearrp.x64.bp                           1.815
xsearrp.x64.gp_in                         3.63
xsearrp.x64.gp_rel                 8.41398e-08
xsearrp.x64.gp_hi                         3.63
xsearrp.x64.gp_lo                         3.63
xsearrp.x32.bp                           1.815
xsearrp.x32.gp_in                         3.63
xsearrp.x32.gp_rel                 8.41398e-08
xsearrp.x32.gp_hi                         3.63
xsearrp.x32.gp_lo                         3.63
xsearrp.x16.bp                           1.815
xsearrp.x16.gp_in                         3.63
xsearrp.x16.gp_rel                 8.41398e-08
xsearrp.x16.gp_hi                         3.63
xsearrp.x16.gp_lo                         3.63
xsearrp.x8.bp                            1.815
xsearrp.x8.gp_in                          3.63
xsearrp.x8.gp_rel                  8.41398e-08
xsearrp.x8.gp_hi                          3.63
xsearrp.x8.gp_lo                          3.63
xsearrp.x4.bp                            1.815
xsearrp.x4.gp_in                          3.63
xsearrp.x4.gp_rel                  8.41398e-08
xsearrp.x4.gp_hi                          3.63
xsearrp.x4.gp_lo                          3.63
xsearrp.x2.bp                            1.815
xsearrp.x2.gp_in                          3.63
xsearrp.x2.gp_rel                  8.41398e-08
xsearrp.x2.gp_hi                          3.63
xsearrp.x2.gp_lo                          3.63
xsearrp.x1.bp                            1.815
xsearrp.x1.gp_in                          3.63
xsearrp.x1.gp_rel                  8.41398e-08
xsearrp.x1.gp_hi                          3.63
xsearrp.x1.gp_lo                          3.63
xsearrn.x256.bp                          1.815
xsearrn.x256.gp_in                        3.63
xsearrn.x256.gp_rel                8.41398e-08
xsearrn.x256.gp_hi                        3.63
xsearrn.x256.gp_lo                        3.63
xsearrn.x128.bp                          1.815
xsearrn.x128.gp_in                        3.63
xsearrn.x128.gp_rel                8.41398e-08
xsearrn.x128.gp_hi                        3.63
xsearrn.x128.gp_lo                        3.63
xsearrn.x64.bp                           1.815
xsearrn.x64.gp_in                         3.63
xsearrn.x64.gp_rel                 8.41398e-08
xsearrn.x64.gp_hi                         3.63
xsearrn.x64.gp_lo                         3.63
xsearrn.x32.bp                           1.815
xsearrn.x32.gp_in                         3.63
xsearrn.x32.gp_rel                 8.41398e-08
xsearrn.x32.gp_hi                         3.63
xsearrn.x32.gp_lo                         3.63
xsearrn.x16.bp                           1.815
xsearrn.x16.gp_in                         3.63
xsearrn.x16.gp_rel                 8.41398e-08
xsearrn.x16.gp_hi                         3.63
xsearrn.x16.gp_lo                         3.63
xsearrn.x8.bp                            1.815
xsearrn.x8.gp_in                          3.63
xsearrn.x8.gp_rel                  8.41398e-08
xsearrn.x8.gp_hi                          3.63
xsearrn.x8.gp_lo                          3.63
xsearrn.x4.bp                            1.815
xsearrn.x4.gp_in                          3.63
xsearrn.x4.gp_rel                  8.41398e-08
xsearrn.x4.gp_hi                          3.63
xsearrn.x4.gp_lo                          3.63
xsearrn.x2.bp                            1.815
xsearrn.x2.gp_in                          3.63
xsearrn.x2.gp_rel                  8.41398e-08
xsearrn.x2.gp_hi                          3.63
xsearrn.x2.gp_lo                          3.63
xsearrn.x1.bp                            1.815
xsearrn.x1.gp_in                          3.63
xsearrn.x1.gp_rel                  8.41398e-08
xsearrn.x1.gp_hi                          3.63
xsearrn.x1.gp_lo                          3.63
se_ibias                              0.563892
xsecmp.xpre.ptail                       1.0658
xsecmp.pon                              3.0472
xsecmp.preamp_in1                      1.81506
xsecmp.pop                              3.0472
xsecmp.preamp_in2                      1.81506
xsecmp.xpre.xrlp.11                    3.62972
xsecmp.xpre.xrlp.21                    3.04748
xsecmp.xpre.xrln.11                    3.62972
xsecmp.xpre.xrln.21                    3.04748
xsecmp.xlat.ltail                      2.39345
xsecmp.xlat.dip                           3.63
xsecmp.xlat.din                           3.63
xsecmp.outn                               3.63
xsecmp.outp                               3.63
xsecmp.sset                        1.08062e-07
xsecmp.srst                        1.08062e-07
xsecmp.xno1.ps                          3.3091
se_cmpb                                1.47265
xsecmp.xno2.ps                          3.3091
se_dacp                           -1.11022e-16
se_dacn                           -1.11022e-16
se_di                                        0
se_err                                       0
se_aerrh                                     0
se_code                                      0
seph                                      3.63
bseph#branch                                 0
bsecode#branch                               0
bseea#branch                                 0
bsee#branch                                  0
bsedi#branch                                 0
bsedacn#branch                               0
bsedacp#branch                               0
lref#branch                         1.9787e-08
v.xsecmp.vpn#branch                4.80284e-28
v.xsecmp.vpp#branch               -9.86393e-29
vsemode#branch                               0
vsestart#branch                              0
vsevinn#branch                     1.11022e-15
vsein#branch                       1.11022e-15
vcms#branch                       -1.24407e-07
vrefs#branch                       -1.9787e-08
vddc#branch                       -0.000882753
vddd#branch                       -7.21545e-08
vddt#branch                       -2.55648e-09
vcmpclkb#branch                              0
vcmpclk#branch                               0
vclk#branch                                  0
a.xsectrl.a_gn#branch_1_0                    0
a.xsectrl.a_gn#branch_1_1                    0
a.xsectrl.a_gn#branch_1_2                    0
a.xsectrl.a_gn#branch_1_3                    0
a.xsectrl.a_gn#branch_1_4                    0
a.xsectrl.a_gn#branch_1_5                    0
a.xsectrl.a_gn#branch_1_6                    0
a.xsectrl.a_gn#branch_1_7                    0
a.xsectrl.a_gn#branch_1_8                    0
a.xsectrl.a_gn#branch_1_9                    0
a.xsectrl.a_gn#branch_1_10                   0
a.xsectrl.a_gn#branch_1_11                   0
a.xsectrl.a_gn#branch_1_12                   0
a.xsectrl.a_gn#branch_1_13                   0
a.xsectrl.a_gn#branch_1_14                   0
a.xsectrl.a_gn#branch_1_15                   0
a.xsectrl.a_gn#branch_1_16                   0
a.xsectrl.a_gn#branch_1_17                   0
a.xsectrl.a_gn#branch_1_18                   0
a.xsectrl.a_gn#branch_1_19                   0
a.xsectrl.a_gn#branch_1_20                   0
a.xsectrl.a_gn#branch_1_21                   0
a.xsectrl.a_gn#branch_1_22                   0
a.xsectrl.a_gn#branch_1_23                   0
a.xsectrl.a_gn#branch_1_24                   0
a.xsectrl.a_gn#branch_1_25                   0
a.xsectrl.a_gn#branch_1_26                   0
a.xsectrl.a_gn#branch_1_27                   0
a.xsectrl.a_gn#branch_1_28                   0
a.xsectrl.a_gn#branch_1_29                   0
a.xsectrl.a_gn#branch_1_30                   0
a.xsectrl.a_gn#branch_1_31                   0
a.xsectrl.a_gn#branch_1_32                   0
a.xsectrl.a_gn#branch_1_33                   0
a.xsectrl.a_gn#branch_1_34                   0
a.xsectrl.a_gn#branch_1_35                   0
a.xsectrl.a_gn#branch_1_36                   0
a.xsectrl.a_gn#branch_1_37                   0
a.xsectrl.a_gn#branch_1_38                   0
a.xsectrl.a_gn#branch_1_39                   0
a.xsectrl.a_gn#branch_1_40                   0
a.xsectrl.a_gn#branch_1_41                   0
a.xsectrl.a_gn#branch_1_42                   0
a.xsectrl.a_gn#branch_1_43                   0
a.xsectrl.a_gn#branch_1_44                   0
a.xsectrl.a_gn#branch_1_45                   0
a.xsectrl.a_gn#branch_1_46                   0
a.xsectrl.a_gn#branch_1_47                   0
a.xsectrl.a_gn#branch_1_48                   0
a.xsectrl.a_gn#branch_1_49                   0
a.xsectrl.a_gn#branch_1_50                   0
a.xsectrl.a_gn#branch_1_51                   0
a.xsectrl.a_gn#branch_1_52                   0
a.xsectrl.a_gn#branch_1_53                   0
a.xsectrl.a_dout#branch_1_0                  0
a.xsectrl.a_dout#branch_1_1                  0
a.xsectrl.a_dout#branch_1_2                  0
a.xsectrl.a_dout#branch_1_3                  0
a.xsectrl.a_dout#branch_1_4                  0
a.xsectrl.a_dout#branch_1_5                  0
a.xsectrl.a_dout#branch_1_6                  0
a.xsectrl.a_dout#branch_1_7                  0
a.xsectrl.a_dout#branch_1_8                  0
a.xsectrl.a_dout#branch_1_9                  0
a.xsectrl.a_dout#branch_1_10                 0
a.xsectrl.a_dout#branch_1_11                 0
a.xsectrl.a_dout#branch_1_12                 0

 Reference value :  1.60000e-11
 Reference value :  3.16688e-08
 Reference value :  9.47735e-08
 Reference value :  1.67226e-07
 Reference value :  2.19365e-07
 Reference value :  2.81406e-07
 Reference value :  3.28876e-07
 Reference value :  3.77465e-07
 Reference value :  4.38438e-07
 Reference value :  5.00214e-07
 Reference value :  5.62530e-07
 Reference value :  5.94080e-07
 Reference value :  6.56333e-07
 Reference value :  7.13324e-07
 Reference value :  7.52599e-07
 Reference value :  8.14979e-07
 Reference value :  8.77483e-07
 Reference value :  9.37728e-07
 Reference value :  1.00043e-06
 Reference value :  1.03229e-06
 Reference value :  1.09474e-06
 Reference value :  1.15754e-06
 Reference value :  1.21923e-06
 Reference value :  1.28133e-06
 Reference value :  1.31513e-06
 Reference value :  1.37552e-06
 Reference value :  1.43770e-06
 Reference value :  1.50012e-06
 Reference value :  1.53245e-06
 Reference value :  1.59396e-06
 Reference value :  1.65633e-06
 Reference value :  1.71398e-06
 Reference value :  1.77392e-06
 Reference value :  1.84227e-06
 Reference value :  1.87767e-06
 Reference value :  1.93803e-06
 Reference value :  2.00239e-06
 Reference value :  2.06293e-06
 Reference value :  2.15630e-06
 Reference value :  2.21881e-06
 Reference value :  2.28132e-06
 Reference value :  2.31718e-06
 Reference value :  2.37740e-06
 Reference value :  2.43784e-06
 Reference value :  2.48509e-06
 Reference value :  2.53151e-06
 Reference value :  2.56626e-06
 Reference value :  2.62728e-06
 Reference value :  2.68869e-06
 Reference value :  2.75035e-06
 Reference value :  2.81264e-06
 Reference value :  2.87510e-06
 Reference value :  2.91701e-06
 Reference value :  3.00021e-06
 Reference value :  3.04226e-06
 Reference value :  3.12535e-06
 Reference value :  3.18999e-06
 Reference value :  3.25289e-06
 Reference value :  3.31309e-06
 Reference value :  3.37514e-06
 Reference value :  3.40704e-06
 Reference value :  3.46916e-06
 Reference value :  3.53138e-06
 Reference value :  3.58080e-06
 Reference value :  3.62804e-06
 Reference value :  3.68977e-06
 Reference value :  3.75013e-06
 Reference value :  3.78181e-06
 Reference value :  3.84385e-06
 Reference value :  3.87757e-06
 Reference value :  3.94035e-06
 Reference value :  4.00257e-06
 Reference value :  4.06285e-06
 Reference value :  4.15627e-06
 Reference value :  4.21878e-06
 Reference value :  4.25611e-06
 Reference value :  4.31484e-06
 Reference value :  4.37513e-06
 Reference value :  4.40664e-06
 Reference value :  4.46879e-06
 Reference value :  4.50257e-06
 Reference value :  4.56493e-06
 Reference value :  4.62595e-06
 Reference value :  4.68770e-06
 Reference value :  4.74485e-06
 Reference value :  4.78275e-06
 Reference value :  4.84418e-06
 Reference value :  4.90633e-06
 Reference value :  4.96895e-06
 Reference value :  5.03126e-06
 Reference value :  5.09409e-06
 Reference value :  5.18763e-06
 Reference value :  5.25010e-06
 Reference value :  5.28931e-06
 Reference value :  5.34409e-06
 Reference value :  5.40630e-06
 Reference value :  5.46624e-06
 Reference value :  5.50258e-06
 Reference value :  5.56453e-06
 Reference value :  5.62518e-06
 Reference value :  5.67076e-06
 Reference value :  5.71938e-06
 Reference value :  5.78154e-06
 Reference value :  5.84382e-06
 Reference value :  5.87888e-06
 Reference value :  5.96883e-06
 Reference value :  6.00306e-06
 Reference value :  6.09382e-06
 Reference value :  6.15822e-06
 Reference value :  6.23731e-06
 Reference value :  6.28197e-06
 Reference value :  6.34389e-06
 Reference value :  6.38783e-06
 Reference value :  6.44283e-06
 Reference value :  6.50258e-06
 Reference value :  6.56356e-06
 Reference value :  6.62520e-06
 Reference value :  6.67834e-06
 Reference value :  6.71928e-06
 Reference value :  6.78162e-06
 Reference value :  6.84385e-06
 Reference value :  6.88145e-06
 Reference value :  6.94009e-06
 Reference value :  7.00267e-06
 Reference value :  7.06322e-06
 Reference value :  7.15638e-06
 Reference value :  7.21886e-06
 Reference value :  7.28133e-06
 Reference value :  7.34377e-06
 Reference value :  7.37758e-06
 Reference value :  7.43998e-06
 Reference value :  7.50080e-06
 Reference value :  7.56270e-06
 Reference value :  7.62503e-06
 Reference value :  7.65699e-06
 Reference value :  7.71900e-06
 Reference value :  7.78136e-06
 Reference value :  7.84378e-06
 Reference value :  7.87757e-06
 Reference value :  7.93957e-06
 Reference value :  8.00252e-06
 Reference value :  8.06261e-06
 Reference value :  8.12556e-06
 Reference value :  8.19003e-06
 Reference value :  8.25288e-06
 Reference value :  8.31498e-06
 Reference value :  8.37559e-06
 Reference value :  8.43797e-06
 Reference value :  8.50019e-06
 Reference value :  8.53238e-06
 Reference value :  8.59395e-06
 Reference value :  8.65646e-06
 Reference value :  8.71883e-06
 Reference value :  8.78130e-06
 Reference value :  8.84379e-06
 Reference value :  8.87816e-06
 Reference value :  8.94000e-06
 Reference value :  9.00283e-06
 Reference value :  9.06288e-06
 Reference value :  9.15227e-06
 Reference value :  9.21045e-06
 Reference value :  9.28131e-06
 Reference value :  9.34377e-06
 Reference value :  9.37751e-06
 Reference value :  9.43823e-06
 Reference value :  9.50006e-06
 Reference value :  9.53156e-06
 Reference value :  9.59377e-06
 Reference value :  9.62795e-06
 Reference value :  9.69069e-06
 Reference value :  9.77793e-06
 Reference value :  9.82634e-06
 Reference value :  9.87784e-06
 Reference value :  9.96878e-06
 Reference value :  1.00030e-05
 Reference value :  1.00938e-05
 Reference value :  1.01803e-05
 Reference value :  1.02502e-05
 Reference value :  1.03148e-05
 Reference value :  1.03758e-05
 Reference value :  1.04379e-05
 Reference value :  1.05004e-05
 Reference value :  1.05631e-05
 Reference value :  1.06273e-05
 Reference value :  1.06898e-05
 Reference value :  1.07523e-05
 Reference value :  1.08134e-05
 Reference value :  1.08762e-05
 Reference value :  1.09377e-05
 Reference value :  1.10026e-05
 Reference value :  1.10649e-05
 Reference value :  1.11565e-05
 Reference value :  1.12194e-05
 Reference value :  1.13125e-05
 Reference value :  1.13638e-05
 Reference value :  1.14070e-05
 Reference value :  1.14692e-05
 Reference value :  1.15314e-05
 Reference value :  1.15938e-05
 Reference value :  1.16563e-05
 Reference value :  1.17016e-05
 Reference value :  1.17525e-05
 Reference value :  1.18148e-05
 Reference value :  1.18752e-05
 Reference value :  1.19075e-05
 Reference value :  1.20001e-05
 Reference value :  1.20313e-05
 Reference value :  1.20944e-05
 Reference value :  1.21877e-05
 Reference value :  1.22503e-05
 Reference value :  1.23129e-05
 Reference value :  1.23751e-05
 Reference value :  1.24070e-05
 Reference value :  1.24689e-05
 Reference value :  1.25313e-05
 Reference value :  1.25938e-05
 Reference value :  1.26277e-05
 Reference value :  1.26900e-05
 Reference value :  1.27525e-05
 Reference value :  1.28131e-05
 Reference value :  1.28756e-05
 Reference value :  1.29381e-05
 Reference value :  1.30027e-05
 Reference value :  1.30637e-05
 Reference value :  1.31516e-05
 Reference value :  1.32188e-05
 Reference value :  1.32813e-05
 Reference value :  1.33438e-05
 Reference value :  1.34063e-05
 Reference value :  1.34408e-05
 Reference value :  1.35028e-05
 Reference value :  1.35650e-05
 Reference value :  1.36275e-05
 Reference value :  1.36881e-05
 Reference value :  1.37503e-05
 Reference value :  1.38126e-05
 Reference value :  1.38751e-05
 Reference value :  1.39067e-05
 Reference value :  1.40001e-05
 Reference value :  1.40314e-05
 Reference value :  1.40942e-05
 Reference value :  1.41875e-05
 Reference value :  1.42500e-05
 Reference value :  1.42977e-05
 Reference value :  1.43443e-05
 Reference value :  1.44066e-05
 Reference value :  1.44688e-05
 Reference value :  1.45313e-05
 Reference value :  1.45656e-05
 Reference value :  1.46276e-05
 Reference value :  1.46884e-05
 Reference value :  1.47502e-05
 Reference value :  1.48125e-05
 Reference value :  1.48443e-05
 Reference value :  1.49063e-05
 Reference value :  1.49689e-05
 Reference value :  1.50035e-05
 Reference value :  1.50938e-05
 Reference value :  1.51565e-05
 Reference value :  1.52188e-05
 Reference value :  1.52813e-05
 Reference value :  1.53184e-05
 Reference value :  1.53776e-05
 Reference value :  1.54379e-05
 Reference value :  1.54977e-05
 Reference value :  1.55315e-05
 Reference value :  1.55676e-05
 Reference value :  1.56274e-05
 Reference value :  1.56876e-05
 Reference value :  1.57193e-05
 Reference value :  1.57814e-05
 Reference value :  1.58261e-05
 Reference value :  1.58777e-05
 Reference value :  1.59400e-05
 Reference value :  1.60026e-05
 Reference value :  1.60629e-05
 Reference value :  1.61297e-05
 Reference value :  1.61901e-05
 Reference value :  1.62529e-05
 Reference value :  1.63148e-05
 Reference value :  1.63754e-05
 Reference value :  1.64145e-05
 Reference value :  1.64690e-05
 Reference value :  1.65313e-05
 Reference value :  1.65738e-05
 Reference value :  1.66276e-05
 Reference value :  1.66881e-05
 Reference value :  1.67502e-05
 Reference value :  1.67818e-05
 Reference value :  1.68439e-05
 Reference value :  1.68856e-05
 Reference value :  1.69688e-05
 Reference value :  1.70028e-05
 Reference value :  1.70629e-05
 Reference value :  1.71256e-05
 Reference value :  1.71900e-05
 Reference value :  1.72528e-05
 Reference value :  1.73148e-05
 Reference value :  1.73755e-05
 Reference value :  1.74376e-05
 Reference value :  1.74693e-05
 Reference value :  1.75313e-05
 Reference value :  1.75739e-05
 Reference value :  1.76275e-05
 Reference value :  1.76879e-05
 Reference value :  1.77501e-05
 Reference value :  1.77923e-05
 Reference value :  1.78442e-05
 Reference value :  1.79063e-05
 Reference value :  1.79690e-05
 Reference value :  1.80053e-05
 Reference value :  1.80938e-05
 Reference value :  1.81563e-05
 Reference value :  1.82188e-05
 Reference value :  1.82603e-05
 Reference value :  1.83151e-05
 Reference value :  1.83775e-05
 Reference value :  1.84381e-05
 Reference value :  1.85001e-05
 Reference value :  1.85316e-05
 Reference value :  1.85938e-05
 Reference value :  1.86274e-05
 Reference value :  1.86880e-05
 Reference value :  1.87500e-05
 Reference value :  1.87816e-05
 Reference value :  1.88439e-05
 Reference value :  1.89006e-05
 Reference value :  1.89688e-05
 Reference value :  1.90029e-05
 Reference value :  1.90632e-05
 Reference value :  1.91257e-05
 Reference value :  1.91900e-05
 Reference value :  1.92528e-05
 Reference value :  1.93134e-05
 Reference value :  1.93753e-05
 Reference value :  1.94376e-05
 Reference value :  1.94692e-05
 Reference value :  1.95313e-05
 Reference value :  1.95650e-05
 Reference value :  1.96262e-05
 Reference value :  1.96877e-05
 Reference value :  1.97228e-05
 Reference value :  1.97815e-05
 Reference value :  1.98365e-05
 Reference value :  1.98776e-05
 Reference value :  1.99434e-05
 Reference value :  2.00027e-05
 Reference value :  2.00628e-05
 Reference value :  2.01326e-05
 Reference value :  2.01899e-05
 Reference value :  2.02527e-05
 Reference value :  2.03129e-05
 Reference value :  2.03753e-05
 Reference value :  2.04378e-05
 Reference value :  2.05002e-05
 Reference value :  2.05419e-05
 Reference value :  2.05940e-05
 Reference value :  2.06564e-05
 Reference value :  2.06980e-05
 Reference value :  2.07523e-05
 Reference value :  2.08126e-05
 Reference value :  2.08444e-05
 Reference value :  2.09063e-05
 Reference value :  2.09688e-05
 Reference value :  2.10028e-05
 Reference value :  2.10633e-05
 Reference value :  2.11563e-05
 Reference value :  2.11900e-05
 Reference value :  2.12529e-05
 Reference value :  2.13148e-05
 Reference value :  2.13756e-05
 Reference value :  2.14377e-05
 Reference value :  2.14742e-05
 Reference value :  2.15314e-05
 Reference value :  2.15741e-05
 Reference value :  2.16275e-05
 Reference value :  2.16877e-05
 Reference value :  2.17196e-05
 Reference value :  2.17814e-05
 Reference value :  2.18268e-05
 Reference value :  2.18773e-05
 Reference value :  2.19377e-05
 Reference value :  2.20006e-05
 Reference value :  2.20425e-05
 Reference value :  2.21252e-05
 Reference value :  2.21879e-05
 Reference value :  2.22501e-05
 Reference value :  2.22825e-05
 Reference value :  2.23440e-05
 Reference value :  2.24063e-05
 Reference value :  2.24512e-05
 Reference value :  2.25026e-05
 Reference value :  2.25631e-05
 Reference value :  2.26251e-05
 Reference value :  2.26682e-05
 Reference value :  2.27196e-05
 Reference value :  2.27817e-05
 Reference value :  2.28438e-05
 Reference value :  2.29063e-05
 Reference value :  2.29688e-05
 Reference value :  2.30028e-05
 Reference value :  2.30630e-05
 Reference value :  2.31563e-05
 Reference value :  2.31942e-05
 Reference value :  2.32527e-05
 Reference value :  2.33131e-05
 Reference value :  2.33755e-05
 Reference value :  2.34378e-05
 Reference value :  2.34985e-05
 Reference value :  2.35316e-05
 Reference value :  2.35662e-05
 Reference value :  2.36273e-05
 Reference value :  2.36879e-05
 Reference value :  2.37501e-05
 Reference value :  2.37843e-05
 Reference value :  2.38441e-05
 Reference value :  2.38892e-05
 Reference value :  2.39669e-05
 Reference value :  2.40028e-05
 Reference value :  2.40631e-05
 Reference value :  2.41563e-05
 Reference value :  2.42188e-05
 Reference value :  2.42589e-05
 Reference value :  2.43150e-05
 Reference value :  2.43763e-05
 Reference value :  2.44379e-05
 Reference value :  2.45002e-05
 Reference value :  2.45325e-05
 Reference value :  2.45939e-05
 Reference value :  2.46304e-05
 Reference value :  2.46901e-05
 Reference value :  2.47524e-05
 Reference value :  2.48129e-05
 Reference value :  2.48751e-05
 Reference value :  2.49066e-05
 Reference value :  2.49691e-05
 Reference value :  2.50032e-05
 Reference value :  2.50938e-05
 Reference value :  2.51565e-05
 Reference value :  2.52189e-05
 Reference value :  2.52813e-05
 Reference value :  2.53152e-05
 Reference value :  2.53775e-05
 Reference value :  2.54398e-05
 Reference value :  2.55002e-05
 Reference value :  2.55319e-05
 Reference value :  2.55938e-05
 Reference value :  2.56276e-05
 Reference value :  2.56881e-05
 Reference value :  2.57500e-05
 Reference value :  2.57817e-05
 Reference value :  2.58438e-05
 Reference value :  2.58774e-05
 Reference value :  2.59382e-05
 Reference value :  2.60025e-05
 Reference value :  2.60627e-05
 Reference value :  2.61267e-05
 Reference value :  2.61901e-05
 Reference value :  2.62529e-05
 Reference value :  2.63128e-05
 Reference value :  2.63752e-05
 Reference value :  2.64376e-05
 Reference value :  2.64692e-05
 Reference value :  2.65314e-05
 Reference value :  2.65904e-05
 Reference value :  2.66279e-05
 Reference value :  2.66884e-05
 Reference value :  2.67501e-05
 Reference value :  2.67818e-05
 Reference value :  2.68440e-05
 Reference value :  2.68780e-05
 Reference value :  2.69688e-05
 Reference value :  2.70028e-05
 Reference value :  2.70630e-05
 Reference value :  2.71563e-05
 Reference value :  2.72082e-05
 Reference value :  2.72530e-05
 Reference value :  2.73131e-05
 Reference value :  2.73752e-05
 Reference value :  2.74376e-05
 Reference value :  2.74692e-05
 Reference value :  2.75313e-05
 Reference value :  2.75650e-05
 Reference value :  2.76273e-05
 Reference value :  2.76879e-05
 Reference value :  2.77502e-05
 Reference value :  2.78018e-05
 Reference value :  2.78445e-05
 Reference value :  2.79064e-05
 Reference value :  2.79757e-05
 Reference value :  2.80314e-05
 Reference value :  2.81127e-05
 Reference value :  2.81877e-05
 Reference value :  2.82501e-05
 Reference value :  2.82820e-05
 Reference value :  2.83441e-05
 Reference value :  2.84063e-05
 Reference value :  2.84688e-05
 Reference value :  2.85025e-05
 Reference value :  2.85628e-05
 Reference value :  2.86250e-05
 Reference value :  2.86618e-05
 Reference value :  2.87192e-05
 Reference value :  2.87815e-05
 Reference value :  2.88438e-05
 Reference value :  2.88781e-05
 Reference value :  2.89688e-05
 Reference value :  2.90030e-05
 Reference value :  2.90938e-05
 Reference value :  2.91689e-05
 Reference value :  2.92386e-05
 Reference value :  2.92817e-05
 Reference value :  2.93439e-05
 Reference value :  2.94063e-05
 Reference value :  2.94688e-05
 Reference value :  2.95024e-05
 Reference value :  2.95629e-05
 Reference value :  2.96251e-05
 Reference value :  2.96568e-05
 Reference value :  2.97189e-05
 Reference value :  2.97813e-05
 Reference value :  2.98150e-05
 Reference value :  2.98773e-05
 Reference value :  2.99377e-05
 Reference value :  3.00004e-05
 Reference value :  3.00390e-05
 Reference value :  3.01254e-05
 Reference value :  3.01930e-05
 Reference value :  3.02616e-05
 Reference value :  3.03154e-05
 Reference value :  3.03784e-05
 Reference value :  3.04401e-05
 Reference value :  3.05025e-05
 Reference value :  3.05649e-05
 Reference value :  3.06256e-05
 Reference value :  3.06877e-05
 Reference value :  3.07501e-05
 Reference value :  3.08125e-05
 Reference value :  3.08551e-05
 Reference value :  3.09066e-05
 Reference value :  3.09794e-05
 Reference value :  3.10314e-05
 Reference value :  3.11137e-05
 Reference value :  3.11878e-05
 Reference value :  3.12502e-05
 Reference value :  3.12932e-05
 Reference value :  3.13440e-05
 Reference value :  3.14064e-05
 Reference value :  3.14434e-05
 Reference value :  3.15024e-05
 Reference value :  3.15629e-05
 Reference value :  3.16113e-05
 Reference value :  3.16567e-05
 Reference value :  3.17188e-05
 Reference value :  3.17813e-05
 Reference value :  3.18439e-05
 Reference value :  3.19063e-05
 Reference value :  3.19689e-05
 Reference value :  3.20046e-05
 Reference value :  3.20939e-05
 Reference value :  3.21818e-05
 Reference value :  3.22412e-05
 Reference value :  3.22816e-05
 Reference value :  3.23438e-05
 Reference value :  3.24063e-05
 Reference value :  3.24407e-05
 Reference value :  3.25025e-05
 Reference value :  3.25629e-05
 Reference value :  3.25985e-05
 Reference value :  3.26564e-05
 Reference value :  3.26925e-05
 Reference value :  3.27527e-05
 Reference value :  3.28151e-05
 Reference value :  3.28764e-05
 Reference value :  3.29377e-05
 Reference value :  3.30023e-05
 Reference value :  3.30628e-05
 Reference value :  3.31564e-05
 Reference value :  3.32191e-05
 Reference value :  3.32817e-05
 Reference value :  3.33439e-05
 Reference value :  3.34065e-05
 Reference value :  3.34688e-05
 Reference value :  3.35312e-05
 Reference value :  3.35921e-05
 Reference value :  3.36550e-05
 Reference value :  3.36956e-05
 Reference value :  3.37525e-05
 Reference value :  3.38151e-05
 Reference value :  3.38775e-05
 Reference value :  3.39383e-05
 Reference value :  3.40025e-05
 Reference value :  3.40628e-05
 Reference value :  3.41563e-05
 Reference value :  3.42188e-05
 Reference value :  3.42753e-05
 Reference value :  3.43151e-05
 Reference value :  3.43763e-05
 Reference value :  3.44378e-05
 Reference value :  3.45005e-05
 Reference value :  3.45626e-05
 Reference value :  3.45942e-05
 Reference value :  3.46563e-05
 Reference value :  3.47188e-05
 Reference value :  3.47813e-05
 Reference value :  3.48439e-05
 Reference value :  3.49064e-05
 Reference value :  3.49933e-05
 Reference value :  3.50314e-05
 Reference value :  3.51250e-05
 Reference value :  3.51881e-05
 Reference value :  3.52527e-05
 Reference value :  3.53148e-05
 Reference value :  3.53752e-05
 Reference value :  3.54073e-05
 Reference value :  3.54689e-05
 Reference value :  3.55137e-05
 Reference value :  3.55650e-05
 Reference value :  3.56260e-05
 Reference value :  3.56876e-05
 Reference value :  3.57195e-05
 Reference value :  3.57815e-05
 Reference value :  3.58438e-05
 Reference value :  3.58775e-05
 Reference value :  3.59382e-05
 Reference value :  3.60025e-05
 Reference value :  3.60626e-05
 Reference value :  3.61274e-05
 Reference value :  3.61903e-05
 Reference value :  3.62530e-05
 Reference value :  3.63148e-05
 Reference value :  3.63752e-05
 Reference value :  3.64067e-05
 Reference value :  3.64688e-05
 Reference value :  3.65025e-05
 Reference value :  3.65630e-05
 Reference value :  3.66251e-05
 Reference value :  3.66568e-05
 Reference value :  3.67189e-05
 Reference value :  3.67527e-05
 Reference value :  3.68150e-05
 Reference value :  3.68762e-05
 Reference value :  3.69244e-05
 Reference value :  3.70001e-05
 Reference value :  3.70316e-05
 Reference value :  3.71251e-05
 Reference value :  3.71881e-05
 Reference value :  3.72504e-05
 Reference value :  3.73072e-05
 Reference value :  3.73440e-05
 Reference value :  3.73899e-05
 Reference value :  3.74404e-05
 Reference value :  3.75016e-05
 Reference value :  3.75625e-05
 Reference value :  3.75940e-05
 Reference value :  3.76530e-05
 Reference value :  3.76910e-05
 Reference value :  3.77523e-05
 Reference value :  3.78129e-05
 Reference value :  3.78751e-05
 Reference value :  3.79068e-05
 Reference value :  3.80001e-05
 Reference value :  3.80315e-05
 Reference value :  3.81251e-05
 Reference value :  3.81882e-05
 Reference value :  3.82507e-05
 Reference value :  3.83127e-05
 Reference value :  3.83455e-05
 Reference value :  3.84064e-05
 Reference value :  3.84688e-05
 Reference value :  3.85049e-05
 Reference value :  3.85649e-05
 Reference value :  3.86253e-05
 Reference value :  3.86571e-05
 Reference value :  3.87190e-05
 Reference value :  3.87815e-05
 Reference value :  3.88438e-05
 Reference value :  3.89063e-05
 Reference value :  3.89688e-05
 Reference value :  3.90030e-05
 Reference value :  3.90938e-05
 Reference value :  3.91565e-05
 Reference value :  3.92190e-05
 Reference value :  3.92814e-05
 Reference value :  3.93438e-05
 Reference value :  3.93816e-05
 Reference value :  3.94434e-05
 Reference value :  3.95040e-05
 Reference value :  3.95654e-05
 Reference value :  3.96275e-05
 Reference value :  3.96899e-05
 Reference value :  3.97507e-05
 Reference value :  3.98126e-05
 Reference value :  3.98443e-05
 Reference value :  3.99064e-05
 Reference value :  3.99689e-05
 Reference value :  4.00134e-05
 Reference value :  4.00938e-05
 Reference value :  4.01875e-05
 Reference value :  4.02501e-05
 Reference value :  4.03112e-05
 Reference value :  4.03442e-05
 Reference value :  4.04063e-05
 Reference value :  4.04438e-05
 Reference value :  4.05026e-05
 Reference value :  4.05630e-05
 Reference value :  4.06251e-05
 Reference value :  4.06567e-05
 Reference value :  4.07188e-05
 Reference value :  4.07813e-05
 Reference value :  4.08207e-05
 Reference value :  4.08773e-05
 Reference value :  4.09377e-05
 Reference value :  4.10011e-05
 Reference value :  4.10319e-05
 Reference value :  4.11251e-05
 Reference value :  4.11881e-05
 Reference value :  4.12505e-05
 Reference value :  4.13128e-05
 Reference value :  4.13751e-05
 Reference value :  4.14067e-05
 Reference value :  4.14689e-05
 Reference value :  4.15066e-05
 Reference value :  4.15649e-05
 Reference value :  4.16252e-05
 Reference value :  4.16615e-05
 Reference value :  4.17191e-05
 Reference value :  4.17814e-05
 Reference value :  4.18438e-05
 Reference value :  4.18779e-05
 Reference value :  4.19404e-05
 Reference value :  4.20025e-05
 Reference value :  4.20626e-05
 Reference value :  4.21253e-05
 Reference value :  4.21898e-05
 Reference value :  4.22524e-05
 Reference value :  4.23148e-05
 Reference value :  4.23751e-05
 Reference value :  4.24066e-05
 Reference value :  4.24688e-05
 Reference value :  4.25025e-05
 Reference value :  4.25631e-05
 Reference value :  4.26251e-05
 Reference value :  4.26568e-05
 Reference value :  4.27188e-05
 Reference value :  4.27770e-05
 Reference value :  4.28149e-05
 Reference value :  4.28753e-05
 Reference value :  4.29333e-05
 Reference value :  4.30002e-05
 Reference value :  4.30314e-05
 Reference value :  4.30942e-05
 Reference value :  4.31876e-05
 Reference value :  4.32501e-05
 Reference value :  4.33112e-05
 Reference value :  4.33441e-05
 Reference value :  4.34063e-05
 Reference value :  4.34412e-05
 Reference value :  4.35025e-05
 Reference value :  4.35648e-05
 Reference value :  4.36262e-05
 Reference value :  4.36880e-05
 Reference value :  4.37503e-05
 Reference value :  4.38127e-05
 Reference value :  4.38751e-05
 Reference value :  4.39076e-05
 Reference value :  4.40001e-05
 Reference value :  4.40314e-05
 Reference value :  4.40942e-05
 Reference value :  4.41699e-05
 Reference value :  4.42194e-05
 Reference value :  4.42817e-05
 Reference value :  4.43439e-05
 Reference value :  4.44063e-05
 Reference value :  4.44401e-05
 Reference value :  4.45024e-05
 Reference value :  4.45632e-05
 Reference value :  4.46251e-05
 Reference value :  4.46569e-05
 Reference value :  4.47189e-05
 Reference value :  4.47813e-05
 Reference value :  4.48151e-05
 Reference value :  4.48776e-05
 Reference value :  4.49688e-05
 Reference value :  4.50028e-05
 Reference value :  4.50631e-05
 Reference value :  4.51296e-05
 Reference value :  4.51904e-05
 Reference value :  4.52535e-05
 Reference value :  4.53151e-05
 Reference value :  4.53775e-05
 Reference value :  4.54398e-05
 Reference value :  4.55023e-05
 Reference value :  4.55631e-05
 Reference value :  4.56254e-05
 Reference value :  4.56876e-05
 Reference value :  4.57193e-05
 Reference value :  4.57813e-05
 Reference value :  4.58154e-05
 Reference value :  4.58776e-05
 Reference value :  4.59396e-05
 Reference value :  4.60025e-05
 Reference value :  4.60627e-05
 Reference value :  4.61253e-05
 Reference value :  4.61898e-05
 Reference value :  4.62511e-05
 Reference value :  4.63128e-05
 Reference value :  4.63751e-05
 Reference value :  4.64068e-05
 Reference value :  4.64688e-05
 Reference value :  4.65085e-05
 Reference value :  4.65649e-05
 Reference value :  4.66255e-05
 Reference value :  4.66875e-05
 Reference value :  4.67193e-05
 Reference value :  4.67816e-05
 Reference value :  4.68440e-05
 Reference value :  4.68878e-05
 Reference value :  4.69688e-05
 Reference value :  4.70029e-05
 Reference value :  4.70840e-05
 Reference value :  4.71563e-05
 Reference value :  4.72043e-05
 Reference value :  4.72532e-05
 Reference value :  4.73150e-05
 Reference value :  4.73773e-05
 Reference value :  4.74377e-05
 Reference value :  4.74696e-05
 Reference value :  4.75314e-05
 Reference value :  4.75731e-05
 Reference value :  4.76275e-05
 Reference value :  4.76886e-05
 Reference value :  4.77503e-05
 Reference value :  4.78127e-05
 Reference value :  4.78752e-05
 Reference value :  4.79376e-05
 Reference value :  4.80011e-05
 Reference value :  4.80397e-05
 Reference value :  4.81251e-05
 Reference value :  4.81880e-05
 Reference value :  4.82503e-05
 Reference value :  4.83126e-05
 Reference value :  4.83750e-05
 Reference value :  4.84069e-05
 Reference value :  4.84691e-05
 Reference value :  4.85293e-05
 Reference value :  4.85661e-05
 Reference value :  4.86277e-05
 Reference value :  4.86886e-05
 Reference value :  4.87502e-05
 Reference value :  4.87879e-05
 Reference value :  4.88442e-05
 Reference value :  4.89064e-05
 Reference value :  4.89857e-05
 Reference value :  4.90313e-05
 Reference value :  4.90942e-05
 Reference value :  4.91722e-05
 Reference value :  4.92350e-05
 Reference value :  4.92819e-05
 Reference value :  4.93444e-05
 Reference value :  4.94065e-05
 Reference value :  4.94689e-05
 Reference value :  4.95313e-05
 Reference value :  4.95938e-05
 Reference value :  4.96563e-05
 Reference value :  4.96948e-05
 Reference value :  4.97812e-05
 Reference value :  4.98439e-05
 Reference value :  4.99063e-05
 Reference value :  4.99689e-05
 Reference value :  5.00033e-05
 Reference value :  5.00938e-05
 Reference value :  5.01563e-05
 Reference value :  5.02188e-05
 Reference value :  5.02748e-05
 Reference value :  5.03213e-05
 Reference value :  5.03778e-05
 Reference value :  5.04400e-05
 Reference value :  5.05010e-05
 Reference value :  5.05627e-05
 Reference value :  5.05944e-05
 Reference value :  5.06564e-05
 Reference value :  5.07188e-05
 Reference value :  5.07676e-05
 Reference value :  5.08168e-05
 Reference value :  5.08775e-05
 Reference value :  5.09417e-05
 Reference value :  5.10026e-05
 Reference value :  5.10629e-05
 Reference value :  5.11254e-05
 Reference value :  5.11899e-05
 Reference value :  5.12528e-05
 Reference value :  5.13140e-05
 Reference value :  5.13755e-05
 Reference value :  5.14377e-05
 Reference value :  5.14696e-05
 Reference value :  5.15314e-05
 Reference value :  5.15658e-05
 Reference value :  5.16275e-05
 Reference value :  5.16898e-05
 Reference value :  5.17502e-05
 Reference value :  5.17819e-05
 Reference value :  5.18439e-05
 Reference value :  5.19052e-05
 Reference value :  5.19688e-05
 Reference value :  5.20029e-05
 Reference value :  5.20642e-05
 Reference value :  5.21563e-05
 Reference value :  5.21901e-05
 Reference value :  5.22529e-05
 Reference value :  5.23149e-05
 Reference value :  5.23763e-05
 Reference value :  5.24378e-05
 Reference value :  5.25001e-05
 Reference value :  5.25317e-05
 Reference value :  5.25938e-05
 Reference value :  5.26397e-05
 Reference value :  5.26899e-05
 Reference value :  5.27502e-05
 Reference value :  5.27820e-05
 Reference value :  5.28439e-05
 Reference value :  5.28779e-05
 Reference value :  5.29398e-05
 Reference value :  5.30026e-05
 Reference value :  5.30628e-05
 Reference value :  5.31406e-05
 Reference value :  5.31898e-05
 Reference value :  5.32514e-05
 Reference value :  5.33128e-05
 Reference value :  5.33752e-05
 Reference value :  5.34376e-05
 Reference value :  5.34692e-05
 Reference value :  5.35314e-05
 Reference value :  5.35666e-05
 Reference value :  5.36273e-05
 Reference value :  5.36877e-05
 Reference value :  5.37193e-05
 Reference value :  5.37815e-05
 Reference value :  5.38438e-05
 Reference value :  5.38775e-05
 Reference value :  5.39393e-05
 Reference value :  5.40025e-05
 Reference value :  5.40629e-05
 Reference value :  5.41563e-05
 Reference value :  5.42190e-05
 Reference value :  5.42814e-05
 Reference value :  5.43439e-05
 Reference value :  5.44064e-05
 Reference value :  5.44688e-05
 Reference value :  5.45313e-05
 Reference value :  5.45650e-05
 Reference value :  5.46256e-05
 Reference value :  5.46877e-05
 Reference value :  5.47501e-05
 Reference value :  5.47839e-05
 Reference value :  5.48510e-05
 Reference value :  5.49070e-05
 Reference value :  5.50002e-05
 Reference value :  5.50333e-05
 Reference value :  5.51252e-05
 Reference value :  5.51881e-05
 Reference value :  5.52502e-05
 Reference value :  5.53125e-05
 Reference value :  5.53469e-05
 Reference value :  5.54064e-05
 Reference value :  5.54688e-05
 Reference value :  5.55038e-05
 Reference value :  5.55648e-05
 Reference value :  5.56251e-05
 Reference value :  5.56585e-05
 Reference value :  5.57190e-05
 Reference value :  5.57814e-05
 Reference value :  5.58438e-05
 Reference value :  5.58776e-05
 Reference value :  5.59380e-05
 Reference value :  5.60024e-05
 Reference value :  5.60626e-05
 Reference value :  5.61256e-05
 Reference value :  5.61900e-05
 Reference value :  5.62527e-05
 Reference value :  5.63127e-05
 Reference value :  5.63707e-05
 Reference value :  5.64069e-05
 Reference value :  5.64689e-05
 Reference value :  5.65313e-05
 Reference value :  5.65651e-05
 Reference value :  5.66254e-05
 Reference value :  5.66876e-05
 Reference value :  5.67193e-05
 Reference value :  5.67814e-05
 Reference value :  5.68169e-05
 Reference value :  5.68775e-05
 Reference value :  5.69380e-05
 Reference value :  5.70025e-05
 Reference value :  5.70627e-05
 Reference value :  5.71344e-05
 Reference value :  5.71901e-05
 Reference value :  5.72529e-05
 Reference value :  5.73129e-05
 Reference value :  5.73751e-05
 Reference value :  5.74248e-05
 Reference value :  5.74689e-05
 Reference value :  5.75313e-05
 Reference value :  5.75657e-05
 Reference value :  5.76261e-05
 Reference value :  5.76876e-05
 Reference value :  5.77192e-05
 Reference value :  5.77813e-05
 Reference value :  5.78149e-05
 Reference value :  5.78752e-05
 Reference value :  5.79308e-05
 Reference value :  5.80002e-05
 Reference value :  5.80315e-05
 Reference value :  5.81250e-05
 Reference value :  5.81878e-05
 Reference value :  5.82502e-05
 Reference value :  5.82856e-05
 Reference value :  5.83439e-05
 Reference value :  5.84063e-05
 Reference value :  5.84443e-05
 Reference value :  5.85026e-05
 Reference value :  5.85630e-05
 Reference value :  5.86252e-05
 Reference value :  5.86569e-05
 Reference value :  5.87188e-05
 Reference value :  5.87525e-05
 Reference value :  5.88148e-05
 Reference value :  5.88752e-05
 Reference value :  5.89292e-05
 Reference value :  5.90002e-05
 Reference value :  5.90315e-05
 Reference value :  5.91238e-05
 Reference value :  5.91878e-05
 Reference value :  5.92502e-05
 Reference value :  5.92821e-05
 Reference value :  5.93439e-05
 Reference value :  5.94063e-05
 Reference value :  5.94606e-05
 Reference value :  5.95024e-05
 Reference value :  5.95627e-05
 Reference value :  5.96062e-05
 Reference value :  5.96565e-05
 Reference value :  5.97189e-05
 Reference value :  5.97796e-05
 Reference value :  5.98151e-05
 Reference value :  5.98756e-05
 Reference value :  5.99377e-05
 Reference value :  6.00006e-05
 Reference value :  6.00317e-05
 Reference value :  6.01251e-05
 Reference value :  6.01879e-05
 Reference value :  6.02503e-05
 Reference value :  6.03125e-05
 Reference value :  6.03442e-05
 Reference value :  6.04064e-05
 Reference value :  6.04688e-05
 Reference value :  6.05037e-05
 Reference value :  6.05649e-05
 Reference value :  6.06259e-05
 Reference value :  6.06880e-05
 Reference value :  6.07502e-05
 Reference value :  6.07952e-05
 Reference value :  6.08443e-05
 Reference value :  6.09064e-05
 Reference value :  6.09690e-05
 Reference value :  6.10102e-05
 Reference value :  6.10938e-05
 Reference value :  6.11568e-05
 Reference value :  6.12190e-05
 Reference value :  6.12813e-05
 Reference value :  6.13167e-05
 Reference value :  6.13777e-05
 Reference value :  6.14400e-05
 Reference value :  6.15004e-05
 Reference value :  6.15626e-05
 Reference value :  6.16082e-05
 Reference value :  6.16567e-05
 Reference value :  6.17189e-05
 Reference value :  6.17813e-05
 Reference value :  6.18150e-05
 Reference value :  6.18754e-05
 Reference value :  6.19377e-05
 Reference value :  6.20004e-05
 Reference value :  6.20318e-05
 Reference value :  6.21251e-05
 Reference value :  6.21880e-05
 Reference value :  6.22502e-05
 Reference value :  6.22951e-05
 Reference value :  6.23440e-05
 Reference value :  6.24064e-05
 Reference value :  6.24688e-05
 Reference value :  6.25033e-05
 Reference value :  6.25654e-05
 Reference value :  6.26276e-05
 Reference value :  6.26898e-05
 Reference value :  6.27524e-05
 Reference value :  6.28150e-05
 Reference value :  6.28775e-05
 Reference value :  6.29382e-05
 Reference value :  6.30025e-05
 Reference value :  6.30627e-05
 Reference value :  6.31423e-05
 Reference value :  6.31929e-05
 Reference value :  6.32813e-05
 Reference value :  6.33437e-05
 Reference value :  6.34063e-05
 Reference value :  6.34455e-05
 Reference value :  6.35025e-05
 Reference value :  6.35632e-05
 Reference value :  6.36251e-05
 Reference value :  6.36567e-05
 Reference value :  6.37188e-05
 Reference value :  6.37757e-05
 Reference value :  6.38151e-05
 Reference value :  6.38756e-05
 Reference value :  6.39377e-05
 Reference value :  6.40004e-05
 Reference value :  6.40486e-05
 Reference value :  6.41256e-05
 Reference value :  6.41903e-05
 Reference value :  6.42529e-05
 Reference value :  6.43131e-05
 Reference value :  6.43753e-05
 Reference value :  6.44375e-05
 Reference value :  6.44690e-05
 Reference value :  6.45313e-05
 Reference value :  6.45678e-05
 Reference value :  6.46274e-05
 Reference value :  6.46881e-05
 Reference value :  6.47505e-05
 Reference value :  6.48126e-05
 Reference value :  6.48446e-05
 Reference value :  6.49064e-05
 Reference value :  6.49692e-05
 Reference value :  6.50153e-05
 Reference value :  6.50939e-05
 Reference value :  6.51644e-05
 Reference value :  6.52192e-05
 Reference value :  6.52814e-05
 Reference value :  6.53178e-05
 Reference value :  6.53775e-05
 Reference value :  6.54379e-05
 Reference value :  6.55001e-05
 Reference value :  6.55319e-05
 Reference value :  6.55939e-05
 Reference value :  6.56563e-05
 Reference value :  6.56900e-05
 Reference value :  6.57505e-05
 Reference value :  6.58128e-05
 Reference value :  6.58751e-05
 Reference value :  6.59066e-05
 Reference value :  6.59696e-05
No. of Data Rows : 163543
s000                =  7.35000e+02
s001                =  3.30000e+02
s002                =  6.48000e+02
s003                =  4.20000e+02
s004                =  5.56000e+02
s005                =  5.13000e+02
s006                =  4.63000e+02
s007                =  6.07000e+02
s008                =  3.71000e+02
s009                =  6.97000e+02
s010                =  2.84000e+02
s011                =  7.80000e+02
s012                =  2.06000e+02
s013                =  8.52000e+02
s014                =  1.40000e+02
s015                =  9.11000e+02
s016                =  8.80000e+01
s017                =  9.55000e+02
s018                =  5.30000e+01
s019                =  9.82000e+02
s020                =  3.50000e+01
s021                =  9.90000e+02
s022                =  3.50000e+01
s023                =  9.81000e+02
s024                =  5.40000e+01
s025                =  9.53000e+02
s026                =  9.00000e+01
s027                =  9.08000e+02
s028                =  1.43000e+02
s029                =  8.48000e+02
s030                =  2.09000e+02
s031                =  7.75000e+02
s032                =  2.88000e+02
s033                =  6.93000e+02
s034                =  3.75000e+02
s035                =  6.03000e+02
s036                =  4.67000e+02
s037                =  5.09000e+02
s038                =  5.61000e+02
s039                =  4.16000e+02
s040                =  6.53000e+02
s041                =  3.26000e+02
s042                =  7.39000e+02
s043                =  2.44000e+02
s044                =  8.17000e+02
s045                =  1.72000e+02
s046                =  8.83000e+02
s047                =  1.12000e+02
s048                =  9.35000e+02
s049                =  6.80000e+01
s050                =  9.70000e+02
s051                =  4.20000e+01
s052                =  9.88000e+02
s053                =  3.30000e+01
s054                =  9.88000e+02
s055                =  4.20000e+01
s056                =  9.69000e+02
s057                =  7.00000e+01
s058                =  9.32000e+02
s059                =  1.14000e+02
s060                =  8.80000e+02
s061                =  1.74000e+02
s062                =  8.13000e+02
s063                =  2.47000e+02
cmax                =  9.90000e+02 at=  2.49396e-05
cmin                =  3.30000e+01 at=  5.69396e-05
d000                =  2.57201e+02 at=  2.50012e-06
d008                =  6.22134e+02 at=  1.07815e-05
d016                =  8.50439e+02 at=  1.88751e-05
d024                =  6.03244e+02 at=  2.68751e-05
d032                =  2.57014e+02 at=  3.45001e-05
d040                =  6.22414e+02 at=  4.27815e-05
d048                =  8.50652e+02 at=  5.08751e-05
d056                =  6.02882e+02 at=  5.88751e-05
vrefhi              =  3.63172e+00 at=  6.50898e-05
vreflo              =  3.62841e+00 at=  6.60000e-05
m_code_s000 = 7.3500000000e+02
m_code_s001 = 3.3000000000e+02
m_code_s002 = 6.4800000000e+02
m_code_s003 = 4.2000000000e+02
m_code_s004 = 5.5600000000e+02
m_code_s005 = 5.1300000000e+02
m_code_s006 = 4.6300000000e+02
m_code_s007 = 6.0700000000e+02
m_code_s008 = 3.7100000000e+02
m_code_s009 = 6.9700000000e+02
m_code_s010 = 2.8400000000e+02
m_code_s011 = 7.8000000000e+02
m_code_s012 = 2.0600000000e+02
m_code_s013 = 8.5200000000e+02
m_code_s014 = 1.4000000000e+02
m_code_s015 = 9.1100000000e+02
m_code_s016 = 8.8000000000e+01
m_code_s017 = 9.5500000000e+02
m_code_s018 = 5.3000000000e+01
m_code_s019 = 9.8200000000e+02
m_code_s020 = 3.5000000000e+01
m_code_s021 = 9.9000000000e+02
m_code_s022 = 3.5000000000e+01
m_code_s023 = 9.8100000000e+02
m_code_s024 = 5.4000000000e+01
m_code_s025 = 9.5300000000e+02
m_code_s026 = 9.0000000000e+01
m_code_s027 = 9.0800000000e+02
m_code_s028 = 1.4300000000e+02
m_code_s029 = 8.4800000000e+02
m_code_s030 = 2.0900000000e+02
m_code_s031 = 7.7500000000e+02
m_code_s032 = 2.8800000000e+02
m_code_s033 = 6.9300000000e+02
m_code_s034 = 3.7500000000e+02
m_code_s035 = 6.0300000000e+02
m_code_s036 = 4.6700000000e+02
m_code_s037 = 5.0900000000e+02
m_code_s038 = 5.6100000000e+02
m_code_s039 = 4.1600000000e+02
m_code_s040 = 6.5300000000e+02
m_code_s041 = 3.2600000000e+02
m_code_s042 = 7.3900000000e+02
m_code_s043 = 2.4400000000e+02
m_code_s044 = 8.1700000000e+02
m_code_s045 = 1.7200000000e+02
m_code_s046 = 8.8300000000e+02
m_code_s047 = 1.1200000000e+02
m_code_s048 = 9.3500000000e+02
m_code_s049 = 6.8000000000e+01
m_code_s050 = 9.7000000000e+02
m_code_s051 = 4.2000000000e+01
m_code_s052 = 9.8800000000e+02
m_code_s053 = 3.3000000000e+01
m_code_s054 = 9.8800000000e+02
m_code_s055 = 4.2000000000e+01
m_code_s056 = 9.6900000000e+02
m_code_s057 = 7.0000000000e+01
m_code_s058 = 9.3200000000e+02
m_code_s059 = 1.1400000000e+02
m_code_s060 = 8.8000000000e+02
m_code_s061 = 1.7400000000e+02
m_code_s062 = 8.1300000000e+02
m_code_s063 = 2.4700000000e+02
m_decerr_c000_lsb = 2.5720150000e+02
m_decerr_c008_lsb = 6.2213370000e+02
m_decerr_c016_lsb = 8.5043880000e+02
m_decerr_c024_lsb = 6.0324390000e+02
m_decerr_c032_lsb = 2.5701350000e+02
m_decerr_c040_lsb = 6.2241400000e+02
m_decerr_c048_lsb = 8.5065240000e+02
m_decerr_c056_lsb = 6.0288210000e+02
m_code_max = 9.9000000000e+02
m_code_min = 3.3000000000e+01
m_vref_droop_mv = 3.3090000000e+00
Note: Simulation executed from .control section 

Note: Starting dynamic gmin stepping
Note: Dynamic gmin stepping completed
