
Note: No compatibility mode selected!


Circuit: * adc-enob-fft @ tt_125c_3.63v -- generated by sim/harness, do not edit

Reducing trtol to 1 for xspice 'A' devices
Doing analysis at TEMP = 125.000000 and TNOM = 27.000000

Using SPARSE 1.3 as Direct Linear Solver

Initial Transient Solution
--------------------------

Node                                   Voltage
----                                   -------
clk                                          0
cmpclk                                       0
cmpclkb                                   3.63
vddt                                      3.63
vddd                                      3.63
vddc                                      3.63
vrefs                                     3.63
vrefn                                     3.63
vcmn                                     1.815
se_vinp                                  1.815
se_vinn                                  1.815
se_start                                     0
se_mode                                      0
se_cmp                                 1.49495
se_samp_tp_n                                 0
se_sel_in_n                                  0
se_drdy                                   3.63
se_c9                                        0
se_c8                                        0
se_c7                                        0
se_c6                                        0
se_c5                                        0
se_c4                                        0
se_c3                                        0
se_c2                                        0
se_c1                                        0
se_c0                                        0
se_rel_n_256p                             3.63
se_sel_hi_n_256p                             0
se_sel_lo_n_256p                             0
se_rel_n_128p                             3.63
se_sel_hi_n_128p                             0
se_sel_lo_n_128p                             0
se_rel_n_64p                              3.63
se_sel_hi_n_64p                              0
se_sel_lo_n_64p                              0
se_rel_n_32p                              3.63
se_sel_hi_n_32p                              0
se_sel_lo_n_32p                              0
se_rel_n_16p                              3.63
se_sel_hi_n_16p                              0
se_sel_lo_n_16p                              0
se_rel_n_8p                               3.63
se_sel_hi_n_8p                               0
se_sel_lo_n_8p                               0
se_rel_n_4p                               3.63
se_sel_hi_n_4p                               0
se_sel_lo_n_4p                               0
se_rel_n_2p                               3.63
se_sel_hi_n_2p                               0
se_sel_lo_n_2p                               0
se_rel_n_1p                               3.63
se_sel_hi_n_1p                               0
se_sel_lo_n_1p                               0
se_rel_n_256n                             3.63
se_sel_hi_n_256n                             0
se_sel_lo_n_256n                             0
se_rel_n_128n                             3.63
se_sel_hi_n_128n                             0
se_sel_lo_n_128n                             0
se_rel_n_64n                              3.63
se_sel_hi_n_64n                              0
se_sel_lo_n_64n                              0
se_rel_n_32n                              3.63
se_sel_hi_n_32n                              0
se_sel_lo_n_32n                              0
se_rel_n_16n                              3.63
se_sel_hi_n_16n                              0
se_sel_lo_n_16n                              0
se_rel_n_8n                               3.63
se_sel_hi_n_8n                               0
se_sel_lo_n_8n                               0
se_rel_n_4n                               3.63
se_sel_hi_n_4n                               0
se_sel_lo_n_4n                               0
se_rel_n_2n                               3.63
se_sel_hi_n_2n                               0
se_sel_lo_n_2n                               0
se_rel_n_1n                               3.63
se_sel_hi_n_1n                               0
se_sel_lo_n_1n                               0
se_pinp                                  1.815
se_pinn                                  1.815
xsetswp.gp                                3.63
se_topp                                1.81502
xsetswn.gp                                3.63
se_topn                                1.81502
xsearrp.x256.bp                          1.815
xsearrp.x256.gp_in                        3.63
xsearrp.x256.gp_rel                1.08676e-08
xsearrp.x256.gp_hi                        3.63
xsearrp.x256.gp_lo                        3.63
xsearrp.x128.bp                          1.815
xsearrp.x128.gp_in                        3.63
xsearrp.x128.gp_rel                1.08676e-08
xsearrp.x128.gp_hi                        3.63
xsearrp.x128.gp_lo                        3.63
xsearrp.x64.bp                           1.815
xsearrp.x64.gp_in                         3.63
xsearrp.x64.gp_rel                 1.08676e-08
xsearrp.x64.gp_hi                         3.63
xsearrp.x64.gp_lo                         3.63
xsearrp.x32.bp                           1.815
xsearrp.x32.gp_in                         3.63
xsearrp.x32.gp_rel                 1.08676e-08
xsearrp.x32.gp_hi                         3.63
xsearrp.x32.gp_lo                         3.63
xsearrp.x16.bp                           1.815
xsearrp.x16.gp_in                         3.63
xsearrp.x16.gp_rel                 1.08676e-08
xsearrp.x16.gp_hi                         3.63
xsearrp.x16.gp_lo                         3.63
xsearrp.x8.bp                            1.815
xsearrp.x8.gp_in                          3.63
xsearrp.x8.gp_rel                  1.08676e-08
xsearrp.x8.gp_hi                          3.63
xsearrp.x8.gp_lo                          3.63
xsearrp.x4.bp                            1.815
xsearrp.x4.gp_in                          3.63
xsearrp.x4.gp_rel                  1.08676e-08
xsearrp.x4.gp_hi                          3.63
xsearrp.x4.gp_lo                          3.63
xsearrp.x2.bp                            1.815
xsearrp.x2.gp_in                          3.63
xsearrp.x2.gp_rel                  1.08676e-08
xsearrp.x2.gp_hi                          3.63
xsearrp.x2.gp_lo                          3.63
xsearrp.x1.bp                            1.815
xsearrp.x1.gp_in                          3.63
xsearrp.x1.gp_rel                  1.08676e-08
xsearrp.x1.gp_hi                          3.63
xsearrp.x1.gp_lo                          3.63
xsearrn.x256.bp                          1.815
xsearrn.x256.gp_in                        3.63
xsearrn.x256.gp_rel                1.08676e-08
xsearrn.x256.gp_hi                        3.63
xsearrn.x256.gp_lo                        3.63
xsearrn.x128.bp                          1.815
xsearrn.x128.gp_in                        3.63
xsearrn.x128.gp_rel                1.08676e-08
xsearrn.x128.gp_hi                        3.63
xsearrn.x128.gp_lo                        3.63
xsearrn.x64.bp                           1.815
xsearrn.x64.gp_in                         3.63
xsearrn.x64.gp_rel                 1.08676e-08
xsearrn.x64.gp_hi                         3.63
xsearrn.x64.gp_lo                         3.63
xsearrn.x32.bp                           1.815
xsearrn.x32.gp_in                         3.63
xsearrn.x32.gp_rel                 1.08676e-08
xsearrn.x32.gp_hi                         3.63
xsearrn.x32.gp_lo                         3.63
xsearrn.x16.bp                           1.815
xsearrn.x16.gp_in                         3.63
xsearrn.x16.gp_rel                 1.08676e-08
xsearrn.x16.gp_hi                         3.63
xsearrn.x16.gp_lo                         3.63
xsearrn.x8.bp                            1.815
xsearrn.x8.gp_in                          3.63
xsearrn.x8.gp_rel                  1.08676e-08
xsearrn.x8.gp_hi                          3.63
xsearrn.x8.gp_lo                          3.63
xsearrn.x4.bp                            1.815
xsearrn.x4.gp_in                          3.63
xsearrn.x4.gp_rel                  1.08676e-08
xsearrn.x4.gp_hi                          3.63
xsearrn.x4.gp_lo                          3.63
xsearrn.x2.bp                            1.815
xsearrn.x2.gp_in                          3.63
xsearrn.x2.gp_rel                  1.08676e-08
xsearrn.x2.gp_hi                          3.63
xsearrn.x2.gp_lo                          3.63
xsearrn.x1.bp                            1.815
xsearrn.x1.gp_in                          3.63
xsearrn.x1.gp_rel                  1.08676e-08
xsearrn.x1.gp_hi                          3.63
xsearrn.x1.gp_lo                          3.63
se_ibias                              0.678004
xsecmp.xpre.ptail                     0.965819
xsecmp.pon                             2.90521
xsecmp.preamp_in1                      1.81502
xsecmp.pop                             2.90521
xsecmp.preamp_in2                      1.81502
xsecmp.xpre.xrlp.11                    3.62972
xsecmp.xpre.xrlp.21                    2.90549
xsecmp.xpre.xrln.11                    3.62972
xsecmp.xpre.xrln.21                    2.90549
xsecmp.xlat.ltail                      2.23788
xsecmp.xlat.dip                           3.63
xsecmp.xlat.din                           3.63
xsecmp.outn                               3.63
xsecmp.outp                               3.63
xsecmp.sset                        1.89066e-08
xsecmp.srst                        1.89066e-08
xsecmp.xno1.ps                         3.35096
se_cmpb                                1.49495
xsecmp.xno2.ps                         3.35096
se_dacp                           -1.11022e-16
se_dacn                           -1.11022e-16
se_di                                        0
se_err                             1.13687e-13
se_aerrh                                     0
se_code                                      0
seph                                      3.63
bseph#branch                                 0
bsecode#branch                               0
bseea#branch                                 0
bsee#branch                                  0
bsedi#branch                                 0
bsedacn#branch                               0
bsedacp#branch                               0
lref#branch                        1.75461e-09
v.xsecmp.vpn#branch                1.63586e-27
v.xsecmp.vpp#branch                1.63727e-27
vsemode#branch                               0
vsestart#branch                              0
vsevinn#branch                       3.747e-16
vsein#branch                         3.747e-16
vcms#branch                          -1.44e-08
vrefs#branch                      -1.75461e-09
vddc#branch                       -0.000701437
vddd#branch                       -8.46747e-09
vddt#branch                       -2.95773e-10
vcmpclkb#branch                              0
vcmpclk#branch                               0
vclk#branch                                  0
a.xsectrl.a_gn#branch_1_0                    0
a.xsectrl.a_gn#branch_1_1                    0
a.xsectrl.a_gn#branch_1_2                    0
a.xsectrl.a_gn#branch_1_3                    0
a.xsectrl.a_gn#branch_1_4                    0
a.xsectrl.a_gn#branch_1_5                    0
a.xsectrl.a_gn#branch_1_6                    0
a.xsectrl.a_gn#branch_1_7                    0
a.xsectrl.a_gn#branch_1_8                    0
a.xsectrl.a_gn#branch_1_9                    0
a.xsectrl.a_gn#branch_1_10                   0
a.xsectrl.a_gn#branch_1_11                   0
a.xsectrl.a_gn#branch_1_12                   0
a.xsectrl.a_gn#branch_1_13                   0
a.xsectrl.a_gn#branch_1_14                   0
a.xsectrl.a_gn#branch_1_15                   0
a.xsectrl.a_gn#branch_1_16                   0
a.xsectrl.a_gn#branch_1_17                   0
a.xsectrl.a_gn#branch_1_18                   0
a.xsectrl.a_gn#branch_1_19                   0
a.xsectrl.a_gn#branch_1_20                   0
a.xsectrl.a_gn#branch_1_21                   0
a.xsectrl.a_gn#branch_1_22                   0
a.xsectrl.a_gn#branch_1_23                   0
a.xsectrl.a_gn#branch_1_24                   0
a.xsectrl.a_gn#branch_1_25                   0
a.xsectrl.a_gn#branch_1_26                   0
a.xsectrl.a_gn#branch_1_27                   0
a.xsectrl.a_gn#branch_1_28                   0
a.xsectrl.a_gn#branch_1_29                   0
a.xsectrl.a_gn#branch_1_30                   0
a.xsectrl.a_gn#branch_1_31                   0
a.xsectrl.a_gn#branch_1_32                   0
a.xsectrl.a_gn#branch_1_33                   0
a.xsectrl.a_gn#branch_1_34                   0
a.xsectrl.a_gn#branch_1_35                   0
a.xsectrl.a_gn#branch_1_36                   0
a.xsectrl.a_gn#branch_1_37                   0
a.xsectrl.a_gn#branch_1_38                   0
a.xsectrl.a_gn#branch_1_39                   0
a.xsectrl.a_gn#branch_1_40                   0
a.xsectrl.a_gn#branch_1_41                   0
a.xsectrl.a_gn#branch_1_42                   0
a.xsectrl.a_gn#branch_1_43                   0
a.xsectrl.a_gn#branch_1_44                   0
a.xsectrl.a_gn#branch_1_45                   0
a.xsectrl.a_gn#branch_1_46                   0
a.xsectrl.a_gn#branch_1_47                   0
a.xsectrl.a_gn#branch_1_48                   0
a.xsectrl.a_gn#branch_1_49                   0
a.xsectrl.a_gn#branch_1_50                   0
a.xsectrl.a_gn#branch_1_51                   0
a.xsectrl.a_gn#branch_1_52                   0
a.xsectrl.a_gn#branch_1_53                   0
a.xsectrl.a_dout#branch_1_0                  0
a.xsectrl.a_dout#branch_1_1                  0
a.xsectrl.a_dout#branch_1_2                  0
a.xsectrl.a_dout#branch_1_3                  0
a.xsectrl.a_dout#branch_1_4                  0
a.xsectrl.a_dout#branch_1_5                  0
a.xsectrl.a_dout#branch_1_6                  0
a.xsectrl.a_dout#branch_1_7                  0
a.xsectrl.a_dout#branch_1_8                  0
a.xsectrl.a_dout#branch_1_9                  0
a.xsectrl.a_dout#branch_1_10                 0
a.xsectrl.a_dout#branch_1_11                 0
a.xsectrl.a_dout#branch_1_12                 0

 Reference value :  2.98400e-10
 Reference value :  3.18922e-08
 Reference value :  9.43382e-08
 Reference value :  1.56689e-07
 Reference value :  2.01208e-07
 Reference value :  2.51135e-07
 Reference value :  3.12601e-07
 Reference value :  3.44209e-07
 Reference value :  4.06341e-07
 Reference value :  4.68754e-07
 Reference value :  5.02974e-07
 Reference value :  5.65026e-07
 Reference value :  6.27275e-07
 Reference value :  6.87972e-07
 Reference value :  7.50200e-07
 Reference value :  8.12601e-07
 Reference value :  8.66280e-07
 Reference value :  9.06644e-07
 Reference value :  9.69290e-07
 Reference value :  1.00289e-06
 Reference value :  1.06286e-06
 Reference value :  1.12503e-06
 Reference value :  1.16005e-06
 Reference value :  1.21927e-06
 Reference value :  1.27540e-06
 Reference value :  1.31477e-06
 Reference value :  1.37519e-06
 Reference value :  1.43751e-06
 Reference value :  1.46935e-06
 Reference value :  1.53138e-06
 Reference value :  1.59379e-06
 Reference value :  1.62902e-06
 Reference value :  1.69013e-06
 Reference value :  1.75246e-06
 Reference value :  1.81412e-06
 Reference value :  1.87540e-06
 Reference value :  1.93751e-06
 Reference value :  1.97686e-06
 Reference value :  2.03133e-06
 Reference value :  2.09435e-06
 Reference value :  2.18769e-06
 Reference value :  2.25018e-06
 Reference value :  2.28196e-06
 Reference value :  2.34383e-06
 Reference value :  2.37761e-06
 Reference value :  2.43814e-06
 Reference value :  2.50012e-06
 Reference value :  2.53177e-06
 Reference value :  2.59380e-06
 Reference value :  2.62754e-06
 Reference value :  2.68991e-06
 Reference value :  2.75061e-06
 Reference value :  2.81253e-06
 Reference value :  2.84435e-06
 Reference value :  2.90629e-06
 Reference value :  2.96892e-06
 Reference value :  3.00433e-06
 Reference value :  3.09389e-06
 Reference value :  3.17994e-06
 Reference value :  3.23583e-06
 Reference value :  3.28169e-06
 Reference value :  3.34378e-06
 Reference value :  3.37755e-06
 Reference value :  3.43797e-06
 Reference value :  3.47789e-06
 Reference value :  3.53151e-06
 Reference value :  3.59379e-06
 Reference value :  3.64509e-06
 Reference value :  3.69009e-06
 Reference value :  3.75245e-06
 Reference value :  3.81286e-06
 Reference value :  3.87510e-06
 Reference value :  3.90693e-06
 Reference value :  4.00010e-06
 Reference value :  4.03145e-06
 Reference value :  4.12501e-06
 Reference value :  4.18803e-06
 Reference value :  4.25049e-06
 Reference value :  4.31260e-06
 Reference value :  4.34419e-06
 Reference value :  4.39408e-06
 Reference value :  4.43998e-06
 Reference value :  4.50032e-06
 Reference value :  4.56133e-06
 Reference value :  4.59440e-06
 Reference value :  4.65645e-06
 Reference value :  4.71881e-06
 Reference value :  4.75260e-06
 Reference value :  4.81498e-06
 Reference value :  4.87532e-06
 Reference value :  4.90679e-06
 Reference value :  4.98037e-06
 Reference value :  5.03130e-06
 Reference value :  5.09413e-06
 Reference value :  5.18760e-06
 Reference value :  5.25010e-06
 Reference value :  5.28172e-06
 Reference value :  5.34381e-06
 Reference value :  5.37762e-06
 Reference value :  5.43999e-06
 Reference value :  5.50033e-06
 Reference value :  5.53185e-06
 Reference value :  5.59385e-06
 Reference value :  5.62759e-06
 Reference value :  5.68990e-06
 Reference value :  5.75036e-06
 Reference value :  5.81257e-06
 Reference value :  5.84461e-06
 Reference value :  5.90632e-06
 Reference value :  5.96883e-06
 Reference value :  6.00291e-06
 Reference value :  6.09272e-06
 Reference value :  6.15645e-06
 Reference value :  6.21892e-06
 Reference value :  6.28133e-06
 Reference value :  6.31537e-06
 Reference value :  6.37726e-06
 Reference value :  6.43784e-06
 Reference value :  6.49295e-06
 Reference value :  6.53170e-06
 Reference value :  6.59377e-06
 Reference value :  6.62745e-06
 Reference value :  6.68797e-06
 Reference value :  6.73255e-06
 Reference value :  6.78166e-06
 Reference value :  6.84184e-06
 Reference value :  6.87732e-06
 Reference value :  6.93753e-06
 Reference value :  7.00025e-06
 Reference value :  7.03168e-06
 Reference value :  7.09395e-06
 Reference value :  7.15662e-06
 Reference value :  7.21896e-06
 Reference value :  7.28136e-06
 Reference value :  7.34382e-06
 Reference value :  7.37769e-06
 Reference value :  7.43994e-06
 Reference value :  7.50065e-06
 Reference value :  7.56266e-06
 Reference value :  7.60120e-06
 Reference value :  7.65656e-06
 Reference value :  7.71888e-06
 Reference value :  7.75263e-06
 Reference value :  7.81319e-06
 Reference value :  7.87521e-06
 Reference value :  7.90683e-06
 Reference value :  7.98040e-06
 Reference value :  8.03135e-06
 Reference value :  8.09423e-06
 Reference value :  8.16556e-06
 Reference value :  8.22764e-06
 Reference value :  8.28185e-06
 Reference value :  8.34392e-06
 Reference value :  8.38565e-06
 Reference value :  8.44008e-06
 Reference value :  8.50227e-06
 Reference value :  8.56263e-06
 Reference value :  8.59488e-06
 Reference value :  8.65646e-06
 Reference value :  8.70513e-06
 Reference value :  8.75258e-06
 Reference value :  8.81315e-06
 Reference value :  8.87523e-06
 Reference value :  8.92526e-06
 Reference value :  9.00019e-06
 Reference value :  9.03145e-06
 Reference value :  9.09444e-06
 Reference value :  9.18760e-06
 Reference value :  9.25006e-06
 Reference value :  9.29287e-06
 Reference value :  9.34395e-06
 Reference value :  9.38070e-06
 Reference value :  9.44010e-06
 Reference value :  9.50072e-06
 Reference value :  9.56262e-06
 Reference value :  9.59429e-06
 Reference value :  9.65633e-06
 Reference value :  9.71875e-06
 Reference value :  9.75823e-06
 Reference value :  9.81505e-06
 Reference value :  9.87564e-06
 Reference value :  9.93750e-06
 Reference value :  1.00002e-05
 Reference value :  1.00318e-05
 Reference value :  1.01023e-05
 Reference value :  1.01877e-05
 Reference value :  1.02502e-05
 Reference value :  1.03126e-05
 Reference value :  1.03442e-05
 Reference value :  1.04063e-05
 Reference value :  1.04400e-05
 Reference value :  1.05004e-05
 Reference value :  1.05606e-05
 Reference value :  1.05941e-05
 Reference value :  1.06563e-05
 Reference value :  1.06902e-05
 Reference value :  1.07525e-05
 Reference value :  1.08149e-05
 Reference value :  1.08766e-05
 Reference value :  1.09377e-05
 Reference value :  1.10009e-05
 Reference value :  1.10398e-05
 Reference value :  1.11251e-05
 Reference value :  1.11880e-05
 Reference value :  1.12503e-05
 Reference value :  1.13127e-05
 Reference value :  1.13444e-05
 Reference value :  1.14064e-05
 Reference value :  1.14416e-05
 Reference value :  1.15023e-05
 Reference value :  1.15626e-05
 Reference value :  1.15953e-05
 Reference value :  1.16564e-05
 Reference value :  1.17188e-05
 Reference value :  1.17525e-05
 Reference value :  1.18130e-05
 Reference value :  1.18752e-05
 Reference value :  1.19291e-05
 Reference value :  1.20002e-05
 Reference value :  1.20315e-05
 Reference value :  1.20961e-05
 Reference value :  1.21877e-05
 Reference value :  1.22502e-05
 Reference value :  1.23126e-05
 Reference value :  1.23441e-05
 Reference value :  1.24063e-05
 Reference value :  1.24400e-05
 Reference value :  1.25013e-05
 Reference value :  1.25627e-05
 Reference value :  1.25945e-05
 Reference value :  1.26564e-05
 Reference value :  1.27188e-05
 Reference value :  1.27525e-05
 Reference value :  1.28129e-05
 Reference value :  1.28507e-05
 Reference value :  1.29064e-05
 Reference value :  1.29697e-05
 Reference value :  1.30281e-05
 Reference value :  1.30940e-05
 Reference value :  1.31568e-05
 Reference value :  1.32191e-05
 Reference value :  1.32814e-05
 Reference value :  1.33438e-05
 Reference value :  1.33947e-05
 Reference value :  1.34400e-05
 Reference value :  1.35012e-05
 Reference value :  1.35627e-05
 Reference value :  1.35965e-05
 Reference value :  1.36565e-05
 Reference value :  1.37188e-05
 Reference value :  1.37533e-05
 Reference value :  1.38151e-05
 Reference value :  1.38756e-05
 Reference value :  1.39287e-05
 Reference value :  1.40002e-05
 Reference value :  1.40315e-05
 Reference value :  1.40944e-05
 Reference value :  1.41876e-05
 Reference value :  1.42501e-05
 Reference value :  1.42985e-05
 Reference value :  1.43445e-05
 Reference value :  1.44065e-05
 Reference value :  1.44434e-05
 Reference value :  1.45026e-05
 Reference value :  1.45630e-05
 Reference value :  1.46251e-05
 Reference value :  1.46568e-05
 Reference value :  1.47189e-05
 Reference value :  1.47813e-05
 Reference value :  1.48150e-05
 Reference value :  1.48773e-05
 Reference value :  1.49380e-05
 Reference value :  1.50023e-05
 Reference value :  1.50526e-05
 Reference value :  1.51251e-05
 Reference value :  1.51880e-05
 Reference value :  1.52503e-05
 Reference value :  1.53126e-05
 Reference value :  1.53613e-05
 Reference value :  1.54065e-05
 Reference value :  1.54471e-05
 Reference value :  1.55024e-05
 Reference value :  1.55627e-05
 Reference value :  1.55943e-05
 Reference value :  1.56563e-05
 Reference value :  1.56901e-05
 Reference value :  1.57512e-05
 Reference value :  1.58128e-05
 Reference value :  1.58573e-05
 Reference value :  1.59065e-05
 Reference value :  1.59692e-05
 Reference value :  1.60208e-05
 Reference value :  1.60940e-05
 Reference value :  1.61565e-05
 Reference value :  1.62189e-05
 Reference value :  1.62813e-05
 Reference value :  1.63391e-05
 Reference value :  1.63778e-05
 Reference value :  1.64381e-05
 Reference value :  1.65000e-05
 Reference value :  1.65315e-05
 Reference value :  1.65938e-05
 Reference value :  1.66457e-05
 Reference value :  1.66899e-05
 Reference value :  1.67502e-05
 Reference value :  1.67819e-05
 Reference value :  1.68439e-05
 Reference value :  1.69063e-05
 Reference value :  1.69589e-05
 Reference value :  1.70026e-05
 Reference value :  1.70627e-05
 Reference value :  1.71254e-05
 Reference value :  1.71899e-05
 Reference value :  1.72517e-05
 Reference value :  1.73129e-05
 Reference value :  1.73752e-05
 Reference value :  1.74155e-05
 Reference value :  1.74690e-05
 Reference value :  1.75079e-05
 Reference value :  1.75651e-05
 Reference value :  1.76255e-05
 Reference value :  1.76650e-05
 Reference value :  1.77190e-05
 Reference value :  1.77814e-05
 Reference value :  1.78438e-05
 Reference value :  1.78890e-05
 Reference value :  1.79688e-05
 Reference value :  1.80028e-05
 Reference value :  1.80650e-05
 Reference value :  1.81421e-05
 Reference value :  1.81917e-05
 Reference value :  1.82530e-05
 Reference value :  1.83149e-05
 Reference value :  1.83766e-05
 Reference value :  1.84379e-05
 Reference value :  1.84986e-05
 Reference value :  1.85315e-05
 Reference value :  1.85690e-05
 Reference value :  1.86274e-05
 Reference value :  1.86877e-05
 Reference value :  1.87193e-05
 Reference value :  1.87814e-05
 Reference value :  1.88438e-05
 Reference value :  1.88950e-05
 Reference value :  1.89454e-05
 Reference value :  1.90026e-05
 Reference value :  1.90627e-05
 Reference value :  1.91254e-05
 Reference value :  1.91899e-05
 Reference value :  1.92528e-05
 Reference value :  1.93134e-05
 Reference value :  1.93754e-05
 Reference value :  1.94377e-05
 Reference value :  1.94693e-05
 Reference value :  1.95313e-05
 Reference value :  1.95651e-05
 Reference value :  1.96274e-05
 Reference value :  1.96880e-05
 Reference value :  1.97501e-05
 Reference value :  1.97819e-05
 Reference value :  1.98440e-05
 Reference value :  1.99063e-05
 Reference value :  1.99688e-05
 Reference value :  2.00029e-05
 Reference value :  2.00799e-05
 Reference value :  2.01564e-05
 Reference value :  2.02005e-05
 Reference value :  2.02535e-05
 Reference value :  2.03151e-05
 Reference value :  2.03775e-05
 Reference value :  2.04386e-05
 Reference value :  2.05002e-05
 Reference value :  2.05335e-05
 Reference value :  2.05939e-05
 Reference value :  2.06563e-05
 Reference value :  2.06900e-05
 Reference value :  2.07505e-05
 Reference value :  2.07864e-05
 Reference value :  2.08441e-05
 Reference value :  2.09063e-05
 Reference value :  2.09689e-05
 Reference value :  2.10032e-05
 Reference value :  2.10938e-05
 Reference value :  2.11566e-05
 Reference value :  2.12188e-05
 Reference value :  2.12813e-05
 Reference value :  2.13174e-05
 Reference value :  2.13776e-05
 Reference value :  2.14399e-05
 Reference value :  2.15002e-05
 Reference value :  2.15319e-05
 Reference value :  2.15938e-05
 Reference value :  2.16281e-05
 Reference value :  2.16883e-05
 Reference value :  2.17501e-05
 Reference value :  2.17819e-05
 Reference value :  2.18440e-05
 Reference value :  2.18783e-05
 Reference value :  2.19402e-05
 Reference value :  2.20025e-05
 Reference value :  2.20628e-05
 Reference value :  2.21504e-05
 Reference value :  2.21903e-05
 Reference value :  2.22527e-05
 Reference value :  2.23130e-05
 Reference value :  2.23752e-05
 Reference value :  2.24376e-05
 Reference value :  2.24694e-05
 Reference value :  2.25314e-05
 Reference value :  2.25656e-05
 Reference value :  2.26257e-05
 Reference value :  2.26877e-05
 Reference value :  2.27501e-05
 Reference value :  2.27818e-05
 Reference value :  2.28439e-05
 Reference value :  2.29063e-05
 Reference value :  2.29575e-05
 Reference value :  2.30027e-05
 Reference value :  2.30627e-05
 Reference value :  2.31344e-05
 Reference value :  2.31901e-05
 Reference value :  2.32508e-05
 Reference value :  2.33129e-05
 Reference value :  2.33751e-05
 Reference value :  2.34101e-05
 Reference value :  2.34689e-05
 Reference value :  2.35313e-05
 Reference value :  2.35649e-05
 Reference value :  2.36252e-05
 Reference value :  2.36675e-05
 Reference value :  2.37191e-05
 Reference value :  2.37814e-05
 Reference value :  2.38438e-05
 Reference value :  2.38775e-05
 Reference value :  2.39379e-05
 Reference value :  2.40023e-05
 Reference value :  2.40625e-05
 Reference value :  2.41254e-05
 Reference value :  2.41900e-05
 Reference value :  2.42528e-05
 Reference value :  2.43128e-05
 Reference value :  2.43751e-05
 Reference value :  2.44215e-05
 Reference value :  2.44690e-05
 Reference value :  2.45313e-05
 Reference value :  2.45653e-05
 Reference value :  2.46258e-05
 Reference value :  2.46877e-05
 Reference value :  2.47296e-05
 Reference value :  2.47817e-05
 Reference value :  2.48438e-05
 Reference value :  2.48961e-05
 Reference value :  2.49635e-05
 Reference value :  2.50027e-05
 Reference value :  2.50631e-05
 Reference value :  2.51563e-05
 Reference value :  2.52188e-05
 Reference value :  2.52802e-05
 Reference value :  2.53150e-05
 Reference value :  2.53773e-05
 Reference value :  2.54379e-05
 Reference value :  2.55000e-05
 Reference value :  2.55317e-05
 Reference value :  2.55938e-05
 Reference value :  2.56275e-05
 Reference value :  2.56879e-05
 Reference value :  2.57200e-05
 Reference value :  2.57815e-05
 Reference value :  2.58162e-05
 Reference value :  2.58776e-05
 Reference value :  2.59382e-05
 Reference value :  2.60024e-05
 Reference value :  2.60626e-05
 Reference value :  2.61256e-05
 Reference value :  2.61900e-05
 Reference value :  2.62529e-05
 Reference value :  2.63128e-05
 Reference value :  2.63751e-05
 Reference value :  2.64074e-05
 Reference value :  2.64689e-05
 Reference value :  2.65313e-05
 Reference value :  2.65651e-05
 Reference value :  2.66273e-05
 Reference value :  2.66876e-05
 Reference value :  2.67193e-05
 Reference value :  2.67813e-05
 Reference value :  2.68345e-05
 Reference value :  2.68775e-05
 Reference value :  2.69378e-05
 Reference value :  2.70009e-05
 Reference value :  2.70455e-05
 Reference value :  2.71253e-05
 Reference value :  2.71899e-05
 Reference value :  2.72527e-05
 Reference value :  2.73128e-05
 Reference value :  2.73750e-05
 Reference value :  2.74070e-05
 Reference value :  2.74689e-05
 Reference value :  2.75027e-05
 Reference value :  2.75631e-05
 Reference value :  2.76252e-05
 Reference value :  2.76656e-05
 Reference value :  2.77191e-05
 Reference value :  2.77813e-05
 Reference value :  2.78152e-05
 Reference value :  2.78775e-05
 Reference value :  2.79379e-05
 Reference value :  2.80023e-05
 Reference value :  2.80625e-05
 Reference value :  2.81254e-05
 Reference value :  2.81900e-05
 Reference value :  2.82528e-05
 Reference value :  2.83128e-05
 Reference value :  2.83751e-05
 Reference value :  2.84070e-05
 Reference value :  2.84689e-05
 Reference value :  2.85034e-05
 Reference value :  2.85637e-05
 Reference value :  2.86251e-05
 Reference value :  2.86566e-05
 Reference value :  2.87189e-05
 Reference value :  2.87526e-05
 Reference value :  2.88132e-05
 Reference value :  2.88752e-05
 Reference value :  2.89068e-05
 Reference value :  2.89694e-05
 Reference value :  2.90119e-05
 Reference value :  2.90939e-05
 Reference value :  2.91569e-05
 Reference value :  2.92191e-05
 Reference value :  2.92814e-05
 Reference value :  2.93159e-05
 Reference value :  2.93775e-05
 Reference value :  2.94382e-05
 Reference value :  2.95000e-05
 Reference value :  2.95315e-05
 Reference value :  2.95938e-05
 Reference value :  2.96327e-05
 Reference value :  2.96898e-05
 Reference value :  2.97501e-05
 Reference value :  2.97818e-05
 Reference value :  2.98438e-05
 Reference value :  2.98789e-05
 Reference value :  2.99688e-05
 Reference value :  3.00027e-05
 Reference value :  3.00632e-05
 Reference value :  3.01563e-05
 Reference value :  3.02188e-05
 Reference value :  3.02535e-05
 Reference value :  3.03143e-05
 Reference value :  3.03755e-05
 Reference value :  3.04168e-05
 Reference value :  3.04690e-05
 Reference value :  3.05051e-05
 Reference value :  3.05650e-05
 Reference value :  3.06253e-05
 Reference value :  3.06568e-05
 Reference value :  3.07189e-05
 Reference value :  3.07813e-05
 Reference value :  3.08393e-05
 Reference value :  3.08777e-05
 Reference value :  3.09555e-05
 Reference value :  3.10026e-05
 Reference value :  3.10629e-05
 Reference value :  3.11563e-05
 Reference value :  3.12188e-05
 Reference value :  3.12531e-05
 Reference value :  3.13134e-05
 Reference value :  3.13753e-05
 Reference value :  3.14068e-05
 Reference value :  3.14688e-05
 Reference value :  3.15026e-05
 Reference value :  3.15630e-05
 Reference value :  3.16250e-05
 Reference value :  3.16567e-05
 Reference value :  3.17188e-05
 Reference value :  3.17528e-05
 Reference value :  3.18150e-05
 Reference value :  3.18754e-05
 Reference value :  3.19187e-05
 Reference value :  3.20001e-05
 Reference value :  3.20314e-05
 Reference value :  3.21091e-05
 Reference value :  3.21878e-05
 Reference value :  3.22502e-05
 Reference value :  3.22823e-05
 Reference value :  3.23439e-05
 Reference value :  3.24063e-05
 Reference value :  3.24401e-05
 Reference value :  3.25008e-05
 Reference value :  3.25614e-05
 Reference value :  3.25939e-05
 Reference value :  3.26279e-05
 Reference value :  3.26885e-05
 Reference value :  3.27502e-05
 Reference value :  3.27900e-05
 Reference value :  3.28441e-05
 Reference value :  3.29063e-05
 Reference value :  3.29688e-05
 Reference value :  3.30028e-05
 Reference value :  3.30661e-05
 Reference value :  3.31563e-05
 Reference value :  3.32188e-05
 Reference value :  3.32802e-05
 Reference value :  3.33149e-05
 Reference value :  3.33756e-05
 Reference value :  3.34376e-05
 Reference value :  3.34693e-05
 Reference value :  3.35313e-05
 Reference value :  3.35674e-05
 Reference value :  3.36276e-05
 Reference value :  3.36898e-05
 Reference value :  3.37502e-05
 Reference value :  3.37818e-05
 Reference value :  3.38438e-05
 Reference value :  3.38775e-05
 Reference value :  3.39380e-05
 Reference value :  3.40023e-05
 Reference value :  3.40626e-05
 Reference value :  3.41255e-05
 Reference value :  3.41900e-05
 Reference value :  3.42527e-05
 Reference value :  3.43127e-05
 Reference value :  3.43442e-05
 Reference value :  3.44063e-05
 Reference value :  3.44401e-05
 Reference value :  3.45023e-05
 Reference value :  3.45626e-05
 Reference value :  3.45942e-05
 Reference value :  3.46544e-05
 Reference value :  3.46917e-05
 Reference value :  3.47525e-05
 Reference value :  3.48130e-05
 Reference value :  3.48517e-05
 Reference value :  3.49064e-05
 Reference value :  3.49694e-05
 Reference value :  3.50313e-05
 Reference value :  3.50940e-05
 Reference value :  3.51875e-05
 Reference value :  3.52500e-05
 Reference value :  3.52818e-05
 Reference value :  3.53438e-05
 Reference value :  3.53776e-05
 Reference value :  3.54380e-05
 Reference value :  3.54738e-05
 Reference value :  3.55315e-05
 Reference value :  3.55689e-05
 Reference value :  3.56275e-05
 Reference value :  3.56879e-05
 Reference value :  3.57501e-05
 Reference value :  3.57819e-05
 Reference value :  3.58438e-05
 Reference value :  3.58776e-05
 Reference value :  3.59379e-05
 Reference value :  3.60016e-05
 Reference value :  3.60567e-05
 Reference value :  3.61254e-05
 Reference value :  3.61900e-05
 Reference value :  3.62527e-05
 Reference value :  3.63127e-05
 Reference value :  3.63443e-05
 Reference value :  3.64063e-05
 Reference value :  3.64400e-05
 Reference value :  3.65005e-05
 Reference value :  3.65626e-05
 Reference value :  3.65974e-05
 Reference value :  3.66565e-05
 Reference value :  3.67188e-05
 Reference value :  3.67526e-05
 Reference value :  3.68150e-05
 Reference value :  3.68754e-05
 Reference value :  3.69068e-05
 Reference value :  3.69820e-05
 Reference value :  3.70313e-05
 Reference value :  3.70943e-05
 Reference value :  3.71876e-05
 Reference value :  3.72501e-05
 Reference value :  3.72817e-05
 Reference value :  3.73438e-05
 Reference value :  3.73777e-05
 Reference value :  3.74399e-05
 Reference value :  3.75002e-05
 Reference value :  3.75317e-05
 Reference value :  3.75938e-05
 Reference value :  3.76276e-05
 Reference value :  3.76898e-05
 Reference value :  3.77501e-05
 Reference value :  3.77828e-05
 Reference value :  3.78442e-05
 Reference value :  3.79063e-05
 Reference value :  3.79688e-05
 Reference value :  3.80027e-05
 Reference value :  3.80630e-05
 Reference value :  3.81563e-05
 Reference value :  3.82188e-05
 Reference value :  3.82599e-05
 Reference value :  3.83148e-05
 Reference value :  3.83751e-05
 Reference value :  3.84069e-05
 Reference value :  3.84688e-05
 Reference value :  3.85048e-05
 Reference value :  3.85648e-05
 Reference value :  3.86250e-05
 Reference value :  3.86565e-05
 Reference value :  3.87014e-05
 Reference value :  3.87524e-05
 Reference value :  3.88127e-05
 Reference value :  3.88445e-05
 Reference value :  3.89063e-05
 Reference value :  3.89688e-05
 Reference value :  3.90029e-05
 Reference value :  3.90737e-05
 Reference value :  3.91564e-05
 Reference value :  3.92188e-05
 Reference value :  3.92750e-05
 Reference value :  3.93155e-05
 Reference value :  3.93773e-05
 Reference value :  3.94380e-05
 Reference value :  3.95002e-05
 Reference value :  3.95404e-05
 Reference value :  3.95940e-05
 Reference value :  3.96563e-05
 Reference value :  3.97187e-05
 Reference value :  3.97523e-05
 Reference value :  3.98127e-05
 Reference value :  3.98750e-05
 Reference value :  3.99067e-05
 Reference value :  3.99693e-05
 Reference value :  4.00313e-05
 Reference value :  4.00940e-05
 Reference value :  4.01570e-05
 Reference value :  4.02192e-05
 Reference value :  4.02816e-05
 Reference value :  4.03439e-05
 Reference value :  4.03937e-05
 Reference value :  4.04401e-05
 Reference value :  4.05023e-05
 Reference value :  4.05627e-05
 Reference value :  4.06091e-05
 Reference value :  4.06566e-05
 Reference value :  4.07172e-05
 Reference value :  4.07527e-05
 Reference value :  4.08148e-05
 Reference value :  4.08753e-05
 Reference value :  4.09375e-05
 Reference value :  4.10003e-05
 Reference value :  4.10318e-05
 Reference value :  4.11143e-05
 Reference value :  4.11877e-05
 Reference value :  4.12502e-05
 Reference value :  4.13127e-05
 Reference value :  4.13446e-05
 Reference value :  4.14064e-05
 Reference value :  4.14688e-05
 Reference value :  4.15026e-05
 Reference value :  4.15648e-05
 Reference value :  4.16251e-05
 Reference value :  4.16569e-05
 Reference value :  4.17189e-05
 Reference value :  4.17813e-05
 Reference value :  4.18303e-05
 Reference value :  4.18773e-05
 Reference value :  4.19376e-05
 Reference value :  4.20004e-05
 Reference value :  4.20316e-05
 Reference value :  4.20951e-05
 Reference value :  4.21876e-05
 Reference value :  4.22501e-05
 Reference value :  4.23126e-05
 Reference value :  4.23442e-05
 Reference value :  4.24063e-05
 Reference value :  4.24401e-05
 Reference value :  4.25005e-05
 Reference value :  4.25626e-05
 Reference value :  4.25944e-05
 Reference value :  4.26564e-05
 Reference value :  4.26906e-05
 Reference value :  4.27525e-05
 Reference value :  4.28148e-05
 Reference value :  4.28756e-05
 Reference value :  4.29376e-05
 Reference value :  4.30004e-05
 Reference value :  4.30319e-05
 Reference value :  4.31250e-05
 Reference value :  4.31884e-05
 Reference value :  4.32516e-05
 Reference value :  4.33133e-05
 Reference value :  4.33751e-05
 Reference value :  4.34067e-05
 Reference value :  4.34688e-05
 Reference value :  4.35027e-05
 Reference value :  4.35648e-05
 Reference value :  4.36259e-05
 Reference value :  4.36878e-05
 Reference value :  4.37199e-05
 Reference value :  4.37814e-05
 Reference value :  4.38438e-05
 Reference value :  4.38810e-05
 Reference value :  4.39688e-05
 Reference value :  4.40029e-05
 Reference value :  4.40759e-05
 Reference value :  4.41501e-05
 Reference value :  4.41902e-05
 Reference value :  4.42529e-05
 Reference value :  4.43149e-05
 Reference value :  4.43752e-05
 Reference value :  4.44075e-05
 Reference value :  4.44689e-05
 Reference value :  4.45313e-05
 Reference value :  4.45658e-05
 Reference value :  4.46273e-05
 Reference value :  4.46880e-05
 Reference value :  4.47455e-05
 Reference value :  4.47818e-05
 Reference value :  4.48440e-05
 Reference value :  4.48831e-05
 Reference value :  4.49688e-05
 Reference value :  4.50029e-05
 Reference value :  4.50938e-05
 Reference value :  4.51565e-05
 Reference value :  4.52190e-05
 Reference value :  4.52814e-05
 Reference value :  4.53352e-05
 Reference value :  4.53779e-05
 Reference value :  4.54381e-05
 Reference value :  4.55002e-05
 Reference value :  4.55527e-05
 Reference value :  4.55942e-05
 Reference value :  4.56564e-05
 Reference value :  4.56963e-05
 Reference value :  4.57528e-05
 Reference value :  4.58150e-05
 Reference value :  4.58755e-05
 Reference value :  4.59376e-05
 Reference value :  4.60004e-05
 Reference value :  4.60318e-05
 Reference value :  4.61193e-05
 Reference value :  4.61881e-05
 Reference value :  4.62506e-05
 Reference value :  4.63129e-05
 Reference value :  4.63754e-05
 Reference value :  4.64268e-05
 Reference value :  4.64693e-05
 Reference value :  4.65316e-05
 Reference value :  4.65938e-05
 Reference value :  4.66278e-05
 Reference value :  4.66900e-05
 Reference value :  4.67510e-05
 Reference value :  4.68126e-05
 Reference value :  4.68451e-05
 Reference value :  4.69065e-05
 Reference value :  4.69804e-05
 Reference value :  4.70313e-05
 Reference value :  4.70942e-05
 Reference value :  4.71570e-05
 Reference value :  4.72192e-05
 Reference value :  4.72814e-05
 Reference value :  4.73438e-05
 Reference value :  4.73785e-05
 Reference value :  4.74388e-05
 Reference value :  4.75000e-05
 Reference value :  4.75316e-05
 Reference value :  4.75679e-05
 Reference value :  4.76273e-05
 Reference value :  4.76877e-05
 Reference value :  4.77196e-05
 Reference value :  4.77818e-05
 Reference value :  4.78439e-05
 Reference value :  4.78778e-05
 Reference value :  4.79688e-05
 Reference value :  4.80028e-05
 Reference value :  4.80642e-05
 Reference value :  4.81441e-05
 Reference value :  4.81903e-05
 Reference value :  4.82529e-05
 Reference value :  4.83149e-05
 Reference value :  4.83758e-05
 Reference value :  4.84294e-05
 Reference value :  4.84690e-05
 Reference value :  4.85313e-05
 Reference value :  4.85665e-05
 Reference value :  4.86275e-05
 Reference value :  4.86879e-05
 Reference value :  4.87396e-05
 Reference value :  4.87817e-05
 Reference value :  4.88438e-05
 Reference value :  4.88781e-05
 Reference value :  4.89688e-05
 Reference value :  4.90029e-05
 Reference value :  4.90938e-05
 Reference value :  4.91563e-05
 Reference value :  4.92154e-05
 Reference value :  4.92534e-05
 Reference value :  4.93152e-05
 Reference value :  4.93775e-05
 Reference value :  4.94381e-05
 Reference value :  4.95001e-05
 Reference value :  4.95316e-05
 Reference value :  4.95938e-05
 Reference value :  4.96275e-05
 Reference value :  4.96879e-05
 Reference value :  4.97501e-05
 Reference value :  4.98125e-05
 Reference value :  4.98750e-05
 Reference value :  4.99067e-05
 Reference value :  4.99709e-05
 Reference value :  5.00313e-05
 Reference value :  5.00942e-05
 Reference value :  5.01646e-05
 Reference value :  5.02197e-05
 Reference value :  5.02815e-05
 Reference value :  5.03439e-05
 Reference value :  5.04063e-05
 Reference value :  5.04416e-05
 Reference value :  5.05023e-05
 Reference value :  5.05627e-05
 Reference value :  5.05943e-05
 Reference value :  5.06563e-05
 Reference value :  5.06900e-05
 Reference value :  5.07503e-05
 Reference value :  5.08126e-05
 Reference value :  5.08751e-05
 Reference value :  5.09068e-05
 Reference value :  5.10000e-05
 Reference value :  5.10314e-05
 Reference value :  5.10944e-05
 Reference value :  5.11875e-05
 Reference value :  5.12501e-05
 Reference value :  5.13126e-05
 Reference value :  5.13751e-05
 Reference value :  5.14314e-05
 Reference value :  5.14691e-05
 Reference value :  5.15232e-05
 Reference value :  5.15650e-05
 Reference value :  5.16273e-05
 Reference value :  5.16880e-05
 Reference value :  5.17501e-05
 Reference value :  5.17818e-05
 Reference value :  5.18439e-05
 Reference value :  5.19063e-05
 Reference value :  5.19689e-05
 Reference value :  5.20039e-05
 Reference value :  5.20938e-05
 Reference value :  5.21567e-05
 Reference value :  5.22188e-05
 Reference value :  5.22814e-05
 Reference value :  5.23438e-05
 Reference value :  5.24044e-05
 Reference value :  5.24434e-05
 Reference value :  5.25037e-05
 Reference value :  5.25648e-05
 Reference value :  5.26254e-05
 Reference value :  5.26651e-05
 Reference value :  5.27191e-05
 Reference value :  5.27655e-05
 Reference value :  5.28149e-05
 Reference value :  5.28773e-05
 Reference value :  5.29382e-05
 Reference value :  5.30025e-05
 Reference value :  5.30627e-05
 Reference value :  5.31262e-05
 Reference value :  5.31898e-05
 Reference value :  5.32527e-05
 Reference value :  5.33128e-05
 Reference value :  5.33752e-05
 Reference value :  5.34376e-05
 Reference value :  5.34693e-05
 Reference value :  5.35314e-05
 Reference value :  5.35656e-05
 Reference value :  5.36260e-05
 Reference value :  5.36876e-05
 Reference value :  5.37193e-05
 Reference value :  5.37814e-05
 Reference value :  5.38439e-05
 Reference value :  5.38777e-05
 Reference value :  5.39384e-05
 Reference value :  5.40025e-05
 Reference value :  5.40627e-05
 Reference value :  5.41324e-05
 Reference value :  5.41900e-05
 Reference value :  5.42505e-05
 Reference value :  5.43127e-05
 Reference value :  5.43634e-05
 Reference value :  5.44065e-05
 Reference value :  5.44688e-05
 Reference value :  5.45035e-05
 Reference value :  5.45648e-05
 Reference value :  5.46251e-05
 Reference value :  5.46568e-05
 Reference value :  5.47189e-05
 Reference value :  5.47813e-05
 Reference value :  5.48151e-05
 Reference value :  5.48775e-05
 Reference value :  5.49380e-05
 Reference value :  5.50025e-05
 Reference value :  5.50627e-05
 Reference value :  5.51259e-05
 Reference value :  5.51900e-05
 Reference value :  5.52504e-05
 Reference value :  5.53127e-05
 Reference value :  5.53731e-05
 Reference value :  5.54068e-05
 Reference value :  5.54689e-05
 Reference value :  5.55313e-05
 Reference value :  5.55679e-05
 Reference value :  5.56274e-05
 Reference value :  5.56887e-05
 Reference value :  5.57504e-05
 Reference value :  5.58127e-05
 Reference value :  5.58672e-05
 Reference value :  5.59066e-05
 Reference value :  5.59692e-05
 Reference value :  5.60283e-05
 Reference value :  5.60940e-05
 Reference value :  5.61719e-05
 Reference value :  5.62194e-05
 Reference value :  5.62816e-05
 Reference value :  5.63438e-05
 Reference value :  5.63879e-05
 Reference value :  5.64402e-05
 Reference value :  5.65023e-05
 Reference value :  5.65626e-05
 Reference value :  5.65942e-05
 Reference value :  5.66563e-05
 Reference value :  5.67188e-05
 Reference value :  5.67527e-05
 Reference value :  5.68148e-05
 Reference value :  5.68757e-05
 Reference value :  5.69376e-05
 Reference value :  5.70004e-05
 Reference value :  5.70574e-05
 Reference value :  5.71344e-05
 Reference value :  5.71902e-05
 Reference value :  5.72531e-05
 Reference value :  5.73148e-05
 Reference value :  5.73761e-05
 Reference value :  5.74379e-05
 Reference value :  5.75001e-05
 Reference value :  5.75317e-05
 Reference value :  5.75938e-05
 Reference value :  5.76275e-05
 Reference value :  5.76880e-05
 Reference value :  5.77500e-05
 Reference value :  5.77818e-05
 Reference value :  5.78439e-05
 Reference value :  5.79046e-05
 Reference value :  5.79688e-05
 Reference value :  5.80030e-05
 Reference value :  5.80938e-05
 Reference value :  5.81569e-05
 Reference value :  5.82197e-05
 Reference value :  5.82817e-05
 Reference value :  5.83438e-05
 Reference value :  5.84063e-05
 Reference value :  5.84405e-05
 Reference value :  5.85025e-05
 Reference value :  5.85630e-05
 Reference value :  5.86252e-05
 Reference value :  5.86569e-05
 Reference value :  5.87189e-05
 Reference value :  5.87525e-05
 Reference value :  5.88148e-05
 Reference value :  5.88754e-05
 Reference value :  5.89238e-05
 Reference value :  5.90002e-05
 Reference value :  5.90315e-05
 Reference value :  5.91250e-05
 Reference value :  5.91879e-05
 Reference value :  5.92502e-05
 Reference value :  5.92882e-05
 Reference value :  5.93439e-05
 Reference value :  5.94063e-05
 Reference value :  5.94404e-05
 Reference value :  5.95005e-05
 Reference value :  5.95626e-05
 Reference value :  5.95943e-05
 Reference value :  5.96564e-05
 Reference value :  5.97108e-05
 Reference value :  5.97525e-05
 Reference value :  5.98148e-05
 Reference value :  5.98755e-05
 Reference value :  5.99375e-05
 Reference value :  6.00002e-05
 Reference value :  6.00314e-05
 Reference value :  6.01161e-05
 Reference value :  6.01878e-05
 Reference value :  6.02502e-05
 Reference value :  6.02960e-05
 Reference value :  6.03447e-05
 Reference value :  6.04064e-05
 Reference value :  6.04688e-05
 Reference value :  6.05027e-05
 Reference value :  6.05630e-05
 Reference value :  6.05948e-05
 Reference value :  6.06564e-05
 Reference value :  6.07189e-05
 Reference value :  6.07813e-05
 Reference value :  6.08150e-05
 Reference value :  6.08773e-05
 Reference value :  6.09381e-05
 Reference value :  6.10024e-05
 Reference value :  6.10626e-05
 Reference value :  6.11286e-05
 Reference value :  6.11902e-05
 Reference value :  6.12530e-05
 Reference value :  6.13130e-05
 Reference value :  6.13751e-05
 Reference value :  6.14067e-05
 Reference value :  6.14689e-05
 Reference value :  6.15037e-05
 Reference value :  6.15653e-05
 Reference value :  6.16276e-05
 Reference value :  6.16881e-05
 Reference value :  6.17502e-05
 Reference value :  6.17832e-05
 Reference value :  6.18442e-05
 Reference value :  6.19065e-05
 Reference value :  6.19698e-05
 Reference value :  6.20313e-05
 Reference value :  6.21220e-05
 Reference value :  6.21880e-05
 Reference value :  6.22503e-05
 Reference value :  6.23080e-05
 Reference value :  6.23443e-05
 Reference value :  6.24063e-05
 Reference value :  6.24401e-05
 Reference value :  6.25007e-05
 Reference value :  6.25627e-05
 Reference value :  6.25943e-05
 Reference value :  6.26563e-05
 Reference value :  6.26900e-05
 Reference value :  6.27512e-05
 Reference value :  6.28128e-05
 Reference value :  6.28451e-05
 Reference value :  6.29066e-05
 Reference value :  6.29693e-05
 Reference value :  6.30264e-05
 Reference value :  6.30940e-05
 Reference value :  6.31746e-05
 Reference value :  6.32195e-05
 Reference value :  6.32815e-05
 Reference value :  6.33438e-05
 Reference value :  6.34063e-05
 Reference value :  6.34401e-05
 Reference value :  6.35005e-05
 Reference value :  6.35626e-05
 Reference value :  6.35949e-05
 Reference value :  6.36564e-05
 Reference value :  6.36997e-05
 Reference value :  6.37526e-05
 Reference value :  6.38149e-05
 Reference value :  6.38759e-05
 Reference value :  6.39377e-05
 Reference value :  6.40004e-05
 Reference value :  6.40318e-05
 Reference value :  6.41251e-05
 Reference value :  6.41881e-05
 Reference value :  6.42504e-05
 Reference value :  6.43126e-05
 Reference value :  6.43578e-05
 Reference value :  6.44065e-05
 Reference value :  6.44415e-05
 Reference value :  6.45025e-05
 Reference value :  6.45629e-05
 Reference value :  6.45983e-05
 Reference value :  6.46564e-05
 Reference value :  6.46903e-05
 Reference value :  6.47505e-05
 Reference value :  6.48031e-05
 Reference value :  6.48440e-05
 Reference value :  6.49063e-05
 Reference value :  6.49689e-05
 Reference value :  6.50144e-05
 Reference value :  6.50940e-05
 Reference value :  6.51875e-05
 Reference value :  6.52318e-05
 Reference value :  6.52817e-05
 Reference value :  6.53438e-05
 Reference value :  6.54063e-05
 Reference value :  6.54408e-05
 Reference value :  6.55025e-05
 Reference value :  6.55636e-05
 Reference value :  6.56253e-05
 Reference value :  6.56876e-05
 Reference value :  6.57194e-05
 Reference value :  6.57815e-05
 Reference value :  6.58439e-05
 Reference value :  6.58791e-05
 Reference value :  6.59454e-05
No. of Data Rows : 165412
s000                =  7.33000e+02
s001                =  3.32000e+02
s002                =  6.46000e+02
s003                =  4.23000e+02
s004                =  5.54000e+02
s005                =  5.16000e+02
s006                =  4.60000e+02
s007                =  6.09000e+02
s008                =  3.68000e+02
s009                =  6.99000e+02
s010                =  2.82000e+02
s011                =  7.82000e+02
s012                =  2.04000e+02
s013                =  8.54000e+02
s014                =  1.39000e+02
s015                =  9.12000e+02
s016                =  8.70000e+01
s017                =  9.56000e+02
s018                =  5.20000e+01
s019                =  9.82000e+02
s020                =  3.50000e+01
s021                =  9.90000e+02
s022                =  3.50000e+01
s023                =  9.80000e+02
s024                =  5.50000e+01
s025                =  9.52000e+02
s026                =  9.10000e+01
s027                =  9.07000e+02
s028                =  1.44000e+02
s029                =  8.46000e+02
s030                =  2.11000e+02
s031                =  7.73000e+02
s032                =  2.90000e+02
s033                =  6.90000e+02
s034                =  3.77000e+02
s035                =  6.00000e+02
s036                =  4.69000e+02
s037                =  5.07000e+02
s038                =  5.63000e+02
s039                =  4.14000e+02
s040                =  6.55000e+02
s041                =  3.24000e+02
s042                =  7.42000e+02
s043                =  2.42000e+02
s044                =  8.19000e+02
s045                =  1.70000e+02
s046                =  8.85000e+02
s047                =  1.11000e+02
s048                =  9.36000e+02
s049                =  6.80000e+01
s050                =  9.71000e+02
s051                =  4.10000e+01
s052                =  9.88000e+02
s053                =  3.30000e+01
s054                =  9.88000e+02
s055                =  4.30000e+01
s056                =  9.68000e+02
s057                =  7.10000e+01
s058                =  9.31000e+02
s059                =  1.16000e+02
s060                =  8.78000e+02
s061                =  1.76000e+02
s062                =  8.11000e+02
s063                =  2.49000e+02
cmax                =  9.90000e+02 at=  2.49396e-05
cmin                =  3.30000e+01 at=  5.69396e-05
d000                =  2.59644e+02 at=  2.50012e-06
d008                =  6.24520e+02 at=  1.07813e-05
d016                =  8.51450e+02 at=  1.88751e-05
d024                =  6.02552e+02 at=  2.68751e-05
d032                =  2.59180e+02 at=  3.45001e-05
d040                =  6.24904e+02 at=  4.27813e-05
d048                =  8.51729e+02 at=  5.08751e-05
d056                =  6.02104e+02 at=  5.88751e-05
vrefhi              =  3.63190e+00 at=  6.31185e-05
vreflo              =  3.62825e+00 at=  6.40677e-05
m_code_s000 = 7.3300000000e+02
m_code_s001 = 3.3200000000e+02
m_code_s002 = 6.4600000000e+02
m_code_s003 = 4.2300000000e+02
m_code_s004 = 5.5400000000e+02
m_code_s005 = 5.1600000000e+02
m_code_s006 = 4.6000000000e+02
m_code_s007 = 6.0900000000e+02
m_code_s008 = 3.6800000000e+02
m_code_s009 = 6.9900000000e+02
m_code_s010 = 2.8200000000e+02
m_code_s011 = 7.8200000000e+02
m_code_s012 = 2.0400000000e+02
m_code_s013 = 8.5400000000e+02
m_code_s014 = 1.3900000000e+02
m_code_s015 = 9.1200000000e+02
m_code_s016 = 8.7000000000e+01
m_code_s017 = 9.5600000000e+02
m_code_s018 = 5.2000000000e+01
m_code_s019 = 9.8200000000e+02
m_code_s020 = 3.5000000000e+01
m_code_s021 = 9.9000000000e+02
m_code_s022 = 3.5000000000e+01
m_code_s023 = 9.8000000000e+02
m_code_s024 = 5.5000000000e+01
m_code_s025 = 9.5200000000e+02
m_code_s026 = 9.1000000000e+01
m_code_s027 = 9.0700000000e+02
m_code_s028 = 1.4400000000e+02
m_code_s029 = 8.4600000000e+02
m_code_s030 = 2.1100000000e+02
m_code_s031 = 7.7300000000e+02
m_code_s032 = 2.9000000000e+02
m_code_s033 = 6.9000000000e+02
m_code_s034 = 3.7700000000e+02
m_code_s035 = 6.0000000000e+02
m_code_s036 = 4.6900000000e+02
m_code_s037 = 5.0700000000e+02
m_code_s038 = 5.6300000000e+02
m_code_s039 = 4.1400000000e+02
m_code_s040 = 6.5500000000e+02
m_code_s041 = 3.2400000000e+02
m_code_s042 = 7.4200000000e+02
m_code_s043 = 2.4200000000e+02
m_code_s044 = 8.1900000000e+02
m_code_s045 = 1.7000000000e+02
m_code_s046 = 8.8500000000e+02
m_code_s047 = 1.1100000000e+02
m_code_s048 = 9.3600000000e+02
m_code_s049 = 6.8000000000e+01
m_code_s050 = 9.7100000000e+02
m_code_s051 = 4.1000000000e+01
m_code_s052 = 9.8800000000e+02
m_code_s053 = 3.3000000000e+01
m_code_s054 = 9.8800000000e+02
m_code_s055 = 4.3000000000e+01
m_code_s056 = 9.6800000000e+02
m_code_s057 = 7.1000000000e+01
m_code_s058 = 9.3100000000e+02
m_code_s059 = 1.1600000000e+02
m_code_s060 = 8.7800000000e+02
m_code_s061 = 1.7600000000e+02
m_code_s062 = 8.1100000000e+02
m_code_s063 = 2.4900000000e+02
m_decerr_c000_lsb = 2.5964430000e+02
m_decerr_c008_lsb = 6.2452030000e+02
m_decerr_c016_lsb = 8.5145010000e+02
m_decerr_c024_lsb = 6.0255200000e+02
m_decerr_c032_lsb = 2.5918010000e+02
m_decerr_c040_lsb = 6.2490420000e+02
m_decerr_c048_lsb = 8.5172930000e+02
m_decerr_c056_lsb = 6.0210440000e+02
m_code_max = 9.9000000000e+02
m_code_min = 3.3000000000e+01
m_vref_droop_mv = 3.6570000000e+00
Note: Simulation executed from .control section 

Note: Starting dynamic gmin stepping
Note: Dynamic gmin stepping completed
