
Note: No compatibility mode selected!


Circuit: * adc-inl-dnl @ cap_ff_-40c_3.63v -- generated by sim/harness, do not edit

Reducing trtol to 1 for xspice 'A' devices
Doing analysis at TEMP = -40.000000 and TNOM = 27.000000

Using SPARSE 1.3 as Direct Linear Solver

Initial Transient Solution
--------------------------

Node                                   Voltage
----                                   -------
clk                                          0
cmpclk                                       0
cmpclkb                                   3.63
vddt                                      3.63
vddd                                      3.63
vddc                                      3.63
vrefs                                     3.63
vrefn                                     3.63
vcmn                                     1.815
se_vinp                             0.00443115
se_vinn                                  1.815
se_start                                     0
se_mode                                      0
se_cmp                                 1.49859
se_samp_tp_n                                 0
se_sel_in_n                                  0
se_drdy                                   3.63
se_c9                                        0
se_c8                                        0
se_c7                                        0
se_c6                                        0
se_c5                                        0
se_c4                                        0
se_c3                                        0
se_c2                                        0
se_c1                                        0
se_c0                                        0
se_rel_n_256p                             3.63
se_sel_hi_n_256p                             0
se_sel_lo_n_256p                             0
se_rel_n_128p                             3.63
se_sel_hi_n_128p                             0
se_sel_lo_n_128p                             0
se_rel_n_64p                              3.63
se_sel_hi_n_64p                              0
se_sel_lo_n_64p                              0
se_rel_n_32p                              3.63
se_sel_hi_n_32p                              0
se_sel_lo_n_32p                              0
se_rel_n_16p                              3.63
se_sel_hi_n_16p                              0
se_sel_lo_n_16p                              0
se_rel_n_8p                               3.63
se_sel_hi_n_8p                               0
se_sel_lo_n_8p                               0
se_rel_n_4p                               3.63
se_sel_hi_n_4p                               0
se_sel_lo_n_4p                               0
se_rel_n_2p                               3.63
se_sel_hi_n_2p                               0
se_sel_lo_n_2p                               0
se_rel_n_1p                               3.63
se_sel_hi_n_1p                               0
se_sel_lo_n_1p                               0
se_rel_n_256n                             3.63
se_sel_hi_n_256n                             0
se_sel_lo_n_256n                             0
se_rel_n_128n                             3.63
se_sel_hi_n_128n                             0
se_sel_lo_n_128n                             0
se_rel_n_64n                              3.63
se_sel_hi_n_64n                              0
se_sel_lo_n_64n                              0
se_rel_n_32n                              3.63
se_sel_hi_n_32n                              0
se_sel_lo_n_32n                              0
se_rel_n_16n                              3.63
se_sel_hi_n_16n                              0
se_sel_lo_n_16n                              0
se_rel_n_8n                               3.63
se_sel_hi_n_8n                               0
se_sel_lo_n_8n                               0
se_rel_n_4n                               3.63
se_sel_hi_n_4n                               0
se_sel_lo_n_4n                               0
se_rel_n_2n                               3.63
se_sel_hi_n_2n                               0
se_sel_lo_n_2n                               0
se_rel_n_1n                               3.63
se_sel_hi_n_1n                               0
se_sel_lo_n_1n                               0
se_pinp                             0.00443115
se_pinn                                  1.815
xsetswp.gp                                3.63
se_topp                                1.81502
xsetswn.gp                                3.63
se_topn                                1.81502
xsearrp.x256.bp                          1.815
xsearrp.x256.gp_in                        3.63
xsearrp.x256.gp_rel                1.80945e-09
xsearrp.x256.gp_hi                        3.63
xsearrp.x256.gp_lo                        3.63
xsearrp.x128.bp                          1.815
xsearrp.x128.gp_in                        3.63
xsearrp.x128.gp_rel                1.80945e-09
xsearrp.x128.gp_hi                        3.63
xsearrp.x128.gp_lo                        3.63
xsearrp.x64.bp                           1.815
xsearrp.x64.gp_in                         3.63
xsearrp.x64.gp_rel                 1.80945e-09
xsearrp.x64.gp_hi                         3.63
xsearrp.x64.gp_lo                         3.63
xsearrp.x32.bp                           1.815
xsearrp.x32.gp_in                         3.63
xsearrp.x32.gp_rel                 1.80945e-09
xsearrp.x32.gp_hi                         3.63
xsearrp.x32.gp_lo                         3.63
xsearrp.x16.bp                           1.815
xsearrp.x16.gp_in                         3.63
xsearrp.x16.gp_rel                 1.80945e-09
xsearrp.x16.gp_hi                         3.63
xsearrp.x16.gp_lo                         3.63
xsearrp.x8.bp                            1.815
xsearrp.x8.gp_in                          3.63
xsearrp.x8.gp_rel                  1.80945e-09
xsearrp.x8.gp_hi                          3.63
xsearrp.x8.gp_lo                          3.63
xsearrp.x4.bp                            1.815
xsearrp.x4.gp_in                          3.63
xsearrp.x4.gp_rel                  1.80945e-09
xsearrp.x4.gp_hi                          3.63
xsearrp.x4.gp_lo                          3.63
xsearrp.x2.bp                            1.815
xsearrp.x2.gp_in                          3.63
xsearrp.x2.gp_rel                  1.80945e-09
xsearrp.x2.gp_hi                          3.63
xsearrp.x2.gp_lo                          3.63
xsearrp.x1.bp                            1.815
xsearrp.x1.gp_in                          3.63
xsearrp.x1.gp_rel                  1.80945e-09
xsearrp.x1.gp_hi                          3.63
xsearrp.x1.gp_lo                          3.63
xsearrn.x256.bp                          1.815
xsearrn.x256.gp_in                        3.63
xsearrn.x256.gp_rel                1.80945e-09
xsearrn.x256.gp_hi                        3.63
xsearrn.x256.gp_lo                        3.63
xsearrn.x128.bp                          1.815
xsearrn.x128.gp_in                        3.63
xsearrn.x128.gp_rel                1.80945e-09
xsearrn.x128.gp_hi                        3.63
xsearrn.x128.gp_lo                        3.63
xsearrn.x64.bp                           1.815
xsearrn.x64.gp_in                         3.63
xsearrn.x64.gp_rel                 1.80945e-09
xsearrn.x64.gp_hi                         3.63
xsearrn.x64.gp_lo                         3.63
xsearrn.x32.bp                           1.815
xsearrn.x32.gp_in                         3.63
xsearrn.x32.gp_rel                 1.80945e-09
xsearrn.x32.gp_hi                         3.63
xsearrn.x32.gp_lo                         3.63
xsearrn.x16.bp                           1.815
xsearrn.x16.gp_in                         3.63
xsearrn.x16.gp_rel                 1.80945e-09
xsearrn.x16.gp_hi                         3.63
xsearrn.x16.gp_lo                         3.63
xsearrn.x8.bp                            1.815
xsearrn.x8.gp_in                          3.63
xsearrn.x8.gp_rel                  1.80945e-09
xsearrn.x8.gp_hi                          3.63
xsearrn.x8.gp_lo                          3.63
xsearrn.x4.bp                            1.815
xsearrn.x4.gp_in                          3.63
xsearrn.x4.gp_rel                  1.80945e-09
xsearrn.x4.gp_hi                          3.63
xsearrn.x4.gp_lo                          3.63
xsearrn.x2.bp                            1.815
xsearrn.x2.gp_in                          3.63
xsearrn.x2.gp_rel                  1.80945e-09
xsearrn.x2.gp_hi                          3.63
xsearrn.x2.gp_lo                          3.63
xsearrn.x1.bp                            1.815
xsearrn.x1.gp_in                          3.63
xsearrn.x1.gp_rel                  1.80945e-09
xsearrn.x1.gp_hi                          3.63
xsearrn.x1.gp_lo                          3.63
se_ibias                              0.807378
xsecmp.xpre.ptail                     0.834761
xsecmp.pon                             2.74342
xsecmp.preamp_in1                      1.81502
xsecmp.pop                             2.74342
xsecmp.preamp_in2                      1.81502
xsecmp.xpre.xrlp.11                    3.62978
xsecmp.xpre.xrlp.21                    2.74365
xsecmp.xpre.xrln.11                    3.62978
xsecmp.xpre.xrln.21                    2.74365
xsecmp.xlat.ltail                      1.92079
xsecmp.xlat.dip                           3.63
xsecmp.xlat.din                           3.63
xsecmp.outn                               3.63
xsecmp.outp                               3.63
xsecmp.sset                        5.74698e-09
xsecmp.srst                        5.74698e-09
xsecmp.xno1.ps                         3.38743
se_cmpb                                1.49859
xsecmp.xno2.ps                         3.38743
se_dacp                           -1.11022e-16
se_dacn                           -1.11022e-16
se_di                                  1.81057
se_err                                  510.75
se_aerrh                                     0
se_code                                      0
bsecode#branch                               0
bseea#branch                                 0
bsee#branch                                  0
bsedi#branch                                 0
bsedacn#branch                               0
bsedacp#branch                               0
lref#branch                        6.58098e-11
v.xsecmp.vpn#branch               -9.78435e-28
v.xsecmp.vpp#branch                -5.2126e-28
vsemode#branch                               0
vsestart#branch                              0
vsevinn#branch                       3.747e-16
vseinp#branch                      6.47533e-11
vcms#branch                       -6.72934e-14
vrefs#branch                      -6.58098e-11
vddc#branch                       -0.000876553
vddd#branch                       -6.64445e-10
vddt#branch                       -1.45935e-11
vcmpclkb#branch                              0
vcmpclk#branch                               0
vclk#branch                                  0
a.xsectrl.a_gn#branch_1_0                    0
a.xsectrl.a_gn#branch_1_1                    0
a.xsectrl.a_gn#branch_1_2                    0
a.xsectrl.a_gn#branch_1_3                    0
a.xsectrl.a_gn#branch_1_4                    0
a.xsectrl.a_gn#branch_1_5                    0
a.xsectrl.a_gn#branch_1_6                    0
a.xsectrl.a_gn#branch_1_7                    0
a.xsectrl.a_gn#branch_1_8                    0
a.xsectrl.a_gn#branch_1_9                    0
a.xsectrl.a_gn#branch_1_10                   0
a.xsectrl.a_gn#branch_1_11                   0
a.xsectrl.a_gn#branch_1_12                   0
a.xsectrl.a_gn#branch_1_13                   0
a.xsectrl.a_gn#branch_1_14                   0
a.xsectrl.a_gn#branch_1_15                   0
a.xsectrl.a_gn#branch_1_16                   0
a.xsectrl.a_gn#branch_1_17                   0
a.xsectrl.a_gn#branch_1_18                   0
a.xsectrl.a_gn#branch_1_19                   0
a.xsectrl.a_gn#branch_1_20                   0
a.xsectrl.a_gn#branch_1_21                   0
a.xsectrl.a_gn#branch_1_22                   0
a.xsectrl.a_gn#branch_1_23                   0
a.xsectrl.a_gn#branch_1_24                   0
a.xsectrl.a_gn#branch_1_25                   0
a.xsectrl.a_gn#branch_1_26                   0
a.xsectrl.a_gn#branch_1_27                   0
a.xsectrl.a_gn#branch_1_28                   0
a.xsectrl.a_gn#branch_1_29                   0
a.xsectrl.a_gn#branch_1_30                   0
a.xsectrl.a_gn#branch_1_31                   0
a.xsectrl.a_gn#branch_1_32                   0
a.xsectrl.a_gn#branch_1_33                   0
a.xsectrl.a_gn#branch_1_34                   0
a.xsectrl.a_gn#branch_1_35                   0
a.xsectrl.a_gn#branch_1_36                   0
a.xsectrl.a_gn#branch_1_37                   0
a.xsectrl.a_gn#branch_1_38                   0
a.xsectrl.a_gn#branch_1_39                   0
a.xsectrl.a_gn#branch_1_40                   0
a.xsectrl.a_gn#branch_1_41                   0
a.xsectrl.a_gn#branch_1_42                   0
a.xsectrl.a_gn#branch_1_43                   0
a.xsectrl.a_gn#branch_1_44                   0
a.xsectrl.a_gn#branch_1_45                   0
a.xsectrl.a_gn#branch_1_46                   0
a.xsectrl.a_gn#branch_1_47                   0
a.xsectrl.a_gn#branch_1_48                   0
a.xsectrl.a_gn#branch_1_49                   0
a.xsectrl.a_gn#branch_1_50                   0
a.xsectrl.a_gn#branch_1_51                   0
a.xsectrl.a_gn#branch_1_52                   0
a.xsectrl.a_gn#branch_1_53                   0
a.xsectrl.a_dout#branch_1_0                  0
a.xsectrl.a_dout#branch_1_1                  0
a.xsectrl.a_dout#branch_1_2                  0
a.xsectrl.a_dout#branch_1_3                  0
a.xsectrl.a_dout#branch_1_4                  0
a.xsectrl.a_dout#branch_1_5                  0
a.xsectrl.a_dout#branch_1_6                  0
a.xsectrl.a_dout#branch_1_7                  0
a.xsectrl.a_dout#branch_1_8                  0
a.xsectrl.a_dout#branch_1_9                  0
a.xsectrl.a_dout#branch_1_10                 0
a.xsectrl.a_dout#branch_1_11                 0
a.xsectrl.a_dout#branch_1_12                 0

 Reference value :  0.00000e+00
 Reference value :  1.19200e-10
 Reference value :  2.62827e-09
 Reference value :  2.94680e-09
 Reference value :  3.58409e-09
 Reference value :  3.13561e-08
 Reference value :  3.14965e-08
 Reference value :  3.16496e-08
 Reference value :  6.26943e-08
 Reference value :  6.29098e-08
 Reference value :  9.38307e-08
 Reference value :  9.49400e-08
 Reference value :  1.25545e-07
 Reference value :  1.56607e-07
 Reference value :  1.85637e-07
 Reference value :  1.87649e-07
 Reference value :  1.87935e-07
 Reference value :  1.98653e-07
 Reference value :  2.19123e-07
 Reference value :  2.50321e-07
 Reference value :  2.53064e-07
 Reference value :  2.81294e-07
 Reference value :  2.81877e-07
 Reference value :  3.12939e-07
 Reference value :  3.16622e-07
 Reference value :  3.44021e-07
 Reference value :  3.75356e-07
 Reference value :  3.78173e-07
 Reference value :  4.06595e-07
 Reference value :  4.37916e-07
 Reference value :  4.41534e-07
 Reference value :  4.68876e-07
 Reference value :  4.69095e-07
 Reference value :  5.00113e-07
 Reference value :  5.00416e-07
 Reference value :  5.02489e-07
 Reference value :  5.11686e-07
 Reference value :  5.31345e-07
 Reference value :  5.31616e-07
 Reference value :  5.41405e-07
 Reference value :  5.62700e-07
 Reference value :  5.64862e-07
 Reference value :  5.93794e-07
 Reference value :  6.25010e-07
 Reference value :  6.27368e-07
 Reference value :  6.56329e-07
 Reference value :  6.87613e-07
 Reference value :  6.89931e-07
 Reference value :  7.18839e-07
 Reference value :  7.50169e-07
 Reference value :  7.52508e-07
 Reference value :  7.81408e-07
 Reference value :  8.12530e-07
 Reference value :  8.14862e-07
 Reference value :  8.43824e-07
 Reference value :  8.45410e-07
 Reference value :  8.75619e-07
 Reference value :  8.96202e-07
 Reference value :  9.06918e-07
 Reference value :  9.37970e-07
 Reference value :  9.68855e-07
 Reference value :  1.00020e-06
 Reference value :  1.00258e-06
 Reference value :  1.03125e-06
 Reference value :  1.03203e-06
 Reference value :  1.06323e-06
 Reference value :  1.09415e-06
 Reference value :  1.12515e-06
 Reference value :  1.15630e-06
 Reference value :  1.15999e-06
 Reference value :  1.18770e-06
 Reference value :  1.18996e-06
 Reference value :  1.21885e-06
 Reference value :  1.25003e-06
 Reference value :  1.25282e-06
 Reference value :  1.28132e-06
 Reference value :  1.28203e-06
 Reference value :  1.31296e-06
 Reference value :  1.32087e-06
 Reference value :  1.34397e-06
 Reference value :  1.37528e-06
 Reference value :  1.37764e-06
 Reference value :  1.40638e-06
 Reference value :  1.43770e-06
 Reference value :  1.44001e-06
 Reference value :  1.46888e-06
 Reference value :  1.50020e-06
 Reference value :  1.50260e-06
 Reference value :  1.53141e-06
 Reference value :  1.56275e-06
 Reference value :  1.56504e-06
 Reference value :  1.59393e-06
 Reference value :  1.62520e-06
 Reference value :  1.62756e-06
 Reference value :  1.65643e-06
 Reference value :  1.68778e-06
 Reference value :  1.69008e-06
 Reference value :  1.71901e-06
 Reference value :  1.75036e-06
 Reference value :  1.75272e-06
 Reference value :  1.78160e-06
 Reference value :  1.81270e-06
 Reference value :  1.81502e-06
 Reference value :  1.84395e-06
 Reference value :  1.87503e-06
 Reference value :  1.87520e-06
 Reference value :  1.87752e-06
 Reference value :  1.90634e-06
 Reference value :  1.93762e-06
 Reference value :  1.96875e-06
 Reference value :  1.97710e-06
 Reference value :  2.00227e-06
 Reference value :  2.00292e-06
 Reference value :  2.03136e-06
 Reference value :  2.06261e-06
 Reference value :  2.09380e-06
 Reference value :  2.09430e-06
 Reference value :  2.12534e-06
 Reference value :  2.15642e-06
 Reference value :  2.18756e-06
 Reference value :  2.18995e-06
 Reference value :  2.21885e-06
 Reference value :  2.25001e-06
 Reference value :  2.25280e-06
 Reference value :  2.28131e-06
 Reference value :  2.28193e-06
 Reference value :  2.31294e-06
 Reference value :  2.31755e-06
 Reference value :  2.34399e-06
 Reference value :  2.37534e-06
 Reference value :  2.37792e-06
 Reference value :  2.40648e-06
 Reference value :  2.42880e-06
 Reference value :  2.43768e-06
 Reference value :  2.43907e-06
 Reference value :  2.44005e-06
 Reference value :  2.46879e-06
 Reference value :  2.46896e-06
 Reference value :  2.50006e-06
 Reference value :  2.50039e-06
 Reference value :  2.50246e-06
 Reference value :  2.50259e-06
 Reference value :  2.50581e-06
 Reference value :  2.53127e-06
 Reference value :  2.53134e-06
 Reference value :  2.56265e-06
 Reference value :  2.56500e-06
 Reference value :  2.59385e-06
 Reference value :  2.62519e-06
 Reference value :  2.62750e-06
 Reference value :  2.65638e-06
 Reference value :  2.68770e-06
 Reference value :  2.69007e-06
 Reference value :  2.71894e-06
 Reference value :  2.72070e-06
 Reference value :  2.75095e-06
 Reference value :  2.78129e-06
 Reference value :  2.78168e-06
 Reference value :  2.81284e-06
 Reference value :  2.81519e-06
 Reference value :  2.84404e-06
 Reference value :  2.87511e-06
 Reference value :  2.87521e-06
 Reference value :  2.87569e-06
 Reference value :  2.88220e-06
 Reference value :  2.90660e-06
 Reference value :  2.93790e-06
 Reference value :  2.96889e-06
 Reference value :  3.00020e-06
 Reference value :  3.00255e-06
 Reference value :  3.02135e-06
 Reference value :  3.03172e-06
 Reference value :  3.06291e-06
 Reference value :  3.09406e-06
 Reference value :  3.12501e-06
 Reference value :  3.15156e-06
 Reference value :  3.15667e-06
 Reference value :  3.15682e-06
 Reference value :  3.17580e-06
 Reference value :  3.18770e-06
 Reference value :  3.18823e-06
 Reference value :  3.19013e-06
 Reference value :  3.21881e-06
 Reference value :  3.21911e-06
 Reference value :  3.21950e-06
 Reference value :  3.25013e-06
 Reference value :  3.25288e-06
 Reference value :  3.28134e-06
 Reference value :  3.29719e-06
 Reference value :  3.31300e-06
 Reference value :  3.32285e-06
 Reference value :  3.34411e-06
 Reference value :  3.37538e-06
 Reference value :  3.37834e-06
 Reference value :  3.40631e-06
 Reference value :  3.40635e-06
 Reference value :  3.41695e-06
 Reference value :  3.43977e-06
 Reference value :  3.46875e-06
 Reference value :  3.47728e-06
 Reference value :  3.50048e-06
 Reference value :  3.50940e-06
 Reference value :  3.53169e-06
 Reference value :  3.56294e-06
 Reference value :  3.57947e-06
 Reference value :  3.59449e-06
 Reference value :  3.62531e-06
 Reference value :  3.62548e-06
 Reference value :  3.62727e-06
 Reference value :  3.62757e-06
 Reference value :  3.65630e-06
 Reference value :  3.65647e-06
 Reference value :  3.68760e-06
 Reference value :  3.68983e-06
 Reference value :  3.71881e-06
 Reference value :  3.75003e-06
 Reference value :  3.75241e-06
 Reference value :  3.78134e-06
 Reference value :  3.78424e-06
 Reference value :  3.81312e-06
 Reference value :  3.84380e-06
 Reference value :  3.85166e-06
 Reference value :  3.87550e-06
 Reference value :  3.88759e-06
 Reference value :  3.90657e-06
 Reference value :  3.90691e-06
 Reference value :  3.92155e-06
 Reference value :  3.93808e-06
 Reference value :  3.96889e-06
 Reference value :  4.00020e-06
 Reference value :  4.00243e-06
 Reference value :  4.00303e-06
 Reference value :  4.03145e-06
 Reference value :  4.06273e-06
 Reference value :  4.06300e-06
 Reference value :  4.09376e-06
 Reference value :  4.09396e-06
 Reference value :  4.11821e-06
 Reference value :  4.12512e-06
 Reference value :  4.12520e-06
 Reference value :  4.14232e-06
 Reference value :  4.15630e-06
 Reference value :  4.15673e-06
 Reference value :  4.18794e-06
 Reference value :  4.21771e-06
 Reference value :  4.21928e-06
 Reference value :  4.25046e-06
 Reference value :  4.25289e-06
 Reference value :  4.28136e-06
 Reference value :  4.31270e-06
 Reference value :  4.31499e-06
 Reference value :  4.34381e-06
 Reference value :  4.34387e-06
 Reference value :  4.37519e-06
 Reference value :  4.37750e-06
 Reference value :  4.40632e-06
 Reference value :  4.40705e-06
 Reference value :  4.43799e-06
 Reference value :  4.44155e-06
 Reference value :  4.46902e-06
 Reference value :  4.50019e-06
 Reference value :  4.50250e-06
 Reference value :  4.53135e-06
 Reference value :  4.56267e-06
 Reference value :  4.56501e-06
 Reference value :  4.59386e-06
 Reference value :  4.62519e-06
 Reference value :  4.62752e-06
 Reference value :  4.65643e-06
 Reference value :  4.68778e-06
 Reference value :  4.69007e-06
 Reference value :  4.71894e-06
 Reference value :  4.75020e-06
 Reference value :  4.75255e-06
 Reference value :  4.78148e-06
 Reference value :  4.81282e-06
 Reference value :  4.81532e-06
 Reference value :  4.84410e-06
 Reference value :  4.87521e-06
 Reference value :  4.87761e-06
 Reference value :  4.90641e-06
 Reference value :  4.93770e-06
 Reference value :  4.96882e-06
 Reference value :  4.98736e-06
 Reference value :  5.00230e-06
 Reference value :  5.00288e-06
 Reference value :  5.03134e-06
 Reference value :  5.06256e-06
 Reference value :  5.09376e-06
 Reference value :  5.09431e-06
 Reference value :  5.12525e-06
 Reference value :  5.15635e-06
 Reference value :  5.18597e-06
 Reference value :  5.18991e-06
 Reference value :  5.21881e-06
 Reference value :  5.21937e-06
 Reference value :  5.25048e-06
 Reference value :  5.26055e-06
 Reference value :  5.28156e-06
 Reference value :  5.31271e-06
 Reference value :  5.31504e-06
 Reference value :  5.34385e-06
 Reference value :  5.34416e-06
 Reference value :  5.37542e-06
 Reference value :  5.37800e-06
 Reference value :  5.40640e-06
 Reference value :  5.43756e-06
 Reference value :  5.43986e-06
 Reference value :  5.46875e-06
 Reference value :  5.46914e-06
 Reference value :  5.50039e-06
 Reference value :  5.50312e-06
 Reference value :  5.53156e-06
 Reference value :  5.56290e-06
 Reference value :  5.56664e-06
 Reference value :  5.59410e-06
 Reference value :  5.62541e-06
 Reference value :  5.63091e-06
 Reference value :  5.65666e-06
 Reference value :  5.68796e-06
 Reference value :  5.70500e-06
 Reference value :  5.71939e-06
 Reference value :  5.75055e-06
 Reference value :  5.77936e-06
 Reference value :  5.78187e-06
 Reference value :  5.81298e-06
 Reference value :  5.84049e-06
 Reference value :  5.84414e-06
 Reference value :  5.87532e-06
 Reference value :  5.87759e-06
 Reference value :  5.87816e-06
 Reference value :  5.90653e-06
 Reference value :  5.93770e-06
 Reference value :  5.96880e-06
 Reference value :  5.99020e-06
 Reference value :  6.00238e-06
 Reference value :  6.00297e-06
 Reference value :  6.03143e-06
 Reference value :  6.06275e-06
 Reference value :  6.09386e-06
 Reference value :  6.12361e-06
 Reference value :  6.14632e-06
 Reference value :  6.15682e-06
 Reference value :  6.18805e-06
 Reference value :  6.21877e-06
 Reference value :  6.21954e-06
 Reference value :  6.25073e-06
 Reference value :  6.28125e-06
 Reference value :  6.29164e-06
 Reference value :  6.31476e-06
 Reference value :  6.31966e-06
 Reference value :  6.34419e-06
 Reference value :  6.37542e-06
 Reference value :  6.37974e-06
 Reference value :  6.40655e-06
 Reference value :  6.43771e-06
 Reference value :  6.44007e-06
 Reference value :  6.46887e-06
 Reference value :  6.50020e-06
 Reference value :  6.50244e-06
 Reference value :  6.53130e-06
 Reference value :  6.56256e-06
 Reference value :  6.56493e-06
 Reference value :  6.59384e-06
 Reference value :  6.62512e-06
 Reference value :  6.62520e-06
 Reference value :  6.62610e-06
 Reference value :  6.62752e-06
 Reference value :  6.65626e-06
 Reference value :  6.65645e-06
 Reference value :  6.68751e-06
 Reference value :  6.68784e-06
 Reference value :  6.68995e-06
 Reference value :  6.69213e-06
 Reference value :  6.71882e-06
 Reference value :  6.71893e-06
 Reference value :  6.75003e-06
 Reference value :  6.75243e-06
 Reference value :  6.78132e-06
 Reference value :  6.81261e-06
 Reference value :  6.81497e-06
 Reference value :  6.84388e-06
 Reference value :  6.87515e-06
 Reference value :  6.87752e-06
 Reference value :  6.90633e-06
 Reference value :  6.91660e-06
 Reference value :  6.93956e-06
 Reference value :  6.96895e-06
 Reference value :  6.97287e-06
 Reference value :  7.00010e-06
 Reference value :  7.00048e-06
 Reference value :  7.00250e-06
 Reference value :  7.00291e-06
 Reference value :  7.01835e-06
 Reference value :  7.03130e-06
 Reference value :  7.03143e-06
 Reference value :  7.03155e-06
 Reference value :  7.06257e-06
 Reference value :  7.06284e-06
 Reference value :  7.09393e-06
 Reference value :  7.09832e-06
 Reference value :  7.12553e-06
 Reference value :  7.15653e-06
 Reference value :  7.15704e-06
 Reference value :  7.16535e-06
 Reference value :  7.18778e-06
 Reference value :  7.19011e-06
 Reference value :  7.21910e-06
 Reference value :  7.25006e-06
 Reference value :  7.25282e-06
 Reference value :  7.25371e-06
 Reference value :  7.28130e-06
 Reference value :  7.28194e-06
 Reference value :  7.31300e-06
 Reference value :  7.31654e-06
 Reference value :  7.34399e-06
 Reference value :  7.37514e-06
 Reference value :  7.37746e-06
 Reference value :  7.40633e-06
 Reference value :  7.41434e-06
 Reference value :  7.43863e-06
 Reference value :  7.46875e-06
 Reference value :  7.47925e-06
 Reference value :  7.50227e-06
 Reference value :  7.53127e-06
 Reference value :  7.54552e-06
 Reference value :  7.56410e-06
 Reference value :  7.59376e-06
 Reference value :  7.60614e-06
 Reference value :  7.62728e-06
 Reference value :  7.65631e-06
 Reference value :  7.68751e-06
 Reference value :  7.68977e-06
 Reference value :  7.71879e-06
 Reference value :  7.71916e-06
 Reference value :  7.75018e-06
 Reference value :  7.75242e-06
 Reference value :  7.78133e-06
 Reference value :  7.81261e-06
 Reference value :  7.81498e-06
 Reference value :  7.84387e-06
 Reference value :  7.87511e-06
 Reference value :  7.87749e-06
 Reference value :  7.90631e-06
 Reference value :  7.93481e-06
 Reference value :  7.94003e-06
 Reference value :  7.96898e-06
 Reference value :  8.00030e-06
 Reference value :  8.00268e-06
 Reference value :  8.03127e-06
 Reference value :  8.03359e-06
 Reference value :  8.06432e-06
 Reference value :  8.09423e-06
 Reference value :  8.12513e-06
 Reference value :  8.15630e-06
 Reference value :  8.15688e-06
 Reference value :  8.18771e-06
 Reference value :  8.19007e-06
 Reference value :  8.21909e-06
 Reference value :  8.25006e-06
 Reference value :  8.25275e-06
 Reference value :  8.28132e-06
 Reference value :  8.28163e-06
 Reference value :  8.31275e-06
 Reference value :  8.31367e-06
 Reference value :  8.31520e-06
 Reference value :  8.32355e-06
 Reference value :  8.34377e-06
 Reference value :  8.34430e-06
 Reference value :  8.37540e-06
 Reference value :  8.37800e-06
 Reference value :  8.40645e-06
 Reference value :  8.43764e-06
 Reference value :  8.44000e-06
 Reference value :  8.46879e-06
 Reference value :  8.46883e-06
 Reference value :  8.46910e-06
 Reference value :  8.46939e-06
 Reference value :  8.50064e-06
 Reference value :  8.51661e-06
 Reference value :  8.53199e-06
 Reference value :  8.56322e-06
 Reference value :  8.58433e-06
 Reference value :  8.59668e-06
 Reference value :  8.62727e-06
 Reference value :  8.62758e-06
 Reference value :  8.64775e-06
 Reference value :  8.65637e-06
 Reference value :  8.68768e-06
 Reference value :  8.69002e-06
 Reference value :  8.71885e-06
 Reference value :  8.75014e-06
 Reference value :  8.75248e-06
 Reference value :  8.78135e-06
 Reference value :  8.81260e-06
 Reference value :  8.81496e-06
 Reference value :  8.82049e-06
 Reference value :  8.84385e-06
 Reference value :  8.84420e-06
 Reference value :  8.87536e-06
 Reference value :  8.87767e-06
 Reference value :  8.90640e-06
 Reference value :  8.93751e-06
 Reference value :  8.93791e-06
 Reference value :  8.96876e-06
 Reference value :  8.96884e-06
 Reference value :  9.00010e-06
 Reference value :  9.00244e-06
 Reference value :  9.00304e-06
 Reference value :  9.03145e-06
 Reference value :  9.06280e-06
 Reference value :  9.09378e-06
 Reference value :  9.09398e-06
 Reference value :  9.09421e-06
 Reference value :  9.12546e-06
 Reference value :  9.15655e-06
 Reference value :  9.18763e-06
 Reference value :  9.19001e-06
 Reference value :  9.21893e-06
 Reference value :  9.25019e-06
 Reference value :  9.25269e-06
 Reference value :  9.25359e-06
 Reference value :  9.28132e-06
 Reference value :  9.31251e-06
 Reference value :  9.31489e-06
 Reference value :  9.34380e-06
 Reference value :  9.34425e-06
 Reference value :  9.37544e-06
 Reference value :  9.37817e-06
 Reference value :  9.40645e-06
 Reference value :  9.43313e-06
 Reference value :  9.43770e-06
 Reference value :  9.43926e-06
 Reference value :  9.45985e-06
 Reference value :  9.46909e-06
 Reference value :  9.50031e-06
 Reference value :  9.50264e-06
 Reference value :  9.53131e-06
 Reference value :  9.53144e-06
 Reference value :  9.56250e-06
 Reference value :  9.56270e-06
 Reference value :  9.56502e-06
 Reference value :  9.59387e-06
 Reference value :  9.62519e-06
 Reference value :  9.62753e-06
 Reference value :  9.65640e-06
 Reference value :  9.68769e-06
 Reference value :  9.68806e-06
 Reference value :  9.68998e-06
 Reference value :  9.71877e-06
 Reference value :  9.73820e-06
 Reference value :  9.75232e-06
 Reference value :  9.75254e-06
 Reference value :  9.78125e-06
 Reference value :  9.78138e-06
 Reference value :  9.78163e-06
 Reference value :  9.79696e-06
 Reference value :  9.81271e-06
 Reference value :  9.81487e-06
 Reference value :  9.81524e-06
 Reference value :  9.84387e-06
 Reference value :  9.84391e-06
 Reference value :  9.86704e-06
 Reference value :  9.87519e-06
 Reference value :  9.87752e-06
 Reference value :  9.90633e-06
 Reference value :  9.93764e-06
 Reference value :  9.96877e-06
 Reference value :  9.97551e-06
 Reference value :  1.00002e-05
 Reference value :  1.00016e-05
 Reference value :  1.00026e-05
 Reference value :  1.00313e-05
 Reference value :  1.00538e-05
 Reference value :  1.00779e-05
 Reference value :  1.00942e-05
 Reference value :  1.01255e-05
 Reference value :  1.01565e-05
 Reference value :  1.01877e-05
 Reference value :  1.01887e-05
 Reference value :  1.01899e-05
 Reference value :  1.01987e-05
 Reference value :  1.02192e-05
 Reference value :  1.02504e-05
 Reference value :  1.02762e-05
 Reference value :  1.02923e-05
 Reference value :  1.03148e-05
 Reference value :  1.03151e-05
 Reference value :  1.03272e-05
 Reference value :  1.03441e-05
 Reference value :  1.03753e-05
 Reference value :  1.03776e-05
 Reference value :  1.04064e-05
 Reference value :  1.04069e-05
 Reference value :  1.04328e-05
 Reference value :  1.04376e-05
 Reference value :  1.04400e-05
 Reference value :  1.04688e-05
 Reference value :  1.05001e-05
 Reference value :  1.05025e-05
 Reference value :  1.05313e-05
 Reference value :  1.05314e-05
 Reference value :  1.05343e-05
 Reference value :  1.05641e-05
 Reference value :  1.05938e-05
 Reference value :  1.06063e-05
 Reference value :  1.06259e-05
 Reference value :  1.06275e-05
 Reference value :  1.06563e-05
 Reference value :  1.06564e-05
 Reference value :  1.06877e-05
 Reference value :  1.06900e-05
 Reference value :  1.07189e-05
 Reference value :  1.07502e-05
 Reference value :  1.07508e-05
 Reference value :  1.07525e-05
 Reference value :  1.07813e-05
 Reference value :  1.08125e-05
 Reference value :  1.08129e-05
 Reference value :  1.08149e-05
 Reference value :  1.08151e-05
 Reference value :  1.08438e-05
 Reference value :  1.08438e-05
 Reference value :  1.08439e-05
 Reference value :  1.08529e-05
 Reference value :  1.08752e-05
 Reference value :  1.08774e-05
 Reference value :  1.08775e-05
 Reference value :  1.08775e-05
 Reference value :  1.08777e-05
 Reference value :  1.09064e-05
 Reference value :  1.09376e-05
 Reference value :  1.09501e-05
 Reference value :  1.09692e-05
 Reference value :  1.10002e-05
 Reference value :  1.10004e-05
 Reference value :  1.10024e-05
 Reference value :  1.10064e-05
 Reference value :  1.10317e-05
 Reference value :  1.10628e-05
 Reference value :  1.10940e-05
 Reference value :  1.10941e-05
 Reference value :  1.11084e-05
 Reference value :  1.11252e-05
 Reference value :  1.11254e-05
 Reference value :  1.11567e-05
 Reference value :  1.11570e-05
 Reference value :  1.11879e-05
 Reference value :  1.11898e-05
 Reference value :  1.12187e-05
 Reference value :  1.12188e-05
 Reference value :  1.12190e-05
 Reference value :  1.12194e-05
 Reference value :  1.12501e-05
 Reference value :  1.12503e-05
 Reference value :  1.12528e-05
 Reference value :  1.12813e-05
 Reference value :  1.12816e-05
 Reference value :  1.13051e-05
 Reference value :  1.13129e-05
 Reference value :  1.13150e-05
 Reference value :  1.13178e-05
 Reference value :  1.13438e-05
 Reference value :  1.13441e-05
 Reference value :  1.13441e-05
 Reference value :  1.13441e-05
 Reference value :  1.13441e-05
 Reference value :  1.13443e-05
 Reference value :  1.13444e-05
 Reference value :  1.13446e-05
 Reference value :  1.13461e-05
 Reference value :  1.13508e-05
 Reference value :  1.13568e-05
 Reference value :  1.13628e-05
 Reference value :  1.13688e-05
 Reference value :  1.13751e-05
 Reference value :  1.13751e-05
 Reference value :  1.13751e-05
 Reference value :  1.13751e-05
 Reference value :  1.13752e-05
 Reference value :  1.13752e-05
 Reference value :  1.13752e-05
 Reference value :  1.13753e-05
 Reference value :  1.13776e-05
 Reference value :  1.14064e-05
 Reference value :  1.14375e-05
 Reference value :  1.14398e-05
 Reference value :  1.14688e-05
 Reference value :  1.14694e-05
 Reference value :  1.15000e-05
 Reference value :  1.15003e-05
 Reference value :  1.15025e-05
 Reference value :  1.15313e-05
 Reference value :  1.15316e-05
 Reference value :  1.15630e-05
 Reference value :  1.15679e-05
 Reference value :  1.15941e-05
 Reference value :  1.16255e-05
 Reference value :  1.16491e-05
 Reference value :  1.16606e-05
 Reference value :  1.16894e-05
 Reference value :  1.17188e-05
 Reference value :  1.17444e-05
 Reference value :  1.17523e-05
 Reference value :  1.17813e-05
 Reference value :  1.18125e-05
 Reference value :  1.18149e-05
 Reference value :  1.18438e-05
 Reference value :  1.18751e-05
 Reference value :  1.18775e-05
 Reference value :  1.19063e-05
 Reference value :  1.19069e-05
 Reference value :  1.19379e-05
 Reference value :  1.19690e-05
 Reference value :  1.20002e-05
 Reference value :  1.20027e-05
 Reference value :  1.20313e-05
 Reference value :  1.20318e-05
 Reference value :  1.20628e-05
 Reference value :  1.20938e-05
 Reference value :  1.20947e-05
 Reference value :  1.21254e-05
 Reference value :  1.21567e-05
 Reference value :  1.21876e-05
 Reference value :  1.21900e-05
 Reference value :  1.22189e-05
 Reference value :  1.22501e-05
 Reference value :  1.22529e-05
 Reference value :  1.22814e-05
 Reference value :  1.23126e-05
 Reference value :  1.23149e-05
 Reference value :  1.23438e-05
 Reference value :  1.23450e-05
 Reference value :  1.23756e-05
 Reference value :  1.23919e-05
 Reference value :  1.24067e-05
 Reference value :  1.24380e-05
 Reference value :  1.24457e-05
 Reference value :  1.24694e-05
 Reference value :  1.25007e-05
 Reference value :  1.25155e-05
 Reference value :  1.25321e-05
 Reference value :  1.25637e-05
 Reference value :  1.25938e-05
 Reference value :  1.26101e-05
 Reference value :  1.26273e-05
 Reference value :  1.26563e-05
 Reference value :  1.26723e-05
 Reference value :  1.26898e-05
 Reference value :  1.27188e-05
 Reference value :  1.27500e-05
 Reference value :  1.27524e-05
 Reference value :  1.27813e-05
 Reference value :  1.27817e-05
 Reference value :  1.28129e-05
 Reference value :  1.28223e-05
 Reference value :  1.28441e-05
 Reference value :  1.28752e-05
 Reference value :  1.28775e-05
 Reference value :  1.29063e-05
 Reference value :  1.29376e-05
 Reference value :  1.29655e-05
 Reference value :  1.29785e-05
 Reference value :  1.30013e-05
 Reference value :  1.30029e-05
 Reference value :  1.30315e-05
 Reference value :  1.30627e-05
 Reference value :  1.30938e-05
 Reference value :  1.31250e-05
 Reference value :  1.31363e-05
 Reference value :  1.31568e-05
 Reference value :  1.31880e-05
 Reference value :  1.32188e-05
 Reference value :  1.32196e-05
 Reference value :  1.32504e-05
 Reference value :  1.32528e-05
 Reference value :  1.32813e-05
 Reference value :  1.32819e-05
 Reference value :  1.33129e-05
 Reference value :  1.33157e-05
 Reference value :  1.33440e-05
 Reference value :  1.33751e-05
 Reference value :  1.33775e-05
 Reference value :  1.34063e-05
 Reference value :  1.34085e-05
 Reference value :  1.34382e-05
 Reference value :  1.34583e-05
 Reference value :  1.34691e-05
 Reference value :  1.35003e-05
 Reference value :  1.35026e-05
 Reference value :  1.35314e-05
 Reference value :  1.35628e-05
 Reference value :  1.35651e-05
 Reference value :  1.35939e-05
 Reference value :  1.36252e-05
 Reference value :  1.36276e-05
 Reference value :  1.36565e-05
 Reference value :  1.36879e-05
 Reference value :  1.36935e-05
 Reference value :  1.37192e-05
 Reference value :  1.37505e-05
 Reference value :  1.37756e-05
 Reference value :  1.37828e-05
 Reference value :  1.38132e-05
 Reference value :  1.38150e-05
 Reference value :  1.38438e-05
 Reference value :  1.38751e-05
 Reference value :  1.38775e-05
 Reference value :  1.39063e-05
 Reference value :  1.39210e-05
 Reference value :  1.39400e-05
 Reference value :  1.39690e-05
 Reference value :  1.40003e-05
 Reference value :  1.40027e-05
 Reference value :  1.40313e-05
 Reference value :  1.40317e-05
 Reference value :  1.40628e-05
 Reference value :  1.40938e-05
 Reference value :  1.41251e-05
 Reference value :  1.41563e-05
 Reference value :  1.41757e-05
 Reference value :  1.41898e-05
 Reference value :  1.42188e-05
 Reference value :  1.42500e-05
 Reference value :  1.42528e-05
 Reference value :  1.42813e-05
 Reference value :  1.42828e-05
 Reference value :  1.43131e-05
 Reference value :  1.43187e-05
 Reference value :  1.43441e-05
 Reference value :  1.43752e-05
 Reference value :  1.43775e-05
 Reference value :  1.44064e-05
 Reference value :  1.44376e-05
 Reference value :  1.44399e-05
 Reference value :  1.44688e-05
 Reference value :  1.44987e-05
 Reference value :  1.45024e-05
 Reference value :  1.45313e-05
 Reference value :  1.45626e-05
 Reference value :  1.45649e-05
 Reference value :  1.45938e-05
 Reference value :  1.46251e-05
 Reference value :  1.46275e-05
 Reference value :  1.46564e-05
 Reference value :  1.46875e-05
 Reference value :  1.46878e-05
 Reference value :  1.46898e-05
 Reference value :  1.46901e-05
 Reference value :  1.47188e-05
 Reference value :  1.47193e-05
 Reference value :  1.47502e-05
 Reference value :  1.47523e-05
 Reference value :  1.47526e-05
 Reference value :  1.47735e-05
 Reference value :  1.47813e-05
 Reference value :  1.47815e-05
 Reference value :  1.47823e-05
 Reference value :  1.48127e-05
 Reference value :  1.48150e-05
 Reference value :  1.48440e-05
 Reference value :  1.48751e-05
 Reference value :  1.48774e-05
 Reference value :  1.49063e-05
 Reference value :  1.49079e-05
 Reference value :  1.49378e-05
 Reference value :  1.49378e-05
 Reference value :  1.49400e-05
 Reference value :  1.49688e-05
 Reference value :  1.49692e-05
 Reference value :  1.49930e-05
 Reference value :  1.50003e-05
 Reference value :  1.50024e-05
 Reference value :  1.50025e-05
 Reference value :  1.50029e-05
 Reference value :  1.50030e-05
 Reference value :  1.50071e-05
 Reference value :  1.50313e-05
 Reference value :  1.50625e-05
 Reference value :  1.50938e-05
 Reference value :  1.50943e-05
 Reference value :  1.51253e-05
 Reference value :  1.51564e-05
 Reference value :  1.51875e-05
 Reference value :  1.51899e-05
 Reference value :  1.52189e-05
 Reference value :  1.52500e-05
 Reference value :  1.52502e-05
 Reference value :  1.52529e-05
 Reference value :  1.52814e-05
 Reference value :  1.53108e-05
 Reference value :  1.53126e-05
 Reference value :  1.53150e-05
 Reference value :  1.53438e-05
 Reference value :  1.53444e-05
 Reference value :  1.53754e-05
 Reference value :  1.53845e-05
 Reference value :  1.54066e-05
 Reference value :  1.54377e-05
 Reference value :  1.54400e-05
 Reference value :  1.54689e-05
 Reference value :  1.55002e-05
 Reference value :  1.55025e-05
 Reference value :  1.55313e-05
 Reference value :  1.55626e-05
 Reference value :  1.55650e-05
 Reference value :  1.55939e-05
 Reference value :  1.56252e-05
 Reference value :  1.56275e-05
 Reference value :  1.56564e-05
 Reference value :  1.56876e-05
 Reference value :  1.56900e-05
 Reference value :  1.57189e-05
 Reference value :  1.57502e-05
 Reference value :  1.57526e-05
 Reference value :  1.57816e-05
 Reference value :  1.58128e-05
 Reference value :  1.58247e-05
 Reference value :  1.58445e-05
 Reference value :  1.58756e-05
 Reference value :  1.58810e-05
 Reference value :  1.59063e-05
 Reference value :  1.59376e-05
 Reference value :  1.59669e-05
 Reference value :  1.59762e-05
 Reference value :  1.60023e-05
 Reference value :  1.60029e-05
 Reference value :  1.60314e-05
 Reference value :  1.60625e-05
 Reference value :  1.60778e-05
 Reference value :  1.60943e-05
 Reference value :  1.61252e-05
 Reference value :  1.61563e-05
 Reference value :  1.61764e-05
 Reference value :  1.61898e-05
 Reference value :  1.62188e-05
 Reference value :  1.62449e-05
 Reference value :  1.62527e-05
 Reference value :  1.62813e-05
 Reference value :  1.62816e-05
 Reference value :  1.63129e-05
 Reference value :  1.63164e-05
 Reference value :  1.63440e-05
 Reference value :  1.63753e-05
 Reference value :  1.63776e-05
 Reference value :  1.64064e-05
 Reference value :  1.64376e-05
 Reference value :  1.64400e-05
 Reference value :  1.64688e-05
 Reference value :  1.65000e-05
 Reference value :  1.65002e-05
 Reference value :  1.65012e-05
 Reference value :  1.65027e-05
 Reference value :  1.65313e-05
 Reference value :  1.65315e-05
 Reference value :  1.65415e-05
 Reference value :  1.65627e-05
 Reference value :  1.65628e-05
 Reference value :  1.65649e-05
 Reference value :  1.65650e-05
 Reference value :  1.65654e-05
 Reference value :  1.65658e-05
 Reference value :  1.65938e-05
 Reference value :  1.65938e-05
 Reference value :  1.65958e-05
 Reference value :  1.66265e-05
 Reference value :  1.66563e-05
 Reference value :  1.66647e-05
 Reference value :  1.66898e-05
 Reference value :  1.67188e-05
 Reference value :  1.67387e-05
 Reference value :  1.67523e-05
 Reference value :  1.67813e-05
 Reference value :  1.67869e-05
 Reference value :  1.68128e-05
 Reference value :  1.68167e-05
 Reference value :  1.68442e-05
 Reference value :  1.68754e-05
 Reference value :  1.68787e-05
 Reference value :  1.69065e-05
 Reference value :  1.69377e-05
 Reference value :  1.69688e-05
 Reference value :  1.70000e-05
 Reference value :  1.70024e-05
 Reference value :  1.70030e-05
 Reference value :  1.70315e-05
 Reference value :  1.70626e-05
 Reference value :  1.70938e-05
 Reference value :  1.71032e-05
 Reference value :  1.71323e-05
 Reference value :  1.71568e-05
 Reference value :  1.71880e-05
 Reference value :  1.72188e-05
 Reference value :  1.72193e-05
 Reference value :  1.72505e-05
 Reference value :  1.72644e-05
 Reference value :  1.72816e-05
 Reference value :  1.73126e-05
 Reference value :  1.73149e-05
 Reference value :  1.73438e-05
 Reference value :  1.73751e-05
 Reference value :  1.73775e-05
 Reference value :  1.74063e-05
 Reference value :  1.74067e-05
 Reference value :  1.74379e-05
 Reference value :  1.74407e-05
 Reference value :  1.74690e-05
 Reference value :  1.75002e-05
 Reference value :  1.75025e-05
 Reference value :  1.75314e-05
 Reference value :  1.75627e-05
 Reference value :  1.75650e-05
 Reference value :  1.75939e-05
 Reference value :  1.76252e-05
 Reference value :  1.76275e-05
 Reference value :  1.76564e-05
 Reference value :  1.76877e-05
 Reference value :  1.76900e-05
 Reference value :  1.77189e-05
 Reference value :  1.77502e-05
 Reference value :  1.77525e-05
 Reference value :  1.77814e-05
 Reference value :  1.78127e-05
 Reference value :  1.78150e-05
 Reference value :  1.78439e-05
 Reference value :  1.78752e-05
 Reference value :  1.78776e-05
 Reference value :  1.79064e-05
 Reference value :  1.79378e-05
 Reference value :  1.79688e-05
 Reference value :  1.80001e-05
 Reference value :  1.80025e-05
 Reference value :  1.80033e-05
 Reference value :  1.80316e-05
 Reference value :  1.80627e-05
 Reference value :  1.80938e-05
 Reference value :  1.81250e-05
 Reference value :  1.81503e-05
 Reference value :  1.81572e-05
 Reference value :  1.81884e-05
 Reference value :  1.82188e-05
 Reference value :  1.82291e-05
 Reference value :  1.82527e-05
 Reference value :  1.82813e-05
 Reference value :  1.82817e-05
 Reference value :  1.83130e-05
 Reference value :  1.83150e-05
 Reference value :  1.83438e-05
 Reference value :  1.83750e-05
 Reference value :  1.83774e-05
 Reference value :  1.84063e-05
 Reference value :  1.84376e-05
 Reference value :  1.84399e-05
 Reference value :  1.84688e-05
 Reference value :  1.85001e-05
 Reference value :  1.85024e-05
 Reference value :  1.85313e-05
 Reference value :  1.85625e-05
 Reference value :  1.85649e-05
 Reference value :  1.85938e-05
 Reference value :  1.86251e-05
 Reference value :  1.86275e-05
 Reference value :  1.86563e-05
 Reference value :  1.86876e-05
 Reference value :  1.86900e-05
 Reference value :  1.87189e-05
 Reference value :  1.87502e-05
 Reference value :  1.87525e-05
 Reference value :  1.87814e-05
 Reference value :  1.88110e-05
 Reference value :  1.88148e-05
 Reference value :  1.88438e-05
 Reference value :  1.88443e-05
 Reference value :  1.88754e-05
 Reference value :  1.88810e-05
 Reference value :  1.89067e-05
 Reference value :  1.89380e-05
 Reference value :  1.89689e-05
 Reference value :  1.90002e-05
 Reference value :  1.90025e-05
 Reference value :  1.90029e-05
 Reference value :  1.90314e-05
 Reference value :  1.90483e-05
 Reference value :  1.90671e-05
 Reference value :  1.90941e-05
 Reference value :  1.91252e-05
 Reference value :  1.91463e-05
 Reference value :  1.91567e-05
 Reference value :  1.91878e-05
 Reference value :  1.91907e-05
 Reference value :  1.92191e-05
 Reference value :  1.92502e-05
 Reference value :  1.92530e-05
 Reference value :  1.92814e-05
 Reference value :  1.93125e-05
 Reference value :  1.93149e-05
 Reference value :  1.93438e-05
 Reference value :  1.93751e-05
 Reference value :  1.93774e-05
 Reference value :  1.94063e-05
 Reference value :  1.94376e-05
 Reference value :  1.94400e-05
 Reference value :  1.94688e-05
 Reference value :  1.95001e-05
 Reference value :  1.95025e-05
 Reference value :  1.95313e-05
 Reference value :  1.95626e-05
 Reference value :  1.95629e-05
 Reference value :  1.95649e-05
 Reference value :  1.95652e-05
 Reference value :  1.95938e-05
 Reference value :  1.95941e-05
 Reference value :  1.96123e-05
 Reference value :  1.96252e-05
 Reference value :  1.96273e-05
 Reference value :  1.96278e-05
 Reference value :  1.96523e-05
 Reference value :  1.96565e-05
 Reference value :  1.96567e-05
 Reference value :  1.96660e-05
 Reference value :  1.96876e-05
 Reference value :  1.96878e-05
 Reference value :  1.96900e-05
 Reference value :  1.97190e-05
 Reference value :  1.97503e-05
 Reference value :  1.97543e-05
 Reference value :  1.97817e-05
 Reference value :  1.98128e-05
 Reference value :  1.98148e-05
 Reference value :  1.98148e-05
 Reference value :  1.98150e-05
 Reference value :  1.98438e-05
 Reference value :  1.98444e-05
 Reference value :  1.98755e-05
 Reference value :  1.99011e-05
 Reference value :  1.99066e-05
 Reference value :  1.99379e-05
 Reference value :  1.99689e-05
 Reference value :  1.99692e-05
No. of Data Rows : 52260
e1                  =  1.02107e+00
x1                  =  7.81968e+00 at=  2.28137e-06
cd1                 =  2.00000e+00
e2                  =  9.70056e-01
x2                  =  7.79880e+00 at=  3.28137e-06
cd2                 =  3.00000e+00
e128                =  6.71721e-01
x128                =  5.23535e+00 at=  4.28139e-06
cd128               =  1.28000e+02
e129                =  7.27039e-01
x129                =  5.27434e+00 at=  5.28139e-06
cd129               =  1.29000e+02
e255                =  4.30213e-01
x255                =  3.27696e+00 at=  6.28141e-06
cd255               =  2.55000e+02
e256                =  4.83381e-01
x256                =  3.31687e+00 at=  7.28141e-06
cd256               =  2.56000e+02
e257                =  4.82898e-01
x257                =  3.28580e+00 at=  8.28143e-06
cd257               =  2.57000e+02
e384                =  1.74481e-01
x384                =  1.67425e+00 at=  9.31261e-06
cd384               =  3.84000e+02
e511                =  -5.54528e-02
x511                =  2.64960e+00 at=  1.03751e-05
cd511               =  5.11000e+02
e512                =  -6.98031e-03
x512                =  2.83449e+00 at=  1.13439e-05
cd512               =  5.12000e+02
e513                =  -7.14476e-04
x513                =  2.80852e+00 at=  1.23439e-05
cd513               =  5.13000e+02
e640                =  -3.10188e-01
x640                =  1.79876e+00 at=  1.33126e-05
cd640               =  6.39000e+02
e767                =  -5.52603e-01
x767                =  3.15541e+00 at=  1.43126e-05
cd767               =  7.66000e+02
e768                =  -5.08108e-01
x768                =  3.10621e+00 at=  1.53126e-05
cd768               =  7.67000e+02
e769                =  -5.01122e-01
x769                =  3.11710e+00 at=  1.63126e-05
cd769               =  7.68000e+02
e896                =  -8.01834e-01
x896                =  4.59859e+00 at=  1.73126e-05
cd896               =  8.95000e+02
e1022               =  -1.03446e+00
x1022               =  6.12479e+00 at=  1.83126e-05
cd1022              =  1.02100e+03
e1023               =  -9.79313e-01
x1023               =  6.07861e+00 at=  1.93126e-05
cd1023              =  1.02200e+03
vrefhi              =  3.63011e+00 at=  1.33149e-05
vreflo              =  3.62988e+00 at=  1.25669e-05
m_terr_t1_lsb = 1.0210700000e+00
m_decerr_t1_lsb = 7.8196820000e+00
m_code_t1 = 2.0000000000e+00
m_terr_t2_lsb = 9.7005580000e-01
m_decerr_t2_lsb = 7.7988030000e+00
m_code_t2 = 3.0000000000e+00
m_terr_t128_lsb = 6.7172070000e-01
m_decerr_t128_lsb = 5.2353500000e+00
m_code_t128 = 1.2800000000e+02
m_terr_t129_lsb = 7.2703910000e-01
m_decerr_t129_lsb = 5.2743400000e+00
m_code_t129 = 1.2900000000e+02
m_terr_t255_lsb = 4.3021330000e-01
m_decerr_t255_lsb = 3.2769600000e+00
m_code_t255 = 2.5500000000e+02
m_terr_t256_lsb = 4.8338140000e-01
m_decerr_t256_lsb = 3.3168700000e+00
m_code_t256 = 2.5600000000e+02
m_terr_t257_lsb = 4.8289790000e-01
m_decerr_t257_lsb = 3.2858020000e+00
m_code_t257 = 2.5700000000e+02
m_terr_t384_lsb = 1.7448130000e-01
m_decerr_t384_lsb = 1.6742540000e+00
m_code_t384 = 3.8400000000e+02
m_terr_t511_lsb = -5.545280000e-02
m_decerr_t511_lsb = 2.6495980000e+00
m_code_t511 = 5.1100000000e+02
m_terr_t512_lsb = -6.980309000e-03
m_decerr_t512_lsb = 2.8344900000e+00
m_code_t512 = 5.1200000000e+02
m_terr_t513_lsb = -7.144757000e-04
m_decerr_t513_lsb = 2.8085190000e+00
m_code_t513 = 5.1300000000e+02
m_terr_t640_lsb = -3.101878000e-01
m_decerr_t640_lsb = 1.7987580000e+00
m_code_t640 = 6.3900000000e+02
m_terr_t767_lsb = -5.526032000e-01
m_decerr_t767_lsb = 3.1554090000e+00
m_code_t767 = 7.6600000000e+02
m_terr_t768_lsb = -5.081083000e-01
m_decerr_t768_lsb = 3.1062130000e+00
m_code_t768 = 7.6700000000e+02
m_terr_t769_lsb = -5.011218000e-01
m_decerr_t769_lsb = 3.1171000000e+00
m_code_t769 = 7.6800000000e+02
m_terr_t896_lsb = -8.018336000e-01
m_decerr_t896_lsb = 4.5985930000e+00
m_code_t896 = 8.9500000000e+02
m_terr_t1022_lsb = -1.034457000e+00
m_decerr_t1022_lsb = 6.1247910000e+00
m_code_t1022 = 1.0210000000e+03
m_terr_t1023_lsb = -9.793129000e-01
m_decerr_t1023_lsb = 6.0786140000e+00
m_code_t1023 = 1.0220000000e+03
m_inl_t1_lsb = 0.0000000000e+00
m_inl_t2_lsb = -4.905687818e-02
m_inl_t128_lsb = -1.007694289e-01
m_inl_t129_lsb = -4.349370705e-02
m_inl_t255_lsb = -9.369695773e-02
m_inl_t256_lsb = -3.857153591e-02
m_inl_t257_lsb = -3.709771409e-02
m_inl_t384_lsb = -9.693444295e-02
m_inl_t511_lsb = -7.828867182e-02
m_inl_t512_lsb = -2.785885900e-02
m_inl_t513_lsb = -1.963570388e-02
m_inl_t640_lsb = -8.052915705e-02
m_inl_t767_lsb = -7.436468591e-02
m_inl_t768_lsb = -2.791246409e-02
m_inl_t769_lsb = -1.896864227e-02
m_inl_t896_lsb = -7.110057114e-02
m_inl_t1022_lsb = -5.710142182e-02
m_inl_t1023_lsb = 0.0000000000e+00
m_dnl_t1_t2_lsb = -5.101420000e-02
m_dnl_t128_t129_lsb = 5.5318400000e-02
m_dnl_t255_t256_lsb = 5.3168100000e-02
m_dnl_t256_t257_lsb = -4.835000000e-04
m_dnl_t511_t512_lsb = 4.8472491000e-02
m_dnl_t512_t513_lsb = 6.2658333000e-03
m_dnl_t767_t768_lsb = 4.4494900000e-02
m_dnl_t768_t769_lsb = 6.9865000000e-03
m_dnl_t1022_t1023_lsb = 5.5144100000e-02
m_gain_err_lsb = -2.002340222e+00
m_vref_droop_mv = 2.3300000000e-01
Note: Simulation executed from .control section 

