
Note: No compatibility mode selected!


Circuit: * adc-inl-dnl @ mim_ss_27c_3.30v -- generated by sim/harness, do not edit

Reducing trtol to 1 for xspice 'A' devices
Doing analysis at TEMP = 27.000000 and TNOM = 27.000000

Using SPARSE 1.3 as Direct Linear Solver

Initial Transient Solution
--------------------------

Node                                   Voltage
----                                   -------
clk                                          0
cmpclk                                       0
cmpclkb                                    3.3
vddt                                       3.3
vddd                                       3.3
vddc                                       3.3
vrefs                                      3.3
vrefn                                      3.3
vcmn                                      1.65
se_vinp                             0.00402832
se_vinn                                   1.65
se_start                                     0
se_mode                                      0
se_cmp                                 1.36609
se_samp_tp_n                                 0
se_sel_in_n                                  0
se_drdy                                    3.3
se_c9                                        0
se_c8                                        0
se_c7                                        0
se_c6                                        0
se_c5                                        0
se_c4                                        0
se_c3                                        0
se_c2                                        0
se_c1                                        0
se_c0                                        0
se_rel_n_256p                              3.3
se_sel_hi_n_256p                             0
se_sel_lo_n_256p                             0
se_rel_n_128p                              3.3
se_sel_hi_n_128p                             0
se_sel_lo_n_128p                             0
se_rel_n_64p                               3.3
se_sel_hi_n_64p                              0
se_sel_lo_n_64p                              0
se_rel_n_32p                               3.3
se_sel_hi_n_32p                              0
se_sel_lo_n_32p                              0
se_rel_n_16p                               3.3
se_sel_hi_n_16p                              0
se_sel_lo_n_16p                              0
se_rel_n_8p                                3.3
se_sel_hi_n_8p                               0
se_sel_lo_n_8p                               0
se_rel_n_4p                                3.3
se_sel_hi_n_4p                               0
se_sel_lo_n_4p                               0
se_rel_n_2p                                3.3
se_sel_hi_n_2p                               0
se_sel_lo_n_2p                               0
se_rel_n_1p                                3.3
se_sel_hi_n_1p                               0
se_sel_lo_n_1p                               0
se_rel_n_256n                              3.3
se_sel_hi_n_256n                             0
se_sel_lo_n_256n                             0
se_rel_n_128n                              3.3
se_sel_hi_n_128n                             0
se_sel_lo_n_128n                             0
se_rel_n_64n                               3.3
se_sel_hi_n_64n                              0
se_sel_lo_n_64n                              0
se_rel_n_32n                               3.3
se_sel_hi_n_32n                              0
se_sel_lo_n_32n                              0
se_rel_n_16n                               3.3
se_sel_hi_n_16n                              0
se_sel_lo_n_16n                              0
se_rel_n_8n                                3.3
se_sel_hi_n_8n                               0
se_sel_lo_n_8n                               0
se_rel_n_4n                                3.3
se_sel_hi_n_4n                               0
se_sel_lo_n_4n                               0
se_rel_n_2n                                3.3
se_sel_hi_n_2n                               0
se_sel_lo_n_2n                               0
se_rel_n_1n                                3.3
se_sel_hi_n_1n                               0
se_sel_lo_n_1n                               0
se_pinp                             0.00402832
se_pinn                                   1.65
xsetswp.gp                                 3.3
se_topp                                   1.65
xsetswn.gp                                 3.3
se_topn                                   1.65
xsearrp.x256.bp                           1.65
xsearrp.x256.gp_in                         3.3
xsearrp.x256.gp_rel                1.72047e-09
xsearrp.x256.gp_hi                         3.3
xsearrp.x256.gp_lo                         3.3
xsearrp.x128.bp                           1.65
xsearrp.x128.gp_in                         3.3
xsearrp.x128.gp_rel                1.72047e-09
xsearrp.x128.gp_hi                         3.3
xsearrp.x128.gp_lo                         3.3
xsearrp.x64.bp                            1.65
xsearrp.x64.gp_in                          3.3
xsearrp.x64.gp_rel                 1.72047e-09
xsearrp.x64.gp_hi                          3.3
xsearrp.x64.gp_lo                          3.3
xsearrp.x32.bp                            1.65
xsearrp.x32.gp_in                          3.3
xsearrp.x32.gp_rel                 1.72047e-09
xsearrp.x32.gp_hi                          3.3
xsearrp.x32.gp_lo                          3.3
xsearrp.x16.bp                            1.65
xsearrp.x16.gp_in                          3.3
xsearrp.x16.gp_rel                 1.72047e-09
xsearrp.x16.gp_hi                          3.3
xsearrp.x16.gp_lo                          3.3
xsearrp.x8.bp                             1.65
xsearrp.x8.gp_in                           3.3
xsearrp.x8.gp_rel                  1.72047e-09
xsearrp.x8.gp_hi                           3.3
xsearrp.x8.gp_lo                           3.3
xsearrp.x4.bp                             1.65
xsearrp.x4.gp_in                           3.3
xsearrp.x4.gp_rel                  1.72047e-09
xsearrp.x4.gp_hi                           3.3
xsearrp.x4.gp_lo                           3.3
xsearrp.x2.bp                             1.65
xsearrp.x2.gp_in                           3.3
xsearrp.x2.gp_rel                  1.72047e-09
xsearrp.x2.gp_hi                           3.3
xsearrp.x2.gp_lo                           3.3
xsearrp.x1.bp                             1.65
xsearrp.x1.gp_in                           3.3
xsearrp.x1.gp_rel                  1.72047e-09
xsearrp.x1.gp_hi                           3.3
xsearrp.x1.gp_lo                           3.3
xsearrn.x256.bp                           1.65
xsearrn.x256.gp_in                         3.3
xsearrn.x256.gp_rel                1.72047e-09
xsearrn.x256.gp_hi                         3.3
xsearrn.x256.gp_lo                         3.3
xsearrn.x128.bp                           1.65
xsearrn.x128.gp_in                         3.3
xsearrn.x128.gp_rel                1.72047e-09
xsearrn.x128.gp_hi                         3.3
xsearrn.x128.gp_lo                         3.3
xsearrn.x64.bp                            1.65
xsearrn.x64.gp_in                          3.3
xsearrn.x64.gp_rel                 1.72047e-09
xsearrn.x64.gp_hi                          3.3
xsearrn.x64.gp_lo                          3.3
xsearrn.x32.bp                            1.65
xsearrn.x32.gp_in                          3.3
xsearrn.x32.gp_rel                 1.72047e-09
xsearrn.x32.gp_hi                          3.3
xsearrn.x32.gp_lo                          3.3
xsearrn.x16.bp                            1.65
xsearrn.x16.gp_in                          3.3
xsearrn.x16.gp_rel                 1.72047e-09
xsearrn.x16.gp_hi                          3.3
xsearrn.x16.gp_lo                          3.3
xsearrn.x8.bp                             1.65
xsearrn.x8.gp_in                           3.3
xsearrn.x8.gp_rel                  1.72047e-09
xsearrn.x8.gp_hi                           3.3
xsearrn.x8.gp_lo                           3.3
xsearrn.x4.bp                             1.65
xsearrn.x4.gp_in                           3.3
xsearrn.x4.gp_rel                  1.72047e-09
xsearrn.x4.gp_hi                           3.3
xsearrn.x4.gp_lo                           3.3
xsearrn.x2.bp                             1.65
xsearrn.x2.gp_in                           3.3
xsearrn.x2.gp_rel                  1.72047e-09
xsearrn.x2.gp_hi                           3.3
xsearrn.x2.gp_lo                           3.3
xsearrn.x1.bp                             1.65
xsearrn.x1.gp_in                           3.3
xsearrn.x1.gp_rel                  1.72047e-09
xsearrn.x1.gp_hi                           3.3
xsearrn.x1.gp_lo                           3.3
se_ibias                              0.753672
xsecmp.xpre.ptail                     0.759742
xsecmp.pon                             2.51473
xsecmp.preamp_in1                         1.65
xsecmp.pop                             2.51473
xsecmp.preamp_in2                         1.65
xsecmp.xpre.xrlp.11                    3.29983
xsecmp.xpre.xrlp.21                    2.51491
xsecmp.xpre.xrln.11                    3.29983
xsecmp.xpre.xrln.21                    2.51491
xsecmp.xlat.ltail                      1.86011
xsecmp.xlat.dip                            3.3
xsecmp.xlat.din                            3.3
xsecmp.outn                                3.3
xsecmp.outp                                3.3
xsecmp.sset                        6.32069e-09
xsecmp.srst                        6.32069e-09
xsecmp.xno1.ps                         3.08698
se_cmpb                                1.36609
xsecmp.xno2.ps                         3.08698
se_dacp                            1.11022e-16
se_dacn                            1.11022e-16
se_di                                  1.64597
se_err                                  510.75
se_aerrh                                     0
se_code                                      0
bsecode#branch                               0
bseea#branch                                 0
bsee#branch                                  0
bsedi#branch                                 0
bsedacn#branch                               0
bsedacp#branch                               0
lref#branch                        6.07771e-11
v.xsecmp.vpn#branch               -4.10468e-28
v.xsecmp.vpp#branch                7.69426e-28
vsemode#branch                               0
vsestart#branch                              0
vsevinn#branch                               0
vseinp#branch                      5.76163e-11
vcms#branch                       -5.62962e-11
vrefs#branch                      -6.07771e-11
vddc#branch                       -0.000614584
vddd#branch                       -5.47472e-10
vddt#branch                          -1.38e-11
vcmpclkb#branch                              0
vcmpclk#branch                               0
vclk#branch                                  0
a.xsectrl.a_gn#branch_1_0                    0
a.xsectrl.a_gn#branch_1_1                    0
a.xsectrl.a_gn#branch_1_2                    0
a.xsectrl.a_gn#branch_1_3                    0
a.xsectrl.a_gn#branch_1_4                    0
a.xsectrl.a_gn#branch_1_5                    0
a.xsectrl.a_gn#branch_1_6                    0
a.xsectrl.a_gn#branch_1_7                    0
a.xsectrl.a_gn#branch_1_8                    0
a.xsectrl.a_gn#branch_1_9                    0
a.xsectrl.a_gn#branch_1_10                   0
a.xsectrl.a_gn#branch_1_11                   0
a.xsectrl.a_gn#branch_1_12                   0
a.xsectrl.a_gn#branch_1_13                   0
a.xsectrl.a_gn#branch_1_14                   0
a.xsectrl.a_gn#branch_1_15                   0
a.xsectrl.a_gn#branch_1_16                   0
a.xsectrl.a_gn#branch_1_17                   0
a.xsectrl.a_gn#branch_1_18                   0
a.xsectrl.a_gn#branch_1_19                   0
a.xsectrl.a_gn#branch_1_20                   0
a.xsectrl.a_gn#branch_1_21                   0
a.xsectrl.a_gn#branch_1_22                   0
a.xsectrl.a_gn#branch_1_23                   0
a.xsectrl.a_gn#branch_1_24                   0
a.xsectrl.a_gn#branch_1_25                   0
a.xsectrl.a_gn#branch_1_26                   0
a.xsectrl.a_gn#branch_1_27                   0
a.xsectrl.a_gn#branch_1_28                   0
a.xsectrl.a_gn#branch_1_29                   0
a.xsectrl.a_gn#branch_1_30                   0
a.xsectrl.a_gn#branch_1_31                   0
a.xsectrl.a_gn#branch_1_32                   0
a.xsectrl.a_gn#branch_1_33                   0
a.xsectrl.a_gn#branch_1_34                   0
a.xsectrl.a_gn#branch_1_35                   0
a.xsectrl.a_gn#branch_1_36                   0
a.xsectrl.a_gn#branch_1_37                   0
a.xsectrl.a_gn#branch_1_38                   0
a.xsectrl.a_gn#branch_1_39                   0
a.xsectrl.a_gn#branch_1_40                   0
a.xsectrl.a_gn#branch_1_41                   0
a.xsectrl.a_gn#branch_1_42                   0
a.xsectrl.a_gn#branch_1_43                   0
a.xsectrl.a_gn#branch_1_44                   0
a.xsectrl.a_gn#branch_1_45                   0
a.xsectrl.a_gn#branch_1_46                   0
a.xsectrl.a_gn#branch_1_47                   0
a.xsectrl.a_gn#branch_1_48                   0
a.xsectrl.a_gn#branch_1_49                   0
a.xsectrl.a_gn#branch_1_50                   0
a.xsectrl.a_gn#branch_1_51                   0
a.xsectrl.a_gn#branch_1_52                   0
a.xsectrl.a_gn#branch_1_53                   0
a.xsectrl.a_dout#branch_1_0                  0
a.xsectrl.a_dout#branch_1_1                  0
a.xsectrl.a_dout#branch_1_2                  0
a.xsectrl.a_dout#branch_1_3                  0
a.xsectrl.a_dout#branch_1_4                  0
a.xsectrl.a_dout#branch_1_5                  0
a.xsectrl.a_dout#branch_1_6                  0
a.xsectrl.a_dout#branch_1_7                  0
a.xsectrl.a_dout#branch_1_8                  0
a.xsectrl.a_dout#branch_1_9                  0
a.xsectrl.a_dout#branch_1_10                 0
a.xsectrl.a_dout#branch_1_11                 0
a.xsectrl.a_dout#branch_1_12                 0

 Reference value :  0.00000e+00
 Reference value :  2.82486e-09
 Reference value :  3.12870e-08
 Reference value :  3.18328e-08
 Reference value :  6.29503e-08
 Reference value :  9.39906e-08
 Reference value :  1.25200e-07
 Reference value :  1.56351e-07
 Reference value :  1.87600e-07
 Reference value :  1.90017e-07
 Reference value :  2.18944e-07
 Reference value :  2.50200e-07
 Reference value :  2.52941e-07
 Reference value :  2.81406e-07
 Reference value :  3.01781e-07
 Reference value :  3.14765e-07
 Reference value :  3.43813e-07
 Reference value :  3.75100e-07
 Reference value :  3.77503e-07
 Reference value :  4.06379e-07
 Reference value :  4.37711e-07
 Reference value :  4.40263e-07
 Reference value :  4.68933e-07
 Reference value :  5.00179e-07
 Reference value :  5.02596e-07
 Reference value :  5.31452e-07
 Reference value :  5.62703e-07
 Reference value :  5.64782e-07
 Reference value :  5.93790e-07
 Reference value :  6.25010e-07
 Reference value :  6.27280e-07
 Reference value :  6.56296e-07
 Reference value :  6.87530e-07
 Reference value :  6.89943e-07
 Reference value :  7.18859e-07
 Reference value :  7.50158e-07
 Reference value :  7.52544e-07
 Reference value :  7.81326e-07
 Reference value :  7.81781e-07
 Reference value :  8.12868e-07
 Reference value :  8.20865e-07
 Reference value :  8.44171e-07
 Reference value :  8.44322e-07
 Reference value :  8.75065e-07
 Reference value :  8.75540e-07
 Reference value :  8.77548e-07
 Reference value :  9.06303e-07
 Reference value :  9.06717e-07
 Reference value :  9.37700e-07
 Reference value :  9.39989e-07
 Reference value :  9.68917e-07
 Reference value :  1.00001e-06
 Reference value :  1.00038e-06
 Reference value :  1.00257e-06
 Reference value :  1.00297e-06
 Reference value :  1.03131e-06
 Reference value :  1.03166e-06
 Reference value :  1.06264e-06
 Reference value :  1.09383e-06
 Reference value :  1.09467e-06
 Reference value :  1.12554e-06
 Reference value :  1.15662e-06
 Reference value :  1.18764e-06
 Reference value :  1.18982e-06
 Reference value :  1.19004e-06
 Reference value :  1.21895e-06
 Reference value :  1.25013e-06
 Reference value :  1.25293e-06
 Reference value :  1.28141e-06
 Reference value :  1.31256e-06
 Reference value :  1.31494e-06
 Reference value :  1.34385e-06
 Reference value :  1.37518e-06
 Reference value :  1.37757e-06
 Reference value :  1.40645e-06
 Reference value :  1.43783e-06
 Reference value :  1.44217e-06
 Reference value :  1.46943e-06
 Reference value :  1.50114e-06
 Reference value :  1.53127e-06
 Reference value :  1.55143e-06
 Reference value :  1.56478e-06
 Reference value :  1.59381e-06
 Reference value :  1.62501e-06
 Reference value :  1.62575e-06
 Reference value :  1.64023e-06
 Reference value :  1.66163e-06
 Reference value :  1.68978e-06
 Reference value :  1.71881e-06
 Reference value :  1.75003e-06
 Reference value :  1.75242e-06
 Reference value :  1.78134e-06
 Reference value :  1.78241e-06
 Reference value :  1.81301e-06
 Reference value :  1.84376e-06
 Reference value :  1.84427e-06
 Reference value :  1.87534e-06
 Reference value :  1.87764e-06
 Reference value :  1.90648e-06
 Reference value :  1.93787e-06
 Reference value :  1.96894e-06
 Reference value :  2.00026e-06
 Reference value :  2.00267e-06
 Reference value :  2.03023e-06
 Reference value :  2.03192e-06
 Reference value :  2.06306e-06
 Reference value :  2.09395e-06
 Reference value :  2.09436e-06
 Reference value :  2.12521e-06
 Reference value :  2.15635e-06
 Reference value :  2.18750e-06
 Reference value :  2.18977e-06
 Reference value :  2.21879e-06
 Reference value :  2.21978e-06
 Reference value :  2.25031e-06
 Reference value :  2.25324e-06
 Reference value :  2.28158e-06
 Reference value :  2.31270e-06
 Reference value :  2.31504e-06
 Reference value :  2.34392e-06
 Reference value :  2.37525e-06
 Reference value :  2.37767e-06
 Reference value :  2.40656e-06
 Reference value :  2.43779e-06
 Reference value :  2.44014e-06
 Reference value :  2.46881e-06
 Reference value :  2.47488e-06
 Reference value :  2.50226e-06
 Reference value :  2.53126e-06
 Reference value :  2.55343e-06
 Reference value :  2.56480e-06
 Reference value :  2.59379e-06
 Reference value :  2.62500e-06
 Reference value :  2.62743e-06
 Reference value :  2.65634e-06
 Reference value :  2.68764e-06
 Reference value :  2.69001e-06
 Reference value :  2.71895e-06
 Reference value :  2.75022e-06
 Reference value :  2.75275e-06
 Reference value :  2.78158e-06
 Reference value :  2.78211e-06
 Reference value :  2.81291e-06
 Reference value :  2.83287e-06
 Reference value :  2.84427e-06
 Reference value :  2.87539e-06
 Reference value :  2.87810e-06
 Reference value :  2.90641e-06
 Reference value :  2.93088e-06
 Reference value :  2.93776e-06
 Reference value :  2.94296e-06
 Reference value :  2.96893e-06
 Reference value :  3.00003e-06
 Reference value :  3.00063e-06
 Reference value :  3.00260e-06
 Reference value :  3.00311e-06
 Reference value :  3.03135e-06
 Reference value :  3.03224e-06
 Reference value :  3.06284e-06
 Reference value :  3.09381e-06
 Reference value :  3.09425e-06
 Reference value :  3.09475e-06
 Reference value :  3.12520e-06
 Reference value :  3.15631e-06
 Reference value :  3.16387e-06
 Reference value :  3.18775e-06
 Reference value :  3.18982e-06
 Reference value :  3.21885e-06
 Reference value :  3.25010e-06
 Reference value :  3.25290e-06
 Reference value :  3.28138e-06
 Reference value :  3.29394e-06
 Reference value :  3.31280e-06
 Reference value :  3.31499e-06
 Reference value :  3.34385e-06
 Reference value :  3.37520e-06
 Reference value :  3.37764e-06
 Reference value :  3.40650e-06
 Reference value :  3.43794e-06
 Reference value :  3.45088e-06
 Reference value :  3.46945e-06
 Reference value :  3.50114e-06
 Reference value :  3.53127e-06
 Reference value :  3.55138e-06
 Reference value :  3.56479e-06
 Reference value :  3.59382e-06
 Reference value :  3.62511e-06
 Reference value :  3.62749e-06
 Reference value :  3.65641e-06
 Reference value :  3.68771e-06
 Reference value :  3.69015e-06
 Reference value :  3.71912e-06
 Reference value :  3.75045e-06
 Reference value :  3.77766e-06
 Reference value :  3.78172e-06
 Reference value :  3.81287e-06
 Reference value :  3.82515e-06
 Reference value :  3.84425e-06
 Reference value :  3.87547e-06
 Reference value :  3.89517e-06
 Reference value :  3.90667e-06
 Reference value :  3.93787e-06
 Reference value :  3.96885e-06
 Reference value :  3.98081e-06
 Reference value :  4.00044e-06
 Reference value :  4.00267e-06
 Reference value :  4.03130e-06
 Reference value :  4.05609e-06
 Reference value :  4.06503e-06
 Reference value :  4.09395e-06
 Reference value :  4.12519e-06
 Reference value :  4.15633e-06
 Reference value :  4.18750e-06
 Reference value :  4.18995e-06
 Reference value :  4.21888e-06
 Reference value :  4.25011e-06
 Reference value :  4.25267e-06
 Reference value :  4.25296e-06
 Reference value :  4.26572e-06
 Reference value :  4.28135e-06
 Reference value :  4.28186e-06
 Reference value :  4.31261e-06
 Reference value :  4.31305e-06
 Reference value :  4.31492e-06
 Reference value :  4.31799e-06
 Reference value :  4.34389e-06
 Reference value :  4.37521e-06
 Reference value :  4.37781e-06
 Reference value :  4.40641e-06
 Reference value :  4.43753e-06
 Reference value :  4.43995e-06
 Reference value :  4.46883e-06
 Reference value :  4.49127e-06
 Reference value :  4.50233e-06
 Reference value :  4.53131e-06
 Reference value :  4.53219e-06
 Reference value :  4.56318e-06
 Reference value :  4.59375e-06
 Reference value :  4.61396e-06
 Reference value :  4.62735e-06
 Reference value :  4.65635e-06
 Reference value :  4.68770e-06
 Reference value :  4.69008e-06
 Reference value :  4.71904e-06
 Reference value :  4.75045e-06
 Reference value :  4.77780e-06
 Reference value :  4.79481e-06
 Reference value :  4.81486e-06
 Reference value :  4.81498e-06
 Reference value :  4.84388e-06
 Reference value :  4.87510e-06
 Reference value :  4.87750e-06
 Reference value :  4.90635e-06
 Reference value :  4.93769e-06
 Reference value :  4.96881e-06
 Reference value :  4.99000e-06
 Reference value :  5.00226e-06
 Reference value :  5.00295e-06
 Reference value :  5.03145e-06
 Reference value :  5.06269e-06
 Reference value :  5.09384e-06
 Reference value :  5.09452e-06
 Reference value :  5.12545e-06
 Reference value :  5.15647e-06
 Reference value :  5.18757e-06
 Reference value :  5.18999e-06
 Reference value :  5.21894e-06
 Reference value :  5.25018e-06
 Reference value :  5.25301e-06
 Reference value :  5.28147e-06
 Reference value :  5.31269e-06
 Reference value :  5.31490e-06
 Reference value :  5.34377e-06
 Reference value :  5.37186e-06
 Reference value :  5.37736e-06
 Reference value :  5.40627e-06
 Reference value :  5.40684e-06
 Reference value :  5.43797e-06
 Reference value :  5.44349e-06
 Reference value :  5.46914e-06
 Reference value :  5.50029e-06
 Reference value :  5.50257e-06
 Reference value :  5.53145e-06
 Reference value :  5.56282e-06
 Reference value :  5.56516e-06
 Reference value :  5.59396e-06
 Reference value :  5.62536e-06
 Reference value :  5.63016e-06
 Reference value :  5.65693e-06
 Reference value :  5.68877e-06
 Reference value :  5.69001e-06
 Reference value :  5.71876e-06
 Reference value :  5.71895e-06
 Reference value :  5.75013e-06
 Reference value :  5.75080e-06
 Reference value :  5.75251e-06
 Reference value :  5.78131e-06
 Reference value :  5.78176e-06
 Reference value :  5.78852e-06
 Reference value :  5.81291e-06
 Reference value :  5.81497e-06
 Reference value :  5.81909e-06
 Reference value :  5.84380e-06
 Reference value :  5.84388e-06
 Reference value :  5.84424e-06
 Reference value :  5.84801e-06
 Reference value :  5.87516e-06
 Reference value :  5.87545e-06
 Reference value :  5.87742e-06
 Reference value :  5.87831e-06
 Reference value :  5.90632e-06
 Reference value :  5.90659e-06
 Reference value :  5.93763e-06
 Reference value :  5.93775e-06
 Reference value :  5.96876e-06
 Reference value :  5.96902e-06
 Reference value :  6.00010e-06
 Reference value :  6.00242e-06
 Reference value :  6.00292e-06
 Reference value :  6.03131e-06
 Reference value :  6.03154e-06
 Reference value :  6.05014e-06
 Reference value :  6.06321e-06
 Reference value :  6.09408e-06
 Reference value :  6.12537e-06
 Reference value :  6.15645e-06
 Reference value :  6.18762e-06
 Reference value :  6.18907e-06
 Reference value :  6.21879e-06
 Reference value :  6.22794e-06
 Reference value :  6.25267e-06
 Reference value :  6.27200e-06
 Reference value :  6.28145e-06
 Reference value :  6.31256e-06
 Reference value :  6.31299e-06
 Reference value :  6.31499e-06
 Reference value :  6.34381e-06
 Reference value :  6.36638e-06
 Reference value :  6.37734e-06
 Reference value :  6.40627e-06
 Reference value :  6.40680e-06
 Reference value :  6.43783e-06
 Reference value :  6.44021e-06
 Reference value :  6.46895e-06
 Reference value :  6.50010e-06
 Reference value :  6.50097e-06
 Reference value :  6.50274e-06
 Reference value :  6.53131e-06
 Reference value :  6.56256e-06
 Reference value :  6.56493e-06
 Reference value :  6.59383e-06
 Reference value :  6.62510e-06
 Reference value :  6.62749e-06
 Reference value :  6.65640e-06
 Reference value :  6.68770e-06
 Reference value :  6.69012e-06
 Reference value :  6.71884e-06
 Reference value :  6.71923e-06
 Reference value :  6.75014e-06
 Reference value :  6.75227e-06
 Reference value :  6.78131e-06
 Reference value :  6.81256e-06
 Reference value :  6.81499e-06
 Reference value :  6.84390e-06
 Reference value :  6.87520e-06
 Reference value :  6.87764e-06
 Reference value :  6.90642e-06
 Reference value :  6.92778e-06
 Reference value :  6.93801e-06
 Reference value :  6.94949e-06
 Reference value :  6.96886e-06
 Reference value :  6.96935e-06
 Reference value :  7.00003e-06
 Reference value :  7.00244e-06
 Reference value :  7.00656e-06
 Reference value :  7.03182e-06
 Reference value :  7.06303e-06
 Reference value :  7.09397e-06
 Reference value :  7.12512e-06
 Reference value :  7.12559e-06
 Reference value :  7.15634e-06
 Reference value :  7.15662e-06
 Reference value :  7.15707e-06
 Reference value :  7.18760e-06
 Reference value :  7.18995e-06
 Reference value :  7.21889e-06
 Reference value :  7.24095e-06
 Reference value :  7.25275e-06
 Reference value :  7.28133e-06
 Reference value :  7.29481e-06
 Reference value :  7.31477e-06
 Reference value :  7.32153e-06
 Reference value :  7.34416e-06
 Reference value :  7.37500e-06
 Reference value :  7.37743e-06
 Reference value :  7.37752e-06
 Reference value :  7.40637e-06
 Reference value :  7.42588e-06
 Reference value :  7.43821e-06
 Reference value :  7.44189e-06
 Reference value :  7.46925e-06
 Reference value :  7.50068e-06
 Reference value :  7.51497e-06
 Reference value :  7.53738e-06
 Reference value :  7.56476e-06
 Reference value :  7.59378e-06
 Reference value :  7.61401e-06
 Reference value :  7.62734e-06
 Reference value :  7.65633e-06
 Reference value :  7.68760e-06
 Reference value :  7.68999e-06
 Reference value :  7.71889e-06
 Reference value :  7.75021e-06
 Reference value :  7.75257e-06
 Reference value :  7.78153e-06
 Reference value :  7.81290e-06
 Reference value :  7.83637e-06
 Reference value :  7.84481e-06
 Reference value :  7.87658e-06
 Reference value :  7.87967e-06
 Reference value :  7.90647e-06
 Reference value :  7.93788e-06
 Reference value :  7.96888e-06
 Reference value :  8.00020e-06
 Reference value :  8.00255e-06
 Reference value :  8.02960e-06
 Reference value :  8.03239e-06
 Reference value :  8.06362e-06
 Reference value :  8.09455e-06
 Reference value :  8.12512e-06
 Reference value :  8.12676e-06
 Reference value :  8.15662e-06
 Reference value :  8.18770e-06
 Reference value :  8.19017e-06
 Reference value :  8.21915e-06
 Reference value :  8.25020e-06
 Reference value :  8.25294e-06
 Reference value :  8.26584e-06
 Reference value :  8.28168e-06
 Reference value :  8.31290e-06
 Reference value :  8.31574e-06
 Reference value :  8.34390e-06
 Reference value :  8.37507e-06
 Reference value :  8.37746e-06
 Reference value :  8.40633e-06
 Reference value :  8.42399e-06
 Reference value :  8.43977e-06
 Reference value :  8.46877e-06
 Reference value :  8.49700e-06
 Reference value :  8.50179e-06
 Reference value :  8.53127e-06
 Reference value :  8.55740e-06
 Reference value :  8.56485e-06
 Reference value :  8.59383e-06
 Reference value :  8.62511e-06
 Reference value :  8.62743e-06
 Reference value :  8.65629e-06
 Reference value :  8.68750e-06
 Reference value :  8.68985e-06
 Reference value :  8.71883e-06
 Reference value :  8.75010e-06
 Reference value :  8.75248e-06
 Reference value :  8.78140e-06
 Reference value :  8.81266e-06
 Reference value :  8.81507e-06
 Reference value :  8.84399e-06
 Reference value :  8.87511e-06
 Reference value :  8.87745e-06
 Reference value :  8.90631e-06
 Reference value :  8.90749e-06
 Reference value :  8.93801e-06
 Reference value :  8.96892e-06
 Reference value :  9.00022e-06
 Reference value :  9.00267e-06
 Reference value :  9.03128e-06
 Reference value :  9.06251e-06
 Reference value :  9.09378e-06
 Reference value :  9.09433e-06
 Reference value :  9.12501e-06
 Reference value :  9.12522e-06
 Reference value :  9.13828e-06
 Reference value :  9.15637e-06
 Reference value :  9.15666e-06
 Reference value :  9.18540e-06
 Reference value :  9.18777e-06
 Reference value :  9.18991e-06
 Reference value :  9.21493e-06
 Reference value :  9.21914e-06
 Reference value :  9.25013e-06
 Reference value :  9.25078e-06
 Reference value :  9.25325e-06
 Reference value :  9.28130e-06
 Reference value :  9.28145e-06
 Reference value :  9.31285e-06
 Reference value :  9.31739e-06
 Reference value :  9.32765e-06
 Reference value :  9.34415e-06
 Reference value :  9.37533e-06
 Reference value :  9.37781e-06
 Reference value :  9.40636e-06
 Reference value :  9.43764e-06
 Reference value :  9.43863e-06
 Reference value :  9.44014e-06
 Reference value :  9.46892e-06
 Reference value :  9.50011e-06
 Reference value :  9.50248e-06
 Reference value :  9.53134e-06
 Reference value :  9.53186e-06
 Reference value :  9.56262e-06
 Reference value :  9.56302e-06
 Reference value :  9.56513e-06
 Reference value :  9.59384e-06
 Reference value :  9.60599e-06
 Reference value :  9.62544e-06
 Reference value :  9.62755e-06
 Reference value :  9.65631e-06
 Reference value :  9.65656e-06
 Reference value :  9.68761e-06
 Reference value :  9.68833e-06
 Reference value :  9.68990e-06
 Reference value :  9.70393e-06
 Reference value :  9.71904e-06
 Reference value :  9.75003e-06
 Reference value :  9.75123e-06
 Reference value :  9.78130e-06
 Reference value :  9.81251e-06
 Reference value :  9.81497e-06
 Reference value :  9.84385e-06
 Reference value :  9.86232e-06
 Reference value :  9.87545e-06
 Reference value :  9.87755e-06
 Reference value :  9.89877e-06
 Reference value :  9.93424e-06
 Reference value :  9.95121e-06
 Reference value :  9.97159e-06
 Reference value :  1.00007e-05
 Reference value :  1.00029e-05
 Reference value :  1.00313e-05
 Reference value :  1.00317e-05
 Reference value :  1.00627e-05
 Reference value :  1.00937e-05
 Reference value :  1.00938e-05
 Reference value :  1.01027e-05
 Reference value :  1.01383e-05
 Reference value :  1.01569e-05
 Reference value :  1.01884e-05
 Reference value :  1.02188e-05
 Reference value :  1.02489e-05
 Reference value :  1.02527e-05
 Reference value :  1.02748e-05
 Reference value :  1.02813e-05
 Reference value :  1.02815e-05
 Reference value :  1.03126e-05
 Reference value :  1.03150e-05
 Reference value :  1.03438e-05
 Reference value :  1.03442e-05
 Reference value :  1.03754e-05
 Reference value :  1.03783e-05
 Reference value :  1.04067e-05
 Reference value :  1.04380e-05
 Reference value :  1.04641e-05
 Reference value :  1.04793e-05
 Reference value :  1.05023e-05
 Reference value :  1.05313e-05
 Reference value :  1.05625e-05
 Reference value :  1.05648e-05
 Reference value :  1.05938e-05
 Reference value :  1.06161e-05
 Reference value :  1.06274e-05
 Reference value :  1.06563e-05
 Reference value :  1.06876e-05
 Reference value :  1.06900e-05
 Reference value :  1.07189e-05
 Reference value :  1.07503e-05
 Reference value :  1.07533e-05
 Reference value :  1.07819e-05
 Reference value :  1.08133e-05
 Reference value :  1.08438e-05
 Reference value :  1.08441e-05
 Reference value :  1.08753e-05
 Reference value :  1.08781e-05
 Reference value :  1.09063e-05
 Reference value :  1.09067e-05
 Reference value :  1.09379e-05
 Reference value :  1.09689e-05
 Reference value :  1.10001e-05
 Reference value :  1.10026e-05
 Reference value :  1.10313e-05
 Reference value :  1.10366e-05
 Reference value :  1.10758e-05
 Reference value :  1.10943e-05
 Reference value :  1.11255e-05
 Reference value :  1.11564e-05
 Reference value :  1.11568e-05
 Reference value :  1.11877e-05
 Reference value :  1.11902e-05
 Reference value :  1.12193e-05
 Reference value :  1.12502e-05
 Reference value :  1.12530e-05
 Reference value :  1.12815e-05
 Reference value :  1.13125e-05
 Reference value :  1.13150e-05
 Reference value :  1.13439e-05
 Reference value :  1.13453e-05
 Reference value :  1.13754e-05
 Reference value :  1.13778e-05
 Reference value :  1.14064e-05
 Reference value :  1.14379e-05
 Reference value :  1.14423e-05
 Reference value :  1.14693e-05
 Reference value :  1.15006e-05
 Reference value :  1.15284e-05
 Reference value :  1.15434e-05
 Reference value :  1.15648e-05
 Reference value :  1.15938e-05
 Reference value :  1.16179e-05
 Reference value :  1.16274e-05
 Reference value :  1.16563e-05
 Reference value :  1.16876e-05
 Reference value :  1.16899e-05
 Reference value :  1.17189e-05
 Reference value :  1.17502e-05
 Reference value :  1.17526e-05
 Reference value :  1.17815e-05
 Reference value :  1.18129e-05
 Reference value :  1.18437e-05
 Reference value :  1.18452e-05
 Reference value :  1.18773e-05
 Reference value :  1.18941e-05
 Reference value :  1.19068e-05
 Reference value :  1.19378e-05
 Reference value :  1.19689e-05
 Reference value :  1.20001e-05
 Reference value :  1.20025e-05
 Reference value :  1.20313e-05
 Reference value :  1.20316e-05
 Reference value :  1.20319e-05
 Reference value :  1.20499e-05
 Reference value :  1.20627e-05
 Reference value :  1.20703e-05
 Reference value :  1.20938e-05
 Reference value :  1.20941e-05
 Reference value :  1.21011e-05
 Reference value :  1.21251e-05
 Reference value :  1.21285e-05
 Reference value :  1.21564e-05
 Reference value :  1.21570e-05
 Reference value :  1.21879e-05
 Reference value :  1.22130e-05
 Reference value :  1.22194e-05
 Reference value :  1.22501e-05
 Reference value :  1.22530e-05
 Reference value :  1.22815e-05
 Reference value :  1.23127e-05
 Reference value :  1.23151e-05
 Reference value :  1.23439e-05
 Reference value :  1.23751e-05
 Reference value :  1.23775e-05
 Reference value :  1.24064e-05
 Reference value :  1.24377e-05
 Reference value :  1.24402e-05
 Reference value :  1.24691e-05
 Reference value :  1.25005e-05
 Reference value :  1.25033e-05
 Reference value :  1.25260e-05
 Reference value :  1.25313e-05
 Reference value :  1.25316e-05
 Reference value :  1.25476e-05
 Reference value :  1.25628e-05
 Reference value :  1.25649e-05
 Reference value :  1.25736e-05
 Reference value :  1.25939e-05
 Reference value :  1.26220e-05
 Reference value :  1.26254e-05
 Reference value :  1.26275e-05
 Reference value :  1.26563e-05
 Reference value :  1.26565e-05
 Reference value :  1.26876e-05
 Reference value :  1.26879e-05
 Reference value :  1.26899e-05
 Reference value :  1.27188e-05
 Reference value :  1.27502e-05
 Reference value :  1.27526e-05
 Reference value :  1.27815e-05
 Reference value :  1.28129e-05
 Reference value :  1.28148e-05
 Reference value :  1.28293e-05
 Reference value :  1.28439e-05
 Reference value :  1.28445e-05
 Reference value :  1.28756e-05
 Reference value :  1.28813e-05
 Reference value :  1.29066e-05
 Reference value :  1.29380e-05
 Reference value :  1.29689e-05
 Reference value :  1.30002e-05
 Reference value :  1.30027e-05
 Reference value :  1.30313e-05
 Reference value :  1.30512e-05
 Reference value :  1.30823e-05
 Reference value :  1.30944e-05
 Reference value :  1.31254e-05
 Reference value :  1.31564e-05
 Reference value :  1.31572e-05
 Reference value :  1.31878e-05
 Reference value :  1.31900e-05
 Reference value :  1.31969e-05
 Reference value :  1.32189e-05
 Reference value :  1.32501e-05
 Reference value :  1.32529e-05
 Reference value :  1.32814e-05
 Reference value :  1.33126e-05
 Reference value :  1.33150e-05
 Reference value :  1.33439e-05
 Reference value :  1.33464e-05
 Reference value :  1.33757e-05
 Reference value :  1.33800e-05
 Reference value :  1.34066e-05
 Reference value :  1.34379e-05
 Reference value :  1.34422e-05
 Reference value :  1.34691e-05
 Reference value :  1.35003e-05
 Reference value :  1.35028e-05
 Reference value :  1.35316e-05
 Reference value :  1.35630e-05
 Reference value :  1.35677e-05
 Reference value :  1.35941e-05
 Reference value :  1.36252e-05
 Reference value :  1.36276e-05
 Reference value :  1.36565e-05
 Reference value :  1.36880e-05
 Reference value :  1.36986e-05
 Reference value :  1.37192e-05
 Reference value :  1.37500e-05
 Reference value :  1.37525e-05
 Reference value :  1.37813e-05
 Reference value :  1.38126e-05
 Reference value :  1.38150e-05
 Reference value :  1.38440e-05
 Reference value :  1.38754e-05
 Reference value :  1.38782e-05
 Reference value :  1.39065e-05
 Reference value :  1.39379e-05
 Reference value :  1.39689e-05
 Reference value :  1.40002e-05
 Reference value :  1.40026e-05
 Reference value :  1.40313e-05
 Reference value :  1.40319e-05
 Reference value :  1.40630e-05
 Reference value :  1.40940e-05
 Reference value :  1.41252e-05
 Reference value :  1.41564e-05
 Reference value :  1.41696e-05
 Reference value :  1.41879e-05
 Reference value :  1.42129e-05
 Reference value :  1.42196e-05
 Reference value :  1.42509e-05
 Reference value :  1.42813e-05
 Reference value :  1.42830e-05
 Reference value :  1.43137e-05
 Reference value :  1.43213e-05
 Reference value :  1.43442e-05
 Reference value :  1.43752e-05
 Reference value :  1.43775e-05
 Reference value :  1.44063e-05
 Reference value :  1.44105e-05
 Reference value :  1.44387e-05
 Reference value :  1.44688e-05
 Reference value :  1.44793e-05
 Reference value :  1.45023e-05
 Reference value :  1.45025e-05
 Reference value :  1.45045e-05
 Reference value :  1.45313e-05
 Reference value :  1.45313e-05
 Reference value :  1.45315e-05
 Reference value :  1.45356e-05
 Reference value :  1.45626e-05
 Reference value :  1.45630e-05
 Reference value :  1.45652e-05
 Reference value :  1.45939e-05
 Reference value :  1.46253e-05
 Reference value :  1.46277e-05
 Reference value :  1.46565e-05
 Reference value :  1.46879e-05
 Reference value :  1.47008e-05
 Reference value :  1.47272e-05
 Reference value :  1.47523e-05
 Reference value :  1.47813e-05
 Reference value :  1.47859e-05
 Reference value :  1.48132e-05
 Reference value :  1.48438e-05
 Reference value :  1.48444e-05
 Reference value :  1.48754e-05
 Reference value :  1.48777e-05
 Reference value :  1.49035e-05
 Reference value :  1.49068e-05
 Reference value :  1.49380e-05
 Reference value :  1.49689e-05
 Reference value :  1.50002e-05
 Reference value :  1.50026e-05
 Reference value :  1.50313e-05
 Reference value :  1.50319e-05
 Reference value :  1.50629e-05
 Reference value :  1.50939e-05
 Reference value :  1.51252e-05
 Reference value :  1.51564e-05
 Reference value :  1.51875e-05
 Reference value :  1.51900e-05
 Reference value :  1.52189e-05
 Reference value :  1.52502e-05
 Reference value :  1.52529e-05
 Reference value :  1.52814e-05
 Reference value :  1.53126e-05
 Reference value :  1.53149e-05
 Reference value :  1.53438e-05
 Reference value :  1.53443e-05
 Reference value :  1.53754e-05
 Reference value :  1.53781e-05
 Reference value :  1.54066e-05
 Reference value :  1.54378e-05
 Reference value :  1.54387e-05
 Reference value :  1.54660e-05
 Reference value :  1.54754e-05
 Reference value :  1.55010e-05
 Reference value :  1.55272e-05
 Reference value :  1.55318e-05
 Reference value :  1.55629e-05
 Reference value :  1.55658e-05
 Reference value :  1.55940e-05
 Reference value :  1.56255e-05
 Reference value :  1.56401e-05
 Reference value :  1.56599e-05
 Reference value :  1.56898e-05
 Reference value :  1.57188e-05
 Reference value :  1.57189e-05
 Reference value :  1.57194e-05
 Reference value :  1.57501e-05
 Reference value :  1.57505e-05
 Reference value :  1.57525e-05
 Reference value :  1.57591e-05
 Reference value :  1.57814e-05
 Reference value :  1.57899e-05
 Reference value :  1.58129e-05
 Reference value :  1.58151e-05
 Reference value :  1.58384e-05
 Reference value :  1.58439e-05
 Reference value :  1.58751e-05
 Reference value :  1.58775e-05
 Reference value :  1.59063e-05
 Reference value :  1.59377e-05
 Reference value :  1.59432e-05
 Reference value :  1.59688e-05
 Reference value :  1.60001e-05
 Reference value :  1.60024e-05
 Reference value :  1.60031e-05
 Reference value :  1.60316e-05
 Reference value :  1.60626e-05
 Reference value :  1.60938e-05
 Reference value :  1.61069e-05
 Reference value :  1.61443e-05
 Reference value :  1.61567e-05
 Reference value :  1.61879e-05
 Reference value :  1.62069e-05
 Reference value :  1.62194e-05
 Reference value :  1.62506e-05
 Reference value :  1.62813e-05
 Reference value :  1.62819e-05
 Reference value :  1.63131e-05
 Reference value :  1.63203e-05
 Reference value :  1.63440e-05
 Reference value :  1.63751e-05
 Reference value :  1.63773e-05
 Reference value :  1.63788e-05
 Reference value :  1.63869e-05
 Reference value :  1.64064e-05
 Reference value :  1.64376e-05
 Reference value :  1.64399e-05
 Reference value :  1.64688e-05
 Reference value :  1.65000e-05
 Reference value :  1.65025e-05
 Reference value :  1.65313e-05
 Reference value :  1.65626e-05
 Reference value :  1.65650e-05
 Reference value :  1.65938e-05
 Reference value :  1.66251e-05
 Reference value :  1.66275e-05
 Reference value :  1.66564e-05
 Reference value :  1.66876e-05
 Reference value :  1.66900e-05
 Reference value :  1.67189e-05
 Reference value :  1.67502e-05
 Reference value :  1.67526e-05
 Reference value :  1.67816e-05
 Reference value :  1.68129e-05
 Reference value :  1.68421e-05
 Reference value :  1.68458e-05
 Reference value :  1.68773e-05
 Reference value :  1.69041e-05
 Reference value :  1.69068e-05
 Reference value :  1.69380e-05
 Reference value :  1.69689e-05
 Reference value :  1.70002e-05
 Reference value :  1.70026e-05
 Reference value :  1.70232e-05
 Reference value :  1.70318e-05
 Reference value :  1.70629e-05
 Reference value :  1.70940e-05
 Reference value :  1.71252e-05
 Reference value :  1.71563e-05
 Reference value :  1.71714e-05
 Reference value :  1.71899e-05
 Reference value :  1.72189e-05
 Reference value :  1.72501e-05
 Reference value :  1.72527e-05
 Reference value :  1.72726e-05
 Reference value :  1.72817e-05
 Reference value :  1.73128e-05
 Reference value :  1.73152e-05
 Reference value :  1.73440e-05
 Reference value :  1.73542e-05
 Reference value :  1.73773e-05
 Reference value :  1.73855e-05
 Reference value :  1.74068e-05
 Reference value :  1.74377e-05
 Reference value :  1.74400e-05
 Reference value :  1.74689e-05
 Reference value :  1.75000e-05
 Reference value :  1.75024e-05
 Reference value :  1.75313e-05
 Reference value :  1.75625e-05
 Reference value :  1.75649e-05
 Reference value :  1.75938e-05
 Reference value :  1.76250e-05
 Reference value :  1.76275e-05
 Reference value :  1.76563e-05
 Reference value :  1.76876e-05
 Reference value :  1.76900e-05
 Reference value :  1.77189e-05
 Reference value :  1.77502e-05
 Reference value :  1.77525e-05
 Reference value :  1.77815e-05
 Reference value :  1.78129e-05
 Reference value :  1.78307e-05
 Reference value :  1.78447e-05
 Reference value :  1.78759e-05
 Reference value :  1.79045e-05
 Reference value :  1.79329e-05
 Reference value :  1.79451e-05
 Reference value :  1.79695e-05
 Reference value :  1.80007e-05
 Reference value :  1.80027e-05
 Reference value :  1.80280e-05
 Reference value :  1.80317e-05
 Reference value :  1.80629e-05
 Reference value :  1.80939e-05
 Reference value :  1.81252e-05
 Reference value :  1.81564e-05
 Reference value :  1.81876e-05
 Reference value :  1.81900e-05
 Reference value :  1.82149e-05
 Reference value :  1.82189e-05
 Reference value :  1.82189e-05
 Reference value :  1.82191e-05
 Reference value :  1.82502e-05
 Reference value :  1.82530e-05
 Reference value :  1.82815e-05
 Reference value :  1.83127e-05
 Reference value :  1.83131e-05
 Reference value :  1.83151e-05
 Reference value :  1.83392e-05
 Reference value :  1.83543e-05
 Reference value :  1.83773e-05
 Reference value :  1.84063e-05
 Reference value :  1.84376e-05
 Reference value :  1.84400e-05
 Reference value :  1.84688e-05
 Reference value :  1.84692e-05
 Reference value :  1.85002e-05
 Reference value :  1.85024e-05
 Reference value :  1.85079e-05
 Reference value :  1.85321e-05
 Reference value :  1.85631e-05
 Reference value :  1.85680e-05
 Reference value :  1.85947e-05
 Reference value :  1.86260e-05
 Reference value :  1.86563e-05
 Reference value :  1.86564e-05
 Reference value :  1.86677e-05
 Reference value :  1.86879e-05
 Reference value :  1.86909e-05
 Reference value :  1.87193e-05
 Reference value :  1.87505e-05
 Reference value :  1.87813e-05
 Reference value :  1.87815e-05
 Reference value :  1.87818e-05
 Reference value :  1.88126e-05
 Reference value :  1.88150e-05
 Reference value :  1.88440e-05
 Reference value :  1.88751e-05
 Reference value :  1.88775e-05
 Reference value :  1.89063e-05
 Reference value :  1.89069e-05
 Reference value :  1.89376e-05
 Reference value :  1.89651e-05
 Reference value :  1.89731e-05
 Reference value :  1.90005e-05
 Reference value :  1.90026e-05
 Reference value :  1.90033e-05
 Reference value :  1.90314e-05
 Reference value :  1.90315e-05
 Reference value :  1.90331e-05
 Reference value :  1.90630e-05
 Reference value :  1.90637e-05
 Reference value :  1.90703e-05
 Reference value :  1.90942e-05
 Reference value :  1.91253e-05
 Reference value :  1.91564e-05
 Reference value :  1.91625e-05
 Reference value :  1.91879e-05
 Reference value :  1.91900e-05
 Reference value :  1.92188e-05
 Reference value :  1.92189e-05
 Reference value :  1.92193e-05
 Reference value :  1.92196e-05
 Reference value :  1.92501e-05
 Reference value :  1.92528e-05
 Reference value :  1.92585e-05
 Reference value :  1.92813e-05
 Reference value :  1.92814e-05
 Reference value :  1.92814e-05
 Reference value :  1.92814e-05
 Reference value :  1.92815e-05
 Reference value :  1.92815e-05
 Reference value :  1.92815e-05
 Reference value :  1.92816e-05
 Reference value :  1.92816e-05
 Reference value :  1.92816e-05
 Reference value :  1.92817e-05
 Reference value :  1.92819e-05
 Reference value :  1.92825e-05
 Reference value :  1.93054e-05
 Reference value :  1.93125e-05
 Reference value :  1.93127e-05
 Reference value :  1.93130e-05
 Reference value :  1.93150e-05
 Reference value :  1.93425e-05
 Reference value :  1.93439e-05
 Reference value :  1.93439e-05
 Reference value :  1.93440e-05
 Reference value :  1.93440e-05
 Reference value :  1.93447e-05
 Reference value :  1.93750e-05
 Reference value :  1.93751e-05
 Reference value :  1.93773e-05
 Reference value :  1.94063e-05
 Reference value :  1.94209e-05
 Reference value :  1.94398e-05
 Reference value :  1.94688e-05
 Reference value :  1.95001e-05
 Reference value :  1.95002e-05
 Reference value :  1.95011e-05
 Reference value :  1.95313e-05
 Reference value :  1.95320e-05
 Reference value :  1.95632e-05
 Reference value :  1.95713e-05
 Reference value :  1.95939e-05
 Reference value :  1.95982e-05
 Reference value :  1.96252e-05
 Reference value :  1.96275e-05
 Reference value :  1.96564e-05
 Reference value :  1.96877e-05
 Reference value :  1.96903e-05
 Reference value :  1.97189e-05
 Reference value :  1.97260e-05
 Reference value :  1.97502e-05
 Reference value :  1.97526e-05
 Reference value :  1.97815e-05
 Reference value :  1.98127e-05
 Reference value :  1.98160e-05
 Reference value :  1.98440e-05
 Reference value :  1.98444e-05
 Reference value :  1.98504e-05
 Reference value :  1.98754e-05
 Reference value :  1.98876e-05
 Reference value :  1.99067e-05
 Reference value :  1.99378e-05
 Reference value :  1.99688e-05
 Reference value :  1.99697e-05
No. of Data Rows : 49809
e1                  =  1.01526e+00
x1                  =  6.69968e+00 at=  2.28141e-06
cd1                 =  2.00000e+00
e2                  =  9.77289e-01
x2                  =  6.68147e+00 at=  3.28141e-06
cd2                 =  3.00000e+00
e128                =  6.72342e-01
x128                =  4.45321e+00 at=  4.28142e-06
cd128               =  1.28000e+02
e129                =  7.68943e-01
x129                =  4.50059e+00 at=  5.28142e-06
cd129               =  1.30000e+02
e255                =  4.30639e-01
x255                =  2.77415e+00 at=  6.28145e-06
cd255               =  2.55000e+02
e256                =  4.87418e-01
x256                =  2.82138e+00 at=  7.28145e-06
cd256               =  2.56000e+02
e257                =  4.87375e-01
x257                =  2.80683e+00 at=  8.28146e-06
cd257               =  2.57000e+02
e384                =  1.75374e-01
x384                =  1.44651e+00 at=  9.31262e-06
cd384               =  3.84000e+02
e511                =  -5.86512e-02
x511                =  2.24532e+00 at=  1.03751e-05
cd511               =  5.11000e+02
e512                =  -5.42098e-03
x512                =  2.32347e+00 at=  1.13440e-05
cd512               =  5.12000e+02
e513                =  1.08142e-03
x513                =  2.30839e+00 at=  1.23440e-05
cd513               =  5.13000e+02
e640                =  -3.11304e-01
x640                =  1.57665e+00 at=  1.33126e-05
cd640               =  6.39000e+02
e767                =  -5.52594e-01
x767                =  2.74496e+00 at=  1.43126e-05
cd767               =  7.66000e+02
e768                =  -5.01916e-01
x768                =  2.68922e+00 at=  1.53126e-05
cd768               =  7.67000e+02
e769                =  -4.95267e-01
x769                =  2.69859e+00 at=  1.63126e-05
cd769               =  7.68000e+02
e896                =  -8.04303e-01
x896                =  3.98467e+00 at=  1.73126e-05
cd896               =  8.95000e+02
e1022               =  -1.03994e+00
x1022               =  5.27955e+00 at=  1.83126e-05
cd1022              =  1.02100e+03
e1023               =  -9.82931e-01
x1023               =  5.22681e+00 at=  1.93126e-05
cd1023              =  1.02200e+03
vrefhi              =  3.30011e+00 at=  1.33149e-05
vreflo              =  3.29988e+00 at=  1.25674e-05
m_terr_t1_lsb = 1.0152600000e+00
m_decerr_t1_lsb = 6.6996760000e+00
m_code_t1 = 2.0000000000e+00
m_terr_t2_lsb = 9.7728910000e-01
m_decerr_t2_lsb = 6.6814720000e+00
m_code_t2 = 3.0000000000e+00
m_terr_t128_lsb = 6.7234150000e-01
m_decerr_t128_lsb = 4.4532110000e+00
m_code_t128 = 1.2800000000e+02
m_terr_t129_lsb = 7.6894260000e-01
m_decerr_t129_lsb = 4.5005890000e+00
m_code_t129 = 1.3000000000e+02
m_terr_t255_lsb = 4.3063900000e-01
m_decerr_t255_lsb = 2.7741500000e+00
m_code_t255 = 2.5500000000e+02
m_terr_t256_lsb = 4.8741780000e-01
m_decerr_t256_lsb = 2.8213790000e+00
m_code_t256 = 2.5600000000e+02
m_terr_t257_lsb = 4.8737530000e-01
m_decerr_t257_lsb = 2.8068330000e+00
m_code_t257 = 2.5700000000e+02
m_terr_t384_lsb = 1.7537420000e-01
m_decerr_t384_lsb = 1.4465080000e+00
m_code_t384 = 3.8400000000e+02
m_terr_t511_lsb = -5.865124000e-02
m_decerr_t511_lsb = 2.2453210000e+00
m_code_t511 = 5.1100000000e+02
m_terr_t512_lsb = -5.420976000e-03
m_decerr_t512_lsb = 2.3234680000e+00
m_code_t512 = 5.1200000000e+02
m_terr_t513_lsb = 1.0814210000e-03
m_decerr_t513_lsb = 2.3083920000e+00
m_code_t513 = 5.1300000000e+02
m_terr_t640_lsb = -3.113038000e-01
m_decerr_t640_lsb = 1.5766500000e+00
m_code_t640 = 6.3900000000e+02
m_terr_t767_lsb = -5.525939000e-01
m_decerr_t767_lsb = 2.7449630000e+00
m_code_t767 = 7.6600000000e+02
m_terr_t768_lsb = -5.019162000e-01
m_decerr_t768_lsb = 2.6892180000e+00
m_code_t768 = 7.6700000000e+02
m_terr_t769_lsb = -4.952671000e-01
m_decerr_t769_lsb = 2.6985910000e+00
m_code_t769 = 7.6800000000e+02
m_terr_t896_lsb = -8.043032000e-01
m_decerr_t896_lsb = 3.9846700000e+00
m_code_t896 = 8.9500000000e+02
m_terr_t1022_lsb = -1.039942000e+00
m_decerr_t1022_lsb = 5.2795460000e+00
m_code_t1022 = 1.0210000000e+03
m_terr_t1023_lsb = -9.829307000e-01
m_decerr_t1023_lsb = 5.2268070000e+00
m_code_t1023 = 1.0220000000e+03
m_inl_t1_lsb = 0.0000000000e+00
m_inl_t2_lsb = -3.601572319e-02
m_inl_t128_lsb = -9.461104511e-02
m_inl_t129_lsb = 3.9452317025e-03
m_inl_t255_lsb = -8.800609022e-02
m_inl_t256_lsb = -2.927211341e-02
m_inl_t257_lsb = -2.735943659e-02
m_inl_t384_lsb = -9.105308170e-02
m_inl_t511_lsb = -7.677106681e-02
m_inl_t512_lsb = -2.158562600e-02
m_inl_t513_lsb = -1.312805219e-02
m_inl_t640_lsb = -7.720581830e-02
m_inl_t767_lsb = -7.018846341e-02
m_inl_t768_lsb = -1.755558659e-02
m_inl_t769_lsb = -8.951309785e-03
m_inl_t896_lsb = -6.967995489e-02
m_inl_t1022_lsb = -5.896647681e-02
m_inl_t1023_lsb = 0.0000000000e+00
m_dnl_t1_t2_lsb = -3.797090000e-02
m_dnl_t128_t129_lsb = 9.6601100000e-02
m_dnl_t255_t256_lsb = 5.6778800000e-02
m_dnl_t256_t257_lsb = -4.250000000e-05
m_dnl_t511_t512_lsb = 5.3230264000e-02
m_dnl_t512_t513_lsb = 6.5023970000e-03
m_dnl_t767_t768_lsb = 5.0677700000e-02
m_dnl_t768_t769_lsb = 6.6491000000e-03
m_dnl_t1022_t1023_lsb = 5.7011300000e-02
m_gain_err_lsb = -2.000145877e+00
m_vref_droop_mv = 2.3300000000e-01
Note: Simulation executed from .control section 

Note: Starting dynamic gmin stepping
Note: Dynamic gmin stepping completed
