
Note: No compatibility mode selected!


Circuit: * adc-inl-dnl @ tt_-40c_2.97v -- generated by sim/harness, do not edit

Reducing trtol to 1 for xspice 'A' devices
Doing analysis at TEMP = -40.000000 and TNOM = 27.000000

Using SPARSE 1.3 as Direct Linear Solver

Initial Transient Solution
--------------------------

Node                                   Voltage
----                                   -------
clk                                          0
cmpclk                                       0
cmpclkb                                   2.97
vddt                                      2.97
vddd                                      2.97
vddc                                      2.97
vrefs                                     2.97
vrefn                                     2.97
vcmn                                     1.485
se_vinp                             0.00362549
se_vinn                                  1.485
se_start                                     0
se_mode                                      0
se_cmp                                 1.24826
se_samp_tp_n                                 0
se_sel_in_n                                  0
se_drdy                                   2.97
se_c9                                        0
se_c8                                        0
se_c7                                        0
se_c6                                        0
se_c5                                        0
se_c4                                        0
se_c3                                        0
se_c2                                        0
se_c1                                        0
se_c0                                        0
se_rel_n_256p                             2.97
se_sel_hi_n_256p                             0
se_sel_lo_n_256p                             0
se_rel_n_128p                             2.97
se_sel_hi_n_128p                             0
se_sel_lo_n_128p                             0
se_rel_n_64p                              2.97
se_sel_hi_n_64p                              0
se_sel_lo_n_64p                              0
se_rel_n_32p                              2.97
se_sel_hi_n_32p                              0
se_sel_lo_n_32p                              0
se_rel_n_16p                              2.97
se_sel_hi_n_16p                              0
se_sel_lo_n_16p                              0
se_rel_n_8p                               2.97
se_sel_hi_n_8p                               0
se_sel_lo_n_8p                               0
se_rel_n_4p                               2.97
se_sel_hi_n_4p                               0
se_sel_lo_n_4p                               0
se_rel_n_2p                               2.97
se_sel_hi_n_2p                               0
se_sel_lo_n_2p                               0
se_rel_n_1p                               2.97
se_sel_hi_n_1p                               0
se_sel_lo_n_1p                               0
se_rel_n_256n                             2.97
se_sel_hi_n_256n                             0
se_sel_lo_n_256n                             0
se_rel_n_128n                             2.97
se_sel_hi_n_128n                             0
se_sel_lo_n_128n                             0
se_rel_n_64n                              2.97
se_sel_hi_n_64n                              0
se_sel_lo_n_64n                              0
se_rel_n_32n                              2.97
se_sel_hi_n_32n                              0
se_sel_lo_n_32n                              0
se_rel_n_16n                              2.97
se_sel_hi_n_16n                              0
se_sel_lo_n_16n                              0
se_rel_n_8n                               2.97
se_sel_hi_n_8n                               0
se_sel_lo_n_8n                               0
se_rel_n_4n                               2.97
se_sel_hi_n_4n                               0
se_sel_lo_n_4n                               0
se_rel_n_2n                               2.97
se_sel_hi_n_2n                               0
se_sel_lo_n_2n                               0
se_rel_n_1n                               2.97
se_sel_hi_n_1n                               0
se_sel_lo_n_1n                               0
se_pinp                             0.00362549
se_pinn                                  1.485
xsetswp.gp                                2.97
se_topp                                  1.485
xsetswn.gp                                2.97
se_topn                                  1.485
xsearrp.x256.bp                          1.485
xsearrp.x256.gp_in                        2.97
xsearrp.x256.gp_rel                1.18886e-09
xsearrp.x256.gp_hi                        2.97
xsearrp.x256.gp_lo                        2.97
xsearrp.x128.bp                          1.485
xsearrp.x128.gp_in                        2.97
xsearrp.x128.gp_rel                1.18886e-09
xsearrp.x128.gp_hi                        2.97
xsearrp.x128.gp_lo                        2.97
xsearrp.x64.bp                           1.485
xsearrp.x64.gp_in                         2.97
xsearrp.x64.gp_rel                 1.18886e-09
xsearrp.x64.gp_hi                         2.97
xsearrp.x64.gp_lo                         2.97
xsearrp.x32.bp                           1.485
xsearrp.x32.gp_in                         2.97
xsearrp.x32.gp_rel                 1.18886e-09
xsearrp.x32.gp_hi                         2.97
xsearrp.x32.gp_lo                         2.97
xsearrp.x16.bp                           1.485
xsearrp.x16.gp_in                         2.97
xsearrp.x16.gp_rel                 1.18886e-09
xsearrp.x16.gp_hi                         2.97
xsearrp.x16.gp_lo                         2.97
xsearrp.x8.bp                            1.485
xsearrp.x8.gp_in                          2.97
xsearrp.x8.gp_rel                  1.18886e-09
xsearrp.x8.gp_hi                          2.97
xsearrp.x8.gp_lo                          2.97
xsearrp.x4.bp                            1.485
xsearrp.x4.gp_in                          2.97
xsearrp.x4.gp_rel                  1.18886e-09
xsearrp.x4.gp_hi                          2.97
xsearrp.x4.gp_lo                          2.97
xsearrp.x2.bp                            1.485
xsearrp.x2.gp_in                          2.97
xsearrp.x2.gp_rel                  1.18886e-09
xsearrp.x2.gp_hi                          2.97
xsearrp.x2.gp_lo                          2.97
xsearrp.x1.bp                            1.485
xsearrp.x1.gp_in                          2.97
xsearrp.x1.gp_rel                  1.18886e-09
xsearrp.x1.gp_hi                          2.97
xsearrp.x1.gp_lo                          2.97
xsearrn.x256.bp                          1.485
xsearrn.x256.gp_in                        2.97
xsearrn.x256.gp_rel                1.18886e-09
xsearrn.x256.gp_hi                        2.97
xsearrn.x256.gp_lo                        2.97
xsearrn.x128.bp                          1.485
xsearrn.x128.gp_in                        2.97
xsearrn.x128.gp_rel                1.18886e-09
xsearrn.x128.gp_hi                        2.97
xsearrn.x128.gp_lo                        2.97
xsearrn.x64.bp                           1.485
xsearrn.x64.gp_in                         2.97
xsearrn.x64.gp_rel                 1.18886e-09
xsearrn.x64.gp_hi                         2.97
xsearrn.x64.gp_lo                         2.97
xsearrn.x32.bp                           1.485
xsearrn.x32.gp_in                         2.97
xsearrn.x32.gp_rel                 1.18886e-09
xsearrn.x32.gp_hi                         2.97
xsearrn.x32.gp_lo                         2.97
xsearrn.x16.bp                           1.485
xsearrn.x16.gp_in                         2.97
xsearrn.x16.gp_rel                 1.18886e-09
xsearrn.x16.gp_hi                         2.97
xsearrn.x16.gp_lo                         2.97
xsearrn.x8.bp                            1.485
xsearrn.x8.gp_in                          2.97
xsearrn.x8.gp_rel                  1.18886e-09
xsearrn.x8.gp_hi                          2.97
xsearrn.x8.gp_lo                          2.97
xsearrn.x4.bp                            1.485
xsearrn.x4.gp_in                          2.97
xsearrn.x4.gp_rel                  1.18886e-09
xsearrn.x4.gp_hi                          2.97
xsearrn.x4.gp_lo                          2.97
xsearrn.x2.bp                            1.485
xsearrn.x2.gp_in                          2.97
xsearrn.x2.gp_rel                  1.18886e-09
xsearrn.x2.gp_hi                          2.97
xsearrn.x2.gp_lo                          2.97
xsearrn.x1.bp                            1.485
xsearrn.x1.gp_in                          2.97
xsearrn.x1.gp_rel                  1.18886e-09
xsearrn.x1.gp_hi                          2.97
xsearrn.x1.gp_lo                          2.97
se_ibias                              0.807378
xsecmp.xpre.ptail                     0.577402
xsecmp.pon                              2.0907
xsecmp.preamp_in1                        1.485
xsecmp.pop                              2.0907
xsecmp.preamp_in2                        1.485
xsecmp.xpre.xrlp.11                    2.96978
xsecmp.xpre.xrlp.21                    2.09092
xsecmp.xpre.xrln.11                    2.96978
xsecmp.xpre.xrln.21                    2.09092
xsecmp.xlat.ltail                      1.38361
xsecmp.xlat.dip                           2.97
xsecmp.xlat.din                           2.97
xsecmp.outn                               2.97
xsecmp.outp                               2.97
xsecmp.sset                        4.74319e-09
xsecmp.srst                        4.74319e-09
xsecmp.xno1.ps                         2.81897
se_cmpb                                1.24826
xsecmp.xno2.ps                         2.81897
se_dacp                            1.11022e-16
se_dacn                            1.11022e-16
se_di                                  1.48137
se_err                                  510.75
se_aerrh                                     0
se_code                                      0
bsecode#branch                               0
bseea#branch                                 0
bsee#branch                                  0
bsedi#branch                                 0
bsedacn#branch                               0
bsedacp#branch                               0
lref#branch                        5.36419e-11
v.xsecmp.vpn#branch                -4.9143e-29
v.xsecmp.vpp#branch                4.42987e-28
vsemode#branch                               0
vsestart#branch                              0
vsevinn#branch                               0
vseinp#branch                      2.94841e-11
vcms#branch                       -4.95975e-14
vrefs#branch                      -5.36419e-11
vddc#branch                       -0.000492344
vddd#branch                       -4.53503e-10
vddt#branch                       -1.19404e-11
vcmpclkb#branch                              0
vcmpclk#branch                               0
vclk#branch                                  0
a.xsectrl.a_gn#branch_1_0                    0
a.xsectrl.a_gn#branch_1_1                    0
a.xsectrl.a_gn#branch_1_2                    0
a.xsectrl.a_gn#branch_1_3                    0
a.xsectrl.a_gn#branch_1_4                    0
a.xsectrl.a_gn#branch_1_5                    0
a.xsectrl.a_gn#branch_1_6                    0
a.xsectrl.a_gn#branch_1_7                    0
a.xsectrl.a_gn#branch_1_8                    0
a.xsectrl.a_gn#branch_1_9                    0
a.xsectrl.a_gn#branch_1_10                   0
a.xsectrl.a_gn#branch_1_11                   0
a.xsectrl.a_gn#branch_1_12                   0
a.xsectrl.a_gn#branch_1_13                   0
a.xsectrl.a_gn#branch_1_14                   0
a.xsectrl.a_gn#branch_1_15                   0
a.xsectrl.a_gn#branch_1_16                   0
a.xsectrl.a_gn#branch_1_17                   0
a.xsectrl.a_gn#branch_1_18                   0
a.xsectrl.a_gn#branch_1_19                   0
a.xsectrl.a_gn#branch_1_20                   0
a.xsectrl.a_gn#branch_1_21                   0
a.xsectrl.a_gn#branch_1_22                   0
a.xsectrl.a_gn#branch_1_23                   0
a.xsectrl.a_gn#branch_1_24                   0
a.xsectrl.a_gn#branch_1_25                   0
a.xsectrl.a_gn#branch_1_26                   0
a.xsectrl.a_gn#branch_1_27                   0
a.xsectrl.a_gn#branch_1_28                   0
a.xsectrl.a_gn#branch_1_29                   0
a.xsectrl.a_gn#branch_1_30                   0
a.xsectrl.a_gn#branch_1_31                   0
a.xsectrl.a_gn#branch_1_32                   0
a.xsectrl.a_gn#branch_1_33                   0
a.xsectrl.a_gn#branch_1_34                   0
a.xsectrl.a_gn#branch_1_35                   0
a.xsectrl.a_gn#branch_1_36                   0
a.xsectrl.a_gn#branch_1_37                   0
a.xsectrl.a_gn#branch_1_38                   0
a.xsectrl.a_gn#branch_1_39                   0
a.xsectrl.a_gn#branch_1_40                   0
a.xsectrl.a_gn#branch_1_41                   0
a.xsectrl.a_gn#branch_1_42                   0
a.xsectrl.a_gn#branch_1_43                   0
a.xsectrl.a_gn#branch_1_44                   0
a.xsectrl.a_gn#branch_1_45                   0
a.xsectrl.a_gn#branch_1_46                   0
a.xsectrl.a_gn#branch_1_47                   0
a.xsectrl.a_gn#branch_1_48                   0
a.xsectrl.a_gn#branch_1_49                   0
a.xsectrl.a_gn#branch_1_50                   0
a.xsectrl.a_gn#branch_1_51                   0
a.xsectrl.a_gn#branch_1_52                   0
a.xsectrl.a_gn#branch_1_53                   0
a.xsectrl.a_dout#branch_1_0                  0
a.xsectrl.a_dout#branch_1_1                  0
a.xsectrl.a_dout#branch_1_2                  0
a.xsectrl.a_dout#branch_1_3                  0
a.xsectrl.a_dout#branch_1_4                  0
a.xsectrl.a_dout#branch_1_5                  0
a.xsectrl.a_dout#branch_1_6                  0
a.xsectrl.a_dout#branch_1_7                  0
a.xsectrl.a_dout#branch_1_8                  0
a.xsectrl.a_dout#branch_1_9                  0
a.xsectrl.a_dout#branch_1_10                 0
a.xsectrl.a_dout#branch_1_11                 0
a.xsectrl.a_dout#branch_1_12                 0

 Reference value :  0.00000e+00
 Reference value :  2.82069e-09
 Reference value :  3.13153e-08
 Reference value :  6.26011e-08
 Reference value :  9.37841e-08
 Reference value :  9.45919e-08
 Reference value :  1.25568e-07
 Reference value :  1.56652e-07
 Reference value :  1.87769e-07
 Reference value :  1.91146e-07
 Reference value :  2.19180e-07
 Reference value :  2.50348e-07
 Reference value :  2.53233e-07
 Reference value :  2.81590e-07
 Reference value :  3.12706e-07
 Reference value :  3.15055e-07
 Reference value :  3.43902e-07
 Reference value :  3.75201e-07
 Reference value :  3.77599e-07
 Reference value :  4.06450e-07
 Reference value :  4.37800e-07
 Reference value :  4.40204e-07
 Reference value :  4.68983e-07
 Reference value :  5.00369e-07
 Reference value :  5.05047e-07
 Reference value :  5.31985e-07
 Reference value :  5.63215e-07
 Reference value :  5.93757e-07
 Reference value :  6.09879e-07
 Reference value :  6.27270e-07
 Reference value :  6.56318e-07
 Reference value :  6.87601e-07
 Reference value :  6.89952e-07
 Reference value :  7.18854e-07
 Reference value :  7.50199e-07
 Reference value :  7.52562e-07
 Reference value :  7.81525e-07
 Reference value :  8.12616e-07
 Reference value :  8.14956e-07
 Reference value :  8.43901e-07
 Reference value :  8.75065e-07
 Reference value :  8.77424e-07
 Reference value :  9.06325e-07
 Reference value :  9.37636e-07
 Reference value :  9.68813e-07
 Reference value :  1.00003e-06
 Reference value :  1.00242e-06
 Reference value :  1.00304e-06
 Reference value :  1.03137e-06
 Reference value :  1.03163e-06
 Reference value :  1.03183e-06
 Reference value :  1.04039e-06
 Reference value :  1.06264e-06
 Reference value :  1.06280e-06
 Reference value :  1.06300e-06
 Reference value :  1.07212e-06
 Reference value :  1.08012e-06
 Reference value :  1.08612e-06
 Reference value :  1.09379e-06
 Reference value :  1.09400e-06
 Reference value :  1.12503e-06
 Reference value :  1.15059e-06
 Reference value :  1.15702e-06
 Reference value :  1.18800e-06
 Reference value :  1.21877e-06
 Reference value :  1.21968e-06
 Reference value :  1.25061e-06
 Reference value :  1.27701e-06
 Reference value :  1.28168e-06
 Reference value :  1.31288e-06
 Reference value :  1.31300e-06
 Reference value :  1.32530e-06
 Reference value :  1.34436e-06
 Reference value :  1.37551e-06
 Reference value :  1.38670e-06
 Reference value :  1.40706e-06
 Reference value :  1.43848e-06
 Reference value :  1.46877e-06
 Reference value :  1.48025e-06
 Reference value :  1.50234e-06
 Reference value :  1.53133e-06
 Reference value :  1.56261e-06
 Reference value :  1.56497e-06
 Reference value :  1.59386e-06
 Reference value :  1.62518e-06
 Reference value :  1.62752e-06
 Reference value :  1.65645e-06
 Reference value :  1.68770e-06
 Reference value :  1.69006e-06
 Reference value :  1.71897e-06
 Reference value :  1.75030e-06
 Reference value :  1.75279e-06
 Reference value :  1.78167e-06
 Reference value :  1.81270e-06
 Reference value :  1.81507e-06
 Reference value :  1.84401e-06
 Reference value :  1.87514e-06
 Reference value :  1.87750e-06
 Reference value :  1.90634e-06
 Reference value :  1.93766e-06
 Reference value :  1.96883e-06
 Reference value :  2.00003e-06
 Reference value :  2.00239e-06
 Reference value :  2.00300e-06
 Reference value :  2.03163e-06
 Reference value :  2.06271e-06
 Reference value :  2.09385e-06
 Reference value :  2.10220e-06
 Reference value :  2.12609e-06
 Reference value :  2.15672e-06
 Reference value :  2.18780e-06
 Reference value :  2.19267e-06
 Reference value :  2.21925e-06
 Reference value :  2.25035e-06
 Reference value :  2.25323e-06
 Reference value :  2.28160e-06
 Reference value :  2.31271e-06
 Reference value :  2.31508e-06
 Reference value :  2.34393e-06
 Reference value :  2.37519e-06
 Reference value :  2.37756e-06
 Reference value :  2.40641e-06
 Reference value :  2.43771e-06
 Reference value :  2.44020e-06
 Reference value :  2.46897e-06
 Reference value :  2.50037e-06
 Reference value :  2.50437e-06
 Reference value :  2.53189e-06
 Reference value :  2.56315e-06
 Reference value :  2.59376e-06
 Reference value :  2.60988e-06
 Reference value :  2.62727e-06
 Reference value :  2.65631e-06
 Reference value :  2.68756e-06
 Reference value :  2.68993e-06
 Reference value :  2.71885e-06
 Reference value :  2.75015e-06
 Reference value :  2.75250e-06
 Reference value :  2.78142e-06
 Reference value :  2.81250e-06
 Reference value :  2.81485e-06
 Reference value :  2.84385e-06
 Reference value :  2.85860e-06
 Reference value :  2.87727e-06
 Reference value :  2.90626e-06
 Reference value :  2.93402e-06
 Reference value :  2.96418e-06
 Reference value :  2.97021e-06
 Reference value :  3.00072e-06
 Reference value :  3.00288e-06
 Reference value :  3.03134e-06
 Reference value :  3.06251e-06
 Reference value :  3.08812e-06
 Reference value :  3.09436e-06
 Reference value :  3.12525e-06
 Reference value :  3.15635e-06
 Reference value :  3.18760e-06
 Reference value :  3.18998e-06
 Reference value :  3.21890e-06
 Reference value :  3.25015e-06
 Reference value :  3.25291e-06
 Reference value :  3.28136e-06
 Reference value :  3.28162e-06
 Reference value :  3.28201e-06
 Reference value :  3.31271e-06
 Reference value :  3.31487e-06
 Reference value :  3.31617e-06
 Reference value :  3.34384e-06
 Reference value :  3.34617e-06
 Reference value :  3.37523e-06
 Reference value :  3.37727e-06
 Reference value :  3.37876e-06
 Reference value :  3.40631e-06
 Reference value :  3.40639e-06
 Reference value :  3.43770e-06
 Reference value :  3.44011e-06
 Reference value :  3.46896e-06
 Reference value :  3.50039e-06
 Reference value :  3.50493e-06
 Reference value :  3.53186e-06
 Reference value :  3.56288e-06
 Reference value :  3.56757e-06
 Reference value :  3.59423e-06
 Reference value :  3.62547e-06
 Reference value :  3.62761e-06
 Reference value :  3.65635e-06
 Reference value :  3.68762e-06
 Reference value :  3.68993e-06
 Reference value :  3.71885e-06
 Reference value :  3.75012e-06
 Reference value :  3.75250e-06
 Reference value :  3.78140e-06
 Reference value :  3.80232e-06
 Reference value :  3.81480e-06
 Reference value :  3.84385e-06
 Reference value :  3.87503e-06
 Reference value :  3.87742e-06
 Reference value :  3.90633e-06
 Reference value :  3.92069e-06
 Reference value :  3.93996e-06
 Reference value :  3.96910e-06
 Reference value :  4.00041e-06
 Reference value :  4.00271e-06
 Reference value :  4.02811e-06
 Reference value :  4.04606e-06
 Reference value :  4.07012e-06
 Reference value :  4.09433e-06
 Reference value :  4.12550e-06
 Reference value :  4.15656e-06
 Reference value :  4.18770e-06
 Reference value :  4.19014e-06
 Reference value :  4.21908e-06
 Reference value :  4.25025e-06
 Reference value :  4.25306e-06
 Reference value :  4.28145e-06
 Reference value :  4.31276e-06
 Reference value :  4.31716e-06
 Reference value :  4.34413e-06
 Reference value :  4.37541e-06
 Reference value :  4.37822e-06
 Reference value :  4.40652e-06
 Reference value :  4.43765e-06
 Reference value :  4.44000e-06
 Reference value :  4.46885e-06
 Reference value :  4.50006e-06
 Reference value :  4.50240e-06
 Reference value :  4.53132e-06
 Reference value :  4.56260e-06
 Reference value :  4.56495e-06
 Reference value :  4.59384e-06
 Reference value :  4.62512e-06
 Reference value :  4.62744e-06
 Reference value :  4.65635e-06
 Reference value :  4.68765e-06
 Reference value :  4.69000e-06
 Reference value :  4.71890e-06
 Reference value :  4.75020e-06
 Reference value :  4.75260e-06
 Reference value :  4.78158e-06
 Reference value :  4.81283e-06
 Reference value :  4.81528e-06
 Reference value :  4.84411e-06
 Reference value :  4.87516e-06
 Reference value :  4.87749e-06
 Reference value :  4.90634e-06
 Reference value :  4.93762e-06
 Reference value :  4.96880e-06
 Reference value :  4.99020e-06
 Reference value :  5.00236e-06
 Reference value :  5.00297e-06
 Reference value :  5.03157e-06
 Reference value :  5.06277e-06
 Reference value :  5.09387e-06
 Reference value :  5.09441e-06
 Reference value :  5.12533e-06
 Reference value :  5.15639e-06
 Reference value :  5.18760e-06
 Reference value :  5.18998e-06
 Reference value :  5.21890e-06
 Reference value :  5.25015e-06
 Reference value :  5.25291e-06
 Reference value :  5.28139e-06
 Reference value :  5.31253e-06
 Reference value :  5.31490e-06
 Reference value :  5.34383e-06
 Reference value :  5.37510e-06
 Reference value :  5.37749e-06
 Reference value :  5.40632e-06
 Reference value :  5.40720e-06
 Reference value :  5.43807e-06
 Reference value :  5.44729e-06
 Reference value :  5.46915e-06
 Reference value :  5.50031e-06
 Reference value :  5.50283e-06
 Reference value :  5.53146e-06
 Reference value :  5.56281e-06
 Reference value :  5.56547e-06
 Reference value :  5.59409e-06
 Reference value :  5.62542e-06
 Reference value :  5.63231e-06
 Reference value :  5.65721e-06
 Reference value :  5.68818e-06
 Reference value :  5.71877e-06
 Reference value :  5.73129e-06
 Reference value :  5.75227e-06
 Reference value :  5.78132e-06
 Reference value :  5.80421e-06
 Reference value :  5.81478e-06
 Reference value :  5.84380e-06
 Reference value :  5.84439e-06
 Reference value :  5.87548e-06
 Reference value :  5.88190e-06
 Reference value :  5.90662e-06
 Reference value :  5.93776e-06
 Reference value :  5.96883e-06
 Reference value :  6.00010e-06
 Reference value :  6.00248e-06
 Reference value :  6.00319e-06
 Reference value :  6.03162e-06
 Reference value :  6.06287e-06
 Reference value :  6.09395e-06
 Reference value :  6.12520e-06
 Reference value :  6.15634e-06
 Reference value :  6.18753e-06
 Reference value :  6.18995e-06
 Reference value :  6.21884e-06
 Reference value :  6.25003e-06
 Reference value :  6.25280e-06
 Reference value :  6.28133e-06
 Reference value :  6.31264e-06
 Reference value :  6.31501e-06
 Reference value :  6.34382e-06
 Reference value :  6.37510e-06
 Reference value :  6.37743e-06
 Reference value :  6.40633e-06
 Reference value :  6.42832e-06
 Reference value :  6.43977e-06
 Reference value :  6.46877e-06
 Reference value :  6.48894e-06
 Reference value :  6.50240e-06
 Reference value :  6.53131e-06
 Reference value :  6.56253e-06
 Reference value :  6.56494e-06
 Reference value :  6.59382e-06
 Reference value :  6.62506e-06
 Reference value :  6.62745e-06
 Reference value :  6.65635e-06
 Reference value :  6.68765e-06
 Reference value :  6.68995e-06
 Reference value :  6.71886e-06
 Reference value :  6.75018e-06
 Reference value :  6.75254e-06
 Reference value :  6.78146e-06
 Reference value :  6.81280e-06
 Reference value :  6.81523e-06
 Reference value :  6.84414e-06
 Reference value :  6.87535e-06
 Reference value :  6.87810e-06
 Reference value :  6.90653e-06
 Reference value :  6.93766e-06
 Reference value :  6.96876e-06
 Reference value :  6.97620e-06
 Reference value :  7.00217e-06
 Reference value :  7.00295e-06
 Reference value :  7.03146e-06
 Reference value :  7.06270e-06
 Reference value :  7.09383e-06
 Reference value :  7.09466e-06
 Reference value :  7.12550e-06
 Reference value :  7.15663e-06
 Reference value :  7.18770e-06
 Reference value :  7.19012e-06
 Reference value :  7.21915e-06
 Reference value :  7.25030e-06
 Reference value :  7.25317e-06
 Reference value :  7.28159e-06
 Reference value :  7.31270e-06
 Reference value :  7.31510e-06
 Reference value :  7.32342e-06
 Reference value :  7.34381e-06
 Reference value :  7.34417e-06
 Reference value :  7.35123e-06
 Reference value :  7.37530e-06
 Reference value :  7.37735e-06
 Reference value :  7.37771e-06
 Reference value :  7.40633e-06
 Reference value :  7.40635e-06
 Reference value :  7.40694e-06
 Reference value :  7.42869e-06
 Reference value :  7.43770e-06
 Reference value :  7.44005e-06
 Reference value :  7.46887e-06
 Reference value :  7.50020e-06
 Reference value :  7.50252e-06
 Reference value :  7.53136e-06
 Reference value :  7.56270e-06
 Reference value :  7.56504e-06
 Reference value :  7.59391e-06
 Reference value :  7.62520e-06
 Reference value :  7.62754e-06
 Reference value :  7.65645e-06
 Reference value :  7.68765e-06
 Reference value :  7.68777e-06
 Reference value :  7.68794e-06
 Reference value :  7.70522e-06
 Reference value :  7.72318e-06
 Reference value :  7.75112e-06
 Reference value :  7.78131e-06
 Reference value :  7.81250e-06
 Reference value :  7.81489e-06
 Reference value :  7.84384e-06
 Reference value :  7.87510e-06
 Reference value :  7.87749e-06
 Reference value :  7.90634e-06
 Reference value :  7.91667e-06
 Reference value :  7.93769e-06
 Reference value :  7.93803e-06
 Reference value :  7.96892e-06
 Reference value :  8.00024e-06
 Reference value :  8.00266e-06
 Reference value :  8.03128e-06
 Reference value :  8.04064e-06
 Reference value :  8.06812e-06
 Reference value :  8.09429e-06
 Reference value :  8.12520e-06
 Reference value :  8.12548e-06
 Reference value :  8.15661e-06
 Reference value :  8.18765e-06
 Reference value :  8.19003e-06
 Reference value :  8.21900e-06
 Reference value :  8.24406e-06
 Reference value :  8.25269e-06
 Reference value :  8.28133e-06
 Reference value :  8.28276e-06
 Reference value :  8.31318e-06
 Reference value :  8.31902e-06
 Reference value :  8.34417e-06
 Reference value :  8.37521e-06
 Reference value :  8.37757e-06
 Reference value :  8.40645e-06
 Reference value :  8.43764e-06
 Reference value :  8.44001e-06
 Reference value :  8.46884e-06
 Reference value :  8.50014e-06
 Reference value :  8.50250e-06
 Reference value :  8.53134e-06
 Reference value :  8.53135e-06
 Reference value :  8.53147e-06
 Reference value :  8.56283e-06
 Reference value :  8.56613e-06
 Reference value :  8.59415e-06
 Reference value :  8.62547e-06
 Reference value :  8.63836e-06
 Reference value :  8.66097e-06
 Reference value :  8.68977e-06
 Reference value :  8.71881e-06
 Reference value :  8.75007e-06
 Reference value :  8.75243e-06
 Reference value :  8.78137e-06
 Reference value :  8.81268e-06
 Reference value :  8.81501e-06
 Reference value :  8.84393e-06
 Reference value :  8.87503e-06
 Reference value :  8.87742e-06
 Reference value :  8.90633e-06
 Reference value :  8.90969e-06
 Reference value :  8.93825e-06
 Reference value :  8.96895e-06
 Reference value :  9.00028e-06
 Reference value :  9.00267e-06
 Reference value :  9.03132e-06
 Reference value :  9.06264e-06
 Reference value :  9.09381e-06
 Reference value :  9.12501e-06
 Reference value :  9.15263e-06
 Reference value :  9.15691e-06
 Reference value :  9.18800e-06
 Reference value :  9.21878e-06
 Reference value :  9.22074e-06
 Reference value :  9.25073e-06
 Reference value :  9.28128e-06
 Reference value :  9.31080e-06
 Reference value :  9.31492e-06
 Reference value :  9.34383e-06
 Reference value :  9.34686e-06
 Reference value :  9.37577e-06
 Reference value :  9.37926e-06
 Reference value :  9.40662e-06
 Reference value :  9.43785e-06
 Reference value :  9.44071e-06
 Reference value :  9.46911e-06
 Reference value :  9.50025e-06
 Reference value :  9.50262e-06
 Reference value :  9.53145e-06
 Reference value :  9.56279e-06
 Reference value :  9.56537e-06
 Reference value :  9.59408e-06
 Reference value :  9.62540e-06
 Reference value :  9.62850e-06
 Reference value :  9.65676e-06
 Reference value :  9.68800e-06
 Reference value :  9.70176e-06
 Reference value :  9.72001e-06
 Reference value :  9.75067e-06
 Reference value :  9.78128e-06
 Reference value :  9.79810e-06
 Reference value :  9.81477e-06
 Reference value :  9.84382e-06
 Reference value :  9.87507e-06
 Reference value :  9.87521e-06
 Reference value :  9.87527e-06
 Reference value :  9.87734e-06
 Reference value :  9.87844e-06
 Reference value :  9.90633e-06
 Reference value :  9.91415e-06
 Reference value :  9.93780e-06
 Reference value :  9.93978e-06
 Reference value :  9.96883e-06
 Reference value :  9.96903e-06
 Reference value :  9.99850e-06
 Reference value :  1.00024e-05
 Reference value :  1.00034e-05
 Reference value :  1.00320e-05
 Reference value :  1.00632e-05
 Reference value :  1.00942e-05
 Reference value :  1.01254e-05
 Reference value :  1.01565e-05
 Reference value :  1.01877e-05
 Reference value :  1.01901e-05
 Reference value :  1.02189e-05
 Reference value :  1.02192e-05
 Reference value :  1.02504e-05
 Reference value :  1.02682e-05
 Reference value :  1.02825e-05
 Reference value :  1.03131e-05
 Reference value :  1.03365e-05
 Reference value :  1.03443e-05
 Reference value :  1.03755e-05
 Reference value :  1.03812e-05
 Reference value :  1.04067e-05
 Reference value :  1.04380e-05
 Reference value :  1.04471e-05
 Reference value :  1.04693e-05
 Reference value :  1.05010e-05
 Reference value :  1.05292e-05
 Reference value :  1.05413e-05
 Reference value :  1.05648e-05
 Reference value :  1.05938e-05
 Reference value :  1.05968e-05
 Reference value :  1.06262e-05
 Reference value :  1.06563e-05
 Reference value :  1.06731e-05
 Reference value :  1.06898e-05
 Reference value :  1.07188e-05
 Reference value :  1.07501e-05
 Reference value :  1.07525e-05
 Reference value :  1.07814e-05
 Reference value :  1.08126e-05
 Reference value :  1.08151e-05
 Reference value :  1.08440e-05
 Reference value :  1.08752e-05
 Reference value :  1.08776e-05
 Reference value :  1.09064e-05
 Reference value :  1.09375e-05
 Reference value :  1.09481e-05
 Reference value :  1.09695e-05
 Reference value :  1.10005e-05
 Reference value :  1.10029e-05
 Reference value :  1.10315e-05
 Reference value :  1.10627e-05
 Reference value :  1.10938e-05
 Reference value :  1.10945e-05
 Reference value :  1.11256e-05
 Reference value :  1.11566e-05
 Reference value :  1.11877e-05
 Reference value :  1.11901e-05
 Reference value :  1.12192e-05
 Reference value :  1.12502e-05
 Reference value :  1.12530e-05
 Reference value :  1.12817e-05
 Reference value :  1.13127e-05
 Reference value :  1.13150e-05
 Reference value :  1.13439e-05
 Reference value :  1.13750e-05
 Reference value :  1.13774e-05
 Reference value :  1.14063e-05
 Reference value :  1.14376e-05
 Reference value :  1.14400e-05
 Reference value :  1.14688e-05
 Reference value :  1.15002e-05
 Reference value :  1.15025e-05
 Reference value :  1.15314e-05
 Reference value :  1.15627e-05
 Reference value :  1.15650e-05
 Reference value :  1.15939e-05
 Reference value :  1.16252e-05
 Reference value :  1.16276e-05
 Reference value :  1.16565e-05
 Reference value :  1.16878e-05
 Reference value :  1.16901e-05
 Reference value :  1.17192e-05
 Reference value :  1.17504e-05
 Reference value :  1.17774e-05
 Reference value :  1.17938e-05
 Reference value :  1.18148e-05
 Reference value :  1.18438e-05
 Reference value :  1.18750e-05
 Reference value :  1.18774e-05
 Reference value :  1.19063e-05
 Reference value :  1.19069e-05
 Reference value :  1.19379e-05
 Reference value :  1.19689e-05
 Reference value :  1.20002e-05
 Reference value :  1.20026e-05
 Reference value :  1.20313e-05
 Reference value :  1.20319e-05
 Reference value :  1.20629e-05
 Reference value :  1.20939e-05
 Reference value :  1.21252e-05
 Reference value :  1.21563e-05
 Reference value :  1.21575e-05
 Reference value :  1.21882e-05
 Reference value :  1.22188e-05
 Reference value :  1.22196e-05
 Reference value :  1.22506e-05
 Reference value :  1.22813e-05
 Reference value :  1.22818e-05
 Reference value :  1.23129e-05
 Reference value :  1.23187e-05
 Reference value :  1.23441e-05
 Reference value :  1.23753e-05
 Reference value :  1.23779e-05
 Reference value :  1.24064e-05
 Reference value :  1.24377e-05
 Reference value :  1.24401e-05
 Reference value :  1.24689e-05
 Reference value :  1.25002e-05
 Reference value :  1.25025e-05
 Reference value :  1.25314e-05
 Reference value :  1.25388e-05
 Reference value :  1.25626e-05
 Reference value :  1.25633e-05
 Reference value :  1.25651e-05
 Reference value :  1.25938e-05
 Reference value :  1.25941e-05
 Reference value :  1.26251e-05
 Reference value :  1.26259e-05
 Reference value :  1.26275e-05
 Reference value :  1.26540e-05
 Reference value :  1.26563e-05
 Reference value :  1.26564e-05
 Reference value :  1.26877e-05
 Reference value :  1.26900e-05
 Reference value :  1.27190e-05
 Reference value :  1.27503e-05
 Reference value :  1.27526e-05
 Reference value :  1.27815e-05
 Reference value :  1.28128e-05
 Reference value :  1.28141e-05
 Reference value :  1.28438e-05
 Reference value :  1.28443e-05
 Reference value :  1.28754e-05
 Reference value :  1.28785e-05
 Reference value :  1.29064e-05
 Reference value :  1.29377e-05
 Reference value :  1.29688e-05
 Reference value :  1.29914e-05
 Reference value :  1.30023e-05
 Reference value :  1.30030e-05
 Reference value :  1.30315e-05
 Reference value :  1.30626e-05
 Reference value :  1.30938e-05
 Reference value :  1.31250e-05
 Reference value :  1.31544e-05
 Reference value :  1.31570e-05
 Reference value :  1.31880e-05
 Reference value :  1.32188e-05
 Reference value :  1.32257e-05
 Reference value :  1.32511e-05
 Reference value :  1.32813e-05
 Reference value :  1.32819e-05
 Reference value :  1.33130e-05
 Reference value :  1.33178e-05
 Reference value :  1.33441e-05
 Reference value :  1.33751e-05
 Reference value :  1.33775e-05
 Reference value :  1.34063e-05
 Reference value :  1.34362e-05
 Reference value :  1.34399e-05
 Reference value :  1.34688e-05
 Reference value :  1.34693e-05
 Reference value :  1.35006e-05
 Reference value :  1.35132e-05
 Reference value :  1.35318e-05
 Reference value :  1.35630e-05
 Reference value :  1.35656e-05
 Reference value :  1.35940e-05
 Reference value :  1.36253e-05
 Reference value :  1.36280e-05
 Reference value :  1.36567e-05
 Reference value :  1.36879e-05
 Reference value :  1.36964e-05
 Reference value :  1.37193e-05
 Reference value :  1.37505e-05
 Reference value :  1.37725e-05
 Reference value :  1.37831e-05
 Reference value :  1.38132e-05
 Reference value :  1.38418e-05
 Reference value :  1.38522e-05
 Reference value :  1.38766e-05
 Reference value :  1.38826e-05
 Reference value :  1.39068e-05
 Reference value :  1.39376e-05
 Reference value :  1.39382e-05
 Reference value :  1.39688e-05
 Reference value :  1.40001e-05
 Reference value :  1.40024e-05
 Reference value :  1.40031e-05
 Reference value :  1.40317e-05
 Reference value :  1.40625e-05
 Reference value :  1.40628e-05
 Reference value :  1.40630e-05
 Reference value :  1.40941e-05
 Reference value :  1.41252e-05
 Reference value :  1.41563e-05
 Reference value :  1.41875e-05
 Reference value :  1.41899e-05
 Reference value :  1.42189e-05
 Reference value :  1.42501e-05
 Reference value :  1.42505e-05
 Reference value :  1.42529e-05
 Reference value :  1.42813e-05
 Reference value :  1.42968e-05
 Reference value :  1.43148e-05
 Reference value :  1.43220e-05
 Reference value :  1.43442e-05
 Reference value :  1.43753e-05
 Reference value :  1.43774e-05
 Reference value :  1.43853e-05
 Reference value :  1.44063e-05
 Reference value :  1.44070e-05
 Reference value :  1.44381e-05
 Reference value :  1.44549e-05
 Reference value :  1.44749e-05
 Reference value :  1.45007e-05
 Reference value :  1.45025e-05
 Reference value :  1.45033e-05
 Reference value :  1.45314e-05
 Reference value :  1.45627e-05
 Reference value :  1.45652e-05
 Reference value :  1.45940e-05
 Reference value :  1.46254e-05
 Reference value :  1.46275e-05
 Reference value :  1.46276e-05
 Reference value :  1.46276e-05
 Reference value :  1.46564e-05
 Reference value :  1.46877e-05
 Reference value :  1.46901e-05
 Reference value :  1.47125e-05
 Reference value :  1.47192e-05
 Reference value :  1.47504e-05
 Reference value :  1.47664e-05
 Reference value :  1.47815e-05
 Reference value :  1.48053e-05
 Reference value :  1.48127e-05
 Reference value :  1.48129e-05
 Reference value :  1.48150e-05
 Reference value :  1.48438e-05
 Reference value :  1.48442e-05
 Reference value :  1.48751e-05
 Reference value :  1.48755e-05
 Reference value :  1.48775e-05
 Reference value :  1.48777e-05
 Reference value :  1.48787e-05
 Reference value :  1.49064e-05
 Reference value :  1.49066e-05
 Reference value :  1.49376e-05
 Reference value :  1.49377e-05
 Reference value :  1.49378e-05
 Reference value :  1.49380e-05
 Reference value :  1.49380e-05
 Reference value :  1.49381e-05
 Reference value :  1.49382e-05
 Reference value :  1.49384e-05
 Reference value :  1.49389e-05
 Reference value :  1.49397e-05
 Reference value :  1.49400e-05
 Reference value :  1.49406e-05
 Reference value :  1.49446e-05
 Reference value :  1.49586e-05
 Reference value :  1.49666e-05
 Reference value :  1.49688e-05
 Reference value :  1.49688e-05
 Reference value :  1.49688e-05
 Reference value :  1.49688e-05
 Reference value :  1.49688e-05
 Reference value :  1.50001e-05
 Reference value :  1.50005e-05
 Reference value :  1.50024e-05
 Reference value :  1.50028e-05
 Reference value :  1.50313e-05
 Reference value :  1.50319e-05
 Reference value :  1.50628e-05
 Reference value :  1.50628e-05
 Reference value :  1.50634e-05
 Reference value :  1.50939e-05
 Reference value :  1.50940e-05
 Reference value :  1.51252e-05
 Reference value :  1.51563e-05
 Reference value :  1.51875e-05
 Reference value :  1.51900e-05
 Reference value :  1.52189e-05
 Reference value :  1.52501e-05
 Reference value :  1.52529e-05
 Reference value :  1.52589e-05
 Reference value :  1.52813e-05
 Reference value :  1.52817e-05
 Reference value :  1.53129e-05
 Reference value :  1.53157e-05
 Reference value :  1.53440e-05
 Reference value :  1.53751e-05
 Reference value :  1.53755e-05
 Reference value :  1.53775e-05
 Reference value :  1.53803e-05
 Reference value :  1.54066e-05
 Reference value :  1.54378e-05
 Reference value :  1.54406e-05
 Reference value :  1.54690e-05
 Reference value :  1.55001e-05
 Reference value :  1.55002e-05
 Reference value :  1.55026e-05
 Reference value :  1.55314e-05
 Reference value :  1.55627e-05
 Reference value :  1.55650e-05
 Reference value :  1.55938e-05
 Reference value :  1.55947e-05
 Reference value :  1.56252e-05
 Reference value :  1.56256e-05
 Reference value :  1.56432e-05
 Reference value :  1.56569e-05
 Reference value :  1.56879e-05
 Reference value :  1.56982e-05
 Reference value :  1.57189e-05
 Reference value :  1.57486e-05
 Reference value :  1.57502e-05
 Reference value :  1.57525e-05
 Reference value :  1.57815e-05
 Reference value :  1.58127e-05
 Reference value :  1.58151e-05
 Reference value :  1.58441e-05
 Reference value :  1.58600e-05
 Reference value :  1.58752e-05
 Reference value :  1.58775e-05
 Reference value :  1.59064e-05
 Reference value :  1.59377e-05
 Reference value :  1.59688e-05
 Reference value :  1.59847e-05
 Reference value :  1.60002e-05
 Reference value :  1.60023e-05
 Reference value :  1.60030e-05
 Reference value :  1.60316e-05
 Reference value :  1.60625e-05
 Reference value :  1.60821e-05
 Reference value :  1.60939e-05
 Reference value :  1.60944e-05
 Reference value :  1.61252e-05
 Reference value :  1.61563e-05
 Reference value :  1.61875e-05
 Reference value :  1.61900e-05
 Reference value :  1.62188e-05
 Reference value :  1.62189e-05
 Reference value :  1.62199e-05
 Reference value :  1.62506e-05
 Reference value :  1.62729e-05
 Reference value :  1.62817e-05
 Reference value :  1.63129e-05
 Reference value :  1.63163e-05
 Reference value :  1.63439e-05
 Reference value :  1.63752e-05
 Reference value :  1.63775e-05
 Reference value :  1.64064e-05
 Reference value :  1.64376e-05
 Reference value :  1.64400e-05
 Reference value :  1.64688e-05
 Reference value :  1.65001e-05
 Reference value :  1.65025e-05
 Reference value :  1.65313e-05
 Reference value :  1.65626e-05
 Reference value :  1.65649e-05
 Reference value :  1.65938e-05
 Reference value :  1.66251e-05
 Reference value :  1.66275e-05
 Reference value :  1.66564e-05
 Reference value :  1.66876e-05
 Reference value :  1.66899e-05
 Reference value :  1.67189e-05
 Reference value :  1.67502e-05
 Reference value :  1.67526e-05
 Reference value :  1.67816e-05
 Reference value :  1.68128e-05
 Reference value :  1.68234e-05
 Reference value :  1.68443e-05
 Reference value :  1.68755e-05
 Reference value :  1.68801e-05
 Reference value :  1.69066e-05
 Reference value :  1.69084e-05
 Reference value :  1.69376e-05
 Reference value :  1.69384e-05
 Reference value :  1.69688e-05
 Reference value :  1.69712e-05
 Reference value :  1.70002e-05
 Reference value :  1.70023e-05
 Reference value :  1.70027e-05
 Reference value :  1.70029e-05
 Reference value :  1.70298e-05
 Reference value :  1.70314e-05
 Reference value :  1.70318e-05
 Reference value :  1.70625e-05
 Reference value :  1.70627e-05
 Reference value :  1.70938e-05
 Reference value :  1.71251e-05
 Reference value :  1.71563e-05
 Reference value :  1.71569e-05
 Reference value :  1.71879e-05
 Reference value :  1.72176e-05
 Reference value :  1.72194e-05
 Reference value :  1.72505e-05
 Reference value :  1.72624e-05
 Reference value :  1.72817e-05
 Reference value :  1.73129e-05
 Reference value :  1.73151e-05
 Reference value :  1.73178e-05
 Reference value :  1.73442e-05
 Reference value :  1.73755e-05
 Reference value :  1.73788e-05
 Reference value :  1.74066e-05
 Reference value :  1.74376e-05
 Reference value :  1.74400e-05
 Reference value :  1.74689e-05
 Reference value :  1.75001e-05
 Reference value :  1.75024e-05
 Reference value :  1.75313e-05
 Reference value :  1.75626e-05
 Reference value :  1.75650e-05
 Reference value :  1.75939e-05
 Reference value :  1.76251e-05
 Reference value :  1.76275e-05
 Reference value :  1.76564e-05
 Reference value :  1.76877e-05
 Reference value :  1.76900e-05
 Reference value :  1.77190e-05
 Reference value :  1.77503e-05
 Reference value :  1.77528e-05
 Reference value :  1.77815e-05
 Reference value :  1.78128e-05
 Reference value :  1.78165e-05
 Reference value :  1.78442e-05
 Reference value :  1.78754e-05
 Reference value :  1.78788e-05
 Reference value :  1.79068e-05
 Reference value :  1.79381e-05
 Reference value :  1.79690e-05
 Reference value :  1.80003e-05
 Reference value :  1.80027e-05
 Reference value :  1.80313e-05
 Reference value :  1.80350e-05
 Reference value :  1.80641e-05
 Reference value :  1.80943e-05
 Reference value :  1.81255e-05
 Reference value :  1.81566e-05
 Reference value :  1.81877e-05
 Reference value :  1.81905e-05
 Reference value :  1.82192e-05
 Reference value :  1.82504e-05
 Reference value :  1.82611e-05
 Reference value :  1.82816e-05
 Reference value :  1.83129e-05
 Reference value :  1.83155e-05
 Reference value :  1.83441e-05
 Reference value :  1.83755e-05
 Reference value :  1.83830e-05
 Reference value :  1.84069e-05
 Reference value :  1.84383e-05
 Reference value :  1.84632e-05
 Reference value :  1.84730e-05
 Reference value :  1.85023e-05
 Reference value :  1.85272e-05
 Reference value :  1.85413e-05
 Reference value :  1.85648e-05
 Reference value :  1.85938e-05
 Reference value :  1.86250e-05
 Reference value :  1.86273e-05
 Reference value :  1.86563e-05
 Reference value :  1.86876e-05
 Reference value :  1.86900e-05
 Reference value :  1.87189e-05
 Reference value :  1.87502e-05
 Reference value :  1.87526e-05
 Reference value :  1.87816e-05
 Reference value :  1.88127e-05
 Reference value :  1.88150e-05
 Reference value :  1.88440e-05
 Reference value :  1.88751e-05
 Reference value :  1.88775e-05
 Reference value :  1.89064e-05
 Reference value :  1.89377e-05
 Reference value :  1.89688e-05
 Reference value :  1.90001e-05
 Reference value :  1.90025e-05
 Reference value :  1.90032e-05
 Reference value :  1.90316e-05
 Reference value :  1.90627e-05
 Reference value :  1.90938e-05
 Reference value :  1.91151e-05
 Reference value :  1.91446e-05
 Reference value :  1.91567e-05
 Reference value :  1.91858e-05
 Reference value :  1.91898e-05
 Reference value :  1.92189e-05
 Reference value :  1.92501e-05
 Reference value :  1.92529e-05
 Reference value :  1.92814e-05
 Reference value :  1.93127e-05
 Reference value :  1.93151e-05
 Reference value :  1.93440e-05
 Reference value :  1.93753e-05
 Reference value :  1.93783e-05
 Reference value :  1.94066e-05
 Reference value :  1.94377e-05
 Reference value :  1.94397e-05
 Reference value :  1.94400e-05
 Reference value :  1.94653e-05
 Reference value :  1.94689e-05
 Reference value :  1.94970e-05
 Reference value :  1.95005e-05
 Reference value :  1.95025e-05
 Reference value :  1.95025e-05
 Reference value :  1.95313e-05
 Reference value :  1.95314e-05
 Reference value :  1.95316e-05
 Reference value :  1.95629e-05
 Reference value :  1.95664e-05
 Reference value :  1.95943e-05
 Reference value :  1.96255e-05
 Reference value :  1.96529e-05
 Reference value :  1.96672e-05
 Reference value :  1.96898e-05
 Reference value :  1.97188e-05
 Reference value :  1.97501e-05
 Reference value :  1.97525e-05
 Reference value :  1.97666e-05
 Reference value :  1.97821e-05
 Reference value :  1.98132e-05
 Reference value :  1.98438e-05
 Reference value :  1.98450e-05
 Reference value :  1.98757e-05
 Reference value :  1.99063e-05
 Reference value :  1.99070e-05
 Reference value :  1.99381e-05
 Reference value :  1.99690e-05
No. of Data Rows : 50369
e1                  =  1.02064e+00
x1                  =  7.75582e+00 at=  2.31264e-06
cd1                 =  2.00000e+00
e2                  =  9.72706e-01
x2                  =  7.73532e+00 at=  3.31264e-06
cd2                 =  3.00000e+00
e128                =  6.71726e-01
x128                =  5.18625e+00 at=  4.31264e-06
cd128               =  1.28000e+02
e129                =  7.29912e-01
x129                =  5.22768e+00 at=  5.31264e-06
cd129               =  1.29000e+02
e255                =  4.29642e-01
x255                =  3.07910e+00 at=  6.28159e-06
cd255               =  2.55000e+02
e256                =  4.86473e-01
x256                =  3.11957e+00 at=  7.28159e-06
cd256               =  2.56000e+02
e257                =  4.85690e-01
x257                =  3.10801e+00 at=  8.28159e-06
cd257               =  2.57000e+02
e384                =  1.74456e-01
x384                =  1.68218e+00 at=  9.31264e-06
cd384               =  3.84000e+02
e511                =  -5.86817e-02
x511                =  2.59292e+00 at=  1.03751e-05
cd511               =  5.11000e+02
e512                =  -6.66482e-03
x512                =  2.60659e+00 at=  1.13441e-05
cd512               =  5.12000e+02
e513                =  -2.85320e-04
x513                =  2.59708e+00 at=  1.23441e-05
cd513               =  5.13000e+02
e640                =  -3.11844e-01
x640                =  1.81051e+00 at=  1.33126e-05
cd640               =  6.39000e+02
e767                =  -5.49128e-01
x767                =  3.08902e+00 at=  1.43126e-05
cd767               =  7.66000e+02
e768                =  -5.01300e-01
x768                =  3.03583e+00 at=  1.53126e-05
cd768               =  7.67000e+02
e769                =  -4.93463e-01
x769                =  3.04611e+00 at=  1.63126e-05
cd769               =  7.68000e+02
e896                =  -8.01185e-01
x896                =  4.45535e+00 at=  1.73126e-05
cd896               =  8.95000e+02
e1022               =  -1.03449e+00
x1022               =  5.88104e+00 at=  1.83126e-05
cd1022              =  1.02100e+03
e1023               =  -9.78255e-01
x1023               =  5.83084e+00 at=  1.93126e-05
cd1023              =  1.02200e+03
vrefhi              =  2.97010e+00 at=  1.33149e-05
vreflo              =  2.96990e+00 at=  1.25674e-05
m_terr_t1_lsb = 1.0206360000e+00
m_decerr_t1_lsb = 7.7558220000e+00
m_code_t1 = 2.0000000000e+00
m_terr_t2_lsb = 9.7270570000e-01
m_decerr_t2_lsb = 7.7353240000e+00
m_code_t2 = 3.0000000000e+00
m_terr_t128_lsb = 6.7172560000e-01
m_decerr_t128_lsb = 5.1862480000e+00
m_code_t128 = 1.2800000000e+02
m_terr_t129_lsb = 7.2991190000e-01
m_decerr_t129_lsb = 5.2276790000e+00
m_code_t129 = 1.2900000000e+02
m_terr_t255_lsb = 4.2964190000e-01
m_decerr_t255_lsb = 3.0791030000e+00
m_code_t255 = 2.5500000000e+02
m_terr_t256_lsb = 4.8647290000e-01
m_decerr_t256_lsb = 3.1195730000e+00
m_code_t256 = 2.5600000000e+02
m_terr_t257_lsb = 4.8569040000e-01
m_decerr_t257_lsb = 3.1080140000e+00
m_code_t257 = 2.5700000000e+02
m_terr_t384_lsb = 1.7445630000e-01
m_decerr_t384_lsb = 1.6821840000e+00
m_code_t384 = 3.8400000000e+02
m_terr_t511_lsb = -5.868166000e-02
m_decerr_t511_lsb = 2.5929150000e+00
m_code_t511 = 5.1100000000e+02
m_terr_t512_lsb = -6.664817000e-03
m_decerr_t512_lsb = 2.6065850000e+00
m_code_t512 = 5.1200000000e+02
m_terr_t513_lsb = -2.853201000e-04
m_decerr_t513_lsb = 2.5970820000e+00
m_code_t513 = 5.1300000000e+02
m_terr_t640_lsb = -3.118440000e-01
m_decerr_t640_lsb = 1.8105080000e+00
m_code_t640 = 6.3900000000e+02
m_terr_t767_lsb = -5.491278000e-01
m_decerr_t767_lsb = 3.0890160000e+00
m_code_t767 = 7.6600000000e+02
m_terr_t768_lsb = -5.013000000e-01
m_decerr_t768_lsb = 3.0358260000e+00
m_code_t768 = 7.6700000000e+02
m_terr_t769_lsb = -4.934634000e-01
m_decerr_t769_lsb = 3.0461110000e+00
m_code_t769 = 7.6800000000e+02
m_terr_t896_lsb = -8.011847000e-01
m_decerr_t896_lsb = 4.4553490000e+00
m_code_t896 = 8.9500000000e+02
m_terr_t1022_lsb = -1.034486000e+00
m_decerr_t1022_lsb = 5.8810380000e+00
m_code_t1022 = 1.0210000000e+03
m_terr_t1023_lsb = -9.782545000e-01
m_decerr_t1023_lsb = 5.8308380000e+00
m_code_t1023 = 1.0220000000e+03
m_inl_t1_lsb = 0.0000000000e+00
m_inl_t2_lsb = -4.597443845e-02
m_inl_t128_lsb = -1.005159837e-01
m_inl_t129_lsb = -4.037382211e-02
m_inl_t255_lsb = -9.420526732e-02
m_inl_t256_lsb = -3.541840577e-02
m_inl_t257_lsb = -3.424504423e-02
m_inl_t384_lsb = -9.708472789e-02
m_inl_t511_lsb = -8.182827155e-02
m_inl_t512_lsb = -2.785556700e-02
m_inl_t513_lsb = -1.952020855e-02
m_inl_t640_lsb = -8.268447211e-02
m_inl_t767_lsb = -7.157385577e-02
m_inl_t768_lsb = -2.179019423e-02
m_inl_t769_lsb = -1.199773268e-02
m_inl_t896_lsb = -7.132461634e-02
m_inl_t1022_lsb = -5.818736155e-02
m_inl_t1023_lsb = 1.1102230246e-16
m_dnl_t1_t2_lsb = -4.793030000e-02
m_dnl_t128_t129_lsb = 5.8186300000e-02
m_dnl_t255_t256_lsb = 5.6831000000e-02
m_dnl_t256_t257_lsb = -7.825000000e-04
m_dnl_t511_t512_lsb = 5.2016843000e-02
m_dnl_t512_t513_lsb = 6.3794969000e-03
m_dnl_t767_t768_lsb = 4.7827800000e-02
m_dnl_t768_t769_lsb = 7.8366000000e-03
m_dnl_t1022_t1023_lsb = 5.6231500000e-02
m_gain_err_lsb = -2.000846362e+00
m_vref_droop_mv = 2.0000000000e-01
Note: Simulation executed from .control section 

Note: Starting dynamic gmin stepping
Note: Dynamic gmin stepping completed
