
Note: No compatibility mode selected!


Circuit: * vcm-drive-impedance @ cap_ff_27c_3.30v -- generated by sim/harness, do not edit

Reducing trtol to 1 for xspice 'A' devices
Doing analysis at TEMP = 27.000000 and TNOM = 27.000000

Using SPARSE 1.3 as Direct Linear Solver

Initial Transient Solution
--------------------------

Node                                   Voltage
----                                   -------
clk                                          0
cmpclk                                       0
cmpclkb                                    3.3
vddt                                       3.3
vddd                                       3.3
vddc                                       3.3
vrefs                                      3.3
vrefn                                      3.3
vcmi                                      1.65
vcmn                                      1.65
se_vinp                             0.00402832
se_vinn                                   1.65
se_start                                     0
se_mode                                      0
se_cmp                                 1.36609
se_samp_tp_n                                 0
se_sel_in_n                                  0
se_drdy                                    3.3
se_c9                                        0
se_c8                                        0
se_c7                                        0
se_c6                                        0
se_c5                                        0
se_c4                                        0
se_c3                                        0
se_c2                                        0
se_c1                                        0
se_c0                                        0
se_rel_n_256p                              3.3
se_sel_hi_n_256p                             0
se_sel_lo_n_256p                             0
se_rel_n_128p                              3.3
se_sel_hi_n_128p                             0
se_sel_lo_n_128p                             0
se_rel_n_64p                               3.3
se_sel_hi_n_64p                              0
se_sel_lo_n_64p                              0
se_rel_n_32p                               3.3
se_sel_hi_n_32p                              0
se_sel_lo_n_32p                              0
se_rel_n_16p                               3.3
se_sel_hi_n_16p                              0
se_sel_lo_n_16p                              0
se_rel_n_8p                                3.3
se_sel_hi_n_8p                               0
se_sel_lo_n_8p                               0
se_rel_n_4p                                3.3
se_sel_hi_n_4p                               0
se_sel_lo_n_4p                               0
se_rel_n_2p                                3.3
se_sel_hi_n_2p                               0
se_sel_lo_n_2p                               0
se_rel_n_1p                                3.3
se_sel_hi_n_1p                               0
se_sel_lo_n_1p                               0
se_rel_n_256n                              3.3
se_sel_hi_n_256n                             0
se_sel_lo_n_256n                             0
se_rel_n_128n                              3.3
se_sel_hi_n_128n                             0
se_sel_lo_n_128n                             0
se_rel_n_64n                               3.3
se_sel_hi_n_64n                              0
se_sel_lo_n_64n                              0
se_rel_n_32n                               3.3
se_sel_hi_n_32n                              0
se_sel_lo_n_32n                              0
se_rel_n_16n                               3.3
se_sel_hi_n_16n                              0
se_sel_lo_n_16n                              0
se_rel_n_8n                                3.3
se_sel_hi_n_8n                               0
se_sel_lo_n_8n                               0
se_rel_n_4n                                3.3
se_sel_hi_n_4n                               0
se_sel_lo_n_4n                               0
se_rel_n_2n                                3.3
se_sel_hi_n_2n                               0
se_sel_lo_n_2n                               0
se_rel_n_1n                                3.3
se_sel_hi_n_1n                               0
se_sel_lo_n_1n                               0
se_pinp                             0.00402832
se_pinn                                   1.65
xsetswp.gp                                 3.3
se_topp                                   1.65
xsetswn.gp                                 3.3
se_topn                                   1.65
xsearrp.x256.bp                           1.65
xsearrp.x256.gp_in                         3.3
xsearrp.x256.gp_rel                1.72047e-09
xsearrp.x256.gp_hi                         3.3
xsearrp.x256.gp_lo                         3.3
xsearrp.x128.bp                           1.65
xsearrp.x128.gp_in                         3.3
xsearrp.x128.gp_rel                1.72047e-09
xsearrp.x128.gp_hi                         3.3
xsearrp.x128.gp_lo                         3.3
xsearrp.x64.bp                            1.65
xsearrp.x64.gp_in                          3.3
xsearrp.x64.gp_rel                 1.72047e-09
xsearrp.x64.gp_hi                          3.3
xsearrp.x64.gp_lo                          3.3
xsearrp.x32.bp                            1.65
xsearrp.x32.gp_in                          3.3
xsearrp.x32.gp_rel                 1.72047e-09
xsearrp.x32.gp_hi                          3.3
xsearrp.x32.gp_lo                          3.3
xsearrp.x16.bp                            1.65
xsearrp.x16.gp_in                          3.3
xsearrp.x16.gp_rel                 1.72047e-09
xsearrp.x16.gp_hi                          3.3
xsearrp.x16.gp_lo                          3.3
xsearrp.x8.bp                             1.65
xsearrp.x8.gp_in                           3.3
xsearrp.x8.gp_rel                  1.72047e-09
xsearrp.x8.gp_hi                           3.3
xsearrp.x8.gp_lo                           3.3
xsearrp.x4.bp                             1.65
xsearrp.x4.gp_in                           3.3
xsearrp.x4.gp_rel                  1.72047e-09
xsearrp.x4.gp_hi                           3.3
xsearrp.x4.gp_lo                           3.3
xsearrp.x2.bp                             1.65
xsearrp.x2.gp_in                           3.3
xsearrp.x2.gp_rel                  1.72047e-09
xsearrp.x2.gp_hi                           3.3
xsearrp.x2.gp_lo                           3.3
xsearrp.x1.bp                             1.65
xsearrp.x1.gp_in                           3.3
xsearrp.x1.gp_rel                  1.72047e-09
xsearrp.x1.gp_hi                           3.3
xsearrp.x1.gp_lo                           3.3
xsearrn.x256.bp                           1.65
xsearrn.x256.gp_in                         3.3
xsearrn.x256.gp_rel                1.72047e-09
xsearrn.x256.gp_hi                         3.3
xsearrn.x256.gp_lo                         3.3
xsearrn.x128.bp                           1.65
xsearrn.x128.gp_in                         3.3
xsearrn.x128.gp_rel                1.72047e-09
xsearrn.x128.gp_hi                         3.3
xsearrn.x128.gp_lo                         3.3
xsearrn.x64.bp                            1.65
xsearrn.x64.gp_in                          3.3
xsearrn.x64.gp_rel                 1.72047e-09
xsearrn.x64.gp_hi                          3.3
xsearrn.x64.gp_lo                          3.3
xsearrn.x32.bp                            1.65
xsearrn.x32.gp_in                          3.3
xsearrn.x32.gp_rel                 1.72047e-09
xsearrn.x32.gp_hi                          3.3
xsearrn.x32.gp_lo                          3.3
xsearrn.x16.bp                            1.65
xsearrn.x16.gp_in                          3.3
xsearrn.x16.gp_rel                 1.72047e-09
xsearrn.x16.gp_hi                          3.3
xsearrn.x16.gp_lo                          3.3
xsearrn.x8.bp                             1.65
xsearrn.x8.gp_in                           3.3
xsearrn.x8.gp_rel                  1.72047e-09
xsearrn.x8.gp_hi                           3.3
xsearrn.x8.gp_lo                           3.3
xsearrn.x4.bp                             1.65
xsearrn.x4.gp_in                           3.3
xsearrn.x4.gp_rel                  1.72047e-09
xsearrn.x4.gp_hi                           3.3
xsearrn.x4.gp_lo                           3.3
xsearrn.x2.bp                             1.65
xsearrn.x2.gp_in                           3.3
xsearrn.x2.gp_rel                  1.72047e-09
xsearrn.x2.gp_hi                           3.3
xsearrn.x2.gp_lo                           3.3
xsearrn.x1.bp                             1.65
xsearrn.x1.gp_in                           3.3
xsearrn.x1.gp_rel                  1.72047e-09
xsearrn.x1.gp_hi                           3.3
xsearrn.x1.gp_lo                           3.3
se_ibias                              0.753672
xsecmp.xpre.ptail                     0.759766
xsecmp.pon                             2.52755
xsecmp.preamp_in1                         1.65
xsecmp.pop                             2.52755
xsecmp.preamp_in2                         1.65
xsecmp.xpre.xrlp.11                    3.29957
xsecmp.xpre.xrlp.21                    2.52799
xsecmp.xpre.xrln.11                    3.29957
xsecmp.xpre.xrln.21                    2.52799
xsecmp.xlat.ltail                      1.87063
xsecmp.xlat.dip                            3.3
xsecmp.xlat.din                            3.3
xsecmp.outn                                3.3
xsecmp.outp                                3.3
xsecmp.sset                        6.32069e-09
xsecmp.srst                        6.32069e-09
xsecmp.xno1.ps                         3.08698
se_cmpb                                1.36609
xsecmp.xno2.ps                         3.08698
se_dacp                            1.11022e-16
se_dacn                            1.11022e-16
se_di                                  1.64597
se_err                                  510.75
se_aerrh                                     0
se_code                                      0
bsecode#branch                               0
bseea#branch                                 0
bsee#branch                                  0
bsedi#branch                                 0
bsedacn#branch                               0
bsedacp#branch                               0
lvcm#branch                        5.62963e-11
lref#branch                        6.07771e-11
v.xsecmp.vpn#branch                7.03639e-28
v.xsecmp.vpp#branch                2.99724e-28
vsemode#branch                               0
vsestart#branch                              0
vsevinn#branch                               0
vseinp#branch                      5.76163e-11
vcmi#branch                       -5.62963e-11
vrefs#branch                      -6.07771e-11
vddc#branch                       -0.000614584
vddd#branch                       -5.47472e-10
vddt#branch                          -1.38e-11
vcmpclkb#branch                              0
vcmpclk#branch                               0
vclk#branch                                  0
a.xsectrl.a_gn#branch_1_0                    0
a.xsectrl.a_gn#branch_1_1                    0
a.xsectrl.a_gn#branch_1_2                    0
a.xsectrl.a_gn#branch_1_3                    0
a.xsectrl.a_gn#branch_1_4                    0
a.xsectrl.a_gn#branch_1_5                    0
a.xsectrl.a_gn#branch_1_6                    0
a.xsectrl.a_gn#branch_1_7                    0
a.xsectrl.a_gn#branch_1_8                    0
a.xsectrl.a_gn#branch_1_9                    0
a.xsectrl.a_gn#branch_1_10                   0
a.xsectrl.a_gn#branch_1_11                   0
a.xsectrl.a_gn#branch_1_12                   0
a.xsectrl.a_gn#branch_1_13                   0
a.xsectrl.a_gn#branch_1_14                   0
a.xsectrl.a_gn#branch_1_15                   0
a.xsectrl.a_gn#branch_1_16                   0
a.xsectrl.a_gn#branch_1_17                   0
a.xsectrl.a_gn#branch_1_18                   0
a.xsectrl.a_gn#branch_1_19                   0
a.xsectrl.a_gn#branch_1_20                   0
a.xsectrl.a_gn#branch_1_21                   0
a.xsectrl.a_gn#branch_1_22                   0
a.xsectrl.a_gn#branch_1_23                   0
a.xsectrl.a_gn#branch_1_24                   0
a.xsectrl.a_gn#branch_1_25                   0
a.xsectrl.a_gn#branch_1_26                   0
a.xsectrl.a_gn#branch_1_27                   0
a.xsectrl.a_gn#branch_1_28                   0
a.xsectrl.a_gn#branch_1_29                   0
a.xsectrl.a_gn#branch_1_30                   0
a.xsectrl.a_gn#branch_1_31                   0
a.xsectrl.a_gn#branch_1_32                   0
a.xsectrl.a_gn#branch_1_33                   0
a.xsectrl.a_gn#branch_1_34                   0
a.xsectrl.a_gn#branch_1_35                   0
a.xsectrl.a_gn#branch_1_36                   0
a.xsectrl.a_gn#branch_1_37                   0
a.xsectrl.a_gn#branch_1_38                   0
a.xsectrl.a_gn#branch_1_39                   0
a.xsectrl.a_gn#branch_1_40                   0
a.xsectrl.a_gn#branch_1_41                   0
a.xsectrl.a_gn#branch_1_42                   0
a.xsectrl.a_gn#branch_1_43                   0
a.xsectrl.a_gn#branch_1_44                   0
a.xsectrl.a_gn#branch_1_45                   0
a.xsectrl.a_gn#branch_1_46                   0
a.xsectrl.a_gn#branch_1_47                   0
a.xsectrl.a_gn#branch_1_48                   0
a.xsectrl.a_gn#branch_1_49                   0
a.xsectrl.a_gn#branch_1_50                   0
a.xsectrl.a_gn#branch_1_51                   0
a.xsectrl.a_gn#branch_1_52                   0
a.xsectrl.a_gn#branch_1_53                   0
a.xsectrl.a_dout#branch_1_0                  0
a.xsectrl.a_dout#branch_1_1                  0
a.xsectrl.a_dout#branch_1_2                  0
a.xsectrl.a_dout#branch_1_3                  0
a.xsectrl.a_dout#branch_1_4                  0
a.xsectrl.a_dout#branch_1_5                  0
a.xsectrl.a_dout#branch_1_6                  0
a.xsectrl.a_dout#branch_1_7                  0
a.xsectrl.a_dout#branch_1_8                  0
a.xsectrl.a_dout#branch_1_9                  0
a.xsectrl.a_dout#branch_1_10                 0
a.xsectrl.a_dout#branch_1_11                 0
a.xsectrl.a_dout#branch_1_12                 0

 Reference value :  2.92235e-09
 Reference value :  9.41948e-08
 Reference value :  1.90020e-07
 Reference value :  2.81441e-07
 Reference value :  3.75179e-07
 Reference value :  4.40074e-07
 Reference value :  5.31464e-07
 Reference value :  5.93876e-07
 Reference value :  6.46057e-07
 Reference value :  6.90000e-07
 Reference value :  7.50529e-07
 Reference value :  7.82156e-07
 Reference value :  8.43950e-07
 Reference value :  8.77573e-07
 Reference value :  9.38172e-07
 Reference value :  1.00274e-06
 Reference value :  1.06316e-06
 Reference value :  1.12832e-06
 Reference value :  1.18972e-06
 Reference value :  1.25014e-06
 Reference value :  1.31282e-06
 Reference value :  1.37501e-06
 Reference value :  1.40646e-06
 Reference value :  1.46881e-06
 Reference value :  1.50271e-06
 Reference value :  1.56417e-06
 Reference value :  1.62514e-06
 Reference value :  1.67488e-06
 Reference value :  1.71895e-06
 Reference value :  1.78128e-06
 Reference value :  1.81477e-06
 Reference value :  1.87510e-06
 Reference value :  1.90642e-06
 Reference value :  2.00019e-06
 Reference value :  2.03134e-06
 Reference value :  2.09376e-06
 Reference value :  2.15630e-06
 Reference value :  2.19000e-06
 Reference value :  2.25037e-06
 Reference value :  2.28172e-06
 Reference value :  2.34381e-06
 Reference value :  2.37771e-06
 Reference value :  2.46545e-06
 Reference value :  2.52930e-06
 Reference value :  2.56502e-06
 Reference value :  2.62546e-06
 Reference value :  2.68756e-06
 Reference value :  2.71904e-06
 Reference value :  2.78132e-06
 Reference value :  2.81485e-06
 Reference value :  2.87518e-06
 Reference value :  2.93860e-06
 Reference value :  3.00232e-06
 Reference value :  3.03181e-06
 Reference value :  3.09412e-06
 Reference value :  3.15662e-06
 Reference value :  3.21879e-06
 Reference value :  3.25289e-06
 Reference value :  3.31268e-06
 Reference value :  3.36879e-06
 Reference value :  3.40645e-06
 Reference value :  3.46881e-06
 Reference value :  3.53135e-06
 Reference value :  3.59377e-06
 Reference value :  3.65631e-06
 Reference value :  3.69016e-06
 Reference value :  3.76354e-06
 Reference value :  3.81307e-06
 Reference value :  3.87514e-06
 Reference value :  3.90661e-06
 Reference value :  3.96895e-06
 Reference value :  4.00310e-06
 Reference value :  4.09397e-06
 Reference value :  4.15662e-06
 Reference value :  4.21882e-06
 Reference value :  4.25297e-06
 Reference value :  4.31346e-06
 Reference value :  4.37519e-06
 Reference value :  4.40658e-06
 Reference value :  4.44074e-06
 Reference value :  4.50056e-06
 Reference value :  4.55982e-06
 Reference value :  4.59391e-06
 Reference value :  4.65399e-06
 Reference value :  4.69000e-06
 Reference value :  4.75078e-06
 Reference value :  4.81264e-06
 Reference value :  4.84424e-06
 Reference value :  4.88047e-06
 Reference value :  4.93804e-06
 Reference value :  5.00049e-06
 Reference value :  5.03146e-06
 Reference value :  5.09385e-06
 Reference value :  5.15631e-06
 Reference value :  5.19003e-06
 Reference value :  5.25039e-06
 Reference value :  5.28901e-06
 Reference value :  5.34386e-06
 Reference value :  5.37896e-06
 Reference value :  5.43791e-06
 Reference value :  5.46952e-06
 Reference value :  5.53129e-06
 Reference value :  5.56509e-06
 Reference value :  5.62632e-06
 Reference value :  5.68766e-06
 Reference value :  5.72885e-06
 Reference value :  5.78145e-06
 Reference value :  5.83618e-06
 Reference value :  5.87726e-06
 Reference value :  5.92286e-06
 Reference value :  5.98787e-06
 Reference value :  6.00706e-06
 Reference value :  6.09378e-06
 Reference value :  6.15635e-06
 Reference value :  6.19055e-06
 Reference value :  6.25268e-06
 Reference value :  6.31279e-06
 Reference value :  6.34466e-06
 Reference value :  6.40633e-06
 Reference value :  6.44002e-06
 Reference value :  6.50058e-06
 Reference value :  6.56260e-06
 Reference value :  6.59396e-06
 Reference value :  6.65626e-06
 Reference value :  6.69010e-06
 Reference value :  6.75228e-06
 Reference value :  6.81271e-06
 Reference value :  6.85657e-06
 Reference value :  6.90636e-06
 Reference value :  6.96883e-06
 Reference value :  7.00279e-06
 Reference value :  7.06253e-06
 Reference value :  7.09463e-06
 Reference value :  7.15687e-06
 Reference value :  7.21132e-06
 Reference value :  7.25267e-06
 Reference value :  7.31261e-06
 Reference value :  7.34395e-06
 Reference value :  7.37758e-06
 Reference value :  7.43790e-06
 Reference value :  7.48995e-06
 Reference value :  7.53140e-06
 Reference value :  7.59196e-06
 Reference value :  7.62753e-06
 Reference value :  7.68977e-06
 Reference value :  7.75021e-06
 Reference value :  7.80215e-06
 Reference value :  7.84408e-06
 Reference value :  7.90626e-06
 Reference value :  7.96883e-06
 Reference value :  8.00273e-06
 Reference value :  8.06257e-06
 Reference value :  8.09486e-06
 Reference value :  8.15694e-06
 Reference value :  8.21881e-06
 Reference value :  8.25290e-06
 Reference value :  8.31277e-06
 Reference value :  8.34421e-06
 Reference value :  8.39212e-06
 Reference value :  8.43977e-06
 Reference value :  8.50020e-06
 Reference value :  8.53168e-06
 Reference value :  8.59381e-06
 Reference value :  8.62819e-06
 Reference value :  8.68995e-06
 Reference value :  8.75050e-06
 Reference value :  8.81260e-06
 Reference value :  8.84405e-06
 Reference value :  8.87805e-06
 Reference value :  8.93788e-06
 Reference value :  9.00041e-06
 Reference value :  9.03148e-06
 Reference value :  9.09435e-06
 Reference value :  9.15721e-06
 Reference value :  9.21889e-06
 Reference value :  9.25452e-06
 Reference value :  9.31494e-06
 Reference value :  9.37513e-06
 Reference value :  9.40635e-06
 Reference value :  9.44014e-06
 Reference value :  9.50043e-06
 Reference value :  9.53315e-06
 Reference value :  9.59385e-06
 Reference value :  9.62854e-06
 Reference value :  9.68978e-06
 Reference value :  9.75027e-06
 Reference value :  9.78823e-06
 Reference value :  9.84390e-06
 Reference value :  9.87845e-06
 Reference value :  9.94000e-06
 Reference value :  1.00024e-05
 Reference value :  1.00625e-05
 Reference value :  1.01252e-05
 Reference value :  1.01877e-05
 Reference value :  1.02208e-05
 Reference value :  1.02814e-05
 Reference value :  1.03243e-05
 Reference value :  1.03760e-05
 Reference value :  1.04377e-05
 Reference value :  1.04692e-05
 Reference value :  1.05313e-05
 Reference value :  1.05653e-05
 Reference value :  1.06273e-05
 Reference value :  1.06877e-05
 Reference value :  1.07501e-05
 Reference value :  1.08150e-05
 Reference value :  1.08862e-05
 Reference value :  1.10000e-05
 Reference value :  1.10630e-05
 Reference value :  1.11742e-05
 Reference value :  1.12528e-05
 Reference value :  1.13274e-05
 Reference value :  1.14067e-05
 Reference value :  1.15007e-05
 Reference value :  1.15631e-05
 Reference value :  1.16255e-05
 Reference value :  1.16882e-05
 Reference value :  1.17502e-05
 Reference value :  1.17819e-05
 Reference value :  1.18439e-05
 Reference value :  1.18780e-05
 Reference value :  1.19377e-05
 Reference value :  1.20002e-05
 Reference value :  1.20314e-05
 Reference value :  1.20938e-05
 Reference value :  1.21563e-05
 Reference value :  1.21901e-05
 Reference value :  1.22814e-05
 Reference value :  1.23238e-05
 Reference value :  1.23757e-05
 Reference value :  1.24376e-05
 Reference value :  1.24692e-05
 Reference value :  1.25313e-05
 Reference value :  1.25651e-05
 Reference value :  1.26256e-05
 Reference value :  1.26875e-05
 Reference value :  1.27456e-05
 Reference value :  1.28127e-05
 Reference value :  1.28443e-05
 Reference value :  1.28827e-05
 Reference value :  1.29400e-05
 Reference value :  1.30023e-05
 Reference value :  1.30318e-05
 Reference value :  1.31251e-05
 Reference value :  1.31900e-05
 Reference value :  1.32506e-05
 Reference value :  1.33134e-05
 Reference value :  1.33750e-05
 Reference value :  1.34063e-05
 Reference value :  1.34400e-05
 Reference value :  1.35002e-05
 Reference value :  1.35318e-05
 Reference value :  1.35938e-05
 Reference value :  1.36276e-05
 Reference value :  1.36892e-05
 Reference value :  1.37502e-05
 Reference value :  1.37867e-05
 Reference value :  1.38439e-05
 Reference value :  1.38809e-05
 Reference value :  1.39481e-05
 Reference value :  1.40025e-05
 Reference value :  1.40358e-05
 Reference value :  1.41028e-05
 Reference value :  1.41715e-05
 Reference value :  1.42191e-05
 Reference value :  1.42813e-05
 Reference value :  1.43150e-05
 Reference value :  1.43776e-05
 Reference value :  1.44379e-05
 Reference value :  1.45000e-05
 Reference value :  1.45625e-05
 Reference value :  1.45941e-05
 Reference value :  1.46563e-05
 Reference value :  1.46905e-05
 Reference value :  1.47524e-05
 Reference value :  1.48438e-05
 Reference value :  1.48775e-05
 Reference value :  1.49376e-05
 Reference value :  1.50001e-05
 Reference value :  1.50313e-05
 Reference value :  1.50821e-05
 Reference value :  1.51540e-05
 Reference value :  1.51898e-05
 Reference value :  1.52502e-05
 Reference value :  1.52817e-05
 Reference value :  1.53265e-05
 Reference value :  1.53754e-05
 Reference value :  1.54068e-05
 Reference value :  1.54688e-05
 Reference value :  1.55026e-05
 Reference value :  1.55630e-05
 Reference value :  1.56237e-05
 Reference value :  1.56564e-05
 Reference value :  1.57188e-05
 Reference value :  1.57525e-05
 Reference value :  1.58129e-05
 Reference value :  1.58751e-05
 Reference value :  1.59065e-05
 Reference value :  1.59690e-05
 Reference value :  1.60029e-05
 Reference value :  1.60627e-05
 Reference value :  1.61251e-05
 Reference value :  1.61876e-05
 Reference value :  1.62192e-05
 Reference value :  1.62813e-05
 Reference value :  1.63349e-05
 Reference value :  1.64067e-05
 Reference value :  1.65004e-05
 Reference value :  1.65653e-05
 Reference value :  1.66564e-05
 Reference value :  1.67505e-05
 Reference value :  1.68438e-05
 Reference value :  1.68777e-05
 Reference value :  1.69378e-05
 Reference value :  1.70004e-05
 Reference value :  1.70314e-05
 Reference value :  1.70938e-05
 Reference value :  1.71564e-05
 Reference value :  1.71913e-05
 Reference value :  1.72527e-05
 Reference value :  1.73126e-05
 Reference value :  1.73440e-05
 Reference value :  1.73805e-05
 Reference value :  1.74379e-05
 Reference value :  1.74692e-05
 Reference value :  1.75297e-05
 Reference value :  1.75650e-05
 Reference value :  1.76252e-05
 Reference value :  1.76573e-05
 Reference value :  1.77189e-05
 Reference value :  1.77596e-05
 Reference value :  1.78149e-05
 Reference value :  1.78752e-05
 Reference value :  1.79079e-05
 Reference value :  1.79761e-05
 Reference value :  1.80032e-05
 Reference value :  1.80630e-05
 Reference value :  1.81255e-05
 Reference value :  1.81880e-05
 Reference value :  1.82500e-05
 Reference value :  1.82814e-05
 Reference value :  1.83154e-05
 Reference value :  1.83773e-05
 Reference value :  1.84377e-05
 Reference value :  1.84694e-05
 Reference value :  1.85313e-05
 Reference value :  1.85652e-05
 Reference value :  1.86257e-05
 Reference value :  1.86876e-05
 Reference value :  1.87190e-05
 Reference value :  1.87813e-05
 Reference value :  1.88148e-05
 Reference value :  1.88644e-05
 Reference value :  1.89064e-05
 Reference value :  1.89689e-05
 Reference value :  1.90028e-05
 Reference value :  1.90626e-05
 Reference value :  1.91251e-05
 Reference value :  1.91875e-05
 Reference value :  1.92190e-05
 Reference value :  1.92599e-05
 Reference value :  1.93438e-05
 Reference value :  1.94376e-05
 Reference value :  1.95025e-05
 Reference value :  1.95938e-05
 Reference value :  1.96862e-05
 Reference value :  1.97526e-05
 Reference value :  1.98440e-05
 Reference value :  1.99375e-05
No. of Data Rows : 50005
e1                  =  1.21135e+00
x1                  =  4.64994e+00 at=  2.28140e-06
cd1                 =  2.00000e+00
e2                  =  8.08855e-01
x2                  =  4.63894e+00 at=  3.28141e-06
cd2                 =  3.00000e+00
e128                =  7.24172e-01
x128                =  3.09774e+00 at=  4.28142e-06
cd128               =  1.29000e+02
e129                =  6.79264e-01
x129                =  3.16005e+00 at=  5.28142e-06
cd129               =  1.29000e+02
e255                =  4.33372e-01
x255                =  1.78545e+00 at=  6.28145e-06
cd255               =  2.55000e+02
e256                =  4.10330e-01
x256                =  1.84235e+00 at=  7.28146e-06
cd256               =  2.56000e+02
e257                =  4.65649e-01
x257                =  1.83256e+00 at=  8.28146e-06
cd257               =  2.57000e+02
e384                =  9.84458e-02
x384                =  9.21476e-01 at=  9.31262e-06
cd384               =  3.84000e+02
e511                =  -1.33319e-01
x511                =  1.35894e+00 at=  1.03439e-05
cd511               =  5.11000e+02
e512                =  -3.70567e-03
x512                =  1.34703e+00 at=  1.13440e-05
cd512               =  5.12000e+02
e513                =  -4.43063e-02
x513                =  1.36607e+00 at=  1.23440e-05
cd513               =  5.13000e+02
e640                =  -2.87450e-01
x640                =  1.07434e+00 at=  1.33126e-05
cd640               =  6.39000e+02
e767                =  -6.28879e-01
x767                =  1.86916e+00 at=  1.43126e-05
cd767               =  7.66000e+02
e768                =  -4.79975e-01
x768                =  1.79744e+00 at=  1.53126e-05
cd768               =  7.67000e+02
e769                =  -5.47377e-01
x769                =  1.80396e+00 at=  1.63126e-05
cd769               =  7.68000e+02
e896                =  -7.51777e-01
x896                =  2.70655e+00 at=  1.73126e-05
cd896               =  8.95000e+02
e1022               =  -1.10740e+00
x1022               =  3.57540e+00 at=  1.83126e-05
cd1022              =  1.02100e+03
e1023               =  -9.69964e-01
x1023               =  3.50766e+00 at=  1.93126e-05
cd1023              =  1.02200e+03
vrefhi              =  3.30017e+00 at=  1.73149e-05
vreflo              =  3.29982e+00 at=  1.25690e-05
m_terr_t1_lsb = 1.2113490000e+00
m_decerr_t1_lsb = 4.6499410000e+00
m_code_t1 = 2.0000000000e+00
m_terr_t2_lsb = 8.0885470000e-01
m_decerr_t2_lsb = 4.6389360000e+00
m_code_t2 = 3.0000000000e+00
m_terr_t128_lsb = 7.2417230000e-01
m_decerr_t128_lsb = 3.0977380000e+00
m_code_t128 = 1.2900000000e+02
m_terr_t129_lsb = 6.7926440000e-01
m_decerr_t129_lsb = 3.1600520000e+00
m_code_t129 = 1.2900000000e+02
m_terr_t255_lsb = 4.3337230000e-01
m_decerr_t255_lsb = 1.7854500000e+00
m_code_t255 = 2.5500000000e+02
m_terr_t256_lsb = 4.1032970000e-01
m_decerr_t256_lsb = 1.8423470000e+00
m_code_t256 = 2.5600000000e+02
m_terr_t257_lsb = 4.6564910000e-01
m_decerr_t257_lsb = 1.8325600000e+00
m_code_t257 = 2.5700000000e+02
m_terr_t384_lsb = 9.8445780000e-02
m_decerr_t384_lsb = 9.2147630000e-01
m_code_t384 = 3.8400000000e+02
m_terr_t511_lsb = -1.333192000e-01
m_decerr_t511_lsb = 1.3589400000e+00
m_code_t511 = 5.1100000000e+02
m_terr_t512_lsb = -3.705670000e-03
m_decerr_t512_lsb = 1.3470270000e+00
m_code_t512 = 5.1200000000e+02
m_terr_t513_lsb = -4.430629000e-02
m_decerr_t513_lsb = 1.3660740000e+00
m_code_t513 = 5.1300000000e+02
m_terr_t640_lsb = -2.874500000e-01
m_decerr_t640_lsb = 1.0743390000e+00
m_code_t640 = 6.3900000000e+02
m_terr_t767_lsb = -6.288792000e-01
m_decerr_t767_lsb = 1.8691560000e+00
m_code_t767 = 7.6600000000e+02
m_terr_t768_lsb = -4.799745000e-01
m_decerr_t768_lsb = 1.7974420000e+00
m_code_t768 = 7.6700000000e+02
m_terr_t769_lsb = -5.473769000e-01
m_decerr_t769_lsb = 1.8039610000e+00
m_code_t769 = 7.6800000000e+02
m_terr_t896_lsb = -7.517766000e-01
m_decerr_t896_lsb = 2.7065540000e+00
m_code_t896 = 8.9500000000e+02
m_terr_t1022_lsb = -1.107400000e+00
m_decerr_t1022_lsb = 3.5753960000e+00
m_code_t1022 = 1.0210000000e+03
m_terr_t1023_lsb = -9.699643000e-01
m_decerr_t1023_lsb = 3.5076570000e+00
m_code_t1023 = 1.0220000000e+03
m_inl_t1_lsb = 0.0000000000e+00
m_inl_t2_lsb = -4.003599426e-01
m_inl_t128_lsb = -2.161133056e-01
m_inl_t129_lsb = -2.588868481e-01
m_inl_t255_lsb = -2.358499112e-01
m_inl_t256_lsb = -2.567581537e-01
m_inl_t257_lsb = -1.993043963e-01
m_inl_t384_lsb = -2.954443219e-01
m_inl_t511_lsb = -2.561459074e-01
m_inl_t512_lsb = -1.243980200e-01
m_inl_t513_lsb = -1.628642826e-01
m_inl_t640_lsb = -1.349445981e-01
m_inl_t767_lsb = -2.053104037e-01
m_inl_t768_lsb = -5.427134628e-02
m_inl_t769_lsb = -1.195393888e-01
m_inl_t896_lsb = -5.287569442e-02
m_inl_t1022_lsb = -1.395700574e-01
m_inl_t1023_lsb = 2.2204460493e-16
m_dnl_t1_t2_lsb = -4.024943000e-01
m_dnl_t128_t129_lsb = -4.490790000e-02
m_dnl_t255_t256_lsb = -2.304260000e-02
m_dnl_t256_t257_lsb = 5.5319400000e-02
m_dnl_t511_t512_lsb = 1.2961353000e-01
m_dnl_t512_t513_lsb = -4.060062000e-02
m_dnl_t767_t768_lsb = 1.4890470000e-01
m_dnl_t768_t769_lsb = -6.740240000e-02
m_dnl_t1022_t1023_lsb = 1.3743570000e-01
m_gain_err_lsb = -2.183447657e+00
m_vref_droop_mv = 3.5100000000e-01
Note: Simulation executed from .control section 

Note: Starting dynamic gmin stepping
Note: Dynamic gmin stepping completed
