
Note: No compatibility mode selected!


Circuit: * vcm-drive-impedance @ tt_27c_3.30v -- generated by sim/harness, do not edit

Reducing trtol to 1 for xspice 'A' devices
Doing analysis at TEMP = 27.000000 and TNOM = 27.000000

Using SPARSE 1.3 as Direct Linear Solver

Initial Transient Solution
--------------------------

Node                                   Voltage
----                                   -------
clk                                          0
cmpclk                                       0
cmpclkb                                    3.3
vddt                                       3.3
vddd                                       3.3
vddc                                       3.3
vrefs                                      3.3
vrefn                                      3.3
vcmi                                      1.65
vcmn                                      1.65
se_vinp                             0.00402832
se_vinn                                   1.65
se_start                                     0
se_mode                                      0
se_cmp                                 1.36609
se_samp_tp_n                                 0
se_sel_in_n                                  0
se_drdy                                    3.3
se_c9                                        0
se_c8                                        0
se_c7                                        0
se_c6                                        0
se_c5                                        0
se_c4                                        0
se_c3                                        0
se_c2                                        0
se_c1                                        0
se_c0                                        0
se_rel_n_256p                              3.3
se_sel_hi_n_256p                             0
se_sel_lo_n_256p                             0
se_rel_n_128p                              3.3
se_sel_hi_n_128p                             0
se_sel_lo_n_128p                             0
se_rel_n_64p                               3.3
se_sel_hi_n_64p                              0
se_sel_lo_n_64p                              0
se_rel_n_32p                               3.3
se_sel_hi_n_32p                              0
se_sel_lo_n_32p                              0
se_rel_n_16p                               3.3
se_sel_hi_n_16p                              0
se_sel_lo_n_16p                              0
se_rel_n_8p                                3.3
se_sel_hi_n_8p                               0
se_sel_lo_n_8p                               0
se_rel_n_4p                                3.3
se_sel_hi_n_4p                               0
se_sel_lo_n_4p                               0
se_rel_n_2p                                3.3
se_sel_hi_n_2p                               0
se_sel_lo_n_2p                               0
se_rel_n_1p                                3.3
se_sel_hi_n_1p                               0
se_sel_lo_n_1p                               0
se_rel_n_256n                              3.3
se_sel_hi_n_256n                             0
se_sel_lo_n_256n                             0
se_rel_n_128n                              3.3
se_sel_hi_n_128n                             0
se_sel_lo_n_128n                             0
se_rel_n_64n                               3.3
se_sel_hi_n_64n                              0
se_sel_lo_n_64n                              0
se_rel_n_32n                               3.3
se_sel_hi_n_32n                              0
se_sel_lo_n_32n                              0
se_rel_n_16n                               3.3
se_sel_hi_n_16n                              0
se_sel_lo_n_16n                              0
se_rel_n_8n                                3.3
se_sel_hi_n_8n                               0
se_sel_lo_n_8n                               0
se_rel_n_4n                                3.3
se_sel_hi_n_4n                               0
se_sel_lo_n_4n                               0
se_rel_n_2n                                3.3
se_sel_hi_n_2n                               0
se_sel_lo_n_2n                               0
se_rel_n_1n                                3.3
se_sel_hi_n_1n                               0
se_sel_lo_n_1n                               0
se_pinp                             0.00402832
se_pinn                                   1.65
xsetswp.gp                                 3.3
se_topp                                   1.65
xsetswn.gp                                 3.3
se_topn                                   1.65
xsearrp.x256.bp                           1.65
xsearrp.x256.gp_in                         3.3
xsearrp.x256.gp_rel                1.72047e-09
xsearrp.x256.gp_hi                         3.3
xsearrp.x256.gp_lo                         3.3
xsearrp.x128.bp                           1.65
xsearrp.x128.gp_in                         3.3
xsearrp.x128.gp_rel                1.72047e-09
xsearrp.x128.gp_hi                         3.3
xsearrp.x128.gp_lo                         3.3
xsearrp.x64.bp                            1.65
xsearrp.x64.gp_in                          3.3
xsearrp.x64.gp_rel                 1.72047e-09
xsearrp.x64.gp_hi                          3.3
xsearrp.x64.gp_lo                          3.3
xsearrp.x32.bp                            1.65
xsearrp.x32.gp_in                          3.3
xsearrp.x32.gp_rel                 1.72047e-09
xsearrp.x32.gp_hi                          3.3
xsearrp.x32.gp_lo                          3.3
xsearrp.x16.bp                            1.65
xsearrp.x16.gp_in                          3.3
xsearrp.x16.gp_rel                 1.72047e-09
xsearrp.x16.gp_hi                          3.3
xsearrp.x16.gp_lo                          3.3
xsearrp.x8.bp                             1.65
xsearrp.x8.gp_in                           3.3
xsearrp.x8.gp_rel                  1.72047e-09
xsearrp.x8.gp_hi                           3.3
xsearrp.x8.gp_lo                           3.3
xsearrp.x4.bp                             1.65
xsearrp.x4.gp_in                           3.3
xsearrp.x4.gp_rel                  1.72047e-09
xsearrp.x4.gp_hi                           3.3
xsearrp.x4.gp_lo                           3.3
xsearrp.x2.bp                             1.65
xsearrp.x2.gp_in                           3.3
xsearrp.x2.gp_rel                  1.72047e-09
xsearrp.x2.gp_hi                           3.3
xsearrp.x2.gp_lo                           3.3
xsearrp.x1.bp                             1.65
xsearrp.x1.gp_in                           3.3
xsearrp.x1.gp_rel                  1.72047e-09
xsearrp.x1.gp_hi                           3.3
xsearrp.x1.gp_lo                           3.3
xsearrn.x256.bp                           1.65
xsearrn.x256.gp_in                         3.3
xsearrn.x256.gp_rel                1.72047e-09
xsearrn.x256.gp_hi                         3.3
xsearrn.x256.gp_lo                         3.3
xsearrn.x128.bp                           1.65
xsearrn.x128.gp_in                         3.3
xsearrn.x128.gp_rel                1.72047e-09
xsearrn.x128.gp_hi                         3.3
xsearrn.x128.gp_lo                         3.3
xsearrn.x64.bp                            1.65
xsearrn.x64.gp_in                          3.3
xsearrn.x64.gp_rel                 1.72047e-09
xsearrn.x64.gp_hi                          3.3
xsearrn.x64.gp_lo                          3.3
xsearrn.x32.bp                            1.65
xsearrn.x32.gp_in                          3.3
xsearrn.x32.gp_rel                 1.72047e-09
xsearrn.x32.gp_hi                          3.3
xsearrn.x32.gp_lo                          3.3
xsearrn.x16.bp                            1.65
xsearrn.x16.gp_in                          3.3
xsearrn.x16.gp_rel                 1.72047e-09
xsearrn.x16.gp_hi                          3.3
xsearrn.x16.gp_lo                          3.3
xsearrn.x8.bp                             1.65
xsearrn.x8.gp_in                           3.3
xsearrn.x8.gp_rel                  1.72047e-09
xsearrn.x8.gp_hi                           3.3
xsearrn.x8.gp_lo                           3.3
xsearrn.x4.bp                             1.65
xsearrn.x4.gp_in                           3.3
xsearrn.x4.gp_rel                  1.72047e-09
xsearrn.x4.gp_hi                           3.3
xsearrn.x4.gp_lo                           3.3
xsearrn.x2.bp                             1.65
xsearrn.x2.gp_in                           3.3
xsearrn.x2.gp_rel                  1.72047e-09
xsearrn.x2.gp_hi                           3.3
xsearrn.x2.gp_lo                           3.3
xsearrn.x1.bp                             1.65
xsearrn.x1.gp_in                           3.3
xsearrn.x1.gp_rel                  1.72047e-09
xsearrn.x1.gp_hi                           3.3
xsearrn.x1.gp_lo                           3.3
se_ibias                              0.753672
xsecmp.xpre.ptail                     0.759766
xsecmp.pon                             2.52755
xsecmp.preamp_in1                         1.65
xsecmp.pop                             2.52755
xsecmp.preamp_in2                         1.65
xsecmp.xpre.xrlp.11                    3.29957
xsecmp.xpre.xrlp.21                    2.52799
xsecmp.xpre.xrln.11                    3.29957
xsecmp.xpre.xrln.21                    2.52799
xsecmp.xlat.ltail                      1.87063
xsecmp.xlat.dip                            3.3
xsecmp.xlat.din                            3.3
xsecmp.outn                                3.3
xsecmp.outp                                3.3
xsecmp.sset                        6.32069e-09
xsecmp.srst                        6.32069e-09
xsecmp.xno1.ps                         3.08698
se_cmpb                                1.36609
xsecmp.xno2.ps                         3.08698
se_dacp                            1.11022e-16
se_dacn                            1.11022e-16
se_di                                  1.64597
se_err                                  510.75
se_aerrh                                     0
se_code                                      0
bsecode#branch                               0
bseea#branch                                 0
bsee#branch                                  0
bsedi#branch                                 0
bsedacn#branch                               0
bsedacp#branch                               0
lvcm#branch                        5.62963e-11
lref#branch                        6.07771e-11
v.xsecmp.vpn#branch                7.03639e-28
v.xsecmp.vpp#branch                2.99724e-28
vsemode#branch                               0
vsestart#branch                              0
vsevinn#branch                               0
vseinp#branch                      5.76163e-11
vcmi#branch                       -5.62963e-11
vrefs#branch                      -6.07771e-11
vddc#branch                       -0.000614584
vddd#branch                       -5.47472e-10
vddt#branch                          -1.38e-11
vcmpclkb#branch                              0
vcmpclk#branch                               0
vclk#branch                                  0
a.xsectrl.a_gn#branch_1_0                    0
a.xsectrl.a_gn#branch_1_1                    0
a.xsectrl.a_gn#branch_1_2                    0
a.xsectrl.a_gn#branch_1_3                    0
a.xsectrl.a_gn#branch_1_4                    0
a.xsectrl.a_gn#branch_1_5                    0
a.xsectrl.a_gn#branch_1_6                    0
a.xsectrl.a_gn#branch_1_7                    0
a.xsectrl.a_gn#branch_1_8                    0
a.xsectrl.a_gn#branch_1_9                    0
a.xsectrl.a_gn#branch_1_10                   0
a.xsectrl.a_gn#branch_1_11                   0
a.xsectrl.a_gn#branch_1_12                   0
a.xsectrl.a_gn#branch_1_13                   0
a.xsectrl.a_gn#branch_1_14                   0
a.xsectrl.a_gn#branch_1_15                   0
a.xsectrl.a_gn#branch_1_16                   0
a.xsectrl.a_gn#branch_1_17                   0
a.xsectrl.a_gn#branch_1_18                   0
a.xsectrl.a_gn#branch_1_19                   0
a.xsectrl.a_gn#branch_1_20                   0
a.xsectrl.a_gn#branch_1_21                   0
a.xsectrl.a_gn#branch_1_22                   0
a.xsectrl.a_gn#branch_1_23                   0
a.xsectrl.a_gn#branch_1_24                   0
a.xsectrl.a_gn#branch_1_25                   0
a.xsectrl.a_gn#branch_1_26                   0
a.xsectrl.a_gn#branch_1_27                   0
a.xsectrl.a_gn#branch_1_28                   0
a.xsectrl.a_gn#branch_1_29                   0
a.xsectrl.a_gn#branch_1_30                   0
a.xsectrl.a_gn#branch_1_31                   0
a.xsectrl.a_gn#branch_1_32                   0
a.xsectrl.a_gn#branch_1_33                   0
a.xsectrl.a_gn#branch_1_34                   0
a.xsectrl.a_gn#branch_1_35                   0
a.xsectrl.a_gn#branch_1_36                   0
a.xsectrl.a_gn#branch_1_37                   0
a.xsectrl.a_gn#branch_1_38                   0
a.xsectrl.a_gn#branch_1_39                   0
a.xsectrl.a_gn#branch_1_40                   0
a.xsectrl.a_gn#branch_1_41                   0
a.xsectrl.a_gn#branch_1_42                   0
a.xsectrl.a_gn#branch_1_43                   0
a.xsectrl.a_gn#branch_1_44                   0
a.xsectrl.a_gn#branch_1_45                   0
a.xsectrl.a_gn#branch_1_46                   0
a.xsectrl.a_gn#branch_1_47                   0
a.xsectrl.a_gn#branch_1_48                   0
a.xsectrl.a_gn#branch_1_49                   0
a.xsectrl.a_gn#branch_1_50                   0
a.xsectrl.a_gn#branch_1_51                   0
a.xsectrl.a_gn#branch_1_52                   0
a.xsectrl.a_gn#branch_1_53                   0
a.xsectrl.a_dout#branch_1_0                  0
a.xsectrl.a_dout#branch_1_1                  0
a.xsectrl.a_dout#branch_1_2                  0
a.xsectrl.a_dout#branch_1_3                  0
a.xsectrl.a_dout#branch_1_4                  0
a.xsectrl.a_dout#branch_1_5                  0
a.xsectrl.a_dout#branch_1_6                  0
a.xsectrl.a_dout#branch_1_7                  0
a.xsectrl.a_dout#branch_1_8                  0
a.xsectrl.a_dout#branch_1_9                  0
a.xsectrl.a_dout#branch_1_10                 0
a.xsectrl.a_dout#branch_1_11                 0
a.xsectrl.a_dout#branch_1_12                 0

 Reference value :  0.00000e+00
 Reference value :  3.13500e-08
 Reference value :  9.38375e-08
 Reference value :  1.56352e-07
 Reference value :  1.90147e-07
 Reference value :  2.51056e-07
 Reference value :  2.97930e-07
 Reference value :  3.43950e-07
 Reference value :  4.06256e-07
 Reference value :  4.69475e-07
 Reference value :  5.31328e-07
 Reference value :  5.65170e-07
 Reference value :  6.26888e-07
 Reference value :  6.87689e-07
 Reference value :  7.50107e-07
 Reference value :  7.82383e-07
 Reference value :  8.43887e-07
 Reference value :  8.77573e-07
 Reference value :  9.38437e-07
 Reference value :  1.00227e-06
 Reference value :  1.03162e-06
 Reference value :  1.09395e-06
 Reference value :  1.15698e-06
 Reference value :  1.21923e-06
 Reference value :  1.28130e-06
 Reference value :  1.31478e-06
 Reference value :  1.37521e-06
 Reference value :  1.41737e-06
 Reference value :  1.46886e-06
 Reference value :  1.50469e-06
 Reference value :  1.56477e-06
 Reference value :  1.62520e-06
 Reference value :  1.65674e-06
 Reference value :  1.71884e-06
 Reference value :  1.76325e-06
 Reference value :  1.81301e-06
 Reference value :  1.84493e-06
 Reference value :  1.90632e-06
 Reference value :  1.96884e-06
 Reference value :  2.00267e-06
 Reference value :  2.06253e-06
 Reference value :  2.12503e-06
 Reference value :  2.18751e-06
 Reference value :  2.23455e-06
 Reference value :  2.31250e-06
 Reference value :  2.34393e-06
 Reference value :  2.39561e-06
 Reference value :  2.44006e-06
 Reference value :  2.50373e-06
 Reference value :  2.56477e-06
 Reference value :  2.62516e-06
 Reference value :  2.65672e-06
 Reference value :  2.71885e-06
 Reference value :  2.75404e-06
 Reference value :  2.81289e-06
 Reference value :  2.84438e-06
 Reference value :  2.90630e-06
 Reference value :  2.96883e-06
 Reference value :  3.00259e-06
 Reference value :  3.07815e-06
 Reference value :  3.15662e-06
 Reference value :  3.21876e-06
 Reference value :  3.25284e-06
 Reference value :  3.31260e-06
 Reference value :  3.34406e-06
 Reference value :  3.40632e-06
 Reference value :  3.44028e-06
 Reference value :  3.50227e-06
 Reference value :  3.56269e-06
 Reference value :  3.59431e-06
 Reference value :  3.65632e-06
 Reference value :  3.69045e-06
 Reference value :  3.75235e-06
 Reference value :  3.81264e-06
 Reference value :  3.84423e-06
 Reference value :  3.90630e-06
 Reference value :  3.96877e-06
 Reference value :  4.00284e-06
 Reference value :  4.06271e-06
 Reference value :  4.12539e-06
 Reference value :  4.18796e-06
 Reference value :  4.25010e-06
 Reference value :  4.28157e-06
 Reference value :  4.34380e-06
 Reference value :  4.37777e-06
 Reference value :  4.43769e-06
 Reference value :  4.46914e-06
 Reference value :  4.50489e-06
 Reference value :  4.56494e-06
 Reference value :  4.62520e-06
 Reference value :  4.65819e-06
 Reference value :  4.71890e-06
 Reference value :  4.78125e-06
 Reference value :  4.81501e-06
 Reference value :  4.87520e-06
 Reference value :  4.90663e-06
 Reference value :  4.96890e-06
 Reference value :  5.00286e-06
 Reference value :  5.06261e-06
 Reference value :  5.12510e-06
 Reference value :  5.18760e-06
 Reference value :  5.21920e-06
 Reference value :  5.28128e-06
 Reference value :  5.31477e-06
 Reference value :  5.37525e-06
 Reference value :  5.40667e-06
 Reference value :  5.44468e-06
 Reference value :  5.50078e-06
 Reference value :  5.56251e-06
 Reference value :  5.59394e-06
 Reference value :  5.65625e-06
 Reference value :  5.69007e-06
 Reference value :  5.75227e-06
 Reference value :  5.81264e-06
 Reference value :  5.84417e-06
 Reference value :  5.88389e-06
 Reference value :  5.93821e-06
 Reference value :  6.00115e-06
 Reference value :  6.03171e-06
 Reference value :  6.09479e-06
 Reference value :  6.15766e-06
 Reference value :  6.21892e-06
 Reference value :  6.26020e-06
 Reference value :  6.31502e-06
 Reference value :  6.37520e-06
 Reference value :  6.40665e-06
 Reference value :  6.46875e-06
 Reference value :  6.50254e-06
 Reference value :  6.56288e-06
 Reference value :  6.62247e-06
 Reference value :  6.65639e-06
 Reference value :  6.70930e-06
 Reference value :  6.75251e-06
 Reference value :  6.81303e-06
 Reference value :  6.87510e-06
 Reference value :  6.90645e-06
 Reference value :  6.96886e-06
 Reference value :  7.00284e-06
 Reference value :  7.06260e-06
 Reference value :  7.09452e-06
 Reference value :  7.15680e-06
 Reference value :  7.20343e-06
 Reference value :  7.25058e-06
 Reference value :  7.30580e-06
 Reference value :  7.34384e-06
 Reference value :  7.37746e-06
 Reference value :  7.43764e-06
 Reference value :  7.46903e-06
 Reference value :  7.53125e-06
 Reference value :  7.56504e-06
 Reference value :  7.62541e-06
 Reference value :  7.68750e-06
 Reference value :  7.71902e-06
 Reference value :  7.78131e-06
 Reference value :  7.81511e-06
 Reference value :  7.87727e-06
 Reference value :  7.93768e-06
 Reference value :  8.00020e-06
 Reference value :  8.03139e-06
 Reference value :  8.09380e-06
 Reference value :  8.12545e-06
 Reference value :  8.18763e-06
 Reference value :  8.21912e-06
 Reference value :  8.27452e-06
 Reference value :  8.31477e-06
 Reference value :  8.35046e-06
 Reference value :  8.40634e-06
 Reference value :  8.44002e-06
 Reference value :  8.50049e-06
 Reference value :  8.55192e-06
 Reference value :  8.59388e-06
 Reference value :  8.64258e-06
 Reference value :  8.68997e-06
 Reference value :  8.75042e-06
 Reference value :  8.80800e-06
 Reference value :  8.84401e-06
 Reference value :  8.87773e-06
 Reference value :  8.93781e-06
 Reference value :  9.00033e-06
 Reference value :  9.03147e-06
 Reference value :  9.09418e-06
 Reference value :  9.15688e-06
 Reference value :  9.21889e-06
 Reference value :  9.25451e-06
 Reference value :  9.31494e-06
 Reference value :  9.37511e-06
 Reference value :  9.40635e-06
 Reference value :  9.44007e-06
 Reference value :  9.50029e-06
 Reference value :  9.53168e-06
 Reference value :  9.59381e-06
 Reference value :  9.62792e-06
 Reference value :  9.68983e-06
 Reference value :  9.75034e-06
 Reference value :  9.79628e-06
 Reference value :  9.84394e-06
 Reference value :  9.88079e-06
 Reference value :  9.95412e-06
 Reference value :  1.00025e-05
 Reference value :  1.00626e-05
 Reference value :  1.01251e-05
 Reference value :  1.01877e-05
 Reference value :  1.02193e-05
 Reference value :  1.02814e-05
 Reference value :  1.03209e-05
 Reference value :  1.03760e-05
 Reference value :  1.04376e-05
 Reference value :  1.04691e-05
 Reference value :  1.05313e-05
 Reference value :  1.05650e-05
 Reference value :  1.06255e-05
 Reference value :  1.06875e-05
 Reference value :  1.07190e-05
 Reference value :  1.07813e-05
 Reference value :  1.08151e-05
 Reference value :  1.08756e-05
 Reference value :  1.09074e-05
 Reference value :  1.09696e-05
 Reference value :  1.10296e-05
 Reference value :  1.10938e-05
 Reference value :  1.11563e-05
 Reference value :  1.11900e-05
 Reference value :  1.12504e-05
 Reference value :  1.12845e-05
 Reference value :  1.13439e-05
 Reference value :  1.14376e-05
 Reference value :  1.14691e-05
 Reference value :  1.15313e-05
 Reference value :  1.15650e-05
 Reference value :  1.16255e-05
 Reference value :  1.16875e-05
 Reference value :  1.17190e-05
 Reference value :  1.17813e-05
 Reference value :  1.18150e-05
 Reference value :  1.18756e-05
 Reference value :  1.19068e-05
 Reference value :  1.19690e-05
 Reference value :  1.20029e-05
 Reference value :  1.20627e-05
 Reference value :  1.21252e-05
 Reference value :  1.21877e-05
 Reference value :  1.22500e-05
 Reference value :  1.23130e-05
 Reference value :  1.23773e-05
 Reference value :  1.24377e-05
 Reference value :  1.24707e-05
 Reference value :  1.25313e-05
 Reference value :  1.25654e-05
 Reference value :  1.26273e-05
 Reference value :  1.26877e-05
 Reference value :  1.27234e-05
 Reference value :  1.27814e-05
 Reference value :  1.28284e-05
 Reference value :  1.28754e-05
 Reference value :  1.29070e-05
 Reference value :  1.29773e-05
 Reference value :  1.30312e-05
 Reference value :  1.30920e-05
 Reference value :  1.31563e-05
 Reference value :  1.32192e-05
 Reference value :  1.32813e-05
 Reference value :  1.33150e-05
 Reference value :  1.33751e-05
 Reference value :  1.34064e-05
 Reference value :  1.34401e-05
 Reference value :  1.35004e-05
 Reference value :  1.35442e-05
 Reference value :  1.35939e-05
 Reference value :  1.36284e-05
 Reference value :  1.36899e-05
 Reference value :  1.37511e-05
 Reference value :  1.38150e-05
 Reference value :  1.38757e-05
 Reference value :  1.39375e-05
 Reference value :  1.40001e-05
 Reference value :  1.40313e-05
 Reference value :  1.40938e-05
 Reference value :  1.41563e-05
 Reference value :  1.41901e-05
 Reference value :  1.42509e-05
 Reference value :  1.43000e-05
 Reference value :  1.43438e-05
 Reference value :  1.43774e-05
 Reference value :  1.44377e-05
 Reference value :  1.44692e-05
 Reference value :  1.45313e-05
 Reference value :  1.45651e-05
 Reference value :  1.46255e-05
 Reference value :  1.46876e-05
 Reference value :  1.47191e-05
 Reference value :  1.47813e-05
 Reference value :  1.48154e-05
 Reference value :  1.48754e-05
 Reference value :  1.49067e-05
 Reference value :  1.49692e-05
 Reference value :  1.50030e-05
 Reference value :  1.50629e-05
 Reference value :  1.51254e-05
 Reference value :  1.51879e-05
 Reference value :  1.52470e-05
 Reference value :  1.52814e-05
 Reference value :  1.53154e-05
 Reference value :  1.53752e-05
 Reference value :  1.54066e-05
 Reference value :  1.54466e-05
 Reference value :  1.55025e-05
 Reference value :  1.55628e-05
 Reference value :  1.56024e-05
 Reference value :  1.56564e-05
 Reference value :  1.56951e-05
 Reference value :  1.57525e-05
 Reference value :  1.58129e-05
 Reference value :  1.58750e-05
 Reference value :  1.59064e-05
 Reference value :  1.59690e-05
 Reference value :  1.60029e-05
 Reference value :  1.60627e-05
 Reference value :  1.61252e-05
 Reference value :  1.61877e-05
 Reference value :  1.62199e-05
 Reference value :  1.62813e-05
 Reference value :  1.63150e-05
 Reference value :  1.63754e-05
 Reference value :  1.64069e-05
 Reference value :  1.64688e-05
 Reference value :  1.65036e-05
 Reference value :  1.65649e-05
 Reference value :  1.66252e-05
 Reference value :  1.66570e-05
 Reference value :  1.67189e-05
 Reference value :  1.67711e-05
 Reference value :  1.68150e-05
 Reference value :  1.68755e-05
 Reference value :  1.69067e-05
 Reference value :  1.70001e-05
 Reference value :  1.70628e-05
 Reference value :  1.71775e-05
 Reference value :  1.72528e-05
 Reference value :  1.73438e-05
 Reference value :  1.74069e-05
 Reference value :  1.75001e-05
 Reference value :  1.75650e-05
 Reference value :  1.76564e-05
 Reference value :  1.77504e-05
 Reference value :  1.78438e-05
 Reference value :  1.79327e-05
 Reference value :  1.80029e-05
 Reference value :  1.80946e-05
 Reference value :  1.81901e-05
 Reference value :  1.82816e-05
 Reference value :  1.83753e-05
 Reference value :  1.84444e-05
 Reference value :  1.85325e-05
 Reference value :  1.86269e-05
 Reference value :  1.87188e-05
 Reference value :  1.87937e-05
 Reference value :  1.88754e-05
 Reference value :  1.89690e-05
 Reference value :  1.90321e-05
 Reference value :  1.91564e-05
 Reference value :  1.92199e-05
 Reference value :  1.93131e-05
 Reference value :  1.94063e-05
 Reference value :  1.95001e-05
 Reference value :  1.95650e-05
 Reference value :  1.96564e-05
 Reference value :  1.97504e-05
 Reference value :  1.98438e-05
 Reference value :  1.99066e-05
No. of Data Rows : 50068
e1                  =  1.23216e+00
x1                  =  4.35497e+00 at=  2.28141e-06
cd1                 =  2.00000e+00
e2                  =  7.89003e-01
x2                  =  4.34675e+00 at=  3.28141e-06
cd2                 =  3.00000e+00
e128                =  7.28387e-01
x128                =  2.89538e+00 at=  4.28142e-06
cd128               =  1.29000e+02
e129                =  6.72372e-01
x129                =  2.96418e+00 at=  5.28142e-06
cd129               =  1.29000e+02
e255                =  4.30732e-01
x255                =  1.65792e+00 at=  6.28145e-06
cd255               =  2.55000e+02
e256                =  4.01931e-01
x256                =  1.71885e+00 at=  7.28146e-06
cd256               =  2.56000e+02
e257                =  4.61058e-01
x257                =  1.70967e+00 at=  8.28146e-06
cd257               =  2.57000e+02
e384                =  8.82986e-02
x384                =  8.44381e-01 at=  9.31262e-06
cd384               =  3.84000e+02
e511                =  -1.45406e-01
x511                =  1.23426e+00 at=  1.03439e-05
cd511               =  5.11000e+02
e512                =  -3.47646e-03
x512                =  1.22500e+00 at=  1.13440e-05
cd512               =  5.12000e+02
e513                =  -5.12020e-02
x513                =  1.24579e+00 at=  1.23440e-05
cd513               =  5.13000e+02
e640                =  -2.84947e-01
x640                =  1.00505e+00 at=  1.33126e-05
cd640               =  6.39000e+02
e767                =  -6.38661e-01
x767                =  1.74536e+00 at=  1.43126e-05
cd767               =  7.66000e+02
e768                =  -4.76127e-01
x768                =  1.66901e+00 at=  1.53126e-05
cd768               =  7.67000e+02
e769                =  -5.50515e-01
x769                =  1.67513e+00 at=  1.63126e-05
cd769               =  7.68000e+02
e896                =  -7.47718e-01
x896                =  2.52437e+00 at=  1.73126e-05
cd896               =  8.95000e+02
e1022               =  -1.11254e+00
x1022               =  3.33120e+00 at=  1.82814e-05
cd1022              =  1.02100e+03
e1023               =  -9.70958e-01
x1023               =  3.25937e+00 at=  1.92814e-05
cd1023              =  1.02200e+03
vrefhi              =  3.30019e+00 at=  1.73149e-05
vreflo              =  3.29981e+00 at=  1.25690e-05
m_terr_t1_lsb = 1.2321610000e+00
m_decerr_t1_lsb = 4.3549680000e+00
m_code_t1 = 2.0000000000e+00
m_terr_t2_lsb = 7.8900260000e-01
m_decerr_t2_lsb = 4.3467530000e+00
m_code_t2 = 3.0000000000e+00
m_terr_t128_lsb = 7.2838700000e-01
m_decerr_t128_lsb = 2.8953800000e+00
m_code_t128 = 1.2900000000e+02
m_terr_t129_lsb = 6.7237210000e-01
m_decerr_t129_lsb = 2.9641820000e+00
m_code_t129 = 1.2900000000e+02
m_terr_t255_lsb = 4.3073160000e-01
m_decerr_t255_lsb = 1.6579160000e+00
m_code_t255 = 2.5500000000e+02
m_terr_t256_lsb = 4.0193110000e-01
m_decerr_t256_lsb = 1.7188490000e+00
m_code_t256 = 2.5600000000e+02
m_terr_t257_lsb = 4.6105850000e-01
m_decerr_t257_lsb = 1.7096730000e+00
m_code_t257 = 2.5700000000e+02
m_terr_t384_lsb = 8.8298550000e-02
m_decerr_t384_lsb = 8.4438050000e-01
m_code_t384 = 3.8400000000e+02
m_terr_t511_lsb = -1.454060000e-01
m_decerr_t511_lsb = 1.2342640000e+00
m_code_t511 = 5.1100000000e+02
m_terr_t512_lsb = -3.476455000e-03
m_decerr_t512_lsb = 1.2249950000e+00
m_code_t512 = 5.1200000000e+02
m_terr_t513_lsb = -5.120200000e-02
m_decerr_t513_lsb = 1.2457880000e+00
m_code_t513 = 5.1300000000e+02
m_terr_t640_lsb = -2.849467000e-01
m_decerr_t640_lsb = 1.0050500000e+00
m_code_t640 = 6.3900000000e+02
m_terr_t767_lsb = -6.386607000e-01
m_decerr_t767_lsb = 1.7453600000e+00
m_code_t767 = 7.6600000000e+02
m_terr_t768_lsb = -4.761266000e-01
m_decerr_t768_lsb = 1.6690150000e+00
m_code_t768 = 7.6700000000e+02
m_terr_t769_lsb = -5.505154000e-01
m_decerr_t769_lsb = 1.6751320000e+00
m_code_t769 = 7.6800000000e+02
m_terr_t896_lsb = -7.477179000e-01
m_decerr_t896_lsb = 2.5243690000e+00
m_code_t896 = 8.9500000000e+02
m_terr_t1022_lsb = -1.112543000e+00
m_decerr_t1022_lsb = 3.3311970000e+00
m_code_t1022 = 1.0210000000e+03
m_terr_t1023_lsb = -9.709577000e-01
m_decerr_t1023_lsb = 3.2593680000e+00
m_code_t1023 = 1.0220000000e+03
m_inl_t1_lsb = 0.0000000000e+00
m_inl_t2_lsb = -4.410027066e-01
m_inl_t128_lsb = -2.300009326e-01
m_inl_t129_lsb = -2.838601391e-01
m_inl_t255_lsb = -2.538832652e-01
m_inl_t256_lsb = -2.805280717e-01
m_inl_t257_lsb = -2.192449783e-01
m_inl_t384_lsb = -3.182318609e-01
m_inl_t511_lsb = -2.781633434e-01
m_inl_t512_lsb = -1.340781050e-01
m_inl_t513_lsb = -1.796479566e-01
m_inl_t640_lsb = -1.396195891e-01
m_inl_t767_lsb = -2.195605217e-01
m_inl_t768_lsb = -5.487072828e-02
m_inl_t769_lsb = -1.271038348e-01
m_inl_t896_lsb = -5.053326742e-02
m_inl_t1022_lsb = -1.437409934e-01
m_inl_t1023_lsb = 0.0000000000e+00
m_dnl_t1_t2_lsb = -4.431584000e-01
m_dnl_t128_t129_lsb = -5.601490000e-02
m_dnl_t255_t256_lsb = -2.880050000e-02
m_dnl_t256_t257_lsb = 5.9127400000e-02
m_dnl_t511_t512_lsb = 1.4192954500e-01
m_dnl_t512_t513_lsb = -4.772554500e-02
m_dnl_t767_t768_lsb = 1.6253410000e-01
m_dnl_t768_t769_lsb = -7.438880000e-02
m_dnl_t1022_t1023_lsb = 1.4158530000e-01
m_gain_err_lsb = -2.205274393e+00
m_vref_droop_mv = 3.8200000000e-01
Note: Simulation executed from .control section 

Note: Starting dynamic gmin stepping
Note: Dynamic gmin stepping completed
