
Note: Compatibility modes selected: hs a


Circuit: * dr0019-cu-sweep @ ss_125c_2.97v -- generated by sim/harness, do not edit

Reducing trtol to 1 for xspice 'A' devices
Doing analysis at TEMP = 125.000000 and TNOM = 27.000000

Using SPARSE 1.3 as Direct Linear Solver

Initial Transient Solution
--------------------------

Node                                   Voltage
----                                   -------
clk                                          0
cmpclk                                       0
cmpclkb                                   2.97
vddt                                      2.97
vddd                                      2.97
vddc                                      2.97
vrefs                                     2.97
vrefn                                     2.97
vcmn                                     1.485
se_vinp                                  1.485
se_vinn                                  1.485
se_start                                     0
se_mode                                      0
se_cmp                                  1.2584
se_samp_tp_n                                 0
se_sel_in_n                                  0
se_drdy                                   2.97
se_c9                                        0
se_c8                                        0
se_c7                                        0
se_c6                                        0
se_c5                                        0
se_c4                                        0
se_c3                                        0
se_c2                                        0
se_c1                                        0
se_c0                                        0
se_rel_n_256p                             2.97
se_sel_hi_n_256p                             0
se_sel_lo_n_256p                             0
se_rel_n_128p                             2.97
se_sel_hi_n_128p                             0
se_sel_lo_n_128p                             0
se_rel_n_64p                              2.97
se_sel_hi_n_64p                              0
se_sel_lo_n_64p                              0
se_rel_n_32p                              2.97
se_sel_hi_n_32p                              0
se_sel_lo_n_32p                              0
se_rel_n_16p                              2.97
se_sel_hi_n_16p                              0
se_sel_lo_n_16p                              0
se_rel_n_8p                               2.97
se_sel_hi_n_8p                               0
se_sel_lo_n_8p                               0
se_rel_n_4p                               2.97
se_sel_hi_n_4p                               0
se_sel_lo_n_4p                               0
se_rel_n_2p                               2.97
se_sel_hi_n_2p                               0
se_sel_lo_n_2p                               0
se_rel_n_1p                               2.97
se_sel_hi_n_1p                               0
se_sel_lo_n_1p                               0
se_rel_n_256n                             2.97
se_sel_hi_n_256n                             0
se_sel_lo_n_256n                             0
se_rel_n_128n                             2.97
se_sel_hi_n_128n                             0
se_sel_lo_n_128n                             0
se_rel_n_64n                              2.97
se_sel_hi_n_64n                              0
se_sel_lo_n_64n                              0
se_rel_n_32n                              2.97
se_sel_hi_n_32n                              0
se_sel_lo_n_32n                              0
se_rel_n_16n                              2.97
se_sel_hi_n_16n                              0
se_sel_lo_n_16n                              0
se_rel_n_8n                               2.97
se_sel_hi_n_8n                               0
se_sel_lo_n_8n                               0
se_rel_n_4n                               2.97
se_sel_hi_n_4n                               0
se_sel_lo_n_4n                               0
se_rel_n_2n                               2.97
se_sel_hi_n_2n                               0
se_sel_lo_n_2n                               0
se_rel_n_1n                               2.97
se_sel_hi_n_1n                               0
se_sel_lo_n_1n                               0
se_pinp                                  1.485
se_pinn                                  1.485
xsetswp.gp                                2.97
se_topp                                  1.485
xsetswn.gp                                2.97
se_topn                                  1.485
xsearrp.x256.bp                          1.485
xsearrp.x256.gp_in                        2.97
xsearrp.x256.gp_rel                2.98093e-09
xsearrp.x256.gp_hi                        2.97
xsearrp.x256.gp_lo                        2.97
xsearrp.x128.bp                          1.485
xsearrp.x128.gp_in                        2.97
xsearrp.x128.gp_rel                2.98093e-09
xsearrp.x128.gp_hi                        2.97
xsearrp.x128.gp_lo                        2.97
xsearrp.x64.bp                           1.485
xsearrp.x64.gp_in                         2.97
xsearrp.x64.gp_rel                 2.98093e-09
xsearrp.x64.gp_hi                         2.97
xsearrp.x64.gp_lo                         2.97
xsearrp.x32.bp                           1.485
xsearrp.x32.gp_in                         2.97
xsearrp.x32.gp_rel                 2.98093e-09
xsearrp.x32.gp_hi                         2.97
xsearrp.x32.gp_lo                         2.97
xsearrp.x16.bp                           1.485
xsearrp.x16.gp_in                         2.97
xsearrp.x16.gp_rel                 2.98093e-09
xsearrp.x16.gp_hi                         2.97
xsearrp.x16.gp_lo                         2.97
xsearrp.x8.bp                            1.485
xsearrp.x8.gp_in                          2.97
xsearrp.x8.gp_rel                  2.98093e-09
xsearrp.x8.gp_hi                          2.97
xsearrp.x8.gp_lo                          2.97
xsearrp.x4.bp                            1.485
xsearrp.x4.gp_in                          2.97
xsearrp.x4.gp_rel                  2.98093e-09
xsearrp.x4.gp_hi                          2.97
xsearrp.x4.gp_lo                          2.97
xsearrp.x2.bp                            1.485
xsearrp.x2.gp_in                          2.97
xsearrp.x2.gp_rel                  2.98093e-09
xsearrp.x2.gp_hi                          2.97
xsearrp.x2.gp_lo                          2.97
xsearrp.x1.bp                            1.485
xsearrp.x1.gp_in                          2.97
xsearrp.x1.gp_rel                  2.98093e-09
xsearrp.x1.gp_hi                          2.97
xsearrp.x1.gp_lo                          2.97
xsearrn.x256.bp                          1.485
xsearrn.x256.gp_in                        2.97
xsearrn.x256.gp_rel                2.98093e-09
xsearrn.x256.gp_hi                        2.97
xsearrn.x256.gp_lo                        2.97
xsearrn.x128.bp                          1.485
xsearrn.x128.gp_in                        2.97
xsearrn.x128.gp_rel                2.98093e-09
xsearrn.x128.gp_hi                        2.97
xsearrn.x128.gp_lo                        2.97
xsearrn.x64.bp                           1.485
xsearrn.x64.gp_in                         2.97
xsearrn.x64.gp_rel                 2.98093e-09
xsearrn.x64.gp_hi                         2.97
xsearrn.x64.gp_lo                         2.97
xsearrn.x32.bp                           1.485
xsearrn.x32.gp_in                         2.97
xsearrn.x32.gp_rel                 2.98093e-09
xsearrn.x32.gp_hi                         2.97
xsearrn.x32.gp_lo                         2.97
xsearrn.x16.bp                           1.485
xsearrn.x16.gp_in                         2.97
xsearrn.x16.gp_rel                 2.98093e-09
xsearrn.x16.gp_hi                         2.97
xsearrn.x16.gp_lo                         2.97
xsearrn.x8.bp                            1.485
xsearrn.x8.gp_in                          2.97
xsearrn.x8.gp_rel                  2.98093e-09
xsearrn.x8.gp_hi                          2.97
xsearrn.x8.gp_lo                          2.97
xsearrn.x4.bp                            1.485
xsearrn.x4.gp_in                          2.97
xsearrn.x4.gp_rel                  2.98093e-09
xsearrn.x4.gp_hi                          2.97
xsearrn.x4.gp_lo                          2.97
xsearrn.x2.bp                            1.485
xsearrn.x2.gp_in                          2.97
xsearrn.x2.gp_rel                  2.98093e-09
xsearrn.x2.gp_hi                          2.97
xsearrn.x2.gp_lo                          2.97
xsearrn.x1.bp                            1.485
xsearrn.x1.gp_in                          2.97
xsearrn.x1.gp_rel                  2.98093e-09
xsearrn.x1.gp_hi                          2.97
xsearrn.x1.gp_lo                          2.97
se_ibias                              0.792214
xsecmp.xpre.ptail                     0.615066
xsecmp.pon                             2.10923
xsecmp.preamp_in1                        1.485
xsecmp.pop                             2.10923
xsecmp.preamp_in2                        1.485
xsecmp.xpre.xrlp.11                    2.96972
xsecmp.xpre.xrlp.21                    2.10951
xsecmp.xpre.xrln.11                    2.96972
xsecmp.xpre.xrln.21                    2.10951
xsecmp.xlat.ltail                      1.54985
xsecmp.xlat.dip                           2.97
xsecmp.xlat.din                           2.97
xsecmp.outn                               2.97
xsecmp.outp                               2.97
xsecmp.sset                         9.6402e-09
xsecmp.srst                         9.6402e-09
xsecmp.xno1.ps                          2.8142
se_cmpb                                 1.2584
xsecmp.xno2.ps                          2.8142
se_dacp                            1.11022e-16
se_dacn                            1.11022e-16
se_di                                        0
se_err                            -1.63095e-14
se_aerrh                                     0
se_code                                      0
seph                                      2.97
bseph#branch                                 0
bsecode#branch                               0
bseea#branch                                 0
bsee#branch                                  0
bsedi#branch                                 0
bsedacn#branch                               0
bsedacp#branch                               0
lref#branch                        1.96492e-10
v.xsecmp.vpn#branch               -1.15274e-28
v.xsecmp.vpp#branch                2.57355e-28
vsemode#branch                               0
vsestart#branch                              0
vsevinn#branch                      2.3441e-17
vsein#branch                        2.3441e-17
vcms#branch                       -1.42625e-09
vrefs#branch                      -1.96492e-10
vddc#branch                       -0.000315684
vddd#branch                       -1.16659e-09
vddt#branch                       -3.82266e-11
vcmpclkb#branch                              0
vcmpclk#branch                               0
vclk#branch                                  0
a.xsectrl.a_gn#branch_1_0                    0
a.xsectrl.a_gn#branch_1_1                    0
a.xsectrl.a_gn#branch_1_2                    0
a.xsectrl.a_gn#branch_1_3                    0
a.xsectrl.a_gn#branch_1_4                    0
a.xsectrl.a_gn#branch_1_5                    0
a.xsectrl.a_gn#branch_1_6                    0
a.xsectrl.a_gn#branch_1_7                    0
a.xsectrl.a_gn#branch_1_8                    0
a.xsectrl.a_gn#branch_1_9                    0
a.xsectrl.a_gn#branch_1_10                   0
a.xsectrl.a_gn#branch_1_11                   0
a.xsectrl.a_gn#branch_1_12                   0
a.xsectrl.a_gn#branch_1_13                   0
a.xsectrl.a_gn#branch_1_14                   0
a.xsectrl.a_gn#branch_1_15                   0
a.xsectrl.a_gn#branch_1_16                   0
a.xsectrl.a_gn#branch_1_17                   0
a.xsectrl.a_gn#branch_1_18                   0
a.xsectrl.a_gn#branch_1_19                   0
a.xsectrl.a_gn#branch_1_20                   0
a.xsectrl.a_gn#branch_1_21                   0
a.xsectrl.a_gn#branch_1_22                   0
a.xsectrl.a_gn#branch_1_23                   0
a.xsectrl.a_gn#branch_1_24                   0
a.xsectrl.a_gn#branch_1_25                   0
a.xsectrl.a_gn#branch_1_26                   0
a.xsectrl.a_gn#branch_1_27                   0
a.xsectrl.a_gn#branch_1_28                   0
a.xsectrl.a_gn#branch_1_29                   0
a.xsectrl.a_gn#branch_1_30                   0
a.xsectrl.a_gn#branch_1_31                   0
a.xsectrl.a_gn#branch_1_32                   0
a.xsectrl.a_gn#branch_1_33                   0
a.xsectrl.a_gn#branch_1_34                   0
a.xsectrl.a_gn#branch_1_35                   0
a.xsectrl.a_gn#branch_1_36                   0
a.xsectrl.a_gn#branch_1_37                   0
a.xsectrl.a_gn#branch_1_38                   0
a.xsectrl.a_gn#branch_1_39                   0
a.xsectrl.a_gn#branch_1_40                   0
a.xsectrl.a_gn#branch_1_41                   0
a.xsectrl.a_gn#branch_1_42                   0
a.xsectrl.a_gn#branch_1_43                   0
a.xsectrl.a_gn#branch_1_44                   0
a.xsectrl.a_gn#branch_1_45                   0
a.xsectrl.a_gn#branch_1_46                   0
a.xsectrl.a_gn#branch_1_47                   0
a.xsectrl.a_gn#branch_1_48                   0
a.xsectrl.a_gn#branch_1_49                   0
a.xsectrl.a_gn#branch_1_50                   0
a.xsectrl.a_gn#branch_1_51                   0
a.xsectrl.a_gn#branch_1_52                   0
a.xsectrl.a_gn#branch_1_53                   0
a.xsectrl.a_dout#branch_1_0                  0
a.xsectrl.a_dout#branch_1_1                  0
a.xsectrl.a_dout#branch_1_2                  0
a.xsectrl.a_dout#branch_1_3                  0
a.xsectrl.a_dout#branch_1_4                  0
a.xsectrl.a_dout#branch_1_5                  0
a.xsectrl.a_dout#branch_1_6                  0
a.xsectrl.a_dout#branch_1_7                  0
a.xsectrl.a_dout#branch_1_8                  0
a.xsectrl.a_dout#branch_1_9                  0
a.xsectrl.a_dout#branch_1_10                 0
a.xsectrl.a_dout#branch_1_11                 0
a.xsectrl.a_dout#branch_1_12                 0

 Reference value :  0.00000e+00
 Reference value :  3.15255e-08
 Reference value :  9.38284e-08
 Reference value :  1.56622e-07
 Reference value :  2.18802e-07
 Reference value :  2.51092e-07
 Reference value :  3.12799e-07
 Reference value :  3.54738e-07
 Reference value :  4.06854e-07
 Reference value :  4.69029e-07
 Reference value :  5.31356e-07
 Reference value :  5.93756e-07
 Reference value :  6.36729e-07
 Reference value :  6.90106e-07
 Reference value :  7.52445e-07
 Reference value :  8.13195e-07
 Reference value :  8.75200e-07
 Reference value :  9.31867e-07
 Reference value :  9.71192e-07
 Reference value :  1.03130e-06
 Reference value :  1.09389e-06
 Reference value :  1.15674e-06
 Reference value :  1.21881e-06
 Reference value :  1.25267e-06
 Reference value :  1.31274e-06
 Reference value :  1.36074e-06
 Reference value :  1.40645e-06
 Reference value :  1.46883e-06
 Reference value :  1.51495e-06
 Reference value :  1.56519e-06
 Reference value :  1.62747e-06
 Reference value :  1.68977e-06
 Reference value :  1.75020e-06
 Reference value :  1.79680e-06
 Reference value :  1.84435e-06
 Reference value :  1.90631e-06
 Reference value :  1.96890e-06
 Reference value :  2.00273e-06
 Reference value :  2.06332e-06
 Reference value :  2.15632e-06
 Reference value :  2.21428e-06
 Reference value :  2.25348e-06
 Reference value :  2.31339e-06
 Reference value :  2.36179e-06
 Reference value :  2.40676e-06
 Reference value :  2.45211e-06
 Reference value :  2.50299e-06
 Reference value :  2.56341e-06
 Reference value :  2.60084e-06
 Reference value :  2.65652e-06
 Reference value :  2.70903e-06
 Reference value :  2.75232e-06
 Reference value :  2.81299e-06
 Reference value :  2.87520e-06
 Reference value :  2.90699e-06
 Reference value :  3.00015e-06
 Reference value :  3.03155e-06
 Reference value :  3.11311e-06
 Reference value :  3.18770e-06
 Reference value :  3.25020e-06
 Reference value :  3.28230e-06
 Reference value :  3.34386e-06
 Reference value :  3.37999e-06
 Reference value :  3.43816e-06
 Reference value :  3.47016e-06
 Reference value :  3.53138e-06
 Reference value :  3.56532e-06
 Reference value :  3.62549e-06
 Reference value :  3.68751e-06
 Reference value :  3.72044e-06
 Reference value :  3.78181e-06
 Reference value :  3.84376e-06
 Reference value :  3.87752e-06
 Reference value :  3.93999e-06
 Reference value :  4.00253e-06
 Reference value :  4.06285e-06
 Reference value :  4.12568e-06
 Reference value :  4.18977e-06
 Reference value :  4.25067e-06
 Reference value :  4.29545e-06
 Reference value :  4.34385e-06
 Reference value :  4.37748e-06
 Reference value :  4.43768e-06
 Reference value :  4.46933e-06
 Reference value :  4.52191e-06
 Reference value :  4.56512e-06
 Reference value :  4.62579e-06
 Reference value :  4.68764e-06
 Reference value :  4.75017e-06
 Reference value :  4.78190e-06
 Reference value :  4.84380e-06
 Reference value :  4.87766e-06
 Reference value :  4.93873e-06
 Reference value :  5.00242e-06
 Reference value :  5.05891e-06
 Reference value :  5.12560e-06
 Reference value :  5.18998e-06
 Reference value :  5.25048e-06
 Reference value :  5.29268e-06
 Reference value :  5.34386e-06
 Reference value :  5.37757e-06
 Reference value :  5.43814e-06
 Reference value :  5.49845e-06
 Reference value :  5.53196e-06
 Reference value :  5.59382e-06
 Reference value :  5.62727e-06
 Reference value :  5.68760e-06
 Reference value :  5.71978e-06
 Reference value :  5.78170e-06
 Reference value :  5.81654e-06
 Reference value :  5.87582e-06
 Reference value :  5.91530e-06
 Reference value :  6.00006e-06
 Reference value :  6.03139e-06
 Reference value :  6.09482e-06
 Reference value :  6.18790e-06
 Reference value :  6.25067e-06
 Reference value :  6.30649e-06
 Reference value :  6.34429e-06
 Reference value :  6.40625e-06
 Reference value :  6.44010e-06
 Reference value :  6.50095e-06
 Reference value :  6.53884e-06
 Reference value :  6.59384e-06
 Reference value :  6.62745e-06
 Reference value :  6.68774e-06
 Reference value :  6.71970e-06
 Reference value :  6.78132e-06
 Reference value :  6.81483e-06
 Reference value :  6.87520e-06
 Reference value :  6.90666e-06
 Reference value :  7.00010e-06
 Reference value :  7.03134e-06
 Reference value :  7.09379e-06
 Reference value :  7.15105e-06
 Reference value :  7.19328e-06
 Reference value :  7.25292e-06
 Reference value :  7.31314e-06
 Reference value :  7.37513e-06
 Reference value :  7.40760e-06
 Reference value :  7.46897e-06
 Reference value :  7.53132e-06
 Reference value :  7.57508e-06
 Reference value :  7.62753e-06
 Reference value :  7.68799e-06
 Reference value :  7.72038e-06
 Reference value :  7.78146e-06
 Reference value :  7.81556e-06
 Reference value :  7.87589e-06
 Reference value :  7.90745e-06
 Reference value :  7.99458e-06
 Reference value :  8.03130e-06
 Reference value :  8.09394e-06
 Reference value :  8.15646e-06
 Reference value :  8.21880e-06
 Reference value :  8.25311e-06
 Reference value :  8.31505e-06
 Reference value :  8.37522e-06
 Reference value :  8.42228e-06
 Reference value :  8.46901e-06
 Reference value :  8.53136e-06
 Reference value :  8.56512e-06
 Reference value :  8.62746e-06
 Reference value :  8.68819e-06
 Reference value :  8.72525e-06
 Reference value :  8.78179e-06
 Reference value :  8.84393e-06
 Reference value :  8.87764e-06
 Reference value :  8.93855e-06
 Reference value :  9.00242e-06
 Reference value :  9.06299e-06
 Reference value :  9.12544e-06
 Reference value :  9.18977e-06
 Reference value :  9.25077e-06
 Reference value :  9.31270e-06
 Reference value :  9.34447e-06
 Reference value :  9.40197e-06
 Reference value :  9.43996e-06
 Reference value :  9.50010e-06
 Reference value :  9.53190e-06
 Reference value :  9.59382e-06
 Reference value :  9.62739e-06
 Reference value :  9.68760e-06
 Reference value :  9.71909e-06
 Reference value :  9.76356e-06
 Reference value :  9.81506e-06
 Reference value :  9.87727e-06
 Reference value :  9.90835e-06
 Reference value :  1.00004e-05
 Reference value :  1.00315e-05
 Reference value :  1.00943e-05
 Reference value :  1.01568e-05
 Reference value :  1.02188e-05
 Reference value :  1.02813e-05
 Reference value :  1.03151e-05
 Reference value :  1.03752e-05
 Reference value :  1.04064e-05
 Reference value :  1.04400e-05
 Reference value :  1.05005e-05
 Reference value :  1.05322e-05
 Reference value :  1.05938e-05
 Reference value :  1.06273e-05
 Reference value :  1.06876e-05
 Reference value :  1.07192e-05
 Reference value :  1.07790e-05
 Reference value :  1.08150e-05
 Reference value :  1.08758e-05
 Reference value :  1.09359e-05
 Reference value :  1.10001e-05
 Reference value :  1.10244e-05
 Reference value :  1.10848e-05
 Reference value :  1.11415e-05
 Reference value :  1.11901e-05
 Reference value :  1.12515e-05
 Reference value :  1.13126e-05
 Reference value :  1.13441e-05
 Reference value :  1.13778e-05
 Reference value :  1.14377e-05
 Reference value :  1.14690e-05
 Reference value :  1.15036e-05
 Reference value :  1.15631e-05
 Reference value :  1.16106e-05
 Reference value :  1.16564e-05
 Reference value :  1.16902e-05
 Reference value :  1.17526e-05
 Reference value :  1.18127e-05
 Reference value :  1.18445e-05
 Reference value :  1.18875e-05
 Reference value :  1.19450e-05
 Reference value :  1.20024e-05
 Reference value :  1.20482e-05
 Reference value :  1.20947e-05
 Reference value :  1.21570e-05
 Reference value :  1.22189e-05
 Reference value :  1.22531e-05
 Reference value :  1.23151e-05
 Reference value :  1.23754e-05
 Reference value :  1.24075e-05
 Reference value :  1.24692e-05
 Reference value :  1.25315e-05
 Reference value :  1.25938e-05
 Reference value :  1.26275e-05
 Reference value :  1.26876e-05
 Reference value :  1.27195e-05
 Reference value :  1.27814e-05
 Reference value :  1.28150e-05
 Reference value :  1.28754e-05
 Reference value :  1.29071e-05
 Reference value :  1.30000e-05
 Reference value :  1.30313e-05
 Reference value :  1.30939e-05
 Reference value :  1.31567e-05
 Reference value :  1.32189e-05
 Reference value :  1.32813e-05
 Reference value :  1.33248e-05
 Reference value :  1.33780e-05
 Reference value :  1.34381e-05
 Reference value :  1.35001e-05
 Reference value :  1.35317e-05
 Reference value :  1.35941e-05
 Reference value :  1.36286e-05
 Reference value :  1.36883e-05
 Reference value :  1.37501e-05
 Reference value :  1.37818e-05
 Reference value :  1.38152e-05
 Reference value :  1.38756e-05
 Reference value :  1.39345e-05
 Reference value :  1.40001e-05
 Reference value :  1.40313e-05
 Reference value :  1.40944e-05
 Reference value :  1.41569e-05
 Reference value :  1.42191e-05
 Reference value :  1.42814e-05
 Reference value :  1.43388e-05
 Reference value :  1.43777e-05
 Reference value :  1.44398e-05
 Reference value :  1.45002e-05
 Reference value :  1.45319e-05
 Reference value :  1.45938e-05
 Reference value :  1.46291e-05
 Reference value :  1.46898e-05
 Reference value :  1.47502e-05
 Reference value :  1.48126e-05
 Reference value :  1.48447e-05
 Reference value :  1.48788e-05
 Reference value :  1.49381e-05
 Reference value :  1.50003e-05
 Reference value :  1.50314e-05
 Reference value :  1.50939e-05
 Reference value :  1.51564e-05
 Reference value :  1.52149e-05
 Reference value :  1.52530e-05
 Reference value :  1.53151e-05
 Reference value :  1.53775e-05
 Reference value :  1.54380e-05
 Reference value :  1.54697e-05
 Reference value :  1.55313e-05
 Reference value :  1.55648e-05
 Reference value :  1.56188e-05
 Reference value :  1.56565e-05
 Reference value :  1.56914e-05
 Reference value :  1.57505e-05
 Reference value :  1.58126e-05
 Reference value :  1.58445e-05
 Reference value :  1.58786e-05
 Reference value :  1.59510e-05
 Reference value :  1.60027e-05
 Reference value :  1.60628e-05
 Reference value :  1.61252e-05
 Reference value :  1.61877e-05
 Reference value :  1.62218e-05
 Reference value :  1.62813e-05
 Reference value :  1.63152e-05
 Reference value :  1.63775e-05
 Reference value :  1.64305e-05
 Reference value :  1.64689e-05
 Reference value :  1.65026e-05
 Reference value :  1.65634e-05
 Reference value :  1.66251e-05
 Reference value :  1.66568e-05
 Reference value :  1.67188e-05
 Reference value :  1.67526e-05
 Reference value :  1.68150e-05
 Reference value :  1.68755e-05
 Reference value :  1.69375e-05
 Reference value :  1.70000e-05
 Reference value :  1.70313e-05
 Reference value :  1.70944e-05
 Reference value :  1.71573e-05
 Reference value :  1.72190e-05
 Reference value :  1.72813e-05
 Reference value :  1.73151e-05
 Reference value :  1.73757e-05
 Reference value :  1.74298e-05
 Reference value :  1.74692e-05
 Reference value :  1.75044e-05
 Reference value :  1.75651e-05
 Reference value :  1.76257e-05
 Reference value :  1.76571e-05
 Reference value :  1.77188e-05
 Reference value :  1.77569e-05
 Reference value :  1.78148e-05
 Reference value :  1.78757e-05
 Reference value :  1.79377e-05
 Reference value :  1.80024e-05
 Reference value :  1.80606e-05
 Reference value :  1.81250e-05
 Reference value :  1.81877e-05
 Reference value :  1.82501e-05
 Reference value :  1.83125e-05
 Reference value :  1.83447e-05
 Reference value :  1.84065e-05
 Reference value :  1.84689e-05
 Reference value :  1.85043e-05
 Reference value :  1.85649e-05
 Reference value :  1.86251e-05
 Reference value :  1.86567e-05
 Reference value :  1.87116e-05
 Reference value :  1.87526e-05
 Reference value :  1.88135e-05
 Reference value :  1.88751e-05
 Reference value :  1.89069e-05
 Reference value :  1.89909e-05
 Reference value :  1.90313e-05
 Reference value :  1.90944e-05
 Reference value :  1.91569e-05
 Reference value :  1.92199e-05
 Reference value :  1.92903e-05
 Reference value :  1.93445e-05
 Reference value :  1.94079e-05
 Reference value :  1.94692e-05
 Reference value :  1.95313e-05
 Reference value :  1.95650e-05
 Reference value :  1.96262e-05
 Reference value :  1.96883e-05
 Reference value :  1.97502e-05
 Reference value :  1.97824e-05
 Reference value :  1.98442e-05
 Reference value :  1.99063e-05
 Reference value :  1.99691e-05
 Reference value :  2.00232e-05
 Reference value :  2.00940e-05
 Reference value :  2.01570e-05
 Reference value :  2.02190e-05
 Reference value :  2.02814e-05
 Reference value :  2.03439e-05
 Reference value :  2.04064e-05
 Reference value :  2.04688e-05
 Reference value :  2.05313e-05
 Reference value :  2.05651e-05
 Reference value :  2.06256e-05
 Reference value :  2.06875e-05
 Reference value :  2.07192e-05
 Reference value :  2.07813e-05
 Reference value :  2.08148e-05
 Reference value :  2.08773e-05
 Reference value :  2.09377e-05
 Reference value :  2.10002e-05
 Reference value :  2.10315e-05
 Reference value :  2.10948e-05
 Reference value :  2.11571e-05
 Reference value :  2.12188e-05
 Reference value :  2.12534e-05
 Reference value :  2.13151e-05
 Reference value :  2.13760e-05
 Reference value :  2.14377e-05
 Reference value :  2.14701e-05
 Reference value :  2.15313e-05
 Reference value :  2.15648e-05
 Reference value :  2.16251e-05
 Reference value :  2.16565e-05
 Reference value :  2.16900e-05
 Reference value :  2.17502e-05
 Reference value :  2.17908e-05
 Reference value :  2.18443e-05
 Reference value :  2.19064e-05
 Reference value :  2.19694e-05
 Reference value :  2.20031e-05
 Reference value :  2.20639e-05
 Reference value :  2.21562e-05
 Reference value :  2.21900e-05
 Reference value :  2.22502e-05
 Reference value :  2.22821e-05
 Reference value :  2.23445e-05
 Reference value :  2.24064e-05
 Reference value :  2.24414e-05
 Reference value :  2.25024e-05
 Reference value :  2.25627e-05
 Reference value :  2.25943e-05
 Reference value :  2.26444e-05
 Reference value :  2.26899e-05
 Reference value :  2.27502e-05
 Reference value :  2.27822e-05
 Reference value :  2.28438e-05
 Reference value :  2.28773e-05
 Reference value :  2.29376e-05
 Reference value :  2.30003e-05
 Reference value :  2.30314e-05
 Reference value :  2.30939e-05
 Reference value :  2.31564e-05
 Reference value :  2.32056e-05
 Reference value :  2.32529e-05
 Reference value :  2.33148e-05
 Reference value :  2.33753e-05
 Reference value :  2.34246e-05
 Reference value :  2.34690e-05
 Reference value :  2.35275e-05
 Reference value :  2.35648e-05
 Reference value :  2.36250e-05
 Reference value :  2.36564e-05
 Reference value :  2.37107e-05
 Reference value :  2.37526e-05
 Reference value :  2.38148e-05
 Reference value :  2.38613e-05
 Reference value :  2.39064e-05
 Reference value :  2.39688e-05
 Reference value :  2.40027e-05
 Reference value :  2.40630e-05
 Reference value :  2.41259e-05
 Reference value :  2.41900e-05
 Reference value :  2.42507e-05
 Reference value :  2.43107e-05
 Reference value :  2.43441e-05
 Reference value :  2.44063e-05
 Reference value :  2.44409e-05
 Reference value :  2.45025e-05
 Reference value :  2.45627e-05
 Reference value :  2.45946e-05
 Reference value :  2.46563e-05
 Reference value :  2.46903e-05
 Reference value :  2.47504e-05
 Reference value :  2.47824e-05
 Reference value :  2.48441e-05
 Reference value :  2.49064e-05
 Reference value :  2.49689e-05
 Reference value :  2.50029e-05
 Reference value :  2.50633e-05
 Reference value :  2.51563e-05
 Reference value :  2.51971e-05
 Reference value :  2.52530e-05
 Reference value :  2.53129e-05
 Reference value :  2.53752e-05
 Reference value :  2.54203e-05
 Reference value :  2.54690e-05
 Reference value :  2.55319e-05
 Reference value :  2.55940e-05
 Reference value :  2.56276e-05
 Reference value :  2.56882e-05
 Reference value :  2.57503e-05
 Reference value :  2.58010e-05
 Reference value :  2.58447e-05
 Reference value :  2.59065e-05
 Reference value :  2.59695e-05
 Reference value :  2.60313e-05
 Reference value :  2.60944e-05
 Reference value :  2.61819e-05
 Reference value :  2.62442e-05
 Reference value :  2.62819e-05
 Reference value :  2.63438e-05
 Reference value :  2.63982e-05
 Reference value :  2.64418e-05
 Reference value :  2.65026e-05
 Reference value :  2.65630e-05
 Reference value :  2.66250e-05
 Reference value :  2.66567e-05
 Reference value :  2.67188e-05
 Reference value :  2.67525e-05
 Reference value :  2.68137e-05
 Reference value :  2.68755e-05
 Reference value :  2.69376e-05
 Reference value :  2.70002e-05
 Reference value :  2.70316e-05
 Reference value :  2.71235e-05
 Reference value :  2.71877e-05
 Reference value :  2.72501e-05
 Reference value :  2.72821e-05
 Reference value :  2.73439e-05
 Reference value :  2.73821e-05
 Reference value :  2.74399e-05
 Reference value :  2.75002e-05
 Reference value :  2.75323e-05
 Reference value :  2.75939e-05
 Reference value :  2.76320e-05
 Reference value :  2.76888e-05
 Reference value :  2.77502e-05
 Reference value :  2.77879e-05
 Reference value :  2.78442e-05
 Reference value :  2.79063e-05
 Reference value :  2.79688e-05
 Reference value :  2.80029e-05
 Reference value :  2.80642e-05
 Reference value :  2.81564e-05
 Reference value :  2.82188e-05
 Reference value :  2.82536e-05
 Reference value :  2.83131e-05
 Reference value :  2.83753e-05
 Reference value :  2.84375e-05
 Reference value :  2.84693e-05
 Reference value :  2.85299e-05
 Reference value :  2.85648e-05
 Reference value :  2.86252e-05
 Reference value :  2.86875e-05
 Reference value :  2.87193e-05
 Reference value :  2.87814e-05
 Reference value :  2.88232e-05
 Reference value :  2.88772e-05
 Reference value :  2.89378e-05
 Reference value :  2.90012e-05
 Reference value :  2.90468e-05
 Reference value :  2.91252e-05
 Reference value :  2.91898e-05
 Reference value :  2.92527e-05
 Reference value :  2.93127e-05
 Reference value :  2.93751e-05
 Reference value :  2.94069e-05
 Reference value :  2.94689e-05
 Reference value :  2.95027e-05
 Reference value :  2.95637e-05
 Reference value :  2.96252e-05
 Reference value :  2.96573e-05
 Reference value :  2.97189e-05
 Reference value :  2.97525e-05
 Reference value :  2.98149e-05
 Reference value :  2.98758e-05
 Reference value :  2.99376e-05
 Reference value :  3.00005e-05
 Reference value :  3.00406e-05
 Reference value :  3.01252e-05
 Reference value :  3.01898e-05
 Reference value :  3.02508e-05
 Reference value :  3.03127e-05
 Reference value :  3.03620e-05
 Reference value :  3.04064e-05
 Reference value :  3.04688e-05
 Reference value :  3.05026e-05
 Reference value :  3.05632e-05
 Reference value :  3.06251e-05
 Reference value :  3.06566e-05
 Reference value :  3.07071e-05
 Reference value :  3.07525e-05
 Reference value :  3.08129e-05
 Reference value :  3.08751e-05
 Reference value :  3.09069e-05
 Reference value :  3.09724e-05
 Reference value :  3.10313e-05
 Reference value :  3.10941e-05
 Reference value :  3.11743e-05
 Reference value :  3.12193e-05
 Reference value :  3.12814e-05
 Reference value :  3.13178e-05
 Reference value :  3.13776e-05
 Reference value :  3.14379e-05
 Reference value :  3.14704e-05
 Reference value :  3.15314e-05
 Reference value :  3.15656e-05
 Reference value :  3.16274e-05
 Reference value :  3.16877e-05
 Reference value :  3.17195e-05
 Reference value :  3.17813e-05
 Reference value :  3.18150e-05
 Reference value :  3.18753e-05
 Reference value :  3.19073e-05
 Reference value :  3.19808e-05
 Reference value :  3.20313e-05
 Reference value :  3.20940e-05
 Reference value :  3.21710e-05
 Reference value :  3.22192e-05
 Reference value :  3.22815e-05
 Reference value :  3.23160e-05
 Reference value :  3.23775e-05
 Reference value :  3.24378e-05
 Reference value :  3.24808e-05
 Reference value :  3.25315e-05
 Reference value :  3.25659e-05
 Reference value :  3.26259e-05
 Reference value :  3.26753e-05
 Reference value :  3.27190e-05
 Reference value :  3.27539e-05
 Reference value :  3.28150e-05
 Reference value :  3.28756e-05
 Reference value :  3.29074e-05
 Reference value :  3.29796e-05
 Reference value :  3.30313e-05
 Reference value :  3.30943e-05
 Reference value :  3.31875e-05
 Reference value :  3.32434e-05
 Reference value :  3.32815e-05
 Reference value :  3.33165e-05
 Reference value :  3.33775e-05
 Reference value :  3.34377e-05
 Reference value :  3.34827e-05
 Reference value :  3.35315e-05
 Reference value :  3.35938e-05
 Reference value :  3.36285e-05
 Reference value :  3.36899e-05
 Reference value :  3.37506e-05
 Reference value :  3.38126e-05
 Reference value :  3.38495e-05
 Reference value :  3.39064e-05
 Reference value :  3.39689e-05
 Reference value :  3.40030e-05
 Reference value :  3.40919e-05
 Reference value :  3.41564e-05
 Reference value :  3.42188e-05
 Reference value :  3.42540e-05
 Reference value :  3.43139e-05
 Reference value :  3.43751e-05
 Reference value :  3.44069e-05
 Reference value :  3.44495e-05
 Reference value :  3.45028e-05
 Reference value :  3.45631e-05
 Reference value :  3.46100e-05
 Reference value :  3.46564e-05
 Reference value :  3.47188e-05
 Reference value :  3.47525e-05
 Reference value :  3.48132e-05
 Reference value :  3.48751e-05
 Reference value :  3.49066e-05
 Reference value :  3.49690e-05
 Reference value :  3.50031e-05
 Reference value :  3.50938e-05
 Reference value :  3.51564e-05
 Reference value :  3.52188e-05
 Reference value :  3.52560e-05
 Reference value :  3.53148e-05
 Reference value :  3.53708e-05
 Reference value :  3.54065e-05
 Reference value :  3.54402e-05
 Reference value :  3.55006e-05
 Reference value :  3.55429e-05
 Reference value :  3.55940e-05
 Reference value :  3.56277e-05
 Reference value :  3.56881e-05
 Reference value :  3.57501e-05
 Reference value :  3.57820e-05
 Reference value :  3.58438e-05
 Reference value :  3.58776e-05
 Reference value :  3.59377e-05
 Reference value :  3.60007e-05
 Reference value :  3.60362e-05
 Reference value :  3.61251e-05
 Reference value :  3.61879e-05
 Reference value :  3.62502e-05
 Reference value :  3.62819e-05
 Reference value :  3.63438e-05
 Reference value :  3.63775e-05
 Reference value :  3.64376e-05
 Reference value :  3.64693e-05
 Reference value :  3.65254e-05
 Reference value :  3.65653e-05
 Reference value :  3.66275e-05
 Reference value :  3.66880e-05
 Reference value :  3.67501e-05
 Reference value :  3.67817e-05
 Reference value :  3.68439e-05
 Reference value :  3.68793e-05
 Reference value :  3.69387e-05
 Reference value :  3.70025e-05
 Reference value :  3.70627e-05
 Reference value :  3.71256e-05
 Reference value :  3.71891e-05
 Reference value :  3.72505e-05
 Reference value :  3.73025e-05
 Reference value :  3.73440e-05
 Reference value :  3.73790e-05
 Reference value :  3.74401e-05
 Reference value :  3.75003e-05
 Reference value :  3.75321e-05
 Reference value :  3.75938e-05
 Reference value :  3.76275e-05
 Reference value :  3.76876e-05
 Reference value :  3.77201e-05
 Reference value :  3.77814e-05
 Reference value :  3.78153e-05
 Reference value :  3.78757e-05
 Reference value :  3.79072e-05
 Reference value :  3.79810e-05
 Reference value :  3.80285e-05
 Reference value :  3.80938e-05
 Reference value :  3.81564e-05
 Reference value :  3.82187e-05
 Reference value :  3.82530e-05
 Reference value :  3.83132e-05
 Reference value :  3.83750e-05
 Reference value :  3.84067e-05
 Reference value :  3.84688e-05
 Reference value :  3.85070e-05
 Reference value :  3.85632e-05
 Reference value :  3.86193e-05
 Reference value :  3.86565e-05
 Reference value :  3.87188e-05
 Reference value :  3.87523e-05
 Reference value :  3.88126e-05
 Reference value :  3.88448e-05
 Reference value :  3.89063e-05
 Reference value :  3.89688e-05
 Reference value :  3.90026e-05
 Reference value :  3.90627e-05
 Reference value :  3.91252e-05
 Reference value :  3.91879e-05
 Reference value :  3.92502e-05
 Reference value :  3.93097e-05
 Reference value :  3.93444e-05
 Reference value :  3.94063e-05
 Reference value :  3.94688e-05
 Reference value :  3.95316e-05
 Reference value :  3.95939e-05
 Reference value :  3.96283e-05
 Reference value :  3.96881e-05
 Reference value :  3.97500e-05
 Reference value :  3.97819e-05
 Reference value :  3.98438e-05
 Reference value :  3.98775e-05
 Reference value :  3.99379e-05
 Reference value :  4.00023e-05
 Reference value :  4.00488e-05
 Reference value :  4.01251e-05
 Reference value :  4.01877e-05
 Reference value :  4.02500e-05
 Reference value :  4.02818e-05
 Reference value :  4.03438e-05
 Reference value :  4.03776e-05
 Reference value :  4.04398e-05
 Reference value :  4.05002e-05
 Reference value :  4.05320e-05
 Reference value :  4.05938e-05
 Reference value :  4.06424e-05
 Reference value :  4.06900e-05
 Reference value :  4.07502e-05
 Reference value :  4.07823e-05
 Reference value :  4.08438e-05
 Reference value :  4.08775e-05
 Reference value :  4.09377e-05
 Reference value :  4.10007e-05
 Reference value :  4.10318e-05
 Reference value :  4.10945e-05
 Reference value :  4.11576e-05
 Reference value :  4.12189e-05
 Reference value :  4.12813e-05
 Reference value :  4.13265e-05
 Reference value :  4.13773e-05
 Reference value :  4.14377e-05
 Reference value :  4.14696e-05
 Reference value :  4.15313e-05
 Reference value :  4.15661e-05
 Reference value :  4.16255e-05
 Reference value :  4.16875e-05
 Reference value :  4.17192e-05
 Reference value :  4.17616e-05
 Reference value :  4.18150e-05
 Reference value :  4.18755e-05
 Reference value :  4.19147e-05
 Reference value :  4.20001e-05
 Reference value :  4.20313e-05
 Reference value :  4.20940e-05
 Reference value :  4.21565e-05
 Reference value :  4.22189e-05
 Reference value :  4.22813e-05
 Reference value :  4.23171e-05
 Reference value :  4.23773e-05
 Reference value :  4.24376e-05
 Reference value :  4.24693e-05
 Reference value :  4.25056e-05
 Reference value :  4.25650e-05
 Reference value :  4.26251e-05
 Reference value :  4.26569e-05
 Reference value :  4.27188e-05
 Reference value :  4.27525e-05
 Reference value :  4.28131e-05
 Reference value :  4.28511e-05
 Reference value :  4.29064e-05
 Reference value :  4.29688e-05
 Reference value :  4.30029e-05
 Reference value :  4.30632e-05
 Reference value :  4.31255e-05
 Reference value :  4.31898e-05
 Reference value :  4.32510e-05
 Reference value :  4.33131e-05
 Reference value :  4.33450e-05
 Reference value :  4.34064e-05
 Reference value :  4.34406e-05
 Reference value :  4.35009e-05
 Reference value :  4.35626e-05
 Reference value :  4.36176e-05
 Reference value :  4.36566e-05
 Reference value :  4.37188e-05
 Reference value :  4.37527e-05
 Reference value :  4.38149e-05
 Reference value :  4.38755e-05
 Reference value :  4.39070e-05
 Reference value :  4.39765e-05
 Reference value :  4.40146e-05
 Reference value :  4.40938e-05
 Reference value :  4.41563e-05
 Reference value :  4.42020e-05
 Reference value :  4.42530e-05
 Reference value :  4.43151e-05
 Reference value :  4.43752e-05
 Reference value :  4.44069e-05
 Reference value :  4.44688e-05
 Reference value :  4.45028e-05
 Reference value :  4.45636e-05
 Reference value :  4.46201e-05
 Reference value :  4.46566e-05
 Reference value :  4.47026e-05
 Reference value :  4.47508e-05
 Reference value :  4.47927e-05
 Reference value :  4.48442e-05
 Reference value :  4.49063e-05
 Reference value :  4.49691e-05
 Reference value :  4.50031e-05
 Reference value :  4.50889e-05
 Reference value :  4.51390e-05
 Reference value :  4.51901e-05
 Reference value :  4.52529e-05
 Reference value :  4.53144e-05
 Reference value :  4.53752e-05
 Reference value :  4.54166e-05
 Reference value :  4.54689e-05
 Reference value :  4.55313e-05
 Reference value :  4.55669e-05
 Reference value :  4.56256e-05
 Reference value :  4.56583e-05
 Reference value :  4.57190e-05
 Reference value :  4.57798e-05
 Reference value :  4.58152e-05
 Reference value :  4.58757e-05
 Reference value :  4.59376e-05
 Reference value :  4.60003e-05
 Reference value :  4.60315e-05
 Reference value :  4.60945e-05
 Reference value :  4.61662e-05
 Reference value :  4.62193e-05
 Reference value :  4.62814e-05
 Reference value :  4.63438e-05
 Reference value :  4.63851e-05
 Reference value :  4.64398e-05
 Reference value :  4.65002e-05
 Reference value :  4.65321e-05
 Reference value :  4.65938e-05
 Reference value :  4.66281e-05
 Reference value :  4.66898e-05
 Reference value :  4.67501e-05
 Reference value :  4.67822e-05
 Reference value :  4.68439e-05
 Reference value :  4.68946e-05
 Reference value :  4.69452e-05
 Reference value :  4.70026e-05
 Reference value :  4.70627e-05
 Reference value :  4.71252e-05
 Reference value :  4.71886e-05
 Reference value :  4.72503e-05
 Reference value :  4.73126e-05
 Reference value :  4.73449e-05
 Reference value :  4.74064e-05
 Reference value :  4.74411e-05
 Reference value :  4.75010e-05
 Reference value :  4.75625e-05
 Reference value :  4.75941e-05
 Reference value :  4.76279e-05
 Reference value :  4.76898e-05
 Reference value :  4.77501e-05
 Reference value :  4.77820e-05
 Reference value :  4.78438e-05
 Reference value :  4.78774e-05
 Reference value :  4.79377e-05
 Reference value :  4.80010e-05
 Reference value :  4.80483e-05
 Reference value :  4.80957e-05
 Reference value :  4.81876e-05
 Reference value :  4.82195e-05
 Reference value :  4.82816e-05
 Reference value :  4.83439e-05
 Reference value :  4.83804e-05
 Reference value :  4.84381e-05
 Reference value :  4.85001e-05
 Reference value :  4.85316e-05
 Reference value :  4.85939e-05
 Reference value :  4.86562e-05
 Reference value :  4.86901e-05
 Reference value :  4.87504e-05
 Reference value :  4.88125e-05
 Reference value :  4.88443e-05
 Reference value :  4.89063e-05
 Reference value :  4.89688e-05
 Reference value :  4.90027e-05
 Reference value :  4.90631e-05
 Reference value :  4.91256e-05
 Reference value :  4.91898e-05
 Reference value :  4.92511e-05
 Reference value :  4.93128e-05
 Reference value :  4.93751e-05
 Reference value :  4.94069e-05
 Reference value :  4.94690e-05
 Reference value :  4.95039e-05
 Reference value :  4.95650e-05
 Reference value :  4.96252e-05
 Reference value :  4.96570e-05
 Reference value :  4.97188e-05
 Reference value :  4.97527e-05
 Reference value :  4.98130e-05
 Reference value :  4.98620e-05
 Reference value :  4.99066e-05
 Reference value :  4.99744e-05
 Reference value :  5.00312e-05
 Reference value :  5.00939e-05
 Reference value :  5.01564e-05
 Reference value :  5.02048e-05
 Reference value :  5.02552e-05
 Reference value :  5.03151e-05
 Reference value :  5.03775e-05
 Reference value :  5.04383e-05
 Reference value :  5.04952e-05
 Reference value :  5.05316e-05
 Reference value :  5.05719e-05
 Reference value :  5.06273e-05
 Reference value :  5.06876e-05
 Reference value :  5.07195e-05
 Reference value :  5.07813e-05
 Reference value :  5.08149e-05
 Reference value :  5.08752e-05
 Reference value :  5.09069e-05
 Reference value :  5.09694e-05
 Reference value :  5.10067e-05
 Reference value :  5.10938e-05
 Reference value :  5.11563e-05
 Reference value :  5.11904e-05
 Reference value :  5.12531e-05
 Reference value :  5.13150e-05
 Reference value :  5.13774e-05
 Reference value :  5.14379e-05
 Reference value :  5.14698e-05
 Reference value :  5.15313e-05
 Reference value :  5.15651e-05
 Reference value :  5.16273e-05
 Reference value :  5.16877e-05
 Reference value :  5.17242e-05
 Reference value :  5.17815e-05
 Reference value :  5.18152e-05
 Reference value :  5.18756e-05
 Reference value :  5.19376e-05
 Reference value :  5.20004e-05
 Reference value :  5.20319e-05
 Reference value :  5.21033e-05
 Reference value :  5.21875e-05
 Reference value :  5.22197e-05
 Reference value :  5.22815e-05
 Reference value :  5.23439e-05
 Reference value :  5.24063e-05
 Reference value :  5.24420e-05
 Reference value :  5.25024e-05
 Reference value :  5.25627e-05
 Reference value :  5.25950e-05
 Reference value :  5.26564e-05
 Reference value :  5.26901e-05
 Reference value :  5.27519e-05
 Reference value :  5.28125e-05
 Reference value :  5.28444e-05
 Reference value :  5.29063e-05
 Reference value :  5.29688e-05
 Reference value :  5.30029e-05
 Reference value :  5.30632e-05
 Reference value :  5.31562e-05
 Reference value :  5.31898e-05
 Reference value :  5.32506e-05
 Reference value :  5.33126e-05
 Reference value :  5.33487e-05
 Reference value :  5.34065e-05
 Reference value :  5.34688e-05
 Reference value :  5.35026e-05
 Reference value :  5.35629e-05
 Reference value :  5.35945e-05
 Reference value :  5.36564e-05
 Reference value :  5.36900e-05
 Reference value :  5.37502e-05
 Reference value :  5.37841e-05
 Reference value :  5.38439e-05
 Reference value :  5.39041e-05
 Reference value :  5.39689e-05
 Reference value :  5.40029e-05
 Reference value :  5.40632e-05
 Reference value :  5.41279e-05
 Reference value :  5.41901e-05
 Reference value :  5.42506e-05
 Reference value :  5.43126e-05
 Reference value :  5.43600e-05
 Reference value :  5.44067e-05
 Reference value :  5.44688e-05
 Reference value :  5.45051e-05
 Reference value :  5.45633e-05
 Reference value :  5.46250e-05
 Reference value :  5.46564e-05
 Reference value :  5.47123e-05
 Reference value :  5.47525e-05
 Reference value :  5.48128e-05
 Reference value :  5.48448e-05
 Reference value :  5.49063e-05
 Reference value :  5.49689e-05
 Reference value :  5.50030e-05
 Reference value :  5.50719e-05
 Reference value :  5.51563e-05
 Reference value :  5.51970e-05
 Reference value :  5.52527e-05
 Reference value :  5.53131e-05
 Reference value :  5.53752e-05
 Reference value :  5.54303e-05
 Reference value :  5.54691e-05
 Reference value :  5.55313e-05
 Reference value :  5.55649e-05
 Reference value :  5.56251e-05
 Reference value :  5.56570e-05
 Reference value :  5.57188e-05
 Reference value :  5.57634e-05
 Reference value :  5.58150e-05
 Reference value :  5.58755e-05
 Reference value :  5.59074e-05
 Reference value :  5.60001e-05
 Reference value :  5.60313e-05
 Reference value :  5.60940e-05
 Reference value :  5.61571e-05
 Reference value :  5.62191e-05
 Reference value :  5.62813e-05
 Reference value :  5.63151e-05
 Reference value :  5.63773e-05
 Reference value :  5.64378e-05
 Reference value :  5.64916e-05
 Reference value :  5.65315e-05
 Reference value :  5.65659e-05
 Reference value :  5.66257e-05
 Reference value :  5.66876e-05
 Reference value :  5.67193e-05
 Reference value :  5.67812e-05
 Reference value :  5.68149e-05
 Reference value :  5.68752e-05
 Reference value :  5.69247e-05
 Reference value :  5.70001e-05
 Reference value :  5.70313e-05
 Reference value :  5.70940e-05
 Reference value :  5.71566e-05
 Reference value :  5.72189e-05
 Reference value :  5.72797e-05
 Reference value :  5.73150e-05
 Reference value :  5.73757e-05
 Reference value :  5.74377e-05
 Reference value :  5.74701e-05
 Reference value :  5.75315e-05
 Reference value :  5.75667e-05
 Reference value :  5.76256e-05
 Reference value :  5.76642e-05
 Reference value :  5.77189e-05
 Reference value :  5.77812e-05
 Reference value :  5.78148e-05
 Reference value :  5.78754e-05
 Reference value :  5.79314e-05
 Reference value :  5.80001e-05
 Reference value :  5.80313e-05
 Reference value :  5.80940e-05
 Reference value :  5.81569e-05
 Reference value :  5.82190e-05
 Reference value :  5.82813e-05
 Reference value :  5.83150e-05
 Reference value :  5.83759e-05
 Reference value :  5.84377e-05
 Reference value :  5.84697e-05
 Reference value :  5.85314e-05
 Reference value :  5.85655e-05
 Reference value :  5.86273e-05
 Reference value :  5.86877e-05
 Reference value :  5.87194e-05
 Reference value :  5.87813e-05
 Reference value :  5.88151e-05
 Reference value :  5.88756e-05
 Reference value :  5.89197e-05
 Reference value :  5.90001e-05
 Reference value :  5.90314e-05
 Reference value :  5.90945e-05
 Reference value :  5.91651e-05
 Reference value :  5.92190e-05
 Reference value :  5.92814e-05
 Reference value :  5.93151e-05
 Reference value :  5.93773e-05
 Reference value :  5.94378e-05
 Reference value :  5.94802e-05
 Reference value :  5.95314e-05
 Reference value :  5.95754e-05
 Reference value :  5.96273e-05
 Reference value :  5.96875e-05
 Reference value :  5.97188e-05
 Reference value :  5.97524e-05
 Reference value :  5.98127e-05
 Reference value :  5.98447e-05
 Reference value :  5.99063e-05
 Reference value :  5.99688e-05
 Reference value :  6.00027e-05
 Reference value :  6.00632e-05
 Reference value :  6.01500e-05
 Reference value :  6.01901e-05
 Reference value :  6.02529e-05
 Reference value :  6.03128e-05
 Reference value :  6.03751e-05
 Reference value :  6.04069e-05
 Reference value :  6.04689e-05
 Reference value :  6.05027e-05
 Reference value :  6.05628e-05
 Reference value :  6.05945e-05
 Reference value :  6.06564e-05
 Reference value :  6.06984e-05
 Reference value :  6.07525e-05
 Reference value :  6.08144e-05
 Reference value :  6.08448e-05
 Reference value :  6.08850e-05
 Reference value :  6.09688e-05
 Reference value :  6.10029e-05
 Reference value :  6.10630e-05
 Reference value :  6.11413e-05
 Reference value :  6.11901e-05
 Reference value :  6.12528e-05
 Reference value :  6.13127e-05
 Reference value :  6.13537e-05
 Reference value :  6.14064e-05
 Reference value :  6.14688e-05
 Reference value :  6.15025e-05
 Reference value :  6.15630e-05
 Reference value :  6.16251e-05
 Reference value :  6.16567e-05
 Reference value :  6.16960e-05
 Reference value :  6.17517e-05
 Reference value :  6.18127e-05
 Reference value :  6.18537e-05
 Reference value :  6.19065e-05
 Reference value :  6.19689e-05
 Reference value :  6.20030e-05
 Reference value :  6.20822e-05
 Reference value :  6.21563e-05
 Reference value :  6.22161e-05
 Reference value :  6.22531e-05
 Reference value :  6.23132e-05
 Reference value :  6.23751e-05
 Reference value :  6.24067e-05
 Reference value :  6.24446e-05
 Reference value :  6.25012e-05
 Reference value :  6.25627e-05
 Reference value :  6.25945e-05
 Reference value :  6.26563e-05
 Reference value :  6.26900e-05
 Reference value :  6.27501e-05
 Reference value :  6.27818e-05
 Reference value :  6.28424e-05
 Reference value :  6.28775e-05
 Reference value :  6.29379e-05
 Reference value :  6.30023e-05
 Reference value :  6.30546e-05
 Reference value :  6.31252e-05
 Reference value :  6.31886e-05
 Reference value :  6.32511e-05
 Reference value :  6.33126e-05
 Reference value :  6.33598e-05
 Reference value :  6.34068e-05
 Reference value :  6.34666e-05
 Reference value :  6.35024e-05
 Reference value :  6.35627e-05
 Reference value :  6.35961e-05
 Reference value :  6.36564e-05
 Reference value :  6.36901e-05
 Reference value :  6.37503e-05
 Reference value :  6.37820e-05
 Reference value :  6.38438e-05
 Reference value :  6.38776e-05
 Reference value :  6.39379e-05
 Reference value :  6.40010e-05
 Reference value :  6.40359e-05
 Reference value :  6.41251e-05
 Reference value :  6.41880e-05
 Reference value :  6.42501e-05
 Reference value :  6.42819e-05
 Reference value :  6.43438e-05
 Reference value :  6.43791e-05
 Reference value :  6.44394e-05
 Reference value :  6.45002e-05
 Reference value :  6.45319e-05
 Reference value :  6.45882e-05
 Reference value :  6.46273e-05
 Reference value :  6.46876e-05
 Reference value :  6.47194e-05
 Reference value :  6.47747e-05
 Reference value :  6.48150e-05
 Reference value :  6.48752e-05
 Reference value :  6.49068e-05
 Reference value :  6.49691e-05
 Reference value :  6.50031e-05
 Reference value :  6.50920e-05
 Reference value :  6.51563e-05
 Reference value :  6.51914e-05
 Reference value :  6.52529e-05
 Reference value :  6.53127e-05
 Reference value :  6.53444e-05
 Reference value :  6.54063e-05
 Reference value :  6.54401e-05
 Reference value :  6.55023e-05
 Reference value :  6.55627e-05
 Reference value :  6.56152e-05
 Reference value :  6.56571e-05
 Reference value :  6.57188e-05
 Reference value :  6.57539e-05
 Reference value :  6.58150e-05
 Reference value :  6.58752e-05
 Reference value :  6.59136e-05
No. of Data Rows : 160588
s000                =  7.27000e+02
s001                =  3.38000e+02
s002                =  6.39000e+02
s003                =  4.29000e+02
s004                =  5.47000e+02
s005                =  5.22000e+02
s006                =  4.54000e+02
s007                =  6.16000e+02
s008                =  3.63000e+02
s009                =  7.05000e+02
s010                =  2.77000e+02
s011                =  7.87000e+02
s012                =  2.01000e+02
s013                =  8.57000e+02
s014                =  1.36000e+02
s015                =  9.15000e+02
s016                =  8.50000e+01
s017                =  9.57000e+02
s018                =  5.10000e+01
s019                =  9.83000e+02
s020                =  3.40000e+01
s021                =  9.90000e+02
s022                =  3.60000e+01
s023                =  9.79000e+02
s024                =  5.60000e+01
s025                =  9.50000e+02
s026                =  9.40000e+01
s027                =  9.04000e+02
s028                =  1.47000e+02
s029                =  8.42000e+02
s030                =  2.15000e+02
s031                =  7.68000e+02
s032                =  2.95000e+02
s033                =  6.84000e+02
s034                =  3.83000e+02
s035                =  5.94000e+02
s036                =  4.75000e+02
s037                =  5.00000e+02
s038                =  5.70000e+02
s039                =  4.08000e+02
s040                =  6.62000e+02
s041                =  3.19000e+02
s042                =  7.47000e+02
s043                =  2.38000e+02
s044                =  8.24000e+02
s045                =  1.66000e+02
s046                =  8.88000e+02
s047                =  1.08000e+02
s048                =  9.38000e+02
s049                =  6.60000e+01
s050                =  9.72000e+02
s051                =  4.00000e+01
s052                =  9.89000e+02
s053                =  3.30000e+01
s054                =  9.87000e+02
s055                =  4.40000e+01
s056                =  9.66000e+02
s057                =  7.30000e+01
s058                =  9.29000e+02
s059                =  1.19000e+02
s060                =  8.75000e+02
s061                =  1.80000e+02
s062                =  8.06000e+02
s063                =  2.54000e+02
cmax                =  9.90000e+02 at=  2.49396e-05
cmin                =  3.30000e+01 at=  5.69396e-05
d000                =  2.65657e+02 at=  2.50014e-06
d008                =  6.30105e+02 at=  1.07814e-05
d016                =  8.53681e+02 at=  1.88751e-05
d024                =  6.00902e+02 at=  2.68751e-05
d032                =  2.64072e+02 at=  3.45001e-05
d040                =  6.31368e+02 at=  4.27813e-05
d048                =  8.54025e+02 at=  5.08751e-05
d056                =  6.00337e+02 at=  5.88751e-05
vrefhi              =  2.97146e+00 at=  6.31152e-05
vreflo              =  2.96865e+00 at=  6.60000e-05
m_code_s000 = 7.2700000000e+02
m_code_s001 = 3.3800000000e+02
m_code_s002 = 6.3900000000e+02
m_code_s003 = 4.2900000000e+02
m_code_s004 = 5.4700000000e+02
m_code_s005 = 5.2200000000e+02
m_code_s006 = 4.5400000000e+02
m_code_s007 = 6.1600000000e+02
m_code_s008 = 3.6300000000e+02
m_code_s009 = 7.0500000000e+02
m_code_s010 = 2.7700000000e+02
m_code_s011 = 7.8700000000e+02
m_code_s012 = 2.0100000000e+02
m_code_s013 = 8.5700000000e+02
m_code_s014 = 1.3600000000e+02
m_code_s015 = 9.1500000000e+02
m_code_s016 = 8.5000000000e+01
m_code_s017 = 9.5700000000e+02
m_code_s018 = 5.1000000000e+01
m_code_s019 = 9.8300000000e+02
m_code_s020 = 3.4000000000e+01
m_code_s021 = 9.9000000000e+02
m_code_s022 = 3.6000000000e+01
m_code_s023 = 9.7900000000e+02
m_code_s024 = 5.6000000000e+01
m_code_s025 = 9.5000000000e+02
m_code_s026 = 9.4000000000e+01
m_code_s027 = 9.0400000000e+02
m_code_s028 = 1.4700000000e+02
m_code_s029 = 8.4200000000e+02
m_code_s030 = 2.1500000000e+02
m_code_s031 = 7.6800000000e+02
m_code_s032 = 2.9500000000e+02
m_code_s033 = 6.8400000000e+02
m_code_s034 = 3.8300000000e+02
m_code_s035 = 5.9400000000e+02
m_code_s036 = 4.7500000000e+02
m_code_s037 = 5.0000000000e+02
m_code_s038 = 5.7000000000e+02
m_code_s039 = 4.0800000000e+02
m_code_s040 = 6.6200000000e+02
m_code_s041 = 3.1900000000e+02
m_code_s042 = 7.4700000000e+02
m_code_s043 = 2.3800000000e+02
m_code_s044 = 8.2400000000e+02
m_code_s045 = 1.6600000000e+02
m_code_s046 = 8.8800000000e+02
m_code_s047 = 1.0800000000e+02
m_code_s048 = 9.3800000000e+02
m_code_s049 = 6.6000000000e+01
m_code_s050 = 9.7200000000e+02
m_code_s051 = 4.0000000000e+01
m_code_s052 = 9.8900000000e+02
m_code_s053 = 3.3000000000e+01
m_code_s054 = 9.8700000000e+02
m_code_s055 = 4.4000000000e+01
m_code_s056 = 9.6600000000e+02
m_code_s057 = 7.3000000000e+01
m_code_s058 = 9.2900000000e+02
m_code_s059 = 1.1900000000e+02
m_code_s060 = 8.7500000000e+02
m_code_s061 = 1.8000000000e+02
m_code_s062 = 8.0600000000e+02
m_code_s063 = 2.5400000000e+02
m_decerr_c000_lsb = 2.6565730000e+02
m_decerr_c008_lsb = 6.3010550000e+02
m_decerr_c016_lsb = 8.5368140000e+02
m_decerr_c024_lsb = 6.0090200000e+02
m_decerr_c032_lsb = 2.6407170000e+02
m_decerr_c040_lsb = 6.3136840000e+02
m_decerr_c048_lsb = 8.5402540000e+02
m_decerr_c056_lsb = 6.0033700000e+02
m_code_max = 9.9000000000e+02
m_code_min = 3.3000000000e+01
m_vref_droop_mv = 2.8140000000e+00
Note: Simulation executed from .control section 

Warning: m=xx on .subckt line will override multiplier m hierarchy!

Note: Starting dynamic gmin stepping
Note: Dynamic gmin stepping completed
