
Note: Compatibility modes selected: hs a


Circuit: * dr0019-cu-sweep @ ss_125c_3.30v -- generated by sim/harness, do not edit

Reducing trtol to 1 for xspice 'A' devices
Doing analysis at TEMP = 125.000000 and TNOM = 27.000000

Using SPARSE 1.3 as Direct Linear Solver

Initial Transient Solution
--------------------------

Node                                   Voltage
----                                   -------
clk                                          0
cmpclk                                       0
cmpclkb                                    3.3
vddt                                       3.3
vddd                                       3.3
vddc                                       3.3
vrefs                                      3.3
vrefn                                      3.3
vcmn                                      1.65
se_vinp                                   1.65
se_vinn                                   1.65
se_start                                     0
se_mode                                      0
se_cmp                                 1.38783
se_samp_tp_n                                 0
se_sel_in_n                                  0
se_drdy                                    3.3
se_c9                                        0
se_c8                                        0
se_c7                                        0
se_c6                                        0
se_c5                                        0
se_c4                                        0
se_c3                                        0
se_c2                                        0
se_c1                                        0
se_c0                                        0
se_rel_n_256p                              3.3
se_sel_hi_n_256p                             0
se_sel_lo_n_256p                             0
se_rel_n_128p                              3.3
se_sel_hi_n_128p                             0
se_sel_lo_n_128p                             0
se_rel_n_64p                               3.3
se_sel_hi_n_64p                              0
se_sel_lo_n_64p                              0
se_rel_n_32p                               3.3
se_sel_hi_n_32p                              0
se_sel_lo_n_32p                              0
se_rel_n_16p                               3.3
se_sel_hi_n_16p                              0
se_sel_lo_n_16p                              0
se_rel_n_8p                                3.3
se_sel_hi_n_8p                               0
se_sel_lo_n_8p                               0
se_rel_n_4p                                3.3
se_sel_hi_n_4p                               0
se_sel_lo_n_4p                               0
se_rel_n_2p                                3.3
se_sel_hi_n_2p                               0
se_sel_lo_n_2p                               0
se_rel_n_1p                                3.3
se_sel_hi_n_1p                               0
se_sel_lo_n_1p                               0
se_rel_n_256n                              3.3
se_sel_hi_n_256n                             0
se_sel_lo_n_256n                             0
se_rel_n_128n                              3.3
se_sel_hi_n_128n                             0
se_sel_lo_n_128n                             0
se_rel_n_64n                               3.3
se_sel_hi_n_64n                              0
se_sel_lo_n_64n                              0
se_rel_n_32n                               3.3
se_sel_hi_n_32n                              0
se_sel_lo_n_32n                              0
se_rel_n_16n                               3.3
se_sel_hi_n_16n                              0
se_sel_lo_n_16n                              0
se_rel_n_8n                                3.3
se_sel_hi_n_8n                               0
se_sel_lo_n_8n                               0
se_rel_n_4n                                3.3
se_sel_hi_n_4n                               0
se_sel_lo_n_4n                               0
se_rel_n_2n                                3.3
se_sel_hi_n_2n                               0
se_sel_lo_n_2n                               0
se_rel_n_1n                                3.3
se_sel_hi_n_1n                               0
se_sel_lo_n_1n                               0
se_pinp                                   1.65
se_pinn                                   1.65
xsetswp.gp                                 3.3
se_topp                                   1.65
xsetswn.gp                                 3.3
se_topn                                   1.65
xsearrp.x256.bp                           1.65
xsearrp.x256.gp_in                         3.3
xsearrp.x256.gp_rel                3.16401e-09
xsearrp.x256.gp_hi                         3.3
xsearrp.x256.gp_lo                         3.3
xsearrp.x128.bp                           1.65
xsearrp.x128.gp_in                         3.3
xsearrp.x128.gp_rel                3.16401e-09
xsearrp.x128.gp_hi                         3.3
xsearrp.x128.gp_lo                         3.3
xsearrp.x64.bp                            1.65
xsearrp.x64.gp_in                          3.3
xsearrp.x64.gp_rel                 3.16401e-09
xsearrp.x64.gp_hi                          3.3
xsearrp.x64.gp_lo                          3.3
xsearrp.x32.bp                            1.65
xsearrp.x32.gp_in                          3.3
xsearrp.x32.gp_rel                 3.16401e-09
xsearrp.x32.gp_hi                          3.3
xsearrp.x32.gp_lo                          3.3
xsearrp.x16.bp                            1.65
xsearrp.x16.gp_in                          3.3
xsearrp.x16.gp_rel                 3.16401e-09
xsearrp.x16.gp_hi                          3.3
xsearrp.x16.gp_lo                          3.3
xsearrp.x8.bp                             1.65
xsearrp.x8.gp_in                           3.3
xsearrp.x8.gp_rel                  3.16401e-09
xsearrp.x8.gp_hi                           3.3
xsearrp.x8.gp_lo                           3.3
xsearrp.x4.bp                             1.65
xsearrp.x4.gp_in                           3.3
xsearrp.x4.gp_rel                  3.16401e-09
xsearrp.x4.gp_hi                           3.3
xsearrp.x4.gp_lo                           3.3
xsearrp.x2.bp                             1.65
xsearrp.x2.gp_in                           3.3
xsearrp.x2.gp_rel                  3.16401e-09
xsearrp.x2.gp_hi                           3.3
xsearrp.x2.gp_lo                           3.3
xsearrp.x1.bp                             1.65
xsearrp.x1.gp_in                           3.3
xsearrp.x1.gp_rel                  3.16401e-09
xsearrp.x1.gp_hi                           3.3
xsearrp.x1.gp_lo                           3.3
xsearrn.x256.bp                           1.65
xsearrn.x256.gp_in                         3.3
xsearrn.x256.gp_rel                3.16401e-09
xsearrn.x256.gp_hi                         3.3
xsearrn.x256.gp_lo                         3.3
xsearrn.x128.bp                           1.65
xsearrn.x128.gp_in                         3.3
xsearrn.x128.gp_rel                3.16401e-09
xsearrn.x128.gp_hi                         3.3
xsearrn.x128.gp_lo                         3.3
xsearrn.x64.bp                            1.65
xsearrn.x64.gp_in                          3.3
xsearrn.x64.gp_rel                 3.16401e-09
xsearrn.x64.gp_hi                          3.3
xsearrn.x64.gp_lo                          3.3
xsearrn.x32.bp                            1.65
xsearrn.x32.gp_in                          3.3
xsearrn.x32.gp_rel                 3.16401e-09
xsearrn.x32.gp_hi                          3.3
xsearrn.x32.gp_lo                          3.3
xsearrn.x16.bp                            1.65
xsearrn.x16.gp_in                          3.3
xsearrn.x16.gp_rel                 3.16401e-09
xsearrn.x16.gp_hi                          3.3
xsearrn.x16.gp_lo                          3.3
xsearrn.x8.bp                             1.65
xsearrn.x8.gp_in                           3.3
xsearrn.x8.gp_rel                  3.16401e-09
xsearrn.x8.gp_hi                           3.3
xsearrn.x8.gp_lo                           3.3
xsearrn.x4.bp                             1.65
xsearrn.x4.gp_in                           3.3
xsearrn.x4.gp_rel                  3.16401e-09
xsearrn.x4.gp_hi                           3.3
xsearrn.x4.gp_lo                           3.3
xsearrn.x2.bp                             1.65
xsearrn.x2.gp_in                           3.3
xsearrn.x2.gp_rel                  3.16401e-09
xsearrn.x2.gp_hi                           3.3
xsearrn.x2.gp_lo                           3.3
xsearrn.x1.bp                             1.65
xsearrn.x1.gp_in                           3.3
xsearrn.x1.gp_rel                  3.16401e-09
xsearrn.x1.gp_hi                           3.3
xsearrn.x1.gp_lo                           3.3
se_ibias                              0.792214
xsecmp.xpre.ptail                     0.741201
xsecmp.pon                             2.43674
xsecmp.preamp_in1                         1.65
xsecmp.pop                             2.43674
xsecmp.preamp_in2                         1.65
xsecmp.xpre.xrlp.11                    3.29972
xsecmp.xpre.xrlp.21                    2.43702
xsecmp.xpre.xrln.11                    3.29972
xsecmp.xpre.xrln.21                    2.43702
xsecmp.xlat.ltail                      1.81421
xsecmp.xlat.dip                            3.3
xsecmp.xlat.din                            3.3
xsecmp.outn                                3.3
xsecmp.outp                                3.3
xsecmp.sset                        9.98276e-09
xsecmp.srst                        9.98276e-09
xsecmp.xno1.ps                         3.10331
se_cmpb                                1.38783
xsecmp.xno2.ps                         3.10331
se_dacp                            1.11022e-16
se_dacn                            1.11022e-16
se_di                                        0
se_err                            -4.44412e-14
se_aerrh                                     0
se_code                                      0
seph                                       3.3
bseph#branch                                 0
bsecode#branch                               0
bseea#branch                                 0
bsee#branch                                  0
bsedi#branch                                 0
bsedacn#branch                               0
bsedacp#branch                               0
lref#branch                          2.101e-10
v.xsecmp.vpn#branch                4.58166e-30
v.xsecmp.vpp#branch                2.90799e-28
vsemode#branch                               0
vsestart#branch                              0
vsevinn#branch                    -1.41692e-17
vsein#branch                      -1.41692e-17
vcms#branch                       -1.58519e-09
vrefs#branch                        -2.101e-10
vddc#branch                       -0.000426004
vddd#branch                       -1.30936e-09
vddt#branch                        -4.2552e-11
vcmpclkb#branch                              0
vcmpclk#branch                               0
vclk#branch                                  0
a.xsectrl.a_gn#branch_1_0                    0
a.xsectrl.a_gn#branch_1_1                    0
a.xsectrl.a_gn#branch_1_2                    0
a.xsectrl.a_gn#branch_1_3                    0
a.xsectrl.a_gn#branch_1_4                    0
a.xsectrl.a_gn#branch_1_5                    0
a.xsectrl.a_gn#branch_1_6                    0
a.xsectrl.a_gn#branch_1_7                    0
a.xsectrl.a_gn#branch_1_8                    0
a.xsectrl.a_gn#branch_1_9                    0
a.xsectrl.a_gn#branch_1_10                   0
a.xsectrl.a_gn#branch_1_11                   0
a.xsectrl.a_gn#branch_1_12                   0
a.xsectrl.a_gn#branch_1_13                   0
a.xsectrl.a_gn#branch_1_14                   0
a.xsectrl.a_gn#branch_1_15                   0
a.xsectrl.a_gn#branch_1_16                   0
a.xsectrl.a_gn#branch_1_17                   0
a.xsectrl.a_gn#branch_1_18                   0
a.xsectrl.a_gn#branch_1_19                   0
a.xsectrl.a_gn#branch_1_20                   0
a.xsectrl.a_gn#branch_1_21                   0
a.xsectrl.a_gn#branch_1_22                   0
a.xsectrl.a_gn#branch_1_23                   0
a.xsectrl.a_gn#branch_1_24                   0
a.xsectrl.a_gn#branch_1_25                   0
a.xsectrl.a_gn#branch_1_26                   0
a.xsectrl.a_gn#branch_1_27                   0
a.xsectrl.a_gn#branch_1_28                   0
a.xsectrl.a_gn#branch_1_29                   0
a.xsectrl.a_gn#branch_1_30                   0
a.xsectrl.a_gn#branch_1_31                   0
a.xsectrl.a_gn#branch_1_32                   0
a.xsectrl.a_gn#branch_1_33                   0
a.xsectrl.a_gn#branch_1_34                   0
a.xsectrl.a_gn#branch_1_35                   0
a.xsectrl.a_gn#branch_1_36                   0
a.xsectrl.a_gn#branch_1_37                   0
a.xsectrl.a_gn#branch_1_38                   0
a.xsectrl.a_gn#branch_1_39                   0
a.xsectrl.a_gn#branch_1_40                   0
a.xsectrl.a_gn#branch_1_41                   0
a.xsectrl.a_gn#branch_1_42                   0
a.xsectrl.a_gn#branch_1_43                   0
a.xsectrl.a_gn#branch_1_44                   0
a.xsectrl.a_gn#branch_1_45                   0
a.xsectrl.a_gn#branch_1_46                   0
a.xsectrl.a_gn#branch_1_47                   0
a.xsectrl.a_gn#branch_1_48                   0
a.xsectrl.a_gn#branch_1_49                   0
a.xsectrl.a_gn#branch_1_50                   0
a.xsectrl.a_gn#branch_1_51                   0
a.xsectrl.a_gn#branch_1_52                   0
a.xsectrl.a_gn#branch_1_53                   0
a.xsectrl.a_dout#branch_1_0                  0
a.xsectrl.a_dout#branch_1_1                  0
a.xsectrl.a_dout#branch_1_2                  0
a.xsectrl.a_dout#branch_1_3                  0
a.xsectrl.a_dout#branch_1_4                  0
a.xsectrl.a_dout#branch_1_5                  0
a.xsectrl.a_dout#branch_1_6                  0
a.xsectrl.a_dout#branch_1_7                  0
a.xsectrl.a_dout#branch_1_8                  0
a.xsectrl.a_dout#branch_1_9                  0
a.xsectrl.a_dout#branch_1_10                 0
a.xsectrl.a_dout#branch_1_11                 0
a.xsectrl.a_dout#branch_1_12                 0

 Reference value :  0.00000e+00
 Reference value :  3.15292e-08
 Reference value :  6.41077e-08
 Reference value :  1.56316e-07
 Reference value :  1.90150e-07
 Reference value :  2.51358e-07
 Reference value :  3.12759e-07
 Reference value :  3.56252e-07
 Reference value :  4.06863e-07
 Reference value :  4.68872e-07
 Reference value :  5.22886e-07
 Reference value :  5.65210e-07
 Reference value :  6.27477e-07
 Reference value :  6.88334e-07
 Reference value :  7.50235e-07
 Reference value :  8.07939e-07
 Reference value :  8.44410e-07
 Reference value :  9.06351e-07
 Reference value :  9.68950e-07
 Reference value :  1.00290e-06
 Reference value :  1.06297e-06
 Reference value :  1.12768e-06
 Reference value :  1.18987e-06
 Reference value :  1.25026e-06
 Reference value :  1.31256e-06
 Reference value :  1.34441e-06
 Reference value :  1.40629e-06
 Reference value :  1.44052e-06
 Reference value :  1.50250e-06
 Reference value :  1.56313e-06
 Reference value :  1.62516e-06
 Reference value :  1.68751e-06
 Reference value :  1.71906e-06
 Reference value :  1.78129e-06
 Reference value :  1.81507e-06
 Reference value :  1.87739e-06
 Reference value :  1.93764e-06
 Reference value :  2.00010e-06
 Reference value :  2.03185e-06
 Reference value :  2.12501e-06
 Reference value :  2.18770e-06
 Reference value :  2.25018e-06
 Reference value :  2.28191e-06
 Reference value :  2.34382e-06
 Reference value :  2.37757e-06
 Reference value :  2.43807e-06
 Reference value :  2.50014e-06
 Reference value :  2.53165e-06
 Reference value :  2.56761e-06
 Reference value :  2.62745e-06
 Reference value :  2.68793e-06
 Reference value :  2.72307e-06
 Reference value :  2.78153e-06
 Reference value :  2.84377e-06
 Reference value :  2.87760e-06
 Reference value :  2.93971e-06
 Reference value :  3.00252e-06
 Reference value :  3.06270e-06
 Reference value :  3.12600e-06
 Reference value :  3.19033e-06
 Reference value :  3.25294e-06
 Reference value :  3.31313e-06
 Reference value :  3.37501e-06
 Reference value :  3.40645e-06
 Reference value :  3.44030e-06
 Reference value :  3.50044e-06
 Reference value :  3.53203e-06
 Reference value :  3.59378e-06
 Reference value :  3.62802e-06
 Reference value :  3.68967e-06
 Reference value :  3.75026e-06
 Reference value :  3.81265e-06
 Reference value :  3.87018e-06
 Reference value :  3.90670e-06
 Reference value :  3.96891e-06
 Reference value :  4.00295e-06
 Reference value :  4.06365e-06
 Reference value :  4.15470e-06
 Reference value :  4.19018e-06
 Reference value :  4.25273e-06
 Reference value :  4.31256e-06
 Reference value :  4.34391e-06
 Reference value :  4.37769e-06
 Reference value :  4.43765e-06
 Reference value :  4.46926e-06
 Reference value :  4.50299e-06
 Reference value :  4.56476e-06
 Reference value :  4.62520e-06
 Reference value :  4.68770e-06
 Reference value :  4.71931e-06
 Reference value :  4.78129e-06
 Reference value :  4.81479e-06
 Reference value :  4.86002e-06
 Reference value :  4.90626e-06
 Reference value :  4.94433e-06
 Reference value :  5.00300e-06
 Reference value :  5.09378e-06
 Reference value :  5.15634e-06
 Reference value :  5.19026e-06
 Reference value :  5.25284e-06
 Reference value :  5.31265e-06
 Reference value :  5.34409e-06
 Reference value :  5.38274e-06
 Reference value :  5.44143e-06
 Reference value :  5.50065e-06
 Reference value :  5.53235e-06
 Reference value :  5.59378e-06
 Reference value :  5.62733e-06
 Reference value :  5.68770e-06
 Reference value :  5.71944e-06
 Reference value :  5.78126e-06
 Reference value :  5.81495e-06
 Reference value :  5.87516e-06
 Reference value :  5.90656e-06
 Reference value :  6.00019e-06
 Reference value :  6.06265e-06
 Reference value :  6.13316e-06
 Reference value :  6.19001e-06
 Reference value :  6.25134e-06
 Reference value :  6.31261e-06
 Reference value :  6.34406e-06
 Reference value :  6.38145e-06
 Reference value :  6.44000e-06
 Reference value :  6.50018e-06
 Reference value :  6.53161e-06
 Reference value :  6.56514e-06
 Reference value :  6.62520e-06
 Reference value :  6.65660e-06
 Reference value :  6.69945e-06
 Reference value :  6.75047e-06
 Reference value :  6.80598e-06
 Reference value :  6.84446e-06
 Reference value :  6.87789e-06
 Reference value :  6.93771e-06
 Reference value :  7.00019e-06
 Reference value :  7.03145e-06
 Reference value :  7.09389e-06
 Reference value :  7.15630e-06
 Reference value :  7.20343e-06
 Reference value :  7.25296e-06
 Reference value :  7.31485e-06
 Reference value :  7.37516e-06
 Reference value :  7.41181e-06
 Reference value :  7.46892e-06
 Reference value :  7.51110e-06
 Reference value :  7.56507e-06
 Reference value :  7.62618e-06
 Reference value :  7.68764e-06
 Reference value :  7.71938e-06
 Reference value :  7.77686e-06
 Reference value :  7.81506e-06
 Reference value :  7.87562e-06
 Reference value :  7.91223e-06
 Reference value :  7.99644e-06
 Reference value :  8.03126e-06
 Reference value :  8.09381e-06
 Reference value :  8.15500e-06
 Reference value :  8.19004e-06
 Reference value :  8.25168e-06
 Reference value :  8.31484e-06
 Reference value :  8.37520e-06
 Reference value :  8.43402e-06
 Reference value :  8.46899e-06
 Reference value :  8.53128e-06
 Reference value :  8.56481e-06
 Reference value :  8.62526e-06
 Reference value :  8.65736e-06
 Reference value :  8.71883e-06
 Reference value :  8.75243e-06
 Reference value :  8.81293e-06
 Reference value :  8.87514e-06
 Reference value :  8.90643e-06
 Reference value :  8.96889e-06
 Reference value :  9.00291e-06
 Reference value :  9.06299e-06
 Reference value :  9.12546e-06
 Reference value :  9.18832e-06
 Reference value :  9.25029e-06
 Reference value :  9.31253e-06
 Reference value :  9.34394e-06
 Reference value :  9.37962e-06
 Reference value :  9.43977e-06
 Reference value :  9.50003e-06
 Reference value :  9.53135e-06
 Reference value :  9.57071e-06
 Reference value :  9.62744e-06
 Reference value :  9.68985e-06
 Reference value :  9.75020e-06
 Reference value :  9.78200e-06
 Reference value :  9.84421e-06
 Reference value :  9.87785e-06
 Reference value :  9.93773e-06
 Reference value :  1.00006e-05
 Reference value :  1.00313e-05
 Reference value :  1.00944e-05
 Reference value :  1.01565e-05
 Reference value :  1.02117e-05
 Reference value :  1.02529e-05
 Reference value :  1.03128e-05
 Reference value :  1.03453e-05
 Reference value :  1.03887e-05
 Reference value :  1.04379e-05
 Reference value :  1.05001e-05
 Reference value :  1.05314e-05
 Reference value :  1.05881e-05
 Reference value :  1.06273e-05
 Reference value :  1.06876e-05
 Reference value :  1.07191e-05
 Reference value :  1.07814e-05
 Reference value :  1.08150e-05
 Reference value :  1.08752e-05
 Reference value :  1.09064e-05
 Reference value :  1.09688e-05
 Reference value :  1.10027e-05
 Reference value :  1.10626e-05
 Reference value :  1.11165e-05
 Reference value :  1.11858e-05
 Reference value :  1.12190e-05
 Reference value :  1.12744e-05
 Reference value :  1.13149e-05
 Reference value :  1.13553e-05
 Reference value :  1.14064e-05
 Reference value :  1.14399e-05
 Reference value :  1.14698e-05
 Reference value :  1.15180e-05
 Reference value :  1.15632e-05
 Reference value :  1.16252e-05
 Reference value :  1.16566e-05
 Reference value :  1.17039e-05
 Reference value :  1.17525e-05
 Reference value :  1.18127e-05
 Reference value :  1.18445e-05
 Reference value :  1.18962e-05
 Reference value :  1.19605e-05
 Reference value :  1.20024e-05
 Reference value :  1.20319e-05
 Reference value :  1.20944e-05
 Reference value :  1.21718e-05
 Reference value :  1.22196e-05
 Reference value :  1.22819e-05
 Reference value :  1.23438e-05
 Reference value :  1.23778e-05
 Reference value :  1.24384e-05
 Reference value :  1.25002e-05
 Reference value :  1.25324e-05
 Reference value :  1.25939e-05
 Reference value :  1.26277e-05
 Reference value :  1.26747e-05
 Reference value :  1.27190e-05
 Reference value :  1.27526e-05
 Reference value :  1.28148e-05
 Reference value :  1.28755e-05
 Reference value :  1.29070e-05
 Reference value :  1.29696e-05
 Reference value :  1.30039e-05
 Reference value :  1.30905e-05
 Reference value :  1.31501e-05
 Reference value :  1.31900e-05
 Reference value :  1.32517e-05
 Reference value :  1.33129e-05
 Reference value :  1.33752e-05
 Reference value :  1.34144e-05
 Reference value :  1.34689e-05
 Reference value :  1.35061e-05
 Reference value :  1.35649e-05
 Reference value :  1.36250e-05
 Reference value :  1.36564e-05
 Reference value :  1.36899e-05
 Reference value :  1.37505e-05
 Reference value :  1.37953e-05
 Reference value :  1.38442e-05
 Reference value :  1.39063e-05
 Reference value :  1.39643e-05
 Reference value :  1.40028e-05
 Reference value :  1.40627e-05
 Reference value :  1.41252e-05
 Reference value :  1.41881e-05
 Reference value :  1.42506e-05
 Reference value :  1.43127e-05
 Reference value :  1.43443e-05
 Reference value :  1.44063e-05
 Reference value :  1.44402e-05
 Reference value :  1.45008e-05
 Reference value :  1.45627e-05
 Reference value :  1.46171e-05
 Reference value :  1.46564e-05
 Reference value :  1.46899e-05
 Reference value :  1.47271e-05
 Reference value :  1.47814e-05
 Reference value :  1.48148e-05
 Reference value :  1.48750e-05
 Reference value :  1.49064e-05
 Reference value :  1.49689e-05
 Reference value :  1.50030e-05
 Reference value :  1.50867e-05
 Reference value :  1.51563e-05
 Reference value :  1.51936e-05
 Reference value :  1.52529e-05
 Reference value :  1.53133e-05
 Reference value :  1.53751e-05
 Reference value :  1.54067e-05
 Reference value :  1.54438e-05
 Reference value :  1.55006e-05
 Reference value :  1.55319e-05
 Reference value :  1.55938e-05
 Reference value :  1.56274e-05
 Reference value :  1.56876e-05
 Reference value :  1.57193e-05
 Reference value :  1.57652e-05
 Reference value :  1.58150e-05
 Reference value :  1.58753e-05
 Reference value :  1.59067e-05
 Reference value :  1.59689e-05
 Reference value :  1.60026e-05
 Reference value :  1.60625e-05
 Reference value :  1.61251e-05
 Reference value :  1.61876e-05
 Reference value :  1.62191e-05
 Reference value :  1.62813e-05
 Reference value :  1.63151e-05
 Reference value :  1.63756e-05
 Reference value :  1.64350e-05
 Reference value :  1.64693e-05
 Reference value :  1.65314e-05
 Reference value :  1.65663e-05
 Reference value :  1.66273e-05
 Reference value :  1.66626e-05
 Reference value :  1.67188e-05
 Reference value :  1.67525e-05
 Reference value :  1.68149e-05
 Reference value :  1.68753e-05
 Reference value :  1.69068e-05
 Reference value :  1.69689e-05
 Reference value :  1.70027e-05
 Reference value :  1.70626e-05
 Reference value :  1.71161e-05
 Reference value :  1.71876e-05
 Reference value :  1.72501e-05
 Reference value :  1.72823e-05
 Reference value :  1.73443e-05
 Reference value :  1.73998e-05
 Reference value :  1.74400e-05
 Reference value :  1.75004e-05
 Reference value :  1.75609e-05
 Reference value :  1.75944e-05
 Reference value :  1.76563e-05
 Reference value :  1.76899e-05
 Reference value :  1.77504e-05
 Reference value :  1.77835e-05
 Reference value :  1.78439e-05
 Reference value :  1.78776e-05
 Reference value :  1.79377e-05
 Reference value :  1.80003e-05
 Reference value :  1.80318e-05
 Reference value :  1.80996e-05
 Reference value :  1.81877e-05
 Reference value :  1.82501e-05
 Reference value :  1.82818e-05
 Reference value :  1.83438e-05
 Reference value :  1.84063e-05
 Reference value :  1.84688e-05
 Reference value :  1.85025e-05
 Reference value :  1.85627e-05
 Reference value :  1.85944e-05
 Reference value :  1.86564e-05
 Reference value :  1.86901e-05
 Reference value :  1.87506e-05
 Reference value :  1.88127e-05
 Reference value :  1.88602e-05
 Reference value :  1.89066e-05
 Reference value :  1.90001e-05
 Reference value :  1.90314e-05
 Reference value :  1.90946e-05
 Reference value :  1.91571e-05
 Reference value :  1.92193e-05
 Reference value :  1.92818e-05
 Reference value :  1.93439e-05
 Reference value :  1.94063e-05
 Reference value :  1.94458e-05
 Reference value :  1.95023e-05
 Reference value :  1.95626e-05
 Reference value :  1.95976e-05
 Reference value :  1.96567e-05
 Reference value :  1.97188e-05
 Reference value :  1.97813e-05
 Reference value :  1.98149e-05
 Reference value :  1.98774e-05
 Reference value :  1.99378e-05
 Reference value :  2.00024e-05
 Reference value :  2.00626e-05
 Reference value :  2.01256e-05
 Reference value :  2.01881e-05
 Reference value :  2.02502e-05
 Reference value :  2.03012e-05
 Reference value :  2.03439e-05
 Reference value :  2.03794e-05
 Reference value :  2.04400e-05
 Reference value :  2.05023e-05
 Reference value :  2.05625e-05
 Reference value :  2.05939e-05
 Reference value :  2.06563e-05
 Reference value :  2.06887e-05
 Reference value :  2.07473e-05
 Reference value :  2.07815e-05
 Reference value :  2.08150e-05
 Reference value :  2.08760e-05
 Reference value :  2.09074e-05
 Reference value :  2.09787e-05
 Reference value :  2.10050e-05
 Reference value :  2.10655e-05
 Reference value :  2.11492e-05
 Reference value :  2.11881e-05
 Reference value :  2.12501e-05
 Reference value :  2.12817e-05
 Reference value :  2.13438e-05
 Reference value :  2.13782e-05
 Reference value :  2.14401e-05
 Reference value :  2.15023e-05
 Reference value :  2.15501e-05
 Reference value :  2.15938e-05
 Reference value :  2.16274e-05
 Reference value :  2.16875e-05
 Reference value :  2.17189e-05
 Reference value :  2.17525e-05
 Reference value :  2.18139e-05
 Reference value :  2.18751e-05
 Reference value :  2.19065e-05
 Reference value :  2.19688e-05
 Reference value :  2.20027e-05
 Reference value :  2.20628e-05
 Reference value :  2.21258e-05
 Reference value :  2.21883e-05
 Reference value :  2.22431e-05
 Reference value :  2.22814e-05
 Reference value :  2.23156e-05
 Reference value :  2.23773e-05
 Reference value :  2.24376e-05
 Reference value :  2.24690e-05
 Reference value :  2.25051e-05
 Reference value :  2.25627e-05
 Reference value :  2.25941e-05
 Reference value :  2.26276e-05
 Reference value :  2.26898e-05
 Reference value :  2.27503e-05
 Reference value :  2.27825e-05
 Reference value :  2.28438e-05
 Reference value :  2.28773e-05
 Reference value :  2.29377e-05
 Reference value :  2.30003e-05
 Reference value :  2.30314e-05
 Reference value :  2.30939e-05
 Reference value :  2.31566e-05
 Reference value :  2.32189e-05
 Reference value :  2.32530e-05
 Reference value :  2.33129e-05
 Reference value :  2.33614e-05
 Reference value :  2.34064e-05
 Reference value :  2.34458e-05
 Reference value :  2.35025e-05
 Reference value :  2.35627e-05
 Reference value :  2.35944e-05
 Reference value :  2.36387e-05
 Reference value :  2.36900e-05
 Reference value :  2.37503e-05
 Reference value :  2.37908e-05
 Reference value :  2.38444e-05
 Reference value :  2.38801e-05
 Reference value :  2.39400e-05
 Reference value :  2.40025e-05
 Reference value :  2.40626e-05
 Reference value :  2.41254e-05
 Reference value :  2.41880e-05
 Reference value :  2.42502e-05
 Reference value :  2.42819e-05
 Reference value :  2.43438e-05
 Reference value :  2.44063e-05
 Reference value :  2.44401e-05
 Reference value :  2.45007e-05
 Reference value :  2.45383e-05
 Reference value :  2.45938e-05
 Reference value :  2.46277e-05
 Reference value :  2.46898e-05
 Reference value :  2.47311e-05
 Reference value :  2.47816e-05
 Reference value :  2.48220e-05
 Reference value :  2.48782e-05
 Reference value :  2.49690e-05
 Reference value :  2.50030e-05
 Reference value :  2.50667e-05
 Reference value :  2.51564e-05
 Reference value :  2.52188e-05
 Reference value :  2.52605e-05
 Reference value :  2.53150e-05
 Reference value :  2.53757e-05
 Reference value :  2.54377e-05
 Reference value :  2.54951e-05
 Reference value :  2.55316e-05
 Reference value :  2.55696e-05
 Reference value :  2.56273e-05
 Reference value :  2.56875e-05
 Reference value :  2.57190e-05
 Reference value :  2.57813e-05
 Reference value :  2.58150e-05
 Reference value :  2.58768e-05
 Reference value :  2.59379e-05
 Reference value :  2.60022e-05
 Reference value :  2.60327e-05
 Reference value :  2.61251e-05
 Reference value :  2.61879e-05
 Reference value :  2.62502e-05
 Reference value :  2.62825e-05
 Reference value :  2.63439e-05
 Reference value :  2.63777e-05
 Reference value :  2.64399e-05
 Reference value :  2.65003e-05
 Reference value :  2.65320e-05
 Reference value :  2.65938e-05
 Reference value :  2.66288e-05
 Reference value :  2.66879e-05
 Reference value :  2.67194e-05
 Reference value :  2.67813e-05
 Reference value :  2.68314e-05
 Reference value :  2.68775e-05
 Reference value :  2.69377e-05
 Reference value :  2.70004e-05
 Reference value :  2.70317e-05
 Reference value :  2.71251e-05
 Reference value :  2.71880e-05
 Reference value :  2.72502e-05
 Reference value :  2.73125e-05
 Reference value :  2.73444e-05
 Reference value :  2.74063e-05
 Reference value :  2.74408e-05
 Reference value :  2.75006e-05
 Reference value :  2.75399e-05
 Reference value :  2.75939e-05
 Reference value :  2.76404e-05
 Reference value :  2.76888e-05
 Reference value :  2.77405e-05
 Reference value :  2.77816e-05
 Reference value :  2.78438e-05
 Reference value :  2.78777e-05
 Reference value :  2.79604e-05
 Reference value :  2.80026e-05
 Reference value :  2.80628e-05
 Reference value :  2.81395e-05
 Reference value :  2.81900e-05
 Reference value :  2.82527e-05
 Reference value :  2.83126e-05
 Reference value :  2.83443e-05
 Reference value :  2.84064e-05
 Reference value :  2.84688e-05
 Reference value :  2.85026e-05
 Reference value :  2.85629e-05
 Reference value :  2.85953e-05
 Reference value :  2.86564e-05
 Reference value :  2.87188e-05
 Reference value :  2.87526e-05
 Reference value :  2.88129e-05
 Reference value :  2.88448e-05
 Reference value :  2.89063e-05
 Reference value :  2.89688e-05
 Reference value :  2.90027e-05
 Reference value :  2.90630e-05
 Reference value :  2.91535e-05
 Reference value :  2.91901e-05
 Reference value :  2.92529e-05
 Reference value :  2.93131e-05
 Reference value :  2.93752e-05
 Reference value :  2.94081e-05
 Reference value :  2.94689e-05
 Reference value :  2.95035e-05
 Reference value :  2.95650e-05
 Reference value :  2.96255e-05
 Reference value :  2.96571e-05
 Reference value :  2.97188e-05
 Reference value :  2.97523e-05
 Reference value :  2.98127e-05
 Reference value :  2.98478e-05
 Reference value :  2.99064e-05
 Reference value :  2.99693e-05
 Reference value :  3.00126e-05
 Reference value :  3.00938e-05
 Reference value :  3.01567e-05
 Reference value :  3.02190e-05
 Reference value :  3.02813e-05
 Reference value :  3.03151e-05
 Reference value :  3.03773e-05
 Reference value :  3.04376e-05
 Reference value :  3.04691e-05
 Reference value :  3.05084e-05
 Reference value :  3.05650e-05
 Reference value :  3.06252e-05
 Reference value :  3.06569e-05
 Reference value :  3.07188e-05
 Reference value :  3.07526e-05
 Reference value :  3.08130e-05
 Reference value :  3.08452e-05
 Reference value :  3.09064e-05
 Reference value :  3.09689e-05
 Reference value :  3.10030e-05
 Reference value :  3.10723e-05
 Reference value :  3.11564e-05
 Reference value :  3.12161e-05
 Reference value :  3.12531e-05
 Reference value :  3.13131e-05
 Reference value :  3.13751e-05
 Reference value :  3.14066e-05
 Reference value :  3.14418e-05
 Reference value :  3.15007e-05
 Reference value :  3.15625e-05
 Reference value :  3.15941e-05
 Reference value :  3.16563e-05
 Reference value :  3.16899e-05
 Reference value :  3.17503e-05
 Reference value :  3.17820e-05
 Reference value :  3.18438e-05
 Reference value :  3.18776e-05
 Reference value :  3.19381e-05
 Reference value :  3.20011e-05
 Reference value :  3.20321e-05
 Reference value :  3.21236e-05
 Reference value :  3.21876e-05
 Reference value :  3.22257e-05
 Reference value :  3.22815e-05
 Reference value :  3.23164e-05
 Reference value :  3.23775e-05
 Reference value :  3.24377e-05
 Reference value :  3.24693e-05
 Reference value :  3.25313e-05
 Reference value :  3.25650e-05
 Reference value :  3.26251e-05
 Reference value :  3.26567e-05
 Reference value :  3.26903e-05
 Reference value :  3.27505e-05
 Reference value :  3.27822e-05
 Reference value :  3.28439e-05
 Reference value :  3.28775e-05
 Reference value :  3.29377e-05
 Reference value :  3.30003e-05
 Reference value :  3.30315e-05
 Reference value :  3.30965e-05
 Reference value :  3.31876e-05
 Reference value :  3.32202e-05
 Reference value :  3.32817e-05
 Reference value :  3.33203e-05
 Reference value :  3.33775e-05
 Reference value :  3.34377e-05
 Reference value :  3.34696e-05
 Reference value :  3.35313e-05
 Reference value :  3.35702e-05
 Reference value :  3.36275e-05
 Reference value :  3.36882e-05
 Reference value :  3.37501e-05
 Reference value :  3.37820e-05
 Reference value :  3.38438e-05
 Reference value :  3.38775e-05
 Reference value :  3.39376e-05
 Reference value :  3.40001e-05
 Reference value :  3.40314e-05
 Reference value :  3.40940e-05
 Reference value :  3.41571e-05
 Reference value :  3.42190e-05
 Reference value :  3.42813e-05
 Reference value :  3.43151e-05
 Reference value :  3.43754e-05
 Reference value :  3.44068e-05
 Reference value :  3.44421e-05
 Reference value :  3.45024e-05
 Reference value :  3.45626e-05
 Reference value :  3.45941e-05
 Reference value :  3.46292e-05
 Reference value :  3.46899e-05
 Reference value :  3.47501e-05
 Reference value :  3.47819e-05
 Reference value :  3.48438e-05
 Reference value :  3.48774e-05
 Reference value :  3.49378e-05
 Reference value :  3.50005e-05
 Reference value :  3.50321e-05
 Reference value :  3.51251e-05
 Reference value :  3.51877e-05
 Reference value :  3.52501e-05
 Reference value :  3.52818e-05
 Reference value :  3.53228e-05
 Reference value :  3.53761e-05
 Reference value :  3.54375e-05
 Reference value :  3.54690e-05
 Reference value :  3.55033e-05
 Reference value :  3.55631e-05
 Reference value :  3.55948e-05
 Reference value :  3.56563e-05
 Reference value :  3.56900e-05
 Reference value :  3.57505e-05
 Reference value :  3.58126e-05
 Reference value :  3.58444e-05
 Reference value :  3.59063e-05
 Reference value :  3.59688e-05
 Reference value :  3.60028e-05
 Reference value :  3.60632e-05
 Reference value :  3.61492e-05
 Reference value :  3.61901e-05
 Reference value :  3.62528e-05
 Reference value :  3.63127e-05
 Reference value :  3.63443e-05
 Reference value :  3.63831e-05
 Reference value :  3.64382e-05
 Reference value :  3.65000e-05
 Reference value :  3.65315e-05
 Reference value :  3.65865e-05
 Reference value :  3.66276e-05
 Reference value :  3.66887e-05
 Reference value :  3.67501e-05
 Reference value :  3.67819e-05
 Reference value :  3.68438e-05
 Reference value :  3.68777e-05
 Reference value :  3.69380e-05
 Reference value :  3.70013e-05
 Reference value :  3.70320e-05
 Reference value :  3.71250e-05
 Reference value :  3.71880e-05
 Reference value :  3.72501e-05
 Reference value :  3.72819e-05
 Reference value :  3.73438e-05
 Reference value :  3.73774e-05
 Reference value :  3.74377e-05
 Reference value :  3.74697e-05
 Reference value :  3.75314e-05
 Reference value :  3.75650e-05
 Reference value :  3.76252e-05
 Reference value :  3.76569e-05
 Reference value :  3.77188e-05
 Reference value :  3.77523e-05
 Reference value :  3.78125e-05
 Reference value :  3.78442e-05
 Reference value :  3.78779e-05
 Reference value :  3.79383e-05
 Reference value :  3.80023e-05
 Reference value :  3.80321e-05
 Reference value :  3.80944e-05
 Reference value :  3.81568e-05
 Reference value :  3.82190e-05
 Reference value :  3.82813e-05
 Reference value :  3.83150e-05
 Reference value :  3.83758e-05
 Reference value :  3.84381e-05
 Reference value :  3.85023e-05
 Reference value :  3.85542e-05
 Reference value :  3.85939e-05
 Reference value :  3.86276e-05
 Reference value :  3.86886e-05
 Reference value :  3.87500e-05
 Reference value :  3.87817e-05
 Reference value :  3.88438e-05
 Reference value :  3.88774e-05
 Reference value :  3.89376e-05
 Reference value :  3.90001e-05
 Reference value :  3.90314e-05
 Reference value :  3.90938e-05
 Reference value :  3.91563e-05
 Reference value :  3.91901e-05
 Reference value :  3.92528e-05
 Reference value :  3.93130e-05
 Reference value :  3.93487e-05
 Reference value :  3.94064e-05
 Reference value :  3.94547e-05
 Reference value :  3.95026e-05
 Reference value :  3.95648e-05
 Reference value :  3.96251e-05
 Reference value :  3.96569e-05
 Reference value :  3.97188e-05
 Reference value :  3.97524e-05
 Reference value :  3.98130e-05
 Reference value :  3.98751e-05
 Reference value :  3.99065e-05
 Reference value :  3.99690e-05
 Reference value :  4.00029e-05
 Reference value :  4.00634e-05
 Reference value :  4.01256e-05
 Reference value :  4.01889e-05
 Reference value :  4.02510e-05
 Reference value :  4.03128e-05
 Reference value :  4.03445e-05
 Reference value :  4.04063e-05
 Reference value :  4.04407e-05
 Reference value :  4.05012e-05
 Reference value :  4.05535e-05
 Reference value :  4.05939e-05
 Reference value :  4.06392e-05
 Reference value :  4.06881e-05
 Reference value :  4.07198e-05
 Reference value :  4.07813e-05
 Reference value :  4.08151e-05
 Reference value :  4.08773e-05
 Reference value :  4.09376e-05
 Reference value :  4.10007e-05
 Reference value :  4.10317e-05
 Reference value :  4.10946e-05
 Reference value :  4.11607e-05
 Reference value :  4.12193e-05
 Reference value :  4.12815e-05
 Reference value :  4.13438e-05
 Reference value :  4.13773e-05
 Reference value :  4.14377e-05
 Reference value :  4.14693e-05
 Reference value :  4.15086e-05
 Reference value :  4.15649e-05
 Reference value :  4.16251e-05
 Reference value :  4.16570e-05
 Reference value :  4.17189e-05
 Reference value :  4.17525e-05
 Reference value :  4.18129e-05
 Reference value :  4.18448e-05
 Reference value :  4.19023e-05
 Reference value :  4.19688e-05
 Reference value :  4.20026e-05
 Reference value :  4.20626e-05
 Reference value :  4.21252e-05
 Reference value :  4.21884e-05
 Reference value :  4.22504e-05
 Reference value :  4.23127e-05
 Reference value :  4.23443e-05
 Reference value :  4.23797e-05
 Reference value :  4.24384e-05
 Reference value :  4.24849e-05
 Reference value :  4.25314e-05
 Reference value :  4.25716e-05
 Reference value :  4.26266e-05
 Reference value :  4.26625e-05
 Reference value :  4.27189e-05
 Reference value :  4.27615e-05
 Reference value :  4.28136e-05
 Reference value :  4.28751e-05
 Reference value :  4.29064e-05
 Reference value :  4.29692e-05
 Reference value :  4.30030e-05
 Reference value :  4.30664e-05
 Reference value :  4.31258e-05
 Reference value :  4.31900e-05
 Reference value :  4.32513e-05
 Reference value :  4.33128e-05
 Reference value :  4.33447e-05
 Reference value :  4.34063e-05
 Reference value :  4.34400e-05
 Reference value :  4.35001e-05
 Reference value :  4.35315e-05
 Reference value :  4.35654e-05
 Reference value :  4.36274e-05
 Reference value :  4.36878e-05
 Reference value :  4.37500e-05
 Reference value :  4.37820e-05
 Reference value :  4.38439e-05
 Reference value :  4.38775e-05
 Reference value :  4.39377e-05
 Reference value :  4.40002e-05
 Reference value :  4.40314e-05
 Reference value :  4.40941e-05
 Reference value :  4.41565e-05
 Reference value :  4.42189e-05
 Reference value :  4.42813e-05
 Reference value :  4.43154e-05
 Reference value :  4.43754e-05
 Reference value :  4.44072e-05
 Reference value :  4.44688e-05
 Reference value :  4.45036e-05
 Reference value :  4.45648e-05
 Reference value :  4.46250e-05
 Reference value :  4.46565e-05
 Reference value :  4.46902e-05
 Reference value :  4.47505e-05
 Reference value :  4.48125e-05
 Reference value :  4.48444e-05
 Reference value :  4.48838e-05
 Reference value :  4.49688e-05
 Reference value :  4.50026e-05
 Reference value :  4.50627e-05
 Reference value :  4.51252e-05
 Reference value :  4.51881e-05
 Reference value :  4.52502e-05
 Reference value :  4.53125e-05
 Reference value :  4.53440e-05
 Reference value :  4.53983e-05
 Reference value :  4.54398e-05
 Reference value :  4.55002e-05
 Reference value :  4.55320e-05
 Reference value :  4.55939e-05
 Reference value :  4.56284e-05
 Reference value :  4.56880e-05
 Reference value :  4.57500e-05
 Reference value :  4.57817e-05
 Reference value :  4.58438e-05
 Reference value :  4.58777e-05
 Reference value :  4.59382e-05
 Reference value :  4.60023e-05
 Reference value :  4.60319e-05
 Reference value :  4.60945e-05
 Reference value :  4.61633e-05
 Reference value :  4.62194e-05
 Reference value :  4.62814e-05
 Reference value :  4.63330e-05
 Reference value :  4.63775e-05
 Reference value :  4.64378e-05
 Reference value :  4.64694e-05
 Reference value :  4.65313e-05
 Reference value :  4.65651e-05
 Reference value :  4.66256e-05
 Reference value :  4.66573e-05
 Reference value :  4.67188e-05
 Reference value :  4.67525e-05
 Reference value :  4.68130e-05
 Reference value :  4.68450e-05
 Reference value :  4.69063e-05
 Reference value :  4.69688e-05
 Reference value :  4.70026e-05
 Reference value :  4.70627e-05
 Reference value :  4.71252e-05
 Reference value :  4.71879e-05
 Reference value :  4.72503e-05
 Reference value :  4.73126e-05
 Reference value :  4.73460e-05
 Reference value :  4.74063e-05
 Reference value :  4.74401e-05
 Reference value :  4.75002e-05
 Reference value :  4.75319e-05
 Reference value :  4.75938e-05
 Reference value :  4.76273e-05
 Reference value :  4.76876e-05
 Reference value :  4.77194e-05
 Reference value :  4.77571e-05
 Reference value :  4.78150e-05
 Reference value :  4.78761e-05
 Reference value :  4.79376e-05
 Reference value :  4.80002e-05
 Reference value :  4.80313e-05
 Reference value :  4.80941e-05
 Reference value :  4.81565e-05
 Reference value :  4.82188e-05
 Reference value :  4.82617e-05
 Reference value :  4.83150e-05
 Reference value :  4.83756e-05
 Reference value :  4.84070e-05
 Reference value :  4.84688e-05
 Reference value :  4.85026e-05
 Reference value :  4.85639e-05
 Reference value :  4.86251e-05
 Reference value :  4.86570e-05
 Reference value :  4.87094e-05
 Reference value :  4.87516e-05
 Reference value :  4.88127e-05
 Reference value :  4.88547e-05
 Reference value :  4.89065e-05
 Reference value :  4.89695e-05
 Reference value :  4.90085e-05
 Reference value :  4.90939e-05
 Reference value :  4.91563e-05
 Reference value :  4.92015e-05
 Reference value :  4.92530e-05
 Reference value :  4.93149e-05
 Reference value :  4.93756e-05
 Reference value :  4.94105e-05
 Reference value :  4.94689e-05
 Reference value :  4.95029e-05
 Reference value :  4.95638e-05
 Reference value :  4.95951e-05
 Reference value :  4.96563e-05
 Reference value :  4.96900e-05
 Reference value :  4.97505e-05
 Reference value :  4.98126e-05
 Reference value :  4.98445e-05
 Reference value :  4.99012e-05
 Reference value :  4.99688e-05
 Reference value :  5.00028e-05
 Reference value :  5.00627e-05
 Reference value :  5.01252e-05
 Reference value :  5.01879e-05
 Reference value :  5.02501e-05
 Reference value :  5.02826e-05
 Reference value :  5.03439e-05
 Reference value :  5.03816e-05
 Reference value :  5.04400e-05
 Reference value :  5.05002e-05
 Reference value :  5.05320e-05
 Reference value :  5.05938e-05
 Reference value :  5.06273e-05
 Reference value :  5.06876e-05
 Reference value :  5.07191e-05
 Reference value :  5.07569e-05
 Reference value :  5.08150e-05
 Reference value :  5.08752e-05
 Reference value :  5.09181e-05
 Reference value :  5.10000e-05
 Reference value :  5.10313e-05
 Reference value :  5.10941e-05
 Reference value :  5.11564e-05
 Reference value :  5.12120e-05
 Reference value :  5.12529e-05
 Reference value :  5.13132e-05
 Reference value :  5.13751e-05
 Reference value :  5.14069e-05
 Reference value :  5.14688e-05
 Reference value :  5.15025e-05
 Reference value :  5.15627e-05
 Reference value :  5.15942e-05
 Reference value :  5.16563e-05
 Reference value :  5.16908e-05
 Reference value :  5.17523e-05
 Reference value :  5.18126e-05
 Reference value :  5.18446e-05
 Reference value :  5.19063e-05
 Reference value :  5.19688e-05
 Reference value :  5.20027e-05
 Reference value :  5.20626e-05
 Reference value :  5.21255e-05
 Reference value :  5.21878e-05
 Reference value :  5.22501e-05
 Reference value :  5.22817e-05
 Reference value :  5.23438e-05
 Reference value :  5.23778e-05
 Reference value :  5.24400e-05
 Reference value :  5.25003e-05
 Reference value :  5.25322e-05
 Reference value :  5.25938e-05
 Reference value :  5.26275e-05
 Reference value :  5.26879e-05
 Reference value :  5.27217e-05
 Reference value :  5.27814e-05
 Reference value :  5.28151e-05
 Reference value :  5.28773e-05
 Reference value :  5.29375e-05
 Reference value :  5.30002e-05
 Reference value :  5.30314e-05
 Reference value :  5.30959e-05
 Reference value :  5.31571e-05
 Reference value :  5.32188e-05
 Reference value :  5.32535e-05
 Reference value :  5.33150e-05
 Reference value :  5.33758e-05
 Reference value :  5.34377e-05
 Reference value :  5.34690e-05
 Reference value :  5.35313e-05
 Reference value :  5.35650e-05
 Reference value :  5.36251e-05
 Reference value :  5.36567e-05
 Reference value :  5.36904e-05
 Reference value :  5.37506e-05
 Reference value :  5.38125e-05
 Reference value :  5.38443e-05
 Reference value :  5.38820e-05
 Reference value :  5.39383e-05
 Reference value :  5.40023e-05
 Reference value :  5.40319e-05
 Reference value :  5.41116e-05
 Reference value :  5.41876e-05
 Reference value :  5.42194e-05
 Reference value :  5.42813e-05
 Reference value :  5.43152e-05
 Reference value :  5.43772e-05
 Reference value :  5.44379e-05
 Reference value :  5.44706e-05
 Reference value :  5.45314e-05
 Reference value :  5.45649e-05
 Reference value :  5.46252e-05
 Reference value :  5.46574e-05
 Reference value :  5.47189e-05
 Reference value :  5.47539e-05
 Reference value :  5.48131e-05
 Reference value :  5.48750e-05
 Reference value :  5.49066e-05
 Reference value :  5.49689e-05
 Reference value :  5.50030e-05
 Reference value :  5.50635e-05
 Reference value :  5.51532e-05
 Reference value :  5.51902e-05
 Reference value :  5.52505e-05
 Reference value :  5.53125e-05
 Reference value :  5.53441e-05
 Reference value :  5.53945e-05
 Reference value :  5.54400e-05
 Reference value :  5.55004e-05
 Reference value :  5.55320e-05
 Reference value :  5.55938e-05
 Reference value :  5.56273e-05
 Reference value :  5.56877e-05
 Reference value :  5.57205e-05
 Reference value :  5.57814e-05
 Reference value :  5.58280e-05
 Reference value :  5.58760e-05
 Reference value :  5.59376e-05
 Reference value :  5.60001e-05
 Reference value :  5.60313e-05
 Reference value :  5.60939e-05
 Reference value :  5.61565e-05
 Reference value :  5.62188e-05
 Reference value :  5.62532e-05
 Reference value :  5.63132e-05
 Reference value :  5.63751e-05
 Reference value :  5.64068e-05
 Reference value :  5.64688e-05
 Reference value :  5.65025e-05
 Reference value :  5.65626e-05
 Reference value :  5.65940e-05
 Reference value :  5.66279e-05
 Reference value :  5.66898e-05
 Reference value :  5.67347e-05
 Reference value :  5.67815e-05
 Reference value :  5.68151e-05
 Reference value :  5.68773e-05
 Reference value :  5.69377e-05
 Reference value :  5.70003e-05
 Reference value :  5.70315e-05
 Reference value :  5.70947e-05
 Reference value :  5.71828e-05
 Reference value :  5.72195e-05
 Reference value :  5.72814e-05
 Reference value :  5.73150e-05
 Reference value :  5.73773e-05
 Reference value :  5.74377e-05
 Reference value :  5.74701e-05
 Reference value :  5.75314e-05
 Reference value :  5.75651e-05
 Reference value :  5.76252e-05
 Reference value :  5.76569e-05
 Reference value :  5.77008e-05
 Reference value :  5.77508e-05
 Reference value :  5.78096e-05
 Reference value :  5.78445e-05
 Reference value :  5.78829e-05
 Reference value :  5.79381e-05
 Reference value :  5.80004e-05
 Reference value :  5.80314e-05
 Reference value :  5.80941e-05
 Reference value :  5.81653e-05
 Reference value :  5.82191e-05
 Reference value :  5.82813e-05
 Reference value :  5.83151e-05
 Reference value :  5.83773e-05
 Reference value :  5.84378e-05
 Reference value :  5.84700e-05
 Reference value :  5.85313e-05
 Reference value :  5.85650e-05
 Reference value :  5.86253e-05
 Reference value :  5.86575e-05
 Reference value :  5.87189e-05
 Reference value :  5.87526e-05
 Reference value :  5.88132e-05
 Reference value :  5.88752e-05
 Reference value :  5.89073e-05
 Reference value :  5.89883e-05
 Reference value :  5.90271e-05
 Reference value :  5.90939e-05
 Reference value :  5.91565e-05
 Reference value :  5.92176e-05
 Reference value :  5.92529e-05
 Reference value :  5.93128e-05
 Reference value :  5.93751e-05
 Reference value :  5.94068e-05
 Reference value :  5.94688e-05
 Reference value :  5.95024e-05
 Reference value :  5.95626e-05
 Reference value :  5.95940e-05
 Reference value :  5.96563e-05
 Reference value :  5.96899e-05
 Reference value :  5.97502e-05
 Reference value :  5.97820e-05
 Reference value :  5.98439e-05
 Reference value :  5.98788e-05
 Reference value :  5.99400e-05
 Reference value :  6.00024e-05
 Reference value :  6.00625e-05
 Reference value :  6.01252e-05
 Reference value :  6.01883e-05
 Reference value :  6.02503e-05
 Reference value :  6.02823e-05
 Reference value :  6.03438e-05
 Reference value :  6.03787e-05
 Reference value :  6.04400e-05
 Reference value :  6.05001e-05
 Reference value :  6.05317e-05
 Reference value :  6.05652e-05
 Reference value :  6.06254e-05
 Reference value :  6.06631e-05
 Reference value :  6.07189e-05
 Reference value :  6.07568e-05
 Reference value :  6.08131e-05
 Reference value :  6.08621e-05
 Reference value :  6.09064e-05
 Reference value :  6.09688e-05
 Reference value :  6.10026e-05
 Reference value :  6.10629e-05
 Reference value :  6.11260e-05
 Reference value :  6.11899e-05
 Reference value :  6.12506e-05
 Reference value :  6.12966e-05
 Reference value :  6.13439e-05
 Reference value :  6.13816e-05
 Reference value :  6.14400e-05
 Reference value :  6.15002e-05
 Reference value :  6.15339e-05
 Reference value :  6.15940e-05
 Reference value :  6.16539e-05
 Reference value :  6.16884e-05
 Reference value :  6.17431e-05
 Reference value :  6.17817e-05
 Reference value :  6.18156e-05
 Reference value :  6.18756e-05
 Reference value :  6.19072e-05
 Reference value :  6.19697e-05
 Reference value :  6.20033e-05
 Reference value :  6.20938e-05
 Reference value :  6.21564e-05
 Reference value :  6.22169e-05
 Reference value :  6.22530e-05
 Reference value :  6.23129e-05
 Reference value :  6.23750e-05
 Reference value :  6.24064e-05
 Reference value :  6.24401e-05
 Reference value :  6.25005e-05
 Reference value :  6.25625e-05
 Reference value :  6.25940e-05
 Reference value :  6.26277e-05
 Reference value :  6.26878e-05
 Reference value :  6.27195e-05
 Reference value :  6.27813e-05
 Reference value :  6.28150e-05
 Reference value :  6.28755e-05
 Reference value :  6.29072e-05
 Reference value :  6.29744e-05
 Reference value :  6.30192e-05
 Reference value :  6.30938e-05
 Reference value :  6.31564e-05
 Reference value :  6.32188e-05
 Reference value :  6.32530e-05
 Reference value :  6.33127e-05
 Reference value :  6.33461e-05
 Reference value :  6.34063e-05
 Reference value :  6.34401e-05
 Reference value :  6.35002e-05
 Reference value :  6.35318e-05
 Reference value :  6.35738e-05
 Reference value :  6.36275e-05
 Reference value :  6.36876e-05
 Reference value :  6.37191e-05
 Reference value :  6.37813e-05
 Reference value :  6.38150e-05
 Reference value :  6.38752e-05
 Reference value :  6.39072e-05
 Reference value :  6.39702e-05
 Reference value :  6.40166e-05
 Reference value :  6.40939e-05
 Reference value :  6.41569e-05
 Reference value :  6.42190e-05
 Reference value :  6.42813e-05
 Reference value :  6.43150e-05
 Reference value :  6.43754e-05
 Reference value :  6.44069e-05
 Reference value :  6.44635e-05
 Reference value :  6.45026e-05
 Reference value :  6.45627e-05
 Reference value :  6.45943e-05
 Reference value :  6.46416e-05
 Reference value :  6.46885e-05
 Reference value :  6.47454e-05
 Reference value :  6.47817e-05
 Reference value :  6.48438e-05
 Reference value :  6.48776e-05
 Reference value :  6.49378e-05
 Reference value :  6.50006e-05
 Reference value :  6.50318e-05
 Reference value :  6.51101e-05
 Reference value :  6.51876e-05
 Reference value :  6.52500e-05
 Reference value :  6.52818e-05
 Reference value :  6.53268e-05
 Reference value :  6.53775e-05
 Reference value :  6.54379e-05
 Reference value :  6.54900e-05
 Reference value :  6.55314e-05
 Reference value :  6.55809e-05
 Reference value :  6.56276e-05
 Reference value :  6.56882e-05
 Reference value :  6.57501e-05
 Reference value :  6.57819e-05
 Reference value :  6.58438e-05
 Reference value :  6.58776e-05
 Reference value :  6.59385e-05
No. of Data Rows : 165747
s000                =  7.29000e+02
s001                =  3.35000e+02
s002                =  6.42000e+02
s003                =  4.26000e+02
s004                =  5.50000e+02
s005                =  5.19000e+02
s006                =  4.57000e+02
s007                =  6.13000e+02
s008                =  3.65000e+02
s009                =  7.03000e+02
s010                =  2.79000e+02
s011                =  7.84000e+02
s012                =  2.02000e+02
s013                =  8.56000e+02
s014                =  1.37000e+02
s015                =  9.14000e+02
s016                =  8.60000e+01
s017                =  9.56000e+02
s018                =  5.10000e+01
s019                =  9.82000e+02
s020                =  3.40000e+01
s021                =  9.90000e+02
s022                =  3.60000e+01
s023                =  9.79000e+02
s024                =  5.50000e+01
s025                =  9.51000e+02
s026                =  9.30000e+01
s027                =  9.05000e+02
s028                =  1.46000e+02
s029                =  8.44000e+02
s030                =  2.13000e+02
s031                =  7.70000e+02
s032                =  2.92000e+02
s033                =  6.87000e+02
s034                =  3.80000e+02
s035                =  5.97000e+02
s036                =  4.73000e+02
s037                =  5.04000e+02
s038                =  5.67000e+02
s039                =  4.10000e+02
s040                =  6.59000e+02
s041                =  3.21000e+02
s042                =  7.45000e+02
s043                =  2.40000e+02
s044                =  8.22000e+02
s045                =  1.68000e+02
s046                =  8.87000e+02
s047                =  1.10000e+02
s048                =  9.37000e+02
s049                =  6.70000e+01
s050                =  9.72000e+02
s051                =  4.10000e+01
s052                =  9.88000e+02
s053                =  3.30000e+01
s054                =  9.87000e+02
s055                =  4.30000e+01
s056                =  9.67000e+02
s057                =  7.20000e+01
s058                =  9.30000e+02
s059                =  1.17000e+02
s060                =  8.76000e+02
s061                =  1.78000e+02
s062                =  8.08000e+02
s063                =  2.52000e+02
cmax                =  9.90000e+02 at=  2.49396e-05
cmin                =  3.30000e+01 at=  5.69397e-05
d000                =  2.62979e+02 at=  2.50015e-06
d008                =  6.27566e+02 at=  1.07814e-05
d016                =  8.52632e+02 at=  1.88751e-05
d024                =  6.01727e+02 at=  2.68751e-05
d032                =  2.61803e+02 at=  3.45001e-05
d040                =  6.28351e+02 at=  4.27813e-05
d048                =  8.52952e+02 at=  5.08751e-05
d056                =  6.01190e+02 at=  5.88751e-05
vrefhi              =  3.30162e+00 at=  6.50885e-05
vreflo              =  3.29850e+00 at=  6.60000e-05
m_code_s000 = 7.2900000000e+02
m_code_s001 = 3.3500000000e+02
m_code_s002 = 6.4200000000e+02
m_code_s003 = 4.2600000000e+02
m_code_s004 = 5.5000000000e+02
m_code_s005 = 5.1900000000e+02
m_code_s006 = 4.5700000000e+02
m_code_s007 = 6.1300000000e+02
m_code_s008 = 3.6500000000e+02
m_code_s009 = 7.0300000000e+02
m_code_s010 = 2.7900000000e+02
m_code_s011 = 7.8400000000e+02
m_code_s012 = 2.0200000000e+02
m_code_s013 = 8.5600000000e+02
m_code_s014 = 1.3700000000e+02
m_code_s015 = 9.1400000000e+02
m_code_s016 = 8.6000000000e+01
m_code_s017 = 9.5600000000e+02
m_code_s018 = 5.1000000000e+01
m_code_s019 = 9.8200000000e+02
m_code_s020 = 3.4000000000e+01
m_code_s021 = 9.9000000000e+02
m_code_s022 = 3.6000000000e+01
m_code_s023 = 9.7900000000e+02
m_code_s024 = 5.5000000000e+01
m_code_s025 = 9.5100000000e+02
m_code_s026 = 9.3000000000e+01
m_code_s027 = 9.0500000000e+02
m_code_s028 = 1.4600000000e+02
m_code_s029 = 8.4400000000e+02
m_code_s030 = 2.1300000000e+02
m_code_s031 = 7.7000000000e+02
m_code_s032 = 2.9200000000e+02
m_code_s033 = 6.8700000000e+02
m_code_s034 = 3.8000000000e+02
m_code_s035 = 5.9700000000e+02
m_code_s036 = 4.7300000000e+02
m_code_s037 = 5.0400000000e+02
m_code_s038 = 5.6700000000e+02
m_code_s039 = 4.1000000000e+02
m_code_s040 = 6.5900000000e+02
m_code_s041 = 3.2100000000e+02
m_code_s042 = 7.4500000000e+02
m_code_s043 = 2.4000000000e+02
m_code_s044 = 8.2200000000e+02
m_code_s045 = 1.6800000000e+02
m_code_s046 = 8.8700000000e+02
m_code_s047 = 1.1000000000e+02
m_code_s048 = 9.3700000000e+02
m_code_s049 = 6.7000000000e+01
m_code_s050 = 9.7200000000e+02
m_code_s051 = 4.1000000000e+01
m_code_s052 = 9.8800000000e+02
m_code_s053 = 3.3000000000e+01
m_code_s054 = 9.8700000000e+02
m_code_s055 = 4.3000000000e+01
m_code_s056 = 9.6700000000e+02
m_code_s057 = 7.2000000000e+01
m_code_s058 = 9.3000000000e+02
m_code_s059 = 1.1700000000e+02
m_code_s060 = 8.7600000000e+02
m_code_s061 = 1.7800000000e+02
m_code_s062 = 8.0800000000e+02
m_code_s063 = 2.5200000000e+02
m_decerr_c000_lsb = 2.6297870000e+02
m_decerr_c008_lsb = 6.2756600000e+02
m_decerr_c016_lsb = 8.5263150000e+02
m_decerr_c024_lsb = 6.0172680000e+02
m_decerr_c032_lsb = 2.6180270000e+02
m_decerr_c040_lsb = 6.2835060000e+02
m_decerr_c048_lsb = 8.5295170000e+02
m_decerr_c056_lsb = 6.0118980000e+02
m_code_max = 9.9000000000e+02
m_code_min = 3.3000000000e+01
m_vref_droop_mv = 3.1200000000e+00
Note: Simulation executed from .control section 

Warning: m=xx on .subckt line will override multiplier m hierarchy!

Note: Starting dynamic gmin stepping
Note: Dynamic gmin stepping completed
