
Note: No compatibility mode selected!


Circuit: * comparator-regeneration @ ff_-40c_3.63v -- generated by sim/harness, do not edit

Doing analysis at TEMP = -40.000000 and TNOM = 27.000000

Using SPARSE 1.3 as Direct Linear Solver

Initial Transient Solution
--------------------------

Node                                   Voltage
----                                   -------
vdd                                       3.63
vdda                                      3.63
clk                                          0
cm                                        1.65
vda                                 -0.0016113
apa                                    1.64919
ana                                    1.65081
ibna                                   0.69564
xa.xpre.ptail                         0.801948
xa.pon                                 2.93246
xa.preamp_in1                          1.64919
xa.pop                                  2.9049
xa.preamp_in2                          1.65081
xa.xpre.xrlp.11                        3.62977
xa.xpre.xrlp.21                        2.90513
xa.xpre.xrln.11                        3.62978
xa.xpre.xrln.21                        2.93268
xa.xlat.ltail                          2.18072
xa.xlat.dip                               3.63
xa.xlat.din                               3.63
xa.outn                                   3.63
xa.outp                                   3.63
xa.sset                            5.67988e-09
xa.srst                            5.67988e-09
xa.xno1.ps                                3.63
douta                              2.03443e-09
doutba                                    3.63
xa.xno2.ps                                3.63
vdd_                                      -0.1
apd                                        1.6
and                                        1.7
ibnd                                   0.69564
xd.xpre.ptail                         0.819608
xd.pon                                  3.5358
xd.preamp_in1                              1.6
xd.pop                                 2.30083
xd.preamp_in2                              1.7
xd.xpre.xrlp.11                        3.62958
xd.xpre.xrlp.21                        2.30125
xd.xpre.xrln.11                        3.62997
xd.xpre.xrln.21                        3.53583
xd.xlat.ltail                          2.68931
xd.xlat.dip                               3.63
xd.xlat.din                               3.63
xd.outn                                   3.63
xd.outp                                   3.63
xd.sset                            5.67988e-09
xd.srst                            5.67988e-09
xd.xno1.ps                                3.63
doutd                              2.03443e-09
doutbd                                    3.63
xd.xno2.ps                                3.63
vde                                    -0.0001
ape                                    1.64995
ane                                    1.65005
ibne                                   0.69564
xe.xpre.ptail                         0.801943
xe.pon                                 2.91953
xe.preamp_in1                          1.64995
xe.pop                                 2.91782
xe.preamp_in2                          1.65005
xe.xpre.xrlp.11                        3.62978
xe.xpre.xrlp.21                        2.91805
xe.xpre.xrln.11                        3.62978
xe.xpre.xrln.21                        2.91976
xe.xlat.ltail                          2.17761
xe.xlat.dip                               3.63
xe.xlat.din                               3.63
xe.outn                                   3.63
xe.outp                                   3.63
xe.sset                            5.67988e-09
xe.srst                            5.67988e-09
xe.xno1.ps                                3.63
doute                              2.03443e-09
doutbe                                    3.63
xe.xno2.ps                                3.63
clkn                                         0
dan                                 5.6045e-10
ddn                                 5.6045e-10
den                                 5.6045e-10
bden#branch                                  0
bddn#branch                                  0
bdan#branch                                  0
bclkn#branch                                 0
eane#branch                                  0
eape#branch                                  0
eand#branch                                  0
eapd#branch                                  0
eana#branch                                  0
eapa#branch                                  0
v.xe.vpn#branch                              0
v.xe.vpp#branch                              0
vde#branch                                   0
v.xd.vpn#branch                              0
v.xd.vpp#branch                              0
vdd_#branch                                  0
v.xa.vpn#branch                              0
v.xa.vpp#branch                              0
vda#branch                                   0
vcmn#branch                                  0
vclk#branch                                  0
vsupa#branch                      -2.00372e-05
vsup#branch                       -4.00795e-05

 Reference value :  0.00000e+00
 Reference value :  4.00000e-11
 Reference value :  3.20000e-10
 Reference value :  3.28000e-09
 Reference value :  7.28000e-09
 Reference value :  1.00200e-08
 Reference value :  1.01043e-08
 Reference value :  1.01443e-08
 Reference value :  1.02000e-08
 Reference value :  1.02242e-08
 Reference value :  1.02476e-08
 Reference value :  1.03074e-08
 Reference value :  1.03349e-08
 Reference value :  1.04086e-08
 Reference value :  1.05142e-08
 Reference value :  1.06431e-08
 Reference value :  1.09447e-08
 Reference value :  1.21513e-08
 Reference value :  1.41513e-08
 Reference value :  1.61513e-08
 Reference value :  1.81513e-08
 Reference value :  2.01513e-08
 Reference value :  2.21513e-08
 Reference value :  2.51513e-08
 Reference value :  2.71513e-08
 Reference value :  2.91513e-08
 Reference value :  3.11513e-08
 Reference value :  3.41513e-08
 Reference value :  3.61513e-08
 Reference value :  3.81513e-08
 Reference value :  4.01513e-08
 Reference value :  4.12700e-08
 Reference value :  4.13800e-08
 Reference value :  4.14531e-08
 Reference value :  4.14964e-08
 Reference value :  4.15383e-08
 Reference value :  4.16336e-08
 Reference value :  4.17367e-08
 Reference value :  4.19052e-08
 Reference value :  4.23897e-08
 Reference value :  4.44664e-08
 Reference value :  4.51000e-08
 Reference value :  4.60000e-08
 Reference value :  4.64900e-08
 Reference value :  4.80500e-08
 Reference value :  5.00500e-08
 Reference value :  5.20500e-08
 Reference value :  5.40500e-08
 Reference value :  5.70500e-08
 Reference value :  6.00500e-08
 Reference value :  6.30500e-08
 Reference value :  6.50500e-08
 Reference value :  6.70500e-08
 Reference value :  6.90500e-08
 Reference value :  7.10500e-08
 Reference value :  7.25000e-08
 Reference value :  7.25600e-08
 Reference value :  7.25979e-08
 Reference value :  7.26661e-08
 Reference value :  7.27000e-08
 Reference value :  7.27098e-08
 Reference value :  7.27491e-08
 Reference value :  7.28040e-08
 Reference value :  7.28316e-08
 Reference value :  7.28530e-08
 Reference value :  7.28995e-08
 Reference value :  7.29511e-08
 Reference value :  7.29997e-08
 Reference value :  7.30643e-08
 Reference value :  7.32463e-08
 Reference value :  7.35671e-08
 Reference value :  7.48283e-08
 Reference value :  7.68283e-08
 Reference value :  7.98283e-08
 Reference value :  8.18283e-08
 Reference value :  8.48283e-08
 Reference value :  8.68283e-08
 Reference value :  8.88283e-08
 Reference value :  9.08283e-08
 Reference value :  9.28283e-08
 Reference value :  9.48283e-08
 Reference value :  9.78283e-08
 Reference value :  1.00828e-07
 Reference value :  1.03750e-07
 Reference value :  1.03810e-07
 Reference value :  1.03915e-07
 Reference value :  1.03953e-07
 Reference value :  1.03996e-07
 Reference value :  1.04034e-07
 Reference value :  1.04125e-07
 Reference value :  1.04222e-07
 Reference value :  1.04364e-07
 Reference value :  1.04689e-07
 Reference value :  1.05718e-07
 Reference value :  1.07718e-07
 Reference value :  1.10718e-07
 Reference value :  1.12718e-07
 Reference value :  1.14718e-07
 Reference value :  1.17718e-07
 Reference value :  1.19718e-07
 Reference value :  1.21718e-07
 Reference value :  1.24718e-07
 Reference value :  1.26718e-07
 Reference value :  1.28718e-07
 Reference value :  1.30718e-07
 Reference value :  1.33718e-07
 Reference value :  1.35000e-07
No. of Data Rows : 236
td_a                =  3.23295e-10 targ=  7.29233e-08 trig=  7.26000e-08
td_d                =  2.64867e-10 targ=  7.28649e-08 trig=  7.26000e-08
td_e                =  3.81181e-10 targ=  7.29812e-08 trig=  7.26000e-08
va_mid              =  2.52855e-07
vd_mid              =  2.82713e-07
ve_mid              =  2.52305e-07
va_end              =  1.00003e+00
vd_end              =  1.00003e+00
ve_end              =  1.00003e+00
q_idle              =  -3.94011e-13 from=  5.00000e-08 to=  7.00000e-08
q_act               =  -2.02959e-12 from=  7.25000e-08 to=  1.35000e-07
m_td_half_ns = 3.2329460000e-01
m_td_big_ns = 2.6486710000e-01
m_td_tiny_ns = 3.8118080000e-01
m_tau_ps = 1.4153506760e+01
m_margin_ns = 3.0926705400e+01
m_dout_pos_end = 1.0000260000e+00
m_dout_big_end = 1.0000260000e+00
m_dout_tiny_end = 1.0000260000e+00
m_e_dec_fj = 2.8978326300e+03
m_i_static_ua = 1.9700560000e+01
m_resolve_decades = 9.4897312211e+02
m_dout_pos_mid = 2.5285530000e-07
m_dout_big_mid = 2.8271310000e-07
m_dout_tiny_mid = 2.5230500000e-07
Note: Simulation executed from .control section 

