
Note: No compatibility mode selected!


Circuit: * comparator-kickback @ sf_-40c_2.97v -- generated by sim/harness, do not edit

Doing analysis at TEMP = -40.000000 and TNOM = 27.000000

Using SPARSE 1.3 as Direct Linear Solver

Initial Transient Solution
--------------------------

Node                                   Voltage
----                                   -------
vdd                                       2.97
clk                                          0
sa_p                                   1.65081
sa_n                                   1.64919
tpa                                    1.65081
tna                                    1.64919
ibna                                  0.888539
xa.xpre.ptail                         0.638746
xa.pon                                 2.07464
xa.preamp_in1                          1.65081
xa.pop                                 2.10738
xa.preamp_in2                          1.64919
xa.xpre.xrlp.11                        2.96978
xa.xpre.xrlp.21                         2.1076
xa.xpre.xrln.11                        2.96977
xa.xpre.xrln.21                        2.07486
xa.xlat.ltail                           1.3178
xa.xlat.dip                               2.97
xa.xlat.din                               2.97
xa.outn                                   2.97
xa.outp                                   2.97
xa.sset                            5.05164e-09
xa.srst                            5.05164e-09
xa.xno1.ps                                2.97
douta                               1.2738e-09
doutba                                    2.97
xa.xno2.ps                                2.97
sb_p                                       1.7
sb_n                                       1.6
tpb                                        1.7
tnb                                        1.6
ibnb                                  0.888539
xb.xpre.ptail                         0.655213
xb.pon                                 1.34028
xb.preamp_in1                              1.7
xb.pop                                 2.84075
xb.preamp_in2                              1.6
xb.xpre.xrlp.11                        2.96997
xb.xpre.xrlp.21                        2.84078
xb.xpre.xrln.11                        2.96959
xb.xpre.xrln.21                        1.34069
xb.xlat.ltail                          1.90982
xb.xlat.dip                               2.97
xb.xlat.din                               2.97
xb.outn                                   2.97
xb.outp                                   2.97
xb.sset                            5.05164e-09
xb.srst                            5.05164e-09
xb.xno1.ps                                2.97
doutb                               1.2738e-09
doutbb                                    2.97
xb.xno2.ps                                2.97
dan                                4.28889e-10
dbn                                4.28889e-10
bdbn#branch                                  0
bdan#branch                                  0
v.xb.vpn#branch                              0
v.xb.vpp#branch                              0
vsb_n#branch                                 0
vsb_p#branch                                 0
v.xa.vpn#branch                              0
v.xa.vpp#branch                              0
vsa_n#branch                                 0
vsa_p#branch                                 0
vclk#branch                                  0
vsup#branch                        -3.9853e-05

 Reference value :  0.00000e+00
 Reference value :  4.00000e-11
 Reference value :  6.40000e-10
 Reference value :  3.28000e-09
 Reference value :  6.28000e-09
 Reference value :  1.00000e-08
 Reference value :  1.00037e-08
 Reference value :  1.00242e-08
 Reference value :  1.00447e-08
 Reference value :  1.00801e-08
 Reference value :  1.00893e-08
 Reference value :  1.00954e-08
 Reference value :  1.00984e-08
 Reference value :  1.01059e-08
 Reference value :  1.01160e-08
 Reference value :  1.01180e-08
 Reference value :  1.01216e-08
 Reference value :  1.01240e-08
 Reference value :  1.01256e-08
 Reference value :  1.01273e-08
 Reference value :  1.01292e-08
 Reference value :  1.01318e-08
 Reference value :  1.01355e-08
 Reference value :  1.01394e-08
 Reference value :  1.01426e-08
 Reference value :  1.01458e-08
 Reference value :  1.01468e-08
 Reference value :  1.01478e-08
 Reference value :  1.01495e-08
 Reference value :  1.01569e-08
 Reference value :  1.01588e-08
 Reference value :  1.01656e-08
 Reference value :  1.01693e-08
 Reference value :  1.01765e-08
 Reference value :  1.01937e-08
 Reference value :  1.02005e-08
 Reference value :  1.02075e-08
 Reference value :  1.02107e-08
 Reference value :  1.02140e-08
 Reference value :  1.02200e-08
 Reference value :  1.02319e-08
 Reference value :  1.02504e-08
 Reference value :  1.02743e-08
 Reference value :  1.02824e-08
 Reference value :  1.02986e-08
 Reference value :  1.03162e-08
 Reference value :  1.03309e-08
 Reference value :  1.03489e-08
 Reference value :  1.03625e-08
 Reference value :  1.03683e-08
 Reference value :  1.03808e-08
 Reference value :  1.03885e-08
 Reference value :  1.04075e-08
 Reference value :  1.04145e-08
 Reference value :  1.04255e-08
 Reference value :  1.04320e-08
 Reference value :  1.04349e-08
 Reference value :  1.04390e-08
 Reference value :  1.04474e-08
 Reference value :  1.04586e-08
 Reference value :  1.04614e-08
 Reference value :  1.04728e-08
 Reference value :  1.04831e-08
 Reference value :  1.04986e-08
 Reference value :  1.05144e-08
 Reference value :  1.05197e-08
 Reference value :  1.05290e-08
 Reference value :  1.05318e-08
 Reference value :  1.05370e-08
 Reference value :  1.05407e-08
 Reference value :  1.05538e-08
 Reference value :  1.05581e-08
 Reference value :  1.05636e-08
 Reference value :  1.05719e-08
 Reference value :  1.05881e-08
 Reference value :  1.06166e-08
 Reference value :  1.06507e-08
 Reference value :  1.06730e-08
 Reference value :  1.07227e-08
 Reference value :  1.07782e-08
 Reference value :  1.08532e-08
 Reference value :  1.09588e-08
 Reference value :  1.11436e-08
 Reference value :  1.24078e-08
 Reference value :  1.44078e-08
 Reference value :  1.64078e-08
 Reference value :  1.84078e-08
 Reference value :  2.14078e-08
 Reference value :  2.44078e-08
 Reference value :  2.84078e-08
 Reference value :  3.14078e-08
 Reference value :  3.44078e-08
 Reference value :  3.74078e-08
 Reference value :  4.12500e-08
 Reference value :  4.12513e-08
 Reference value :  4.12594e-08
 Reference value :  4.12756e-08
 Reference value :  4.12825e-08
 Reference value :  4.12935e-08
 Reference value :  4.13068e-08
 Reference value :  4.13260e-08
 Reference value :  4.13904e-08
 Reference value :  4.14020e-08
 Reference value :  4.14233e-08
 Reference value :  4.14382e-08
 Reference value :  4.14500e-08
 Reference value :  4.14502e-08
 Reference value :  4.14524e-08
 Reference value :  4.14600e-08
 Reference value :  4.14688e-08
 Reference value :  4.14861e-08
 Reference value :  4.15090e-08
 Reference value :  4.15271e-08
 Reference value :  4.15321e-08
 Reference value :  4.15390e-08
 Reference value :  4.15469e-08
 Reference value :  4.15560e-08
 Reference value :  4.15641e-08
 Reference value :  4.15795e-08
 Reference value :  4.15857e-08
 Reference value :  4.15999e-08
 Reference value :  4.16157e-08
 Reference value :  4.16348e-08
 Reference value :  4.16435e-08
 Reference value :  4.16518e-08
 Reference value :  4.16688e-08
 Reference value :  4.16770e-08
 Reference value :  4.16929e-08
 Reference value :  4.17078e-08
 Reference value :  4.17255e-08
 Reference value :  4.17697e-08
 Reference value :  4.17996e-08
 Reference value :  4.18563e-08
 Reference value :  4.19459e-08
 Reference value :  4.21580e-08
 Reference value :  4.23924e-08
 Reference value :  4.29372e-08
 Reference value :  4.40483e-08
 Reference value :  4.67266e-08
 Reference value :  4.97266e-08
 Reference value :  5.27266e-08
 Reference value :  5.57266e-08
 Reference value :  5.87266e-08
 Reference value :  6.17266e-08
 Reference value :  6.47266e-08
 Reference value :  6.77266e-08
 Reference value :  7.07266e-08
 Reference value :  7.25013e-08
 Reference value :  7.25160e-08
 Reference value :  7.25452e-08
 Reference value :  7.25686e-08
 Reference value :  7.25881e-08
 Reference value :  7.26023e-08
 Reference value :  7.26089e-08
 Reference value :  7.26179e-08
 Reference value :  7.26204e-08
 Reference value :  7.26217e-08
 Reference value :  7.26235e-08
 Reference value :  7.26260e-08
 Reference value :  7.26289e-08
 Reference value :  7.26306e-08
 Reference value :  7.26324e-08
 Reference value :  7.26356e-08
 Reference value :  7.26378e-08
 Reference value :  7.26414e-08
 Reference value :  7.26452e-08
 Reference value :  7.26464e-08
 Reference value :  7.26483e-08
 Reference value :  7.26498e-08
 Reference value :  7.26520e-08
 Reference value :  7.26551e-08
 Reference value :  7.26590e-08
 Reference value :  7.26639e-08
 Reference value :  7.26685e-08
 Reference value :  7.26722e-08
 Reference value :  7.26821e-08
 Reference value :  7.27000e-08
 Reference value :  7.27005e-08
 Reference value :  7.27075e-08
 Reference value :  7.27168e-08
 Reference value :  7.27240e-08
 Reference value :  7.27308e-08
 Reference value :  7.27413e-08
 Reference value :  7.27630e-08
 Reference value :  7.27797e-08
 Reference value :  7.27968e-08
 Reference value :  7.28149e-08
 Reference value :  7.28301e-08
 Reference value :  7.28463e-08
 Reference value :  7.28560e-08
 Reference value :  7.28905e-08
 Reference value :  7.29196e-08
 Reference value :  7.29484e-08
 Reference value :  7.29821e-08
 Reference value :  7.30181e-08
 Reference value :  7.30555e-08
 Reference value :  7.31153e-08
 Reference value :  7.31854e-08
 Reference value :  7.32870e-08
 Reference value :  7.34701e-08
 Reference value :  7.38704e-08
 Reference value :  7.46817e-08
 Reference value :  7.73385e-08
 Reference value :  8.03385e-08
 Reference value :  8.33385e-08
 Reference value :  8.53385e-08
 Reference value :  8.73385e-08
 Reference value :  8.93385e-08
 Reference value :  9.23385e-08
 Reference value :  9.43385e-08
 Reference value :  9.63385e-08
 Reference value :  9.93385e-08
 Reference value :  1.02338e-07
 Reference value :  1.03750e-07
 Reference value :  1.03751e-07
 Reference value :  1.03757e-07
 Reference value :  1.03780e-07
 Reference value :  1.03790e-07
 Reference value :  1.03812e-07
 Reference value :  1.03835e-07
 Reference value :  1.03884e-07
 Reference value :  1.03899e-07
 Reference value :  1.03908e-07
 Reference value :  1.03915e-07
 Reference value :  1.03929e-07
 Reference value :  1.03944e-07
 Reference value :  1.03950e-07
 Reference value :  1.03955e-07
 Reference value :  1.03969e-07
 Reference value :  1.03986e-07
 Reference value :  1.04022e-07
 Reference value :  1.04027e-07
 Reference value :  1.04032e-07
 Reference value :  1.04039e-07
 Reference value :  1.04047e-07
 Reference value :  1.04065e-07
 Reference value :  1.04080e-07
 Reference value :  1.04087e-07
 Reference value :  1.04101e-07
 Reference value :  1.04117e-07
 Reference value :  1.04155e-07
 Reference value :  1.04175e-07
 Reference value :  1.04191e-07
 Reference value :  1.04207e-07
 Reference value :  1.04239e-07
 Reference value :  1.04271e-07
 Reference value :  1.04302e-07
 Reference value :  1.04338e-07
 Reference value :  1.04386e-07
 Reference value :  1.04509e-07
 Reference value :  1.04792e-07
 Reference value :  1.05276e-07
 Reference value :  1.06169e-07
 Reference value :  1.07471e-07
 Reference value :  1.10471e-07
 Reference value :  1.12471e-07
 Reference value :  1.15471e-07
 Reference value :  1.18471e-07
 Reference value :  1.21471e-07
 Reference value :  1.25471e-07
 Reference value :  1.28471e-07
 Reference value :  1.32471e-07
 Reference value :  1.35000e-07
No. of Data Rows : 565
ap0                 =  1.65081e+00
an0                 =  1.64919e+00
ap1                 =  1.65081e+00
an1                 =  1.64920e+00
apmin               =  1.65044e+00 at=  1.04986e-08
bp0                 =  1.70000e+00
bn0                 =  1.60000e+00
bp1                 =  1.70000e+00
bn1                 =  1.60000e+00
va_end              =  1.00000e+00
vb_end              =  1.00000e+00
m_kick_diff_small_uv = 2.2204460493e-10
m_kick_diff_big_uv = 1.0000000001e+00
m_kick_cm_small_uv = 2.0000000001e+00
m_kick_cm_big_uv = 2.4999999999e+00
m_kick_sigdep_uv = 9.9999999992e-01
m_kick_sigdep_lsb = 3.1029881774e-04
m_kick_diff_small_lsb = 6.8900178399e-14
m_peak_dip_uv = 3.6900000000e+02
m_q_diff_small_fc = 1.9606538615e-12
m_dout_small_end = 1.0000000000e+00
m_dout_big_end = 1.0000000000e+00
Note: Simulation executed from .control section 

