
Note: No compatibility mode selected!


Circuit: * comparator-kickback @ ss_27c_3.63v -- generated by sim/harness, do not edit

Doing analysis at TEMP = 27.000000 and TNOM = 27.000000

Using SPARSE 1.3 as Direct Linear Solver

Initial Transient Solution
--------------------------

Node                                   Voltage
----                                   -------
vdd                                       3.63
clk                                          0
sa_p                                   1.65081
sa_n                                   1.64919
tpa                                    1.65081
tna                                    1.64919
ibna                                  0.866486
xa.xpre.ptail                         0.666413
xa.pon                                 2.67763
xa.preamp_in1                          1.65081
xa.pop                                 2.70757
xa.preamp_in2                          1.64919
xa.xpre.xrlp.11                        3.62983
xa.xpre.xrlp.21                        2.70774
xa.xpre.xrln.11                        3.62983
xa.xpre.xrln.21                        2.67781
xa.xlat.ltail                          1.90653
xa.xlat.dip                               3.63
xa.xlat.din                               3.63
xa.outn                                   3.63
xa.outp                                   3.63
xa.sset                            7.36113e-09
xa.srst                            7.36113e-09
xa.xno1.ps                              3.4124
douta                                  1.51704
doutba                                 1.51704
xa.xno2.ps                              3.4124
sb_p                                       1.7
sb_n                                       1.6
tpb                                        1.7
tnb                                        1.6
ibnb                                  0.866486
xb.xpre.ptail                         0.681063
xb.pon                                 1.95929
xb.preamp_in1                              1.7
xb.pop                                 3.42457
xb.preamp_in2                              1.6
xb.xpre.xrlp.11                        3.62996
xb.xpre.xrlp.21                        3.42461
xb.xpre.xrln.11                        3.62969
xb.xpre.xrln.21                         1.9596
xb.xlat.ltail                          2.48991
xb.xlat.dip                               3.63
xb.xlat.din                               3.63
xb.outn                                   3.63
xb.outp                                   3.63
xb.sset                            7.36113e-09
xb.srst                            7.36113e-09
xb.xno1.ps                              3.4124
doutb                                  1.51704
doutbb                                 1.51704
xb.xno2.ps                              3.4124
dan                                   0.417917
dbn                                   0.417917
bdbn#branch                                  0
bdan#branch                                  0
v.xb.vpn#branch                              0
v.xb.vpp#branch                              0
vsb_n#branch                                 0
vsb_p#branch                                 0
v.xa.vpn#branch                              0
v.xa.vpp#branch                              0
vsa_n#branch                                 0
vsa_p#branch                                 0
vclk#branch                                  0
vsup#branch                        -0.00121107

 Reference value :  0.00000e+00
 Reference value :  4.00000e-11
 Reference value :  6.40000e-10
 Reference value :  3.28000e-09
 Reference value :  6.28000e-09
 Reference value :  9.14000e-09
 Reference value :  1.00012e-08
 Reference value :  1.00154e-08
 Reference value :  1.00360e-08
 Reference value :  1.00698e-08
 Reference value :  1.00878e-08
 Reference value :  1.00927e-08
 Reference value :  1.01039e-08
 Reference value :  1.01130e-08
 Reference value :  1.01171e-08
 Reference value :  1.01198e-08
 Reference value :  1.01217e-08
 Reference value :  1.01259e-08
 Reference value :  1.01298e-08
 Reference value :  1.01348e-08
 Reference value :  1.01379e-08
 Reference value :  1.01400e-08
 Reference value :  1.01430e-08
 Reference value :  1.01470e-08
 Reference value :  1.01510e-08
 Reference value :  1.01585e-08
 Reference value :  1.01637e-08
 Reference value :  1.01734e-08
 Reference value :  1.01858e-08
 Reference value :  1.01989e-08
 Reference value :  1.02001e-08
 Reference value :  1.02010e-08
 Reference value :  1.02083e-08
 Reference value :  1.02221e-08
 Reference value :  1.02268e-08
 Reference value :  1.02354e-08
 Reference value :  1.02538e-08
 Reference value :  1.02779e-08
 Reference value :  1.03060e-08
 Reference value :  1.03397e-08
 Reference value :  1.03575e-08
 Reference value :  1.03672e-08
 Reference value :  1.03823e-08
 Reference value :  1.03960e-08
 Reference value :  1.04114e-08
 Reference value :  1.04296e-08
 Reference value :  1.04514e-08
 Reference value :  1.04625e-08
 Reference value :  1.04981e-08
 Reference value :  1.05139e-08
 Reference value :  1.05255e-08
 Reference value :  1.05377e-08
 Reference value :  1.05436e-08
 Reference value :  1.05569e-08
 Reference value :  1.05636e-08
 Reference value :  1.05745e-08
 Reference value :  1.06028e-08
 Reference value :  1.06298e-08
 Reference value :  1.06654e-08
 Reference value :  1.06850e-08
 Reference value :  1.07031e-08
 Reference value :  1.07670e-08
 Reference value :  1.08236e-08
 Reference value :  1.09302e-08
 Reference value :  1.10337e-08
 Reference value :  1.13417e-08
 Reference value :  1.27783e-08
 Reference value :  1.47783e-08
 Reference value :  1.77783e-08
 Reference value :  2.07783e-08
 Reference value :  2.37783e-08
 Reference value :  2.67783e-08
 Reference value :  2.97783e-08
 Reference value :  3.37783e-08
 Reference value :  3.67783e-08
 Reference value :  3.97783e-08
 Reference value :  4.12511e-08
 Reference value :  4.12564e-08
 Reference value :  4.12642e-08
 Reference value :  4.12694e-08
 Reference value :  4.12831e-08
 Reference value :  4.12957e-08
 Reference value :  4.13093e-08
 Reference value :  4.13267e-08
 Reference value :  4.13620e-08
 Reference value :  4.14079e-08
 Reference value :  4.14181e-08
 Reference value :  4.14365e-08
 Reference value :  4.14500e-08
 Reference value :  4.14502e-08
 Reference value :  4.14516e-08
 Reference value :  4.14631e-08
 Reference value :  4.14903e-08
 Reference value :  4.15272e-08
 Reference value :  4.15538e-08
 Reference value :  4.15701e-08
 Reference value :  4.15797e-08
 Reference value :  4.15924e-08
 Reference value :  4.16152e-08
 Reference value :  4.16252e-08
 Reference value :  4.16343e-08
 Reference value :  4.16537e-08
 Reference value :  4.16743e-08
 Reference value :  4.17025e-08
 Reference value :  4.17188e-08
 Reference value :  4.17334e-08
 Reference value :  4.17455e-08
 Reference value :  4.17557e-08
 Reference value :  4.17639e-08
 Reference value :  4.17823e-08
 Reference value :  4.18062e-08
 Reference value :  4.18383e-08
 Reference value :  4.18713e-08
 Reference value :  4.19099e-08
 Reference value :  4.19605e-08
 Reference value :  4.20323e-08
 Reference value :  4.21430e-08
 Reference value :  4.25119e-08
 Reference value :  4.44348e-08
 Reference value :  4.64348e-08
 Reference value :  4.84348e-08
 Reference value :  5.04348e-08
 Reference value :  5.34348e-08
 Reference value :  5.54348e-08
 Reference value :  5.84348e-08
 Reference value :  6.24348e-08
 Reference value :  6.64348e-08
 Reference value :  6.94348e-08
 Reference value :  7.25000e-08
 Reference value :  7.25008e-08
 Reference value :  7.25116e-08
 Reference value :  7.25397e-08
 Reference value :  7.25605e-08
 Reference value :  7.25728e-08
 Reference value :  7.25917e-08
 Reference value :  7.25959e-08
 Reference value :  7.26094e-08
 Reference value :  7.26184e-08
 Reference value :  7.26225e-08
 Reference value :  7.26252e-08
 Reference value :  7.26270e-08
 Reference value :  7.26312e-08
 Reference value :  7.26359e-08
 Reference value :  7.26400e-08
 Reference value :  7.26411e-08
 Reference value :  7.26425e-08
 Reference value :  7.26466e-08
 Reference value :  7.26502e-08
 Reference value :  7.26520e-08
 Reference value :  7.26565e-08
 Reference value :  7.26622e-08
 Reference value :  7.26681e-08
 Reference value :  7.26727e-08
 Reference value :  7.26835e-08
 Reference value :  7.26899e-08
 Reference value :  7.27000e-08
 Reference value :  7.27001e-08
 Reference value :  7.27021e-08
 Reference value :  7.27089e-08
 Reference value :  7.27245e-08
 Reference value :  7.27292e-08
 Reference value :  7.27389e-08
 Reference value :  7.27486e-08
 Reference value :  7.27647e-08
 Reference value :  7.27734e-08
 Reference value :  7.27942e-08
 Reference value :  7.28140e-08
 Reference value :  7.28369e-08
 Reference value :  7.28530e-08
 Reference value :  7.28837e-08
 Reference value :  7.28958e-08
 Reference value :  7.29387e-08
 Reference value :  7.29746e-08
 Reference value :  7.30256e-08
 Reference value :  7.30824e-08
 Reference value :  7.31477e-08
 Reference value :  7.32318e-08
 Reference value :  7.33057e-08
 Reference value :  7.34036e-08
 Reference value :  7.35510e-08
 Reference value :  7.41338e-08
 Reference value :  7.56215e-08
 Reference value :  7.76215e-08
 Reference value :  8.06215e-08
 Reference value :  8.46215e-08
 Reference value :  8.76215e-08
 Reference value :  9.06215e-08
 Reference value :  9.36215e-08
 Reference value :  9.66215e-08
 Reference value :  1.00621e-07
 Reference value :  1.03750e-07
 Reference value :  1.03752e-07
 Reference value :  1.03759e-07
 Reference value :  1.03768e-07
 Reference value :  1.03781e-07
 Reference value :  1.03792e-07
 Reference value :  1.03814e-07
 Reference value :  1.03833e-07
 Reference value :  1.03870e-07
 Reference value :  1.03907e-07
 Reference value :  1.03916e-07
 Reference value :  1.03932e-07
 Reference value :  1.03950e-07
 Reference value :  1.03952e-07
 Reference value :  1.03968e-07
 Reference value :  1.03986e-07
 Reference value :  1.04008e-07
 Reference value :  1.04035e-07
 Reference value :  1.04047e-07
 Reference value :  1.04067e-07
 Reference value :  1.04079e-07
 Reference value :  1.04101e-07
 Reference value :  1.04123e-07
 Reference value :  1.04132e-07
 Reference value :  1.04151e-07
 Reference value :  1.04183e-07
 Reference value :  1.04216e-07
 Reference value :  1.04245e-07
 Reference value :  1.04263e-07
 Reference value :  1.04281e-07
 Reference value :  1.04320e-07
 Reference value :  1.04354e-07
 Reference value :  1.04388e-07
 Reference value :  1.04431e-07
 Reference value :  1.04490e-07
 Reference value :  1.04636e-07
 Reference value :  1.04819e-07
 Reference value :  1.05290e-07
 Reference value :  1.06811e-07
 Reference value :  1.08811e-07
 Reference value :  1.11811e-07
 Reference value :  1.14811e-07
 Reference value :  1.17811e-07
 Reference value :  1.20811e-07
 Reference value :  1.23811e-07
 Reference value :  1.26811e-07
 Reference value :  1.29811e-07
 Reference value :  1.32811e-07
 Reference value :  1.35000e-07
No. of Data Rows : 535
ap0                 =  1.65081e+00
an0                 =  1.64919e+00
ap1                 =  1.65081e+00
an1                 =  1.64920e+00
apmin               =  1.65029e+00 at=  1.05377e-08
bp0                 =  1.70000e+00
bn0                 =  1.60000e+00
bp1                 =  1.70000e+00
bn1                 =  1.60000e+00
va_end              =  1.00000e+00
vb_end              =  1.00000e+00
m_kick_diff_small_uv = -9.999999999e-01
m_kick_diff_big_uv = 0.0000000000e+00
m_kick_cm_small_uv = 3.5000000000e+00
m_kick_cm_big_uv = 4.0000000001e+00
m_kick_sigdep_uv = 9.9999999992e-01
m_kick_sigdep_lsb = 3.1029881774e-04
m_kick_diff_small_lsb = 3.1029881774e-04
m_peak_dip_uv = 5.1900000000e+02
m_q_diff_small_fc = -8.829999999e-03
m_dout_small_end = 1.0000000000e+00
m_dout_big_end = 1.0000000000e+00
Note: Simulation executed from .control section 

Note: Starting dynamic gmin stepping
Note: Dynamic gmin stepping completed
