
Note: No compatibility mode selected!


Circuit: * device-switch-ron @ ff_-40c_3.30v -- generated by sim/harness, do not edit

Doing analysis at TEMP = -40.000000 and TNOM = 27.000000

Using SPARSE 1.3 as Direct Linear Solver
 Reference value :  0.00000e+00
No. of Data Rows : 1
m_ron_n_f00 = 1.2047242079e+02
m_ron_n_f17 = 1.3226103815e+02
m_ron_n_f33 = 1.5440353434e+02
m_ron_n_f50 = 2.1208144599e+02
m_ron_n_f67 = 6.3976330814e+02
m_ron_n_f83 = 1.1281408184e+09
m_ron_n_f100 = 3.0120481927e+09
m_ron_p_f00 = 3.0303030303e+09
m_ron_p_f17 = 3.6365038913e+09
m_ron_p_f33 = 9.9804847725e+03
m_ron_p_f50 = 4.7443515039e+02
m_ron_p_f67 = 2.6938133108e+02
m_ron_p_f83 = 2.0182955596e+02
m_ron_p_f100 = 1.6695498936e+02
m_ron_t_f00 = 1.2047242558e+02
m_ron_t_f17 = 1.3226104296e+02
m_ron_t_f33 = 1.5205121917e+02
m_ron_t_f50 = 1.4656439954e+02
m_ron_t_f67 = 1.8956311690e+02
m_ron_t_f83 = 2.0182951986e+02
m_ron_t_f100 = 1.6695498010e+02
m_ron_t_max = 2.0182951986e+02
m_ron_t_min = 1.2047242558e+02
m_ron_t_flatness = 1.6753171433e+00
Note: Simulation executed from .control section 

