
Note: No compatibility mode selected!


Circuit: * device-switch-ron @ fs_27c_3.30v -- generated by sim/harness, do not edit

Doing analysis at TEMP = 27.000000 and TNOM = 27.000000

Using SPARSE 1.3 as Direct Linear Solver
 Reference value :  0.00000e+00
No. of Data Rows : 1
m_ron_n_f00 = 1.4880183317e+02
m_ron_n_f17 = 1.6743955150e+02
m_ron_n_f33 = 2.0165929266e+02
m_ron_n_f50 = 2.8772921496e+02
m_ron_n_f67 = 8.4593473240e+02
m_ron_n_f83 = 4.9187313918e+07
m_ron_n_f100 = 3.0120472869e+09
m_ron_p_f00 = 3.0303030303e+09
m_ron_p_f17 = 3.6364291688e+09
m_ron_p_f33 = 8.2467561186e+05
m_ron_p_f50 = 9.9070069368e+02
m_ron_p_f67 = 4.4270261335e+02
m_ron_p_f83 = 3.0402448766e+02
m_ron_p_f100 = 2.3851311226e+02
m_ron_t_f00 = 1.4880184048e+02
m_ron_t_f17 = 1.6743955921e+02
m_ron_t_f33 = 2.0160999264e+02
m_ron_t_f50 = 2.2297157703e+02
m_ron_t_f67 = 2.9061513543e+02
m_ron_t_f83 = 3.0402260851e+02
m_ron_t_f100 = 2.3851309338e+02
m_ron_t_max = 3.0402260851e+02
m_ron_t_min = 1.4880184048e+02
m_ron_t_flatness = 2.0431374204e+00
Note: Simulation executed from .control section 

