
Note: No compatibility mode selected!


Circuit: * device-switch-ron @ tt_-40c_3.63v -- generated by sim/harness, do not edit

Doing analysis at TEMP = -40.000000 and TNOM = 27.000000

Using SPARSE 1.3 as Direct Linear Solver
 Reference value :  0.00000e+00
No. of Data Rows : 1
m_ron_n_f00 = 1.2503122286e+02
m_ron_n_f17 = 1.3767575180e+02
m_ron_n_f33 = 1.6154857683e+02
m_ron_n_f50 = 2.2545593182e+02
m_ron_n_f67 = 7.8721697827e+02
m_ron_n_f83 = 3.0413173044e+09
m_ron_n_f100 = 2.7397260274e+09
m_ron_p_f00 = 2.7548209366e+09
m_ron_p_f17 = 3.3057855844e+09
m_ron_p_f33 = 6.4714592338e+04
m_ron_p_f50 = 5.4604581454e+02
m_ron_p_f67 = 2.9240779651e+02
m_ron_p_f83 = 2.1508844161e+02
m_ron_p_f100 = 1.7604402119e+02
m_ron_t_f00 = 1.2503122854e+02
m_ron_t_f17 = 1.3767575753e+02
m_ron_t_f33 = 1.6114630348e+02
m_ron_t_f50 = 1.5957095174e+02
m_ron_t_f67 = 2.1321146695e+02
m_ron_t_f83 = 2.1508842639e+02
m_ron_t_f100 = 1.7604400987e+02
m_ron_t_max = 2.1508842639e+02
m_ron_t_min = 1.2503122854e+02
m_ron_t_flatness = 1.7202776371e+00
Note: Simulation executed from .control section 

