
Note: No compatibility mode selected!


Circuit: * adc-power @ ff_27c_3.63v -- generated by sim/harness, do not edit

Reducing trtol to 1 for xspice 'A' devices
Doing analysis at TEMP = 27.000000 and TNOM = 27.000000

Using SPARSE 1.3 as Direct Linear Solver

Initial Transient Solution
--------------------------

Node                                   Voltage
----                                   -------
clk                                          0
cmpclk                                       0
cmpclkb                                   3.63
vddt                                      3.63
vddd                                      3.63
vddc                                      3.63
vrefs                                     3.63
vrefn                                     3.63
vcmn                                     1.815
se_vinp                                      0
se_vinn                                  1.815
se_start                                     0
se_mode                                      0
se_cmp                                 1.46972
se_samp_tp_n                                 0
se_sel_in_n                                  0
se_drdy                                   3.63
se_c9                                        0
se_c8                                        0
se_c7                                        0
se_c6                                        0
se_c5                                        0
se_c4                                        0
se_c3                                        0
se_c2                                        0
se_c1                                        0
se_c0                                        0
se_rel_n_256p                             3.63
se_sel_hi_n_256p                             0
se_sel_lo_n_256p                             0
se_rel_n_128p                             3.63
se_sel_hi_n_128p                             0
se_sel_lo_n_128p                             0
se_rel_n_64p                              3.63
se_sel_hi_n_64p                              0
se_sel_lo_n_64p                              0
se_rel_n_32p                              3.63
se_sel_hi_n_32p                              0
se_sel_lo_n_32p                              0
se_rel_n_16p                              3.63
se_sel_hi_n_16p                              0
se_sel_lo_n_16p                              0
se_rel_n_8p                               3.63
se_sel_hi_n_8p                               0
se_sel_lo_n_8p                               0
se_rel_n_4p                               3.63
se_sel_hi_n_4p                               0
se_sel_lo_n_4p                               0
se_rel_n_2p                               3.63
se_sel_hi_n_2p                               0
se_sel_lo_n_2p                               0
se_rel_n_1p                               3.63
se_sel_hi_n_1p                               0
se_sel_lo_n_1p                               0
se_rel_n_256n                             3.63
se_sel_hi_n_256n                             0
se_sel_lo_n_256n                             0
se_rel_n_128n                             3.63
se_sel_hi_n_128n                             0
se_sel_lo_n_128n                             0
se_rel_n_64n                              3.63
se_sel_hi_n_64n                              0
se_sel_lo_n_64n                              0
se_rel_n_32n                              3.63
se_sel_hi_n_32n                              0
se_sel_lo_n_32n                              0
se_rel_n_16n                              3.63
se_sel_hi_n_16n                              0
se_sel_lo_n_16n                              0
se_rel_n_8n                               3.63
se_sel_hi_n_8n                               0
se_sel_lo_n_8n                               0
se_rel_n_4n                               3.63
se_sel_hi_n_4n                               0
se_sel_lo_n_4n                               0
se_rel_n_2n                               3.63
se_sel_hi_n_2n                               0
se_sel_lo_n_2n                               0
se_rel_n_1n                               3.63
se_sel_hi_n_1n                               0
se_sel_lo_n_1n                               0
se_pinp                            1.21591e-08
se_pinn                                  1.815
xsetswp.gp                                3.63
se_topp                                1.81506
xsetswn.gp                                3.63
se_topn                                1.81506
xsearrp.x256.bp                          1.815
xsearrp.x256.gp_in                        3.63
xsearrp.x256.gp_rel                2.54721e-09
xsearrp.x256.gp_hi                        3.63
xsearrp.x256.gp_lo                        3.63
xsearrp.x128.bp                          1.815
xsearrp.x128.gp_in                        3.63
xsearrp.x128.gp_rel                2.54721e-09
xsearrp.x128.gp_hi                        3.63
xsearrp.x128.gp_lo                        3.63
xsearrp.x64.bp                           1.815
xsearrp.x64.gp_in                         3.63
xsearrp.x64.gp_rel                 2.54721e-09
xsearrp.x64.gp_hi                         3.63
xsearrp.x64.gp_lo                         3.63
xsearrp.x32.bp                           1.815
xsearrp.x32.gp_in                         3.63
xsearrp.x32.gp_rel                 2.54721e-09
xsearrp.x32.gp_hi                         3.63
xsearrp.x32.gp_lo                         3.63
xsearrp.x16.bp                           1.815
xsearrp.x16.gp_in                         3.63
xsearrp.x16.gp_rel                 2.54721e-09
xsearrp.x16.gp_hi                         3.63
xsearrp.x16.gp_lo                         3.63
xsearrp.x8.bp                            1.815
xsearrp.x8.gp_in                          3.63
xsearrp.x8.gp_rel                  2.54721e-09
xsearrp.x8.gp_hi                          3.63
xsearrp.x8.gp_lo                          3.63
xsearrp.x4.bp                            1.815
xsearrp.x4.gp_in                          3.63
xsearrp.x4.gp_rel                  2.54721e-09
xsearrp.x4.gp_hi                          3.63
xsearrp.x4.gp_lo                          3.63
xsearrp.x2.bp                            1.815
xsearrp.x2.gp_in                          3.63
xsearrp.x2.gp_rel                  2.54721e-09
xsearrp.x2.gp_hi                          3.63
xsearrp.x2.gp_lo                          3.63
xsearrp.x1.bp                            1.815
xsearrp.x1.gp_in                          3.63
xsearrp.x1.gp_rel                  2.54721e-09
xsearrp.x1.gp_hi                          3.63
xsearrp.x1.gp_lo                          3.63
xsearrn.x256.bp                          1.815
xsearrn.x256.gp_in                        3.63
xsearrn.x256.gp_rel                2.54721e-09
xsearrn.x256.gp_hi                        3.63
xsearrn.x256.gp_lo                        3.63
xsearrn.x128.bp                          1.815
xsearrn.x128.gp_in                        3.63
xsearrn.x128.gp_rel                2.54721e-09
xsearrn.x128.gp_hi                        3.63
xsearrn.x128.gp_lo                        3.63
xsearrn.x64.bp                           1.815
xsearrn.x64.gp_in                         3.63
xsearrn.x64.gp_rel                 2.54721e-09
xsearrn.x64.gp_hi                         3.63
xsearrn.x64.gp_lo                         3.63
xsearrn.x32.bp                           1.815
xsearrn.x32.gp_in                         3.63
xsearrn.x32.gp_rel                 2.54721e-09
xsearrn.x32.gp_hi                         3.63
xsearrn.x32.gp_lo                         3.63
xsearrn.x16.bp                           1.815
xsearrn.x16.gp_in                         3.63
xsearrn.x16.gp_rel                 2.54721e-09
xsearrn.x16.gp_hi                         3.63
xsearrn.x16.gp_lo                         3.63
xsearrn.x8.bp                            1.815
xsearrn.x8.gp_in                          3.63
xsearrn.x8.gp_rel                  2.54721e-09
xsearrn.x8.gp_hi                          3.63
xsearrn.x8.gp_lo                          3.63
xsearrn.x4.bp                            1.815
xsearrn.x4.gp_in                          3.63
xsearrn.x4.gp_rel                  2.54721e-09
xsearrn.x4.gp_hi                          3.63
xsearrn.x4.gp_lo                          3.63
xsearrn.x2.bp                            1.815
xsearrn.x2.gp_in                          3.63
xsearrn.x2.gp_rel                  2.54721e-09
xsearrn.x2.gp_hi                          3.63
xsearrn.x2.gp_lo                          3.63
xsearrn.x1.bp                            1.815
xsearrn.x1.gp_in                          3.63
xsearrn.x1.gp_rel                  2.54721e-09
xsearrn.x1.gp_hi                          3.63
xsearrn.x1.gp_lo                          3.63
se_ibias                              0.640978
xsecmp.xpre.ptail                     0.988004
xsecmp.pon                             3.00622
xsecmp.preamp_in1                      1.81506
xsecmp.pop                             3.00622
xsecmp.preamp_in2                      1.81506
xsecmp.xpre.xrlp.11                    3.62956
xsecmp.xpre.xrlp.21                    3.00666
xsecmp.xpre.xrln.11                    3.62956
xsecmp.xpre.xrln.21                    3.00666
xsecmp.xlat.ltail                      2.35566
xsecmp.xlat.dip                           3.63
xsecmp.xlat.din                           3.63
xsecmp.outn                               3.63
xsecmp.outp                               3.63
xsecmp.sset                        6.97528e-09
xsecmp.srst                        6.97528e-09
xsecmp.xno1.ps                         3.32886
se_cmpb                                1.46972
xsecmp.xno2.ps                         3.32886
se_dacp                           -1.11022e-16
se_dacn                           -1.11022e-16
se_di                                    1.815
se_err                                     512
se_aerrh                                     0
se_code                                      0
bsecode#branch                               0
bseea#branch                                 0
bsee#branch                                  0
bsedi#branch                                 0
bsedacn#branch                               0
bsedacp#branch                               0
lref#branch                         9.6212e-11
v.xsecmp.vpn#branch               -1.89177e-28
v.xsecmp.vpp#branch               -1.27167e-27
vsemode#branch                               0
vsestart#branch                              0
vsevinn#branch                     1.11022e-15
vseinp#branch                      4.86362e-10
vcms#branch                         -1.166e-09
vrefs#branch                       -9.6212e-11
vddc#branch                       -0.000995981
vddd#branch                        -1.0513e-09
vddt#branch                       -2.56102e-11
vcmpclkb#branch                              0
vcmpclk#branch                               0
vclk#branch                                  0
a.xsectrl.a_gn#branch_1_0                    0
a.xsectrl.a_gn#branch_1_1                    0
a.xsectrl.a_gn#branch_1_2                    0
a.xsectrl.a_gn#branch_1_3                    0
a.xsectrl.a_gn#branch_1_4                    0
a.xsectrl.a_gn#branch_1_5                    0
a.xsectrl.a_gn#branch_1_6                    0
a.xsectrl.a_gn#branch_1_7                    0
a.xsectrl.a_gn#branch_1_8                    0
a.xsectrl.a_gn#branch_1_9                    0
a.xsectrl.a_gn#branch_1_10                   0
a.xsectrl.a_gn#branch_1_11                   0
a.xsectrl.a_gn#branch_1_12                   0
a.xsectrl.a_gn#branch_1_13                   0
a.xsectrl.a_gn#branch_1_14                   0
a.xsectrl.a_gn#branch_1_15                   0
a.xsectrl.a_gn#branch_1_16                   0
a.xsectrl.a_gn#branch_1_17                   0
a.xsectrl.a_gn#branch_1_18                   0
a.xsectrl.a_gn#branch_1_19                   0
a.xsectrl.a_gn#branch_1_20                   0
a.xsectrl.a_gn#branch_1_21                   0
a.xsectrl.a_gn#branch_1_22                   0
a.xsectrl.a_gn#branch_1_23                   0
a.xsectrl.a_gn#branch_1_24                   0
a.xsectrl.a_gn#branch_1_25                   0
a.xsectrl.a_gn#branch_1_26                   0
a.xsectrl.a_gn#branch_1_27                   0
a.xsectrl.a_gn#branch_1_28                   0
a.xsectrl.a_gn#branch_1_29                   0
a.xsectrl.a_gn#branch_1_30                   0
a.xsectrl.a_gn#branch_1_31                   0
a.xsectrl.a_gn#branch_1_32                   0
a.xsectrl.a_gn#branch_1_33                   0
a.xsectrl.a_gn#branch_1_34                   0
a.xsectrl.a_gn#branch_1_35                   0
a.xsectrl.a_gn#branch_1_36                   0
a.xsectrl.a_gn#branch_1_37                   0
a.xsectrl.a_gn#branch_1_38                   0
a.xsectrl.a_gn#branch_1_39                   0
a.xsectrl.a_gn#branch_1_40                   0
a.xsectrl.a_gn#branch_1_41                   0
a.xsectrl.a_gn#branch_1_42                   0
a.xsectrl.a_gn#branch_1_43                   0
a.xsectrl.a_gn#branch_1_44                   0
a.xsectrl.a_gn#branch_1_45                   0
a.xsectrl.a_gn#branch_1_46                   0
a.xsectrl.a_gn#branch_1_47                   0
a.xsectrl.a_gn#branch_1_48                   0
a.xsectrl.a_gn#branch_1_49                   0
a.xsectrl.a_gn#branch_1_50                   0
a.xsectrl.a_gn#branch_1_51                   0
a.xsectrl.a_gn#branch_1_52                   0
a.xsectrl.a_gn#branch_1_53                   0
a.xsectrl.a_dout#branch_1_0                  0
a.xsectrl.a_dout#branch_1_1                  0
a.xsectrl.a_dout#branch_1_2                  0
a.xsectrl.a_dout#branch_1_3                  0
a.xsectrl.a_dout#branch_1_4                  0
a.xsectrl.a_dout#branch_1_5                  0
a.xsectrl.a_dout#branch_1_6                  0
a.xsectrl.a_dout#branch_1_7                  0
a.xsectrl.a_dout#branch_1_8                  0
a.xsectrl.a_dout#branch_1_9                  0
a.xsectrl.a_dout#branch_1_10                 0
a.xsectrl.a_dout#branch_1_11                 0
a.xsectrl.a_dout#branch_1_12                 0

 Reference value :  1.06400e-10
 Reference value :  3.16365e-08
 Reference value :  9.74363e-08
 Reference value :  1.87689e-07
 Reference value :  2.23606e-07
 Reference value :  2.81533e-07
 Reference value :  3.43798e-07
 Reference value :  4.06288e-07
 Reference value :  4.41272e-07
 Reference value :  5.02600e-07
 Reference value :  5.64958e-07
 Reference value :  6.25940e-07
 Reference value :  6.87846e-07
 Reference value :  7.50158e-07
 Reference value :  8.12500e-07
 Reference value :  8.44258e-07
 Reference value :  9.06350e-07
 Reference value :  9.68983e-07
 Reference value :  1.00927e-06
 Reference value :  1.09378e-06
 Reference value :  1.15663e-06
 Reference value :  1.21906e-06
 Reference value :  1.28134e-06
 Reference value :  1.33898e-06
 Reference value :  1.37785e-06
 Reference value :  1.43995e-06
 Reference value :  1.50227e-06
 Reference value :  1.56291e-06
 Reference value :  1.62532e-06
 Reference value :  1.68763e-06
 Reference value :  1.75013e-06
 Reference value :  1.81262e-06
 Reference value :  1.84435e-06
 Reference value :  1.90647e-06
 Reference value :  1.96909e-06
 Reference value :  2.00927e-06
 Reference value :  2.09378e-06
 Reference value :  2.15633e-06
 Reference value :  2.20498e-06
 Reference value :  2.25278e-06
 Reference value :  2.31294e-06
 Reference value :  2.37529e-06
 Reference value :  2.43763e-06
 Reference value :  2.47291e-06
 Reference value :  2.53155e-06
 Reference value :  2.59382e-06
 Reference value :  2.64665e-06
 Reference value :  2.69036e-06
 Reference value :  2.75255e-06
 Reference value :  2.81499e-06
 Reference value :  2.87538e-06
 Reference value :  2.93760e-06
 Reference value :  3.00056e-06
 Reference value :  3.03170e-06
 Reference value :  3.09445e-06
 Reference value :  3.18769e-06
 Reference value :  3.24540e-06
 Reference value :  3.28156e-06
 Reference value :  3.34380e-06
 Reference value :  3.40628e-06
 Reference value :  3.44032e-06
 Reference value :  3.50255e-06
 Reference value :  3.56501e-06
 Reference value :  3.62742e-06
 Reference value :  3.68818e-06
 Reference value :  3.75040e-06
 Reference value :  3.81270e-06
 Reference value :  3.84439e-06
 Reference value :  3.90635e-06
 Reference value :  3.96885e-06
 Reference value :  4.00288e-06
 Reference value :  4.06270e-06
 Reference value :  4.12544e-06
 Reference value :  4.18989e-06
 Reference value :  4.25266e-06
 Reference value :  4.31260e-06
 Reference value :  4.34443e-06
 Reference value :  4.40645e-06
 Reference value :  4.46882e-06
 Reference value :  4.53126e-06
 Reference value :  4.56567e-06
 Reference value :  4.62749e-06
 Reference value :  4.68802e-06
 Reference value :  4.75019e-06
 Reference value :  4.78237e-06
 Reference value :  4.84402e-06
 Reference value :  4.88770e-06
 Reference value :  4.96881e-06
 Reference value :  5.00255e-06
 Reference value :  5.06270e-06
 Reference value :  5.12552e-06
 Reference value :  5.18994e-06
 Reference value :  5.25266e-06
 Reference value :  5.31300e-06
 Reference value :  5.36089e-06
 Reference value :  5.40636e-06
 Reference value :  5.44075e-06
 Reference value :  5.50244e-06
 Reference value :  5.56284e-06
 Reference value :  5.61145e-06
 Reference value :  5.65642e-06
 Reference value :  5.71885e-06
 Reference value :  5.77941e-06
 Reference value :  5.81499e-06
 Reference value :  5.87727e-06
 Reference value :  5.93770e-06
 Reference value :  6.00048e-06
 Reference value :  6.03156e-06
 Reference value :  6.09406e-06
 Reference value :  6.15666e-06
 Reference value :  6.21883e-06
 Reference value :  6.25293e-06
 Reference value :  6.31493e-06
 Reference value :  6.37519e-06
 Reference value :  6.40669e-06
 Reference value :  6.46887e-06
 Reference value :  6.53130e-06
 Reference value :  6.56559e-06
 Reference value :  6.62752e-06
 Reference value :  6.68995e-06
 Reference value :  6.75236e-06
 Reference value :  6.81287e-06
 Reference value :  6.87503e-06
 Reference value :  6.90643e-06
 Reference value :  6.97666e-06
 Reference value :  7.03126e-06
 Reference value :  7.09380e-06
 Reference value :  7.14559e-06
 Reference value :  7.18996e-06
 Reference value :  7.25026e-06
 Reference value :  7.31270e-06
 Reference value :  7.34418e-06
 Reference value :  7.40633e-06
 Reference value :  7.44010e-06
 Reference value :  7.50239e-06
 Reference value :  7.56355e-06
 Reference value :  7.62532e-06
 Reference value :  7.68760e-06
 Reference value :  7.72120e-06
 Reference value :  7.78147e-06
 Reference value :  7.84383e-06
 Reference value :  7.90627e-06
 Reference value :  7.96895e-06
 Reference value :  8.00813e-06
 Reference value :  8.09398e-06
 Reference value :  8.18766e-06
 Reference value :  8.25001e-06
 Reference value :  8.28379e-06
 Reference value :  8.34395e-06
 Reference value :  8.40629e-06
 Reference value :  8.46880e-06
 Reference value :  8.53130e-06
 Reference value :  8.58761e-06
 Reference value :  8.62758e-06
 Reference value :  8.68984e-06
 Reference value :  8.75040e-06
 Reference value :  8.81260e-06
 Reference value :  8.86292e-06
 Reference value :  8.90649e-06
 Reference value :  8.96914e-06
 Reference value :  9.03127e-06
 Reference value :  9.09393e-06
 Reference value :  9.15650e-06
 Reference value :  9.21882e-06
 Reference value :  9.25302e-06
 Reference value :  9.31327e-06
 Reference value :  9.37511e-06
 Reference value :  9.43269e-06
 Reference value :  9.46918e-06
 Reference value :  9.53144e-06
 Reference value :  9.59383e-06
 Reference value :  9.65630e-06
 Reference value :  9.71316e-06
 Reference value :  9.75280e-06
 Reference value :  9.81508e-06
 Reference value :  9.87755e-06
 Reference value :  9.94005e-06
 Reference value :  1.00023e-05
 Reference value :  1.00320e-05
 Reference value :  1.01251e-05
 Reference value :  1.01877e-05
 Reference value :  1.02447e-05
 Reference value :  1.02819e-05
 Reference value :  1.03438e-05
 Reference value :  1.03785e-05
 Reference value :  1.04406e-05
 Reference value :  1.05025e-05
 Reference value :  1.05648e-05
 Reference value :  1.06253e-05
 Reference value :  1.06875e-05
 Reference value :  1.07227e-05
 Reference value :  1.07815e-05
 Reference value :  1.08441e-05
 Reference value :  1.09064e-05
 Reference value :  1.09693e-05
 Reference value :  1.10035e-05
 Reference value :  1.10939e-05
 Reference value :  1.11836e-05
 Reference value :  1.12198e-05
 Reference value :  1.12815e-05
 Reference value :  1.13232e-05
 Reference value :  1.13775e-05
 Reference value :  1.14380e-05
 Reference value :  1.15003e-05
 Reference value :  1.15626e-05
 Reference value :  1.15948e-05
 Reference value :  1.16564e-05
 Reference value :  1.17188e-05
 Reference value :  1.17813e-05
 Reference value :  1.18438e-05
 Reference value :  1.19063e-05
 Reference value :  1.19691e-05
 Reference value :  1.20313e-05
 Reference value :  1.20938e-05
 Reference value :  1.21566e-05
 Reference value :  1.22189e-05
 Reference value :  1.22813e-05
 Reference value :  1.23194e-05
 Reference value :  1.23757e-05
 Reference value :  1.24376e-05
 Reference value :  1.24811e-05
 Reference value :  1.25353e-05
 Reference value :  1.25943e-05
 Reference value :  1.26566e-05
 Reference value :  1.27190e-05
 Reference value :  1.27815e-05
 Reference value :  1.28440e-05
 Reference value :  1.29064e-05
 Reference value :  1.29771e-05
 Reference value :  1.30313e-05
 Reference value :  1.30938e-05
 Reference value :  1.31564e-05
 Reference value :  1.32188e-05
 Reference value :  1.32530e-05
 Reference value :  1.33139e-05
 Reference value :  1.33752e-05
 Reference value :  1.34376e-05
 Reference value :  1.35000e-05
 Reference value :  1.35593e-05
 Reference value :  1.35948e-05
 Reference value :  1.36565e-05
 Reference value :  1.37189e-05
 Reference value :  1.37815e-05
 Reference value :  1.38442e-05
 Reference value :  1.39065e-05
 Reference value :  1.39906e-05
 Reference value :  1.40313e-05
 Reference value :  1.40939e-05
 Reference value :  1.41875e-05
 Reference value :  1.42500e-05
 Reference value :  1.43022e-05
 Reference value :  1.43443e-05
 Reference value :  1.44065e-05
 Reference value :  1.44690e-05
 Reference value :  1.45314e-05
 Reference value :  1.45939e-05
 Reference value :  1.46564e-05
 Reference value :  1.47188e-05
 Reference value :  1.47813e-05
 Reference value :  1.48438e-05
 Reference value :  1.48780e-05
 Reference value :  1.49531e-05
 Reference value :  1.50027e-05
 Reference value :  1.50629e-05
 Reference value :  1.51563e-05
 Reference value :  1.52188e-05
 Reference value :  1.52530e-05
 Reference value :  1.53149e-05
 Reference value :  1.53759e-05
 Reference value :  1.54378e-05
 Reference value :  1.55004e-05
 Reference value :  1.55630e-05
 Reference value :  1.56254e-05
 Reference value :  1.56880e-05
 Reference value :  1.57520e-05
 Reference value :  1.58148e-05
 Reference value :  1.58760e-05
 Reference value :  1.59400e-05
 Reference value :  1.60028e-05
 Reference value :  1.60630e-05
 Reference value :  1.61476e-05
 Reference value :  1.61901e-05
 Reference value :  1.62530e-05
 Reference value :  1.63150e-05
 Reference value :  1.63776e-05
 Reference value :  1.64400e-05
 Reference value :  1.65024e-05
 Reference value :  1.65636e-05
 Reference value :  1.66252e-05
 Reference value :  1.66782e-05
 Reference value :  1.67198e-05
 Reference value :  1.67823e-05
 Reference value :  1.68440e-05
 Reference value :  1.68855e-05
 Reference value :  1.69651e-05
No. of Data Rows : 42775
icmpf000            =  -3.02946e-05 from=  3.00000e-06 to=  5.00001e-06
icdacf000           =  -8.67063e-06 from=  3.00000e-06 to=  5.00001e-06
itrkf000            =  -3.30109e-07 from=  3.00000e-06 to=  5.00001e-06
ireff000            =  -1.01924e-08 from=  3.00000e-06 to=  5.00001e-06
ivcmf000            =  -1.78968e-05 from=  3.00000e-06 to=  5.00001e-06
icmpf025            =  -3.03826e-05 from=  6.00000e-06 to=  8.00001e-06
icdacf025           =  -8.55338e-06 from=  6.00000e-06 to=  8.00001e-06
itrkf025            =  -3.33088e-07 from=  6.00000e-06 to=  8.00001e-06
ireff025            =  -7.47155e-06 from=  6.00000e-06 to=  8.00001e-06
ivcmf025            =  -1.08050e-05 from=  6.00000e-06 to=  8.00001e-06
icmpf050            =  -3.22539e-05 from=  9.00000e-06 to=  1.10000e-05
icdacf050           =  -8.89838e-06 from=  9.00000e-06 to=  1.10000e-05
itrkf050            =  -3.33774e-07 from=  9.00000e-06 to=  1.10000e-05
ireff050            =  -1.55207e-05 from=  9.00000e-06 to=  1.10000e-05
ivcmf050            =  -4.69520e-07 from=  9.00000e-06 to=  1.10000e-05
icmpf075            =  -3.00305e-05 from=  1.20000e-05 to=  1.40000e-05
icdacf075           =  -9.48972e-06 from=  1.20000e-05 to=  1.40000e-05
itrkf075            =  -3.34460e-07 from=  1.20000e-05 to=  1.40000e-05
ireff075            =  -1.53770e-05 from=  1.20000e-05 to=  1.40000e-05
ivcmf075            =  1.00090e-05 from=  1.20000e-05 to=  1.40000e-05
icmpf100            =  -2.99745e-05 from=  1.50000e-05 to=  1.70000e-05
icdacf100           =  -9.73469e-06 from=  1.50000e-05 to=  1.70000e-05
itrkf100            =  -3.36736e-07 from=  1.50000e-05 to=  1.70000e-05
ireff100            =  -1.20698e-05 from=  1.50000e-05 to=  1.70000e-05
ivcmf100            =  1.67631e-05 from=  1.50000e-05 to=  1.70000e-05
vddm                =  3.63000e+00
m_p_cmp_f000_uw = 1.0996954320e+02
m_p_cdac_f000_uw = 3.1474390530e+01
m_p_trk_f000_uw = 1.1982956700e+00
m_p_ref_f000_uw = 3.6998557200e-02
m_p_vcm_f000_uw = 3.2482601250e+01
m_p_total_f000_uw = 1.7516182921e+02
m_p_cmp_f025_uw = 1.1028872910e+02
m_p_cdac_f025_uw = 3.1048773030e+01
m_p_trk_f025_uw = 1.2091094400e+00
m_p_ref_f025_uw = 2.7121741020e+01
m_p_vcm_f025_uw = 1.9611002400e+01
m_p_total_f025_uw = 1.8927935499e+02
m_p_cmp_f050_uw = 1.1708176590e+02
m_p_cdac_f050_uw = 3.2301133920e+01
m_p_trk_f050_uw = 1.2115996200e+00
m_p_ref_f050_uw = 5.6340032100e+01
m_p_vcm_f050_uw = 8.5217916300e-01
m_p_total_f050_uw = 2.0778671070e+02
m_p_cmp_f075_uw = 1.0901064240e+02
m_p_cdac_f075_uw = 3.4447676340e+01
m_p_trk_f075_uw = 1.2140894370e+00
m_p_ref_f075_uw = 5.5818655200e+01
m_p_vcm_f075_uw = -1.816638945e+01
m_p_total_f075_uw = 1.8232467393e+02
m_p_cmp_f100_uw = 1.0880758020e+02
m_p_cdac_f100_uw = 3.5336935590e+01
m_p_trk_f100_uw = 1.2223520430e+00
m_p_ref_f100_uw = 4.3813228800e+01
m_p_vcm_f100_uw = -3.042504465e+01
m_p_total_f100_uw = 1.5875505198e+02
m_supply_v = 3.6300000000e+00
Note: Simulation executed from .control section 

Note: Starting dynamic gmin stepping
Note: Dynamic gmin stepping completed
