
Note: No compatibility mode selected!


Circuit: * adc-power @ ss_125c_2.97v -- generated by sim/harness, do not edit

Reducing trtol to 1 for xspice 'A' devices
Doing analysis at TEMP = 125.000000 and TNOM = 27.000000

Using SPARSE 1.3 as Direct Linear Solver

Initial Transient Solution
--------------------------

Node                                   Voltage
----                                   -------
clk                                          0
cmpclk                                       0
cmpclkb                                   2.97
vddt                                      2.97
vddd                                      2.97
vddc                                      2.97
vrefs                                     2.97
vrefn                                     2.97
vcmn                                     1.485
se_vinp                                      0
se_vinn                                  1.485
se_start                                     0
se_mode                                      0
se_cmp                                  1.2584
se_samp_tp_n                                 0
se_sel_in_n                                  0
se_drdy                                   2.97
se_c9                                        0
se_c8                                        0
se_c7                                        0
se_c6                                        0
se_c5                                        0
se_c4                                        0
se_c3                                        0
se_c2                                        0
se_c1                                        0
se_c0                                        0
se_rel_n_256p                             2.97
se_sel_hi_n_256p                             0
se_sel_lo_n_256p                             0
se_rel_n_128p                             2.97
se_sel_hi_n_128p                             0
se_sel_lo_n_128p                             0
se_rel_n_64p                              2.97
se_sel_hi_n_64p                              0
se_sel_lo_n_64p                              0
se_rel_n_32p                              2.97
se_sel_hi_n_32p                              0
se_sel_lo_n_32p                              0
se_rel_n_16p                              2.97
se_sel_hi_n_16p                              0
se_sel_lo_n_16p                              0
se_rel_n_8p                               2.97
se_sel_hi_n_8p                               0
se_sel_lo_n_8p                               0
se_rel_n_4p                               2.97
se_sel_hi_n_4p                               0
se_sel_lo_n_4p                               0
se_rel_n_2p                               2.97
se_sel_hi_n_2p                               0
se_sel_lo_n_2p                               0
se_rel_n_1p                               2.97
se_sel_hi_n_1p                               0
se_sel_lo_n_1p                               0
se_rel_n_256n                             2.97
se_sel_hi_n_256n                             0
se_sel_lo_n_256n                             0
se_rel_n_128n                             2.97
se_sel_hi_n_128n                             0
se_sel_lo_n_128n                             0
se_rel_n_64n                              2.97
se_sel_hi_n_64n                              0
se_sel_lo_n_64n                              0
se_rel_n_32n                              2.97
se_sel_hi_n_32n                              0
se_sel_lo_n_32n                              0
se_rel_n_16n                              2.97
se_sel_hi_n_16n                              0
se_sel_lo_n_16n                              0
se_rel_n_8n                               2.97
se_sel_hi_n_8n                               0
se_sel_lo_n_8n                               0
se_rel_n_4n                               2.97
se_sel_hi_n_4n                               0
se_sel_lo_n_4n                               0
se_rel_n_2n                               2.97
se_sel_hi_n_2n                               0
se_sel_lo_n_2n                               0
se_rel_n_1n                               2.97
se_sel_hi_n_1n                               0
se_sel_lo_n_1n                               0
se_pinp                            2.03211e-08
se_pinn                                  1.485
xsetswp.gp                                2.97
se_topp                                  1.485
xsetswn.gp                                2.97
se_topn                                  1.485
xsearrp.x256.bp                          1.485
xsearrp.x256.gp_in                        2.97
xsearrp.x256.gp_rel                2.98093e-09
xsearrp.x256.gp_hi                        2.97
xsearrp.x256.gp_lo                        2.97
xsearrp.x128.bp                          1.485
xsearrp.x128.gp_in                        2.97
xsearrp.x128.gp_rel                2.98093e-09
xsearrp.x128.gp_hi                        2.97
xsearrp.x128.gp_lo                        2.97
xsearrp.x64.bp                           1.485
xsearrp.x64.gp_in                         2.97
xsearrp.x64.gp_rel                 2.98093e-09
xsearrp.x64.gp_hi                         2.97
xsearrp.x64.gp_lo                         2.97
xsearrp.x32.bp                           1.485
xsearrp.x32.gp_in                         2.97
xsearrp.x32.gp_rel                 2.98093e-09
xsearrp.x32.gp_hi                         2.97
xsearrp.x32.gp_lo                         2.97
xsearrp.x16.bp                           1.485
xsearrp.x16.gp_in                         2.97
xsearrp.x16.gp_rel                 2.98093e-09
xsearrp.x16.gp_hi                         2.97
xsearrp.x16.gp_lo                         2.97
xsearrp.x8.bp                            1.485
xsearrp.x8.gp_in                          2.97
xsearrp.x8.gp_rel                  2.98093e-09
xsearrp.x8.gp_hi                          2.97
xsearrp.x8.gp_lo                          2.97
xsearrp.x4.bp                            1.485
xsearrp.x4.gp_in                          2.97
xsearrp.x4.gp_rel                  2.98093e-09
xsearrp.x4.gp_hi                          2.97
xsearrp.x4.gp_lo                          2.97
xsearrp.x2.bp                            1.485
xsearrp.x2.gp_in                          2.97
xsearrp.x2.gp_rel                  2.98093e-09
xsearrp.x2.gp_hi                          2.97
xsearrp.x2.gp_lo                          2.97
xsearrp.x1.bp                            1.485
xsearrp.x1.gp_in                          2.97
xsearrp.x1.gp_rel                  2.98093e-09
xsearrp.x1.gp_hi                          2.97
xsearrp.x1.gp_lo                          2.97
xsearrn.x256.bp                          1.485
xsearrn.x256.gp_in                        2.97
xsearrn.x256.gp_rel                2.98093e-09
xsearrn.x256.gp_hi                        2.97
xsearrn.x256.gp_lo                        2.97
xsearrn.x128.bp                          1.485
xsearrn.x128.gp_in                        2.97
xsearrn.x128.gp_rel                2.98093e-09
xsearrn.x128.gp_hi                        2.97
xsearrn.x128.gp_lo                        2.97
xsearrn.x64.bp                           1.485
xsearrn.x64.gp_in                         2.97
xsearrn.x64.gp_rel                 2.98093e-09
xsearrn.x64.gp_hi                         2.97
xsearrn.x64.gp_lo                         2.97
xsearrn.x32.bp                           1.485
xsearrn.x32.gp_in                         2.97
xsearrn.x32.gp_rel                 2.98093e-09
xsearrn.x32.gp_hi                         2.97
xsearrn.x32.gp_lo                         2.97
xsearrn.x16.bp                           1.485
xsearrn.x16.gp_in                         2.97
xsearrn.x16.gp_rel                 2.98093e-09
xsearrn.x16.gp_hi                         2.97
xsearrn.x16.gp_lo                         2.97
xsearrn.x8.bp                            1.485
xsearrn.x8.gp_in                          2.97
xsearrn.x8.gp_rel                  2.98093e-09
xsearrn.x8.gp_hi                          2.97
xsearrn.x8.gp_lo                          2.97
xsearrn.x4.bp                            1.485
xsearrn.x4.gp_in                          2.97
xsearrn.x4.gp_rel                  2.98093e-09
xsearrn.x4.gp_hi                          2.97
xsearrn.x4.gp_lo                          2.97
xsearrn.x2.bp                            1.485
xsearrn.x2.gp_in                          2.97
xsearrn.x2.gp_rel                  2.98093e-09
xsearrn.x2.gp_hi                          2.97
xsearrn.x2.gp_lo                          2.97
xsearrn.x1.bp                            1.485
xsearrn.x1.gp_in                          2.97
xsearrn.x1.gp_rel                  2.98093e-09
xsearrn.x1.gp_hi                          2.97
xsearrn.x1.gp_lo                          2.97
se_ibias                              0.792214
xsecmp.xpre.ptail                     0.615066
xsecmp.pon                             2.10923
xsecmp.preamp_in1                        1.485
xsecmp.pop                             2.10923
xsecmp.preamp_in2                        1.485
xsecmp.xpre.xrlp.11                    2.96972
xsecmp.xpre.xrlp.21                    2.10951
xsecmp.xpre.xrln.11                    2.96972
xsecmp.xpre.xrln.21                    2.10951
xsecmp.xlat.ltail                      1.54985
xsecmp.xlat.dip                           2.97
xsecmp.xlat.din                           2.97
xsecmp.outn                               2.97
xsecmp.outp                               2.97
xsecmp.sset                         9.6402e-09
xsecmp.srst                         9.6402e-09
xsecmp.xno1.ps                          2.8142
se_cmpb                                 1.2584
xsecmp.xno2.ps                          2.8142
se_dacp                            1.11022e-16
se_dacn                            1.11022e-16
se_di                                    1.485
se_err                                     512
se_aerrh                                     0
se_code                                      0
bsecode#branch                               0
bseea#branch                                 0
bsee#branch                                  0
bsedi#branch                                 0
bsedacn#branch                               0
bsedacp#branch                               0
lref#branch                        1.96492e-10
v.xsecmp.vpn#branch               -5.26744e-28
v.xsecmp.vpp#branch               -4.98467e-28
vsemode#branch                               0
vsestart#branch                              0
vsevinn#branch                     3.46945e-17
vseinp#branch                      8.12844e-10
vcms#branch                        -2.2108e-09
vrefs#branch                      -1.96492e-10
vddc#branch                       -0.000315684
vddd#branch                       -1.18143e-09
vddt#branch                       -3.82266e-11
vcmpclkb#branch                              0
vcmpclk#branch                               0
vclk#branch                                  0
a.xsectrl.a_gn#branch_1_0                    0
a.xsectrl.a_gn#branch_1_1                    0
a.xsectrl.a_gn#branch_1_2                    0
a.xsectrl.a_gn#branch_1_3                    0
a.xsectrl.a_gn#branch_1_4                    0
a.xsectrl.a_gn#branch_1_5                    0
a.xsectrl.a_gn#branch_1_6                    0
a.xsectrl.a_gn#branch_1_7                    0
a.xsectrl.a_gn#branch_1_8                    0
a.xsectrl.a_gn#branch_1_9                    0
a.xsectrl.a_gn#branch_1_10                   0
a.xsectrl.a_gn#branch_1_11                   0
a.xsectrl.a_gn#branch_1_12                   0
a.xsectrl.a_gn#branch_1_13                   0
a.xsectrl.a_gn#branch_1_14                   0
a.xsectrl.a_gn#branch_1_15                   0
a.xsectrl.a_gn#branch_1_16                   0
a.xsectrl.a_gn#branch_1_17                   0
a.xsectrl.a_gn#branch_1_18                   0
a.xsectrl.a_gn#branch_1_19                   0
a.xsectrl.a_gn#branch_1_20                   0
a.xsectrl.a_gn#branch_1_21                   0
a.xsectrl.a_gn#branch_1_22                   0
a.xsectrl.a_gn#branch_1_23                   0
a.xsectrl.a_gn#branch_1_24                   0
a.xsectrl.a_gn#branch_1_25                   0
a.xsectrl.a_gn#branch_1_26                   0
a.xsectrl.a_gn#branch_1_27                   0
a.xsectrl.a_gn#branch_1_28                   0
a.xsectrl.a_gn#branch_1_29                   0
a.xsectrl.a_gn#branch_1_30                   0
a.xsectrl.a_gn#branch_1_31                   0
a.xsectrl.a_gn#branch_1_32                   0
a.xsectrl.a_gn#branch_1_33                   0
a.xsectrl.a_gn#branch_1_34                   0
a.xsectrl.a_gn#branch_1_35                   0
a.xsectrl.a_gn#branch_1_36                   0
a.xsectrl.a_gn#branch_1_37                   0
a.xsectrl.a_gn#branch_1_38                   0
a.xsectrl.a_gn#branch_1_39                   0
a.xsectrl.a_gn#branch_1_40                   0
a.xsectrl.a_gn#branch_1_41                   0
a.xsectrl.a_gn#branch_1_42                   0
a.xsectrl.a_gn#branch_1_43                   0
a.xsectrl.a_gn#branch_1_44                   0
a.xsectrl.a_gn#branch_1_45                   0
a.xsectrl.a_gn#branch_1_46                   0
a.xsectrl.a_gn#branch_1_47                   0
a.xsectrl.a_gn#branch_1_48                   0
a.xsectrl.a_gn#branch_1_49                   0
a.xsectrl.a_gn#branch_1_50                   0
a.xsectrl.a_gn#branch_1_51                   0
a.xsectrl.a_gn#branch_1_52                   0
a.xsectrl.a_gn#branch_1_53                   0
a.xsectrl.a_dout#branch_1_0                  0
a.xsectrl.a_dout#branch_1_1                  0
a.xsectrl.a_dout#branch_1_2                  0
a.xsectrl.a_dout#branch_1_3                  0
a.xsectrl.a_dout#branch_1_4                  0
a.xsectrl.a_dout#branch_1_5                  0
a.xsectrl.a_dout#branch_1_6                  0
a.xsectrl.a_dout#branch_1_7                  0
a.xsectrl.a_dout#branch_1_8                  0
a.xsectrl.a_dout#branch_1_9                  0
a.xsectrl.a_dout#branch_1_10                 0
a.xsectrl.a_dout#branch_1_11                 0
a.xsectrl.a_dout#branch_1_12                 0

 Reference value :  2.43929e-09
 Reference value :  3.18620e-08
 Reference value :  9.61240e-08
 Reference value :  1.87684e-07
 Reference value :  2.50200e-07
 Reference value :  3.12530e-07
 Reference value :  3.67140e-07
 Reference value :  4.30281e-07
 Reference value :  4.69863e-07
 Reference value :  5.31898e-07
 Reference value :  5.94293e-07
 Reference value :  6.56685e-07
 Reference value :  7.18950e-07
 Reference value :  7.81726e-07
 Reference value :  8.44374e-07
 Reference value :  9.06353e-07
 Reference value :  9.69132e-07
 Reference value :  1.02958e-06
 Reference value :  1.09386e-06
 Reference value :  1.15705e-06
 Reference value :  1.21942e-06
 Reference value :  1.28135e-06
 Reference value :  1.32333e-06
 Reference value :  1.38683e-06
 Reference value :  1.44151e-06
 Reference value :  1.50290e-06
 Reference value :  1.56509e-06
 Reference value :  1.62749e-06
 Reference value :  1.68988e-06
 Reference value :  1.75231e-06
 Reference value :  1.81477e-06
 Reference value :  1.87595e-06
 Reference value :  1.93828e-06
 Reference value :  2.00265e-06
 Reference value :  2.06274e-06
 Reference value :  2.13559e-06
 Reference value :  2.19198e-06
 Reference value :  2.25291e-06
 Reference value :  2.31328e-06
 Reference value :  2.37554e-06
 Reference value :  2.43857e-06
 Reference value :  2.50123e-06
 Reference value :  2.56368e-06
 Reference value :  2.62579e-06
 Reference value :  2.68790e-06
 Reference value :  2.75014e-06
 Reference value :  2.81260e-06
 Reference value :  2.85750e-06
 Reference value :  2.93553e-06
 Reference value :  3.00227e-06
 Reference value :  3.04756e-06
 Reference value :  3.12520e-06
 Reference value :  3.18984e-06
 Reference value :  3.25266e-06
 Reference value :  3.31301e-06
 Reference value :  3.37599e-06
 Reference value :  3.44000e-06
 Reference value :  3.50260e-06
 Reference value :  3.56540e-06
 Reference value :  3.62851e-06
 Reference value :  3.69282e-06
 Reference value :  3.75830e-06
 Reference value :  3.81939e-06
 Reference value :  3.87760e-06
 Reference value :  3.96885e-06
 Reference value :  4.00525e-06
 Reference value :  4.09378e-06
 Reference value :  4.15642e-06
 Reference value :  4.21882e-06
 Reference value :  4.25500e-06
 Reference value :  4.31506e-06
 Reference value :  4.37758e-06
 Reference value :  4.44032e-06
 Reference value :  4.50290e-06
 Reference value :  4.56917e-06
 Reference value :  4.63480e-06
 Reference value :  4.71875e-06
 Reference value :  4.78130e-06
 Reference value :  4.84380e-06
 Reference value :  4.89400e-06
 Reference value :  4.96901e-06
 Reference value :  5.03128e-06
 Reference value :  5.09493e-06
 Reference value :  5.18770e-06
 Reference value :  5.25018e-06
 Reference value :  5.31299e-06
 Reference value :  5.37530e-06
 Reference value :  5.43770e-06
 Reference value :  5.50021e-06
 Reference value :  5.56260e-06
 Reference value :  5.62501e-06
 Reference value :  5.68760e-06
 Reference value :  5.75006e-06
 Reference value :  5.81253e-06
 Reference value :  5.87500e-06
 Reference value :  5.90679e-06
 Reference value :  5.97617e-06
 Reference value :  6.03146e-06
 Reference value :  6.09490e-06
 Reference value :  6.18770e-06
 Reference value :  6.25049e-06
 Reference value :  6.31307e-06
 Reference value :  6.37520e-06
 Reference value :  6.43763e-06
 Reference value :  6.50013e-06
 Reference value :  6.56271e-06
 Reference value :  6.62579e-06
 Reference value :  6.68977e-06
 Reference value :  6.75249e-06
 Reference value :  6.81501e-06
 Reference value :  6.87755e-06
 Reference value :  6.94988e-06
 Reference value :  7.00300e-06
 Reference value :  7.09383e-06
 Reference value :  7.15710e-06
 Reference value :  7.22019e-06
 Reference value :  7.28186e-06
 Reference value :  7.34390e-06
 Reference value :  7.40629e-06
 Reference value :  7.44273e-06
 Reference value :  7.50479e-06
 Reference value :  7.57677e-06
 Reference value :  7.65632e-06
 Reference value :  7.71883e-06
 Reference value :  7.78128e-06
 Reference value :  7.84224e-06
 Reference value :  7.87995e-06
 Reference value :  7.96880e-06
 Reference value :  8.00309e-06
 Reference value :  8.09409e-06
 Reference value :  8.18780e-06
 Reference value :  8.25074e-06
 Reference value :  8.31484e-06
 Reference value :  8.37735e-06
 Reference value :  8.44001e-06
 Reference value :  8.50306e-06
 Reference value :  8.56692e-06
 Reference value :  8.64582e-06
 Reference value :  8.70612e-06
 Reference value :  8.75548e-06
 Reference value :  8.81867e-06
 Reference value :  8.88207e-06
 Reference value :  8.96890e-06
 Reference value :  9.00330e-06
 Reference value :  9.09402e-06
 Reference value :  9.15801e-06
 Reference value :  9.23509e-06
 Reference value :  9.28236e-06
 Reference value :  9.34394e-06
 Reference value :  9.40627e-06
 Reference value :  9.46885e-06
 Reference value :  9.53135e-06
 Reference value :  9.59390e-06
 Reference value :  9.65645e-06
 Reference value :  9.71895e-06
 Reference value :  9.78147e-06
 Reference value :  9.84420e-06
 Reference value :  9.90645e-06
 Reference value :  9.97234e-06
 Reference value :  1.00312e-05
 Reference value :  1.00696e-05
 Reference value :  1.01563e-05
 Reference value :  1.02188e-05
 Reference value :  1.02800e-05
 Reference value :  1.03151e-05
 Reference value :  1.03775e-05
 Reference value :  1.04400e-05
 Reference value :  1.05024e-05
 Reference value :  1.05648e-05
 Reference value :  1.06259e-05
 Reference value :  1.06880e-05
 Reference value :  1.07504e-05
 Reference value :  1.08127e-05
 Reference value :  1.08750e-05
 Reference value :  1.09267e-05
 Reference value :  1.09707e-05
 Reference value :  1.10314e-05
 Reference value :  1.11252e-05
 Reference value :  1.11901e-05
 Reference value :  1.12530e-05
 Reference value :  1.13148e-05
 Reference value :  1.13754e-05
 Reference value :  1.14376e-05
 Reference value :  1.14926e-05
 Reference value :  1.15364e-05
 Reference value :  1.15946e-05
 Reference value :  1.16567e-05
 Reference value :  1.17223e-05
 Reference value :  1.18125e-05
 Reference value :  1.18750e-05
 Reference value :  1.19068e-05
 Reference value :  1.19928e-05
 Reference value :  1.20314e-05
 Reference value :  1.20941e-05
 Reference value :  1.21576e-05
 Reference value :  1.22195e-05
 Reference value :  1.22817e-05
 Reference value :  1.23438e-05
 Reference value :  1.24063e-05
 Reference value :  1.24688e-05
 Reference value :  1.25313e-05
 Reference value :  1.25938e-05
 Reference value :  1.26497e-05
 Reference value :  1.27041e-05
 Reference value :  1.27813e-05
 Reference value :  1.28438e-05
 Reference value :  1.28801e-05
 Reference value :  1.29689e-05
 Reference value :  1.30300e-05
 Reference value :  1.30940e-05
 Reference value :  1.31574e-05
 Reference value :  1.32194e-05
 Reference value :  1.32814e-05
 Reference value :  1.33438e-05
 Reference value :  1.33779e-05
 Reference value :  1.34398e-05
 Reference value :  1.35015e-05
 Reference value :  1.35643e-05
 Reference value :  1.36256e-05
 Reference value :  1.36879e-05
 Reference value :  1.37502e-05
 Reference value :  1.38126e-05
 Reference value :  1.38751e-05
 Reference value :  1.39071e-05
 Reference value :  1.40002e-05
 Reference value :  1.40495e-05
 Reference value :  1.41395e-05
 Reference value :  1.42189e-05
 Reference value :  1.42816e-05
 Reference value :  1.43443e-05
 Reference value :  1.44080e-05
 Reference value :  1.44692e-05
 Reference value :  1.45315e-05
 Reference value :  1.45940e-05
 Reference value :  1.46564e-05
 Reference value :  1.47188e-05
 Reference value :  1.47813e-05
 Reference value :  1.48438e-05
 Reference value :  1.48776e-05
 Reference value :  1.49652e-05
 Reference value :  1.50029e-05
 Reference value :  1.50636e-05
 Reference value :  1.51564e-05
 Reference value :  1.51906e-05
 Reference value :  1.52530e-05
 Reference value :  1.53151e-05
 Reference value :  1.53895e-05
 Reference value :  1.54688e-05
 Reference value :  1.55313e-05
 Reference value :  1.55938e-05
 Reference value :  1.56564e-05
 Reference value :  1.57189e-05
 Reference value :  1.57813e-05
 Reference value :  1.58438e-05
 Reference value :  1.59063e-05
 Reference value :  1.60000e-05
 Reference value :  1.60318e-05
 Reference value :  1.61132e-05
 Reference value :  1.61877e-05
 Reference value :  1.62323e-05
 Reference value :  1.63112e-05
 Reference value :  1.63752e-05
 Reference value :  1.64379e-05
 Reference value :  1.65007e-05
 Reference value :  1.65628e-05
 Reference value :  1.66252e-05
 Reference value :  1.66878e-05
 Reference value :  1.67504e-05
 Reference value :  1.68128e-05
 Reference value :  1.68528e-05
 Reference value :  1.69078e-05
No. of Data Rows : 40879
icmpf000            =  -2.70045e-05 from=  3.00000e-06 to=  5.00001e-06
icdacf000           =  -4.64137e-06 from=  3.00000e-06 to=  5.00001e-06
itrkf000            =  -1.75090e-07 from=  3.00000e-06 to=  5.00001e-06
ireff000            =  -1.90212e-09 from=  3.00000e-06 to=  5.00001e-06
ivcmf000            =  -1.35013e-05 from=  3.00000e-06 to=  5.00001e-06
icmpf025            =  -2.72729e-05 from=  6.00000e-06 to=  8.00001e-06
icdacf025           =  -4.98502e-06 from=  6.00000e-06 to=  8.00001e-06
itrkf025            =  -1.78414e-07 from=  6.00000e-06 to=  8.00001e-06
ireff025            =  -7.33497e-06 from=  6.00000e-06 to=  8.00001e-06
ivcmf025            =  -8.96898e-06 from=  6.00000e-06 to=  8.00001e-06
icmpf050            =  -2.85454e-05 from=  9.00000e-06 to=  1.10000e-05
icdacf050           =  -4.95802e-06 from=  9.00000e-06 to=  1.10000e-05
itrkf050            =  -1.80595e-07 from=  9.00000e-06 to=  1.10000e-05
ireff050            =  -1.48577e-05 from=  9.00000e-06 to=  1.10000e-05
ivcmf050            =  -1.14674e-07 from=  9.00000e-06 to=  1.10000e-05
icmpf075            =  -2.71780e-05 from=  1.20000e-05 to=  1.40000e-05
icdacf075           =  -5.01060e-06 from=  1.20000e-05 to=  1.40000e-05
itrkf075            =  -1.82953e-07 from=  1.20000e-05 to=  1.40000e-05
ireff075            =  -1.50583e-05 from=  1.20000e-05 to=  1.40000e-05
ivcmf075            =  8.70276e-06 from=  1.20000e-05 to=  1.40000e-05
icmpf100            =  -2.72931e-05 from=  1.50000e-05 to=  1.70000e-05
icdacf100           =  -5.47763e-06 from=  1.50000e-05 to=  1.70000e-05
itrkf100            =  -1.85086e-07 from=  1.50000e-05 to=  1.70000e-05
ireff100            =  -1.12324e-05 from=  1.50000e-05 to=  1.70000e-05
ivcmf100            =  1.39174e-05 from=  1.50000e-05 to=  1.70000e-05
vddm                =  2.97000e+00
m_p_cmp_f000_uw = 8.0203365000e+01
m_p_cdac_f000_uw = 1.3784859990e+01
m_p_trk_f000_uw = 5.2001759700e-01
m_p_ref_f000_uw = 5.6492993700e-03
m_p_vcm_f000_uw = 2.0049400800e+01
m_p_total_f000_uw = 1.1456329269e+02
m_p_cmp_f025_uw = 8.1000572400e+01
m_p_cdac_f025_uw = 1.4805521280e+01
m_p_trk_f025_uw = 5.2989106500e-01
m_p_ref_f025_uw = 2.1784846050e+01
m_p_vcm_f025_uw = 1.3318938270e+01
m_p_total_f025_uw = 1.3143976906e+02
m_p_cmp_f050_uw = 8.4779838000e+01
m_p_cdac_f050_uw = 1.4725325340e+01
m_p_trk_f050_uw = 5.3636804100e-01
m_p_ref_f050_uw = 4.4127220500e+01
m_p_vcm_f050_uw = 1.7029163250e-01
m_p_total_f050_uw = 1.4433904351e+02
m_p_cmp_f075_uw = 8.0718719400e+01
m_p_cdac_f075_uw = 1.4881476060e+01
m_p_trk_f075_uw = 5.4337100400e-01
m_p_ref_f075_uw = 4.4723269800e+01
m_p_vcm_f075_uw = -1.292359414e+01
m_p_total_f075_uw = 1.2794324212e+02
m_p_cmp_f100_uw = 8.1060388200e+01
m_p_cdac_f100_uw = 1.6268567040e+01
m_p_trk_f100_uw = 5.4970393500e-01
m_p_ref_f100_uw = 3.3360109200e+01
m_p_vcm_f100_uw = -2.066726475e+01
m_p_total_f100_uw = 1.1057150363e+02
m_supply_v = 2.9700000000e+00
Note: Simulation executed from .control section 

Note: Starting dynamic gmin stepping
Note: Dynamic gmin stepping completed
