
Note: No compatibility mode selected!


Circuit: * vcm-drive-impedance @ moscap_ff_27c_3.30v -- generated by sim/harness, do not edit

Reducing trtol to 1 for xspice 'A' devices
Doing analysis at TEMP = 27.000000 and TNOM = 27.000000

Using SPARSE 1.3 as Direct Linear Solver

Initial Transient Solution
--------------------------

Node                                   Voltage
----                                   -------
clk                                          0
cmpclk                                       0
cmpclkb                                    3.3
vddt                                       3.3
vddd                                       3.3
vddc                                       3.3
vrefs                                      3.3
vrefn                                      3.3
vcmi                                      1.65
vcmn                                      1.65
se_vinp                             0.00402832
se_vinn                                   1.65
se_start                                     0
se_mode                                      0
se_cmp                                 1.36609
se_samp_tp_n                                 0
se_sel_in_n                                  0
se_drdy                                    3.3
se_c9                                        0
se_c8                                        0
se_c7                                        0
se_c6                                        0
se_c5                                        0
se_c4                                        0
se_c3                                        0
se_c2                                        0
se_c1                                        0
se_c0                                        0
se_rel_n_256p                              3.3
se_sel_hi_n_256p                             0
se_sel_lo_n_256p                             0
se_rel_n_128p                              3.3
se_sel_hi_n_128p                             0
se_sel_lo_n_128p                             0
se_rel_n_64p                               3.3
se_sel_hi_n_64p                              0
se_sel_lo_n_64p                              0
se_rel_n_32p                               3.3
se_sel_hi_n_32p                              0
se_sel_lo_n_32p                              0
se_rel_n_16p                               3.3
se_sel_hi_n_16p                              0
se_sel_lo_n_16p                              0
se_rel_n_8p                                3.3
se_sel_hi_n_8p                               0
se_sel_lo_n_8p                               0
se_rel_n_4p                                3.3
se_sel_hi_n_4p                               0
se_sel_lo_n_4p                               0
se_rel_n_2p                                3.3
se_sel_hi_n_2p                               0
se_sel_lo_n_2p                               0
se_rel_n_1p                                3.3
se_sel_hi_n_1p                               0
se_sel_lo_n_1p                               0
se_rel_n_256n                              3.3
se_sel_hi_n_256n                             0
se_sel_lo_n_256n                             0
se_rel_n_128n                              3.3
se_sel_hi_n_128n                             0
se_sel_lo_n_128n                             0
se_rel_n_64n                               3.3
se_sel_hi_n_64n                              0
se_sel_lo_n_64n                              0
se_rel_n_32n                               3.3
se_sel_hi_n_32n                              0
se_sel_lo_n_32n                              0
se_rel_n_16n                               3.3
se_sel_hi_n_16n                              0
se_sel_lo_n_16n                              0
se_rel_n_8n                                3.3
se_sel_hi_n_8n                               0
se_sel_lo_n_8n                               0
se_rel_n_4n                                3.3
se_sel_hi_n_4n                               0
se_sel_lo_n_4n                               0
se_rel_n_2n                                3.3
se_sel_hi_n_2n                               0
se_sel_lo_n_2n                               0
se_rel_n_1n                                3.3
se_sel_hi_n_1n                               0
se_sel_lo_n_1n                               0
se_pinp                             0.00402832
se_pinn                                   1.65
xsetswp.gp                                 3.3
se_topp                                   1.65
xsetswn.gp                                 3.3
se_topn                                   1.65
xsearrp.x256.bp                           1.65
xsearrp.x256.gp_in                         3.3
xsearrp.x256.gp_rel                1.72047e-09
xsearrp.x256.gp_hi                         3.3
xsearrp.x256.gp_lo                         3.3
xsearrp.x128.bp                           1.65
xsearrp.x128.gp_in                         3.3
xsearrp.x128.gp_rel                1.72047e-09
xsearrp.x128.gp_hi                         3.3
xsearrp.x128.gp_lo                         3.3
xsearrp.x64.bp                            1.65
xsearrp.x64.gp_in                          3.3
xsearrp.x64.gp_rel                 1.72047e-09
xsearrp.x64.gp_hi                          3.3
xsearrp.x64.gp_lo                          3.3
xsearrp.x32.bp                            1.65
xsearrp.x32.gp_in                          3.3
xsearrp.x32.gp_rel                 1.72047e-09
xsearrp.x32.gp_hi                          3.3
xsearrp.x32.gp_lo                          3.3
xsearrp.x16.bp                            1.65
xsearrp.x16.gp_in                          3.3
xsearrp.x16.gp_rel                 1.72047e-09
xsearrp.x16.gp_hi                          3.3
xsearrp.x16.gp_lo                          3.3
xsearrp.x8.bp                             1.65
xsearrp.x8.gp_in                           3.3
xsearrp.x8.gp_rel                  1.72047e-09
xsearrp.x8.gp_hi                           3.3
xsearrp.x8.gp_lo                           3.3
xsearrp.x4.bp                             1.65
xsearrp.x4.gp_in                           3.3
xsearrp.x4.gp_rel                  1.72047e-09
xsearrp.x4.gp_hi                           3.3
xsearrp.x4.gp_lo                           3.3
xsearrp.x2.bp                             1.65
xsearrp.x2.gp_in                           3.3
xsearrp.x2.gp_rel                  1.72047e-09
xsearrp.x2.gp_hi                           3.3
xsearrp.x2.gp_lo                           3.3
xsearrp.x1.bp                             1.65
xsearrp.x1.gp_in                           3.3
xsearrp.x1.gp_rel                  1.72047e-09
xsearrp.x1.gp_hi                           3.3
xsearrp.x1.gp_lo                           3.3
xsearrn.x256.bp                           1.65
xsearrn.x256.gp_in                         3.3
xsearrn.x256.gp_rel                1.72047e-09
xsearrn.x256.gp_hi                         3.3
xsearrn.x256.gp_lo                         3.3
xsearrn.x128.bp                           1.65
xsearrn.x128.gp_in                         3.3
xsearrn.x128.gp_rel                1.72047e-09
xsearrn.x128.gp_hi                         3.3
xsearrn.x128.gp_lo                         3.3
xsearrn.x64.bp                            1.65
xsearrn.x64.gp_in                          3.3
xsearrn.x64.gp_rel                 1.72047e-09
xsearrn.x64.gp_hi                          3.3
xsearrn.x64.gp_lo                          3.3
xsearrn.x32.bp                            1.65
xsearrn.x32.gp_in                          3.3
xsearrn.x32.gp_rel                 1.72047e-09
xsearrn.x32.gp_hi                          3.3
xsearrn.x32.gp_lo                          3.3
xsearrn.x16.bp                            1.65
xsearrn.x16.gp_in                          3.3
xsearrn.x16.gp_rel                 1.72047e-09
xsearrn.x16.gp_hi                          3.3
xsearrn.x16.gp_lo                          3.3
xsearrn.x8.bp                             1.65
xsearrn.x8.gp_in                           3.3
xsearrn.x8.gp_rel                  1.72047e-09
xsearrn.x8.gp_hi                           3.3
xsearrn.x8.gp_lo                           3.3
xsearrn.x4.bp                             1.65
xsearrn.x4.gp_in                           3.3
xsearrn.x4.gp_rel                  1.72047e-09
xsearrn.x4.gp_hi                           3.3
xsearrn.x4.gp_lo                           3.3
xsearrn.x2.bp                             1.65
xsearrn.x2.gp_in                           3.3
xsearrn.x2.gp_rel                  1.72047e-09
xsearrn.x2.gp_hi                           3.3
xsearrn.x2.gp_lo                           3.3
xsearrn.x1.bp                             1.65
xsearrn.x1.gp_in                           3.3
xsearrn.x1.gp_rel                  1.72047e-09
xsearrn.x1.gp_hi                           3.3
xsearrn.x1.gp_lo                           3.3
se_ibias                              0.753672
xsecmp.xpre.ptail                     0.759766
xsecmp.pon                             2.52755
xsecmp.preamp_in1                         1.65
xsecmp.pop                             2.52755
xsecmp.preamp_in2                         1.65
xsecmp.xpre.xrlp.11                    3.29957
xsecmp.xpre.xrlp.21                    2.52799
xsecmp.xpre.xrln.11                    3.29957
xsecmp.xpre.xrln.21                    2.52799
xsecmp.xlat.ltail                      1.87063
xsecmp.xlat.dip                            3.3
xsecmp.xlat.din                            3.3
xsecmp.outn                                3.3
xsecmp.outp                                3.3
xsecmp.sset                        6.32069e-09
xsecmp.srst                        6.32069e-09
xsecmp.xno1.ps                         3.08698
se_cmpb                                1.36609
xsecmp.xno2.ps                         3.08698
se_dacp                            1.11022e-16
se_dacn                            1.11022e-16
se_di                                  1.64597
se_err                                  510.75
se_aerrh                                     0
se_code                                      0
bsecode#branch                               0
bseea#branch                                 0
bsee#branch                                  0
bsedi#branch                                 0
bsedacn#branch                               0
bsedacp#branch                               0
lvcm#branch                        5.62963e-11
lref#branch                        6.07771e-11
v.xsecmp.vpn#branch                7.03639e-28
v.xsecmp.vpp#branch                2.99724e-28
vsemode#branch                               0
vsestart#branch                              0
vsevinn#branch                               0
vseinp#branch                      5.76163e-11
vcmi#branch                       -5.62963e-11
vrefs#branch                      -6.07771e-11
vddc#branch                       -0.000614584
vddd#branch                       -5.47472e-10
vddt#branch                          -1.38e-11
vcmpclkb#branch                              0
vcmpclk#branch                               0
vclk#branch                                  0
a.xsectrl.a_gn#branch_1_0                    0
a.xsectrl.a_gn#branch_1_1                    0
a.xsectrl.a_gn#branch_1_2                    0
a.xsectrl.a_gn#branch_1_3                    0
a.xsectrl.a_gn#branch_1_4                    0
a.xsectrl.a_gn#branch_1_5                    0
a.xsectrl.a_gn#branch_1_6                    0
a.xsectrl.a_gn#branch_1_7                    0
a.xsectrl.a_gn#branch_1_8                    0
a.xsectrl.a_gn#branch_1_9                    0
a.xsectrl.a_gn#branch_1_10                   0
a.xsectrl.a_gn#branch_1_11                   0
a.xsectrl.a_gn#branch_1_12                   0
a.xsectrl.a_gn#branch_1_13                   0
a.xsectrl.a_gn#branch_1_14                   0
a.xsectrl.a_gn#branch_1_15                   0
a.xsectrl.a_gn#branch_1_16                   0
a.xsectrl.a_gn#branch_1_17                   0
a.xsectrl.a_gn#branch_1_18                   0
a.xsectrl.a_gn#branch_1_19                   0
a.xsectrl.a_gn#branch_1_20                   0
a.xsectrl.a_gn#branch_1_21                   0
a.xsectrl.a_gn#branch_1_22                   0
a.xsectrl.a_gn#branch_1_23                   0
a.xsectrl.a_gn#branch_1_24                   0
a.xsectrl.a_gn#branch_1_25                   0
a.xsectrl.a_gn#branch_1_26                   0
a.xsectrl.a_gn#branch_1_27                   0
a.xsectrl.a_gn#branch_1_28                   0
a.xsectrl.a_gn#branch_1_29                   0
a.xsectrl.a_gn#branch_1_30                   0
a.xsectrl.a_gn#branch_1_31                   0
a.xsectrl.a_gn#branch_1_32                   0
a.xsectrl.a_gn#branch_1_33                   0
a.xsectrl.a_gn#branch_1_34                   0
a.xsectrl.a_gn#branch_1_35                   0
a.xsectrl.a_gn#branch_1_36                   0
a.xsectrl.a_gn#branch_1_37                   0
a.xsectrl.a_gn#branch_1_38                   0
a.xsectrl.a_gn#branch_1_39                   0
a.xsectrl.a_gn#branch_1_40                   0
a.xsectrl.a_gn#branch_1_41                   0
a.xsectrl.a_gn#branch_1_42                   0
a.xsectrl.a_gn#branch_1_43                   0
a.xsectrl.a_gn#branch_1_44                   0
a.xsectrl.a_gn#branch_1_45                   0
a.xsectrl.a_gn#branch_1_46                   0
a.xsectrl.a_gn#branch_1_47                   0
a.xsectrl.a_gn#branch_1_48                   0
a.xsectrl.a_gn#branch_1_49                   0
a.xsectrl.a_gn#branch_1_50                   0
a.xsectrl.a_gn#branch_1_51                   0
a.xsectrl.a_gn#branch_1_52                   0
a.xsectrl.a_gn#branch_1_53                   0
a.xsectrl.a_dout#branch_1_0                  0
a.xsectrl.a_dout#branch_1_1                  0
a.xsectrl.a_dout#branch_1_2                  0
a.xsectrl.a_dout#branch_1_3                  0
a.xsectrl.a_dout#branch_1_4                  0
a.xsectrl.a_dout#branch_1_5                  0
a.xsectrl.a_dout#branch_1_6                  0
a.xsectrl.a_dout#branch_1_7                  0
a.xsectrl.a_dout#branch_1_8                  0
a.xsectrl.a_dout#branch_1_9                  0
a.xsectrl.a_dout#branch_1_10                 0
a.xsectrl.a_dout#branch_1_11                 0
a.xsectrl.a_dout#branch_1_12                 0

 Reference value :  0.00000e+00
 Reference value :  3.13508e-08
 Reference value :  9.38241e-08
 Reference value :  1.56333e-07
 Reference value :  1.90080e-07
 Reference value :  2.51056e-07
 Reference value :  3.12600e-07
 Reference value :  3.43978e-07
 Reference value :  4.06292e-07
 Reference value :  4.40119e-07
 Reference value :  5.01431e-07
 Reference value :  5.62600e-07
 Reference value :  5.93977e-07
 Reference value :  6.56255e-07
 Reference value :  6.90064e-07
 Reference value :  7.51094e-07
 Reference value :  7.86303e-07
 Reference value :  8.43886e-07
 Reference value :  8.77513e-07
 Reference value :  9.37961e-07
 Reference value :  1.00049e-06
 Reference value :  1.03155e-06
 Reference value :  1.09389e-06
 Reference value :  1.15644e-06
 Reference value :  1.19715e-06
 Reference value :  1.25275e-06
 Reference value :  1.31260e-06
 Reference value :  1.34400e-06
 Reference value :  1.40629e-06
 Reference value :  1.44012e-06
 Reference value :  1.50143e-06
 Reference value :  1.56260e-06
 Reference value :  1.59400e-06
 Reference value :  1.65629e-06
 Reference value :  1.69011e-06
 Reference value :  1.75229e-06
 Reference value :  1.81250e-06
 Reference value :  1.84402e-06
 Reference value :  1.87762e-06
 Reference value :  1.93933e-06
 Reference value :  2.00230e-06
 Reference value :  2.03172e-06
 Reference value :  2.09403e-06
 Reference value :  2.15653e-06
 Reference value :  2.21876e-06
 Reference value :  2.25289e-06
 Reference value :  2.31269e-06
 Reference value :  2.34454e-06
 Reference value :  2.40635e-06
 Reference value :  2.45534e-06
 Reference value :  2.50255e-06
 Reference value :  2.56291e-06
 Reference value :  2.62510e-06
 Reference value :  2.65672e-06
 Reference value :  2.71884e-06
 Reference value :  2.75924e-06
 Reference value :  2.81291e-06
 Reference value :  2.84442e-06
 Reference value :  2.90630e-06
 Reference value :  2.96883e-06
 Reference value :  3.00262e-06
 Reference value :  3.04958e-06
 Reference value :  3.11160e-06
 Reference value :  3.16156e-06
 Reference value :  3.21894e-06
 Reference value :  3.25335e-06
 Reference value :  3.31293e-06
 Reference value :  3.37243e-06
 Reference value :  3.40640e-06
 Reference value :  3.46311e-06
 Reference value :  3.50252e-06
 Reference value :  3.56289e-06
 Reference value :  3.60252e-06
 Reference value :  3.65638e-06
 Reference value :  3.70942e-06
 Reference value :  3.75244e-06
 Reference value :  3.81269e-06
 Reference value :  3.84437e-06
 Reference value :  3.90632e-06
 Reference value :  3.96298e-06
 Reference value :  4.00250e-06
 Reference value :  4.04865e-06
 Reference value :  4.12390e-06
 Reference value :  4.18546e-06
 Reference value :  4.21907e-06
 Reference value :  4.27859e-06
 Reference value :  4.31496e-06
 Reference value :  4.37541e-06
 Reference value :  4.40673e-06
 Reference value :  4.44594e-06
 Reference value :  4.50161e-06
 Reference value :  4.56257e-06
 Reference value :  4.59389e-06
 Reference value :  4.63000e-06
 Reference value :  4.68992e-06
 Reference value :  4.75040e-06
 Reference value :  4.81253e-06
 Reference value :  4.84408e-06
 Reference value :  4.89830e-06
 Reference value :  4.96014e-06
 Reference value :  5.00243e-06
 Reference value :  5.03182e-06
 Reference value :  5.09412e-06
 Reference value :  5.15662e-06
 Reference value :  5.21878e-06
 Reference value :  5.25288e-06
 Reference value :  5.31262e-06
 Reference value :  5.34407e-06
 Reference value :  5.39553e-06
 Reference value :  5.43821e-06
 Reference value :  5.49035e-06
 Reference value :  5.53133e-06
 Reference value :  5.56529e-06
 Reference value :  5.62600e-06
 Reference value :  5.68761e-06
 Reference value :  5.71909e-06
 Reference value :  5.78132e-06
 Reference value :  5.81477e-06
 Reference value :  5.87501e-06
 Reference value :  5.90635e-06
 Reference value :  5.96885e-06
 Reference value :  6.00266e-06
 Reference value :  6.06264e-06
 Reference value :  6.12520e-06
 Reference value :  6.18770e-06
 Reference value :  6.21987e-06
 Reference value :  6.28136e-06
 Reference value :  6.31915e-06
 Reference value :  6.37646e-06
 Reference value :  6.42653e-06
 Reference value :  6.46887e-06
 Reference value :  6.50477e-06
 Reference value :  6.56477e-06
 Reference value :  6.62514e-06
 Reference value :  6.65659e-06
 Reference value :  6.71881e-06
 Reference value :  6.75263e-06
 Reference value :  6.81477e-06
 Reference value :  6.87519e-06
 Reference value :  6.90660e-06
 Reference value :  6.96895e-06
 Reference value :  7.00293e-06
 Reference value :  7.06262e-06
 Reference value :  7.09454e-06
 Reference value :  7.15680e-06
 Reference value :  7.20142e-06
 Reference value :  7.25058e-06
 Reference value :  7.28893e-06
 Reference value :  7.34381e-06
 Reference value :  7.37743e-06
 Reference value :  7.43760e-06
 Reference value :  7.46895e-06
 Reference value :  7.52521e-06
 Reference value :  7.56500e-06
 Reference value :  7.62533e-06
 Reference value :  7.67353e-06
 Reference value :  7.71893e-06
 Reference value :  7.78319e-06
 Reference value :  7.84394e-06
 Reference value :  7.88055e-06
 Reference value :  7.94612e-06
 Reference value :  8.00242e-06
 Reference value :  8.03186e-06
 Reference value :  8.09416e-06
 Reference value :  8.15635e-06
 Reference value :  8.21897e-06
 Reference value :  8.25358e-06
 Reference value :  8.31296e-06
 Reference value :  8.34420e-06
 Reference value :  8.38181e-06
 Reference value :  8.43807e-06
 Reference value :  8.50007e-06
 Reference value :  8.53142e-06
 Reference value :  8.59026e-06
 Reference value :  8.65640e-06
 Reference value :  8.71875e-06
 Reference value :  8.75260e-06
 Reference value :  8.81357e-06
 Reference value :  8.85896e-06
 Reference value :  8.90633e-06
 Reference value :  8.96879e-06
 Reference value :  9.00255e-06
 Reference value :  9.06266e-06
 Reference value :  9.12520e-06
 Reference value :  9.18770e-06
 Reference value :  9.21971e-06
 Reference value :  9.28136e-06
 Reference value :  9.32558e-06
 Reference value :  9.37588e-06
 Reference value :  9.41253e-06
 Reference value :  9.46884e-06
 Reference value :  9.50249e-06
 Reference value :  9.56271e-06
 Reference value :  9.59499e-06
 Reference value :  9.65634e-06
 Reference value :  9.69034e-06
 Reference value :  9.75239e-06
 Reference value :  9.81272e-06
 Reference value :  9.87531e-06
 Reference value :  9.93997e-06
 Reference value :  1.00025e-05
 Reference value :  1.00625e-05
 Reference value :  1.01251e-05
 Reference value :  1.01876e-05
 Reference value :  1.02191e-05
 Reference value :  1.02813e-05
 Reference value :  1.03154e-05
 Reference value :  1.03755e-05
 Reference value :  1.04376e-05
 Reference value :  1.05023e-05
 Reference value :  1.05650e-05
 Reference value :  1.06254e-05
 Reference value :  1.06631e-05
 Reference value :  1.07189e-05
 Reference value :  1.07812e-05
 Reference value :  1.08150e-05
 Reference value :  1.08754e-05
 Reference value :  1.09068e-05
 Reference value :  1.09691e-05
 Reference value :  1.10043e-05
 Reference value :  1.10835e-05
 Reference value :  1.11440e-05
 Reference value :  1.11898e-05
 Reference value :  1.12501e-05
 Reference value :  1.12817e-05
 Reference value :  1.13170e-05
 Reference value :  1.13755e-05
 Reference value :  1.14376e-05
 Reference value :  1.14691e-05
 Reference value :  1.15313e-05
 Reference value :  1.15650e-05
 Reference value :  1.16253e-05
 Reference value :  1.16599e-05
 Reference value :  1.17189e-05
 Reference value :  1.17612e-05
 Reference value :  1.18441e-05
 Reference value :  1.19376e-05
 Reference value :  1.20029e-05
 Reference value :  1.20942e-05
 Reference value :  1.21900e-05
 Reference value :  1.22530e-05
 Reference value :  1.23129e-05
 Reference value :  1.23456e-05
 Reference value :  1.24064e-05
 Reference value :  1.24514e-05
 Reference value :  1.25025e-05
 Reference value :  1.25628e-05
 Reference value :  1.26044e-05
 Reference value :  1.26564e-05
 Reference value :  1.27135e-05
 Reference value :  1.27525e-05
 Reference value :  1.28130e-05
 Reference value :  1.28465e-05
 Reference value :  1.29063e-05
 Reference value :  1.29689e-05
 Reference value :  1.30028e-05
 Reference value :  1.30627e-05
 Reference value :  1.31252e-05
 Reference value :  1.31878e-05
 Reference value :  1.32397e-05
 Reference value :  1.32814e-05
 Reference value :  1.33155e-05
 Reference value :  1.33755e-05
 Reference value :  1.34067e-05
 Reference value :  1.34688e-05
 Reference value :  1.35023e-05
 Reference value :  1.35627e-05
 Reference value :  1.35944e-05
 Reference value :  1.36563e-05
 Reference value :  1.36934e-05
 Reference value :  1.37525e-05
 Reference value :  1.38129e-05
 Reference value :  1.38751e-05
 Reference value :  1.39064e-05
 Reference value :  1.39690e-05
 Reference value :  1.40029e-05
 Reference value :  1.40628e-05
 Reference value :  1.41255e-05
 Reference value :  1.41880e-05
 Reference value :  1.42501e-05
 Reference value :  1.42816e-05
 Reference value :  1.43204e-05
 Reference value :  1.43754e-05
 Reference value :  1.44069e-05
 Reference value :  1.44688e-05
 Reference value :  1.45030e-05
 Reference value :  1.45642e-05
 Reference value :  1.46251e-05
 Reference value :  1.46566e-05
 Reference value :  1.47188e-05
 Reference value :  1.47528e-05
 Reference value :  1.48148e-05
 Reference value :  1.48750e-05
 Reference value :  1.49063e-05
 Reference value :  1.49688e-05
 Reference value :  1.50026e-05
 Reference value :  1.50418e-05
 Reference value :  1.51073e-05
 Reference value :  1.51616e-05
 Reference value :  1.52189e-05
 Reference value :  1.52534e-05
 Reference value :  1.53132e-05
 Reference value :  1.53445e-05
 Reference value :  1.54063e-05
 Reference value :  1.54399e-05
 Reference value :  1.55002e-05
 Reference value :  1.55318e-05
 Reference value :  1.55938e-05
 Reference value :  1.56276e-05
 Reference value :  1.56882e-05
 Reference value :  1.57502e-05
 Reference value :  1.57819e-05
 Reference value :  1.58438e-05
 Reference value :  1.58778e-05
 Reference value :  1.59397e-05
 Reference value :  1.60023e-05
 Reference value :  1.60318e-05
 Reference value :  1.60942e-05
 Reference value :  1.61567e-05
 Reference value :  1.62188e-05
 Reference value :  1.62529e-05
 Reference value :  1.63128e-05
 Reference value :  1.63443e-05
 Reference value :  1.64063e-05
 Reference value :  1.64400e-05
 Reference value :  1.65002e-05
 Reference value :  1.65317e-05
 Reference value :  1.65938e-05
 Reference value :  1.66276e-05
 Reference value :  1.66898e-05
 Reference value :  1.67511e-05
 Reference value :  1.68438e-05
 Reference value :  1.69186e-05
 Reference value :  1.70029e-05
 Reference value :  1.70946e-05
 Reference value :  1.72048e-05
 Reference value :  1.72820e-05
 Reference value :  1.73773e-05
 Reference value :  1.74400e-05
 Reference value :  1.75313e-05
 Reference value :  1.76251e-05
 Reference value :  1.76901e-05
 Reference value :  1.77816e-05
 Reference value :  1.78773e-05
 Reference value :  1.79693e-05
 Reference value :  1.80613e-05
 Reference value :  1.81566e-05
 Reference value :  1.82506e-05
 Reference value :  1.83228e-05
 Reference value :  1.84280e-05
 Reference value :  1.85025e-05
 Reference value :  1.85939e-05
 Reference value :  1.86878e-05
 Reference value :  1.87572e-05
 Reference value :  1.88440e-05
 Reference value :  1.89376e-05
 Reference value :  1.90030e-05
 Reference value :  1.91195e-05
 Reference value :  1.92188e-05
 Reference value :  1.92818e-05
 Reference value :  1.93773e-05
 Reference value :  1.94689e-05
 Reference value :  1.95627e-05
 Reference value :  1.96276e-05
 Reference value :  1.97193e-05
 Reference value :  1.98148e-05
 Reference value :  1.98783e-05
No. of Data Rows : 50048
e1                  =  1.18033e+00
x1                  =  4.35957e+00 at=  2.28141e-06
cd1                 =  2.00000e+00
e2                  =  8.37281e-01
x2                  =  4.34646e+00 at=  3.28141e-06
cd2                 =  3.00000e+00
e128                =  4.99057e-01
x128                =  2.89454e+00 at=  4.28142e-06
cd128               =  1.28000e+02
e129                =  8.63385e-01
x129                =  2.96398e+00 at=  5.28142e-06
cd129               =  1.30000e+02
e255                =  6.13904e-01
x255                =  1.65883e+00 at=  6.28145e-06
cd255               =  2.55000e+02
e256                =  5.05959e-01
x256                =  1.72178e+00 at=  7.28145e-06
cd256               =  2.56000e+02
e257                =  2.96180e-01
x257                =  1.70517e+00 at=  8.28146e-06
cd257               =  2.57000e+02
e384                =  1.40084e-01
x384                =  8.44374e-01 at=  9.31262e-06
cd384               =  3.84000e+02
e511                =  1.30691e-01
x511                =  1.15981e+00 at=  1.03439e-05
cd511               =  5.11000e+02
e512                =  -3.47652e-03
x512                =  1.29416e+00 at=  1.13440e-05
cd512               =  5.12000e+02
e513                =  -2.16997e-01
x513                =  1.12272e+00 at=  1.23440e-05
cd513               =  5.13000e+02
e640                =  -3.41073e-01
x640                =  1.00501e+00 at=  1.33126e-05
cd640               =  6.39000e+02
e767                =  -3.54904e-01
x767                =  1.74511e+00 at=  1.43126e-05
cd767               =  7.66000e+02
e768                =  -4.41789e-01
x768                =  1.66925e+00 at=  1.53126e-05
cd768               =  7.67000e+02
e769                =  -7.11558e-01
x769                =  1.67526e+00 at=  1.63126e-05
cd769               =  7.68000e+02
e896                =  -8.18637e-01
x896                =  2.52448e+00 at=  1.73126e-05
cd896               =  8.95000e+02
e1022               =  -8.27218e-01
x1022               =  3.33075e+00 at=  1.82814e-05
cd1022              =  1.02100e+03
e1023               =  -1.12978e+00
x1023               =  3.25916e+00 at=  1.92814e-05
cd1023              =  1.02200e+03
vrefhi              =  3.30019e+00 at=  1.73149e-05
vreflo              =  3.29981e+00 at=  1.25690e-05
m_terr_t1_lsb = 1.1803280000e+00
m_decerr_t1_lsb = 4.3595720000e+00
m_code_t1 = 2.0000000000e+00
m_terr_t2_lsb = 8.3728050000e-01
m_decerr_t2_lsb = 4.3464590000e+00
m_code_t2 = 3.0000000000e+00
m_terr_t128_lsb = 4.9905650000e-01
m_decerr_t128_lsb = 2.8945410000e+00
m_code_t128 = 1.2800000000e+02
m_terr_t129_lsb = 8.6338450000e-01
m_decerr_t129_lsb = 2.9639790000e+00
m_code_t129 = 1.3000000000e+02
m_terr_t255_lsb = 6.1390440000e-01
m_decerr_t255_lsb = 1.6588310000e+00
m_code_t255 = 2.5500000000e+02
m_terr_t256_lsb = 5.0595920000e-01
m_decerr_t256_lsb = 1.7217770000e+00
m_code_t256 = 2.5600000000e+02
m_terr_t257_lsb = 2.9618030000e-01
m_decerr_t257_lsb = 1.7051700000e+00
m_code_t257 = 2.5700000000e+02
m_terr_t384_lsb = 1.4008400000e-01
m_decerr_t384_lsb = 8.4437360000e-01
m_code_t384 = 3.8400000000e+02
m_terr_t511_lsb = 1.3069140000e-01
m_decerr_t511_lsb = 1.1598080000e+00
m_code_t511 = 5.1100000000e+02
m_terr_t512_lsb = -3.476519000e-03
m_decerr_t512_lsb = 1.2941570000e+00
m_code_t512 = 5.1200000000e+02
m_terr_t513_lsb = -2.169973000e-01
m_decerr_t513_lsb = 1.1227210000e+00
m_code_t513 = 5.1300000000e+02
m_terr_t640_lsb = -3.410728000e-01
m_decerr_t640_lsb = 1.0050130000e+00
m_code_t640 = 6.3900000000e+02
m_terr_t767_lsb = -3.549043000e-01
m_decerr_t767_lsb = 1.7451120000e+00
m_code_t767 = 7.6600000000e+02
m_terr_t768_lsb = -4.417891000e-01
m_decerr_t768_lsb = 1.6692480000e+00
m_code_t768 = 7.6700000000e+02
m_terr_t769_lsb = -7.115580000e-01
m_decerr_t769_lsb = 1.6752590000e+00
m_code_t769 = 7.6800000000e+02
m_terr_t896_lsb = -8.186369000e-01
m_decerr_t896_lsb = 2.5244830000e+00
m_code_t896 = 8.9500000000e+02
m_terr_t1022_lsb = -8.272179000e-01
m_decerr_t1022_lsb = 3.3307490000e+00
m_code_t1022 = 1.0210000000e+03
m_terr_t1023_lsb = -1.129781000e+00
m_decerr_t1023_lsb = 3.2591560000e+00
m_code_t1023 = 1.0220000000e+03
m_inl_t1_lsb = 0.0000000000e+00
m_inl_t2_lsb = -3.407871194e-01
m_inl_t128_lsb = -3.942031605e-01
m_inl_t129_lsb = -2.761477984e-02
m_inl_t255_lsb = 7.7130790607e-03
m_inl_t256_lsb = -9.797174031e-02
m_inl_t257_lsb = -3.054902597e-01
m_inl_t384_lsb = -1.745182202e-01
m_inl_t511_lsb = 1.0315751937e-01
m_inl_t512_lsb = -2.875001900e-02
m_inl_t513_lsb = -2.400104194e-01
m_inl_t640_lsb = -7.701757984e-02
m_inl_t767_lsb = 1.9621925969e-01
m_inl_t768_lsb = 1.1159484031e-01
m_inl_t769_lsb = -1.559136791e-01
m_inl_t896_lsb = 2.4075760470e-02
m_inl_t1022_lsb = 3.0030271937e-01
m_inl_t1023_lsb = -2.220446049e-16
m_dnl_t1_t2_lsb = -3.430475000e-01
m_dnl_t128_t129_lsb = 3.6432800000e-01
m_dnl_t255_t256_lsb = -1.079452000e-01
m_dnl_t256_t257_lsb = -2.097789000e-01
m_dnl_t511_t512_lsb = -1.341679190e-01
m_dnl_t512_t513_lsb = -2.135207810e-01
m_dnl_t767_t768_lsb = -8.688480000e-02
m_dnl_t768_t769_lsb = -2.697689000e-01
m_dnl_t1022_t1023_lsb = -3.025631000e-01
m_gain_err_lsb = -2.312369381e+00
m_vref_droop_mv = 3.7600000000e-01
Note: Simulation executed from .control section 

Note: Starting dynamic gmin stepping
Note: Dynamic gmin stepping completed
