
Note: Compatibility modes selected: hs a


Circuit: * track-switch-thd @ cap_ff_-40c_2.97v -- generated by sim/harness, do not edit

Doing analysis at TEMP = -40.000000 and TNOM = 27.000000

Using SPARSE 1.3 as Direct Linear Solver

Initial Transient Solution
--------------------------

Node                                   Voltage
----                                   -------
vdd                                       2.97
nin_p                                    1.485
nin_n                                    1.485
ni_lin                                   1.485
no_lin                                   1.485
ni_tg1p                                  1.485
no_tg1p                                  1.485
ni_tg1n                                  1.485
no_tg1n                                  1.485
ni_tg4p                                  1.485
no_tg4p                                  1.485
ni_tg4n                                  1.485
no_tg4n                                  1.485
ni_bstp                                  1.485
ng_bstp                                  4.455
no_bstp                                  1.485
ni_bstn                                  1.485
ng_bstn                                  4.455
no_bstn                                  1.485
bg_bstn#branch                               0
bg_bstp#branch                               0
vinn#branch                       -3.06744e-12
vinp#branch                       -3.09325e-12
vsup#branch                         -1.196e-11

 Reference value :  3.17179e-06
 Reference value :  1.02168e-05
 Reference value :  1.72298e-05
No. of Data Rows : 20000
m_amp1_lin_v = 1.4837375039e+00
m_hd2_lin_db = -2.088945313e+02
m_hd3_lin_db = -2.088956871e+02
m_thd_lin_db = -2.028734225e+02
m_sfdr_lin_db = 2.0889273713e+02
m_amp1_tg1p_v = 1.4839487918e+00
m_hd2_tg1p_db = -5.259297379e+01
m_hd3_tg1p_db = -5.804801546e+01
m_thd_tg1p_db = -5.059660874e+01
m_sfdr_tg1p_db = 5.2592973792e+01
m_amp1_tg1d_v = 2.9678975835e+00
m_hd2_tg1d_db = -2.193295994e+02
m_hd3_tg1d_db = -5.804801558e+01
m_thd_tg1d_db = -5.797121257e+01
m_sfdr_tg1d_db = 5.8048015584e+01
m_amp1_tg4p_v = 1.4843697717e+00
m_hd2_tg4p_db = -6.381694245e+01
m_hd3_tg4p_db = -6.940932470e+01
m_thd_tg4p_db = -6.191089465e+01
m_sfdr_tg4p_db = 6.3816942453e+01
m_amp1_tg4d_v = 2.9687395434e+00
m_hd2_tg4d_db = -2.172435685e+02
m_hd3_tg4d_db = -6.940932480e+01
m_thd_tg4d_db = -6.939324159e+01
m_sfdr_tg4d_db = 6.9409324804e+01
m_amp1_bstp_v = 1.4843538053e+00
m_hd2_bstp_db = -8.092581586e+01
m_hd3_bstp_db = -9.548365589e+01
m_thd_bstp_db = -8.077486511e+01
m_sfdr_bstp_db = 8.0925815862e+01
m_amp1_bstd_v = 2.9687076106e+00
m_hd2_bstd_db = -2.120763781e+02
m_hd3_bstd_db = -9.548365614e+01
m_thd_bstd_db = -9.547924744e+01
m_sfdr_bstd_db = 9.5483656135e+01
Note: Simulation executed from .control section 

Warning: m=xx on .subckt line will override multiplier m hierarchy!

