
Note: Compatibility modes selected: hs a


Circuit: * track-switch-thd @ fs_-40c_2.97v -- generated by sim/harness, do not edit

Doing analysis at TEMP = -40.000000 and TNOM = 27.000000

Using SPARSE 1.3 as Direct Linear Solver

Initial Transient Solution
--------------------------

Node                                   Voltage
----                                   -------
vdd                                       2.97
nin_p                                    1.485
nin_n                                    1.485
ni_lin                                   1.485
no_lin                                   1.485
ni_tg1p                                  1.485
no_tg1p                                  1.485
ni_tg1n                                  1.485
no_tg1n                                  1.485
ni_tg4p                                  1.485
no_tg4p                                  1.485
ni_tg4n                                  1.485
no_tg4n                                  1.485
ni_bstp                                  1.485
ng_bstp                                  4.455
no_bstp                                  1.485
ni_bstn                                  1.485
ng_bstn                                  4.455
no_bstn                                  1.485
bg_bstn#branch                               0
bg_bstp#branch                               0
vinn#branch                       -3.06744e-12
vinp#branch                       -3.09326e-12
vsup#branch                         -1.196e-11

 Reference value :  3.10095e-06
 Reference value :  1.03379e-05
 Reference value :  1.77049e-05
No. of Data Rows : 20000
m_amp1_lin_v = 1.4834429650e+00
m_hd2_lin_db = -2.075139507e+02
m_hd3_lin_db = -2.075128756e+02
m_thd_lin_db = -2.014899312e+02
m_sfdr_lin_db = 2.0750696931e+02
m_amp1_tg1p_v = 1.4836960714e+00
m_hd2_tg1p_db = -4.937816684e+01
m_hd3_tg1p_db = -6.072588027e+01
m_thd_tg1p_db = -4.810869354e+01
m_sfdr_tg1p_db = 4.9378166845e+01
m_amp1_tg1d_v = 2.9673921427e+00
m_hd2_tg1d_db = -2.200000000e+02
m_hd3_tg1d_db = -6.072588061e+01
m_thd_tg1d_db = -5.927796954e+01
m_sfdr_tg1d_db = 6.0725880613e+01
m_amp1_tg4p_v = 1.4842252936e+00
m_hd2_tg4p_db = -6.079176388e+01
m_hd3_tg4p_db = -7.206937890e+01
m_thd_tg4p_db = -5.956214561e+01
m_sfdr_tg4p_db = 6.0791763882e+01
m_amp1_tg4d_v = 2.9684505871e+00
m_hd2_tg4d_db = -2.132305502e+02
m_hd3_tg4d_db = -7.206937920e+01
m_thd_tg4d_db = -7.103519925e+01
m_sfdr_tg4d_db = 7.2069379202e+01
m_amp1_bstp_v = 1.4842143589e+00
m_hd2_bstp_db = -8.134972573e+01
m_hd3_bstp_db = -9.557284409e+01
m_thd_bstp_db = -8.118684630e+01
m_sfdr_bstp_db = 8.1349725727e+01
m_amp1_bstd_v = 2.9684287178e+00
m_hd2_bstd_db = -2.108101932e+02
m_hd3_bstd_db = -9.557284434e+01
m_thd_bstd_db = -9.556816301e+01
m_sfdr_bstd_db = 9.5572844336e+01
Note: Simulation executed from .control section 

Warning: m=xx on .subckt line will override multiplier m hierarchy!

