
Note: Compatibility modes selected: hs a


Circuit: * track-switch-thd @ mim_ss_125c_3.30v -- generated by sim/harness, do not edit

Doing analysis at TEMP = 125.000000 and TNOM = 27.000000

Using SPARSE 1.3 as Direct Linear Solver

Initial Transient Solution
--------------------------

Node                                   Voltage
----                                   -------
vdd                                        3.3
nin_p                                     1.65
nin_n                                     1.65
ni_lin                                    1.65
no_lin                                    1.65
ni_tg1p                                   1.65
no_tg1p                                   1.65
ni_tg1n                                   1.65
no_tg1n                                   1.65
ni_tg4p                                   1.65
no_tg4p                                   1.65
ni_tg4n                                   1.65
no_tg4n                                   1.65
ni_bstp                                   1.65
ng_bstp                                   4.95
no_bstp                                   1.65
ni_bstn                                   1.65
ng_bstn                                   4.95
no_bstn                                   1.65
bg_bstn#branch                               0
bg_bstp#branch                               0
vinn#branch                       -3.40586e-12
vinp#branch                       -3.43448e-12
vsup#branch                         -1.328e-11

 Reference value :  3.46092e-06
 Reference value :  1.02029e-05
 Reference value :  1.67629e-05
No. of Data Rows : 20000
m_amp1_lin_v = 1.6478985097e+00
m_hd2_lin_db = -2.066711662e+02
m_hd3_lin_db = -2.066697580e+02
m_thd_lin_db = -2.006478812e+02
m_sfdr_lin_db = 2.0666503254e+02
m_amp1_tg1p_v = 1.6479413429e+00
m_hd2_tg1p_db = -5.323567017e+01
m_hd3_tg1p_db = -6.011204181e+01
m_thd_tg1p_db = -5.183940930e+01
m_sfdr_tg1p_db = 5.3235670167e+01
m_amp1_tg1d_v = 3.2958826858e+00
m_hd2_tg1d_db = -2.148978508e+02
m_hd3_tg1d_db = -6.011204185e+01
m_thd_tg1d_db = -5.862853444e+01
m_sfdr_tg1d_db = 6.0112041854e+01
m_amp1_tg4p_v = 1.6488952171e+00
m_hd2_tg4p_db = -6.440620260e+01
m_hd3_tg4p_db = -7.117237726e+01
m_thd_tg4p_db = -6.309467394e+01
m_sfdr_tg4p_db = 6.4406202597e+01
m_amp1_tg4d_v = 3.2977904342e+00
m_hd2_tg4d_db = -2.118979860e+02
m_hd3_tg4d_db = -7.117237730e+01
m_thd_tg4d_db = -7.013514882e+01
m_sfdr_tg4d_db = 7.1172377299e+01
m_amp1_bstp_v = 1.6487779650e+00
m_hd2_bstp_db = -7.331308117e+01
m_hd3_bstp_db = -8.920981530e+01
m_thd_bstp_db = -7.320139637e+01
m_sfdr_bstp_db = 7.3313081166e+01
m_amp1_bstd_v = 3.2975559299e+00
m_hd2_bstd_db = -2.092223911e+02
m_hd3_bstd_db = -8.920981540e+01
m_thd_bstd_db = -8.920369580e+01
m_sfdr_bstd_db = 8.9209815405e+01
Note: Simulation executed from .control section 

Warning: m=xx on .subckt line will override multiplier m hierarchy!

