
Note: Compatibility modes selected: hs a


Circuit: * track-switch-thd @ sf_125c_3.30v -- generated by sim/harness, do not edit

Doing analysis at TEMP = 125.000000 and TNOM = 27.000000

Using SPARSE 1.3 as Direct Linear Solver

Initial Transient Solution
--------------------------

Node                                   Voltage
----                                   -------
vdd                                        3.3
nin_p                                     1.65
nin_n                                     1.65
ni_lin                                    1.65
no_lin                                    1.65
ni_tg1p                                   1.65
no_tg1p                                   1.65
ni_tg1n                                   1.65
no_tg1n                                   1.65
ni_tg4p                                   1.65
no_tg4p                                   1.65
ni_tg4n                                   1.65
no_tg4n                                   1.65
ni_bstp                                   1.65
ng_bstp                                   4.95
no_bstp                                   1.65
ni_bstn                                   1.65
ng_bstn                                   4.95
no_bstn                                   1.65
bg_bstn#branch                               0
bg_bstp#branch                               0
vinn#branch                       -3.40586e-12
vinp#branch                       -3.43448e-12
vsup#branch                         -1.328e-11

 Reference value :  3.05967e-06
 Reference value :  9.52067e-06
 Reference value :  1.63107e-05
No. of Data Rows : 20000
m_amp1_lin_v = 1.6482613525e+00
m_hd2_lin_db = -2.085624768e+02
m_hd3_lin_db = -2.085651125e+02
m_thd_lin_db = -2.025404005e+02
m_sfdr_lin_db = 2.0855751355e+02
m_amp1_tg1p_v = 1.6483066518e+00
m_hd2_tg1p_db = -5.927759287e+01
m_hd3_tg1p_db = -5.933117171e+01
m_thd_tg1p_db = -5.559200816e+01
m_sfdr_tg1p_db = 5.9277592873e+01
m_amp1_tg1d_v = 3.2966133036e+00
m_hd2_tg1d_db = -2.167189450e+02
m_hd3_tg1d_db = -5.933117173e+01
m_thd_tg1d_db = -5.852899211e+01
m_sfdr_tg1d_db = 5.9331171731e+01
m_amp1_tg4p_v = 1.6490843071e+00
m_hd2_tg4p_db = -6.987363194e+01
m_hd3_tg4p_db = -7.038079410e+01
m_thd_tg4p_db = -6.661707608e+01
m_sfdr_tg4p_db = 6.9873631939e+01
m_amp1_tg4d_v = 3.2981686143e+00
m_hd2_tg4d_db = -2.136429833e+02
m_hd3_tg4d_db = -7.038079412e+01
m_thd_tg4d_db = -6.986701133e+01
m_sfdr_tg4d_db = 7.0380794121e+01
m_amp1_bstp_v = 1.6489636601e+00
m_hd2_bstp_db = -7.296833457e+01
m_hd3_bstp_db = -8.905107719e+01
m_thd_bstp_db = -7.286132110e+01
m_sfdr_bstp_db = 7.2968334571e+01
m_amp1_bstd_v = 3.2979273202e+00
m_hd2_bstd_db = -2.109455378e+02
m_hd3_bstd_db = -8.905107729e+01
m_thd_bstd_db = -8.904505280e+01
m_sfdr_bstd_db = 8.9051077291e+01
Note: Simulation executed from .control section 

Warning: m=xx on .subckt line will override multiplier m hierarchy!

