
Note: Compatibility modes selected: hs a


Circuit: * track-switch-thd @ ss_-40c_3.63v -- generated by sim/harness, do not edit

Doing analysis at TEMP = -40.000000 and TNOM = 27.000000

Using SPARSE 1.3 as Direct Linear Solver

Initial Transient Solution
--------------------------

Node                                   Voltage
----                                   -------
vdd                                       3.63
nin_p                                    1.815
nin_n                                    1.815
ni_lin                                   1.815
no_lin                                   1.815
ni_tg1p                                  1.815
no_tg1p                                  1.815
ni_tg1n                                  1.815
no_tg1n                                  1.815
ni_tg4p                                  1.815
no_tg4p                                  1.815
ni_tg4n                                  1.815
no_tg4n                                  1.815
ni_bstp                                  1.815
ng_bstp                                  5.445
no_bstp                                  1.815
ni_bstn                                  1.815
ng_bstn                                  5.445
no_bstn                                  1.815
bg_bstn#branch                               0
bg_bstp#branch                               0
vinn#branch                       -3.74465e-12
vinp#branch                       -3.77619e-12
vsup#branch                          -1.46e-11

 Reference value :  3.34814e-06
 Reference value :  1.05741e-05
 Reference value :  1.77751e-05
No. of Data Rows : 20000
m_amp1_lin_v = 1.8126975838e+00
m_hd2_lin_db = -2.184296573e+02
m_hd3_lin_db = -2.184342162e+02
m_thd_lin_db = -2.124083068e+02
m_sfdr_lin_db = 2.1842311631e+02
m_amp1_tg1p_v = 1.8131728306e+00
m_hd2_tg1p_db = -5.196778683e+01
m_hd3_tg1p_db = -6.080152355e+01
m_thd_tg1p_db = -5.054303226e+01
m_sfdr_tg1p_db = 5.1967786826e+01
m_amp1_tg1d_v = 3.6263456613e+00
m_hd2_tg1d_db = -2.200000000e+02
m_hd3_tg1d_db = -6.080152359e+01
m_thd_tg1d_db = -5.980701159e+01
m_sfdr_tg1d_db = 6.0801523591e+01
m_amp1_tg4p_v = 1.8138744213e+00
m_hd2_tg4p_db = -6.324760261e+01
m_hd3_tg4p_db = -7.206939891e+01
m_thd_tg4p_db = -6.190133735e+01
m_sfdr_tg4p_db = 6.3247602613e+01
m_amp1_tg4d_v = 3.6277488426e+00
m_hd2_tg4d_db = -2.200000000e+02
m_hd3_tg4d_db = -7.206939895e+01
m_thd_tg4d_db = -7.146281729e+01
m_sfdr_tg4d_db = 7.2069398951e+01
m_amp1_bstp_v = 1.8138240277e+00
m_hd2_bstp_db = -8.031027806e+01
m_hd3_bstp_db = -9.207107599e+01
m_thd_bstp_db = -8.002631060e+01
m_sfdr_bstp_db = 8.0310278056e+01
m_amp1_bstd_v = 3.6276480553e+00
m_hd2_bstd_db = -2.200000000e+02
m_hd3_bstd_db = -9.207107617e+01
m_thd_bstd_db = -9.206469320e+01
m_sfdr_bstd_db = 9.2071076165e+01
Note: Simulation executed from .control section 

Warning: m=xx on .subckt line will override multiplier m hierarchy!

