
Note: No compatibility mode selected!


Circuit: * adc-power @ ss_125c_3.63v -- generated by sim/harness, do not edit

Reducing trtol to 1 for xspice 'A' devices
Doing analysis at TEMP = 125.000000 and TNOM = 27.000000

Using SPARSE 1.3 as Direct Linear Solver

Initial Transient Solution
--------------------------

Node                                   Voltage
----                                   -------
clk                                          0
cmpclk                                       0
cmpclkb                                   3.63
vddt                                      3.63
vddd                                      3.63
vddc                                      3.63
vrefs                                     3.63
vrefn                                     3.63
vcmn                                     1.815
se_vinp                                      0
se_vinn                                  1.815
se_start                                     0
se_mode                                      0
se_cmp                                 1.51866
se_samp_tp_n                                 0
se_sel_in_n                                  0
se_drdy                                   3.63
se_c9                                        0
se_c8                                        0
se_c7                                        0
se_c6                                        0
se_c5                                        0
se_c4                                        0
se_c3                                        0
se_c2                                        0
se_c1                                        0
se_c0                                        0
se_rel_n_256p                             3.63
se_sel_hi_n_256p                             0
se_sel_lo_n_256p                             0
se_rel_n_128p                             3.63
se_sel_hi_n_128p                             0
se_sel_lo_n_128p                             0
se_rel_n_64p                              3.63
se_sel_hi_n_64p                              0
se_sel_lo_n_64p                              0
se_rel_n_32p                              3.63
se_sel_hi_n_32p                              0
se_sel_lo_n_32p                              0
se_rel_n_16p                              3.63
se_sel_hi_n_16p                              0
se_sel_lo_n_16p                              0
se_rel_n_8p                               3.63
se_sel_hi_n_8p                               0
se_sel_lo_n_8p                               0
se_rel_n_4p                               3.63
se_sel_hi_n_4p                               0
se_sel_lo_n_4p                               0
se_rel_n_2p                               3.63
se_sel_hi_n_2p                               0
se_sel_lo_n_2p                               0
se_rel_n_1p                               3.63
se_sel_hi_n_1p                               0
se_sel_lo_n_1p                               0
se_rel_n_256n                             3.63
se_sel_hi_n_256n                             0
se_sel_lo_n_256n                             0
se_rel_n_128n                             3.63
se_sel_hi_n_128n                             0
se_sel_lo_n_128n                             0
se_rel_n_64n                              3.63
se_sel_hi_n_64n                              0
se_sel_lo_n_64n                              0
se_rel_n_32n                              3.63
se_sel_hi_n_32n                              0
se_sel_lo_n_32n                              0
se_rel_n_16n                              3.63
se_sel_hi_n_16n                              0
se_sel_lo_n_16n                              0
se_rel_n_8n                               3.63
se_sel_hi_n_8n                               0
se_sel_lo_n_8n                               0
se_rel_n_4n                               3.63
se_sel_hi_n_4n                               0
se_sel_lo_n_4n                               0
se_rel_n_2n                               3.63
se_sel_hi_n_2n                               0
se_sel_lo_n_2n                               0
se_rel_n_1n                               3.63
se_sel_hi_n_1n                               0
se_sel_lo_n_1n                               0
se_pinp                            2.52698e-08
se_pinn                                  1.815
xsetswp.gp                                3.63
se_topp                                1.81501
xsetswn.gp                                3.63
se_topn                                1.81501
xsearrp.x256.bp                          1.815
xsearrp.x256.gp_in                        3.63
xsearrp.x256.gp_rel                3.59154e-09
xsearrp.x256.gp_hi                        3.63
xsearrp.x256.gp_lo                        3.63
xsearrp.x128.bp                          1.815
xsearrp.x128.gp_in                        3.63
xsearrp.x128.gp_rel                3.59154e-09
xsearrp.x128.gp_hi                        3.63
xsearrp.x128.gp_lo                        3.63
xsearrp.x64.bp                           1.815
xsearrp.x64.gp_in                         3.63
xsearrp.x64.gp_rel                 3.59154e-09
xsearrp.x64.gp_hi                         3.63
xsearrp.x64.gp_lo                         3.63
xsearrp.x32.bp                           1.815
xsearrp.x32.gp_in                         3.63
xsearrp.x32.gp_rel                 3.59154e-09
xsearrp.x32.gp_hi                         3.63
xsearrp.x32.gp_lo                         3.63
xsearrp.x16.bp                           1.815
xsearrp.x16.gp_in                         3.63
xsearrp.x16.gp_rel                 3.59154e-09
xsearrp.x16.gp_hi                         3.63
xsearrp.x16.gp_lo                         3.63
xsearrp.x8.bp                            1.815
xsearrp.x8.gp_in                          3.63
xsearrp.x8.gp_rel                  3.59154e-09
xsearrp.x8.gp_hi                          3.63
xsearrp.x8.gp_lo                          3.63
xsearrp.x4.bp                            1.815
xsearrp.x4.gp_in                          3.63
xsearrp.x4.gp_rel                  3.59154e-09
xsearrp.x4.gp_hi                          3.63
xsearrp.x4.gp_lo                          3.63
xsearrp.x2.bp                            1.815
xsearrp.x2.gp_in                          3.63
xsearrp.x2.gp_rel                  3.59154e-09
xsearrp.x2.gp_hi                          3.63
xsearrp.x2.gp_lo                          3.63
xsearrp.x1.bp                            1.815
xsearrp.x1.gp_in                          3.63
xsearrp.x1.gp_rel                  3.59154e-09
xsearrp.x1.gp_hi                          3.63
xsearrp.x1.gp_lo                          3.63
xsearrn.x256.bp                          1.815
xsearrn.x256.gp_in                        3.63
xsearrn.x256.gp_rel                3.59154e-09
xsearrn.x256.gp_hi                        3.63
xsearrn.x256.gp_lo                        3.63
xsearrn.x128.bp                          1.815
xsearrn.x128.gp_in                        3.63
xsearrn.x128.gp_rel                3.59154e-09
xsearrn.x128.gp_hi                        3.63
xsearrn.x128.gp_lo                        3.63
xsearrn.x64.bp                           1.815
xsearrn.x64.gp_in                         3.63
xsearrn.x64.gp_rel                 3.59154e-09
xsearrn.x64.gp_hi                         3.63
xsearrn.x64.gp_lo                         3.63
xsearrn.x32.bp                           1.815
xsearrn.x32.gp_in                         3.63
xsearrn.x32.gp_rel                 3.59154e-09
xsearrn.x32.gp_hi                         3.63
xsearrn.x32.gp_lo                         3.63
xsearrn.x16.bp                           1.815
xsearrn.x16.gp_in                         3.63
xsearrn.x16.gp_rel                 3.59154e-09
xsearrn.x16.gp_hi                         3.63
xsearrn.x16.gp_lo                         3.63
xsearrn.x8.bp                            1.815
xsearrn.x8.gp_in                          3.63
xsearrn.x8.gp_rel                  3.59154e-09
xsearrn.x8.gp_hi                          3.63
xsearrn.x8.gp_lo                          3.63
xsearrn.x4.bp                            1.815
xsearrn.x4.gp_in                          3.63
xsearrn.x4.gp_rel                  3.59154e-09
xsearrn.x4.gp_hi                          3.63
xsearrn.x4.gp_lo                          3.63
xsearrn.x2.bp                            1.815
xsearrn.x2.gp_in                          3.63
xsearrn.x2.gp_rel                  3.59154e-09
xsearrn.x2.gp_hi                          3.63
xsearrn.x2.gp_lo                          3.63
xsearrn.x1.bp                            1.815
xsearrn.x1.gp_in                          3.63
xsearrn.x1.gp_rel                  3.59154e-09
xsearrn.x1.gp_hi                          3.63
xsearrn.x1.gp_lo                          3.63
se_ibias                              0.792214
xsecmp.xpre.ptail                     0.868457
xsecmp.pon                             2.76436
xsecmp.preamp_in1                      1.81501
xsecmp.pop                             2.76436
xsecmp.preamp_in2                      1.81501
xsecmp.xpre.xrlp.11                    3.62972
xsecmp.xpre.xrlp.21                    2.76463
xsecmp.xpre.xrln.11                    3.62972
xsecmp.xpre.xrln.21                    2.76463
xsecmp.xlat.ltail                      2.08186
xsecmp.xlat.dip                           3.63
xsecmp.xlat.din                           3.63
xsecmp.outn                               3.63
xsecmp.outp                               3.63
xsecmp.sset                        1.06027e-08
xsecmp.srst                        1.06027e-08
xsecmp.xno1.ps                         3.39175
se_cmpb                                1.51866
xsecmp.xno2.ps                         3.39175
se_dacp                           -1.11022e-16
se_dacn                           -1.11022e-16
se_di                                    1.815
se_err                                     512
se_aerrh                                     0
se_code                                      0
bsecode#branch                               0
bseea#branch                                 0
bsee#branch                                  0
bsedi#branch                                 0
bsedacn#branch                               0
bsedacp#branch                               0
lref#branch                        2.24118e-10
v.xsecmp.vpn#branch                8.24223e-29
v.xsecmp.vpp#branch                2.04586e-27
vsemode#branch                               0
vsestart#branch                              0
vsevinn#branch                     1.11022e-16
vseinp#branch                      1.01079e-09
vcms#branch                       -2.71797e-09
vrefs#branch                      -2.24118e-10
vddc#branch                        -0.00054743
vddd#branch                       -1.53366e-09
vddt#branch                       -4.76806e-11
vcmpclkb#branch                              0
vcmpclk#branch                               0
vclk#branch                                  0
a.xsectrl.a_gn#branch_1_0                    0
a.xsectrl.a_gn#branch_1_1                    0
a.xsectrl.a_gn#branch_1_2                    0
a.xsectrl.a_gn#branch_1_3                    0
a.xsectrl.a_gn#branch_1_4                    0
a.xsectrl.a_gn#branch_1_5                    0
a.xsectrl.a_gn#branch_1_6                    0
a.xsectrl.a_gn#branch_1_7                    0
a.xsectrl.a_gn#branch_1_8                    0
a.xsectrl.a_gn#branch_1_9                    0
a.xsectrl.a_gn#branch_1_10                   0
a.xsectrl.a_gn#branch_1_11                   0
a.xsectrl.a_gn#branch_1_12                   0
a.xsectrl.a_gn#branch_1_13                   0
a.xsectrl.a_gn#branch_1_14                   0
a.xsectrl.a_gn#branch_1_15                   0
a.xsectrl.a_gn#branch_1_16                   0
a.xsectrl.a_gn#branch_1_17                   0
a.xsectrl.a_gn#branch_1_18                   0
a.xsectrl.a_gn#branch_1_19                   0
a.xsectrl.a_gn#branch_1_20                   0
a.xsectrl.a_gn#branch_1_21                   0
a.xsectrl.a_gn#branch_1_22                   0
a.xsectrl.a_gn#branch_1_23                   0
a.xsectrl.a_gn#branch_1_24                   0
a.xsectrl.a_gn#branch_1_25                   0
a.xsectrl.a_gn#branch_1_26                   0
a.xsectrl.a_gn#branch_1_27                   0
a.xsectrl.a_gn#branch_1_28                   0
a.xsectrl.a_gn#branch_1_29                   0
a.xsectrl.a_gn#branch_1_30                   0
a.xsectrl.a_gn#branch_1_31                   0
a.xsectrl.a_gn#branch_1_32                   0
a.xsectrl.a_gn#branch_1_33                   0
a.xsectrl.a_gn#branch_1_34                   0
a.xsectrl.a_gn#branch_1_35                   0
a.xsectrl.a_gn#branch_1_36                   0
a.xsectrl.a_gn#branch_1_37                   0
a.xsectrl.a_gn#branch_1_38                   0
a.xsectrl.a_gn#branch_1_39                   0
a.xsectrl.a_gn#branch_1_40                   0
a.xsectrl.a_gn#branch_1_41                   0
a.xsectrl.a_gn#branch_1_42                   0
a.xsectrl.a_gn#branch_1_43                   0
a.xsectrl.a_gn#branch_1_44                   0
a.xsectrl.a_gn#branch_1_45                   0
a.xsectrl.a_gn#branch_1_46                   0
a.xsectrl.a_gn#branch_1_47                   0
a.xsectrl.a_gn#branch_1_48                   0
a.xsectrl.a_gn#branch_1_49                   0
a.xsectrl.a_gn#branch_1_50                   0
a.xsectrl.a_gn#branch_1_51                   0
a.xsectrl.a_gn#branch_1_52                   0
a.xsectrl.a_gn#branch_1_53                   0
a.xsectrl.a_dout#branch_1_0                  0
a.xsectrl.a_dout#branch_1_1                  0
a.xsectrl.a_dout#branch_1_2                  0
a.xsectrl.a_dout#branch_1_3                  0
a.xsectrl.a_dout#branch_1_4                  0
a.xsectrl.a_dout#branch_1_5                  0
a.xsectrl.a_dout#branch_1_6                  0
a.xsectrl.a_dout#branch_1_7                  0
a.xsectrl.a_dout#branch_1_8                  0
a.xsectrl.a_dout#branch_1_9                  0
a.xsectrl.a_dout#branch_1_10                 0
a.xsectrl.a_dout#branch_1_11                 0
a.xsectrl.a_dout#branch_1_12                 0

 Reference value :  2.46400e-09
 Reference value :  3.17471e-08
 Reference value :  9.44275e-08
 Reference value :  1.59174e-07
 Reference value :  2.19290e-07
 Reference value :  2.81275e-07
 Reference value :  3.14941e-07
 Reference value :  3.75791e-07
 Reference value :  4.37700e-07
 Reference value :  4.90031e-07
 Reference value :  5.31573e-07
 Reference value :  5.93797e-07
 Reference value :  6.29348e-07
 Reference value :  6.90000e-07
 Reference value :  7.50845e-07
 Reference value :  8.12690e-07
 Reference value :  8.44593e-07
 Reference value :  9.06324e-07
 Reference value :  9.68755e-07
 Reference value :  1.00261e-06
 Reference value :  1.05057e-06
 Reference value :  1.12501e-06
 Reference value :  1.18762e-06
 Reference value :  1.21980e-06
 Reference value :  1.28135e-06
 Reference value :  1.31506e-06
 Reference value :  1.37727e-06
 Reference value :  1.43783e-06
 Reference value :  1.50010e-06
 Reference value :  1.53190e-06
 Reference value :  1.59385e-06
 Reference value :  1.65626e-06
 Reference value :  1.69018e-06
 Reference value :  1.75241e-06
 Reference value :  1.81298e-06
 Reference value :  1.87500e-06
 Reference value :  1.90668e-06
 Reference value :  1.97230e-06
 Reference value :  2.00694e-06
 Reference value :  2.06328e-06
 Reference value :  2.13854e-06
 Reference value :  2.18999e-06
 Reference value :  2.25044e-06
 Reference value :  2.28219e-06
 Reference value :  2.34389e-06
 Reference value :  2.40626e-06
 Reference value :  2.44026e-06
 Reference value :  2.50243e-06
 Reference value :  2.56305e-06
 Reference value :  2.62516e-06
 Reference value :  2.66380e-06
 Reference value :  2.71902e-06
 Reference value :  2.78133e-06
 Reference value :  2.81591e-06
 Reference value :  2.87733e-06
 Reference value :  2.93794e-06
 Reference value :  3.00227e-06
 Reference value :  3.03191e-06
 Reference value :  3.09438e-06
 Reference value :  3.15721e-06
 Reference value :  3.21903e-06
 Reference value :  3.25549e-06
 Reference value :  3.31360e-06
 Reference value :  3.37527e-06
 Reference value :  3.43753e-06
 Reference value :  3.46904e-06
 Reference value :  3.53133e-06
 Reference value :  3.56660e-06
 Reference value :  3.62753e-06
 Reference value :  3.68878e-06
 Reference value :  3.75021e-06
 Reference value :  3.80104e-06
 Reference value :  3.84428e-06
 Reference value :  3.90631e-06
 Reference value :  3.96888e-06
 Reference value :  4.00285e-06
 Reference value :  4.06270e-06
 Reference value :  4.12525e-06
 Reference value :  4.18801e-06
 Reference value :  4.25010e-06
 Reference value :  4.28166e-06
 Reference value :  4.33403e-06
 Reference value :  4.37761e-06
 Reference value :  4.43984e-06
 Reference value :  4.50036e-06
 Reference value :  4.56260e-06
 Reference value :  4.59444e-06
 Reference value :  4.65642e-06
 Reference value :  4.71879e-06
 Reference value :  4.75267e-06
 Reference value :  4.81488e-06
 Reference value :  4.87521e-06
 Reference value :  4.93753e-06
 Reference value :  5.00014e-06
 Reference value :  5.03135e-06
 Reference value :  5.09423e-06
 Reference value :  5.15999e-06
 Reference value :  5.21926e-06
 Reference value :  5.28135e-06
 Reference value :  5.31762e-06
 Reference value :  5.37726e-06
 Reference value :  5.43756e-06
 Reference value :  5.46904e-06
 Reference value :  5.53130e-06
 Reference value :  5.56590e-06
 Reference value :  5.62750e-06
 Reference value :  5.68841e-06
 Reference value :  5.75018e-06
 Reference value :  5.78532e-06
 Reference value :  5.84413e-06
 Reference value :  5.90630e-06
 Reference value :  5.96198e-06
 Reference value :  6.00254e-06
 Reference value :  6.04055e-06
 Reference value :  6.11766e-06
 Reference value :  6.18753e-06
 Reference value :  6.21955e-06
 Reference value :  6.28136e-06
 Reference value :  6.31510e-06
 Reference value :  6.37520e-06
 Reference value :  6.40683e-06
 Reference value :  6.46883e-06
 Reference value :  6.50382e-06
 Reference value :  6.56502e-06
 Reference value :  6.62574e-06
 Reference value :  6.68766e-06
 Reference value :  6.72477e-06
 Reference value :  6.78152e-06
 Reference value :  6.84383e-06
 Reference value :  6.87817e-06
 Reference value :  6.94016e-06
 Reference value :  7.00247e-06
 Reference value :  7.03248e-06
 Reference value :  7.10367e-06
 Reference value :  7.17155e-06
 Reference value :  7.21942e-06
 Reference value :  7.28135e-06
 Reference value :  7.31504e-06
 Reference value :  7.37514e-06
 Reference value :  7.40678e-06
 Reference value :  7.46878e-06
 Reference value :  7.50282e-06
 Reference value :  7.56477e-06
 Reference value :  7.62524e-06
 Reference value :  7.68412e-06
 Reference value :  7.71908e-06
 Reference value :  7.78135e-06
 Reference value :  7.82397e-06
 Reference value :  7.87754e-06
 Reference value :  7.93811e-06
 Reference value :  8.00227e-06
 Reference value :  8.05072e-06
 Reference value :  8.12519e-06
 Reference value :  8.18801e-06
 Reference value :  8.25019e-06
 Reference value :  8.29541e-06
 Reference value :  8.34400e-06
 Reference value :  8.38207e-06
 Reference value :  8.44004e-06
 Reference value :  8.50072e-06
 Reference value :  8.56264e-06
 Reference value :  8.59471e-06
 Reference value :  8.65638e-06
 Reference value :  8.71642e-06
 Reference value :  8.75258e-06
 Reference value :  8.81418e-06
 Reference value :  8.87520e-06
 Reference value :  8.90696e-06
 Reference value :  8.96948e-06
 Reference value :  9.00323e-06
 Reference value :  9.08204e-06
 Reference value :  9.12560e-06
 Reference value :  9.18768e-06
 Reference value :  9.22622e-06
 Reference value :  9.28162e-06
 Reference value :  9.31793e-06
 Reference value :  9.37561e-06
 Reference value :  9.43764e-06
 Reference value :  9.46974e-06
 Reference value :  9.53135e-06
 Reference value :  9.58519e-06
 Reference value :  9.62759e-06
 Reference value :  9.68977e-06
 Reference value :  9.75020e-06
 Reference value :  9.78725e-06
 Reference value :  9.84395e-06
 Reference value :  9.89258e-06
 Reference value :  9.96738e-06
 Reference value :  1.00024e-05
 Reference value :  1.00513e-05
 Reference value :  1.01250e-05
 Reference value :  1.01876e-05
 Reference value :  1.02197e-05
 Reference value :  1.02814e-05
 Reference value :  1.03152e-05
 Reference value :  1.03756e-05
 Reference value :  1.04376e-05
 Reference value :  1.04693e-05
 Reference value :  1.05313e-05
 Reference value :  1.05662e-05
 Reference value :  1.06275e-05
 Reference value :  1.06881e-05
 Reference value :  1.07501e-05
 Reference value :  1.07819e-05
 Reference value :  1.08439e-05
 Reference value :  1.08797e-05
 Reference value :  1.09398e-05
 Reference value :  1.10001e-05
 Reference value :  1.10314e-05
 Reference value :  1.10941e-05
 Reference value :  1.11572e-05
 Reference value :  1.12192e-05
 Reference value :  1.12813e-05
 Reference value :  1.13150e-05
 Reference value :  1.13751e-05
 Reference value :  1.14067e-05
 Reference value :  1.14619e-05
 Reference value :  1.15026e-05
 Reference value :  1.15632e-05
 Reference value :  1.16251e-05
 Reference value :  1.16585e-05
 Reference value :  1.17189e-05
 Reference value :  1.17813e-05
 Reference value :  1.18151e-05
 Reference value :  1.18773e-05
 Reference value :  1.19377e-05
 Reference value :  1.20004e-05
 Reference value :  1.20315e-05
 Reference value :  1.20939e-05
 Reference value :  1.21566e-05
 Reference value :  1.22188e-05
 Reference value :  1.22529e-05
 Reference value :  1.23128e-05
 Reference value :  1.23444e-05
 Reference value :  1.24063e-05
 Reference value :  1.24400e-05
 Reference value :  1.25006e-05
 Reference value :  1.25626e-05
 Reference value :  1.25941e-05
 Reference value :  1.26563e-05
 Reference value :  1.26921e-05
 Reference value :  1.27525e-05
 Reference value :  1.28130e-05
 Reference value :  1.28751e-05
 Reference value :  1.29067e-05
 Reference value :  1.29690e-05
 Reference value :  1.30030e-05
 Reference value :  1.30629e-05
 Reference value :  1.31257e-05
 Reference value :  1.31898e-05
 Reference value :  1.32502e-05
 Reference value :  1.32818e-05
 Reference value :  1.33410e-05
 Reference value :  1.33775e-05
 Reference value :  1.34378e-05
 Reference value :  1.34920e-05
 Reference value :  1.35314e-05
 Reference value :  1.35886e-05
 Reference value :  1.36276e-05
 Reference value :  1.36898e-05
 Reference value :  1.37502e-05
 Reference value :  1.38090e-05
 Reference value :  1.38442e-05
 Reference value :  1.39063e-05
 Reference value :  1.39688e-05
 Reference value :  1.40026e-05
 Reference value :  1.40626e-05
 Reference value :  1.41252e-05
 Reference value :  1.41881e-05
 Reference value :  1.42502e-05
 Reference value :  1.42820e-05
 Reference value :  1.43438e-05
 Reference value :  1.43986e-05
 Reference value :  1.44403e-05
 Reference value :  1.45024e-05
 Reference value :  1.45627e-05
 Reference value :  1.46250e-05
 Reference value :  1.46567e-05
 Reference value :  1.47189e-05
 Reference value :  1.47687e-05
 Reference value :  1.48151e-05
 Reference value :  1.48754e-05
 Reference value :  1.49235e-05
 Reference value :  1.50000e-05
 Reference value :  1.50313e-05
 Reference value :  1.50938e-05
 Reference value :  1.51563e-05
 Reference value :  1.51880e-05
 Reference value :  1.52500e-05
 Reference value :  1.52819e-05
 Reference value :  1.53439e-05
 Reference value :  1.54063e-05
 Reference value :  1.54408e-05
 Reference value :  1.55025e-05
 Reference value :  1.55630e-05
 Reference value :  1.56251e-05
 Reference value :  1.56570e-05
 Reference value :  1.57189e-05
 Reference value :  1.57813e-05
 Reference value :  1.58152e-05
 Reference value :  1.58755e-05
 Reference value :  1.59114e-05
 Reference value :  1.60001e-05
 Reference value :  1.60313e-05
 Reference value :  1.60938e-05
 Reference value :  1.61563e-05
 Reference value :  1.61898e-05
 Reference value :  1.62502e-05
 Reference value :  1.63125e-05
 Reference value :  1.63447e-05
 Reference value :  1.64065e-05
 Reference value :  1.64688e-05
 Reference value :  1.65038e-05
 Reference value :  1.65650e-05
 Reference value :  1.66256e-05
 Reference value :  1.66876e-05
 Reference value :  1.67196e-05
 Reference value :  1.67814e-05
 Reference value :  1.68438e-05
 Reference value :  1.68776e-05
 Reference value :  1.69404e-05
No. of Data Rows : 42485
icmpf000            =  -2.93143e-05 from=  3.00000e-06 to=  5.00001e-06
icdacf000           =  -6.44409e-06 from=  3.00000e-06 to=  5.00001e-06
itrkf000            =  -2.44539e-07 from=  3.00000e-06 to=  5.00001e-06
ireff000            =  -4.54878e-09 from=  3.00000e-06 to=  5.00001e-06
ivcmf000            =  -1.72991e-05 from=  3.00000e-06 to=  5.00001e-06
icmpf025            =  -2.96895e-05 from=  6.00000e-06 to=  8.00001e-06
icdacf025           =  -6.52185e-06 from=  6.00000e-06 to=  8.00001e-06
itrkf025            =  -2.47520e-07 from=  6.00000e-06 to=  8.00001e-06
ireff025            =  -9.38108e-06 from=  6.00000e-06 to=  8.00001e-06
ivcmf025            =  -1.08032e-05 from=  6.00000e-06 to=  8.00001e-06
icmpf050            =  -3.10559e-05 from=  9.00000e-06 to=  1.10000e-05
icdacf050           =  -6.82311e-06 from=  9.00000e-06 to=  1.10000e-05
itrkf050            =  -2.50673e-07 from=  9.00000e-06 to=  1.10000e-05
ireff050            =  -1.32843e-05 from=  9.00000e-06 to=  1.10000e-05
ivcmf050            =  -1.74558e-07 from=  9.00000e-06 to=  1.10000e-05
icmpf075            =  -2.95623e-05 from=  1.20000e-05 to=  1.40000e-05
icdacf075           =  -6.91297e-06 from=  1.20000e-05 to=  1.40000e-05
itrkf075            =  -2.52836e-07 from=  1.20000e-05 to=  1.40000e-05
ireff075            =  -1.81296e-05 from=  1.20000e-05 to=  1.40000e-05
ivcmf075            =  1.06013e-05 from=  1.20000e-05 to=  1.40000e-05
icmpf100            =  -2.94250e-05 from=  1.50000e-05 to=  1.70000e-05
icdacf100           =  -7.49773e-06 from=  1.50000e-05 to=  1.70000e-05
itrkf100            =  -2.54619e-07 from=  1.50000e-05 to=  1.70000e-05
ireff100            =  -1.42544e-05 from=  1.50000e-05 to=  1.70000e-05
ivcmf100            =  1.74139e-05 from=  1.50000e-05 to=  1.70000e-05
vddm                =  3.63000e+00
m_p_cmp_f000_uw = 1.0641098160e+02
m_p_cdac_f000_uw = 2.3392039440e+01
m_p_trk_f000_uw = 8.8767657000e-01
m_p_ref_f000_uw = 1.6512085920e-02
m_p_vcm_f000_uw = 3.1397884650e+01
m_p_total_f000_uw = 1.6210509435e+02
m_p_cmp_f025_uw = 1.0777299390e+02
m_p_cdac_f025_uw = 2.3674308240e+01
m_p_trk_f025_uw = 8.9849651100e-01
m_p_ref_f025_uw = 3.4053327660e+01
m_p_vcm_f025_uw = 1.9607880600e+01
m_p_total_f025_uw = 1.8600700691e+02
m_p_cmp_f050_uw = 1.1273302590e+02
m_p_cdac_f050_uw = 2.4767871150e+01
m_p_trk_f050_uw = 9.0994299000e-01
m_p_ref_f050_uw = 4.8222009000e+01
m_p_vcm_f050_uw = 3.1682258850e-01
m_p_total_f050_uw = 1.8694967163e+02
m_p_cmp_f075_uw = 1.0731107640e+02
m_p_cdac_f075_uw = 2.5094091990e+01
m_p_trk_f075_uw = 9.1779322800e-01
m_p_ref_f075_uw = 6.5810520600e+01
m_p_vcm_f075_uw = -1.924130505e+01
m_p_total_f075_uw = 1.7989217717e+02
m_p_cmp_f100_uw = 1.0681282260e+02
m_p_cdac_f100_uw = 2.7216759900e+01
m_p_trk_f100_uw = 9.2426515500e-01
m_p_ref_f100_uw = 5.1743472000e+01
m_p_vcm_f100_uw = -3.160622850e+01
m_p_total_f100_uw = 1.5509109116e+02
m_supply_v = 3.6300000000e+00
Note: Simulation executed from .control section 

