
Note: Compatibility modes selected: hs a


Circuit: * device-switch-charge-injection @ ss_27c_2.97v -- generated by sim/harness, do not edit

Doing analysis at TEMP = 27.000000 and TNOM = 27.000000

Using SPARSE 1.3 as Direct Linear Solver

Initial Transient Solution
--------------------------

Node                                   Voltage
----                                   -------
vdd                                       2.97
nclk                                         0
nclkb                                     2.97
nin_f00                                      0
nin_f25                                 0.7425
nin_f50                                  1.485
nin_f75                                 2.2275
nin_f100                                  2.97
nhn_f00                           -1.59019e-15
nhn_f25                              0.0230995
nhn_f50                              0.0317336
nhn_f75                              0.0409895
nhn_ft                               0.0507595
nhn_c250                             0.0317336
nht_f00                                1.42463
nht_f25                                  1.485
nht_f50                                  1.485
nht_f75                                  1.485
nht_f100                               1.48643
vin_f100#branch                   -6.02288e-12
vin_f75#branch                    -3.77144e-12
vin_f50#branch                    -3.06753e-12
vin_f25#branch                      7.0491e-13
vin_f00#branch                     3.26473e-12
vclkb#branch                                 0
vclk#branch                                  0
vsup#branch                       -1.51643e-11

 Reference value :  0.00000e+00
 Reference value :  2.48350e-07
 Reference value :  4.99050e-07
 Reference value :  7.65250e-07
 Reference value :  1.07825e-06
 Reference value :  1.32495e-06
No. of Data Rows : 15016
vpre_n_f00          =  2.92691e-17
vpost_n_f00         =  -6.33679e-03
vpre_n_f25          =  7.42500e-01
vpost_n_f25         =  7.36381e-01
vpre_n_f50          =  1.48500e+00
vpost_n_f50         =  1.48002e+00
vpre_n_f75          =  2.12286e+00
vpost_n_f75         =  2.11907e+00
vpre_n_ft           =  2.15426e+00
vpost_n_ft          =  2.15049e+00
vpre_n_c250         =  1.48500e+00
vpost_n_c250        =  1.43939e+00
vpre_t_f00          =  5.31334e-10
vpost_t_f00         =  -3.52855e-03
vpre_t_f25          =  7.42500e-01
vpost_t_f25         =  7.39937e-01
vpre_t_f50          =  1.48500e+00
vpost_t_f50         =  1.48575e+00
vpre_t_f75          =  2.22750e+00
vpost_t_f75         =  2.23356e+00
vpre_t_f100         =  2.97000e+00
vpost_t_f100        =  2.97942e+00
m_ped_n_f00_mv = -6.336788000e+00
m_ped_n_f25_mv = -6.118600000e+00
m_ped_n_f50_mv = -4.982000000e+00
m_ped_n_f75_mv = -3.788000000e+00
m_ped_n_ft_mv = -3.773000000e+00
m_ped_n_c250_mv = -4.561300000e+01
m_ped_t_f00_mv = -3.528546531e+00
m_ped_t_f25_mv = -2.563200000e+00
m_ped_t_f50_mv = 7.5300000000e-01
m_ped_t_f75_mv = 6.0600000000e+00
m_ped_t_f100_mv = 9.4200000000e+00
m_ped_n_spread_mv = 2.5487880000e+00
m_ped_t_spread_mv = 1.2948546531e+01
m_chinj_share_n_f50 = 2.4267362505e-01
m_chold_scaling_ratio = 9.1555600161e+00
Note: Simulation executed from .control section 

Warning: m=xx on .subckt line will override multiplier m hierarchy!

