
Note: No compatibility mode selected!


Circuit: * adc-inl-dnl @ ff_-40c_2.97v -- generated by sim/harness, do not edit

Reducing trtol to 1 for xspice 'A' devices
Doing analysis at TEMP = -40.000000 and TNOM = 27.000000

Using SPARSE 1.3 as Direct Linear Solver

Initial Transient Solution
--------------------------

Node                                   Voltage
----                                   -------
clk                                          0
cmpclk                                       0
cmpclkb                                   2.97
vddt                                      2.97
vddd                                      2.97
vddc                                      2.97
vrefs                                     2.97
vrefn                                     2.97
vcmn                                     1.485
se_vinp                             0.00362549
se_vinn                                  1.485
se_start                                     0
se_mode                                      0
se_cmp                                 1.22578
se_samp_tp_n                                 0
se_sel_in_n                                  0
se_drdy                                   2.97
se_c9                                        0
se_c8                                        0
se_c7                                        0
se_c6                                        0
se_c5                                        0
se_c4                                        0
se_c3                                        0
se_c2                                        0
se_c1                                        0
se_c0                                        0
se_rel_n_256p                             2.97
se_sel_hi_n_256p                             0
se_sel_lo_n_256p                             0
se_rel_n_128p                             2.97
se_sel_hi_n_128p                             0
se_sel_lo_n_128p                             0
se_rel_n_64p                              2.97
se_sel_hi_n_64p                              0
se_sel_lo_n_64p                              0
se_rel_n_32p                              2.97
se_sel_hi_n_32p                              0
se_sel_lo_n_32p                              0
se_rel_n_16p                              2.97
se_sel_hi_n_16p                              0
se_sel_lo_n_16p                              0
se_rel_n_8p                               2.97
se_sel_hi_n_8p                               0
se_sel_lo_n_8p                               0
se_rel_n_4p                               2.97
se_sel_hi_n_4p                               0
se_sel_lo_n_4p                               0
se_rel_n_2p                               2.97
se_sel_hi_n_2p                               0
se_sel_lo_n_2p                               0
se_rel_n_1p                               2.97
se_sel_hi_n_1p                               0
se_sel_lo_n_1p                               0
se_rel_n_256n                             2.97
se_sel_hi_n_256n                             0
se_sel_lo_n_256n                             0
se_rel_n_128n                             2.97
se_sel_hi_n_128n                             0
se_sel_lo_n_128n                             0
se_rel_n_64n                              2.97
se_sel_hi_n_64n                              0
se_sel_lo_n_64n                              0
se_rel_n_32n                              2.97
se_sel_hi_n_32n                              0
se_sel_lo_n_32n                              0
se_rel_n_16n                              2.97
se_sel_hi_n_16n                              0
se_sel_lo_n_16n                              0
se_rel_n_8n                               2.97
se_sel_hi_n_8n                               0
se_sel_lo_n_8n                               0
se_rel_n_4n                               2.97
se_sel_hi_n_4n                               0
se_sel_lo_n_4n                               0
se_rel_n_2n                               2.97
se_sel_hi_n_2n                               0
se_sel_lo_n_2n                               0
se_rel_n_1n                               2.97
se_sel_hi_n_1n                               0
se_sel_lo_n_1n                               0
se_pinp                             0.00362549
se_pinn                                  1.485
xdut.\$65                                 2.97
xdut.\$27                          1.14088e-09
xdut.\$29                                 2.97
xdut.\$9                                  2.97
xdut.\$10                                1.485
xdut.\$67                                 2.97
xdut.\$31                          1.14088e-09
xdut.\$33                                 2.97
xdut.\$11                                 2.97
xdut.\$12                                1.485
xdut.\$69                                 2.97
xdut.\$35                          1.14088e-09
xdut.\$37                                 2.97
xdut.\$13                                 2.97
xdut.\$14                                1.485
xdut.\$71                                 2.97
xdut.\$39                          1.14088e-09
xdut.\$41                                 2.97
xdut.\$15                                 2.97
xdut.\$16                                1.485
xdut.\$73                                 2.97
xdut.\$43                          1.14088e-09
xdut.\$45                                 2.97
xdut.\$17                                 2.97
xdut.\$18                                1.485
xdut.\$75                                 2.97
xdut.\$47                          1.14088e-09
xdut.\$49                                 2.97
xdut.\$19                                 2.97
xdut.\$20                                1.485
xdut.\$77                                 2.97
xdut.\$51                          1.14088e-09
xdut.\$53                                 2.97
xdut.\$21                                 2.97
xdut.\$22                                1.485
xdut.\$79                                 2.97
xdut.\$55                          1.14088e-09
xdut.\$57                                 2.97
xdut.\$23                                 2.97
xdut.\$24                                1.485
xdut.\$81                                 2.97
xdut.\$59                          1.14088e-09
xdut.\$61                                 2.97
xdut.\$25                                 2.97
xdut.\$26                                1.485
xdut.\$83                                 2.97
xdut.\$85                          1.14088e-09
xdut.\$87                                 2.97
xdut.\$89                                 2.97
xdut.\$90                                1.485
xdut.\$92                                 2.97
xdut.\$94                          1.14088e-09
xdut.\$96                                 2.97
xdut.\$98                                 2.97
xdut.\$99                                1.485
xdut.\$100                                2.97
xdut.\$102                         1.14088e-09
xdut.\$104                                2.97
xdut.\$106                                2.97
xdut.\$107                               1.485
xdut.\$108                                2.97
xdut.\$110                         1.14088e-09
xdut.\$112                                2.97
xdut.\$114                                2.97
xdut.\$115                               1.485
xdut.\$116                                2.97
xdut.\$118                         1.14088e-09
xdut.\$120                                2.97
xdut.\$122                                2.97
xdut.\$123                               1.485
xdut.\$124                                2.97
xdut.\$126                         1.14088e-09
xdut.\$128                                2.97
xdut.\$130                                2.97
xdut.\$131                               1.485
xdut.\$132                                2.97
xdut.\$134                         1.14088e-09
xdut.\$136                                2.97
xdut.\$138                                2.97
xdut.\$139                               1.485
xdut.\$140                                2.97
xdut.\$142                         1.14088e-09
xdut.\$144                                2.97
xdut.\$146                                2.97
xdut.\$147                               1.485
xdut.\$166                                2.97
se_topp                                1.48506
xdut.\$167                                2.97
se_topn                                1.48506
xdut.\$148                                2.97
xdut.\$150                         1.14088e-09
xdut.\$152                                2.97
xdut.\$154                                2.97
xdut.\$155                               1.485
xdut.\$10__par                           1.485
xdut.\$100__par                           2.97
xdut.\$102__par                    1.14088e-09
xdut.\$104__par                           2.97
xdut.\$106__par                           2.97
xdut.\$107__par                          1.485
xdut.\$108__par                           2.97
xdut.\$11__par                            2.97
xdut.\$110__par                    1.14088e-09
xdut.\$112__par                           2.97
xdut.\$114__par                           2.97
xdut.\$115__par                          1.485
xdut.\$116__par                           2.97
xdut.\$118__par                    1.14088e-09
xdut.\$12__par                           1.485
xdut.\$120__par                           2.97
xdut.\$122__par                           2.97
xdut.\$123__par                          1.485
xdut.\$124__par                           2.97
xdut.\$126__par                    1.14088e-09
xdut.\$128__par                           2.97
xdut.\$13__par                            2.97
xdut.\$130__par                           2.97
xdut.\$131__par                          1.485
xdut.\$132__par                           2.97
xdut.\$134__par                    1.14088e-09
xdut.\$136__par                           2.97
xdut.\$138__par                           2.97
xdut.\$139__par                          1.485
xdut.\$14__par                           1.485
xdut.\$140__par                           2.97
xdut.\$142__par                    1.14088e-09
xdut.\$144__par                           2.97
xdut.\$146__par                           2.97
xdut.\$147__par                          1.485
xdut.\$148__par                           2.97
xdut.\$15__par                            2.97
xdut.\$150__par                    1.14088e-09
xdut.\$152__par                           2.97
xdut.\$154__par                           2.97
xdut.\$155__par                          1.485
xdut.\$16__par                           1.485
xdut.\$166__par                           2.97
xdut.\$167__par                           2.97
xdut.\$17__par                            2.97
xdut.\$18__par                           1.485
xdut.\$19__par                            2.97
xdut.\$20__par                           1.485
xdut.\$21__par                            2.97
xdut.\$22__par                           1.485
xdut.\$23__par                            2.97
xdut.\$24__par                           1.485
xdut.\$25__par                            2.97
xdut.\$26__par                           1.485
xdut.\$27__par                     1.14088e-09
xdut.\$29__par                            2.97
xdut.\$31__par                     1.14088e-09
xdut.\$33__par                            2.97
xdut.\$35__par                     1.14088e-09
xdut.\$37__par                            2.97
xdut.\$39__par                     1.14088e-09
xdut.\$41__par                            2.97
xdut.\$43__par                     1.14088e-09
xdut.\$45__par                            2.97
xdut.\$47__par                     1.14088e-09
xdut.\$49__par                            2.97
xdut.\$51__par                     1.14088e-09
xdut.\$53__par                            2.97
xdut.\$55__par                     1.14088e-09
xdut.\$57__par                            2.97
xdut.\$59__par                     1.14088e-09
xdut.\$61__par                            2.97
xdut.\$65__par                            2.97
xdut.\$67__par                            2.97
xdut.\$69__par                            2.97
xdut.\$71__par                            2.97
xdut.\$73__par                            2.97
xdut.\$75__par                            2.97
xdut.\$77__par                            2.97
xdut.\$79__par                            2.97
xdut.\$81__par                            2.97
xdut.\$83__par                            2.97
xdut.\$85__par                     1.14088e-09
xdut.\$87__par                            2.97
xdut.\$89__par                            2.97
xdut.\$9__par                             2.97
xdut.\$90__par                           1.485
xdut.\$92__par                            2.97
xdut.\$94__par                     1.14088e-09
xdut.\$96__par                            2.97
xdut.\$98__par                            2.97
xdut.\$99__par                           1.485
xdut.hi_128_n__par                           0
xdut.hi_128_p__par                           0
xdut.hi_16_n__par                            0
xdut.hi_16_p__par                            0
xdut.hi_1_n__par                             0
xdut.hi_1_p__par                             0
xdut.hi_256_n__par                           0
xdut.hi_256_p__par                           0
xdut.hi_2_n__par                             0
xdut.hi_2_p__par                             0
xdut.hi_32_n__par                            0
xdut.hi_32_p__par                            0
xdut.hi_4_n__par                             0
xdut.hi_4_p__par                             0
xdut.hi_64_n__par                            0
xdut.hi_64_p__par                            0
xdut.hi_8_n__par                             0
xdut.hi_8_p__par                             0
xdut.lo_128_n__par                           0
xdut.lo_128_p__par                           0
xdut.lo_16_n__par                            0
xdut.lo_16_p__par                            0
xdut.lo_1_n__par                             0
xdut.lo_1_p__par                             0
xdut.lo_256_n__par                           0
xdut.lo_256_p__par                           0
xdut.lo_2_n__par                             0
xdut.lo_2_p__par                             0
xdut.lo_32_n__par                            0
xdut.lo_32_p__par                            0
xdut.lo_4_n__par                             0
xdut.lo_4_p__par                             0
xdut.lo_64_n__par                            0
xdut.lo_64_p__par                            0
xdut.lo_8_n__par                             0
xdut.lo_8_p__par                             0
xdut.pinn__par                           1.485
xdut.pinp__par                      0.00362549
xdut.rel_128_n__par                       2.97
xdut.rel_128_p__par                       2.97
xdut.rel_16_n__par                        2.97
xdut.rel_16_p__par                        2.97
xdut.rel_1_n__par                         2.97
xdut.rel_1_p__par                         2.97
xdut.rel_256_n__par                       2.97
xdut.rel_256_p__par                       2.97
xdut.rel_2_n__par                         2.97
xdut.rel_2_p__par                         2.97
xdut.rel_32_n__par                        2.97
xdut.rel_32_p__par                        2.97
xdut.rel_4_n__par                         2.97
xdut.rel_4_p__par                         2.97
xdut.rel_64_n__par                        2.97
xdut.rel_64_p__par                        2.97
xdut.rel_8_n__par                         2.97
xdut.rel_8_p__par                         2.97
xdut.sel_in__par                             0
xdut.topn__par                         1.48506
xdut.topp__par                         1.48506
xdut.tp_gn__par                              0
xdut.vcm__par                            1.485
xdut.vdd__par                             2.97
xdut.vref__par                            2.97
xdut.vss__par                                0
se_ibias                               0.69564
xsecmp.xpre.ptail                      0.67091
xsecmp.pon                             2.26187
xsecmp.preamp_in1                      1.48506
xsecmp.pop                             2.26187
xsecmp.preamp_in2                      1.48506
xsecmp.xpre.xrlp.11                    2.96978
xsecmp.xpre.xrlp.21                    2.26209
xsecmp.xpre.xrln.11                    2.96978
xsecmp.xpre.xrln.21                    2.26209
xsecmp.xlat.ltail                      1.62602
xsecmp.xlat.dip                           2.97
xsecmp.xlat.din                           2.97
xsecmp.outn                               2.97
xsecmp.outp                               2.97
xsecmp.sset                        4.38943e-09
xsecmp.srst                        4.38943e-09
xsecmp.xno1.ps                         2.78114
se_cmpb                                1.22578
xsecmp.xno2.ps                         2.78114
se_code                                      0
se_dacp                            1.11022e-16
se_dacn                            1.11022e-16
se_di                                  1.48137
se_err                                  510.75
se_aerrh                                     0
bseea#branch                                 0
bsee#branch                                  0
bsedi#branch                                 0
bsedacn#branch                               0
bsedacp#branch                               0
bsecode#branch                               0
lref#branch                        5.36587e-11
v.xsecmp.vpn#branch               -7.58367e-28
v.xsecmp.vpp#branch               -3.12016e-28
vsemode#branch                               0
vsestart#branch                              0
vsevinn#branch                     3.46945e-17
vsevinp#branch                     3.24095e-11
vcms#branch                       -1.74428e-12
vrefs#branch                      -5.36587e-11
vddc#branch                       -0.000675554
vddd#branch                       -4.75099e-10
vddt#branch                                  0
vcmpclkb#branch                              0
vcmpclk#branch                               0
vclk#branch                                  0
a.xsectrl.a_gn#branch_1_0                    0
a.xsectrl.a_gn#branch_1_1                    0
a.xsectrl.a_gn#branch_1_2                    0
a.xsectrl.a_gn#branch_1_3                    0
a.xsectrl.a_gn#branch_1_4                    0
a.xsectrl.a_gn#branch_1_5                    0
a.xsectrl.a_gn#branch_1_6                    0
a.xsectrl.a_gn#branch_1_7                    0
a.xsectrl.a_gn#branch_1_8                    0
a.xsectrl.a_gn#branch_1_9                    0
a.xsectrl.a_gn#branch_1_10                   0
a.xsectrl.a_gn#branch_1_11                   0
a.xsectrl.a_gn#branch_1_12                   0
a.xsectrl.a_gn#branch_1_13                   0
a.xsectrl.a_gn#branch_1_14                   0
a.xsectrl.a_gn#branch_1_15                   0
a.xsectrl.a_gn#branch_1_16                   0
a.xsectrl.a_gn#branch_1_17                   0
a.xsectrl.a_gn#branch_1_18                   0
a.xsectrl.a_gn#branch_1_19                   0
a.xsectrl.a_gn#branch_1_20                   0
a.xsectrl.a_gn#branch_1_21                   0
a.xsectrl.a_gn#branch_1_22                   0
a.xsectrl.a_gn#branch_1_23                   0
a.xsectrl.a_gn#branch_1_24                   0
a.xsectrl.a_gn#branch_1_25                   0
a.xsectrl.a_gn#branch_1_26                   0
a.xsectrl.a_gn#branch_1_27                   0
a.xsectrl.a_gn#branch_1_28                   0
a.xsectrl.a_gn#branch_1_29                   0
a.xsectrl.a_gn#branch_1_30                   0
a.xsectrl.a_gn#branch_1_31                   0
a.xsectrl.a_gn#branch_1_32                   0
a.xsectrl.a_gn#branch_1_33                   0
a.xsectrl.a_gn#branch_1_34                   0
a.xsectrl.a_gn#branch_1_35                   0
a.xsectrl.a_gn#branch_1_36                   0
a.xsectrl.a_gn#branch_1_37                   0
a.xsectrl.a_gn#branch_1_38                   0
a.xsectrl.a_gn#branch_1_39                   0
a.xsectrl.a_gn#branch_1_40                   0
a.xsectrl.a_gn#branch_1_41                   0
a.xsectrl.a_gn#branch_1_42                   0
a.xsectrl.a_gn#branch_1_43                   0
a.xsectrl.a_gn#branch_1_44                   0
a.xsectrl.a_gn#branch_1_45                   0
a.xsectrl.a_gn#branch_1_46                   0
a.xsectrl.a_gn#branch_1_47                   0
a.xsectrl.a_gn#branch_1_48                   0
a.xsectrl.a_gn#branch_1_49                   0
a.xsectrl.a_gn#branch_1_50                   0
a.xsectrl.a_gn#branch_1_51                   0
a.xsectrl.a_gn#branch_1_52                   0
a.xsectrl.a_gn#branch_1_53                   0
a.xsectrl.a_dout#branch_1_0                  0
a.xsectrl.a_dout#branch_1_1                  0
a.xsectrl.a_dout#branch_1_2                  0
a.xsectrl.a_dout#branch_1_3                  0
a.xsectrl.a_dout#branch_1_4                  0
a.xsectrl.a_dout#branch_1_5                  0
a.xsectrl.a_dout#branch_1_6                  0
a.xsectrl.a_dout#branch_1_7                  0
a.xsectrl.a_dout#branch_1_8                  0
a.xsectrl.a_dout#branch_1_9                  0
a.xsectrl.a_dout#branch_1_10                 0
a.xsectrl.a_dout#branch_1_11                 0
a.xsectrl.a_dout#branch_1_12                 0

 Reference value :  0.00000e+00
 Reference value :  2.31870e-09
 Reference value :  2.65966e-09
 Reference value :  2.75331e-09
 Reference value :  2.91881e-09
 Reference value :  3.22203e-09
 Reference value :  2.93983e-08
 Reference value :  3.13366e-08
 Reference value :  3.13508e-08
 Reference value :  3.14500e-08
 Reference value :  3.17976e-08
 Reference value :  6.25650e-08
 Reference value :  6.27007e-08
 Reference value :  6.28445e-08
 Reference value :  6.30310e-08
 Reference value :  7.12464e-08
 Reference value :  9.37564e-08
 Reference value :  9.38318e-08
 Reference value :  9.39525e-08
 Reference value :  9.43522e-08
 Reference value :  1.25010e-07
 Reference value :  1.25101e-07
 Reference value :  1.25323e-07
 Reference value :  1.25569e-07
 Reference value :  1.43743e-07
 Reference value :  1.56269e-07
 Reference value :  1.56458e-07
 Reference value :  1.56676e-07
 Reference value :  1.87601e-07
 Reference value :  1.87991e-07
 Reference value :  1.90097e-07
 Reference value :  2.18842e-07
 Reference value :  2.19243e-07
 Reference value :  2.50150e-07
 Reference value :  2.51126e-07
 Reference value :  2.53082e-07
 Reference value :  2.62628e-07
 Reference value :  2.81350e-07
 Reference value :  2.81663e-07
 Reference value :  3.12663e-07
 Reference value :  3.14765e-07
 Reference value :  3.15144e-07
 Reference value :  3.43782e-07
 Reference value :  3.43950e-07
 Reference value :  3.75100e-07
 Reference value :  3.75578e-07
 Reference value :  3.77561e-07
 Reference value :  3.81349e-07
 Reference value :  3.99299e-07
 Reference value :  4.06414e-07
 Reference value :  4.29717e-07
 Reference value :  4.37843e-07
 Reference value :  4.39947e-07
 Reference value :  4.43080e-07
 Reference value :  4.68859e-07
 Reference value :  4.93785e-07
 Reference value :  5.00301e-07
 Reference value :  5.02484e-07
 Reference value :  5.17833e-07
 Reference value :  5.31391e-07
 Reference value :  5.62530e-07
 Reference value :  5.62988e-07
 Reference value :  5.65076e-07
 Reference value :  5.93803e-07
 Reference value :  5.94038e-07
 Reference value :  6.25149e-07
 Reference value :  6.27271e-07
 Reference value :  6.28266e-07
 Reference value :  6.56363e-07
 Reference value :  6.65206e-07
 Reference value :  6.87802e-07
 Reference value :  6.89985e-07
 Reference value :  7.05781e-07
 Reference value :  7.18947e-07
 Reference value :  7.50101e-07
 Reference value :  7.50580e-07
 Reference value :  7.52620e-07
 Reference value :  7.59295e-07
 Reference value :  7.75295e-07
 Reference value :  7.81356e-07
 Reference value :  7.81696e-07
 Reference value :  8.12603e-07
 Reference value :  8.12844e-07
 Reference value :  8.12880e-07
 Reference value :  8.12905e-07
 Reference value :  8.14841e-07
 Reference value :  8.15409e-07
 Reference value :  8.43815e-07
 Reference value :  8.43853e-07
 Reference value :  8.43982e-07
 Reference value :  8.44156e-07
 Reference value :  8.49807e-07
 Reference value :  8.75065e-07
 Reference value :  8.75200e-07
 Reference value :  8.75362e-07
 Reference value :  8.75394e-07
 Reference value :  8.77267e-07
 Reference value :  8.77487e-07
 Reference value :  8.77506e-07
 Reference value :  8.77538e-07
 Reference value :  8.77576e-07
 Reference value :  8.77598e-07
 Reference value :  8.77629e-07
 Reference value :  8.77672e-07
 Reference value :  8.77744e-07
 Reference value :  8.77859e-07
 Reference value :  8.78105e-07
 Reference value :  8.78789e-07
 Reference value :  8.80324e-07
 Reference value :  8.84361e-07
 Reference value :  8.88361e-07
 Reference value :  8.94361e-07
 Reference value :  9.00361e-07
 Reference value :  9.06260e-07
 Reference value :  9.06289e-07
 Reference value :  9.06304e-07
 Reference value :  9.06404e-07
 Reference value :  9.06877e-07
 Reference value :  9.37617e-07
 Reference value :  9.37763e-07
 Reference value :  9.39735e-07
 Reference value :  9.68850e-07
 Reference value :  9.69476e-07
 Reference value :  1.00020e-06
 Reference value :  1.00227e-06
 Reference value :  1.00268e-06
 Reference value :  1.00288e-06
 Reference value :  1.00311e-06
 Reference value :  1.02968e-06
 Reference value :  1.03135e-06
 Reference value :  1.03158e-06
 Reference value :  1.03178e-06
 Reference value :  1.06251e-06
 Reference value :  1.06275e-06
 Reference value :  1.06296e-06
 Reference value :  1.09206e-06
 Reference value :  1.09379e-06
 Reference value :  1.09409e-06
 Reference value :  1.12506e-06
 Reference value :  1.12553e-06
 Reference value :  1.15635e-06
 Reference value :  1.15682e-06
 Reference value :  1.18769e-06
 Reference value :  1.18977e-06
 Reference value :  1.19549e-06
 Reference value :  1.21892e-06
 Reference value :  1.22168e-06
 Reference value :  1.25020e-06
 Reference value :  1.25269e-06
 Reference value :  1.25330e-06
 Reference value :  1.28126e-06
 Reference value :  1.28136e-06
 Reference value :  1.28184e-06
 Reference value :  1.31270e-06
 Reference value :  1.31477e-06
 Reference value :  1.31563e-06
 Reference value :  1.34382e-06
 Reference value :  1.34423e-06
 Reference value :  1.37520e-06
 Reference value :  1.37727e-06
 Reference value :  1.37830e-06
 Reference value :  1.40632e-06
 Reference value :  1.40720e-06
 Reference value :  1.43771e-06
 Reference value :  1.43991e-06
 Reference value :  1.44263e-06
 Reference value :  1.46885e-06
 Reference value :  1.49179e-06
 Reference value :  1.50036e-06
 Reference value :  1.50252e-06
 Reference value :  1.52954e-06
 Reference value :  1.53145e-06
 Reference value :  1.56261e-06
 Reference value :  1.56317e-06
 Reference value :  1.56528e-06
 Reference value :  1.59382e-06
 Reference value :  1.59422e-06
 Reference value :  1.61642e-06
 Reference value :  1.62536e-06
 Reference value :  1.62752e-06
 Reference value :  1.65628e-06
 Reference value :  1.65646e-06
 Reference value :  1.68760e-06
 Reference value :  1.68818e-06
 Reference value :  1.69017e-06
 Reference value :  1.71881e-06
 Reference value :  1.71916e-06
 Reference value :  1.75019e-06
 Reference value :  1.75227e-06
 Reference value :  1.75341e-06
 Reference value :  1.78140e-06
 Reference value :  1.78178e-06
 Reference value :  1.81270e-06
 Reference value :  1.81477e-06
 Reference value :  1.81627e-06
 Reference value :  1.84388e-06
 Reference value :  1.84432e-06
 Reference value :  1.87519e-06
 Reference value :  1.87727e-06
 Reference value :  1.87786e-06
 Reference value :  1.90634e-06
 Reference value :  1.91216e-06
 Reference value :  1.93766e-06
 Reference value :  1.93813e-06
 Reference value :  1.96880e-06
 Reference value :  1.96923e-06
 Reference value :  1.99813e-06
 Reference value :  2.00020e-06
 Reference value :  2.00039e-06
 Reference value :  2.00231e-06
 Reference value :  2.00252e-06
 Reference value :  2.00288e-06
 Reference value :  2.00320e-06
 Reference value :  2.00494e-06
 Reference value :  2.00904e-06
 Reference value :  2.02212e-06
 Reference value :  2.03128e-06
 Reference value :  2.03132e-06
 Reference value :  2.03133e-06
 Reference value :  2.03134e-06
 Reference value :  2.03136e-06
 Reference value :  2.03145e-06
 Reference value :  2.03152e-06
 Reference value :  2.03167e-06
 Reference value :  2.04997e-06
 Reference value :  2.06284e-06
 Reference value :  2.09379e-06
 Reference value :  2.09407e-06
 Reference value :  2.09412e-06
 Reference value :  2.09413e-06
 Reference value :  2.09418e-06
 Reference value :  2.12518e-06
 Reference value :  2.13774e-06
 Reference value :  2.15643e-06
 Reference value :  2.15658e-06
 Reference value :  2.18753e-06
 Reference value :  2.18780e-06
 Reference value :  2.18989e-06
 Reference value :  2.21878e-06
 Reference value :  2.21908e-06
 Reference value :  2.25010e-06
 Reference value :  2.25053e-06
 Reference value :  2.25302e-06
 Reference value :  2.28129e-06
 Reference value :  2.28156e-06
 Reference value :  2.31253e-06
 Reference value :  2.31291e-06
 Reference value :  2.31503e-06
 Reference value :  2.34265e-06
 Reference value :  2.34394e-06
 Reference value :  2.37510e-06
 Reference value :  2.37547e-06
 Reference value :  2.37754e-06
 Reference value :  2.40130e-06
 Reference value :  2.40646e-06
 Reference value :  2.43765e-06
 Reference value :  2.43976e-06
 Reference value :  2.44056e-06
 Reference value :  2.46883e-06
 Reference value :  2.47779e-06
 Reference value :  2.50027e-06
 Reference value :  2.50247e-06
 Reference value :  2.51383e-06
 Reference value :  2.53143e-06
 Reference value :  2.56260e-06
 Reference value :  2.56310e-06
 Reference value :  2.56499e-06
 Reference value :  2.59375e-06
 Reference value :  2.59394e-06
 Reference value :  2.61842e-06
 Reference value :  2.62540e-06
 Reference value :  2.62755e-06
 Reference value :  2.65630e-06
 Reference value :  2.65646e-06
 Reference value :  2.68763e-06
 Reference value :  2.68977e-06
 Reference value :  2.69078e-06
 Reference value :  2.71884e-06
 Reference value :  2.72872e-06
 Reference value :  2.75030e-06
 Reference value :  2.75250e-06
 Reference value :  2.78129e-06
 Reference value :  2.78159e-06
 Reference value :  2.80973e-06
 Reference value :  2.81288e-06
 Reference value :  2.81502e-06
 Reference value :  2.84382e-06
 Reference value :  2.84392e-06
 Reference value :  2.84445e-06
 Reference value :  2.87520e-06
 Reference value :  2.87738e-06
 Reference value :  2.88636e-06
 Reference value :  2.90638e-06
 Reference value :  2.93753e-06
 Reference value :  2.93795e-06
 Reference value :  2.96881e-06
 Reference value :  2.96948e-06
 Reference value :  3.00012e-06
 Reference value :  3.00083e-06
 Reference value :  3.00267e-06
 Reference value :  3.00346e-06
 Reference value :  3.03133e-06
 Reference value :  3.03163e-06
 Reference value :  3.06260e-06
 Reference value :  3.06320e-06
 Reference value :  3.09386e-06
 Reference value :  3.09404e-06
 Reference value :  3.09422e-06
 Reference value :  3.10061e-06
 Reference value :  3.12518e-06
 Reference value :  3.12530e-06
 Reference value :  3.12546e-06
 Reference value :  3.14488e-06
 Reference value :  3.15631e-06
 Reference value :  3.15633e-06
 Reference value :  3.15645e-06
 Reference value :  3.15657e-06
 Reference value :  3.16138e-06
 Reference value :  3.18763e-06
 Reference value :  3.18777e-06
 Reference value :  3.18981e-06
 Reference value :  3.19007e-06
 Reference value :  3.20349e-06
 Reference value :  3.21712e-06
 Reference value :  3.21879e-06
 Reference value :  3.21883e-06
 Reference value :  3.21886e-06
 Reference value :  3.21904e-06
 Reference value :  3.21906e-06
 Reference value :  3.21908e-06
 Reference value :  3.21911e-06
 Reference value :  3.21914e-06
 Reference value :  3.21922e-06
 Reference value :  3.25010e-06
 Reference value :  3.25070e-06
 Reference value :  3.25288e-06
 Reference value :  3.25497e-06
 Reference value :  3.28135e-06
 Reference value :  3.28172e-06
 Reference value :  3.31266e-06
 Reference value :  3.31387e-06
 Reference value :  3.31522e-06
 Reference value :  3.34380e-06
 Reference value :  3.34414e-06
 Reference value :  3.37520e-06
 Reference value :  3.37728e-06
 Reference value :  3.37858e-06
 Reference value :  3.40632e-06
 Reference value :  3.40843e-06
 Reference value :  3.43771e-06
 Reference value :  3.43993e-06
 Reference value :  3.44367e-06
 Reference value :  3.46892e-06
 Reference value :  3.50010e-06
 Reference value :  3.50049e-06
 Reference value :  3.50258e-06
 Reference value :  3.53129e-06
 Reference value :  3.53164e-06
 Reference value :  3.56270e-06
 Reference value :  3.56281e-06
 Reference value :  3.56498e-06
 Reference value :  3.57993e-06
 Reference value :  3.59392e-06
 Reference value :  3.62503e-06
 Reference value :  3.62542e-06
 Reference value :  3.62752e-06
 Reference value :  3.65629e-06
 Reference value :  3.65647e-06
 Reference value :  3.68762e-06
 Reference value :  3.68827e-06
 Reference value :  3.69032e-06
 Reference value :  3.71885e-06
 Reference value :  3.72776e-06
 Reference value :  3.75030e-06
 Reference value :  3.75250e-06
 Reference value :  3.78129e-06
 Reference value :  3.78158e-06
 Reference value :  3.81251e-06
 Reference value :  3.81289e-06
 Reference value :  3.81504e-06
 Reference value :  3.84382e-06
 Reference value :  3.84441e-06
 Reference value :  3.87520e-06
 Reference value :  3.87732e-06
 Reference value :  3.87795e-06
 Reference value :  3.90630e-06
 Reference value :  3.90655e-06
 Reference value :  3.92832e-06
 Reference value :  3.93784e-06
 Reference value :  3.93827e-06
 Reference value :  3.96882e-06
 Reference value :  3.96972e-06
 Reference value :  4.00020e-06
 Reference value :  4.00149e-06
 Reference value :  4.00267e-06
 Reference value :  4.00364e-06
 Reference value :  4.03134e-06
 Reference value :  4.05205e-06
 Reference value :  4.06285e-06
 Reference value :  4.09382e-06
 Reference value :  4.09426e-06
 Reference value :  4.12520e-06
 Reference value :  4.14975e-06
 Reference value :  4.15652e-06
 Reference value :  4.18753e-06
 Reference value :  4.18797e-06
 Reference value :  4.19016e-06
 Reference value :  4.21886e-06
 Reference value :  4.22413e-06
 Reference value :  4.25030e-06
 Reference value :  4.25282e-06
 Reference value :  4.25912e-06
 Reference value :  4.28140e-06
 Reference value :  4.31260e-06
 Reference value :  4.31319e-06
 Reference value :  4.31506e-06
 Reference value :  4.34263e-06
 Reference value :  4.34407e-06
 Reference value :  4.37518e-06
 Reference value :  4.37727e-06
 Reference value :  4.37843e-06
 Reference value :  4.40632e-06
 Reference value :  4.40664e-06
 Reference value :  4.43760e-06
 Reference value :  4.43807e-06
 Reference value :  4.44010e-06
 Reference value :  4.46880e-06
 Reference value :  4.46905e-06
 Reference value :  4.47027e-06
 Reference value :  4.50015e-06
 Reference value :  4.50226e-06
 Reference value :  4.50294e-06
 Reference value :  4.52212e-06
 Reference value :  4.53134e-06
 Reference value :  4.53162e-06
 Reference value :  4.55556e-06
 Reference value :  4.56268e-06
 Reference value :  4.56270e-06
 Reference value :  4.56279e-06
 Reference value :  4.56483e-06
 Reference value :  4.56518e-06
 Reference value :  4.57050e-06
 Reference value :  4.59378e-06
 Reference value :  4.59389e-06
 Reference value :  4.59557e-06
 Reference value :  4.62510e-06
 Reference value :  4.62520e-06
 Reference value :  4.62544e-06
 Reference value :  4.62728e-06
 Reference value :  4.62733e-06
 Reference value :  4.62752e-06
 Reference value :  4.63489e-06
 Reference value :  4.65635e-06
 Reference value :  4.65667e-06
 Reference value :  4.68756e-06
 Reference value :  4.68780e-06
 Reference value :  4.68793e-06
 Reference value :  4.68844e-06
 Reference value :  4.69002e-06
 Reference value :  4.69824e-06
 Reference value :  4.71882e-06
 Reference value :  4.71905e-06
 Reference value :  4.74014e-06
 Reference value :  4.75020e-06
 Reference value :  4.75045e-06
 Reference value :  4.75229e-06
 Reference value :  4.75233e-06
 Reference value :  4.75238e-06
 Reference value :  4.75243e-06
 Reference value :  4.75245e-06
 Reference value :  4.75249e-06
 Reference value :  4.75250e-06
 Reference value :  4.75252e-06
 Reference value :  4.75317e-06
 Reference value :  4.78127e-06
 Reference value :  4.78135e-06
 Reference value :  4.78165e-06
 Reference value :  4.81251e-06
 Reference value :  4.81270e-06
 Reference value :  4.81304e-06
 Reference value :  4.81492e-06
 Reference value :  4.81501e-06
 Reference value :  4.81503e-06
 Reference value :  4.81506e-06
 Reference value :  4.82624e-06
 Reference value :  4.84382e-06
 Reference value :  4.84385e-06
 Reference value :  4.84438e-06
 Reference value :  4.84840e-06
 Reference value :  4.87515e-06
 Reference value :  4.87727e-06
 Reference value :  4.87809e-06
 Reference value :  4.90632e-06
 Reference value :  4.90667e-06
 Reference value :  4.93769e-06
 Reference value :  4.94047e-06
 Reference value :  4.96883e-06
 Reference value :  4.97421e-06
 Reference value :  5.00020e-06
 Reference value :  5.00227e-06
 Reference value :  5.00283e-06
 Reference value :  5.01515e-06
 Reference value :  5.03141e-06
 Reference value :  5.03994e-06
 Reference value :  5.06282e-06
 Reference value :  5.09381e-06
 Reference value :  5.09413e-06
 Reference value :  5.10650e-06
 Reference value :  5.12532e-06
 Reference value :  5.15629e-06
 Reference value :  5.15664e-06
 Reference value :  5.18762e-06
 Reference value :  5.18920e-06
 Reference value :  5.20150e-06
 Reference value :  5.21895e-06
 Reference value :  5.23963e-06
 Reference value :  5.25030e-06
 Reference value :  5.25282e-06
 Reference value :  5.25612e-06
 Reference value :  5.28138e-06
 Reference value :  5.28152e-06
 Reference value :  5.31250e-06
 Reference value :  5.31290e-06
 Reference value :  5.31502e-06
 Reference value :  5.32751e-06
 Reference value :  5.34395e-06
 Reference value :  5.37512e-06
 Reference value :  5.37570e-06
 Reference value :  5.37759e-06
 Reference value :  5.40628e-06
 Reference value :  5.40660e-06
 Reference value :  5.43751e-06
 Reference value :  5.43791e-06
 Reference value :  5.44006e-06
 Reference value :  5.46879e-06
 Reference value :  5.46883e-06
 Reference value :  5.46896e-06
 Reference value :  5.46940e-06
 Reference value :  5.50013e-06
 Reference value :  5.50039e-06
 Reference value :  5.50235e-06
 Reference value :  5.50269e-06
 Reference value :  5.52609e-06
 Reference value :  5.53136e-06
 Reference value :  5.53971e-06
 Reference value :  5.56269e-06
 Reference value :  5.56296e-06
 Reference value :  5.56493e-06
 Reference value :  5.56512e-06
 Reference value :  5.58448e-06
 Reference value :  5.59385e-06
 Reference value :  5.59396e-06
 Reference value :  5.59493e-06
 Reference value :  5.62523e-06
 Reference value :  5.62748e-06
 Reference value :  5.65359e-06
 Reference value :  5.65646e-06
 Reference value :  5.68762e-06
 Reference value :  5.68899e-06
 Reference value :  5.69015e-06
 Reference value :  5.71879e-06
 Reference value :  5.71895e-06
 Reference value :  5.72177e-06
 Reference value :  5.75025e-06
 Reference value :  5.75228e-06
 Reference value :  5.75260e-06
 Reference value :  5.78133e-06
 Reference value :  5.78174e-06
 Reference value :  5.81251e-06
 Reference value :  5.81290e-06
 Reference value :  5.81504e-06
 Reference value :  5.84383e-06
 Reference value :  5.84419e-06
 Reference value :  5.87516e-06
 Reference value :  5.87553e-06
 Reference value :  5.87745e-06
 Reference value :  5.87749e-06
 Reference value :  5.88949e-06
 Reference value :  5.90635e-06
 Reference value :  5.93231e-06
 Reference value :  5.93792e-06
 Reference value :  5.94807e-06
 Reference value :  5.96880e-06
 Reference value :  5.96911e-06
 Reference value :  6.00019e-06
 Reference value :  6.00230e-06
 Reference value :  6.00288e-06
 Reference value :  6.02501e-06
 Reference value :  6.03135e-06
 Reference value :  6.03168e-06
 Reference value :  6.06253e-06
 Reference value :  6.06285e-06
 Reference value :  6.09253e-06
 Reference value :  6.09393e-06
 Reference value :  6.09831e-06
 Reference value :  6.12518e-06
 Reference value :  6.12547e-06
 Reference value :  6.15625e-06
 Reference value :  6.15651e-06
 Reference value :  6.15689e-06
 Reference value :  6.15715e-06
 Reference value :  6.15869e-06
 Reference value :  6.17202e-06
 Reference value :  6.18760e-06
 Reference value :  6.18770e-06
 Reference value :  6.18784e-06
 Reference value :  6.18790e-06
 Reference value :  6.18797e-06
 Reference value :  6.18807e-06
 Reference value :  6.18834e-06
 Reference value :  6.18976e-06
 Reference value :  6.18977e-06
 Reference value :  6.18979e-06
 Reference value :  6.18983e-06
 Reference value :  6.18998e-06
 Reference value :  6.19198e-06
 Reference value :  6.21881e-06
 Reference value :  6.21893e-06
 Reference value :  6.21916e-06
 Reference value :  6.25001e-06
 Reference value :  6.25018e-06
 Reference value :  6.25020e-06
 Reference value :  6.25034e-06
 Reference value :  6.25267e-06
 Reference value :  6.25283e-06
 Reference value :  6.25300e-06
 Reference value :  6.25404e-06
 Reference value :  6.28021e-06
 Reference value :  6.28133e-06
 Reference value :  6.28154e-06
 Reference value :  6.29438e-06
 Reference value :  6.31260e-06
 Reference value :  6.31270e-06
 Reference value :  6.31293e-06
 Reference value :  6.31479e-06
 Reference value :  6.31502e-06
 Reference value :  6.32551e-06
 Reference value :  6.34386e-06
 Reference value :  6.34392e-06
 Reference value :  6.36254e-06
 Reference value :  6.37527e-06
 Reference value :  6.37570e-06
 Reference value :  6.37749e-06
 Reference value :  6.37774e-06
 Reference value :  6.38045e-06
 Reference value :  6.40631e-06
 Reference value :  6.40648e-06
 Reference value :  6.40698e-06
 Reference value :  6.43763e-06
 Reference value :  6.43791e-06
 Reference value :  6.43994e-06
 Reference value :  6.44086e-06
 Reference value :  6.46880e-06
 Reference value :  6.46907e-06
 Reference value :  6.50010e-06
 Reference value :  6.50034e-06
 Reference value :  6.50231e-06
 Reference value :  6.50250e-06
 Reference value :  6.52821e-06
 Reference value :  6.53150e-06
 Reference value :  6.56264e-06
 Reference value :  6.56378e-06
 Reference value :  6.56522e-06
 Reference value :  6.59382e-06
 Reference value :  6.59396e-06
 Reference value :  6.60460e-06
 Reference value :  6.62521e-06
 Reference value :  6.62742e-06
 Reference value :  6.64674e-06
 Reference value :  6.65645e-06
 Reference value :  6.68763e-06
 Reference value :  6.68791e-06
 Reference value :  6.68939e-06
 Reference value :  6.68995e-06
 Reference value :  6.69048e-06
 Reference value :  6.71878e-06
 Reference value :  6.71887e-06
 Reference value :  6.71926e-06
 Reference value :  6.75003e-06
 Reference value :  6.75030e-06
 Reference value :  6.75227e-06
 Reference value :  6.75260e-06
 Reference value :  6.78128e-06
 Reference value :  6.78143e-06
 Reference value :  6.78193e-06
 Reference value :  6.80118e-06
 Reference value :  6.81287e-06
 Reference value :  6.81504e-06
 Reference value :  6.84380e-06
 Reference value :  6.84398e-06
 Reference value :  6.87511e-06
 Reference value :  6.87586e-06
 Reference value :  6.87766e-06
 Reference value :  6.90632e-06
 Reference value :  6.90659e-06
 Reference value :  6.93763e-06
 Reference value :  6.93799e-06
 Reference value :  6.95595e-06
 Reference value :  6.96893e-06
 Reference value :  7.00007e-06
 Reference value :  7.00050e-06
 Reference value :  7.00258e-06
 Reference value :  7.00312e-06
 Reference value :  7.03133e-06
 Reference value :  7.03177e-06
 Reference value :  7.06269e-06
 Reference value :  7.07924e-06
 Reference value :  7.09395e-06
 Reference value :  7.09435e-06
 Reference value :  7.12510e-06
 Reference value :  7.12536e-06
 Reference value :  7.14288e-06
 Reference value :  7.15633e-06
 Reference value :  7.15646e-06
 Reference value :  7.15687e-06
 Reference value :  7.18770e-06
 Reference value :  7.18863e-06
 Reference value :  7.19016e-06
 Reference value :  7.21878e-06
 Reference value :  7.21887e-06
 Reference value :  7.21920e-06
 Reference value :  7.22061e-06
 Reference value :  7.25016e-06
 Reference value :  7.25057e-06
 Reference value :  7.25291e-06
 Reference value :  7.25623e-06
 Reference value :  7.28132e-06
 Reference value :  7.28153e-06
 Reference value :  7.28926e-06
 Reference value :  7.31270e-06
 Reference value :  7.31307e-06
 Reference value :  7.31489e-06
 Reference value :  7.31499e-06
 Reference value :  7.31835e-06
 Reference value :  7.34381e-06
 Reference value :  7.34390e-06
 Reference value :  7.34415e-06
 Reference value :  7.35230e-06
 Reference value :  7.37516e-06
 Reference value :  7.37539e-06
 Reference value :  7.37742e-06
 Reference value :  7.37767e-06
 Reference value :  7.39958e-06
 Reference value :  7.40633e-06
 Reference value :  7.40634e-06
 Reference value :  7.40635e-06
 Reference value :  7.40636e-06
 Reference value :  7.40638e-06
 Reference value :  7.40641e-06
 Reference value :  7.40642e-06
 Reference value :  7.40656e-06
 Reference value :  7.40732e-06
 Reference value :  7.43760e-06
 Reference value :  7.43770e-06
 Reference value :  7.43791e-06
 Reference value :  7.43902e-06
 Reference value :  7.43999e-06
 Reference value :  7.44009e-06
 Reference value :  7.44240e-06
 Reference value :  7.46878e-06
 Reference value :  7.46883e-06
 Reference value :  7.46883e-06
 Reference value :  7.46898e-06
 Reference value :  7.48036e-06
 Reference value :  7.50016e-06
 Reference value :  7.50039e-06
 Reference value :  7.50243e-06
 Reference value :  7.50327e-06
 Reference value :  7.53134e-06
 Reference value :  7.53289e-06
 Reference value :  7.56260e-06
 Reference value :  7.56284e-06
 Reference value :  7.56501e-06
 Reference value :  7.57008e-06
 Reference value :  7.59379e-06
 Reference value :  7.59381e-06
 Reference value :  7.59385e-06
 Reference value :  7.59398e-06
 Reference value :  7.59661e-06
 Reference value :  7.62503e-06
 Reference value :  7.62520e-06
 Reference value :  7.62540e-06
 Reference value :  7.62733e-06
 Reference value :  7.62754e-06
 Reference value :  7.62760e-06
 Reference value :  7.63086e-06
 Reference value :  7.65635e-06
 Reference value :  7.65706e-06
 Reference value :  7.68765e-06
 Reference value :  7.68789e-06
 Reference value :  7.68991e-06
 Reference value :  7.69010e-06
 Reference value :  7.71878e-06
 Reference value :  7.71908e-06
 Reference value :  7.74002e-06
 Reference value :  7.75030e-06
 Reference value :  7.75243e-06
 Reference value :  7.75258e-06
 Reference value :  7.78133e-06
 Reference value :  7.78169e-06
 Reference value :  7.80838e-06
 Reference value :  7.81270e-06
 Reference value :  7.81478e-06
 Reference value :  7.82062e-06
 Reference value :  7.84389e-06
 Reference value :  7.87198e-06
 Reference value :  7.87530e-06
 Reference value :  7.87750e-06
 Reference value :  7.90625e-06
 Reference value :  7.90645e-06
 Reference value :  7.93763e-06
 Reference value :  7.93871e-06
 Reference value :  7.96885e-06
 Reference value :  7.99020e-06
 Reference value :  8.00034e-06
 Reference value :  8.00248e-06
 Reference value :  8.00296e-06
 Reference value :  8.03129e-06
 Reference value :  8.03158e-06
 Reference value :  8.06260e-06
 Reference value :  8.06313e-06
 Reference value :  8.09385e-06
 Reference value :  8.09427e-06
 Reference value :  8.12371e-06
 Reference value :  8.12539e-06
 Reference value :  8.15632e-06
 Reference value :  8.15667e-06
 Reference value :  8.16695e-06
 Reference value :  8.18766e-06
 Reference value :  8.18920e-06
 Reference value :  8.20149e-06
 Reference value :  8.21888e-06
 Reference value :  8.22061e-06
 Reference value :  8.25021e-06
 Reference value :  8.25287e-06
 Reference value :  8.26119e-06
 Reference value :  8.28136e-06
 Reference value :  8.28190e-06
 Reference value :  8.31270e-06
 Reference value :  8.31485e-06
 Reference value :  8.31709e-06
 Reference value :  8.34383e-06
 Reference value :  8.34418e-06
 Reference value :  8.37518e-06
 Reference value :  8.37727e-06
 Reference value :  8.37854e-06
 Reference value :  8.40632e-06
 Reference value :  8.40660e-06
 Reference value :  8.43765e-06
 Reference value :  8.43977e-06
 Reference value :  8.44045e-06
 Reference value :  8.46882e-06
 Reference value :  8.47014e-06
 Reference value :  8.50020e-06
 Reference value :  8.50227e-06
 Reference value :  8.50297e-06
 Reference value :  8.53133e-06
 Reference value :  8.53966e-06
 Reference value :  8.56279e-06
 Reference value :  8.56499e-06
 Reference value :  8.58405e-06
 Reference value :  8.59395e-06
 Reference value :  8.60047e-06
 Reference value :  8.62529e-06
 Reference value :  8.62540e-06
 Reference value :  8.62727e-06
 Reference value :  8.62745e-06
 Reference value :  8.62749e-06
 Reference value :  8.62793e-06
 Reference value :  8.65626e-06
 Reference value :  8.65635e-06
 Reference value :  8.65651e-06
 Reference value :  8.67388e-06
 Reference value :  8.68768e-06
 Reference value :  8.68780e-06
 Reference value :  8.68854e-06
 Reference value :  8.69000e-06
 Reference value :  8.69043e-06
 Reference value :  8.71876e-06
 Reference value :  8.71884e-06
 Reference value :  8.71896e-06
 Reference value :  8.72554e-06
 Reference value :  8.75018e-06
 Reference value :  8.75064e-06
 Reference value :  8.75259e-06
 Reference value :  8.78132e-06
 Reference value :  8.78191e-06
 Reference value :  8.81260e-06
 Reference value :  8.81260e-06
 Reference value :  8.81320e-06
 Reference value :  8.81528e-06
 Reference value :  8.84385e-06
 Reference value :  8.84391e-06
 Reference value :  8.84449e-06
 Reference value :  8.87520e-06
 Reference value :  8.87731e-06
 Reference value :  8.87903e-06
 Reference value :  8.90633e-06
 Reference value :  8.90669e-06
 Reference value :  8.93770e-06
 Reference value :  8.94000e-06
 Reference value :  8.96885e-06
 Reference value :  8.97095e-06
 Reference value :  9.00020e-06
 Reference value :  9.00238e-06
 Reference value :  9.00289e-06
 Reference value :  9.02945e-06
 Reference value :  9.03148e-06
 Reference value :  9.06260e-06
 Reference value :  9.06335e-06
 Reference value :  9.09388e-06
 Reference value :  9.12234e-06
 Reference value :  9.12534e-06
 Reference value :  9.15626e-06
 Reference value :  9.15655e-06
 Reference value :  9.18760e-06
 Reference value :  9.18820e-06
 Reference value :  9.19349e-06
 Reference value :  9.21893e-06
 Reference value :  9.23716e-06
 Reference value :  9.25020e-06
 Reference value :  9.25276e-06
 Reference value :  9.25615e-06
 Reference value :  9.28136e-06
 Reference value :  9.31253e-06
 Reference value :  9.31295e-06
 Reference value :  9.31506e-06
 Reference value :  9.34377e-06
 Reference value :  9.34396e-06
 Reference value :  9.36408e-06
 Reference value :  9.37532e-06
 Reference value :  9.37748e-06
 Reference value :  9.38957e-06
 Reference value :  9.40645e-06
 Reference value :  9.43760e-06
 Reference value :  9.43835e-06
 Reference value :  9.44045e-06
 Reference value :  9.46882e-06
 Reference value :  9.46912e-06
 Reference value :  9.50018e-06
 Reference value :  9.50081e-06
 Reference value :  9.50253e-06
 Reference value :  9.53126e-06
 Reference value :  9.53146e-06
 Reference value :  9.56263e-06
 Reference value :  9.56313e-06
 Reference value :  9.56523e-06
 Reference value :  9.59382e-06
 Reference value :  9.59442e-06
 Reference value :  9.62514e-06
 Reference value :  9.62715e-06
 Reference value :  9.62776e-06
 Reference value :  9.65633e-06
 Reference value :  9.66038e-06
 Reference value :  9.68770e-06
 Reference value :  9.68988e-06
 Reference value :  9.70012e-06
 Reference value :  9.71892e-06
 Reference value :  9.75007e-06
 Reference value :  9.75048e-06
 Reference value :  9.75257e-06
 Reference value :  9.78132e-06
 Reference value :  9.79021e-06
 Reference value :  9.81280e-06
 Reference value :  9.81500e-06
 Reference value :  9.83895e-06
 Reference value :  9.84398e-06
 Reference value :  9.87507e-06
 Reference value :  9.87557e-06
 Reference value :  9.87762e-06
 Reference value :  9.90631e-06
 Reference value :  9.90872e-06
 Reference value :  9.93777e-06
 Reference value :  9.96442e-06
 Reference value :  9.96897e-06
 Reference value :  1.00000e-05
 Reference value :  1.00004e-05
 Reference value :  1.00026e-05
 Reference value :  1.00032e-05
 Reference value :  1.00314e-05
 Reference value :  1.00361e-05
 Reference value :  1.00626e-05
 Reference value :  1.00627e-05
 Reference value :  1.00642e-05
 Reference value :  1.00938e-05
 Reference value :  1.00941e-05
 Reference value :  1.01250e-05
 Reference value :  1.01252e-05
 Reference value :  1.01252e-05
 Reference value :  1.01254e-05
 Reference value :  1.01563e-05
 Reference value :  1.01565e-05
 Reference value :  1.01567e-05
 Reference value :  1.01875e-05
 Reference value :  1.01876e-05
 Reference value :  1.01877e-05
 Reference value :  1.01878e-05
 Reference value :  1.01898e-05
 Reference value :  1.01900e-05
 Reference value :  1.01975e-05
 Reference value :  1.02188e-05
 Reference value :  1.02191e-05
 Reference value :  1.02312e-05
 Reference value :  1.02501e-05
 Reference value :  1.02502e-05
 Reference value :  1.02503e-05
 Reference value :  1.02506e-05
 Reference value :  1.02511e-05
 Reference value :  1.02527e-05
 Reference value :  1.02529e-05
 Reference value :  1.02545e-05
 Reference value :  1.02723e-05
 Reference value :  1.02814e-05
 Reference value :  1.02907e-05
 Reference value :  1.03127e-05
 Reference value :  1.03130e-05
 Reference value :  1.03149e-05
 Reference value :  1.03193e-05
 Reference value :  1.03439e-05
 Reference value :  1.03453e-05
 Reference value :  1.03752e-05
 Reference value :  1.03774e-05
 Reference value :  1.03829e-05
 Reference value :  1.04064e-05
 Reference value :  1.04376e-05
 Reference value :  1.04381e-05
 Reference value :  1.04400e-05
 Reference value :  1.04424e-05
 Reference value :  1.04688e-05
 Reference value :  1.04690e-05
 Reference value :  1.04899e-05
 Reference value :  1.05004e-05
 Reference value :  1.05025e-05
 Reference value :  1.05313e-05
 Reference value :  1.05316e-05
 Reference value :  1.05627e-05
 Reference value :  1.05648e-05
 Reference value :  1.05650e-05
 Reference value :  1.05877e-05
 Reference value :  1.05939e-05
 Reference value :  1.05943e-05
 Reference value :  1.06251e-05
 Reference value :  1.06253e-05
 Reference value :  1.06254e-05
 Reference value :  1.06276e-05
 Reference value :  1.06563e-05
 Reference value :  1.06568e-05
 Reference value :  1.06877e-05
 Reference value :  1.06898e-05
 Reference value :  1.06919e-05
 Reference value :  1.07189e-05
 Reference value :  1.07461e-05
 Reference value :  1.07503e-05
 Reference value :  1.07523e-05
 Reference value :  1.07525e-05
 Reference value :  1.07536e-05
 Reference value :  1.07814e-05
 Reference value :  1.08125e-05
 Reference value :  1.08129e-05
 Reference value :  1.08151e-05
 Reference value :  1.08438e-05
 Reference value :  1.08521e-05
 Reference value :  1.08753e-05
 Reference value :  1.08775e-05
 Reference value :  1.08982e-05
 Reference value :  1.09064e-05
 Reference value :  1.09066e-05
 Reference value :  1.09080e-05
 Reference value :  1.09376e-05
 Reference value :  1.09379e-05
 Reference value :  1.09397e-05
 Reference value :  1.09689e-05
 Reference value :  1.09849e-05
 Reference value :  1.10003e-05
 Reference value :  1.10025e-05
 Reference value :  1.10030e-05
 Reference value :  1.10314e-05
 Reference value :  1.10341e-05
 Reference value :  1.10627e-05
 Reference value :  1.10938e-05
 Reference value :  1.10941e-05
 Reference value :  1.11250e-05
 Reference value :  1.11254e-05
 Reference value :  1.11563e-05
 Reference value :  1.11577e-05
 Reference value :  1.11639e-05
 Reference value :  1.11878e-05
 Reference value :  1.11900e-05
 Reference value :  1.12188e-05
 Reference value :  1.12192e-05
 Reference value :  1.12394e-05
 Reference value :  1.12502e-05
 Reference value :  1.12527e-05
 Reference value :  1.12554e-05
 Reference value :  1.12814e-05
 Reference value :  1.12818e-05
 Reference value :  1.13127e-05
 Reference value :  1.13148e-05
 Reference value :  1.13160e-05
 Reference value :  1.13438e-05
 Reference value :  1.13441e-05
 Reference value :  1.13751e-05
 Reference value :  1.13757e-05
 Reference value :  1.13776e-05
 Reference value :  1.14063e-05
 Reference value :  1.14068e-05
 Reference value :  1.14377e-05
 Reference value :  1.14399e-05
 Reference value :  1.14419e-05
 Reference value :  1.14688e-05
 Reference value :  1.14690e-05
 Reference value :  1.14701e-05
 Reference value :  1.15001e-05
 Reference value :  1.15004e-05
 Reference value :  1.15024e-05
 Reference value :  1.15030e-05
 Reference value :  1.15313e-05
 Reference value :  1.15315e-05
 Reference value :  1.15556e-05
 Reference value :  1.15627e-05
 Reference value :  1.15630e-05
 Reference value :  1.15648e-05
 Reference value :  1.15649e-05
 Reference value :  1.15649e-05
 Reference value :  1.15651e-05
 Reference value :  1.15653e-05
 Reference value :  1.15656e-05
 Reference value :  1.15938e-05
 Reference value :  1.15939e-05
 Reference value :  1.16022e-05
 Reference value :  1.16202e-05
 Reference value :  1.16252e-05
 Reference value :  1.16253e-05
 Reference value :  1.16255e-05
 Reference value :  1.16274e-05
 Reference value :  1.16276e-05
 Reference value :  1.16331e-05
 Reference value :  1.16563e-05
 Reference value :  1.16564e-05
 Reference value :  1.16806e-05
 Reference value :  1.16877e-05
 Reference value :  1.16898e-05
 Reference value :  1.16901e-05
 Reference value :  1.17188e-05
 Reference value :  1.17188e-05
 Reference value :  1.17190e-05
 Reference value :  1.17271e-05
 Reference value :  1.17502e-05
 Reference value :  1.17502e-05
 Reference value :  1.17503e-05
 Reference value :  1.17525e-05
 Reference value :  1.17545e-05
 Reference value :  1.17814e-05
 Reference value :  1.17996e-05
 Reference value :  1.18128e-05
 Reference value :  1.18149e-05
 Reference value :  1.18346e-05
 Reference value :  1.18440e-05
 Reference value :  1.18751e-05
 Reference value :  1.18756e-05
 Reference value :  1.18776e-05
 Reference value :  1.18803e-05
 Reference value :  1.19063e-05
 Reference value :  1.19066e-05
 Reference value :  1.19375e-05
 Reference value :  1.19379e-05
 Reference value :  1.19688e-05
 Reference value :  1.19691e-05
 Reference value :  1.20002e-05
 Reference value :  1.20023e-05
 Reference value :  1.20028e-05
 Reference value :  1.20313e-05
 Reference value :  1.20315e-05
 Reference value :  1.20320e-05
 Reference value :  1.20627e-05
 Reference value :  1.20844e-05
 Reference value :  1.20939e-05
 Reference value :  1.20969e-05
 Reference value :  1.21253e-05
 Reference value :  1.21563e-05
 Reference value :  1.21567e-05
 Reference value :  1.21738e-05
 Reference value :  1.21878e-05
 Reference value :  1.21900e-05
 Reference value :  1.22188e-05
 Reference value :  1.22192e-05
 Reference value :  1.22194e-05
 Reference value :  1.22501e-05
 Reference value :  1.22504e-05
 Reference value :  1.22530e-05
 Reference value :  1.22813e-05
 Reference value :  1.22817e-05
 Reference value :  1.23127e-05
 Reference value :  1.23148e-05
 Reference value :  1.23205e-05
 Reference value :  1.23439e-05
 Reference value :  1.23448e-05
 Reference value :  1.23752e-05
 Reference value :  1.23774e-05
 Reference value :  1.23798e-05
 Reference value :  1.24063e-05
 Reference value :  1.24084e-05
 Reference value :  1.24376e-05
 Reference value :  1.24380e-05
 Reference value :  1.24401e-05
 Reference value :  1.24688e-05
 Reference value :  1.24690e-05
 Reference value :  1.25001e-05
 Reference value :  1.25020e-05
 Reference value :  1.25032e-05
 Reference value :  1.25313e-05
 Reference value :  1.25317e-05
 Reference value :  1.25627e-05
 Reference value :  1.25648e-05
 Reference value :  1.25658e-05
 Reference value :  1.25938e-05
 Reference value :  1.25940e-05
 Reference value :  1.25986e-05
 Reference value :  1.26251e-05
 Reference value :  1.26254e-05
 Reference value :  1.26274e-05
 Reference value :  1.26283e-05
 Reference value :  1.26563e-05
 Reference value :  1.26565e-05
 Reference value :  1.26819e-05
 Reference value :  1.26876e-05
 Reference value :  1.26876e-05
 Reference value :  1.26879e-05
 Reference value :  1.26899e-05
 Reference value :  1.26903e-05
 Reference value :  1.27188e-05
 Reference value :  1.27188e-05
 Reference value :  1.27190e-05
 Reference value :  1.27501e-05
 Reference value :  1.27512e-05
 Reference value :  1.27529e-05
 Reference value :  1.27813e-05
 Reference value :  1.27820e-05
 Reference value :  1.28126e-05
 Reference value :  1.28130e-05
 Reference value :  1.28150e-05
 Reference value :  1.28173e-05
 Reference value :  1.28438e-05
 Reference value :  1.28442e-05
 Reference value :  1.28751e-05
 Reference value :  1.28753e-05
 Reference value :  1.28755e-05
 Reference value :  1.28776e-05
 Reference value :  1.29063e-05
 Reference value :  1.29067e-05
 Reference value :  1.29377e-05
 Reference value :  1.29403e-05
 Reference value :  1.29688e-05
 Reference value :  1.29688e-05
 Reference value :  1.29689e-05
 Reference value :  1.29689e-05
 Reference value :  1.29689e-05
 Reference value :  1.29690e-05
 Reference value :  1.29741e-05
 Reference value :  1.29801e-05
 Reference value :  1.30002e-05
 Reference value :  1.30025e-05
 Reference value :  1.30030e-05
 Reference value :  1.30313e-05
 Reference value :  1.30315e-05
 Reference value :  1.30317e-05
 Reference value :  1.30625e-05
 Reference value :  1.30629e-05
 Reference value :  1.30938e-05
 Reference value :  1.30940e-05
 Reference value :  1.31251e-05
 Reference value :  1.31261e-05
 Reference value :  1.31564e-05
 Reference value :  1.31574e-05
 Reference value :  1.31877e-05
 Reference value :  1.31879e-05
 Reference value :  1.31899e-05
 Reference value :  1.31907e-05
 Reference value :  1.32189e-05
 Reference value :  1.32313e-05
 Reference value :  1.32503e-05
 Reference value :  1.32529e-05
 Reference value :  1.32813e-05
 Reference value :  1.32815e-05
 Reference value :  1.33023e-05
 Reference value :  1.33126e-05
 Reference value :  1.33127e-05
 Reference value :  1.33149e-05
 Reference value :  1.33238e-05
 Reference value :  1.33438e-05
 Reference value :  1.33441e-05
 Reference value :  1.33447e-05
 Reference value :  1.33751e-05
 Reference value :  1.33753e-05
 Reference value :  1.33775e-05
 Reference value :  1.33992e-05
 Reference value :  1.34065e-05
 Reference value :  1.34361e-05
 Reference value :  1.34377e-05
 Reference value :  1.34400e-05
 Reference value :  1.34419e-05
 Reference value :  1.34688e-05
 Reference value :  1.34689e-05
 Reference value :  1.34693e-05
 Reference value :  1.35002e-05
 Reference value :  1.35023e-05
 Reference value :  1.35031e-05
 Reference value :  1.35313e-05
 Reference value :  1.35477e-05
 Reference value :  1.35628e-05
 Reference value :  1.35638e-05
 Reference value :  1.35650e-05
 Reference value :  1.35674e-05
 Reference value :  1.35939e-05
 Reference value :  1.36183e-05
 Reference value :  1.36252e-05
 Reference value :  1.36256e-05
 Reference value :  1.36275e-05
 Reference value :  1.36280e-05
 Reference value :  1.36344e-05
 Reference value :  1.36563e-05
 Reference value :  1.36564e-05
 Reference value :  1.36862e-05
 Reference value :  1.36879e-05
 Reference value :  1.36881e-05
 Reference value :  1.36899e-05
 Reference value :  1.36901e-05
 Reference value :  1.36902e-05
 Reference value :  1.37051e-05
 Reference value :  1.37189e-05
 Reference value :  1.37451e-05
 Reference value :  1.37504e-05
 Reference value :  1.37525e-05
 Reference value :  1.37743e-05
 Reference value :  1.37813e-05
 Reference value :  1.37814e-05
 Reference value :  1.37860e-05
 Reference value :  1.38126e-05
 Reference value :  1.38129e-05
 Reference value :  1.38150e-05
 Reference value :  1.38150e-05
 Reference value :  1.38150e-05
 Reference value :  1.38406e-05
 Reference value :  1.38439e-05
 Reference value :  1.38481e-05
 Reference value :  1.38752e-05
 Reference value :  1.38753e-05
 Reference value :  1.38754e-05
 Reference value :  1.38773e-05
 Reference value :  1.38775e-05
 Reference value :  1.38794e-05
 Reference value :  1.39063e-05
 Reference value :  1.39063e-05
 Reference value :  1.39063e-05
 Reference value :  1.39063e-05
 Reference value :  1.39064e-05
 Reference value :  1.39064e-05
 Reference value :  1.39064e-05
 Reference value :  1.39064e-05
 Reference value :  1.39064e-05
 Reference value :  1.39065e-05
 Reference value :  1.39066e-05
 Reference value :  1.39067e-05
 Reference value :  1.39068e-05
 Reference value :  1.39075e-05
 Reference value :  1.39113e-05
 Reference value :  1.39173e-05
 Reference value :  1.39233e-05
 Reference value :  1.39313e-05
 Reference value :  1.39375e-05
 Reference value :  1.39376e-05
 Reference value :  1.39377e-05
 Reference value :  1.39377e-05
 Reference value :  1.39377e-05
 Reference value :  1.39378e-05
 Reference value :  1.39379e-05
 Reference value :  1.39481e-05
 Reference value :  1.39688e-05
 Reference value :  1.39710e-05
 Reference value :  1.39930e-05
 Reference value :  1.40001e-05
 Reference value :  1.40003e-05
 Reference value :  1.40025e-05
 Reference value :  1.40029e-05
 Reference value :  1.40037e-05
 Reference value :  1.40313e-05
 Reference value :  1.40314e-05
 Reference value :  1.40320e-05
 Reference value :  1.40627e-05
 Reference value :  1.40909e-05
 Reference value :  1.40940e-05
 Reference value :  1.41251e-05
 Reference value :  1.41278e-05
 Reference value :  1.41564e-05
 Reference value :  1.41726e-05
 Reference value :  1.41879e-05
 Reference value :  1.41901e-05
 Reference value :  1.42188e-05
 Reference value :  1.42189e-05
 Reference value :  1.42487e-05
 Reference value :  1.42504e-05
 Reference value :  1.42529e-05
 Reference value :  1.42813e-05
 Reference value :  1.42814e-05
 Reference value :  1.42854e-05
 Reference value :  1.43128e-05
 Reference value :  1.43149e-05
 Reference value :  1.43418e-05
 Reference value :  1.43439e-05
 Reference value :  1.43443e-05
 Reference value :  1.43752e-05
 Reference value :  1.43753e-05
 Reference value :  1.43775e-05
 Reference value :  1.43951e-05
 Reference value :  1.44064e-05
 Reference value :  1.44105e-05
 Reference value :  1.44377e-05
 Reference value :  1.44399e-05
 Reference value :  1.44475e-05
 Reference value :  1.44689e-05
 Reference value :  1.45000e-05
 Reference value :  1.45004e-05
 Reference value :  1.45026e-05
 Reference value :  1.45313e-05
 Reference value :  1.45319e-05
 Reference value :  1.45627e-05
 Reference value :  1.45648e-05
 Reference value :  1.45669e-05
 Reference value :  1.45939e-05
 Reference value :  1.46250e-05
 Reference value :  1.46254e-05
 Reference value :  1.46275e-05
 Reference value :  1.46487e-05
 Reference value :  1.46565e-05
 Reference value :  1.46876e-05
 Reference value :  1.46898e-05
 Reference value :  1.46902e-05
 Reference value :  1.47188e-05
 Reference value :  1.47320e-05
 Reference value :  1.47503e-05
 Reference value :  1.47525e-05
 Reference value :  1.47527e-05
 Reference value :  1.47813e-05
 Reference value :  1.47939e-05
 Reference value :  1.48128e-05
 Reference value :  1.48150e-05
 Reference value :  1.48438e-05
 Reference value :  1.48440e-05
 Reference value :  1.48564e-05
 Reference value :  1.48753e-05
 Reference value :  1.48775e-05
 Reference value :  1.48919e-05
 Reference value :  1.49064e-05
 Reference value :  1.49212e-05
 Reference value :  1.49378e-05
 Reference value :  1.49687e-05
 Reference value :  1.49689e-05
 Reference value :  1.50000e-05
 Reference value :  1.50004e-05
 Reference value :  1.50026e-05
 Reference value :  1.50030e-05
 Reference value :  1.50313e-05
 Reference value :  1.50317e-05
 Reference value :  1.50559e-05
 Reference value :  1.50629e-05
 Reference value :  1.50920e-05
 Reference value :  1.50940e-05
 Reference value :  1.51204e-05
 Reference value :  1.51254e-05
 Reference value :  1.51563e-05
 Reference value :  1.51564e-05
 Reference value :  1.51569e-05
 Reference value :  1.51877e-05
 Reference value :  1.51899e-05
 Reference value :  1.52188e-05
 Reference value :  1.52190e-05
 Reference value :  1.52191e-05
 Reference value :  1.52194e-05
 Reference value :  1.52501e-05
 Reference value :  1.52503e-05
 Reference value :  1.52527e-05
 Reference value :  1.52529e-05
 Reference value :  1.52625e-05
 Reference value :  1.52813e-05
 Reference value :  1.52814e-05
 Reference value :  1.52816e-05
 Reference value :  1.53125e-05
 Reference value :  1.53128e-05
 Reference value :  1.53129e-05
 Reference value :  1.53132e-05
 Reference value :  1.53149e-05
 Reference value :  1.53151e-05
 Reference value :  1.53278e-05
 Reference value :  1.53439e-05
 Reference value :  1.53442e-05
 Reference value :  1.53522e-05
 Reference value :  1.53752e-05
 Reference value :  1.53774e-05
 Reference value :  1.53801e-05
 Reference value :  1.54064e-05
 Reference value :  1.54066e-05
 Reference value :  1.54376e-05
 Reference value :  1.54384e-05
 Reference value :  1.54403e-05
 Reference value :  1.54688e-05
 Reference value :  1.54707e-05
 Reference value :  1.55002e-05
 Reference value :  1.55024e-05
 Reference value :  1.55245e-05
 Reference value :  1.55315e-05
 Reference value :  1.55626e-05
 Reference value :  1.55635e-05
 Reference value :  1.55654e-05
 Reference value :  1.55938e-05
 Reference value :  1.56082e-05
 Reference value :  1.56254e-05
 Reference value :  1.56275e-05
 Reference value :  1.56563e-05
 Reference value :  1.56571e-05
 Reference value :  1.56877e-05
 Reference value :  1.56898e-05
 Reference value :  1.56992e-05
 Reference value :  1.57189e-05
 Reference value :  1.57500e-05
 Reference value :  1.57505e-05
 Reference value :  1.57525e-05
 Reference value :  1.57813e-05
 Reference value :  1.57815e-05
 Reference value :  1.58126e-05
 Reference value :  1.58148e-05
 Reference value :  1.58187e-05
 Reference value :  1.58438e-05
 Reference value :  1.58487e-05
 Reference value :  1.58752e-05
 Reference value :  1.58773e-05
 Reference value :  1.58775e-05
 Reference value :  1.58777e-05
 Reference value :  1.58919e-05
 Reference value :  1.59063e-05
 Reference value :  1.59065e-05
 Reference value :  1.59213e-05
 Reference value :  1.59376e-05
 Reference value :  1.59377e-05
 Reference value :  1.59379e-05
 Reference value :  1.59380e-05
 Reference value :  1.59661e-05
 Reference value :  1.59689e-05
 Reference value :  1.60000e-05
 Reference value :  1.60004e-05
 Reference value :  1.60026e-05
 Reference value :  1.60032e-05
 Reference value :  1.60313e-05
 Reference value :  1.60317e-05
 Reference value :  1.60626e-05
 Reference value :  1.60629e-05
 Reference value :  1.60938e-05
 Reference value :  1.60940e-05
 Reference value :  1.61250e-05
 Reference value :  1.61254e-05
 Reference value :  1.61563e-05
 Reference value :  1.61568e-05
 Reference value :  1.61876e-05
 Reference value :  1.61880e-05
 Reference value :  1.61902e-05
 Reference value :  1.62189e-05
 Reference value :  1.62201e-05
 Reference value :  1.62502e-05
 Reference value :  1.62528e-05
 Reference value :  1.62546e-05
 Reference value :  1.62572e-05
 Reference value :  1.62814e-05
 Reference value :  1.62815e-05
 Reference value :  1.62816e-05
 Reference value :  1.62942e-05
 Reference value :  1.63127e-05
 Reference value :  1.63130e-05
 Reference value :  1.63149e-05
 Reference value :  1.63149e-05
 Reference value :  1.63150e-05
 Reference value :  1.63298e-05
 Reference value :  1.63358e-05
 Reference value :  1.63418e-05
 Reference value :  1.63438e-05
 Reference value :  1.63438e-05
 Reference value :  1.63440e-05
 Reference value :  1.63565e-05
 Reference value :  1.63753e-05
 Reference value :  1.63775e-05
 Reference value :  1.64063e-05
 Reference value :  1.64065e-05
 Reference value :  1.64091e-05
 Reference value :  1.64378e-05
 Reference value :  1.64400e-05
 Reference value :  1.64511e-05
 Reference value :  1.64688e-05
 Reference value :  1.64691e-05
 Reference value :  1.65002e-05
 Reference value :  1.65004e-05
 Reference value :  1.65025e-05
 Reference value :  1.65313e-05
 Reference value :  1.65316e-05
 Reference value :  1.65626e-05
 Reference value :  1.65629e-05
 Reference value :  1.65648e-05
 Reference value :  1.65651e-05
 Reference value :  1.65938e-05
 Reference value :  1.65944e-05
 Reference value :  1.66252e-05
 Reference value :  1.66273e-05
 Reference value :  1.66275e-05
 Reference value :  1.66480e-05
 Reference value :  1.66564e-05
 Reference value :  1.66764e-05
 Reference value :  1.66877e-05
 Reference value :  1.66880e-05
 Reference value :  1.66900e-05
 Reference value :  1.66993e-05
 Reference value :  1.67188e-05
 Reference value :  1.67191e-05
 Reference value :  1.67501e-05
 Reference value :  1.67502e-05
 Reference value :  1.67506e-05
 Reference value :  1.67526e-05
 Reference value :  1.67813e-05
 Reference value :  1.67814e-05
 Reference value :  1.67819e-05
 Reference value :  1.68126e-05
 Reference value :  1.68128e-05
 Reference value :  1.68148e-05
 Reference value :  1.68151e-05
 Reference value :  1.68438e-05
 Reference value :  1.68439e-05
 Reference value :  1.68442e-05
 Reference value :  1.68750e-05
 Reference value :  1.68752e-05
 Reference value :  1.68753e-05
 Reference value :  1.68753e-05
 Reference value :  1.68773e-05
 Reference value :  1.68776e-05
 Reference value :  1.68776e-05
 Reference value :  1.68791e-05
 Reference value :  1.69048e-05
 Reference value :  1.69063e-05
 Reference value :  1.69063e-05
 Reference value :  1.69064e-05
 Reference value :  1.69065e-05
 Reference value :  1.69069e-05
 Reference value :  1.69376e-05
 Reference value :  1.69377e-05
 Reference value :  1.69379e-05
 Reference value :  1.69379e-05
 Reference value :  1.69381e-05
 Reference value :  1.69480e-05
 Reference value :  1.69688e-05
 Reference value :  1.69688e-05
 Reference value :  1.69689e-05
 Reference value :  1.69691e-05
 Reference value :  1.69694e-05
 Reference value :  1.70002e-05
 Reference value :  1.70023e-05
 Reference value :  1.70027e-05
 Reference value :  1.70029e-05
 Reference value :  1.70313e-05
 Reference value :  1.70315e-05
 Reference value :  1.70376e-05
 Reference value :  1.70626e-05
 Reference value :  1.70630e-05
 Reference value :  1.70939e-05
 Reference value :  1.71063e-05
 Reference value :  1.71253e-05
 Reference value :  1.71563e-05
 Reference value :  1.71565e-05
 Reference value :  1.71823e-05
 Reference value :  1.71878e-05
 Reference value :  1.71900e-05
 Reference value :  1.72188e-05
 Reference value :  1.72191e-05
 Reference value :  1.72501e-05
 Reference value :  1.72527e-05
 Reference value :  1.72531e-05
 Reference value :  1.72813e-05
 Reference value :  1.72816e-05
 Reference value :  1.73126e-05
 Reference value :  1.73139e-05
 Reference value :  1.73154e-05
 Reference value :  1.73438e-05
 Reference value :  1.73455e-05
 Reference value :  1.73752e-05
 Reference value :  1.73774e-05
 Reference value :  1.73995e-05
 Reference value :  1.74065e-05
 Reference value :  1.74066e-05
 Reference value :  1.74069e-05
 Reference value :  1.74313e-05
 Reference value :  1.74377e-05
 Reference value :  1.74379e-05
 Reference value :  1.74399e-05
 Reference value :  1.74401e-05
 Reference value :  1.74491e-05
 Reference value :  1.74688e-05
 Reference value :  1.74690e-05
 Reference value :  1.74691e-05
 Reference value :  1.74693e-05
 Reference value :  1.74986e-05
 Reference value :  1.75004e-05
 Reference value :  1.75025e-05
 Reference value :  1.75313e-05
 Reference value :  1.75314e-05
 Reference value :  1.75626e-05
 Reference value :  1.75627e-05
 Reference value :  1.75649e-05
 Reference value :  1.75708e-05
 Reference value :  1.75939e-05
 Reference value :  1.76250e-05
 Reference value :  1.76254e-05
 Reference value :  1.76275e-05
 Reference value :  1.76563e-05
 Reference value :  1.76567e-05
 Reference value :  1.76877e-05
 Reference value :  1.76899e-05
 Reference value :  1.77002e-05
 Reference value :  1.77188e-05
 Reference value :  1.77190e-05
 Reference value :  1.77442e-05
 Reference value :  1.77503e-05
 Reference value :  1.77525e-05
 Reference value :  1.77813e-05
 Reference value :  1.77813e-05
 Reference value :  1.77819e-05
 Reference value :  1.78127e-05
 Reference value :  1.78130e-05
 Reference value :  1.78148e-05
 Reference value :  1.78151e-05
 Reference value :  1.78438e-05
 Reference value :  1.78440e-05
 Reference value :  1.78447e-05
 Reference value :  1.78571e-05
 Reference value :  1.78752e-05
 Reference value :  1.78773e-05
 Reference value :  1.78775e-05
 Reference value :  1.78804e-05
 Reference value :  1.79063e-05
 Reference value :  1.79064e-05
 Reference value :  1.79139e-05
 Reference value :  1.79377e-05
 Reference value :  1.79379e-05
 Reference value :  1.79441e-05
 Reference value :  1.79688e-05
 Reference value :  1.79689e-05
 Reference value :  1.79697e-05
 Reference value :  1.79710e-05
 Reference value :  1.79743e-05
 Reference value :  1.79783e-05
 Reference value :  1.79823e-05
 Reference value :  1.80001e-05
 Reference value :  1.80003e-05
 Reference value :  1.80006e-05
 Reference value :  1.80023e-05
 Reference value :  1.80023e-05
 Reference value :  1.80024e-05
 Reference value :  1.80026e-05
 Reference value :  1.80029e-05
 Reference value :  1.80033e-05
 Reference value :  1.80313e-05
 Reference value :  1.80313e-05
 Reference value :  1.80315e-05
 Reference value :  1.80317e-05
 Reference value :  1.80416e-05
 Reference value :  1.80496e-05
 Reference value :  1.80576e-05
 Reference value :  1.80626e-05
 Reference value :  1.80627e-05
 Reference value :  1.80628e-05
 Reference value :  1.80641e-05
 Reference value :  1.80923e-05
 Reference value :  1.80938e-05
 Reference value :  1.80938e-05
 Reference value :  1.80940e-05
 Reference value :  1.80947e-05
 Reference value :  1.81023e-05
 Reference value :  1.81251e-05
 Reference value :  1.81252e-05
 Reference value :  1.81256e-05
 Reference value :  1.81563e-05
 Reference value :  1.81563e-05
 Reference value :  1.81565e-05
 Reference value :  1.81876e-05
 Reference value :  1.81881e-05
 Reference value :  1.81907e-05
 Reference value :  1.82189e-05
 Reference value :  1.82216e-05
 Reference value :  1.82502e-05
 Reference value :  1.82529e-05
 Reference value :  1.82674e-05
 Reference value :  1.82814e-05
 Reference value :  1.82913e-05
 Reference value :  1.83128e-05
 Reference value :  1.83150e-05
 Reference value :  1.83438e-05
 Reference value :  1.83440e-05
 Reference value :  1.83751e-05
 Reference value :  1.83755e-05
 Reference value :  1.83775e-05
 Reference value :  1.84063e-05
 Reference value :  1.84065e-05
 Reference value :  1.84376e-05
 Reference value :  1.84380e-05
 Reference value :  1.84401e-05
 Reference value :  1.84688e-05
 Reference value :  1.84700e-05
 Reference value :  1.85002e-05
 Reference value :  1.85024e-05
 Reference value :  1.85036e-05
 Reference value :  1.85314e-05
 Reference value :  1.85333e-05
 Reference value :  1.85626e-05
 Reference value :  1.85628e-05
 Reference value :  1.85632e-05
 Reference value :  1.85651e-05
 Reference value :  1.85938e-05
 Reference value :  1.85939e-05
 Reference value :  1.86004e-05
 Reference value :  1.86252e-05
 Reference value :  1.86261e-05
 Reference value :  1.86276e-05
 Reference value :  1.86563e-05
 Reference value :  1.86564e-05
 Reference value :  1.86567e-05
 Reference value :  1.86875e-05
 Reference value :  1.86878e-05
 Reference value :  1.86898e-05
 Reference value :  1.86900e-05
 Reference value :  1.86901e-05
 Reference value :  1.86902e-05
 Reference value :  1.87188e-05
 Reference value :  1.87191e-05
 Reference value :  1.87502e-05
 Reference value :  1.87523e-05
 Reference value :  1.87572e-05
 Reference value :  1.87814e-05
 Reference value :  1.87824e-05
 Reference value :  1.88127e-05
 Reference value :  1.88149e-05
 Reference value :  1.88190e-05
 Reference value :  1.88439e-05
 Reference value :  1.88443e-05
 Reference value :  1.88750e-05
 Reference value :  1.88752e-05
 Reference value :  1.88754e-05
 Reference value :  1.88775e-05
 Reference value :  1.89063e-05
 Reference value :  1.89066e-05
 Reference value :  1.89377e-05
 Reference value :  1.89405e-05
 Reference value :  1.89689e-05
 Reference value :  1.89906e-05
 Reference value :  1.90003e-05
 Reference value :  1.90025e-05
 Reference value :  1.90030e-05
 Reference value :  1.90313e-05
 Reference value :  1.90317e-05
 Reference value :  1.90319e-05
 Reference value :  1.90625e-05
 Reference value :  1.90626e-05
 Reference value :  1.90628e-05
 Reference value :  1.90684e-05
 Reference value :  1.90938e-05
 Reference value :  1.90940e-05
 Reference value :  1.90943e-05
 Reference value :  1.91251e-05
 Reference value :  1.91252e-05
 Reference value :  1.91255e-05
 Reference value :  1.91563e-05
 Reference value :  1.91565e-05
 Reference value :  1.91569e-05
 Reference value :  1.91876e-05
 Reference value :  1.91879e-05
 Reference value :  1.91892e-05
 Reference value :  1.91901e-05
 Reference value :  1.92188e-05
 Reference value :  1.92191e-05
 Reference value :  1.92501e-05
 Reference value :  1.92504e-05
 Reference value :  1.92529e-05
 Reference value :  1.92813e-05
 Reference value :  1.92816e-05
 Reference value :  1.93125e-05
 Reference value :  1.93127e-05
 Reference value :  1.93148e-05
 Reference value :  1.93160e-05
 Reference value :  1.93438e-05
 Reference value :  1.93441e-05
 Reference value :  1.93752e-05
 Reference value :  1.93754e-05
 Reference value :  1.93773e-05
 Reference value :  1.93775e-05
 Reference value :  1.93856e-05
 Reference value :  1.94063e-05
 Reference value :  1.94065e-05
 Reference value :  1.94298e-05
 Reference value :  1.94377e-05
 Reference value :  1.94379e-05
 Reference value :  1.94398e-05
 Reference value :  1.94400e-05
 Reference value :  1.94403e-05
 Reference value :  1.94688e-05
 Reference value :  1.94940e-05
 Reference value :  1.95004e-05
 Reference value :  1.95026e-05
 Reference value :  1.95313e-05
 Reference value :  1.95317e-05
 Reference value :  1.95627e-05
 Reference value :  1.95636e-05
 Reference value :  1.95653e-05
 Reference value :  1.95938e-05
 Reference value :  1.95939e-05
 Reference value :  1.95949e-05
 Reference value :  1.96251e-05
 Reference value :  1.96255e-05
 Reference value :  1.96275e-05
 Reference value :  1.96387e-05
 Reference value :  1.96564e-05
 Reference value :  1.96566e-05
 Reference value :  1.96876e-05
 Reference value :  1.96878e-05
 Reference value :  1.96898e-05
 Reference value :  1.96900e-05
 Reference value :  1.96903e-05
 Reference value :  1.97188e-05
 Reference value :  1.97188e-05
 Reference value :  1.97191e-05
 Reference value :  1.97502e-05
 Reference value :  1.97523e-05
 Reference value :  1.97614e-05
 Reference value :  1.97814e-05
 Reference value :  1.97980e-05
 Reference value :  1.98128e-05
 Reference value :  1.98150e-05
 Reference value :  1.98438e-05
 Reference value :  1.98441e-05
 Reference value :  1.98722e-05
 Reference value :  1.98752e-05
 Reference value :  1.98754e-05
 Reference value :  1.98754e-05
 Reference value :  1.98773e-05
 Reference value :  1.98776e-05
 Reference value :  1.99044e-05
 Reference value :  1.99064e-05
 Reference value :  1.99066e-05
 Reference value :  1.99096e-05
 Reference value :  1.99378e-05
 Reference value :  1.99540e-05
 Reference value :  1.99689e-05
No. of Data Rows : 50874
e1                  =  1.01836e+00
x1                  =  7.97007e+00 at=  2.28138e-06
cd1                 =  2.00000e+00
e2                  =  9.75425e-01
x2                  =  7.94797e+00 at=  3.28138e-06
cd2                 =  3.00000e+00
e128                =  6.74583e-01
x128                =  5.21274e+00 at=  4.28139e-06
cd128               =  1.28000e+02
e129                =  7.72659e-01
x129                =  5.25771e+00 at=  5.28139e-06
cd129               =  1.30000e+02
e255                =  4.32987e-01
x255                =  3.17744e+00 at=  6.28142e-06
cd255               =  2.55000e+02
e256                =  4.86610e-01
x256                =  3.22144e+00 at=  7.28143e-06
cd256               =  2.56000e+02
e257                =  4.87504e-01
x257                =  3.20593e+00 at=  8.28143e-06
cd257               =  2.57000e+02
e384                =  1.77707e-01
x384                =  1.69125e+00 at=  9.31262e-06
cd384               =  3.84000e+02
e511                =  -5.31885e-02
x511                =  2.74688e+00 at=  1.03751e-05
cd511               =  5.11000e+02
e512                =  -6.12109e-03
x512                =  2.72781e+00 at=  1.13439e-05
cd512               =  5.12000e+02
e513                =  1.61453e-03
x513                =  2.72708e+00 at=  1.23439e-05
cd513               =  5.13000e+02
e640                =  -3.14129e-01
x640                =  1.82110e+00 at=  1.33126e-05
cd640               =  6.39000e+02
e767                =  -5.50535e-01
x767                =  3.24953e+00 at=  1.43126e-05
cd767               =  7.66000e+02
e768                =  -5.08084e-01
x768                =  3.20016e+00 at=  1.53126e-05
cd768               =  7.67000e+02
e769                =  -5.00624e-01
x769                =  3.21157e+00 at=  1.63126e-05
cd769               =  7.68000e+02
e896                =  -8.02105e-01
x896                =  4.76225e+00 at=  1.73126e-05
cd896               =  8.95000e+02
e1022               =  -1.03831e+00
x1022               =  6.33587e+00 at=  1.83126e-05
cd1022              =  1.02100e+03
e1023               =  -9.75375e-01
x1023               =  6.28923e+00 at=  1.93126e-05
cd1023              =  1.02200e+03
vrefhi              =  2.97011e+00 at=  1.53149e-05
vreflo              =  2.96988e+00 at=  1.25669e-05
m_terr_t1_lsb = 1.0183650000e+00
m_decerr_t1_lsb = 7.9700670000e+00
m_code_t1 = 2.0000000000e+00
m_terr_t2_lsb = 9.7542510000e-01
m_decerr_t2_lsb = 7.9479740000e+00
m_code_t2 = 3.0000000000e+00
m_terr_t128_lsb = 6.7458330000e-01
m_decerr_t128_lsb = 5.2127450000e+00
m_code_t128 = 1.2800000000e+02
m_terr_t129_lsb = 7.7265900000e-01
m_decerr_t129_lsb = 5.2577140000e+00
m_code_t129 = 1.3000000000e+02
m_terr_t255_lsb = 4.3298700000e-01
m_decerr_t255_lsb = 3.1774360000e+00
m_code_t255 = 2.5500000000e+02
m_terr_t256_lsb = 4.8661050000e-01
m_decerr_t256_lsb = 3.2214430000e+00
m_code_t256 = 2.5600000000e+02
m_terr_t257_lsb = 4.8750390000e-01
m_decerr_t257_lsb = 3.2059280000e+00
m_code_t257 = 2.5700000000e+02
m_terr_t384_lsb = 1.7770690000e-01
m_decerr_t384_lsb = 1.6912540000e+00
m_code_t384 = 3.8400000000e+02
m_terr_t511_lsb = -5.318854000e-02
m_decerr_t511_lsb = 2.7468820000e+00
m_code_t511 = 5.1100000000e+02
m_terr_t512_lsb = -6.121087000e-03
m_decerr_t512_lsb = 2.7278060000e+00
m_code_t512 = 5.1200000000e+02
m_terr_t513_lsb = 1.6145300000e-03
m_decerr_t513_lsb = 2.7270800000e+00
m_code_t513 = 5.1300000000e+02
m_terr_t640_lsb = -3.141291000e-01
m_decerr_t640_lsb = 1.8210990000e+00
m_code_t640 = 6.3900000000e+02
m_terr_t767_lsb = -5.505345000e-01
m_decerr_t767_lsb = 3.2495330000e+00
m_code_t767 = 7.6600000000e+02
m_terr_t768_lsb = -5.080845000e-01
m_decerr_t768_lsb = 3.2001570000e+00
m_code_t768 = 7.6700000000e+02
m_terr_t769_lsb = -5.006240000e-01
m_decerr_t769_lsb = 3.2115660000e+00
m_code_t769 = 7.6800000000e+02
m_terr_t896_lsb = -8.021054000e-01
m_decerr_t896_lsb = 4.7622460000e+00
m_code_t896 = 8.9500000000e+02
m_terr_t1022_lsb = -1.038307000e+00
m_decerr_t1022_lsb = 6.3358720000e+00
m_code_t1022 = 1.0210000000e+03
m_terr_t1023_lsb = -9.753751000e-01
m_decerr_t1023_lsb = 6.2892300000e+00
m_code_t1023 = 1.0220000000e+03
m_inl_t1_lsb = 0.0000000000e+00
m_inl_t2_lsb = -4.098907798e-02
m_inl_t128_lsb = -9.602730401e-02
m_inl_t129_lsb = 3.9992180039e-03
m_inl_t255_lsb = -8.986920802e-02
m_inl_t256_lsb = -3.429488601e-02
m_inl_t257_lsb = -3.145066399e-02
m_inl_t384_lsb = -9.349326800e-02
m_inl_t511_lsb = -7.663431202e-02
m_inl_t512_lsb = -2.761603700e-02
m_inl_t513_lsb = -1.792959798e-02
m_inl_t640_lsb = -8.591883200e-02
m_inl_t767_lsb = -7.456983601e-02
m_inl_t768_lsb = -3.016901399e-02
m_inl_t769_lsb = -2.075769198e-02
m_inl_t896_lsb = -7.448469599e-02
m_inl_t1022_lsb = -6.488272202e-02
m_inl_t1023_lsb = 0.0000000000e+00
m_dnl_t1_t2_lsb = -4.293990000e-02
m_dnl_t128_t129_lsb = 9.8075700000e-02
m_dnl_t255_t256_lsb = 5.3623500000e-02
m_dnl_t256_t257_lsb = 8.9340000000e-04
m_dnl_t511_t512_lsb = 4.7067453000e-02
m_dnl_t512_t513_lsb = 7.7356170000e-03
m_dnl_t767_t768_lsb = 4.2450000000e-02
m_dnl_t768_t769_lsb = 7.4605000000e-03
m_dnl_t1022_t1023_lsb = 6.2931900000e-02
m_gain_err_lsb = -1.995690922e+00
m_vref_droop_mv = 2.3200000000e-01
Note: Simulation executed from .control section 

Note: Starting dynamic gmin stepping
Note: Dynamic gmin stepping completed
