
Note: No compatibility mode selected!


Circuit: * adc-inl-dnl @ tt_125c_3.63v -- generated by sim/harness, do not edit

Reducing trtol to 1 for xspice 'A' devices
Doing analysis at TEMP = 125.000000 and TNOM = 27.000000

Using SPARSE 1.3 as Direct Linear Solver

Initial Transient Solution
--------------------------

Node                                   Voltage
----                                   -------
clk                                          0
cmpclk                                       0
cmpclkb                                   3.63
vddt                                      3.63
vddd                                      3.63
vddc                                      3.63
vrefs                                     3.63
vrefn                                     3.63
vcmn                                     1.815
se_vinp                             0.00443115
se_vinn                                  1.815
se_start                                     0
se_mode                                      0
se_cmp                                 1.49495
se_samp_tp_n                                 0
se_sel_in_n                                  0
se_drdy                                   3.63
se_c9                                        0
se_c8                                        0
se_c7                                        0
se_c6                                        0
se_c5                                        0
se_c4                                        0
se_c3                                        0
se_c2                                        0
se_c1                                        0
se_c0                                        0
se_rel_n_256p                             3.63
se_sel_hi_n_256p                             0
se_sel_lo_n_256p                             0
se_rel_n_128p                             3.63
se_sel_hi_n_128p                             0
se_sel_lo_n_128p                             0
se_rel_n_64p                              3.63
se_sel_hi_n_64p                              0
se_sel_lo_n_64p                              0
se_rel_n_32p                              3.63
se_sel_hi_n_32p                              0
se_sel_lo_n_32p                              0
se_rel_n_16p                              3.63
se_sel_hi_n_16p                              0
se_sel_lo_n_16p                              0
se_rel_n_8p                               3.63
se_sel_hi_n_8p                               0
se_sel_lo_n_8p                               0
se_rel_n_4p                               3.63
se_sel_hi_n_4p                               0
se_sel_lo_n_4p                               0
se_rel_n_2p                               3.63
se_sel_hi_n_2p                               0
se_sel_lo_n_2p                               0
se_rel_n_1p                               3.63
se_sel_hi_n_1p                               0
se_sel_lo_n_1p                               0
se_rel_n_256n                             3.63
se_sel_hi_n_256n                             0
se_sel_lo_n_256n                             0
se_rel_n_128n                             3.63
se_sel_hi_n_128n                             0
se_sel_lo_n_128n                             0
se_rel_n_64n                              3.63
se_sel_hi_n_64n                              0
se_sel_lo_n_64n                              0
se_rel_n_32n                              3.63
se_sel_hi_n_32n                              0
se_sel_lo_n_32n                              0
se_rel_n_16n                              3.63
se_sel_hi_n_16n                              0
se_sel_lo_n_16n                              0
se_rel_n_8n                               3.63
se_sel_hi_n_8n                               0
se_sel_lo_n_8n                               0
se_rel_n_4n                               3.63
se_sel_hi_n_4n                               0
se_sel_lo_n_4n                               0
se_rel_n_2n                               3.63
se_sel_hi_n_2n                               0
se_sel_lo_n_2n                               0
se_rel_n_1n                               3.63
se_sel_hi_n_1n                               0
se_sel_lo_n_1n                               0
se_pinp                             0.00443133
se_pinn                                  1.815
xdut.\$65                                 3.63
xdut.\$27                          1.08676e-08
xdut.\$29                                 3.63
xdut.\$9                                  3.63
xdut.\$10                                1.815
xdut.\$67                                 3.63
xdut.\$31                          1.08676e-08
xdut.\$33                                 3.63
xdut.\$11                                 3.63
xdut.\$12                                1.815
xdut.\$69                                 3.63
xdut.\$35                          1.08676e-08
xdut.\$37                                 3.63
xdut.\$13                                 3.63
xdut.\$14                                1.815
xdut.\$71                                 3.63
xdut.\$39                          1.08676e-08
xdut.\$41                                 3.63
xdut.\$15                                 3.63
xdut.\$16                                1.815
xdut.\$73                                 3.63
xdut.\$43                          1.08676e-08
xdut.\$45                                 3.63
xdut.\$17                                 3.63
xdut.\$18                                1.815
xdut.\$75                                 3.63
xdut.\$47                          1.08676e-08
xdut.\$49                                 3.63
xdut.\$19                                 3.63
xdut.\$20                                1.815
xdut.\$77                                 3.63
xdut.\$51                          1.08676e-08
xdut.\$53                                 3.63
xdut.\$21                                 3.63
xdut.\$22                                1.815
xdut.\$79                                 3.63
xdut.\$55                          1.08676e-08
xdut.\$57                                 3.63
xdut.\$23                                 3.63
xdut.\$24                                1.815
xdut.\$81                                 3.63
xdut.\$59                          1.08676e-08
xdut.\$61                                 3.63
xdut.\$25                                 3.63
xdut.\$26                                1.815
xdut.\$83                                 3.63
xdut.\$85                          1.08676e-08
xdut.\$87                                 3.63
xdut.\$89                                 3.63
xdut.\$90                                1.815
xdut.\$92                                 3.63
xdut.\$94                          1.08676e-08
xdut.\$96                                 3.63
xdut.\$98                                 3.63
xdut.\$99                                1.815
xdut.\$100                                3.63
xdut.\$102                         1.08676e-08
xdut.\$104                                3.63
xdut.\$106                                3.63
xdut.\$107                               1.815
xdut.\$108                                3.63
xdut.\$110                         1.08676e-08
xdut.\$112                                3.63
xdut.\$114                                3.63
xdut.\$115                               1.815
xdut.\$116                                3.63
xdut.\$118                         1.08676e-08
xdut.\$120                                3.63
xdut.\$122                                3.63
xdut.\$123                               1.815
xdut.\$124                                3.63
xdut.\$126                         1.08676e-08
xdut.\$128                                3.63
xdut.\$130                                3.63
xdut.\$131                               1.815
xdut.\$132                                3.63
xdut.\$134                         1.08676e-08
xdut.\$136                                3.63
xdut.\$138                                3.63
xdut.\$139                               1.815
xdut.\$140                                3.63
xdut.\$142                         1.08676e-08
xdut.\$144                                3.63
xdut.\$146                                3.63
xdut.\$147                               1.815
xdut.\$166                                3.63
se_topp                                1.81508
xdut.\$167                                3.63
se_topn                                1.81508
xdut.\$148                                3.63
xdut.\$150                         1.08676e-08
xdut.\$152                                3.63
xdut.\$154                                3.63
xdut.\$155                               1.815
xdut.\$10__par                           1.815
xdut.\$100__par                           3.63
xdut.\$102__par                    1.08676e-08
xdut.\$104__par                           3.63
xdut.\$106__par                           3.63
xdut.\$107__par                          1.815
xdut.\$108__par                           3.63
xdut.\$11__par                            3.63
xdut.\$110__par                    1.08676e-08
xdut.\$112__par                           3.63
xdut.\$114__par                           3.63
xdut.\$115__par                          1.815
xdut.\$116__par                           3.63
xdut.\$118__par                    1.08676e-08
xdut.\$12__par                           1.815
xdut.\$120__par                           3.63
xdut.\$122__par                           3.63
xdut.\$123__par                          1.815
xdut.\$124__par                           3.63
xdut.\$126__par                    1.08676e-08
xdut.\$128__par                           3.63
xdut.\$13__par                            3.63
xdut.\$130__par                           3.63
xdut.\$131__par                          1.815
xdut.\$132__par                           3.63
xdut.\$134__par                    1.08676e-08
xdut.\$136__par                           3.63
xdut.\$138__par                           3.63
xdut.\$139__par                          1.815
xdut.\$14__par                           1.815
xdut.\$140__par                           3.63
xdut.\$142__par                    1.08676e-08
xdut.\$144__par                           3.63
xdut.\$146__par                           3.63
xdut.\$147__par                          1.815
xdut.\$148__par                           3.63
xdut.\$15__par                            3.63
xdut.\$150__par                    1.08676e-08
xdut.\$152__par                           3.63
xdut.\$154__par                           3.63
xdut.\$155__par                          1.815
xdut.\$16__par                           1.815
xdut.\$166__par                           3.63
xdut.\$167__par                           3.63
xdut.\$17__par                            3.63
xdut.\$18__par                           1.815
xdut.\$19__par                            3.63
xdut.\$20__par                           1.815
xdut.\$21__par                            3.63
xdut.\$22__par                           1.815
xdut.\$23__par                            3.63
xdut.\$24__par                           1.815
xdut.\$25__par                            3.63
xdut.\$26__par                           1.815
xdut.\$27__par                     1.08676e-08
xdut.\$29__par                            3.63
xdut.\$31__par                     1.08676e-08
xdut.\$33__par                            3.63
xdut.\$35__par                     1.08676e-08
xdut.\$37__par                            3.63
xdut.\$39__par                     1.08676e-08
xdut.\$41__par                            3.63
xdut.\$43__par                     1.08676e-08
xdut.\$45__par                            3.63
xdut.\$47__par                     1.08676e-08
xdut.\$49__par                            3.63
xdut.\$51__par                     1.08676e-08
xdut.\$53__par                            3.63
xdut.\$55__par                     1.08676e-08
xdut.\$57__par                            3.63
xdut.\$59__par                     1.08676e-08
xdut.\$61__par                            3.63
xdut.\$65__par                            3.63
xdut.\$67__par                            3.63
xdut.\$69__par                            3.63
xdut.\$71__par                            3.63
xdut.\$73__par                            3.63
xdut.\$75__par                            3.63
xdut.\$77__par                            3.63
xdut.\$79__par                            3.63
xdut.\$81__par                            3.63
xdut.\$83__par                            3.63
xdut.\$85__par                     1.08676e-08
xdut.\$87__par                            3.63
xdut.\$89__par                            3.63
xdut.\$9__par                             3.63
xdut.\$90__par                           1.815
xdut.\$92__par                            3.63
xdut.\$94__par                     1.08676e-08
xdut.\$96__par                            3.63
xdut.\$98__par                            3.63
xdut.\$99__par                           1.815
xdut.hi_128_n__par                           0
xdut.hi_128_p__par                           0
xdut.hi_16_n__par                            0
xdut.hi_16_p__par                            0
xdut.hi_1_n__par                             0
xdut.hi_1_p__par                             0
xdut.hi_256_n__par                           0
xdut.hi_256_p__par                           0
xdut.hi_2_n__par                             0
xdut.hi_2_p__par                             0
xdut.hi_32_n__par                            0
xdut.hi_32_p__par                            0
xdut.hi_4_n__par                             0
xdut.hi_4_p__par                             0
xdut.hi_64_n__par                            0
xdut.hi_64_p__par                            0
xdut.hi_8_n__par                             0
xdut.hi_8_p__par                             0
xdut.lo_128_n__par                           0
xdut.lo_128_p__par                           0
xdut.lo_16_n__par                            0
xdut.lo_16_p__par                            0
xdut.lo_1_n__par                             0
xdut.lo_1_p__par                             0
xdut.lo_256_n__par                           0
xdut.lo_256_p__par                           0
xdut.lo_2_n__par                             0
xdut.lo_2_p__par                             0
xdut.lo_32_n__par                            0
xdut.lo_32_p__par                            0
xdut.lo_4_n__par                             0
xdut.lo_4_p__par                             0
xdut.lo_64_n__par                            0
xdut.lo_64_p__par                            0
xdut.lo_8_n__par                             0
xdut.lo_8_p__par                             0
xdut.pinn__par                           1.815
xdut.pinp__par                      0.00443133
xdut.rel_128_n__par                       3.63
xdut.rel_128_p__par                       3.63
xdut.rel_16_n__par                        3.63
xdut.rel_16_p__par                        3.63
xdut.rel_1_n__par                         3.63
xdut.rel_1_p__par                         3.63
xdut.rel_256_n__par                       3.63
xdut.rel_256_p__par                       3.63
xdut.rel_2_n__par                         3.63
xdut.rel_2_p__par                         3.63
xdut.rel_32_n__par                        3.63
xdut.rel_32_p__par                        3.63
xdut.rel_4_n__par                         3.63
xdut.rel_4_p__par                         3.63
xdut.rel_64_n__par                        3.63
xdut.rel_64_p__par                        3.63
xdut.rel_8_n__par                         3.63
xdut.rel_8_p__par                         3.63
xdut.sel_in__par                             0
xdut.topn__par                         1.81508
xdut.topp__par                         1.81508
xdut.tp_gn__par                              0
xdut.vcm__par                            1.815
xdut.vdd__par                             3.63
xdut.vref__par                            3.63
xdut.vss__par                                0
se_ibias                              0.678004
xsecmp.xpre.ptail                     0.965928
xsecmp.pon                             2.94003
xsecmp.preamp_in1                      1.81508
xsecmp.pop                             2.94003
xsecmp.preamp_in2                      1.81508
xsecmp.xpre.xrlp.11                    3.62987
xsecmp.xpre.xrlp.21                    2.94016
xsecmp.xpre.xrln.11                    3.62987
xsecmp.xpre.xrln.21                    2.94016
xsecmp.xlat.ltail                      2.26678
xsecmp.xlat.dip                           3.63
xsecmp.xlat.din                           3.63
xsecmp.outn                               3.63
xsecmp.outp                               3.63
xsecmp.sset                        1.89066e-08
xsecmp.srst                        1.89066e-08
xsecmp.xno1.ps                         3.35096
se_cmpb                                1.49495
xsecmp.xno2.ps                         3.35096
se_code                                      0
se_dacp                           -1.11022e-16
se_dacn                           -1.11022e-16
se_di                                  1.81057
se_err                                  510.75
se_aerrh                                     0
bseea#branch                                 0
bsee#branch                                  0
bsedi#branch                                 0
bsedacn#branch                               0
bsedacp#branch                               0
bsecode#branch                               0
lref#branch                        1.75461e-09
v.xsecmp.vpn#branch               -5.33698e-30
v.xsecmp.vpp#branch                7.88402e-28
vsemode#branch                               0
vsestart#branch                              0
vsevinn#branch                       3.747e-16
vsevinp#branch                     7.18618e-09
vcms#branch                       -2.15218e-08
vrefs#branch                      -1.75461e-09
vddc#branch                       -0.000701438
vddd#branch                        -8.8116e-09
vddt#branch                                  0
vcmpclkb#branch                              0
vcmpclk#branch                               0
vclk#branch                                  0
a.xsectrl.a_gn#branch_1_0                    0
a.xsectrl.a_gn#branch_1_1                    0
a.xsectrl.a_gn#branch_1_2                    0
a.xsectrl.a_gn#branch_1_3                    0
a.xsectrl.a_gn#branch_1_4                    0
a.xsectrl.a_gn#branch_1_5                    0
a.xsectrl.a_gn#branch_1_6                    0
a.xsectrl.a_gn#branch_1_7                    0
a.xsectrl.a_gn#branch_1_8                    0
a.xsectrl.a_gn#branch_1_9                    0
a.xsectrl.a_gn#branch_1_10                   0
a.xsectrl.a_gn#branch_1_11                   0
a.xsectrl.a_gn#branch_1_12                   0
a.xsectrl.a_gn#branch_1_13                   0
a.xsectrl.a_gn#branch_1_14                   0
a.xsectrl.a_gn#branch_1_15                   0
a.xsectrl.a_gn#branch_1_16                   0
a.xsectrl.a_gn#branch_1_17                   0
a.xsectrl.a_gn#branch_1_18                   0
a.xsectrl.a_gn#branch_1_19                   0
a.xsectrl.a_gn#branch_1_20                   0
a.xsectrl.a_gn#branch_1_21                   0
a.xsectrl.a_gn#branch_1_22                   0
a.xsectrl.a_gn#branch_1_23                   0
a.xsectrl.a_gn#branch_1_24                   0
a.xsectrl.a_gn#branch_1_25                   0
a.xsectrl.a_gn#branch_1_26                   0
a.xsectrl.a_gn#branch_1_27                   0
a.xsectrl.a_gn#branch_1_28                   0
a.xsectrl.a_gn#branch_1_29                   0
a.xsectrl.a_gn#branch_1_30                   0
a.xsectrl.a_gn#branch_1_31                   0
a.xsectrl.a_gn#branch_1_32                   0
a.xsectrl.a_gn#branch_1_33                   0
a.xsectrl.a_gn#branch_1_34                   0
a.xsectrl.a_gn#branch_1_35                   0
a.xsectrl.a_gn#branch_1_36                   0
a.xsectrl.a_gn#branch_1_37                   0
a.xsectrl.a_gn#branch_1_38                   0
a.xsectrl.a_gn#branch_1_39                   0
a.xsectrl.a_gn#branch_1_40                   0
a.xsectrl.a_gn#branch_1_41                   0
a.xsectrl.a_gn#branch_1_42                   0
a.xsectrl.a_gn#branch_1_43                   0
a.xsectrl.a_gn#branch_1_44                   0
a.xsectrl.a_gn#branch_1_45                   0
a.xsectrl.a_gn#branch_1_46                   0
a.xsectrl.a_gn#branch_1_47                   0
a.xsectrl.a_gn#branch_1_48                   0
a.xsectrl.a_gn#branch_1_49                   0
a.xsectrl.a_gn#branch_1_50                   0
a.xsectrl.a_gn#branch_1_51                   0
a.xsectrl.a_gn#branch_1_52                   0
a.xsectrl.a_gn#branch_1_53                   0
a.xsectrl.a_dout#branch_1_0                  0
a.xsectrl.a_dout#branch_1_1                  0
a.xsectrl.a_dout#branch_1_2                  0
a.xsectrl.a_dout#branch_1_3                  0
a.xsectrl.a_dout#branch_1_4                  0
a.xsectrl.a_dout#branch_1_5                  0
a.xsectrl.a_dout#branch_1_6                  0
a.xsectrl.a_dout#branch_1_7                  0
a.xsectrl.a_dout#branch_1_8                  0
a.xsectrl.a_dout#branch_1_9                  0
a.xsectrl.a_dout#branch_1_10                 0
a.xsectrl.a_dout#branch_1_11                 0
a.xsectrl.a_dout#branch_1_12                 0

 Reference value :  0.00000e+00
 Reference value :  2.37982e-09
 Reference value :  2.66583e-09
 Reference value :  2.96681e-09
 Reference value :  4.33200e-09
 Reference value :  3.13296e-08
 Reference value :  3.17411e-08
 Reference value :  3.22609e-08
 Reference value :  6.27153e-08
 Reference value :  9.37569e-08
 Reference value :  9.41658e-08
 Reference value :  1.25100e-07
 Reference value :  1.25608e-07
 Reference value :  1.56337e-07
 Reference value :  1.56664e-07
 Reference value :  1.87500e-07
 Reference value :  1.88198e-07
 Reference value :  1.90412e-07
 Reference value :  2.18874e-07
 Reference value :  2.19948e-07
 Reference value :  2.50283e-07
 Reference value :  2.52833e-07
 Reference value :  2.58896e-07
 Reference value :  2.81425e-07
 Reference value :  2.82297e-07
 Reference value :  3.12802e-07
 Reference value :  3.14930e-07
 Reference value :  3.19703e-07
 Reference value :  3.43905e-07
 Reference value :  3.75030e-07
 Reference value :  3.75650e-07
 Reference value :  3.77778e-07
 Reference value :  4.06314e-07
 Reference value :  4.07239e-07
 Reference value :  4.37754e-07
 Reference value :  4.39967e-07
 Reference value :  4.41093e-07
 Reference value :  4.68818e-07
 Reference value :  4.69700e-07
 Reference value :  5.00254e-07
 Reference value :  5.02491e-07
 Reference value :  5.12808e-07
 Reference value :  5.31450e-07
 Reference value :  5.45871e-07
 Reference value :  5.62966e-07
 Reference value :  5.65068e-07
 Reference value :  5.92532e-07
 Reference value :  5.94087e-07
 Reference value :  6.25161e-07
 Reference value :  6.27280e-07
 Reference value :  6.28413e-07
 Reference value :  6.56377e-07
 Reference value :  6.67072e-07
 Reference value :  6.87936e-07
 Reference value :  6.90086e-07
 Reference value :  7.18791e-07
 Reference value :  7.18950e-07
 Reference value :  7.19224e-07
 Reference value :  7.30425e-07
 Reference value :  7.50191e-07
 Reference value :  7.50608e-07
 Reference value :  7.52442e-07
 Reference value :  7.52852e-07
 Reference value :  7.81256e-07
 Reference value :  7.81357e-07
 Reference value :  7.81655e-07
 Reference value :  7.81948e-07
 Reference value :  8.12600e-07
 Reference value :  8.12889e-07
 Reference value :  8.14765e-07
 Reference value :  8.15138e-07
 Reference value :  8.43757e-07
 Reference value :  8.43857e-07
 Reference value :  8.44086e-07
 Reference value :  8.44344e-07
 Reference value :  8.75101e-07
 Reference value :  8.75823e-07
 Reference value :  8.77644e-07
 Reference value :  9.06327e-07
 Reference value :  9.11849e-07
 Reference value :  9.37822e-07
 Reference value :  9.68769e-07
 Reference value :  9.69232e-07
 Reference value :  1.00020e-06
 Reference value :  1.00236e-06
 Reference value :  1.00286e-06
 Reference value :  1.00672e-06
 Reference value :  1.03138e-06
 Reference value :  1.03192e-06
 Reference value :  1.06260e-06
 Reference value :  1.06344e-06
 Reference value :  1.09389e-06
 Reference value :  1.09529e-06
 Reference value :  1.12532e-06
 Reference value :  1.15629e-06
 Reference value :  1.15675e-06
 Reference value :  1.17436e-06
 Reference value :  1.18786e-06
 Reference value :  1.19007e-06
 Reference value :  1.21883e-06
 Reference value :  1.21946e-06
 Reference value :  1.25018e-06
 Reference value :  1.25267e-06
 Reference value :  1.25350e-06
 Reference value :  1.28134e-06
 Reference value :  1.28176e-06
 Reference value :  1.31268e-06
 Reference value :  1.31458e-06
 Reference value :  1.31574e-06
 Reference value :  1.34383e-06
 Reference value :  1.34597e-06
 Reference value :  1.37532e-06
 Reference value :  1.37750e-06
 Reference value :  1.38915e-06
 Reference value :  1.40645e-06
 Reference value :  1.43760e-06
 Reference value :  1.43820e-06
 Reference value :  1.44010e-06
 Reference value :  1.46877e-06
 Reference value :  1.46921e-06
 Reference value :  1.50019e-06
 Reference value :  1.50238e-06
 Reference value :  1.50366e-06
 Reference value :  1.53135e-06
 Reference value :  1.54587e-06
 Reference value :  1.56297e-06
 Reference value :  1.56487e-06
 Reference value :  1.56517e-06
 Reference value :  1.59379e-06
 Reference value :  1.59440e-06
 Reference value :  1.62521e-06
 Reference value :  1.62747e-06
 Reference value :  1.64117e-06
 Reference value :  1.65649e-06
 Reference value :  1.68760e-06
 Reference value :  1.68836e-06
 Reference value :  1.68993e-06
 Reference value :  1.69003e-06
 Reference value :  1.69016e-06
 Reference value :  1.69823e-06
 Reference value :  1.71882e-06
 Reference value :  1.71905e-06
 Reference value :  1.72642e-06
 Reference value :  1.75011e-06
 Reference value :  1.75018e-06
 Reference value :  1.75086e-06
 Reference value :  1.75252e-06
 Reference value :  1.75517e-06
 Reference value :  1.78130e-06
 Reference value :  1.78135e-06
 Reference value :  1.78189e-06
 Reference value :  1.81262e-06
 Reference value :  1.81294e-06
 Reference value :  1.81332e-06
 Reference value :  1.81493e-06
 Reference value :  1.81519e-06
 Reference value :  1.84377e-06
 Reference value :  1.84385e-06
 Reference value :  1.84388e-06
 Reference value :  1.84418e-06
 Reference value :  1.84439e-06
 Reference value :  1.86881e-06
 Reference value :  1.87525e-06
 Reference value :  1.87731e-06
 Reference value :  1.87760e-06
 Reference value :  1.89208e-06
 Reference value :  1.90635e-06
 Reference value :  1.90673e-06
 Reference value :  1.91986e-06
 Reference value :  1.93760e-06
 Reference value :  1.93773e-06
 Reference value :  1.96876e-06
 Reference value :  1.96924e-06
 Reference value :  2.00020e-06
 Reference value :  2.00243e-06
 Reference value :  2.00292e-06
 Reference value :  2.00587e-06
 Reference value :  2.03130e-06
 Reference value :  2.03147e-06
 Reference value :  2.03176e-06
 Reference value :  2.03213e-06
 Reference value :  2.06270e-06
 Reference value :  2.08808e-06
 Reference value :  2.09417e-06
 Reference value :  2.10086e-06
 Reference value :  2.12540e-06
 Reference value :  2.14524e-06
 Reference value :  2.15650e-06
 Reference value :  2.17036e-06
 Reference value :  2.18800e-06
 Reference value :  2.19024e-06
 Reference value :  2.21887e-06
 Reference value :  2.21970e-06
 Reference value :  2.25022e-06
 Reference value :  2.25283e-06
 Reference value :  2.25408e-06
 Reference value :  2.28136e-06
 Reference value :  2.28176e-06
 Reference value :  2.31269e-06
 Reference value :  2.31477e-06
 Reference value :  2.31712e-06
 Reference value :  2.34385e-06
 Reference value :  2.36346e-06
 Reference value :  2.37550e-06
 Reference value :  2.37760e-06
 Reference value :  2.40628e-06
 Reference value :  2.40680e-06
 Reference value :  2.43770e-06
 Reference value :  2.43993e-06
 Reference value :  2.44408e-06
 Reference value :  2.46889e-06
 Reference value :  2.49712e-06
 Reference value :  2.50068e-06
 Reference value :  2.50268e-06
 Reference value :  2.53129e-06
 Reference value :  2.53185e-06
 Reference value :  2.56270e-06
 Reference value :  2.56487e-06
 Reference value :  2.56568e-06
 Reference value :  2.59385e-06
 Reference value :  2.61159e-06
 Reference value :  2.62554e-06
 Reference value :  2.62760e-06
 Reference value :  2.65631e-06
 Reference value :  2.65727e-06
 Reference value :  2.68778e-06
 Reference value :  2.69002e-06
 Reference value :  2.71875e-06
 Reference value :  2.71915e-06
 Reference value :  2.75018e-06
 Reference value :  2.75237e-06
 Reference value :  2.76787e-06
 Reference value :  2.78158e-06
 Reference value :  2.78358e-06
 Reference value :  2.81286e-06
 Reference value :  2.81478e-06
 Reference value :  2.82580e-06
 Reference value :  2.84406e-06
 Reference value :  2.84488e-06
 Reference value :  2.87525e-06
 Reference value :  2.87746e-06
 Reference value :  2.90008e-06
 Reference value :  2.90648e-06
 Reference value :  2.93765e-06
 Reference value :  2.93996e-06
 Reference value :  2.96887e-06
 Reference value :  2.99850e-06
 Reference value :  3.00028e-06
 Reference value :  3.00245e-06
 Reference value :  3.00292e-06
 Reference value :  3.00453e-06
 Reference value :  3.02915e-06
 Reference value :  3.03133e-06
 Reference value :  3.03166e-06
 Reference value :  3.03196e-06
 Reference value :  3.03432e-06
 Reference value :  3.06261e-06
 Reference value :  3.06286e-06
 Reference value :  3.06397e-06
 Reference value :  3.09381e-06
 Reference value :  3.09421e-06
 Reference value :  3.09498e-06
 Reference value :  3.12511e-06
 Reference value :  3.12547e-06
 Reference value :  3.15634e-06
 Reference value :  3.15669e-06
 Reference value :  3.18436e-06
 Reference value :  3.18811e-06
 Reference value :  3.19061e-06
 Reference value :  3.21893e-06
 Reference value :  3.22159e-06
 Reference value :  3.25022e-06
 Reference value :  3.25287e-06
 Reference value :  3.26647e-06
 Reference value :  3.28146e-06
 Reference value :  3.29060e-06
 Reference value :  3.31273e-06
 Reference value :  3.31487e-06
 Reference value :  3.31712e-06
 Reference value :  3.34381e-06
 Reference value :  3.34485e-06
 Reference value :  3.37532e-06
 Reference value :  3.37543e-06
 Reference value :  3.37584e-06
 Reference value :  3.37751e-06
 Reference value :  3.37766e-06
 Reference value :  3.37946e-06
 Reference value :  3.39516e-06
 Reference value :  3.40625e-06
 Reference value :  3.40628e-06
 Reference value :  3.40632e-06
 Reference value :  3.40753e-06
 Reference value :  3.43782e-06
 Reference value :  3.43999e-06
 Reference value :  3.45015e-06
 Reference value :  3.46893e-06
 Reference value :  3.50006e-06
 Reference value :  3.50109e-06
 Reference value :  3.50275e-06
 Reference value :  3.53130e-06
 Reference value :  3.53192e-06
 Reference value :  3.56023e-06
 Reference value :  3.56266e-06
 Reference value :  3.56481e-06
 Reference value :  3.56544e-06
 Reference value :  3.59382e-06
 Reference value :  3.59605e-06
 Reference value :  3.62536e-06
 Reference value :  3.62752e-06
 Reference value :  3.64900e-06
 Reference value :  3.65644e-06
 Reference value :  3.65679e-06
 Reference value :  3.68387e-06
 Reference value :  3.68769e-06
 Reference value :  3.68800e-06
 Reference value :  3.68979e-06
 Reference value :  3.69018e-06
 Reference value :  3.71219e-06
 Reference value :  3.71887e-06
 Reference value :  3.71923e-06
 Reference value :  3.71998e-06
 Reference value :  3.72269e-06
 Reference value :  3.75028e-06
 Reference value :  3.75229e-06
 Reference value :  3.75269e-06
 Reference value :  3.77992e-06
 Reference value :  3.78145e-06
 Reference value :  3.78214e-06
 Reference value :  3.81270e-06
 Reference value :  3.81484e-06
 Reference value :  3.81870e-06
 Reference value :  3.84395e-06
 Reference value :  3.87017e-06
 Reference value :  3.87554e-06
 Reference value :  3.87760e-06
 Reference value :  3.88093e-06
 Reference value :  3.90635e-06
 Reference value :  3.90666e-06
 Reference value :  3.90706e-06
 Reference value :  3.93762e-06
 Reference value :  3.93843e-06
 Reference value :  3.96878e-06
 Reference value :  3.96889e-06
 Reference value :  3.96981e-06
 Reference value :  4.00020e-06
 Reference value :  4.00065e-06
 Reference value :  4.00234e-06
 Reference value :  4.00255e-06
 Reference value :  4.00270e-06
 Reference value :  4.00294e-06
 Reference value :  4.00316e-06
 Reference value :  4.00939e-06
 Reference value :  4.03125e-06
 Reference value :  4.03134e-06
 Reference value :  4.03145e-06
 Reference value :  4.03185e-06
 Reference value :  4.06260e-06
 Reference value :  4.06265e-06
 Reference value :  4.06290e-06
 Reference value :  4.06300e-06
 Reference value :  4.06307e-06
 Reference value :  4.06311e-06
 Reference value :  4.06658e-06
 Reference value :  4.09379e-06
 Reference value :  4.09385e-06
 Reference value :  4.09395e-06
 Reference value :  4.09398e-06
 Reference value :  4.09408e-06
 Reference value :  4.09411e-06
 Reference value :  4.09416e-06
 Reference value :  4.09421e-06
 Reference value :  4.09453e-06
 Reference value :  4.12500e-06
 Reference value :  4.12503e-06
 Reference value :  4.12510e-06
 Reference value :  4.12510e-06
 Reference value :  4.12512e-06
 Reference value :  4.12516e-06
 Reference value :  4.12520e-06
 Reference value :  4.12561e-06
 Reference value :  4.15626e-06
 Reference value :  4.15637e-06
 Reference value :  4.15684e-06
 Reference value :  4.16641e-06
 Reference value :  4.18760e-06
 Reference value :  4.18815e-06
 Reference value :  4.19016e-06
 Reference value :  4.21883e-06
 Reference value :  4.21949e-06
 Reference value :  4.25016e-06
 Reference value :  4.25267e-06
 Reference value :  4.25454e-06
 Reference value :  4.28136e-06
 Reference value :  4.29665e-06
 Reference value :  4.31293e-06
 Reference value :  4.31505e-06
 Reference value :  4.34221e-06
 Reference value :  4.34407e-06
 Reference value :  4.37515e-06
 Reference value :  4.37728e-06
 Reference value :  4.37843e-06
 Reference value :  4.40633e-06
 Reference value :  4.40681e-06
 Reference value :  4.43761e-06
 Reference value :  4.43862e-06
 Reference value :  4.44047e-06
 Reference value :  4.46881e-06
 Reference value :  4.46919e-06
 Reference value :  4.50003e-06
 Reference value :  4.50064e-06
 Reference value :  4.50263e-06
 Reference value :  4.53126e-06
 Reference value :  4.53163e-06
 Reference value :  4.56265e-06
 Reference value :  4.56484e-06
 Reference value :  4.56543e-06
 Reference value :  4.59134e-06
 Reference value :  4.59401e-06
 Reference value :  4.62513e-06
 Reference value :  4.62727e-06
 Reference value :  4.62800e-06
 Reference value :  4.65635e-06
 Reference value :  4.66378e-06
 Reference value :  4.68794e-06
 Reference value :  4.69002e-06
 Reference value :  4.69832e-06
 Reference value :  4.71890e-06
 Reference value :  4.74635e-06
 Reference value :  4.75061e-06
 Reference value :  4.75268e-06
 Reference value :  4.78134e-06
 Reference value :  4.78209e-06
 Reference value :  4.81273e-06
 Reference value :  4.81500e-06
 Reference value :  4.84378e-06
 Reference value :  4.84421e-06
 Reference value :  4.87511e-06
 Reference value :  4.87727e-06
 Reference value :  4.87775e-06
 Reference value :  4.90633e-06
 Reference value :  4.90831e-06
 Reference value :  4.93782e-06
 Reference value :  4.96689e-06
 Reference value :  4.96901e-06
 Reference value :  5.00011e-06
 Reference value :  5.00226e-06
 Reference value :  5.00273e-06
 Reference value :  5.00303e-06
 Reference value :  5.03131e-06
 Reference value :  5.03185e-06
 Reference value :  5.04754e-06
 Reference value :  5.06297e-06
 Reference value :  5.09383e-06
 Reference value :  5.09418e-06
 Reference value :  5.09462e-06
 Reference value :  5.11589e-06
 Reference value :  5.12518e-06
 Reference value :  5.12561e-06
 Reference value :  5.15626e-06
 Reference value :  5.15637e-06
 Reference value :  5.15680e-06
 Reference value :  5.16435e-06
 Reference value :  5.18769e-06
 Reference value :  5.18851e-06
 Reference value :  5.19007e-06
 Reference value :  5.20938e-06
 Reference value :  5.21885e-06
 Reference value :  5.21918e-06
 Reference value :  5.21946e-06
 Reference value :  5.22886e-06
 Reference value :  5.25019e-06
 Reference value :  5.25101e-06
 Reference value :  5.25287e-06
 Reference value :  5.25416e-06
 Reference value :  5.25826e-06
 Reference value :  5.26542e-06
 Reference value :  5.28127e-06
 Reference value :  5.28132e-06
 Reference value :  5.28149e-06
 Reference value :  5.28858e-06
 Reference value :  5.31284e-06
 Reference value :  5.31488e-06
 Reference value :  5.31864e-06
 Reference value :  5.34384e-06
 Reference value :  5.34391e-06
 Reference value :  5.34422e-06
 Reference value :  5.37520e-06
 Reference value :  5.37737e-06
 Reference value :  5.38021e-06
 Reference value :  5.40638e-06
 Reference value :  5.40693e-06
 Reference value :  5.43770e-06
 Reference value :  5.43806e-06
 Reference value :  5.43897e-06
 Reference value :  5.44007e-06
 Reference value :  5.46876e-06
 Reference value :  5.46914e-06
 Reference value :  5.49208e-06
 Reference value :  5.50046e-06
 Reference value :  5.50238e-06
 Reference value :  5.50268e-06
 Reference value :  5.50429e-06
 Reference value :  5.53135e-06
 Reference value :  5.53185e-06
 Reference value :  5.56260e-06
 Reference value :  5.56335e-06
 Reference value :  5.56513e-06
 Reference value :  5.56616e-06
 Reference value :  5.57534e-06
 Reference value :  5.59383e-06
 Reference value :  5.60159e-06
 Reference value :  5.62540e-06
 Reference value :  5.62757e-06
 Reference value :  5.64795e-06
 Reference value :  5.65645e-06
 Reference value :  5.66513e-06
 Reference value :  5.68765e-06
 Reference value :  5.68775e-06
 Reference value :  5.68997e-06
 Reference value :  5.71426e-06
 Reference value :  5.71902e-06
 Reference value :  5.75006e-06
 Reference value :  5.75164e-06
 Reference value :  5.75299e-06
 Reference value :  5.77587e-06
 Reference value :  5.78172e-06
 Reference value :  5.78242e-06
 Reference value :  5.81270e-06
 Reference value :  5.81481e-06
 Reference value :  5.83420e-06
 Reference value :  5.84404e-06
 Reference value :  5.84471e-06
 Reference value :  5.87521e-06
 Reference value :  5.87740e-06
 Reference value :  5.88101e-06
 Reference value :  5.90637e-06
 Reference value :  5.90763e-06
 Reference value :  5.93778e-06
 Reference value :  5.96103e-06
 Reference value :  5.96896e-06
 Reference value :  6.00010e-06
 Reference value :  6.00114e-06
 Reference value :  6.00268e-06
 Reference value :  6.00346e-06
 Reference value :  6.01515e-06
 Reference value :  6.03127e-06
 Reference value :  6.03139e-06
 Reference value :  6.03194e-06
 Reference value :  6.06256e-06
 Reference value :  6.06275e-06
 Reference value :  6.06350e-06
 Reference value :  6.09380e-06
 Reference value :  6.09384e-06
 Reference value :  6.09395e-06
 Reference value :  6.09421e-06
 Reference value :  6.09483e-06
 Reference value :  6.12503e-06
 Reference value :  6.12520e-06
 Reference value :  6.12565e-06
 Reference value :  6.15625e-06
 Reference value :  6.15637e-06
 Reference value :  6.15671e-06
 Reference value :  6.16631e-06
 Reference value :  6.18769e-06
 Reference value :  6.18797e-06
 Reference value :  6.18978e-06
 Reference value :  6.19010e-06
 Reference value :  6.21878e-06
 Reference value :  6.21895e-06
 Reference value :  6.21968e-06
 Reference value :  6.25022e-06
 Reference value :  6.25283e-06
 Reference value :  6.26336e-06
 Reference value :  6.28126e-06
 Reference value :  6.28135e-06
 Reference value :  6.28173e-06
 Reference value :  6.31256e-06
 Reference value :  6.31315e-06
 Reference value :  6.31528e-06
 Reference value :  6.34377e-06
 Reference value :  6.34415e-06
 Reference value :  6.37511e-06
 Reference value :  6.37728e-06
 Reference value :  6.37889e-06
 Reference value :  6.40632e-06
 Reference value :  6.40676e-06
 Reference value :  6.43766e-06
 Reference value :  6.43810e-06
 Reference value :  6.43980e-06
 Reference value :  6.44001e-06
 Reference value :  6.44218e-06
 Reference value :  6.46877e-06
 Reference value :  6.46891e-06
 Reference value :  6.46960e-06
 Reference value :  6.50003e-06
 Reference value :  6.50038e-06
 Reference value :  6.50204e-06
 Reference value :  6.50255e-06
 Reference value :  6.50267e-06
 Reference value :  6.50389e-06
 Reference value :  6.53135e-06
 Reference value :  6.54808e-06
 Reference value :  6.56286e-06
 Reference value :  6.56476e-06
 Reference value :  6.56643e-06
 Reference value :  6.59386e-06
 Reference value :  6.60921e-06
 Reference value :  6.62550e-06
 Reference value :  6.62760e-06
 Reference value :  6.65632e-06
 Reference value :  6.65691e-06
 Reference value :  6.68771e-06
 Reference value :  6.68996e-06
 Reference value :  6.69039e-06
 Reference value :  6.71885e-06
 Reference value :  6.72216e-06
 Reference value :  6.75036e-06
 Reference value :  6.75255e-06
 Reference value :  6.78132e-06
 Reference value :  6.78224e-06
 Reference value :  6.81275e-06
 Reference value :  6.81499e-06
 Reference value :  6.84377e-06
 Reference value :  6.84398e-06
 Reference value :  6.87501e-06
 Reference value :  6.87570e-06
 Reference value :  6.87767e-06
 Reference value :  6.90633e-06
 Reference value :  6.90670e-06
 Reference value :  6.93756e-06
 Reference value :  6.93814e-06
 Reference value :  6.96881e-06
 Reference value :  6.96942e-06
 Reference value :  7.00020e-06
 Reference value :  7.00244e-06
 Reference value :  7.00291e-06
 Reference value :  7.02969e-06
 Reference value :  7.03185e-06
 Reference value :  7.03233e-06
 Reference value :  7.06270e-06
 Reference value :  7.08209e-06
 Reference value :  7.09405e-06
 Reference value :  7.09489e-06
 Reference value :  7.12520e-06
 Reference value :  7.15059e-06
 Reference value :  7.15674e-06
 Reference value :  7.15735e-06
 Reference value :  7.18771e-06
 Reference value :  7.18991e-06
 Reference value :  7.21877e-06
 Reference value :  7.21919e-06
 Reference value :  7.24291e-06
 Reference value :  7.25047e-06
 Reference value :  7.25294e-06
 Reference value :  7.28128e-06
 Reference value :  7.28148e-06
 Reference value :  7.28247e-06
 Reference value :  7.31278e-06
 Reference value :  7.31493e-06
 Reference value :  7.31920e-06
 Reference value :  7.34387e-06
 Reference value :  7.34439e-06
 Reference value :  7.37510e-06
 Reference value :  7.37520e-06
 Reference value :  7.37547e-06
 Reference value :  7.37727e-06
 Reference value :  7.37760e-06
 Reference value :  7.38468e-06
 Reference value :  7.40631e-06
 Reference value :  7.40648e-06
 Reference value :  7.40676e-06
 Reference value :  7.43753e-06
 Reference value :  7.43763e-06
 Reference value :  7.43800e-06
 Reference value :  7.44006e-06
 Reference value :  7.46363e-06
 Reference value :  7.46905e-06
 Reference value :  7.50015e-06
 Reference value :  7.50227e-06
 Reference value :  7.50259e-06
 Reference value :  7.50351e-06
 Reference value :  7.53127e-06
 Reference value :  7.53159e-06
 Reference value :  7.56250e-06
 Reference value :  7.56296e-06
 Reference value :  7.56507e-06
 Reference value :  7.59377e-06
 Reference value :  7.59385e-06
 Reference value :  7.59401e-06
 Reference value :  7.62500e-06
 Reference value :  7.62570e-06
 Reference value :  7.62772e-06
 Reference value :  7.65631e-06
 Reference value :  7.65735e-06
 Reference value :  7.68756e-06
 Reference value :  7.68811e-06
 Reference value :  7.69022e-06
 Reference value :  7.71884e-06
 Reference value :  7.72854e-06
 Reference value :  7.75047e-06
 Reference value :  7.75258e-06
 Reference value :  7.78132e-06
 Reference value :  7.78190e-06
 Reference value :  7.81270e-06
 Reference value :  7.81496e-06
 Reference value :  7.84085e-06
 Reference value :  7.84408e-06
 Reference value :  7.87506e-06
 Reference value :  7.87665e-06
 Reference value :  7.87793e-06
 Reference value :  7.90636e-06
 Reference value :  7.92965e-06
 Reference value :  7.93803e-06
 Reference value :  7.96882e-06
 Reference value :  7.96976e-06
 Reference value :  8.00019e-06
 Reference value :  8.00084e-06
 Reference value :  8.00267e-06
 Reference value :  8.00569e-06
 Reference value :  8.03135e-06
 Reference value :  8.03204e-06
 Reference value :  8.03792e-06
 Reference value :  8.06286e-06
 Reference value :  8.09379e-06
 Reference value :  8.09465e-06
 Reference value :  8.12059e-06
 Reference value :  8.12550e-06
 Reference value :  8.15635e-06
 Reference value :  8.15702e-06
 Reference value :  8.18768e-06
 Reference value :  8.18994e-06
 Reference value :  8.21878e-06
 Reference value :  8.21930e-06
 Reference value :  8.25010e-06
 Reference value :  8.25165e-06
 Reference value :  8.25341e-06
 Reference value :  8.28134e-06
 Reference value :  8.28161e-06
 Reference value :  8.28170e-06
 Reference value :  8.28179e-06
 Reference value :  8.28858e-06
 Reference value :  8.31253e-06
 Reference value :  8.31263e-06
 Reference value :  8.31270e-06
 Reference value :  8.31285e-06
 Reference value :  8.31299e-06
 Reference value :  8.31477e-06
 Reference value :  8.31495e-06
 Reference value :  8.31701e-06
 Reference value :  8.32055e-06
 Reference value :  8.34381e-06
 Reference value :  8.34396e-06
 Reference value :  8.34429e-06
 Reference value :  8.35801e-06
 Reference value :  8.37525e-06
 Reference value :  8.37594e-06
 Reference value :  8.37755e-06
 Reference value :  8.38308e-06
 Reference value :  8.40641e-06
 Reference value :  8.40718e-06
 Reference value :  8.43773e-06
 Reference value :  8.43988e-06
 Reference value :  8.44172e-06
 Reference value :  8.46886e-06
 Reference value :  8.48621e-06
 Reference value :  8.50052e-06
 Reference value :  8.50243e-06
 Reference value :  8.50263e-06
 Reference value :  8.52985e-06
 Reference value :  8.53152e-06
 Reference value :  8.56261e-06
 Reference value :  8.56477e-06
 Reference value :  8.56548e-06
 Reference value :  8.59383e-06
 Reference value :  8.59469e-06
 Reference value :  8.62515e-06
 Reference value :  8.62727e-06
 Reference value :  8.62874e-06
 Reference value :  8.65640e-06
 Reference value :  8.68750e-06
 Reference value :  8.68815e-06
 Reference value :  8.69022e-06
 Reference value :  8.71877e-06
 Reference value :  8.71887e-06
 Reference value :  8.71900e-06
 Reference value :  8.75010e-06
 Reference value :  8.75227e-06
 Reference value :  8.75439e-06
 Reference value :  8.78141e-06
 Reference value :  8.79342e-06
 Reference value :  8.81300e-06
 Reference value :  8.81509e-06
 Reference value :  8.84384e-06
 Reference value :  8.84432e-06
 Reference value :  8.87511e-06
 Reference value :  8.87550e-06
 Reference value :  8.87758e-06
 Reference value :  8.90630e-06
 Reference value :  8.90651e-06
 Reference value :  8.90669e-06
 Reference value :  8.90673e-06
 Reference value :  8.93761e-06
 Reference value :  8.93799e-06
 Reference value :  8.96877e-06
 Reference value :  8.96894e-06
 Reference value :  8.96931e-06
 Reference value :  8.99060e-06
 Reference value :  9.00043e-06
 Reference value :  9.00069e-06
 Reference value :  9.00244e-06
 Reference value :  9.00258e-06
 Reference value :  9.00287e-06
 Reference value :  9.00346e-06
 Reference value :  9.03125e-06
 Reference value :  9.03130e-06
 Reference value :  9.03135e-06
 Reference value :  9.03139e-06
 Reference value :  9.05392e-06
 Reference value :  9.06304e-06
 Reference value :  9.09384e-06
 Reference value :  9.09776e-06
 Reference value :  9.12528e-06
 Reference value :  9.14524e-06
 Reference value :  9.15634e-06
 Reference value :  9.15646e-06
 Reference value :  9.15676e-06
 Reference value :  9.18761e-06
 Reference value :  9.18977e-06
 Reference value :  9.18987e-06
 Reference value :  9.21877e-06
 Reference value :  9.21923e-06
 Reference value :  9.25006e-06
 Reference value :  9.25028e-06
 Reference value :  9.25036e-06
 Reference value :  9.25267e-06
 Reference value :  9.25309e-06
 Reference value :  9.28126e-06
 Reference value :  9.28142e-06
 Reference value :  9.28332e-06
 Reference value :  9.31270e-06
 Reference value :  9.31304e-06
 Reference value :  9.31478e-06
 Reference value :  9.31503e-06
 Reference value :  9.31555e-06
 Reference value :  9.32204e-06
 Reference value :  9.34382e-06
 Reference value :  9.34412e-06
 Reference value :  9.34482e-06
 Reference value :  9.37511e-06
 Reference value :  9.37541e-06
 Reference value :  9.37594e-06
 Reference value :  9.37661e-06
 Reference value :  9.37727e-06
 Reference value :  9.37728e-06
 Reference value :  9.37732e-06
 Reference value :  9.37738e-06
 Reference value :  9.37743e-06
 Reference value :  9.37744e-06
 Reference value :  9.37753e-06
 Reference value :  9.37977e-06
 Reference value :  9.40625e-06
 Reference value :  9.40636e-06
 Reference value :  9.40670e-06
 Reference value :  9.43022e-06
 Reference value :  9.43770e-06
 Reference value :  9.43797e-06
 Reference value :  9.43804e-06
 Reference value :  9.43980e-06
 Reference value :  9.44010e-06
 Reference value :  9.44071e-06
 Reference value :  9.44088e-06
 Reference value :  9.44128e-06
 Reference value :  9.44985e-06
 Reference value :  9.45985e-06
 Reference value :  9.46876e-06
 Reference value :  9.46895e-06
 Reference value :  9.46921e-06
 Reference value :  9.48431e-06
 Reference value :  9.50018e-06
 Reference value :  9.50044e-06
 Reference value :  9.50205e-06
 Reference value :  9.50277e-06
 Reference value :  9.53128e-06
 Reference value :  9.53176e-06
 Reference value :  9.56270e-06
 Reference value :  9.56479e-06
 Reference value :  9.56517e-06
 Reference value :  9.59379e-06
 Reference value :  9.59395e-06
 Reference value :  9.59524e-06
 Reference value :  9.62518e-06
 Reference value :  9.62728e-06
 Reference value :  9.62907e-06
 Reference value :  9.65639e-06
 Reference value :  9.68566e-06
 Reference value :  9.68811e-06
 Reference value :  9.69016e-06
 Reference value :  9.71881e-06
 Reference value :  9.71896e-06
 Reference value :  9.71958e-06
 Reference value :  9.75003e-06
 Reference value :  9.75100e-06
 Reference value :  9.75287e-06
 Reference value :  9.78130e-06
 Reference value :  9.78165e-06
 Reference value :  9.81073e-06
 Reference value :  9.81266e-06
 Reference value :  9.81315e-06
 Reference value :  9.81493e-06
 Reference value :  9.81503e-06
 Reference value :  9.81662e-06
 Reference value :  9.84382e-06
 Reference value :  9.84400e-06
 Reference value :  9.84463e-06
 Reference value :  9.87512e-06
 Reference value :  9.87554e-06
 Reference value :  9.87727e-06
 Reference value :  9.87751e-06
 Reference value :  9.87752e-06
 Reference value :  9.89601e-06
 Reference value :  9.90646e-06
 Reference value :  9.93760e-06
 Reference value :  9.93956e-06
 Reference value :  9.96880e-06
 Reference value :  9.96947e-06
 Reference value :  1.00001e-05
 Reference value :  1.00002e-05
 Reference value :  1.00002e-05
 Reference value :  1.00002e-05
 Reference value :  1.00002e-05
 Reference value :  1.00007e-05
 Reference value :  1.00014e-05
 Reference value :  1.00025e-05
 Reference value :  1.00027e-05
 Reference value :  1.00030e-05
 Reference value :  1.00313e-05
 Reference value :  1.00314e-05
 Reference value :  1.00379e-05
 Reference value :  1.00627e-05
 Reference value :  1.00632e-05
 Reference value :  1.00938e-05
 Reference value :  1.00940e-05
 Reference value :  1.00945e-05
 Reference value :  1.01252e-05
 Reference value :  1.01472e-05
 Reference value :  1.01563e-05
 Reference value :  1.01567e-05
 Reference value :  1.01876e-05
 Reference value :  1.01898e-05
 Reference value :  1.02134e-05
 Reference value :  1.02192e-05
 Reference value :  1.02309e-05
 Reference value :  1.02502e-05
 Reference value :  1.02506e-05
 Reference value :  1.02530e-05
 Reference value :  1.02813e-05
 Reference value :  1.02820e-05
 Reference value :  1.03127e-05
 Reference value :  1.03148e-05
 Reference value :  1.03151e-05
 Reference value :  1.03153e-05
 Reference value :  1.03438e-05
 Reference value :  1.03442e-05
 Reference value :  1.03751e-05
 Reference value :  1.03761e-05
 Reference value :  1.03780e-05
 Reference value :  1.04063e-05
 Reference value :  1.04102e-05
 Reference value :  1.04377e-05
 Reference value :  1.04383e-05
 Reference value :  1.04399e-05
 Reference value :  1.04399e-05
 Reference value :  1.04400e-05
 Reference value :  1.04400e-05
 Reference value :  1.04424e-05
 Reference value :  1.04688e-05
 Reference value :  1.04690e-05
 Reference value :  1.04772e-05
 Reference value :  1.04972e-05
 Reference value :  1.05001e-05
 Reference value :  1.05004e-05
 Reference value :  1.05024e-05
 Reference value :  1.05029e-05
 Reference value :  1.05313e-05
 Reference value :  1.05313e-05
 Reference value :  1.05314e-05
 Reference value :  1.05442e-05
 Reference value :  1.05630e-05
 Reference value :  1.05650e-05
 Reference value :  1.05938e-05
 Reference value :  1.05940e-05
 Reference value :  1.06251e-05
 Reference value :  1.06257e-05
 Reference value :  1.06274e-05
 Reference value :  1.06276e-05
 Reference value :  1.06285e-05
 Reference value :  1.06564e-05
 Reference value :  1.06837e-05
 Reference value :  1.06881e-05
 Reference value :  1.06900e-05
 Reference value :  1.07188e-05
 Reference value :  1.07193e-05
 Reference value :  1.07502e-05
 Reference value :  1.07505e-05
 Reference value :  1.07523e-05
 Reference value :  1.07527e-05
 Reference value :  1.07814e-05
 Reference value :  1.07826e-05
 Reference value :  1.08128e-05
 Reference value :  1.08150e-05
 Reference value :  1.08159e-05
 Reference value :  1.08437e-05
 Reference value :  1.08439e-05
 Reference value :  1.08441e-05
 Reference value :  1.08556e-05
 Reference value :  1.08752e-05
 Reference value :  1.08756e-05
 Reference value :  1.08775e-05
 Reference value :  1.08781e-05
 Reference value :  1.08833e-05
 Reference value :  1.08902e-05
 Reference value :  1.09063e-05
 Reference value :  1.09066e-05
 Reference value :  1.09068e-05
 Reference value :  1.09072e-05
 Reference value :  1.09377e-05
 Reference value :  1.09475e-05
 Reference value :  1.09688e-05
 Reference value :  1.09689e-05
 Reference value :  1.09694e-05
 Reference value :  1.10002e-05
 Reference value :  1.10025e-05
 Reference value :  1.10030e-05
 Reference value :  1.10313e-05
 Reference value :  1.10320e-05
 Reference value :  1.10627e-05
 Reference value :  1.10938e-05
 Reference value :  1.10939e-05
 Reference value :  1.10939e-05
 Reference value :  1.10942e-05
 Reference value :  1.10948e-05
 Reference value :  1.11251e-05
 Reference value :  1.11255e-05
 Reference value :  1.11563e-05
 Reference value :  1.11563e-05
 Reference value :  1.11568e-05
 Reference value :  1.11571e-05
 Reference value :  1.11786e-05
 Reference value :  1.11880e-05
 Reference value :  1.11901e-05
 Reference value :  1.12188e-05
 Reference value :  1.12188e-05
 Reference value :  1.12189e-05
 Reference value :  1.12189e-05
 Reference value :  1.12189e-05
 Reference value :  1.12193e-05
 Reference value :  1.12206e-05
 Reference value :  1.12500e-05
 Reference value :  1.12502e-05
 Reference value :  1.12505e-05
 Reference value :  1.12529e-05
 Reference value :  1.12530e-05
 Reference value :  1.12550e-05
 Reference value :  1.12813e-05
 Reference value :  1.12815e-05
 Reference value :  1.12818e-05
 Reference value :  1.13125e-05
 Reference value :  1.13130e-05
 Reference value :  1.13149e-05
 Reference value :  1.13377e-05
 Reference value :  1.13438e-05
 Reference value :  1.13442e-05
 Reference value :  1.13751e-05
 Reference value :  1.13757e-05
 Reference value :  1.13775e-05
 Reference value :  1.13793e-05
 Reference value :  1.13839e-05
 Reference value :  1.14064e-05
 Reference value :  1.14120e-05
 Reference value :  1.14379e-05
 Reference value :  1.14400e-05
 Reference value :  1.14531e-05
 Reference value :  1.14689e-05
 Reference value :  1.15001e-05
 Reference value :  1.15020e-05
 Reference value :  1.15032e-05
 Reference value :  1.15313e-05
 Reference value :  1.15314e-05
 Reference value :  1.15325e-05
 Reference value :  1.15627e-05
 Reference value :  1.15631e-05
 Reference value :  1.15648e-05
 Reference value :  1.15652e-05
 Reference value :  1.15661e-05
 Reference value :  1.15671e-05
 Reference value :  1.15701e-05
 Reference value :  1.15938e-05
 Reference value :  1.15939e-05
 Reference value :  1.16155e-05
 Reference value :  1.16252e-05
 Reference value :  1.16256e-05
 Reference value :  1.16274e-05
 Reference value :  1.16279e-05
 Reference value :  1.16478e-05
 Reference value :  1.16550e-05
 Reference value :  1.16563e-05
 Reference value :  1.16564e-05
 Reference value :  1.16598e-05
 Reference value :  1.16876e-05
 Reference value :  1.16880e-05
 Reference value :  1.16899e-05
 Reference value :  1.16903e-05
 Reference value :  1.17018e-05
 Reference value :  1.17188e-05
 Reference value :  1.17189e-05
 Reference value :  1.17243e-05
 Reference value :  1.17501e-05
 Reference value :  1.17505e-05
 Reference value :  1.17526e-05
 Reference value :  1.17813e-05
 Reference value :  1.17815e-05
 Reference value :  1.18125e-05
 Reference value :  1.18134e-05
 Reference value :  1.18151e-05
 Reference value :  1.18407e-05
 Reference value :  1.18439e-05
 Reference value :  1.18441e-05
 Reference value :  1.18751e-05
 Reference value :  1.18773e-05
 Reference value :  1.18800e-05
 Reference value :  1.19064e-05
 Reference value :  1.19072e-05
 Reference value :  1.19377e-05
 Reference value :  1.19575e-05
 Reference value :  1.19689e-05
 Reference value :  1.19692e-05
 Reference value :  1.19730e-05
 Reference value :  1.20004e-05
 Reference value :  1.20025e-05
 Reference value :  1.20031e-05
 Reference value :  1.20314e-05
 Reference value :  1.20319e-05
 Reference value :  1.20626e-05
 Reference value :  1.20636e-05
 Reference value :  1.20939e-05
 Reference value :  1.20944e-05
 Reference value :  1.21251e-05
 Reference value :  1.21254e-05
 Reference value :  1.21275e-05
 Reference value :  1.21452e-05
 Reference value :  1.21563e-05
 Reference value :  1.21564e-05
 Reference value :  1.21569e-05
 Reference value :  1.21573e-05
 Reference value :  1.21875e-05
 Reference value :  1.21876e-05
 Reference value :  1.21876e-05
 Reference value :  1.21879e-05
 Reference value :  1.21898e-05
 Reference value :  1.21904e-05
 Reference value :  1.22188e-05
 Reference value :  1.22190e-05
 Reference value :  1.22290e-05
 Reference value :  1.22504e-05
 Reference value :  1.22529e-05
 Reference value :  1.22813e-05
 Reference value :  1.22815e-05
 Reference value :  1.22819e-05
 Reference value :  1.23068e-05
 Reference value :  1.23126e-05
 Reference value :  1.23130e-05
 Reference value :  1.23151e-05
 Reference value :  1.23438e-05
 Reference value :  1.23439e-05
 Reference value :  1.23442e-05
 Reference value :  1.23542e-05
 Reference value :  1.23752e-05
 Reference value :  1.23774e-05
 Reference value :  1.23802e-05
 Reference value :  1.24064e-05
 Reference value :  1.24068e-05
 Reference value :  1.24376e-05
 Reference value :  1.24377e-05
 Reference value :  1.24399e-05
 Reference value :  1.24411e-05
 Reference value :  1.24688e-05
 Reference value :  1.24690e-05
 Reference value :  1.24836e-05
 Reference value :  1.25000e-05
 Reference value :  1.25001e-05
 Reference value :  1.25023e-05
 Reference value :  1.25047e-05
 Reference value :  1.25313e-05
 Reference value :  1.25314e-05
 Reference value :  1.25314e-05
 Reference value :  1.25315e-05
 Reference value :  1.25318e-05
 Reference value :  1.25625e-05
 Reference value :  1.25626e-05
 Reference value :  1.25626e-05
 Reference value :  1.25626e-05
 Reference value :  1.25628e-05
 Reference value :  1.25648e-05
 Reference value :  1.25655e-05
 Reference value :  1.25939e-05
 Reference value :  1.26136e-05
 Reference value :  1.26251e-05
 Reference value :  1.26251e-05
 Reference value :  1.26253e-05
 Reference value :  1.26258e-05
 Reference value :  1.26273e-05
 Reference value :  1.26274e-05
 Reference value :  1.26446e-05
 Reference value :  1.26565e-05
 Reference value :  1.26875e-05
 Reference value :  1.26877e-05
 Reference value :  1.26880e-05
 Reference value :  1.26898e-05
 Reference value :  1.26910e-05
 Reference value :  1.27189e-05
 Reference value :  1.27414e-05
 Reference value :  1.27505e-05
 Reference value :  1.27525e-05
 Reference value :  1.27532e-05
 Reference value :  1.27813e-05
 Reference value :  1.27814e-05
 Reference value :  1.27816e-05
 Reference value :  1.27823e-05
 Reference value :  1.28127e-05
 Reference value :  1.28150e-05
 Reference value :  1.28438e-05
 Reference value :  1.28442e-05
 Reference value :  1.28454e-05
 Reference value :  1.28750e-05
 Reference value :  1.28752e-05
 Reference value :  1.28761e-05
 Reference value :  1.28774e-05
 Reference value :  1.28776e-05
 Reference value :  1.29050e-05
 Reference value :  1.29063e-05
 Reference value :  1.29063e-05
 Reference value :  1.29064e-05
 Reference value :  1.29065e-05
 Reference value :  1.29066e-05
 Reference value :  1.29076e-05
 Reference value :  1.29231e-05
 Reference value :  1.29376e-05
 Reference value :  1.29378e-05
 Reference value :  1.29379e-05
 Reference value :  1.29380e-05
 Reference value :  1.29387e-05
 Reference value :  1.29688e-05
 Reference value :  1.29689e-05
 Reference value :  1.29691e-05
 Reference value :  1.30001e-05
 Reference value :  1.30005e-05
 Reference value :  1.30023e-05
 Reference value :  1.30024e-05
 Reference value :  1.30026e-05
 Reference value :  1.30029e-05
 Reference value :  1.30232e-05
 Reference value :  1.30314e-05
 Reference value :  1.30317e-05
 Reference value :  1.30318e-05
 Reference value :  1.30318e-05
 Reference value :  1.30345e-05
 Reference value :  1.30626e-05
 Reference value :  1.30631e-05
 Reference value :  1.30938e-05
 Reference value :  1.30939e-05
 Reference value :  1.30944e-05
 Reference value :  1.31250e-05
 Reference value :  1.31252e-05
 Reference value :  1.31252e-05
 Reference value :  1.31252e-05
 Reference value :  1.31252e-05
 Reference value :  1.31253e-05
 Reference value :  1.31254e-05
 Reference value :  1.31255e-05
 Reference value :  1.31255e-05
 Reference value :  1.31256e-05
 Reference value :  1.31258e-05
 Reference value :  1.31262e-05
 Reference value :  1.31563e-05
 Reference value :  1.31564e-05
 Reference value :  1.31567e-05
 Reference value :  1.31567e-05
 Reference value :  1.31569e-05
 Reference value :  1.31784e-05
 Reference value :  1.31877e-05
 Reference value :  1.31877e-05
 Reference value :  1.31882e-05
 Reference value :  1.31899e-05
 Reference value :  1.31900e-05
 Reference value :  1.31901e-05
 Reference value :  1.31954e-05
 Reference value :  1.32187e-05
 Reference value :  1.32188e-05
 Reference value :  1.32190e-05
 Reference value :  1.32195e-05
 Reference value :  1.32196e-05
 Reference value :  1.32502e-05
 Reference value :  1.32527e-05
 Reference value :  1.32535e-05
 Reference value :  1.32813e-05
 Reference value :  1.32817e-05
 Reference value :  1.32937e-05
 Reference value :  1.33077e-05
 Reference value :  1.33126e-05
 Reference value :  1.33141e-05
 Reference value :  1.33155e-05
 Reference value :  1.33438e-05
 Reference value :  1.33442e-05
 Reference value :  1.33451e-05
 Reference value :  1.33476e-05
 Reference value :  1.33536e-05
 Reference value :  1.33616e-05
 Reference value :  1.33676e-05
 Reference value :  1.33750e-05
 Reference value :  1.33751e-05
 Reference value :  1.33751e-05
 Reference value :  1.33752e-05
 Reference value :  1.33752e-05
 Reference value :  1.33756e-05
 Reference value :  1.33776e-05
 Reference value :  1.34050e-05
 Reference value :  1.34063e-05
 Reference value :  1.34066e-05
 Reference value :  1.34141e-05
 Reference value :  1.34376e-05
 Reference value :  1.34398e-05
 Reference value :  1.34409e-05
 Reference value :  1.34688e-05
 Reference value :  1.34688e-05
 Reference value :  1.34690e-05
 Reference value :  1.34907e-05
 Reference value :  1.35005e-05
 Reference value :  1.35025e-05
 Reference value :  1.35056e-05
 Reference value :  1.35313e-05
 Reference value :  1.35313e-05
 Reference value :  1.35321e-05
 Reference value :  1.35627e-05
 Reference value :  1.35649e-05
 Reference value :  1.35649e-05
 Reference value :  1.35650e-05
 Reference value :  1.35759e-05
 Reference value :  1.35939e-05
 Reference value :  1.36132e-05
 Reference value :  1.36252e-05
 Reference value :  1.36254e-05
 Reference value :  1.36255e-05
 Reference value :  1.36275e-05
 Reference value :  1.36562e-05
 Reference value :  1.36565e-05
 Reference value :  1.36876e-05
 Reference value :  1.36887e-05
 Reference value :  1.36907e-05
 Reference value :  1.37188e-05
 Reference value :  1.37190e-05
 Reference value :  1.37263e-05
 Reference value :  1.37502e-05
 Reference value :  1.37523e-05
 Reference value :  1.37526e-05
 Reference value :  1.37813e-05
 Reference value :  1.37817e-05
 Reference value :  1.38127e-05
 Reference value :  1.38132e-05
 Reference value :  1.38151e-05
 Reference value :  1.38438e-05
 Reference value :  1.38439e-05
 Reference value :  1.38443e-05
 Reference value :  1.38446e-05
 Reference value :  1.38608e-05
 Reference value :  1.38752e-05
 Reference value :  1.38773e-05
 Reference value :  1.38775e-05
 Reference value :  1.38782e-05
 Reference value :  1.39063e-05
 Reference value :  1.39064e-05
 Reference value :  1.39071e-05
 Reference value :  1.39376e-05
 Reference value :  1.39381e-05
 Reference value :  1.39402e-05
 Reference value :  1.39688e-05
 Reference value :  1.39692e-05
 Reference value :  1.40001e-05
 Reference value :  1.40023e-05
 Reference value :  1.40027e-05
 Reference value :  1.40059e-05
 Reference value :  1.40315e-05
 Reference value :  1.40322e-05
 Reference value :  1.40627e-05
 Reference value :  1.40779e-05
 Reference value :  1.40938e-05
 Reference value :  1.40940e-05
 Reference value :  1.40943e-05
 Reference value :  1.41133e-05
 Reference value :  1.41252e-05
 Reference value :  1.41256e-05
 Reference value :  1.41532e-05
 Reference value :  1.41563e-05
 Reference value :  1.41567e-05
 Reference value :  1.41573e-05
 Reference value :  1.41875e-05
 Reference value :  1.41878e-05
 Reference value :  1.41899e-05
 Reference value :  1.41934e-05
 Reference value :  1.42189e-05
 Reference value :  1.42193e-05
 Reference value :  1.42470e-05
 Reference value :  1.42502e-05
 Reference value :  1.42527e-05
 Reference value :  1.42529e-05
 Reference value :  1.42812e-05
 Reference value :  1.42814e-05
 Reference value :  1.42817e-05
 Reference value :  1.43126e-05
 Reference value :  1.43133e-05
 Reference value :  1.43152e-05
 Reference value :  1.43438e-05
 Reference value :  1.43443e-05
 Reference value :  1.43751e-05
 Reference value :  1.43765e-05
 Reference value :  1.43781e-05
 Reference value :  1.44063e-05
 Reference value :  1.44067e-05
 Reference value :  1.44376e-05
 Reference value :  1.44398e-05
 Reference value :  1.44405e-05
 Reference value :  1.44688e-05
 Reference value :  1.44701e-05
 Reference value :  1.45003e-05
 Reference value :  1.45025e-05
 Reference value :  1.45200e-05
 Reference value :  1.45315e-05
 Reference value :  1.45543e-05
 Reference value :  1.45629e-05
 Reference value :  1.45651e-05
 Reference value :  1.45938e-05
 Reference value :  1.45945e-05
 Reference value :  1.46252e-05
 Reference value :  1.46274e-05
 Reference value :  1.46276e-05
 Reference value :  1.46286e-05
 Reference value :  1.46563e-05
 Reference value :  1.46564e-05
 Reference value :  1.46569e-05
 Reference value :  1.46875e-05
 Reference value :  1.46877e-05
 Reference value :  1.46891e-05
 Reference value :  1.46901e-05
 Reference value :  1.47173e-05
 Reference value :  1.47189e-05
 Reference value :  1.47194e-05
 Reference value :  1.47314e-05
 Reference value :  1.47502e-05
 Reference value :  1.47525e-05
 Reference value :  1.47813e-05
 Reference value :  1.47816e-05
 Reference value :  1.48126e-05
 Reference value :  1.48130e-05
 Reference value :  1.48148e-05
 Reference value :  1.48151e-05
 Reference value :  1.48438e-05
 Reference value :  1.48442e-05
 Reference value :  1.48518e-05
 Reference value :  1.48753e-05
 Reference value :  1.48773e-05
 Reference value :  1.48782e-05
 Reference value :  1.49063e-05
 Reference value :  1.49064e-05
 Reference value :  1.49067e-05
 Reference value :  1.49096e-05
 Reference value :  1.49375e-05
 Reference value :  1.49377e-05
 Reference value :  1.49381e-05
 Reference value :  1.49585e-05
 Reference value :  1.49689e-05
 Reference value :  1.49692e-05
 Reference value :  1.50000e-05
 Reference value :  1.50002e-05
 Reference value :  1.50023e-05
 Reference value :  1.50023e-05
 Reference value :  1.50025e-05
 Reference value :  1.50027e-05
 Reference value :  1.50030e-05
 Reference value :  1.50152e-05
 Reference value :  1.50313e-05
 Reference value :  1.50317e-05
 Reference value :  1.50320e-05
 Reference value :  1.50626e-05
 Reference value :  1.50627e-05
 Reference value :  1.50629e-05
 Reference value :  1.50721e-05
 Reference value :  1.50938e-05
 Reference value :  1.50945e-05
 Reference value :  1.51252e-05
 Reference value :  1.51562e-05
 Reference value :  1.51567e-05
 Reference value :  1.51574e-05
 Reference value :  1.51878e-05
 Reference value :  1.51900e-05
 Reference value :  1.52188e-05
 Reference value :  1.52194e-05
 Reference value :  1.52277e-05
 Reference value :  1.52501e-05
 Reference value :  1.52504e-05
 Reference value :  1.52527e-05
 Reference value :  1.52530e-05
 Reference value :  1.52546e-05
 Reference value :  1.52813e-05
 Reference value :  1.52814e-05
 Reference value :  1.52817e-05
 Reference value :  1.52906e-05
 Reference value :  1.53127e-05
 Reference value :  1.53130e-05
 Reference value :  1.53132e-05
 Reference value :  1.53148e-05
 Reference value :  1.53150e-05
 Reference value :  1.53176e-05
 Reference value :  1.53438e-05
 Reference value :  1.53440e-05
 Reference value :  1.53443e-05
 Reference value :  1.53444e-05
 Reference value :  1.53750e-05
 Reference value :  1.53751e-05
 Reference value :  1.53752e-05
 Reference value :  1.53773e-05
 Reference value :  1.53791e-05
 Reference value :  1.54063e-05
 Reference value :  1.54068e-05
 Reference value :  1.54376e-05
 Reference value :  1.54396e-05
 Reference value :  1.54405e-05
 Reference value :  1.54688e-05
 Reference value :  1.54760e-05
 Reference value :  1.55002e-05
 Reference value :  1.55008e-05
 Reference value :  1.55027e-05
 Reference value :  1.55313e-05
 Reference value :  1.55319e-05
 Reference value :  1.55627e-05
 Reference value :  1.55650e-05
 Reference value :  1.55938e-05
 Reference value :  1.55942e-05
 Reference value :  1.56252e-05
 Reference value :  1.56273e-05
 Reference value :  1.56371e-05
 Reference value :  1.56565e-05
 Reference value :  1.56876e-05
 Reference value :  1.56883e-05
 Reference value :  1.56901e-05
 Reference value :  1.57160e-05
 Reference value :  1.57189e-05
 Reference value :  1.57191e-05
 Reference value :  1.57501e-05
 Reference value :  1.57523e-05
 Reference value :  1.57579e-05
 Reference value :  1.57815e-05
 Reference value :  1.57818e-05
 Reference value :  1.58126e-05
 Reference value :  1.58148e-05
 Reference value :  1.58219e-05
 Reference value :  1.58439e-05
 Reference value :  1.58446e-05
 Reference value :  1.58751e-05
 Reference value :  1.58755e-05
 Reference value :  1.58775e-05
 Reference value :  1.58781e-05
 Reference value :  1.59063e-05
 Reference value :  1.59065e-05
 Reference value :  1.59256e-05
 Reference value :  1.59377e-05
 Reference value :  1.59383e-05
 Reference value :  1.59495e-05
 Reference value :  1.59688e-05
 Reference value :  1.59691e-05
 Reference value :  1.59900e-05
 Reference value :  1.60001e-05
 Reference value :  1.60004e-05
 Reference value :  1.60024e-05
 Reference value :  1.60025e-05
 Reference value :  1.60029e-05
 Reference value :  1.60032e-05
 Reference value :  1.60313e-05
 Reference value :  1.60314e-05
 Reference value :  1.60314e-05
 Reference value :  1.60314e-05
 Reference value :  1.60314e-05
 Reference value :  1.60317e-05
 Reference value :  1.60320e-05
 Reference value :  1.60332e-05
 Reference value :  1.60379e-05
 Reference value :  1.60439e-05
 Reference value :  1.60519e-05
 Reference value :  1.60627e-05
 Reference value :  1.60630e-05
 Reference value :  1.60781e-05
 Reference value :  1.60938e-05
 Reference value :  1.60939e-05
 Reference value :  1.60940e-05
 Reference value :  1.60941e-05
 Reference value :  1.60946e-05
 Reference value :  1.61093e-05
 Reference value :  1.61251e-05
 Reference value :  1.61252e-05
 Reference value :  1.61255e-05
 Reference value :  1.61262e-05
 Reference value :  1.61563e-05
 Reference value :  1.61564e-05
 Reference value :  1.61567e-05
 Reference value :  1.61844e-05
 Reference value :  1.61879e-05
 Reference value :  1.61901e-05
 Reference value :  1.62188e-05
 Reference value :  1.62193e-05
 Reference value :  1.62501e-05
 Reference value :  1.62509e-05
 Reference value :  1.62530e-05
 Reference value :  1.62813e-05
 Reference value :  1.62817e-05
 Reference value :  1.63126e-05
 Reference value :  1.63136e-05
 Reference value :  1.63150e-05
 Reference value :  1.63155e-05
 Reference value :  1.63361e-05
 Reference value :  1.63439e-05
 Reference value :  1.63441e-05
 Reference value :  1.63509e-05
 Reference value :  1.63751e-05
 Reference value :  1.63754e-05
 Reference value :  1.63773e-05
 Reference value :  1.63776e-05
 Reference value :  1.63800e-05
 Reference value :  1.64063e-05
 Reference value :  1.64067e-05
 Reference value :  1.64069e-05
 Reference value :  1.64375e-05
 Reference value :  1.64377e-05
 Reference value :  1.64379e-05
 Reference value :  1.64380e-05
 Reference value :  1.64392e-05
 Reference value :  1.64399e-05
 Reference value :  1.64402e-05
 Reference value :  1.64452e-05
 Reference value :  1.64688e-05
 Reference value :  1.64691e-05
 Reference value :  1.64696e-05
 Reference value :  1.65001e-05
 Reference value :  1.65023e-05
 Reference value :  1.65033e-05
 Reference value :  1.65313e-05
 Reference value :  1.65314e-05
 Reference value :  1.65442e-05
 Reference value :  1.65629e-05
 Reference value :  1.65650e-05
 Reference value :  1.65652e-05
 Reference value :  1.65677e-05
 Reference value :  1.65938e-05
 Reference value :  1.65941e-05
 Reference value :  1.66196e-05
 Reference value :  1.66252e-05
 Reference value :  1.66258e-05
 Reference value :  1.66274e-05
 Reference value :  1.66276e-05
 Reference value :  1.66283e-05
 Reference value :  1.66421e-05
 Reference value :  1.66564e-05
 Reference value :  1.66659e-05
 Reference value :  1.66879e-05
 Reference value :  1.66901e-05
 Reference value :  1.67188e-05
 Reference value :  1.67193e-05
 Reference value :  1.67501e-05
 Reference value :  1.67510e-05
 Reference value :  1.67530e-05
 Reference value :  1.67813e-05
 Reference value :  1.67818e-05
 Reference value :  1.68127e-05
 Reference value :  1.68149e-05
 Reference value :  1.68377e-05
 Reference value :  1.68440e-05
 Reference value :  1.68750e-05
 Reference value :  1.68760e-05
 Reference value :  1.68778e-05
 Reference value :  1.69063e-05
 Reference value :  1.69067e-05
 Reference value :  1.69376e-05
 Reference value :  1.69386e-05
 Reference value :  1.69688e-05
 Reference value :  1.69690e-05
 Reference value :  1.70001e-05
 Reference value :  1.70021e-05
 Reference value :  1.70027e-05
 Reference value :  1.70072e-05
 Reference value :  1.70313e-05
 Reference value :  1.70318e-05
 Reference value :  1.70626e-05
 Reference value :  1.70634e-05
 Reference value :  1.70939e-05
 Reference value :  1.71016e-05
 Reference value :  1.71254e-05
 Reference value :  1.71563e-05
 Reference value :  1.71570e-05
 Reference value :  1.71876e-05
 Reference value :  1.71898e-05
 Reference value :  1.72134e-05
 Reference value :  1.72191e-05
 Reference value :  1.72501e-05
 Reference value :  1.72517e-05
 Reference value :  1.72530e-05
 Reference value :  1.72813e-05
 Reference value :  1.72817e-05
 Reference value :  1.72834e-05
 Reference value :  1.73125e-05
 Reference value :  1.73127e-05
 Reference value :  1.73132e-05
 Reference value :  1.73149e-05
 Reference value :  1.73152e-05
 Reference value :  1.73175e-05
 Reference value :  1.73305e-05
 Reference value :  1.73438e-05
 Reference value :  1.73439e-05
 Reference value :  1.73440e-05
 Reference value :  1.73455e-05
 Reference value :  1.73525e-05
 Reference value :  1.73750e-05
 Reference value :  1.73752e-05
 Reference value :  1.73756e-05
 Reference value :  1.73775e-05
 Reference value :  1.74063e-05
 Reference value :  1.74066e-05
 Reference value :  1.74084e-05
 Reference value :  1.74378e-05
 Reference value :  1.74400e-05
 Reference value :  1.74450e-05
 Reference value :  1.74689e-05
 Reference value :  1.74751e-05
 Reference value :  1.75003e-05
 Reference value :  1.75023e-05
 Reference value :  1.75026e-05
 Reference value :  1.75265e-05
 Reference value :  1.75315e-05
 Reference value :  1.75626e-05
 Reference value :  1.75648e-05
 Reference value :  1.75659e-05
 Reference value :  1.75939e-05
 Reference value :  1.76250e-05
 Reference value :  1.76258e-05
 Reference value :  1.76276e-05
 Reference value :  1.76325e-05
 Reference value :  1.76385e-05
 Reference value :  1.76445e-05
 Reference value :  1.76563e-05
 Reference value :  1.76565e-05
 Reference value :  1.76638e-05
 Reference value :  1.76875e-05
 Reference value :  1.76875e-05
 Reference value :  1.76876e-05
 Reference value :  1.76877e-05
 Reference value :  1.76898e-05
 Reference value :  1.76901e-05
 Reference value :  1.77188e-05
 Reference value :  1.77195e-05
 Reference value :  1.77502e-05
 Reference value :  1.77524e-05
 Reference value :  1.77611e-05
 Reference value :  1.77813e-05
 Reference value :  1.77814e-05
 Reference value :  1.77849e-05
 Reference value :  1.78129e-05
 Reference value :  1.78150e-05
 Reference value :  1.78438e-05
 Reference value :  1.78440e-05
 Reference value :  1.78750e-05
 Reference value :  1.78756e-05
 Reference value :  1.78775e-05
 Reference value :  1.78776e-05
 Reference value :  1.78790e-05
 Reference value :  1.79063e-05
 Reference value :  1.79064e-05
 Reference value :  1.79067e-05
 Reference value :  1.79276e-05
 Reference value :  1.79377e-05
 Reference value :  1.79382e-05
 Reference value :  1.79688e-05
 Reference value :  1.79689e-05
 Reference value :  1.79694e-05
 Reference value :  1.80001e-05
 Reference value :  1.80005e-05
 Reference value :  1.80024e-05
 Reference value :  1.80027e-05
 Reference value :  1.80029e-05
 Reference value :  1.80313e-05
 Reference value :  1.80317e-05
 Reference value :  1.80625e-05
 Reference value :  1.80629e-05
 Reference value :  1.80634e-05
 Reference value :  1.80779e-05
 Reference value :  1.80919e-05
 Reference value :  1.80938e-05
 Reference value :  1.80939e-05
 Reference value :  1.80939e-05
 Reference value :  1.80939e-05
 Reference value :  1.80939e-05
 Reference value :  1.80941e-05
 Reference value :  1.80942e-05
 Reference value :  1.81076e-05
 Reference value :  1.81252e-05
 Reference value :  1.81412e-05
 Reference value :  1.81566e-05
 Reference value :  1.81875e-05
 Reference value :  1.81884e-05
 Reference value :  1.81900e-05
 Reference value :  1.82188e-05
 Reference value :  1.82196e-05
 Reference value :  1.82502e-05
 Reference value :  1.82528e-05
 Reference value :  1.82583e-05
 Reference value :  1.82815e-05
 Reference value :  1.82906e-05
 Reference value :  1.83129e-05
 Reference value :  1.83150e-05
 Reference value :  1.83438e-05
 Reference value :  1.83442e-05
 Reference value :  1.83752e-05
 Reference value :  1.83773e-05
 Reference value :  1.83869e-05
 Reference value :  1.84065e-05
 Reference value :  1.84376e-05
 Reference value :  1.84398e-05
 Reference value :  1.84407e-05
 Reference value :  1.84688e-05
 Reference value :  1.84690e-05
 Reference value :  1.85001e-05
 Reference value :  1.85004e-05
 Reference value :  1.85023e-05
 Reference value :  1.85035e-05
 Reference value :  1.85314e-05
 Reference value :  1.85500e-05
 Reference value :  1.85631e-05
 Reference value :  1.85652e-05
 Reference value :  1.85939e-05
 Reference value :  1.86068e-05
 Reference value :  1.86254e-05
 Reference value :  1.86275e-05
 Reference value :  1.86563e-05
 Reference value :  1.86565e-05
 Reference value :  1.86604e-05
 Reference value :  1.86875e-05
 Reference value :  1.86878e-05
 Reference value :  1.86898e-05
 Reference value :  1.86901e-05
 Reference value :  1.87155e-05
 Reference value :  1.87189e-05
 Reference value :  1.87192e-05
 Reference value :  1.87500e-05
 Reference value :  1.87501e-05
 Reference value :  1.87503e-05
 Reference value :  1.87525e-05
 Reference value :  1.87813e-05
 Reference value :  1.87816e-05
 Reference value :  1.87876e-05
 Reference value :  1.88128e-05
 Reference value :  1.88149e-05
 Reference value :  1.88438e-05
 Reference value :  1.88440e-05
 Reference value :  1.88443e-05
 Reference value :  1.88750e-05
 Reference value :  1.88752e-05
 Reference value :  1.88755e-05
 Reference value :  1.88773e-05
 Reference value :  1.88776e-05
 Reference value :  1.88924e-05
 Reference value :  1.89063e-05
 Reference value :  1.89068e-05
 Reference value :  1.89376e-05
 Reference value :  1.89378e-05
 Reference value :  1.89403e-05
 Reference value :  1.89588e-05
 Reference value :  1.89688e-05
 Reference value :  1.89688e-05
 Reference value :  1.89688e-05
 Reference value :  1.89688e-05
 Reference value :  1.89688e-05
 Reference value :  1.89688e-05
 Reference value :  1.89689e-05
 Reference value :  1.89689e-05
 Reference value :  1.89689e-05
 Reference value :  1.89689e-05
 Reference value :  1.89690e-05
 Reference value :  1.89690e-05
 Reference value :  1.89690e-05
 Reference value :  1.89691e-05
 Reference value :  1.89692e-05
 Reference value :  1.89693e-05
 Reference value :  1.89695e-05
 Reference value :  1.89699e-05
 Reference value :  1.89711e-05
 Reference value :  1.89767e-05
 Reference value :  1.89807e-05
 Reference value :  1.89867e-05
 Reference value :  1.89902e-05
 Reference value :  1.89930e-05
 Reference value :  1.89985e-05
 Reference value :  1.90000e-05
 Reference value :  1.90001e-05
 Reference value :  1.90001e-05
 Reference value :  1.90001e-05
 Reference value :  1.90001e-05
 Reference value :  1.90002e-05
 Reference value :  1.90002e-05
 Reference value :  1.90004e-05
 Reference value :  1.90023e-05
 Reference value :  1.90026e-05
 Reference value :  1.90028e-05
 Reference value :  1.90035e-05
 Reference value :  1.90313e-05
 Reference value :  1.90314e-05
 Reference value :  1.90317e-05
 Reference value :  1.90320e-05
 Reference value :  1.90321e-05
 Reference value :  1.90323e-05
 Reference value :  1.90327e-05
 Reference value :  1.90352e-05
 Reference value :  1.90412e-05
 Reference value :  1.90492e-05
 Reference value :  1.90572e-05
 Reference value :  1.90625e-05
 Reference value :  1.90626e-05
 Reference value :  1.90626e-05
 Reference value :  1.90626e-05
 Reference value :  1.90626e-05
 Reference value :  1.90627e-05
 Reference value :  1.90627e-05
 Reference value :  1.90627e-05
 Reference value :  1.90628e-05
 Reference value :  1.90629e-05
 Reference value :  1.90629e-05
 Reference value :  1.90630e-05
 Reference value :  1.90630e-05
 Reference value :  1.90631e-05
 Reference value :  1.90631e-05
 Reference value :  1.90633e-05
 Reference value :  1.90640e-05
 Reference value :  1.90681e-05
 Reference value :  1.90761e-05
 Reference value :  1.90861e-05
 Reference value :  1.90937e-05
 Reference value :  1.90938e-05
 Reference value :  1.90938e-05
 Reference value :  1.90938e-05
 Reference value :  1.90938e-05
 Reference value :  1.90938e-05
 Reference value :  1.90939e-05
 Reference value :  1.90939e-05
 Reference value :  1.90939e-05
 Reference value :  1.90939e-05
 Reference value :  1.90940e-05
 Reference value :  1.90940e-05
 Reference value :  1.90941e-05
 Reference value :  1.90942e-05
 Reference value :  1.90942e-05
 Reference value :  1.90943e-05
 Reference value :  1.90943e-05
 Reference value :  1.90944e-05
 Reference value :  1.90945e-05
 Reference value :  1.90946e-05
 Reference value :  1.90948e-05
 Reference value :  1.90958e-05
 Reference value :  1.91009e-05
 Reference value :  1.91089e-05
 Reference value :  1.91189e-05
 Reference value :  1.91250e-05
 Reference value :  1.91250e-05
 Reference value :  1.91251e-05
 Reference value :  1.91251e-05
 Reference value :  1.91251e-05
 Reference value :  1.91252e-05
 Reference value :  1.91252e-05
 Reference value :  1.91252e-05
 Reference value :  1.91252e-05
 Reference value :  1.91253e-05
 Reference value :  1.91254e-05
 Reference value :  1.91254e-05
 Reference value :  1.91255e-05
 Reference value :  1.91256e-05
 Reference value :  1.91258e-05
 Reference value :  1.91262e-05
 Reference value :  1.91292e-05
 Reference value :  1.91352e-05
 Reference value :  1.91432e-05
 Reference value :  1.91512e-05
 Reference value :  1.91563e-05
 Reference value :  1.91563e-05
 Reference value :  1.91563e-05
 Reference value :  1.91563e-05
 Reference value :  1.91563e-05
 Reference value :  1.91564e-05
 Reference value :  1.91564e-05
 Reference value :  1.91564e-05
 Reference value :  1.91564e-05
 Reference value :  1.91565e-05
 Reference value :  1.91565e-05
 Reference value :  1.91567e-05
 Reference value :  1.91567e-05
 Reference value :  1.91568e-05
 Reference value :  1.91568e-05
 Reference value :  1.91568e-05
 Reference value :  1.91569e-05
 Reference value :  1.91570e-05
 Reference value :  1.91571e-05
 Reference value :  1.91572e-05
 Reference value :  1.91573e-05
 Reference value :  1.91578e-05
 Reference value :  1.91605e-05
 Reference value :  1.91665e-05
 Reference value :  1.91745e-05
 Reference value :  1.91825e-05
 Reference value :  1.91875e-05
 Reference value :  1.91876e-05
 Reference value :  1.91876e-05
 Reference value :  1.91876e-05
 Reference value :  1.91876e-05
 Reference value :  1.91877e-05
 Reference value :  1.91877e-05
 Reference value :  1.91877e-05
 Reference value :  1.91878e-05
 Reference value :  1.91879e-05
 Reference value :  1.91879e-05
 Reference value :  1.91880e-05
 Reference value :  1.91881e-05
 Reference value :  1.91883e-05
 Reference value :  1.91887e-05
 Reference value :  1.91898e-05
 Reference value :  1.91898e-05
 Reference value :  1.91899e-05
 Reference value :  1.91900e-05
 Reference value :  1.91900e-05
 Reference value :  1.91900e-05
 Reference value :  1.91901e-05
 Reference value :  1.91901e-05
 Reference value :  1.91902e-05
 Reference value :  1.91904e-05
 Reference value :  1.91934e-05
 Reference value :  1.91994e-05
 Reference value :  1.92074e-05
 Reference value :  1.92171e-05
 Reference value :  1.92188e-05
 Reference value :  1.92188e-05
 Reference value :  1.92188e-05
 Reference value :  1.92188e-05
 Reference value :  1.92188e-05
 Reference value :  1.92188e-05
 Reference value :  1.92188e-05
 Reference value :  1.92189e-05
 Reference value :  1.92189e-05
 Reference value :  1.92189e-05
 Reference value :  1.92190e-05
 Reference value :  1.92190e-05
 Reference value :  1.92192e-05
 Reference value :  1.92194e-05
 Reference value :  1.92194e-05
 Reference value :  1.92194e-05
 Reference value :  1.92195e-05
 Reference value :  1.92196e-05
 Reference value :  1.92196e-05
 Reference value :  1.92197e-05
 Reference value :  1.92197e-05
 Reference value :  1.92197e-05
 Reference value :  1.92197e-05
 Reference value :  1.92198e-05
 Reference value :  1.92198e-05
 Reference value :  1.92200e-05
 Reference value :  1.92202e-05
 Reference value :  1.92217e-05
 Reference value :  1.92272e-05
 Reference value :  1.92332e-05
 Reference value :  1.92412e-05
 Reference value :  1.92486e-05
 Reference value :  1.92500e-05
 Reference value :  1.92501e-05
 Reference value :  1.92501e-05
 Reference value :  1.92501e-05
 Reference value :  1.92501e-05
 Reference value :  1.92502e-05
 Reference value :  1.92502e-05
 Reference value :  1.92502e-05
 Reference value :  1.92502e-05
 Reference value :  1.92503e-05
 Reference value :  1.92504e-05
 Reference value :  1.92504e-05
 Reference value :  1.92505e-05
 Reference value :  1.92505e-05
 Reference value :  1.92506e-05
 Reference value :  1.92506e-05
 Reference value :  1.92508e-05
 Reference value :  1.92515e-05
 Reference value :  1.92527e-05
 Reference value :  1.92527e-05
 Reference value :  1.92527e-05
 Reference value :  1.92528e-05
 Reference value :  1.92529e-05
 Reference value :  1.92529e-05
 Reference value :  1.92529e-05
 Reference value :  1.92529e-05
 Reference value :  1.92530e-05
 Reference value :  1.92530e-05
 Reference value :  1.92530e-05
 Reference value :  1.92530e-05
 Reference value :  1.92531e-05
 Reference value :  1.92532e-05
 Reference value :  1.92534e-05
 Reference value :  1.92538e-05
 Reference value :  1.92542e-05
 Reference value :  1.92550e-05
 Reference value :  1.92557e-05
 Reference value :  1.92576e-05
 Reference value :  1.92619e-05
 Reference value :  1.92679e-05
 Reference value :  1.92739e-05
 Reference value :  1.92796e-05
 Reference value :  1.92813e-05
 Reference value :  1.92813e-05
 Reference value :  1.92813e-05
 Reference value :  1.92813e-05
 Reference value :  1.92813e-05
 Reference value :  1.92813e-05
 Reference value :  1.92813e-05
 Reference value :  1.92814e-05
 Reference value :  1.92814e-05
 Reference value :  1.92814e-05
 Reference value :  1.92814e-05
 Reference value :  1.92814e-05
 Reference value :  1.92815e-05
 Reference value :  1.92815e-05
 Reference value :  1.92815e-05
 Reference value :  1.92816e-05
 Reference value :  1.92817e-05
 Reference value :  1.92817e-05
 Reference value :  1.92818e-05
 Reference value :  1.92820e-05
 Reference value :  1.92823e-05
 Reference value :  1.92846e-05
 Reference value :  1.92886e-05
 Reference value :  1.92946e-05
 Reference value :  1.93006e-05
 Reference value :  1.93066e-05
 Reference value :  1.93125e-05
 Reference value :  1.93125e-05
 Reference value :  1.93126e-05
 Reference value :  1.93126e-05
 Reference value :  1.93126e-05
 Reference value :  1.93126e-05
 Reference value :  1.93127e-05
 Reference value :  1.93127e-05
 Reference value :  1.93127e-05
 Reference value :  1.93127e-05
 Reference value :  1.93128e-05
 Reference value :  1.93129e-05
 Reference value :  1.93129e-05
 Reference value :  1.93130e-05
 Reference value :  1.93131e-05
 Reference value :  1.93131e-05
 Reference value :  1.93132e-05
 Reference value :  1.93134e-05
 Reference value :  1.93141e-05
 Reference value :  1.93148e-05
 Reference value :  1.93148e-05
 Reference value :  1.93148e-05
 Reference value :  1.93149e-05
 Reference value :  1.93149e-05
 Reference value :  1.93150e-05
 Reference value :  1.93150e-05
 Reference value :  1.93150e-05
 Reference value :  1.93151e-05
 Reference value :  1.93151e-05
 Reference value :  1.93151e-05
 Reference value :  1.93152e-05
 Reference value :  1.93153e-05
 Reference value :  1.93159e-05
 Reference value :  1.93173e-05
 Reference value :  1.93197e-05
 Reference value :  1.93247e-05
 Reference value :  1.93307e-05
 Reference value :  1.93387e-05
 Reference value :  1.93438e-05
 Reference value :  1.93438e-05
 Reference value :  1.93439e-05
 Reference value :  1.93568e-05
 Reference value :  1.93688e-05
 Reference value :  1.93750e-05
 Reference value :  1.93750e-05
 Reference value :  1.93751e-05
 Reference value :  1.93751e-05
 Reference value :  1.93751e-05
 Reference value :  1.93752e-05
 Reference value :  1.93752e-05
 Reference value :  1.93752e-05
 Reference value :  1.93752e-05
 Reference value :  1.93754e-05
 Reference value :  1.93775e-05
 Reference value :  1.94063e-05
 Reference value :  1.94068e-05
 Reference value :  1.94377e-05
 Reference value :  1.94399e-05
 Reference value :  1.94458e-05
 Reference value :  1.94689e-05
 Reference value :  1.94775e-05
 Reference value :  1.95004e-05
 Reference value :  1.95025e-05
 Reference value :  1.95313e-05
 Reference value :  1.95316e-05
 Reference value :  1.95626e-05
 Reference value :  1.95648e-05
 Reference value :  1.95749e-05
 Reference value :  1.95939e-05
 Reference value :  1.96250e-05
 Reference value :  1.96255e-05
 Reference value :  1.96276e-05
 Reference value :  1.96563e-05
 Reference value :  1.96565e-05
 Reference value :  1.96876e-05
 Reference value :  1.96898e-05
 Reference value :  1.96956e-05
 Reference value :  1.97189e-05
 Reference value :  1.97500e-05
 Reference value :  1.97510e-05
 Reference value :  1.97530e-05
 Reference value :  1.97814e-05
 Reference value :  1.97818e-05
 Reference value :  1.98125e-05
 Reference value :  1.98128e-05
 Reference value :  1.98150e-05
 Reference value :  1.98438e-05
 Reference value :  1.98442e-05
 Reference value :  1.98643e-05
 Reference value :  1.98752e-05
 Reference value :  1.98773e-05
 Reference value :  1.98775e-05
 Reference value :  1.98854e-05
 Reference value :  1.99064e-05
 Reference value :  1.99074e-05
 Reference value :  1.99307e-05
 Reference value :  1.99376e-05
 Reference value :  1.99378e-05
 Reference value :  1.99383e-05
 Reference value :  1.99485e-05
 Reference value :  1.99688e-05
 Reference value :  1.99690e-05
 Reference value :  1.99693e-05
No. of Data Rows : 49980
e1                  =  1.01472e+00
x1                  =  7.05630e+00 at=  2.28140e-06
cd1                 =  2.00000e+00
e2                  =  9.77203e-01
x2                  =  7.03733e+00 at=  3.28140e-06
cd2                 =  3.00000e+00
e128                =  6.70629e-01
x128                =  4.92529e+00 at=  4.28141e-06
cd128               =  1.28000e+02
e129                =  7.66836e-01
x129                =  4.97457e+00 at=  5.28141e-06
cd129               =  1.30000e+02
e255                =  4.29178e-01
x255                =  2.92919e+00 at=  6.28144e-06
cd255               =  2.55000e+02
e256                =  4.86353e-01
x256                =  2.97922e+00 at=  7.28142e-06
cd256               =  2.56000e+02
e257                =  4.87284e-01
x257                =  2.96725e+00 at=  8.28142e-06
cd257               =  2.57000e+02
e384                =  1.74761e-01
x384                =  1.61073e+00 at=  9.28142e-06
cd384               =  3.84000e+02
e511                =  -5.60684e-02
x511                =  2.59880e+00 at=  1.03439e-05
cd511               =  5.11000e+02
e512                =  -5.26730e-03
x512                =  2.47944e+00 at=  1.13439e-05
cd512               =  5.12000e+02
e513                =  2.27941e-03
x513                =  2.47772e+00 at=  1.23439e-05
cd513               =  5.13000e+02
e640                =  -3.15127e-01
x640                =  1.73368e+00 at=  1.32814e-05
cd640               =  6.39000e+02
e767                =  -5.50949e-01
x767                =  3.06990e+00 at=  1.42814e-05
cd767               =  7.66000e+02
e768                =  -5.04725e-01
x768                =  3.01484e+00 at=  1.52814e-05
cd768               =  7.67000e+02
e769                =  -4.97116e-01
x769                =  3.02487e+00 at=  1.62814e-05
cd769               =  7.68000e+02
e896                =  -8.05309e-01
x896                =  4.47516e+00 at=  1.72814e-05
cd896               =  8.95000e+02
e1022               =  -1.04305e+00
x1022               =  5.94057e+00 at=  1.82814e-05
cd1022              =  1.02100e+03
e1023               =  -9.77571e-01
x1023               =  5.88883e+00 at=  1.92814e-05
cd1023              =  1.02200e+03
vrefhi              =  3.63014e+00 at=  1.53149e-05
vreflo              =  3.62984e+00 at=  1.25677e-05
m_terr_t1_lsb = 1.0147230000e+00
m_decerr_t1_lsb = 7.0563000000e+00
m_code_t1 = 2.0000000000e+00
m_terr_t2_lsb = 9.7720350000e-01
m_decerr_t2_lsb = 7.0373310000e+00
m_code_t2 = 3.0000000000e+00
m_terr_t128_lsb = 6.7062860000e-01
m_decerr_t128_lsb = 4.9252910000e+00
m_code_t128 = 1.2800000000e+02
m_terr_t129_lsb = 7.6683610000e-01
m_decerr_t129_lsb = 4.9745730000e+00
m_code_t129 = 1.3000000000e+02
m_terr_t255_lsb = 4.2917770000e-01
m_decerr_t255_lsb = 2.9291900000e+00
m_code_t255 = 2.5500000000e+02
m_terr_t256_lsb = 4.8635250000e-01
m_decerr_t256_lsb = 2.9792150000e+00
m_code_t256 = 2.5600000000e+02
m_terr_t257_lsb = 4.8728380000e-01
m_decerr_t257_lsb = 2.9672500000e+00
m_code_t257 = 2.5700000000e+02
m_terr_t384_lsb = 1.7476130000e-01
m_decerr_t384_lsb = 1.6107340000e+00
m_code_t384 = 3.8400000000e+02
m_terr_t511_lsb = -5.606843000e-02
m_decerr_t511_lsb = 2.5987960000e+00
m_code_t511 = 5.1100000000e+02
m_terr_t512_lsb = -5.267304000e-03
m_decerr_t512_lsb = 2.4794400000e+00
m_code_t512 = 5.1200000000e+02
m_terr_t513_lsb = 2.2794080000e-03
m_decerr_t513_lsb = 2.4777210000e+00
m_code_t513 = 5.1300000000e+02
m_terr_t640_lsb = -3.151268000e-01
m_decerr_t640_lsb = 1.7336800000e+00
m_code_t640 = 6.3900000000e+02
m_terr_t767_lsb = -5.509494000e-01
m_decerr_t767_lsb = 3.0698970000e+00
m_code_t767 = 7.6600000000e+02
m_terr_t768_lsb = -5.047251000e-01
m_decerr_t768_lsb = 3.0148430000e+00
m_code_t768 = 7.6700000000e+02
m_terr_t769_lsb = -4.971157000e-01
m_decerr_t769_lsb = 3.0248730000e+00
m_code_t769 = 7.6800000000e+02
m_terr_t896_lsb = -8.053093000e-01
m_decerr_t896_lsb = 4.4751560000e+00
m_code_t896 = 8.9500000000e+02
m_terr_t1022_lsb = -1.043047000e+00
m_decerr_t1022_lsb = 5.9405680000e+00
m_code_t1022 = 1.0210000000e+03
m_terr_t1023_lsb = -9.775707000e-01
m_decerr_t1023_lsb = 5.8888280000e+00
m_code_t1023 = 1.0220000000e+03
m_inl_t1_lsb = 0.0000000000e+00
m_inl_t2_lsb = -3.557009325e-02
m_inl_t128_lsb = -9.651974256e-02
m_inl_t129_lsb = 1.6371641879e-03
m_inl_t255_lsb = -9.039598513e-02
m_inl_t256_lsb = -3.127177838e-02
m_inl_t257_lsb = -2.839107162e-02
m_inl_t384_lsb = -9.333891419e-02
m_inl_t511_lsb = -7.659398675e-02
m_inl_t512_lsb = -2.384345400e-02
m_inl_t513_lsb = -1.434733525e-02
m_inl_t640_lsb = -8.417888581e-02
m_inl_t767_lsb = -7.242682838e-02
m_inl_t768_lsb = -2.425312162e-02
m_inl_t769_lsb = -1.469431487e-02
m_inl_t896_lsb = -7.531325744e-02
m_inl_t1022_lsb = -6.742570675e-02
m_inl_t1023_lsb = 1.1102230246e-16
m_dnl_t1_t2_lsb = -3.751950000e-02
m_dnl_t128_t129_lsb = 9.6207500000e-02
m_dnl_t255_t256_lsb = 5.7174800000e-02
m_dnl_t256_t257_lsb = 9.3130000000e-04
m_dnl_t511_t512_lsb = 5.0801126000e-02
m_dnl_t512_t513_lsb = 7.5467120000e-03
m_dnl_t767_t768_lsb = 4.6224300000e-02
m_dnl_t768_t769_lsb = 7.6094000000e-03
m_dnl_t1022_t1023_lsb = 6.5476300000e-02
m_gain_err_lsb = -1.994243107e+00
m_vref_droop_mv = 3.0100000000e-01
Note: Simulation executed from .control section 

Note: Starting dynamic gmin stepping
Note: Dynamic gmin stepping completed
