
Note: No compatibility mode selected!


Circuit: * adc-power @ ff_125c_2.97v -- generated by sim/harness, do not edit

Reducing trtol to 1 for xspice 'A' devices
Doing analysis at TEMP = 125.000000 and TNOM = 27.000000

Using SPARSE 1.3 as Direct Linear Solver

Initial Transient Solution
--------------------------

Node                                   Voltage
----                                   -------
clk                                          0
cmpclk                                       0
cmpclkb                                   2.97
vddt                                      2.97
vddd                                      2.97
vddc                                      2.97
vrefs                                     2.97
vrefn                                     2.97
vcmn                                     1.485
se_vinp                                      0
se_vinn                                  1.485
se_start                                     0
se_mode                                      0
se_cmp                                 1.21557
se_samp_tp_n                                 0
se_sel_in_n                                  0
se_drdy                                   2.97
se_c9                                        0
se_c8                                        0
se_c7                                        0
se_c6                                        0
se_c5                                        0
se_c4                                        0
se_c3                                        0
se_c2                                        0
se_c1                                        0
se_c0                                        0
se_rel_n_256p                             2.97
se_sel_hi_n_256p                             0
se_sel_lo_n_256p                             0
se_rel_n_128p                             2.97
se_sel_hi_n_128p                             0
se_sel_lo_n_128p                             0
se_rel_n_64p                              2.97
se_sel_hi_n_64p                              0
se_sel_lo_n_64p                              0
se_rel_n_32p                              2.97
se_sel_hi_n_32p                              0
se_sel_lo_n_32p                              0
se_rel_n_16p                              2.97
se_sel_hi_n_16p                              0
se_sel_lo_n_16p                              0
se_rel_n_8p                               2.97
se_sel_hi_n_8p                               0
se_sel_lo_n_8p                               0
se_rel_n_4p                               2.97
se_sel_hi_n_4p                               0
se_sel_lo_n_4p                               0
se_rel_n_2p                               2.97
se_sel_hi_n_2p                               0
se_sel_lo_n_2p                               0
se_rel_n_1p                               2.97
se_sel_hi_n_1p                               0
se_sel_lo_n_1p                               0
se_rel_n_256n                             2.97
se_sel_hi_n_256n                             0
se_sel_lo_n_256n                             0
se_rel_n_128n                             2.97
se_sel_hi_n_128n                             0
se_sel_lo_n_128n                             0
se_rel_n_64n                              2.97
se_sel_hi_n_64n                              0
se_sel_lo_n_64n                              0
se_rel_n_32n                              2.97
se_sel_hi_n_32n                              0
se_sel_lo_n_32n                              0
se_rel_n_16n                              2.97
se_sel_hi_n_16n                              0
se_sel_lo_n_16n                              0
se_rel_n_8n                               2.97
se_sel_hi_n_8n                               0
se_sel_lo_n_8n                               0
se_rel_n_4n                               2.97
se_sel_hi_n_4n                               0
se_sel_lo_n_4n                               0
se_rel_n_2n                               2.97
se_sel_hi_n_2n                               0
se_sel_lo_n_2n                               0
se_rel_n_1n                               2.97
se_sel_hi_n_1n                               0
se_sel_lo_n_1n                               0
se_pinp                            1.41244e-06
se_pinn                                  1.485
xsetswp.gp                                2.97
se_topp                                  1.485
xsetswn.gp                                2.97
se_topn                                  1.485
xsearrp.x256.bp                          1.485
xsearrp.x256.gp_in                        2.97
xsearrp.x256.gp_rel                8.11995e-08
xsearrp.x256.gp_hi                        2.97
xsearrp.x256.gp_lo                        2.97
xsearrp.x128.bp                          1.485
xsearrp.x128.gp_in                        2.97
xsearrp.x128.gp_rel                8.11995e-08
xsearrp.x128.gp_hi                        2.97
xsearrp.x128.gp_lo                        2.97
xsearrp.x64.bp                           1.485
xsearrp.x64.gp_in                         2.97
xsearrp.x64.gp_rel                 8.11995e-08
xsearrp.x64.gp_hi                         2.97
xsearrp.x64.gp_lo                         2.97
xsearrp.x32.bp                           1.485
xsearrp.x32.gp_in                         2.97
xsearrp.x32.gp_rel                 8.11995e-08
xsearrp.x32.gp_hi                         2.97
xsearrp.x32.gp_lo                         2.97
xsearrp.x16.bp                           1.485
xsearrp.x16.gp_in                         2.97
xsearrp.x16.gp_rel                 8.11995e-08
xsearrp.x16.gp_hi                         2.97
xsearrp.x16.gp_lo                         2.97
xsearrp.x8.bp                            1.485
xsearrp.x8.gp_in                          2.97
xsearrp.x8.gp_rel                  8.11995e-08
xsearrp.x8.gp_hi                          2.97
xsearrp.x8.gp_lo                          2.97
xsearrp.x4.bp                            1.485
xsearrp.x4.gp_in                          2.97
xsearrp.x4.gp_rel                  8.11995e-08
xsearrp.x4.gp_hi                          2.97
xsearrp.x4.gp_lo                          2.97
xsearrp.x2.bp                            1.485
xsearrp.x2.gp_in                          2.97
xsearrp.x2.gp_rel                  8.11995e-08
xsearrp.x2.gp_hi                          2.97
xsearrp.x2.gp_lo                          2.97
xsearrp.x1.bp                            1.485
xsearrp.x1.gp_in                          2.97
xsearrp.x1.gp_rel                  8.11995e-08
xsearrp.x1.gp_hi                          2.97
xsearrp.x1.gp_lo                          2.97
xsearrn.x256.bp                          1.485
xsearrn.x256.gp_in                        2.97
xsearrn.x256.gp_rel                8.11995e-08
xsearrn.x256.gp_hi                        2.97
xsearrn.x256.gp_lo                        2.97
xsearrn.x128.bp                          1.485
xsearrn.x128.gp_in                        2.97
xsearrn.x128.gp_rel                8.11995e-08
xsearrn.x128.gp_hi                        2.97
xsearrn.x128.gp_lo                        2.97
xsearrn.x64.bp                           1.485
xsearrn.x64.gp_in                         2.97
xsearrn.x64.gp_rel                 8.11995e-08
xsearrn.x64.gp_hi                         2.97
xsearrn.x64.gp_lo                         2.97
xsearrn.x32.bp                           1.485
xsearrn.x32.gp_in                         2.97
xsearrn.x32.gp_rel                 8.11995e-08
xsearrn.x32.gp_hi                         2.97
xsearrn.x32.gp_lo                         2.97
xsearrn.x16.bp                           1.485
xsearrn.x16.gp_in                         2.97
xsearrn.x16.gp_rel                 8.11995e-08
xsearrn.x16.gp_hi                         2.97
xsearrn.x16.gp_lo                         2.97
xsearrn.x8.bp                            1.485
xsearrn.x8.gp_in                          2.97
xsearrn.x8.gp_rel                  8.11995e-08
xsearrn.x8.gp_hi                          2.97
xsearrn.x8.gp_lo                          2.97
xsearrn.x4.bp                            1.485
xsearrn.x4.gp_in                          2.97
xsearrn.x4.gp_rel                  8.11995e-08
xsearrn.x4.gp_hi                          2.97
xsearrn.x4.gp_lo                          2.97
xsearrn.x2.bp                            1.485
xsearrn.x2.gp_in                          2.97
xsearrn.x2.gp_rel                  8.11995e-08
xsearrn.x2.gp_hi                          2.97
xsearrn.x2.gp_lo                          2.97
xsearrn.x1.bp                            1.485
xsearrn.x1.gp_in                          2.97
xsearrn.x1.gp_rel                  8.11995e-08
xsearrn.x1.gp_hi                          2.97
xsearrn.x1.gp_lo                          2.97
se_ibias                              0.563892
xsecmp.xpre.ptail                     0.803803
xsecmp.pon                             2.39045
xsecmp.preamp_in1                        1.485
xsecmp.pop                             2.39045
xsecmp.preamp_in2                        1.485
xsecmp.xpre.xrlp.11                    2.96972
xsecmp.xpre.xrlp.21                    2.39073
xsecmp.xpre.xrln.11                    2.96972
xsecmp.xpre.xrln.21                    2.39073
xsecmp.xlat.ltail                      1.84334
xsecmp.xlat.dip                           2.97
xsecmp.xlat.din                           2.97
xsecmp.outn                               2.97
xsecmp.outp                               2.97
xsecmp.sset                        1.05634e-07
xsecmp.srst                        1.05634e-07
xsecmp.xno1.ps                         2.73939
se_cmpb                                1.21557
xsecmp.xno2.ps                         2.73939
se_dacp                            1.11022e-16
se_dacn                            1.11022e-16
se_di                                    1.485
se_err                                     512
se_aerrh                                     0
se_code                                      0
bsecode#branch                               0
bseea#branch                                 0
bsee#branch                                  0
bsedi#branch                                 0
bsedacn#branch                               0
bsedacp#branch                               0
lref#branch                          1.758e-08
v.xsecmp.vpn#branch               -3.70522e-28
v.xsecmp.vpp#branch               -6.83312e-28
vsemode#branch                               0
vsestart#branch                              0
vsevinn#branch                     3.46945e-17
vseinp#branch                      5.64977e-08
vcms#branch                       -1.51876e-07
vrefs#branch                        -1.758e-08
vddc#branch                       -0.000566908
vddd#branch                       -5.55013e-08
vddt#branch                         -1.957e-09
vcmpclkb#branch                              0
vcmpclk#branch                               0
vclk#branch                                  0
a.xsectrl.a_gn#branch_1_0                    0
a.xsectrl.a_gn#branch_1_1                    0
a.xsectrl.a_gn#branch_1_2                    0
a.xsectrl.a_gn#branch_1_3                    0
a.xsectrl.a_gn#branch_1_4                    0
a.xsectrl.a_gn#branch_1_5                    0
a.xsectrl.a_gn#branch_1_6                    0
a.xsectrl.a_gn#branch_1_7                    0
a.xsectrl.a_gn#branch_1_8                    0
a.xsectrl.a_gn#branch_1_9                    0
a.xsectrl.a_gn#branch_1_10                   0
a.xsectrl.a_gn#branch_1_11                   0
a.xsectrl.a_gn#branch_1_12                   0
a.xsectrl.a_gn#branch_1_13                   0
a.xsectrl.a_gn#branch_1_14                   0
a.xsectrl.a_gn#branch_1_15                   0
a.xsectrl.a_gn#branch_1_16                   0
a.xsectrl.a_gn#branch_1_17                   0
a.xsectrl.a_gn#branch_1_18                   0
a.xsectrl.a_gn#branch_1_19                   0
a.xsectrl.a_gn#branch_1_20                   0
a.xsectrl.a_gn#branch_1_21                   0
a.xsectrl.a_gn#branch_1_22                   0
a.xsectrl.a_gn#branch_1_23                   0
a.xsectrl.a_gn#branch_1_24                   0
a.xsectrl.a_gn#branch_1_25                   0
a.xsectrl.a_gn#branch_1_26                   0
a.xsectrl.a_gn#branch_1_27                   0
a.xsectrl.a_gn#branch_1_28                   0
a.xsectrl.a_gn#branch_1_29                   0
a.xsectrl.a_gn#branch_1_30                   0
a.xsectrl.a_gn#branch_1_31                   0
a.xsectrl.a_gn#branch_1_32                   0
a.xsectrl.a_gn#branch_1_33                   0
a.xsectrl.a_gn#branch_1_34                   0
a.xsectrl.a_gn#branch_1_35                   0
a.xsectrl.a_gn#branch_1_36                   0
a.xsectrl.a_gn#branch_1_37                   0
a.xsectrl.a_gn#branch_1_38                   0
a.xsectrl.a_gn#branch_1_39                   0
a.xsectrl.a_gn#branch_1_40                   0
a.xsectrl.a_gn#branch_1_41                   0
a.xsectrl.a_gn#branch_1_42                   0
a.xsectrl.a_gn#branch_1_43                   0
a.xsectrl.a_gn#branch_1_44                   0
a.xsectrl.a_gn#branch_1_45                   0
a.xsectrl.a_gn#branch_1_46                   0
a.xsectrl.a_gn#branch_1_47                   0
a.xsectrl.a_gn#branch_1_48                   0
a.xsectrl.a_gn#branch_1_49                   0
a.xsectrl.a_gn#branch_1_50                   0
a.xsectrl.a_gn#branch_1_51                   0
a.xsectrl.a_gn#branch_1_52                   0
a.xsectrl.a_gn#branch_1_53                   0
a.xsectrl.a_dout#branch_1_0                  0
a.xsectrl.a_dout#branch_1_1                  0
a.xsectrl.a_dout#branch_1_2                  0
a.xsectrl.a_dout#branch_1_3                  0
a.xsectrl.a_dout#branch_1_4                  0
a.xsectrl.a_dout#branch_1_5                  0
a.xsectrl.a_dout#branch_1_6                  0
a.xsectrl.a_dout#branch_1_7                  0
a.xsectrl.a_dout#branch_1_8                  0
a.xsectrl.a_dout#branch_1_9                  0
a.xsectrl.a_dout#branch_1_10                 0
a.xsectrl.a_dout#branch_1_11                 0
a.xsectrl.a_dout#branch_1_12                 0

 Reference value :  0.00000e+00
 Reference value :  3.14891e-08
 Reference value :  9.45618e-08
 Reference value :  1.87689e-07
 Reference value :  2.50101e-07
 Reference value :  2.81717e-07
 Reference value :  3.43950e-07
 Reference value :  4.06417e-07
 Reference value :  4.68896e-07
 Reference value :  5.31362e-07
 Reference value :  5.93850e-07
 Reference value :  6.56319e-07
 Reference value :  7.15844e-07
 Reference value :  7.57690e-07
 Reference value :  8.15324e-07
 Reference value :  8.77426e-07
 Reference value :  9.38217e-07
 Reference value :  1.00270e-06
 Reference value :  1.06279e-06
 Reference value :  1.15626e-06
 Reference value :  1.20871e-06
 Reference value :  1.25308e-06
 Reference value :  1.31432e-06
 Reference value :  1.37727e-06
 Reference value :  1.43994e-06
 Reference value :  1.50267e-06
 Reference value :  1.56936e-06
 Reference value :  1.65629e-06
 Reference value :  1.71881e-06
 Reference value :  1.78143e-06
 Reference value :  1.84398e-06
 Reference value :  1.87972e-06
 Reference value :  1.95000e-06
 Reference value :  2.00272e-06
 Reference value :  2.06298e-06
 Reference value :  2.15632e-06
 Reference value :  2.21773e-06
 Reference value :  2.25296e-06
 Reference value :  2.31304e-06
 Reference value :  2.37548e-06
 Reference value :  2.43782e-06
 Reference value :  2.50014e-06
 Reference value :  2.56250e-06
 Reference value :  2.59470e-06
 Reference value :  2.65664e-06
 Reference value :  2.71895e-06
 Reference value :  2.78136e-06
 Reference value :  2.84380e-06
 Reference value :  2.87752e-06
 Reference value :  2.93799e-06
 Reference value :  3.00245e-06
 Reference value :  3.03849e-06
 Reference value :  3.12512e-06
 Reference value :  3.18788e-06
 Reference value :  3.25014e-06
 Reference value :  3.28176e-06
 Reference value :  3.34394e-06
 Reference value :  3.40635e-06
 Reference value :  3.46881e-06
 Reference value :  3.51150e-06
 Reference value :  3.56543e-06
 Reference value :  3.62749e-06
 Reference value :  3.68986e-06
 Reference value :  3.75227e-06
 Reference value :  3.81351e-06
 Reference value :  3.87510e-06
 Reference value :  3.90678e-06
 Reference value :  3.99125e-06
 Reference value :  4.03131e-06
 Reference value :  4.09387e-06
 Reference value :  4.15678e-06
 Reference value :  4.21911e-06
 Reference value :  4.28129e-06
 Reference value :  4.31507e-06
 Reference value :  4.37754e-06
 Reference value :  4.43996e-06
 Reference value :  4.50231e-06
 Reference value :  4.56313e-06
 Reference value :  4.62529e-06
 Reference value :  4.68770e-06
 Reference value :  4.75019e-06
 Reference value :  4.81269e-06
 Reference value :  4.84508e-06
 Reference value :  4.90661e-06
 Reference value :  4.96934e-06
 Reference value :  5.02062e-06
 Reference value :  5.09407e-06
 Reference value :  5.18753e-06
 Reference value :  5.25010e-06
 Reference value :  5.31256e-06
 Reference value :  5.34435e-06
 Reference value :  5.40635e-06
 Reference value :  5.44840e-06
 Reference value :  5.50312e-06
 Reference value :  5.56595e-06
 Reference value :  5.63214e-06
 Reference value :  5.71882e-06
 Reference value :  5.78174e-06
 Reference value :  5.87503e-06
 Reference value :  5.93773e-06
 Reference value :  6.00276e-06
 Reference value :  6.08684e-06
 Reference value :  6.15681e-06
 Reference value :  6.21921e-06
 Reference value :  6.28135e-06
 Reference value :  6.31774e-06
 Reference value :  6.37728e-06
 Reference value :  6.43764e-06
 Reference value :  6.49135e-06
 Reference value :  6.53184e-06
 Reference value :  6.59402e-06
 Reference value :  6.65639e-06
 Reference value :  6.71885e-06
 Reference value :  6.78132e-06
 Reference value :  6.84377e-06
 Reference value :  6.87916e-06
 Reference value :  6.96881e-06
 Reference value :  7.00291e-06
 Reference value :  7.06294e-06
 Reference value :  7.14895e-06
 Reference value :  7.19009e-06
 Reference value :  7.25282e-06
 Reference value :  7.31300e-06
 Reference value :  7.36924e-06
 Reference value :  7.40661e-06
 Reference value :  7.46880e-06
 Reference value :  7.50675e-06
 Reference value :  7.56536e-06
 Reference value :  7.62757e-06
 Reference value :  7.68999e-06
 Reference value :  7.75242e-06
 Reference value :  7.81486e-06
 Reference value :  7.87666e-06
 Reference value :  7.93782e-06
 Reference value :  8.00240e-06
 Reference value :  8.06272e-06
 Reference value :  8.15295e-06
 Reference value :  8.19479e-06
 Reference value :  8.26254e-06
 Reference value :  8.31512e-06
 Reference value :  8.37727e-06
 Reference value :  8.43815e-06
 Reference value :  8.50032e-06
 Reference value :  8.56268e-06
 Reference value :  8.62501e-06
 Reference value :  8.65729e-06
 Reference value :  8.71902e-06
 Reference value :  8.78147e-06
 Reference value :  8.84385e-06
 Reference value :  8.89048e-06
 Reference value :  8.95262e-06
 Reference value :  9.00268e-06
 Reference value :  9.06310e-06
 Reference value :  9.12548e-06
 Reference value :  9.18977e-06
 Reference value :  9.25020e-06
 Reference value :  9.29514e-06
 Reference value :  9.34401e-06
 Reference value :  9.40630e-06
 Reference value :  9.46736e-06
 Reference value :  9.50401e-06
 Reference value :  9.56510e-06
 Reference value :  9.62746e-06
 Reference value :  9.68984e-06
 Reference value :  9.75245e-06
 Reference value :  9.81504e-06
 Reference value :  9.87748e-06
 Reference value :  9.93802e-06
 Reference value :  1.00002e-05
 Reference value :  1.00319e-05
 Reference value :  1.01041e-05
 Reference value :  1.01875e-05
 Reference value :  1.02200e-05
 Reference value :  1.02820e-05
 Reference value :  1.03439e-05
 Reference value :  1.04048e-05
 Reference value :  1.04451e-05
 Reference value :  1.05031e-05
 Reference value :  1.05651e-05
 Reference value :  1.06275e-05
 Reference value :  1.06900e-05
 Reference value :  1.07524e-05
 Reference value :  1.08151e-05
 Reference value :  1.08776e-05
 Reference value :  1.09387e-05
 Reference value :  1.10024e-05
 Reference value :  1.10626e-05
 Reference value :  1.11310e-05
 Reference value :  1.11921e-05
 Reference value :  1.12530e-05
 Reference value :  1.13148e-05
 Reference value :  1.13751e-05
 Reference value :  1.14067e-05
 Reference value :  1.14688e-05
 Reference value :  1.15313e-05
 Reference value :  1.15682e-05
 Reference value :  1.16276e-05
 Reference value :  1.16900e-05
 Reference value :  1.17523e-05
 Reference value :  1.18132e-05
 Reference value :  1.18752e-05
 Reference value :  1.19376e-05
 Reference value :  1.20004e-05
 Reference value :  1.20319e-05
 Reference value :  1.21072e-05
 Reference value :  1.21877e-05
 Reference value :  1.22501e-05
 Reference value :  1.22822e-05
 Reference value :  1.23439e-05
 Reference value :  1.23803e-05
 Reference value :  1.24399e-05
 Reference value :  1.25023e-05
 Reference value :  1.25631e-05
 Reference value :  1.26252e-05
 Reference value :  1.26876e-05
 Reference value :  1.27296e-05
 Reference value :  1.27822e-05
 Reference value :  1.28441e-05
 Reference value :  1.29064e-05
 Reference value :  1.29830e-05
 Reference value :  1.30314e-05
 Reference value :  1.30941e-05
 Reference value :  1.31569e-05
 Reference value :  1.32193e-05
 Reference value :  1.32814e-05
 Reference value :  1.33289e-05
 Reference value :  1.33774e-05
 Reference value :  1.34379e-05
 Reference value :  1.35002e-05
 Reference value :  1.35626e-05
 Reference value :  1.36250e-05
 Reference value :  1.36568e-05
 Reference value :  1.37190e-05
 Reference value :  1.37814e-05
 Reference value :  1.38438e-05
 Reference value :  1.38875e-05
 Reference value :  1.39689e-05
 Reference value :  1.40030e-05
 Reference value :  1.40747e-05
 Reference value :  1.41564e-05
 Reference value :  1.42189e-05
 Reference value :  1.42813e-05
 Reference value :  1.43156e-05
 Reference value :  1.43776e-05
 Reference value :  1.44400e-05
 Reference value :  1.45024e-05
 Reference value :  1.45632e-05
 Reference value :  1.46252e-05
 Reference value :  1.46876e-05
 Reference value :  1.47205e-05
 Reference value :  1.47820e-05
 Reference value :  1.48442e-05
 Reference value :  1.49063e-05
 Reference value :  1.49688e-05
 Reference value :  1.50029e-05
 Reference value :  1.50629e-05
 Reference value :  1.51430e-05
 Reference value :  1.51880e-05
 Reference value :  1.52502e-05
 Reference value :  1.53126e-05
 Reference value :  1.53750e-05
 Reference value :  1.54164e-05
 Reference value :  1.54692e-05
 Reference value :  1.55314e-05
 Reference value :  1.55938e-05
 Reference value :  1.56563e-05
 Reference value :  1.56917e-05
 Reference value :  1.57526e-05
 Reference value :  1.58150e-05
 Reference value :  1.58755e-05
 Reference value :  1.59376e-05
 Reference value :  1.60006e-05
 Reference value :  1.60319e-05
 Reference value :  1.61074e-05
 Reference value :  1.61764e-05
 Reference value :  1.62196e-05
 Reference value :  1.62814e-05
 Reference value :  1.63439e-05
 Reference value :  1.64063e-05
 Reference value :  1.64688e-05
 Reference value :  1.65313e-05
 Reference value :  1.65657e-05
 Reference value :  1.66276e-05
 Reference value :  1.66899e-05
 Reference value :  1.67512e-05
 Reference value :  1.68131e-05
 Reference value :  1.68752e-05
 Reference value :  1.69377e-05
No. of Data Rows : 40120
icmpf000            =  -2.82559e-05 from=  3.00000e-06 to=  5.00001e-06
icdacf000           =  -5.84315e-06 from=  3.00000e-06 to=  5.00001e-06
itrkf000            =  -2.22165e-07 from=  3.00000e-06 to=  5.00001e-06
ireff000            =  -1.31665e-07 from=  3.00000e-06 to=  5.00001e-06
ivcmf000            =  -1.32706e-05 from=  3.00000e-06 to=  5.00001e-06
icmpf025            =  -2.83196e-05 from=  6.00000e-06 to=  8.00001e-06
icdacf025           =  -5.95022e-06 from=  6.00000e-06 to=  8.00001e-06
itrkf025            =  -2.25350e-07 from=  6.00000e-06 to=  8.00001e-06
ireff025            =  -6.20836e-06 from=  6.00000e-06 to=  8.00001e-06
ivcmf025            =  -8.11672e-06 from=  6.00000e-06 to=  8.00001e-06
icmpf050            =  -2.93919e-05 from=  9.00000e-06 to=  1.10000e-05
icdacf050           =  -6.22275e-06 from=  9.00000e-06 to=  1.10000e-05
itrkf050            =  -2.27247e-07 from=  9.00000e-06 to=  1.10000e-05
ireff050            =  -9.16773e-06 from=  9.00000e-06 to=  1.10000e-05
ivcmf050            =  -3.17656e-07 from=  9.00000e-06 to=  1.10000e-05
icmpf075            =  -2.81813e-05 from=  1.20000e-05 to=  1.40000e-05
icdacf075           =  -6.53886e-06 from=  1.20000e-05 to=  1.40000e-05
itrkf075            =  -2.29159e-07 from=  1.20000e-05 to=  1.40000e-05
ireff075            =  -1.23815e-05 from=  1.20000e-05 to=  1.40000e-05
ivcmf075            =  7.60017e-06 from=  1.20000e-05 to=  1.40000e-05
icmpf100            =  -2.80908e-05 from=  1.50000e-05 to=  1.70000e-05
icdacf100           =  -6.74940e-06 from=  1.50000e-05 to=  1.70000e-05
itrkf100            =  -2.30249e-07 from=  1.50000e-05 to=  1.70000e-05
ireff100            =  -1.01928e-05 from=  1.50000e-05 to=  1.70000e-05
ivcmf100            =  1.29284e-05 from=  1.50000e-05 to=  1.70000e-05
vddm                =  2.97000e+00
m_p_cmp_f000_uw = 8.3920052700e+01
m_p_cdac_f000_uw = 1.7354143620e+01
m_p_trk_f000_uw = 6.5983153500e-01
m_p_ref_f000_uw = 3.9104475300e-01
m_p_vcm_f000_uw = 1.9706766750e+01
m_p_total_f000_uw = 1.2203183936e+02
m_p_cmp_f025_uw = 8.4109241700e+01
m_p_cdac_f025_uw = 1.7672144490e+01
m_p_trk_f025_uw = 6.6929039100e-01
m_p_ref_f025_uw = 1.8438823260e+01
m_p_vcm_f025_uw = 1.2053332170e+01
m_p_total_f025_uw = 1.3294283201e+02
m_p_cmp_f050_uw = 8.7293972700e+01
m_p_cdac_f050_uw = 1.8481573440e+01
m_p_trk_f050_uw = 6.7492299600e-01
m_p_ref_f050_uw = 2.7228152160e+01
m_p_vcm_f050_uw = 4.7171856600e-01
m_p_total_f050_uw = 1.3415033986e+02
m_p_cmp_f075_uw = 8.3698431300e+01
m_p_cdac_f075_uw = 1.9420417170e+01
m_p_trk_f075_uw = 6.8060341800e-01
m_p_ref_f075_uw = 3.6773114400e+01
m_p_vcm_f075_uw = -1.128625542e+01
m_p_total_f075_uw = 1.2928631087e+02
m_p_cmp_f100_uw = 8.3429765100e+01
m_p_cdac_f100_uw = 2.0045729880e+01
m_p_trk_f100_uw = 6.8383982700e-01
m_p_ref_f100_uw = 3.0272705100e+01
m_p_vcm_f100_uw = -1.919861460e+01
m_p_total_f100_uw = 1.1523342531e+02
m_supply_v = 2.9700000000e+00
Note: Simulation executed from .control section 

Note: Starting dynamic gmin stepping
Note: Dynamic gmin stepping completed
