
Note: No compatibility mode selected!


Circuit: * adc-power @ ss_125c_2.97v -- generated by sim/harness, do not edit

Reducing trtol to 1 for xspice 'A' devices
Doing analysis at TEMP = 125.000000 and TNOM = 27.000000

Using SPARSE 1.3 as Direct Linear Solver

Initial Transient Solution
--------------------------

Node                                   Voltage
----                                   -------
clk                                          0
cmpclk                                       0
cmpclkb                                   2.97
vddt                                      2.97
vddd                                      2.97
vddc                                      2.97
vrefs                                     2.97
vrefn                                     2.97
vcmn                                     1.485
se_vinp                                      0
se_vinn                                  1.485
se_start                                     0
se_mode                                      0
se_cmp                                  1.2584
se_samp_tp_n                                 0
se_sel_in_n                                  0
se_drdy                                   2.97
se_c9                                        0
se_c8                                        0
se_c7                                        0
se_c6                                        0
se_c5                                        0
se_c4                                        0
se_c3                                        0
se_c2                                        0
se_c1                                        0
se_c0                                        0
se_rel_n_256p                             2.97
se_sel_hi_n_256p                             0
se_sel_lo_n_256p                             0
se_rel_n_128p                             2.97
se_sel_hi_n_128p                             0
se_sel_lo_n_128p                             0
se_rel_n_64p                              2.97
se_sel_hi_n_64p                              0
se_sel_lo_n_64p                              0
se_rel_n_32p                              2.97
se_sel_hi_n_32p                              0
se_sel_lo_n_32p                              0
se_rel_n_16p                              2.97
se_sel_hi_n_16p                              0
se_sel_lo_n_16p                              0
se_rel_n_8p                               2.97
se_sel_hi_n_8p                               0
se_sel_lo_n_8p                               0
se_rel_n_4p                               2.97
se_sel_hi_n_4p                               0
se_sel_lo_n_4p                               0
se_rel_n_2p                               2.97
se_sel_hi_n_2p                               0
se_sel_lo_n_2p                               0
se_rel_n_1p                               2.97
se_sel_hi_n_1p                               0
se_sel_lo_n_1p                               0
se_rel_n_256n                             2.97
se_sel_hi_n_256n                             0
se_sel_lo_n_256n                             0
se_rel_n_128n                             2.97
se_sel_hi_n_128n                             0
se_sel_lo_n_128n                             0
se_rel_n_64n                              2.97
se_sel_hi_n_64n                              0
se_sel_lo_n_64n                              0
se_rel_n_32n                              2.97
se_sel_hi_n_32n                              0
se_sel_lo_n_32n                              0
se_rel_n_16n                              2.97
se_sel_hi_n_16n                              0
se_sel_lo_n_16n                              0
se_rel_n_8n                               2.97
se_sel_hi_n_8n                               0
se_sel_lo_n_8n                               0
se_rel_n_4n                               2.97
se_sel_hi_n_4n                               0
se_sel_lo_n_4n                               0
se_rel_n_2n                               2.97
se_sel_hi_n_2n                               0
se_sel_lo_n_2n                               0
se_rel_n_1n                               2.97
se_sel_hi_n_1n                               0
se_sel_lo_n_1n                               0
se_pinp                            2.03211e-08
se_pinn                                  1.485
xsetswp.gp                                2.97
se_topp                                  1.485
xsetswn.gp                                2.97
se_topn                                  1.485
xsearrp.x256.bp                          1.485
xsearrp.x256.gp_in                        2.97
xsearrp.x256.gp_rel                2.98093e-09
xsearrp.x256.gp_hi                        2.97
xsearrp.x256.gp_lo                        2.97
xsearrp.x128.bp                          1.485
xsearrp.x128.gp_in                        2.97
xsearrp.x128.gp_rel                2.98093e-09
xsearrp.x128.gp_hi                        2.97
xsearrp.x128.gp_lo                        2.97
xsearrp.x64.bp                           1.485
xsearrp.x64.gp_in                         2.97
xsearrp.x64.gp_rel                 2.98093e-09
xsearrp.x64.gp_hi                         2.97
xsearrp.x64.gp_lo                         2.97
xsearrp.x32.bp                           1.485
xsearrp.x32.gp_in                         2.97
xsearrp.x32.gp_rel                 2.98093e-09
xsearrp.x32.gp_hi                         2.97
xsearrp.x32.gp_lo                         2.97
xsearrp.x16.bp                           1.485
xsearrp.x16.gp_in                         2.97
xsearrp.x16.gp_rel                 2.98093e-09
xsearrp.x16.gp_hi                         2.97
xsearrp.x16.gp_lo                         2.97
xsearrp.x8.bp                            1.485
xsearrp.x8.gp_in                          2.97
xsearrp.x8.gp_rel                  2.98093e-09
xsearrp.x8.gp_hi                          2.97
xsearrp.x8.gp_lo                          2.97
xsearrp.x4.bp                            1.485
xsearrp.x4.gp_in                          2.97
xsearrp.x4.gp_rel                  2.98093e-09
xsearrp.x4.gp_hi                          2.97
xsearrp.x4.gp_lo                          2.97
xsearrp.x2.bp                            1.485
xsearrp.x2.gp_in                          2.97
xsearrp.x2.gp_rel                  2.98093e-09
xsearrp.x2.gp_hi                          2.97
xsearrp.x2.gp_lo                          2.97
xsearrp.x1.bp                            1.485
xsearrp.x1.gp_in                          2.97
xsearrp.x1.gp_rel                  2.98093e-09
xsearrp.x1.gp_hi                          2.97
xsearrp.x1.gp_lo                          2.97
xsearrn.x256.bp                          1.485
xsearrn.x256.gp_in                        2.97
xsearrn.x256.gp_rel                2.98093e-09
xsearrn.x256.gp_hi                        2.97
xsearrn.x256.gp_lo                        2.97
xsearrn.x128.bp                          1.485
xsearrn.x128.gp_in                        2.97
xsearrn.x128.gp_rel                2.98093e-09
xsearrn.x128.gp_hi                        2.97
xsearrn.x128.gp_lo                        2.97
xsearrn.x64.bp                           1.485
xsearrn.x64.gp_in                         2.97
xsearrn.x64.gp_rel                 2.98093e-09
xsearrn.x64.gp_hi                         2.97
xsearrn.x64.gp_lo                         2.97
xsearrn.x32.bp                           1.485
xsearrn.x32.gp_in                         2.97
xsearrn.x32.gp_rel                 2.98093e-09
xsearrn.x32.gp_hi                         2.97
xsearrn.x32.gp_lo                         2.97
xsearrn.x16.bp                           1.485
xsearrn.x16.gp_in                         2.97
xsearrn.x16.gp_rel                 2.98093e-09
xsearrn.x16.gp_hi                         2.97
xsearrn.x16.gp_lo                         2.97
xsearrn.x8.bp                            1.485
xsearrn.x8.gp_in                          2.97
xsearrn.x8.gp_rel                  2.98093e-09
xsearrn.x8.gp_hi                          2.97
xsearrn.x8.gp_lo                          2.97
xsearrn.x4.bp                            1.485
xsearrn.x4.gp_in                          2.97
xsearrn.x4.gp_rel                  2.98093e-09
xsearrn.x4.gp_hi                          2.97
xsearrn.x4.gp_lo                          2.97
xsearrn.x2.bp                            1.485
xsearrn.x2.gp_in                          2.97
xsearrn.x2.gp_rel                  2.98093e-09
xsearrn.x2.gp_hi                          2.97
xsearrn.x2.gp_lo                          2.97
xsearrn.x1.bp                            1.485
xsearrn.x1.gp_in                          2.97
xsearrn.x1.gp_rel                  2.98093e-09
xsearrn.x1.gp_hi                          2.97
xsearrn.x1.gp_lo                          2.97
se_ibias                              0.792214
xsecmp.xpre.ptail                     0.615066
xsecmp.pon                             2.10923
xsecmp.preamp_in1                        1.485
xsecmp.pop                             2.10923
xsecmp.preamp_in2                        1.485
xsecmp.xpre.xrlp.11                    2.96972
xsecmp.xpre.xrlp.21                    2.10951
xsecmp.xpre.xrln.11                    2.96972
xsecmp.xpre.xrln.21                    2.10951
xsecmp.xlat.ltail                      1.54985
xsecmp.xlat.dip                           2.97
xsecmp.xlat.din                           2.97
xsecmp.outn                               2.97
xsecmp.outp                               2.97
xsecmp.sset                         9.6402e-09
xsecmp.srst                         9.6402e-09
xsecmp.xno1.ps                          2.8142
se_cmpb                                 1.2584
xsecmp.xno2.ps                          2.8142
se_dacp                            1.11022e-16
se_dacn                            1.11022e-16
se_di                                    1.485
se_err                                     512
se_aerrh                                     0
se_code                                      0
bsecode#branch                               0
bseea#branch                                 0
bsee#branch                                  0
bsedi#branch                                 0
bsedacn#branch                               0
bsedacp#branch                               0
lref#branch                        1.96492e-10
v.xsecmp.vpn#branch               -5.26744e-28
v.xsecmp.vpp#branch               -4.98467e-28
vsemode#branch                               0
vsestart#branch                              0
vsevinn#branch                     3.46945e-17
vseinp#branch                      8.12844e-10
vcms#branch                        -2.2108e-09
vrefs#branch                      -1.96492e-10
vddc#branch                       -0.000315684
vddd#branch                       -1.18143e-09
vddt#branch                       -3.82266e-11
vcmpclkb#branch                              0
vcmpclk#branch                               0
vclk#branch                                  0
a.xsectrl.a_gn#branch_1_0                    0
a.xsectrl.a_gn#branch_1_1                    0
a.xsectrl.a_gn#branch_1_2                    0
a.xsectrl.a_gn#branch_1_3                    0
a.xsectrl.a_gn#branch_1_4                    0
a.xsectrl.a_gn#branch_1_5                    0
a.xsectrl.a_gn#branch_1_6                    0
a.xsectrl.a_gn#branch_1_7                    0
a.xsectrl.a_gn#branch_1_8                    0
a.xsectrl.a_gn#branch_1_9                    0
a.xsectrl.a_gn#branch_1_10                   0
a.xsectrl.a_gn#branch_1_11                   0
a.xsectrl.a_gn#branch_1_12                   0
a.xsectrl.a_gn#branch_1_13                   0
a.xsectrl.a_gn#branch_1_14                   0
a.xsectrl.a_gn#branch_1_15                   0
a.xsectrl.a_gn#branch_1_16                   0
a.xsectrl.a_gn#branch_1_17                   0
a.xsectrl.a_gn#branch_1_18                   0
a.xsectrl.a_gn#branch_1_19                   0
a.xsectrl.a_gn#branch_1_20                   0
a.xsectrl.a_gn#branch_1_21                   0
a.xsectrl.a_gn#branch_1_22                   0
a.xsectrl.a_gn#branch_1_23                   0
a.xsectrl.a_gn#branch_1_24                   0
a.xsectrl.a_gn#branch_1_25                   0
a.xsectrl.a_gn#branch_1_26                   0
a.xsectrl.a_gn#branch_1_27                   0
a.xsectrl.a_gn#branch_1_28                   0
a.xsectrl.a_gn#branch_1_29                   0
a.xsectrl.a_gn#branch_1_30                   0
a.xsectrl.a_gn#branch_1_31                   0
a.xsectrl.a_gn#branch_1_32                   0
a.xsectrl.a_gn#branch_1_33                   0
a.xsectrl.a_gn#branch_1_34                   0
a.xsectrl.a_gn#branch_1_35                   0
a.xsectrl.a_gn#branch_1_36                   0
a.xsectrl.a_gn#branch_1_37                   0
a.xsectrl.a_gn#branch_1_38                   0
a.xsectrl.a_gn#branch_1_39                   0
a.xsectrl.a_gn#branch_1_40                   0
a.xsectrl.a_gn#branch_1_41                   0
a.xsectrl.a_gn#branch_1_42                   0
a.xsectrl.a_gn#branch_1_43                   0
a.xsectrl.a_gn#branch_1_44                   0
a.xsectrl.a_gn#branch_1_45                   0
a.xsectrl.a_gn#branch_1_46                   0
a.xsectrl.a_gn#branch_1_47                   0
a.xsectrl.a_gn#branch_1_48                   0
a.xsectrl.a_gn#branch_1_49                   0
a.xsectrl.a_gn#branch_1_50                   0
a.xsectrl.a_gn#branch_1_51                   0
a.xsectrl.a_gn#branch_1_52                   0
a.xsectrl.a_gn#branch_1_53                   0
a.xsectrl.a_dout#branch_1_0                  0
a.xsectrl.a_dout#branch_1_1                  0
a.xsectrl.a_dout#branch_1_2                  0
a.xsectrl.a_dout#branch_1_3                  0
a.xsectrl.a_dout#branch_1_4                  0
a.xsectrl.a_dout#branch_1_5                  0
a.xsectrl.a_dout#branch_1_6                  0
a.xsectrl.a_dout#branch_1_7                  0
a.xsectrl.a_dout#branch_1_8                  0
a.xsectrl.a_dout#branch_1_9                  0
a.xsectrl.a_dout#branch_1_10                 0
a.xsectrl.a_dout#branch_1_11                 0
a.xsectrl.a_dout#branch_1_12                 0

 Reference value :  2.52998e-09
 Reference value :  6.26250e-08
 Reference value :  1.56300e-07
 Reference value :  2.18918e-07
 Reference value :  2.81344e-07
 Reference value :  3.39348e-07
 Reference value :  4.04561e-07
 Reference value :  4.68755e-07
 Reference value :  5.31258e-07
 Reference value :  5.93757e-07
 Reference value :  6.52804e-07
 Reference value :  6.92829e-07
 Reference value :  7.52515e-07
 Reference value :  8.14766e-07
 Reference value :  8.75154e-07
 Reference value :  9.27995e-07
 Reference value :  1.00032e-06
 Reference value :  1.03197e-06
 Reference value :  1.09455e-06
 Reference value :  1.17454e-06
 Reference value :  1.21975e-06
 Reference value :  1.28174e-06
 Reference value :  1.34391e-06
 Reference value :  1.40673e-06
 Reference value :  1.46986e-06
 Reference value :  1.53248e-06
 Reference value :  1.59463e-06
 Reference value :  1.65664e-06
 Reference value :  1.71898e-06
 Reference value :  1.78139e-06
 Reference value :  1.84382e-06
 Reference value :  1.88064e-06
 Reference value :  1.96916e-06
 Reference value :  2.01591e-06
 Reference value :  2.09375e-06
 Reference value :  2.15658e-06
 Reference value :  2.21902e-06
 Reference value :  2.28133e-06
 Reference value :  2.34133e-06
 Reference value :  2.40633e-06
 Reference value :  2.46889e-06
 Reference value :  2.53142e-06
 Reference value :  2.59400e-06
 Reference value :  2.65664e-06
 Reference value :  2.71909e-06
 Reference value :  2.78145e-06
 Reference value :  2.84385e-06
 Reference value :  2.89000e-06
 Reference value :  2.96895e-06
 Reference value :  3.00393e-06
 Reference value :  3.09377e-06
 Reference value :  3.15645e-06
 Reference value :  3.21880e-06
 Reference value :  3.25297e-06
 Reference value :  3.31334e-06
 Reference value :  3.37550e-06
 Reference value :  3.43812e-06
 Reference value :  3.50039e-06
 Reference value :  3.56271e-06
 Reference value :  3.62512e-06
 Reference value :  3.68760e-06
 Reference value :  3.73214e-06
 Reference value :  3.80156e-06
 Reference value :  3.84487e-06
 Reference value :  3.90677e-06
 Reference value :  4.00010e-06
 Reference value :  4.03136e-06
 Reference value :  4.09388e-06
 Reference value :  4.15686e-06
 Reference value :  4.21888e-06
 Reference value :  4.25343e-06
 Reference value :  4.31479e-06
 Reference value :  4.37609e-06
 Reference value :  4.43838e-06
 Reference value :  4.50057e-06
 Reference value :  4.56292e-06
 Reference value :  4.62546e-06
 Reference value :  4.68795e-06
 Reference value :  4.75027e-06
 Reference value :  4.81277e-06
 Reference value :  4.87515e-06
 Reference value :  4.93770e-06
 Reference value :  5.00238e-06
 Reference value :  5.06292e-06
 Reference value :  5.15635e-06
 Reference value :  5.21893e-06
 Reference value :  5.28135e-06
 Reference value :  5.34381e-06
 Reference value :  5.38877e-06
 Reference value :  5.44012e-06
 Reference value :  5.50260e-06
 Reference value :  5.56555e-06
 Reference value :  5.62784e-06
 Reference value :  5.69001e-06
 Reference value :  5.75227e-06
 Reference value :  5.81330e-06
 Reference value :  5.87574e-06
 Reference value :  5.93753e-06
 Reference value :  6.00040e-06
 Reference value :  6.03213e-06
 Reference value :  6.09490e-06
 Reference value :  6.17597e-06
 Reference value :  6.22050e-06
 Reference value :  6.28179e-06
 Reference value :  6.33861e-06
 Reference value :  6.37752e-06
 Reference value :  6.43811e-06
 Reference value :  6.50020e-06
 Reference value :  6.56253e-06
 Reference value :  6.59943e-06
 Reference value :  6.65745e-06
 Reference value :  6.71907e-06
 Reference value :  6.78136e-06
 Reference value :  6.84380e-06
 Reference value :  6.87823e-06
 Reference value :  6.94588e-06
 Reference value :  7.00288e-06
 Reference value :  7.06315e-06
 Reference value :  7.15626e-06
 Reference value :  7.19504e-06
 Reference value :  7.25308e-06
 Reference value :  7.31494e-06
 Reference value :  7.37524e-06
 Reference value :  7.43303e-06
 Reference value :  7.46973e-06
 Reference value :  7.53177e-06
 Reference value :  7.59399e-06
 Reference value :  7.65660e-06
 Reference value :  7.71891e-06
 Reference value :  7.78145e-06
 Reference value :  7.84415e-06
 Reference value :  7.90636e-06
 Reference value :  7.96923e-06
 Reference value :  8.03130e-06
 Reference value :  8.09455e-06
 Reference value :  8.18767e-06
 Reference value :  8.25011e-06
 Reference value :  8.31260e-06
 Reference value :  8.34575e-06
 Reference value :  8.40704e-06
 Reference value :  8.50000e-06
 Reference value :  8.56253e-06
 Reference value :  8.59756e-06
 Reference value :  8.65709e-06
 Reference value :  8.71905e-06
 Reference value :  8.78138e-06
 Reference value :  8.84382e-06
 Reference value :  8.88291e-06
 Reference value :  8.96877e-06
 Reference value :  9.00253e-06
 Reference value :  9.06325e-06
 Reference value :  9.15492e-06
 Reference value :  9.20505e-06
 Reference value :  9.26542e-06
 Reference value :  9.31514e-06
 Reference value :  9.37728e-06
 Reference value :  9.43857e-06
 Reference value :  9.50057e-06
 Reference value :  9.56276e-06
 Reference value :  9.62539e-06
 Reference value :  9.68772e-06
 Reference value :  9.75011e-06
 Reference value :  9.81253e-06
 Reference value :  9.85811e-06
 Reference value :  9.90694e-06
 Reference value :  9.99714e-06
 Reference value :  1.00319e-05
 Reference value :  1.00942e-05
 Reference value :  1.01576e-05
 Reference value :  1.02197e-05
 Reference value :  1.02814e-05
 Reference value :  1.03151e-05
 Reference value :  1.03760e-05
 Reference value :  1.04385e-05
 Reference value :  1.05005e-05
 Reference value :  1.05627e-05
 Reference value :  1.06252e-05
 Reference value :  1.06876e-05
 Reference value :  1.07501e-05
 Reference value :  1.07928e-05
 Reference value :  1.08446e-05
 Reference value :  1.09066e-05
 Reference value :  1.09705e-05
 Reference value :  1.10057e-05
 Reference value :  1.10940e-05
 Reference value :  1.11659e-05
 Reference value :  1.12199e-05
 Reference value :  1.12819e-05
 Reference value :  1.13439e-05
 Reference value :  1.13842e-05
 Reference value :  1.14400e-05
 Reference value :  1.15024e-05
 Reference value :  1.15648e-05
 Reference value :  1.16273e-05
 Reference value :  1.16883e-05
 Reference value :  1.17507e-05
 Reference value :  1.18130e-05
 Reference value :  1.18757e-05
 Reference value :  1.19377e-05
 Reference value :  1.20023e-05
 Reference value :  1.20326e-05
 Reference value :  1.21250e-05
 Reference value :  1.21877e-05
 Reference value :  1.22501e-05
 Reference value :  1.22840e-05
 Reference value :  1.23440e-05
 Reference value :  1.24063e-05
 Reference value :  1.24403e-05
 Reference value :  1.25026e-05
 Reference value :  1.25650e-05
 Reference value :  1.26275e-05
 Reference value :  1.26899e-05
 Reference value :  1.27523e-05
 Reference value :  1.28134e-05
 Reference value :  1.28755e-05
 Reference value :  1.29291e-05
 Reference value :  1.30002e-05
 Reference value :  1.30320e-05
 Reference value :  1.30954e-05
 Reference value :  1.31876e-05
 Reference value :  1.32346e-05
 Reference value :  1.32824e-05
 Reference value :  1.33441e-05
 Reference value :  1.34063e-05
 Reference value :  1.34469e-05
 Reference value :  1.35163e-05
 Reference value :  1.35702e-05
 Reference value :  1.36300e-05
 Reference value :  1.36907e-05
 Reference value :  1.37606e-05
 Reference value :  1.38175e-05
 Reference value :  1.38779e-05
 Reference value :  1.39660e-05
 Reference value :  1.40029e-05
 Reference value :  1.40632e-05
 Reference value :  1.41563e-05
 Reference value :  1.42188e-05
 Reference value :  1.42813e-05
 Reference value :  1.43379e-05
 Reference value :  1.44063e-05
 Reference value :  1.44560e-05
 Reference value :  1.45053e-05
 Reference value :  1.45661e-05
 Reference value :  1.46276e-05
 Reference value :  1.46900e-05
 Reference value :  1.47523e-05
 Reference value :  1.48129e-05
 Reference value :  1.48586e-05
 Reference value :  1.49069e-05
 Reference value :  1.49788e-05
 Reference value :  1.50313e-05
 Reference value :  1.50938e-05
 Reference value :  1.51566e-05
 Reference value :  1.51902e-05
 Reference value :  1.52528e-05
 Reference value :  1.53135e-05
 Reference value :  1.53756e-05
 Reference value :  1.54378e-05
 Reference value :  1.55002e-05
 Reference value :  1.55626e-05
 Reference value :  1.56233e-05
 Reference value :  1.56876e-05
 Reference value :  1.57482e-05
 Reference value :  1.57877e-05
 Reference value :  1.58444e-05
 Reference value :  1.59064e-05
 Reference value :  1.59790e-05
 Reference value :  1.60314e-05
 Reference value :  1.60939e-05
 Reference value :  1.61576e-05
 Reference value :  1.62188e-05
 Reference value :  1.62527e-05
 Reference value :  1.63133e-05
 Reference value :  1.63755e-05
 Reference value :  1.64378e-05
 Reference value :  1.65001e-05
 Reference value :  1.65423e-05
 Reference value :  1.65942e-05
 Reference value :  1.66566e-05
 Reference value :  1.67189e-05
 Reference value :  1.67814e-05
 Reference value :  1.68438e-05
 Reference value :  1.68773e-05
 Reference value :  1.69381e-05
No. of Data Rows : 40879
icmpf000            =  -2.70045e-05 from=  3.00000e-06 to=  5.00001e-06
icdacf000           =  -4.64137e-06 from=  3.00000e-06 to=  5.00001e-06
itrkf000            =  -1.75090e-07 from=  3.00000e-06 to=  5.00001e-06
ireff000            =  -1.90212e-09 from=  3.00000e-06 to=  5.00001e-06
ivcmf000            =  -1.35013e-05 from=  3.00000e-06 to=  5.00001e-06
icmpf025            =  -2.72729e-05 from=  6.00000e-06 to=  8.00001e-06
icdacf025           =  -4.98502e-06 from=  6.00000e-06 to=  8.00001e-06
itrkf025            =  -1.78414e-07 from=  6.00000e-06 to=  8.00001e-06
ireff025            =  -7.33497e-06 from=  6.00000e-06 to=  8.00001e-06
ivcmf025            =  -8.96898e-06 from=  6.00000e-06 to=  8.00001e-06
icmpf050            =  -2.85454e-05 from=  9.00000e-06 to=  1.10000e-05
icdacf050           =  -4.95802e-06 from=  9.00000e-06 to=  1.10000e-05
itrkf050            =  -1.80595e-07 from=  9.00000e-06 to=  1.10000e-05
ireff050            =  -1.48577e-05 from=  9.00000e-06 to=  1.10000e-05
ivcmf050            =  -1.14674e-07 from=  9.00000e-06 to=  1.10000e-05
icmpf075            =  -2.71780e-05 from=  1.20000e-05 to=  1.40000e-05
icdacf075           =  -5.01060e-06 from=  1.20000e-05 to=  1.40000e-05
itrkf075            =  -1.82953e-07 from=  1.20000e-05 to=  1.40000e-05
ireff075            =  -1.50583e-05 from=  1.20000e-05 to=  1.40000e-05
ivcmf075            =  8.70276e-06 from=  1.20000e-05 to=  1.40000e-05
icmpf100            =  -2.72931e-05 from=  1.50000e-05 to=  1.70000e-05
icdacf100           =  -5.47763e-06 from=  1.50000e-05 to=  1.70000e-05
itrkf100            =  -1.85086e-07 from=  1.50000e-05 to=  1.70000e-05
ireff100            =  -1.12324e-05 from=  1.50000e-05 to=  1.70000e-05
ivcmf100            =  1.39174e-05 from=  1.50000e-05 to=  1.70000e-05
vddm                =  2.97000e+00
m_p_cmp_f000_uw = 8.0203365000e+01
m_p_cdac_f000_uw = 1.3784859990e+01
m_p_trk_f000_uw = 5.2001759700e-01
m_p_ref_f000_uw = 5.6492993700e-03
m_p_vcm_f000_uw = 2.0049400800e+01
m_p_total_f000_uw = 1.1456329269e+02
m_p_cmp_f025_uw = 8.1000572400e+01
m_p_cdac_f025_uw = 1.4805521280e+01
m_p_trk_f025_uw = 5.2989106500e-01
m_p_ref_f025_uw = 2.1784846050e+01
m_p_vcm_f025_uw = 1.3318938270e+01
m_p_total_f025_uw = 1.3143976906e+02
m_p_cmp_f050_uw = 8.4779838000e+01
m_p_cdac_f050_uw = 1.4725325340e+01
m_p_trk_f050_uw = 5.3636804100e-01
m_p_ref_f050_uw = 4.4127220500e+01
m_p_vcm_f050_uw = 1.7029163250e-01
m_p_total_f050_uw = 1.4433904351e+02
m_p_cmp_f075_uw = 8.0718719400e+01
m_p_cdac_f075_uw = 1.4881476060e+01
m_p_trk_f075_uw = 5.4337100400e-01
m_p_ref_f075_uw = 4.4723269800e+01
m_p_vcm_f075_uw = -1.292359414e+01
m_p_total_f075_uw = 1.2794324212e+02
m_p_cmp_f100_uw = 8.1060388200e+01
m_p_cdac_f100_uw = 1.6268567040e+01
m_p_trk_f100_uw = 5.4970393500e-01
m_p_ref_f100_uw = 3.3360109200e+01
m_p_vcm_f100_uw = -2.066726475e+01
m_p_total_f100_uw = 1.1057150363e+02
m_supply_v = 2.9700000000e+00
Note: Simulation executed from .control section 

Note: Starting dynamic gmin stepping
Note: Dynamic gmin stepping completed
