
Note: No compatibility mode selected!


Circuit: * sar-logic-timing-gates-ok @ tt_27c_3.63v -- generated by sim/harness, do not edit

Doing analysis at TEMP = 27.000000 and TNOM = 27.000000

Using SPARSE 1.3 as Direct Linear Solver

Initial Transient Solution
--------------------------

Node                                   Voltage
----                                   -------
clk                                          0
ok_start                                  3.63
ok_mode                                      0
xok._030_                                 3.63
xok.eng3                           1.06716e-08
vdd_gate                                  3.63
xok._031_                                 3.63
xok._032_                                 3.63
xok.ph_2                           1.06716e-08
xok._033_                                 3.63
xok.ph_0                           1.06716e-08
xok._034_                                 3.63
xok.ph_1                           1.06716e-08
xok._035_                                 3.63
xok.ph_3                           1.06716e-08
xok._036_                                 3.63
xok.eng4                           1.06716e-08
xok._037_                                 3.63
xok.eng5                           1.06716e-08
xok._038_                                 3.63
xok.eng6                           1.06716e-08
xok._039_                                 3.63
xok.eng7                           1.06716e-08
xok._040_                                 3.63
xok.eng8                           1.06716e-08
xok._041_                                 3.63
xok.eng9                           1.06716e-08
xok._042_                                 3.63
xok.eng2                           1.06716e-08
xok._043_                                 3.63
xok.ph_12                          1.06716e-08
xok._044_                                 3.63
xok.eng1                           1.06716e-08
xok._045_                                 3.63
xok.ph_13                          1.06716e-08
xok._046_                                 3.63
xok.ph_11                          1.06716e-08
xok._047_                                 3.63
xok.ph_10                          1.06716e-08
xok._048_                                 3.63
xok.ph_9                           1.06716e-08
xok._049_                                 3.63
xok.ph_8                           1.06716e-08
xok._050_                                 3.63
xok.ph_7                           1.06716e-08
xok._051_                                 3.63
xok.ph_6                           1.06716e-08
xok._052_                                 3.63
xok.ph_5                           1.06716e-08
xok._053_                                 3.63
xok.ph_4                           1.06716e-08
xok._054_                                 3.63
xok.ph_14                          1.06716e-08
ok_sel_lo_n_4p                     1.53796e-08
xok.q3                             1.06716e-08
xok.x_090_.net_0                          3.63
ok_sel_hi_n_4n                      9.2469e-09
xok.x_091_.net_1                          3.63
xok.x_091_.net_0                       3.62981
xok.x_092_.net_1                   3.18446e-08
xok.x_092_.net_0                   6.36893e-08
ok_samp_tp_n                       9.55339e-08
xok.x_093_.z_neg                          3.63
ok_sel_in_n                        1.06716e-08
xok.x_093_.net_0                          3.63
xok.x_093_.net_1                          3.63
xok.x_093_.net_2                          3.63
ok_rel_n_4p                               3.63
xok.x_094_.net_0                          3.63
xok.x_095_.net_0                     0.0146043
ok_rel_n_4n                               3.63
xok.x_095_.net_1                          3.63
xok.x_096_.net_0                     0.0326063
xok.x_096_.z_neg                          3.63
ok_sel_hi_n_4p                     1.07354e-08
xok.x_097_.net_0                     0.0326063
xok.q4                             1.06716e-08
xok.x_097_.z_neg                          3.63
ok_sel_hi_n_8p                     1.07354e-08
xok.x_098_.net_0                     0.0326063
xok.x_098_.z_neg                          3.63
ok_sel_lo_n_8n                     1.07354e-08
ok_sel_lo_n_8p                     3.49291e-08
xok.x_099_.net_0                       1.15023
ok_sel_hi_n_8n                      9.2469e-09
xok.x_100_.net_1                       3.62991
xok.x_100_.net_0                       3.62991
ok_rel_n_8p                               3.63
xok.x_101_.net_0                          3.63
xok.x_102_.net_0                     0.0146043
ok_rel_n_8n                               3.63
xok.x_102_.net_1                          3.63
xok.x_103_.net_0                     0.0326063
xok.q5                             1.06716e-08
xok.x_103_.z_neg                          3.63
ok_sel_hi_n_16p                    1.07354e-08
xok.x_104_.net_0                     0.0326063
xok.x_104_.z_neg                          3.63
ok_sel_lo_n_16n                    1.07354e-08
ok_sel_lo_n_16p                    3.49291e-08
xok.x_105_.net_0                       1.15023
ok_sel_hi_n_16n                     9.2469e-09
xok.x_106_.net_1                       3.62991
xok.x_106_.net_0                       3.62991
ok_rel_n_16p                              3.63
xok.x_107_.net_0                          3.63
xok.x_108_.net_0                     0.0146043
ok_rel_n_16n                              3.63
xok.x_108_.net_1                          3.63
xok.x_109_.net_0                     0.0326063
xok.q6                             1.06716e-08
xok.x_109_.z_neg                          3.63
ok_sel_hi_n_32p                    1.07354e-08
xok.x_110_.net_0                     0.0326063
xok.x_110_.z_neg                          3.63
ok_sel_lo_n_32n                    1.07354e-08
ok_sel_lo_n_32p                    3.49291e-08
xok.x_111_.net_0                       1.15023
ok_sel_hi_n_32n                     9.2469e-09
xok.x_112_.net_1                       3.62991
xok.x_112_.net_0                       3.62991
ok_rel_n_32p                              3.63
xok.x_113_.net_0                          3.63
xok.x_114_.net_0                     0.0146043
ok_rel_n_32n                              3.63
xok.x_114_.net_1                          3.63
xok.x_115_.net_0                     0.0326063
xok.q7                             1.06716e-08
xok.x_115_.z_neg                          3.63
ok_sel_hi_n_64p                    1.07354e-08
xok.x_116_.net_0                     0.0326063
xok.x_116_.z_neg                          3.63
ok_sel_lo_n_64n                    1.07354e-08
ok_sel_lo_n_64p                    3.49291e-08
xok.x_117_.net_0                       1.15023
ok_sel_hi_n_64n                     9.2469e-09
xok.x_118_.net_1                       3.62991
xok.x_118_.net_0                       3.62991
ok_rel_n_64p                              3.63
xok.x_119_.net_0                          3.63
xok.x_120_.net_0                     0.0146043
ok_rel_n_64n                              3.63
xok.x_120_.net_1                          3.63
xok.x_121_.net_0                     0.0326063
xok.q8                             1.06716e-08
xok.x_121_.z_neg                          3.63
ok_sel_hi_n_128p                   1.07354e-08
xok.x_122_.net_0                     0.0326063
xok.x_122_.z_neg                          3.63
ok_sel_lo_n_128n                   1.07354e-08
ok_sel_lo_n_128p                   3.49291e-08
xok.x_123_.net_0                       1.15023
ok_sel_hi_n_128n                    9.2469e-09
xok.x_124_.net_1                       3.62991
xok.x_124_.net_0                       3.62991
ok_rel_n_128p                             3.63
xok.x_125_.net_0                          3.63
xok.x_126_.net_0                     0.0146043
ok_rel_n_128n                             3.63
xok.x_126_.net_1                          3.63
xok.x_127_.net_0                     0.0326063
xok.x_127_.z_neg                          3.63
ok_sel_lo_n_4n                     1.07354e-08
xok.x_128_.net_0                     0.0326063
xok.q9                             1.06716e-08
xok.x_128_.z_neg                          3.63
ok_sel_hi_n_256p                   1.07354e-08
xok.x_129_.net_0                     0.0326063
xok.x_129_.z_neg                          3.63
ok_sel_lo_n_256n                   1.07354e-08
ok_sel_lo_n_256p                   3.49291e-08
xok.x_130_.net_0                       1.15023
ok_sel_hi_n_256n                    9.2469e-09
xok.x_131_.net_1                       3.62991
xok.x_131_.net_0                       3.62991
ok_rel_n_256p                             3.63
xok.x_132_.net_0                          3.63
xok.x_133_.net_0                     0.0146043
ok_rel_n_256n                             3.63
xok.x_133_.net_1                          3.63
ok_rel_n_2p                               3.63
xok.x_134_.net_0                          3.63
xok.x_135_.net_0                     0.0326063
xok.x_135_.z_neg                          3.63
xok.q2                             1.06716e-08
ok_sel_hi_n_2p                     1.07354e-08
xok.x_136_.net_0                   2.13408e-08
xok._000_                          4.26815e-08
xok.x_136_.net_1                          3.63
xok.x_137_.net_0                   2.13408e-08
xok._001_                          4.26815e-08
xok.x_137_.net_1                          3.63
ok_sel_lo_n_2p                     1.53796e-08
xok.x_138_.net_0                          3.63
xok.x_139_.net_0                   2.13408e-08
xok._002_                          4.26815e-08
xok.x_139_.net_1                          3.63
xok.x_140_.net_0                   2.13408e-08
xok._003_                          4.26815e-08
xok.x_140_.net_1                          3.63
xok.x_141_.net_0                   2.13408e-08
xok._004_                          4.26815e-08
xok.x_141_.net_1                          3.63
xok.x_142_.net_0                   2.13408e-08
xok._005_                          4.26815e-08
xok.x_142_.net_1                          3.63
xok.x_143_.net_0                     0.0146043
ok_rel_n_2n                               3.63
xok.x_143_.net_1                          3.63
xok.x_144_.net_0                   2.13408e-08
xok._006_                          4.26815e-08
xok.x_144_.net_1                          3.63
xok.x_145_.net_0                   2.13408e-08
xok._007_                          4.26815e-08
xok.x_145_.net_1                          3.63
xok.x_146_.net_0                   2.13408e-08
xok._008_                          4.26815e-08
xok.x_146_.net_1                          3.63
ok_sel_hi_n_2n                      9.2469e-09
xok.x_147_.net_1                          3.63
xok.x_147_.net_0                       3.62981
xok._009__15                       7.68977e-09
xok.x_148_.net_0                       3.62981
xok._009__14                       7.68977e-09
xok.x_149_.net_0                       3.62981
xok.x_150_.net_0                     0.0326063
xok.x_150_.z_neg                          3.63
ok_sel_lo_n_2n                     1.07354e-08
xok._009__13                       7.68977e-09
xok.x_151_.net_0                       3.62981
xok._009__12                       7.68977e-09
xok.x_152_.net_0                       3.62981
ok_rel_n_1p                               3.63
xok.x_153_.net_0                          3.63
xok._009__11                       7.68977e-09
xok.x_154_.net_0                       3.62981
xok.x_155_.net_0                     0.0326063
xok.x_155_.z_neg                          3.63
xok.q1                             1.06716e-08
ok_sel_hi_n_1p                     1.07354e-08
xok._009__10                       7.68977e-09
xok.x_156_.net_0                       3.62981
xok._009__9                        7.68977e-09
xok.x_157_.net_0                       3.62981
ok_sel_lo_n_1p                     1.53796e-08
xok.x_158_.net_0                          3.63
xok._009__8                        7.68977e-09
xok.x_159_.net_0                       3.62981
xok.x_160_.net_0                     0.0326063
xok.x_160_.z_neg                          3.63
ok_sel_lo_n_1n                     1.07354e-08
xok._009__7                        7.68977e-09
xok.x_161_.net_0                       3.62981
xok._009__6                        7.68977e-09
xok.x_162_.net_0                       3.62981
ok_sel_hi_n_1n                      9.2469e-09
xok.x_163_.net_1                          3.63
xok.x_163_.net_0                       3.62981
xok._009__5                        7.68977e-09
xok.x_164_.net_0                       3.62981
xok._009__4                        7.68977e-09
xok.x_165_.net_0                       3.62981
xok._009__3                        7.68977e-09
xok.x_166_.net_0                       3.62981
xok.x_167_.net_0                     0.0146043
ok_rel_n_1n                               3.63
xok.x_167_.net_1                          3.63
xok._009__2                        7.68977e-09
xok.x_168_.net_0                       3.62981
xok._009__1                        7.68977e-09
xok.x_169_.net_0                       3.62981
xok.x_170_.z_neg                   2.28812e-08
ok_drdy                            1.06716e-08
xok._009__0                               3.63
xok.x_170_.net_0                          3.63
xok.x_171_.int04                          3.63
xok._010_                          1.06716e-08
xok.x_171_.net_1                      0.033738
xok.x_171_.net_3                       2.83197
xok.x_171_.sel1_n                         3.63
ok_c8                              1.06716e-08
xok.x_171_.net_0                          3.63
xok.x_171_.net_2                          3.63
xok.x_172_.int04                          3.63
xok._011_                          1.06716e-08
xok.x_172_.net_1                      0.033738
xok.x_172_.net_3                       2.83197
xok.x_172_.sel1_n                         3.63
ok_c9                              1.06716e-08
xok.x_172_.net_0                          3.63
xok.x_172_.net_2                          3.63
xok._055_                                 3.63
xok.q0                             1.06716e-08
xok.x_173_.net_0                          3.63
xok.x_174_.net_0                   6.78054e-17
ok_cmpo                                   3.63
xok._012_                          6.68916e-08
xok.x_174_.net_1                       1.16112
xok.x_175_.int04                          3.63
xok._013_                          1.06716e-08
xok.x_175_.net_1                      0.033738
xok.x_175_.net_3                       2.83197
xok.x_175_.sel1_n                         3.63
ok_c0                              1.06716e-08
xok.x_175_.net_0                          3.63
xok.x_175_.net_2                          3.63
xok._056_                                 3.63
xok.x_176_.net_0                          3.63
xok.x_177_.net_0                   6.78054e-17
xok._014_                          6.68916e-08
xok.x_177_.net_1                       1.16112
xok.x_178_.int04                          3.63
xok._015_                          1.06716e-08
xok.x_178_.net_1                      0.033738
xok.x_178_.net_3                       2.83197
xok.x_178_.sel1_n                         3.63
ok_c1                              1.06716e-08
xok.x_178_.net_0                          3.63
xok.x_178_.net_2                          3.63
xok.x_179_.int04                          3.63
xok._016_                          1.06716e-08
xok.x_179_.net_1                      0.033738
xok.x_179_.net_3                       2.83197
xok.x_179_.sel1_n                         3.63
ok_c2                              1.06716e-08
xok.x_179_.net_0                          3.63
xok.x_179_.net_2                          3.63
xok._057_                                 3.63
xok.x_180_.net_0                          3.63
xok.x_181_.net_0                   6.78054e-17
xok._017_                          6.68916e-08
xok.x_181_.net_1                       1.16112
xok._058_                                 3.63
xok.x_182_.net_0                          3.63
xok.x_183_.net_0                   6.78054e-17
xok._018_                          6.68916e-08
xok.x_183_.net_1                       1.16112
xok._059_                                 3.63
xok.x_184_.net_0                          3.63
xok.x_185_.net_0                   6.78054e-17
xok._019_                          6.68916e-08
xok.x_185_.net_1                       1.16112
xok._060_                                 3.63
xok.x_186_.net_0                          3.63
xok.x_187_.net_0                   6.78054e-17
xok._020_                          6.68916e-08
xok.x_187_.net_1                       1.16112
xok.x_188_.int04                          3.63
xok._021_                          1.06716e-08
xok.x_188_.net_1                      0.033738
xok.x_188_.net_3                       2.83197
xok.x_188_.sel1_n                         3.63
ok_c3                              1.06716e-08
xok.x_188_.net_0                          3.63
xok.x_188_.net_2                          3.63
xok._061_                                 3.63
xok.x_189_.net_0                          3.63
xok.x_190_.net_0                   6.78054e-17
xok._022_                          6.68916e-08
xok.x_190_.net_1                       1.16112
xok.x_191_.int04                          3.63
xok._023_                          1.06716e-08
xok.x_191_.net_1                      0.033738
xok.x_191_.net_3                       2.83197
xok.x_191_.sel1_n                         3.63
ok_c4                              1.06716e-08
xok.x_191_.net_0                          3.63
xok.x_191_.net_2                          3.63
xok.x_192_.int04                          3.63
xok._024_                          1.06716e-08
xok.x_192_.net_1                      0.033738
xok.x_192_.net_3                       2.83197
xok.x_192_.sel1_n                         3.63
ok_c5                              1.06716e-08
xok.x_192_.net_0                          3.63
xok.x_192_.net_2                          3.63
xok._062_                                 3.63
xok.x_193_.net_0                          3.63
xok.x_194_.net_0                   6.78054e-17
xok._025_                          6.68916e-08
xok.x_194_.net_1                       1.16112
xok._063_                                 3.63
xok.x_195_.net_0                          3.63
xok.x_196_.net_0                   6.78054e-17
xok._026_                          6.68916e-08
xok.x_196_.net_1                       1.16112
xok.x_197_.int04                          3.63
xok._027_                          1.06716e-08
xok.x_197_.net_1                      0.033738
xok.x_197_.net_3                       2.83197
xok.x_197_.sel1_n                         3.63
ok_c6                              1.06716e-08
xok.x_197_.net_0                          3.63
xok.x_197_.net_2                          3.63
xok.x_198_.int04                          3.63
xok._028_                          1.06716e-08
xok.x_198_.net_1                      0.033738
xok.x_198_.net_3                       2.83197
xok.x_198_.sel1_n                         3.63
ok_c7                              1.06716e-08
xok.x_198_.net_0                          3.63
xok.x_198_.net_2                          3.63
xok._064_                                 3.63
xok.x_199_.net_0                          3.63
xok.x_200_.net_0                   6.78054e-17
xok._029_                          6.68916e-08
xok.x_200_.net_1                       1.16112
xok.x_201_.ncki                           3.63
xok.x_201_.cki                     2.08005e-08
xok.x_201_.net5                    2.50659e-09
xok.x_201_.net4                           3.63
xok.x_201_.net6                       0.033738
xok.x_201_.net0                    4.55195e-08
xok.x_201_.net2                    1.51109e-07
xok.x_201_.net1                    7.55546e-08
xok.x_201_.net3                           3.63
xok.x_201_.net7                           3.63
xok.x_201_.net8                           3.63
xok.x_201_.net1x                       1.12212
xok.x_202_.ncki                           3.63
xok.x_202_.cki                     2.08005e-08
xok.x_202_.net5                    2.50659e-09
xok.x_202_.net4                           3.63
xok.x_202_.net6                       0.033738
xok.x_202_.net0                    4.55195e-08
xok.x_202_.net2                    1.51109e-07
xok.x_202_.net1                    7.55546e-08
xok.x_202_.net3                           3.63
xok.x_202_.net7                           3.63
xok.x_202_.net8                           3.63
xok.x_202_.net1x                       1.12212
xok.x_203_.ncki                           3.63
xok.x_203_.cki                     2.08005e-08
xok.x_203_.net5                    2.50659e-09
xok.x_203_.net4                           3.63
xok.x_203_.net6                       0.033738
xok.x_203_.net0                    4.55195e-08
xok.x_203_.net2                    1.51109e-07
xok.x_203_.net1                    7.55546e-08
xok.x_203_.net3                           3.63
xok.x_203_.net7                           3.63
xok.x_203_.net8                           3.63
xok.x_203_.net1x                       1.12212
xok.x_204_.ncki                           3.63
xok.x_204_.cki                     2.08005e-08
xok.x_204_.net5                    2.50659e-09
xok.x_204_.net4                           3.63
xok.x_204_.net6                       0.033738
xok.x_204_.net0                    4.55195e-08
xok.x_204_.net2                    1.51109e-07
xok.x_204_.net1                    7.55546e-08
xok.x_204_.net3                           3.63
xok.x_204_.net7                           3.63
xok.x_204_.net8                           3.63
xok.x_204_.net1x                       1.12212
xok.x_205_.ncki                           3.63
xok.x_205_.cki                     2.08005e-08
xok.x_205_.net5                    2.50659e-09
xok.x_205_.net4                           3.63
xok.x_205_.net6                       0.033738
xok.x_205_.net0                    4.55195e-08
xok.x_205_.net2                    1.51109e-07
xok.x_205_.net1                    7.55546e-08
xok.x_205_.net3                           3.63
xok.x_205_.net7                           3.63
xok.x_205_.net8                           3.63
xok.x_205_.net1x                       1.12212
xok.x_206_.ncki                           3.63
xok.x_206_.cki                     2.08005e-08
xok.x_206_.net5                    2.50659e-09
xok.x_206_.net4                           3.63
xok.x_206_.net6                       0.033738
xok.x_206_.net0                    4.55195e-08
xok.x_206_.net2                    1.51109e-07
xok.x_206_.net1                    7.55546e-08
xok.x_206_.net3                           3.63
xok.x_206_.net7                           3.63
xok.x_206_.net8                           3.63
xok.x_206_.net1x                       1.12212
xok.x_207_.ncki                           3.63
xok.x_207_.cki                     2.08005e-08
xok.x_207_.net5                    2.50659e-09
xok.x_207_.net4                           3.63
xok.x_207_.net6                       0.033738
xok.x_207_.net0                    4.55195e-08
xok.x_207_.net2                    1.51109e-07
xok.x_207_.net1                    7.55546e-08
xok.x_207_.net3                           3.63
xok.x_207_.net7                           3.63
xok.x_207_.net8                           3.63
xok.x_207_.net1x                       1.12212
xok.x_208_.ncki                           3.63
xok.x_208_.cki                     2.08005e-08
xok.x_208_.net5                    2.50659e-09
xok.x_208_.net4                           3.63
xok.x_208_.net6                       0.033738
xok.x_208_.net0                    4.55195e-08
xok.x_208_.net2                    1.51109e-07
xok.x_208_.net1                    7.55546e-08
xok.x_208_.net3                           3.63
xok.x_208_.net7                           3.63
xok.x_208_.net8                           3.63
xok.x_208_.net1x                       1.12212
xok.x_209_.ncki                           3.63
xok.x_209_.cki                     2.08005e-08
xok.x_209_.net5                    2.50659e-09
xok.x_209_.net4                           3.63
xok.x_209_.net6                       0.033738
xok.x_209_.net0                    4.55195e-08
xok.x_209_.net2                    1.51109e-07
xok.x_209_.net1                    7.55546e-08
xok.x_209_.net3                           3.63
xok.x_209_.net7                           3.63
xok.x_209_.net8                           3.63
xok.x_209_.net1x                       1.12212
xok.x_210_.ncki                           3.63
xok.x_210_.cki                     2.08005e-08
xok.x_210_.net5                    2.50659e-09
xok.x_210_.net4                           3.63
xok.x_210_.net6                       0.033738
xok.x_210_.net0                    4.55195e-08
xok.x_210_.net2                    1.51109e-07
xok.x_210_.net1                    7.55546e-08
xok.x_210_.net3                           3.63
xok.x_210_.net7                           3.63
xok.x_210_.net8                           3.63
xok.x_210_.net1x                       1.12212
xok.x_211_.ncki                           3.63
xok.x_211_.cki                     2.08005e-08
xok.x_211_.net5                    2.50659e-09
xok.x_211_.net4                           3.63
xok.x_211_.net6                       0.033738
xok.x_211_.net0                    4.55195e-08
xok.x_211_.net2                    1.51109e-07
xok.x_211_.net1                    7.55546e-08
xok.x_211_.net3                           3.63
xok.x_211_.net7                           3.63
xok.x_211_.net8                           3.63
xok.x_211_.net1x                       1.12212
xok.x_212_.ncki                           3.63
xok.x_212_.cki                     2.08005e-08
xok.x_212_.net5                    2.50659e-09
xok.x_212_.net4                           3.63
xok.x_212_.net6                       0.033738
xok.x_212_.net0                    4.55195e-08
xok.x_212_.net2                    1.51109e-07
xok.x_212_.net1                    7.55546e-08
xok.x_212_.net3                           3.63
xok.x_212_.net7                           3.63
xok.x_212_.net8                           3.63
xok.x_212_.net1x                       1.12212
xok.x_213_.ncki                           3.63
xok.x_213_.cki                     2.08005e-08
xok.x_213_.net5                    2.50659e-09
xok.x_213_.net4                           3.63
xok.x_213_.net6                       0.033738
xok.x_213_.net0                    4.55195e-08
xok.x_213_.net2                    1.51109e-07
xok.x_213_.net1                    7.55546e-08
xok.x_213_.net3                           3.63
xok.x_213_.net7                           3.63
xok.x_213_.net8                           3.63
xok.x_213_.net1x                       1.12212
xok.x_214_.ncki                           3.63
xok.x_214_.cki                     2.08005e-08
xok.x_214_.net5                    2.50659e-09
xok.x_214_.net4                           3.63
xok.x_214_.net6                       0.033738
xok.x_214_.net0                    4.55195e-08
xok.x_214_.net2                    1.51109e-07
xok.x_214_.net1                    7.55546e-08
xok.x_214_.net3                           3.63
xok.x_214_.net7                           3.63
xok.x_214_.net8                           3.63
xok.x_214_.net1x                       1.12212
xok.x_215_.ncki                           3.63
xok.x_215_.cki                     2.08005e-08
xok.x_215_.net5                    2.50659e-09
xok.x_215_.net4                           3.63
xok.x_215_.net6                       0.033738
xok.x_215_.net0                    4.55195e-08
xok.x_215_.net2                    1.51109e-07
xok.x_215_.net1                    7.55546e-08
xok.x_215_.net3                           3.63
xok.x_215_.net7                           3.63
xok.x_215_.net8                           3.63
xok.x_215_.net1x                       1.12212
xok.x_216_.ncki                           3.63
xok.x_216_.cki                     2.08005e-08
xok.x_216_.net5                    2.50659e-09
xok.x_216_.net4                           3.63
xok.x_216_.net6                       0.033738
xok.x_216_.net0                    4.55195e-08
xok.x_216_.net2                    1.51109e-07
xok.x_216_.net1                    7.55546e-08
xok.x_216_.net3                           3.63
xok.x_216_.net7                           3.63
xok.x_216_.net8                           3.63
xok.x_216_.net1x                       1.12212
xok.x_217_.ncki                           3.63
xok.x_217_.cki                     2.08005e-08
xok.x_217_.net5                    2.50659e-09
xok.x_217_.net4                           3.63
xok.x_217_.net6                       0.033738
xok.x_217_.net0                    4.55195e-08
xok.x_217_.net2                    1.51109e-07
xok.x_217_.net1                    7.55546e-08
xok.x_217_.net3                           3.63
xok.x_217_.net7                           3.63
xok.x_217_.net8                           3.63
xok.x_217_.net1x                       1.12212
xok.x_218_.ncki                           3.63
xok.x_218_.cki                     2.08005e-08
xok.x_218_.net5                    2.50659e-09
xok.x_218_.net4                           3.63
xok.x_218_.net6                       0.033738
xok.x_218_.net0                    4.55195e-08
xok.x_218_.net2                    1.51109e-07
xok.x_218_.net1                    7.55546e-08
xok.x_218_.net3                           3.63
xok.x_218_.net7                           3.63
xok.x_218_.net8                           3.63
xok.x_218_.net1x                       1.12212
xok.x_219_.ncki                           3.63
xok.x_219_.cki                     2.08005e-08
xok.x_219_.net5                    2.50659e-09
xok.x_219_.net4                           3.63
xok.x_219_.net6                       0.033738
xok.x_219_.net0                    4.55195e-08
xok.x_219_.net2                    1.51109e-07
xok.x_219_.net1                    7.55546e-08
xok.x_219_.net3                           3.63
xok.x_219_.net7                           3.63
xok.x_219_.net8                           3.63
xok.x_219_.net1x                       1.12212
xok.x_220_.ncki                           3.63
xok.x_220_.cki                     2.08005e-08
xok.x_220_.net5                    2.50659e-09
xok.x_220_.net4                           3.63
xok.x_220_.net6                       0.033738
xok.x_220_.net0                    4.55195e-08
xok.x_220_.net2                    1.51109e-07
xok.x_220_.net1                    7.55546e-08
xok.x_220_.net3                           3.63
xok.x_220_.net7                           3.63
xok.x_220_.net8                           3.63
xok.x_220_.net1x                       1.12212
xok.x_221_.ncki                           3.63
xok.x_221_.cki                     2.08005e-08
xok.x_221_.net5                    2.50659e-09
xok.x_221_.net4                           3.63
xok.x_221_.net6                       0.033738
xok.x_221_.net0                    4.55195e-08
xok.x_221_.net2                    1.51109e-07
xok.x_221_.net1                    7.55546e-08
xok.x_221_.net3                           3.63
xok.x_221_.net7                           3.63
xok.x_221_.net8                           3.63
xok.x_221_.net1x                       1.12212
xok.x_222_.ncki                           3.63
xok.x_222_.cki                     2.08005e-08
xok.x_222_.net5                    2.50659e-09
xok.x_222_.net4                           3.63
xok.x_222_.net6                       0.033738
xok.x_222_.net0                    4.55195e-08
xok.x_222_.net2                    1.51109e-07
xok.x_222_.net1                    7.55546e-08
xok.x_222_.net3                           3.63
xok.x_222_.net7                           3.63
xok.x_222_.net8                           3.63
xok.x_222_.net1x                       1.12212
xok.x_223_.ncki                           3.63
xok.x_223_.cki                     2.08005e-08
xok.x_223_.net5                    2.50659e-09
xok.x_223_.net4                           3.63
xok.x_223_.net6                       0.033738
xok.x_223_.net0                    4.55195e-08
xok.x_223_.net2                    1.51109e-07
xok.x_223_.net1                    7.55546e-08
xok.x_223_.net3                           3.63
xok.x_223_.net7                           3.63
xok.x_223_.net8                           3.63
xok.x_223_.net1x                       1.12212
xok.x_224_.ncki                           3.63
xok.x_224_.cki                     2.08005e-08
xok.x_224_.net5                    2.50659e-09
xok.x_224_.net4                           3.63
xok.x_224_.net6                       0.033738
xok.x_224_.net0                    4.55195e-08
xok.x_224_.net2                    1.51109e-07
xok.x_224_.net1                    7.55546e-08
xok.x_224_.net3                           3.63
xok.x_224_.net7                           3.63
xok.x_224_.net8                           3.63
xok.x_224_.net1x                       1.12212
xok.x_225_.ncki                           3.63
xok.x_225_.cki                     2.08005e-08
xok.x_225_.net5                    2.50659e-09
xok.x_225_.net4                           3.63
xok.x_225_.net6                       0.033738
xok.x_225_.net0                    4.55195e-08
xok.x_225_.net2                    1.51109e-07
xok.x_225_.net1                    7.55546e-08
xok.x_225_.net3                           3.63
xok.x_225_.net7                           3.63
xok.x_225_.net8                           3.63
xok.x_225_.net1x                       1.12212
xok.x_226_.ncki                           3.63
xok.x_226_.cki                     2.08005e-08
xok.x_226_.net5                    2.50659e-09
xok.x_226_.net4                           3.63
xok.x_226_.net6                       0.033738
xok.x_226_.net0                    4.55195e-08
xok.x_226_.net2                    1.51109e-07
xok.x_226_.net1                    7.55546e-08
xok.x_226_.net3                           3.63
xok.x_226_.net7                           3.63
xok.x_226_.net8                           3.63
xok.x_226_.net1x                       1.12212
xok.x_227_.ncki                           3.63
xok.x_227_.cki                     2.08005e-08
xok.x_227_.net5                    2.50659e-09
xok.x_227_.net4                           3.63
xok.x_227_.net6                       0.033738
xok.x_227_.net0                    4.55195e-08
xok.x_227_.net2                    1.51109e-07
xok.x_227_.net1                    7.55546e-08
xok.x_227_.net3                           3.63
xok.x_227_.net7                           3.63
xok.x_227_.net8                           3.63
xok.x_227_.net1x                       1.12212
xok.x_228_.ncki                           3.63
xok.x_228_.cki                     2.08005e-08
xok.x_228_.net5                    2.50659e-09
xok.x_228_.net4                           3.63
xok.x_228_.net6                       0.033738
xok.x_228_.net0                    4.55195e-08
xok.x_228_.net2                    1.51109e-07
xok.x_228_.net1                    7.55546e-08
xok.x_228_.net3                           3.63
xok.x_228_.net7                           3.63
xok.x_228_.net8                           3.63
xok.x_228_.net1x                       1.12212
xok.x_229_.ncki                           3.63
xok.x_229_.cki                     2.08005e-08
xok.x_229_.net5                    2.50659e-09
xok.x_229_.net4                           3.63
xok.x_229_.net6                       0.033738
xok.x_229_.net0                    4.55195e-08
xok.x_229_.net2                    1.51109e-07
xok.x_229_.net1                    7.55546e-08
xok.x_229_.net3                           3.63
xok.x_229_.net7                           3.63
xok.x_229_.net8                           3.63
xok.x_229_.net1x                       1.12212
xok.x_230_.ncki                           3.63
xok.x_230_.cki                     2.08005e-08
xok.x_230_.net5                    4.55212e-08
xok.x_230_.net4                    9.10423e-08
xok.x_230_.net6                    1.12194e-15
xok.x_230_.net0                           3.63
xok.x_230_.net2                    1.56126e-07
xok.x_230_.net1                    7.80629e-08
xok.x_230_.net3                           3.63
xok.x_230_.net7                           3.63
xok.x_230_.net8                        3.62986
xok.x_230_.net1x                       1.12212
xok.x_231_.ncki                           3.63
xok.x_231_.cki                     2.08005e-08
xok.x_231_.net5                    2.50659e-09
xok.x_231_.net4                           3.63
xok.x_231_.net6                       0.033738
xok.x_231_.net0                    4.55195e-08
xok.x_231_.net2                    1.51109e-07
xok.x_231_.net1                    7.55546e-08
xok.x_231_.net3                           3.63
xok.x_231_.net7                           3.63
xok.x_231_.net8                           3.63
xok.x_231_.net1x                       1.12212
xok.x_232_.ncki                           3.63
xok.x_232_.cki                     2.08005e-08
xok.x_232_.net5                    2.50659e-09
xok.x_232_.net4                           3.63
xok.x_232_.net6                       0.033738
xok.x_232_.net0                    4.55195e-08
xok.x_232_.net2                    1.51109e-07
xok.x_232_.net1                    7.55546e-08
xok.x_232_.net3                           3.63
xok.x_232_.net7                           3.63
xok.x_232_.net8                           3.63
xok.x_232_.net1x                       1.12212
xok.x_233_.ncki                           3.63
xok.x_233_.cki                     2.08005e-08
xok.x_233_.net5                    2.50659e-09
xok.x_233_.net4                           3.63
xok.x_233_.net6                       0.033738
xok.x_233_.net0                    4.55195e-08
xok.x_233_.net2                    1.51109e-07
xok.x_233_.net1                    7.55546e-08
xok.x_233_.net3                           3.63
xok.x_233_.net7                           3.63
xok.x_233_.net8                           3.63
xok.x_233_.net1x                       1.12212
xok.x_234_.ncki                           3.63
xok.x_234_.cki                     2.08005e-08
xok.x_234_.net5                    2.50659e-09
xok.x_234_.net4                           3.63
xok.x_234_.net6                       0.033738
xok.x_234_.net0                    4.55195e-08
xok.x_234_.net2                    1.51109e-07
xok.x_234_.net1                    7.55546e-08
xok.x_234_.net3                           3.63
xok.x_234_.net7                           3.63
xok.x_234_.net8                           3.63
xok.x_234_.net1x                       1.12212
xok.x_235_.ncki                           3.63
xok.x_235_.cki                     2.08005e-08
xok.x_235_.net5                    2.50659e-09
xok.x_235_.net4                           3.63
xok.x_235_.net6                       0.033738
xok.x_235_.net0                    4.55195e-08
xok.x_235_.net2                    1.51109e-07
xok.x_235_.net1                    7.55546e-08
xok.x_235_.net3                           3.63
xok.x_235_.net7                           3.63
xok.x_235_.net8                           3.63
xok.x_235_.net1x                       1.12212
xok.x_236_.ncki                           3.63
xok.x_236_.cki                     2.08005e-08
xok.x_236_.net5                    2.50659e-09
xok.x_236_.net4                           3.63
xok.x_236_.net6                       0.033738
xok.x_236_.net0                    4.55195e-08
xok.x_236_.net2                    1.51109e-07
xok.x_236_.net1                    7.55546e-08
xok.x_236_.net3                           3.63
xok.x_236_.net7                           3.63
xok.x_236_.net8                           3.63
xok.x_236_.net1x                       1.12212
xok.x_237_.ncki                           3.63
xok.x_237_.cki                     2.08005e-08
xok.x_237_.net5                    2.50659e-09
xok.x_237_.net4                           3.63
xok.x_237_.net6                       0.033738
xok.x_237_.net0                    4.55195e-08
xok.x_237_.net2                    1.51109e-07
xok.x_237_.net1                    7.55546e-08
xok.x_237_.net3                           3.63
xok.x_237_.net7                           3.63
xok.x_237_.net8                           3.63
xok.x_237_.net1x                       1.12212
xok.x_238_.ncki                           3.63
xok.x_238_.cki                     2.08005e-08
xok.x_238_.net5                    2.50659e-09
xok.x_238_.net4                           3.63
xok.x_238_.net6                       0.033738
xok.x_238_.net0                    4.55195e-08
xok.x_238_.net2                    1.51109e-07
xok.x_238_.net1                    7.55546e-08
xok.x_238_.net3                           3.63
xok.x_238_.net7                           3.63
xok.x_238_.net8                           3.63
xok.x_238_.net1x                       1.12212
xok.x_239_.ncki                           3.63
xok.x_239_.cki                     2.08005e-08
xok.x_239_.net5                    2.50659e-09
xok.x_239_.net4                           3.63
xok.x_239_.net6                       0.033738
xok.x_239_.net0                    4.55195e-08
xok.x_239_.net2                    1.51109e-07
xok.x_239_.net1                    7.55546e-08
xok.x_239_.net3                           3.63
xok.x_239_.net7                           3.63
xok.x_239_.net8                           3.63
xok.x_239_.net1x                       1.12212
xok.x_240_.ncki                           3.63
xok.x_240_.cki                     2.08005e-08
xok.x_240_.net5                    2.50659e-09
xok.x_240_.net4                           3.63
xok.x_240_.net6                       0.033738
xok.x_240_.net0                    4.55195e-08
xok.x_240_.net2                    1.51109e-07
xok.x_240_.net1                    7.55546e-08
xok.x_240_.net3                           3.63
xok.x_240_.net7                           3.63
xok.x_240_.net8                           3.63
xok.x_240_.net1x                       1.12212
xok.x_241_.ncki                           3.63
xok.x_241_.cki                     2.08005e-08
xok.x_241_.net5                    2.50659e-09
xok.x_241_.net4                           3.63
xok.x_241_.net6                       0.033738
xok.x_241_.net0                    4.55195e-08
xok.x_241_.net2                    1.51109e-07
xok.x_241_.net1                    7.55546e-08
xok.x_241_.net3                           3.63
xok.x_241_.net7                           3.63
xok.x_241_.net8                           3.63
xok.x_241_.net1x                       1.12212
xok.x_242_.ncki                           3.63
xok.x_242_.cki                     2.08005e-08
xok.x_242_.net5                    2.50659e-09
xok.x_242_.net4                           3.63
xok.x_242_.net6                       0.033738
xok.x_242_.net0                    4.55195e-08
xok.x_242_.net2                    1.51109e-07
xok.x_242_.net1                    7.55546e-08
xok.x_242_.net3                           3.63
xok.x_242_.net7                           3.63
xok.x_242_.net8                           3.63
xok.x_242_.net1x                       1.12212
xok.x_243_.ncki                           3.63
xok.x_243_.cki                     2.08005e-08
xok.x_243_.net5                    2.50659e-09
xok.x_243_.net4                           3.63
xok.x_243_.net6                       0.033738
xok.x_243_.net0                    4.55195e-08
xok.x_243_.net2                    1.51109e-07
xok.x_243_.net1                    7.55546e-08
xok.x_243_.net3                           3.63
xok.x_243_.net7                           3.63
xok.x_243_.net8                           3.63
xok.x_243_.net1x                       1.12212
xok.x_244_.ncki                           3.63
xok.x_244_.cki                     2.08005e-08
xok.x_244_.net5                    2.50659e-09
xok.x_244_.net4                           3.63
xok.x_244_.net6                       0.033738
xok.x_244_.net0                    4.55195e-08
xok.x_244_.net2                    1.51109e-07
xok.x_244_.net1                    7.55546e-08
xok.x_244_.net3                           3.63
xok.x_244_.net7                           3.63
xok.x_244_.net8                           3.63
xok.x_244_.net1x                       1.12212
xok.x_245_.ncki                           3.63
xok.x_245_.cki                     2.08005e-08
xok.x_245_.net5                    2.50659e-09
xok.x_245_.net4                           3.63
xok.x_245_.net6                       0.033738
xok.x_245_.net0                    4.55195e-08
xok.x_245_.net2                    1.51109e-07
xok.x_245_.net1                    7.55546e-08
xok.x_245_.net3                           3.63
xok.x_245_.net7                           3.63
xok.x_245_.net8                           3.63
xok.x_245_.net1x                       1.12212
ok_vinp                                1.79816
ok_shp                                 1.79816
ok_vinn                                  1.815
ok_shn                                   1.815
ok_sampd                           9.55339e-08
ok_shxp                                1.79816
ok_shxn                                  1.815
ok_topip                               1.83184
ok_topin                                 1.815
ok_topp                                1.83184
ok_topn                                  1.815
ok_cmpd                                   3.63
ok_code                                      0
ok_drdyb                                     0
ok_drdyg                                     0
ok_conf                            2.53491e-07
ok_nside                           4.95428e-08
ok_acq                             2.63179e-08
ok_iso                            -2.33781e-08
ok_exp                                     507
ok_err                                       0
ok_aerr                                      0
bokaerr#branch                               0
bokerr#branch                                0
bokexp#branch                                0
bokiso#branch                                0
bokacq#branch                                0
boknside#branch                              0
bokconf#branch                               0
bokdrdyb#branch                              0
bokcode#branch                               0
bokcmp#branch                                0
boktopn#branch                               0
boktopp#branch                               0
vvdd_gate#branch                  -3.01325e-09
vokcm#branch                      -4.03897e-28
vokin#branch                                 0
vokmode#branch                               0
vokstart#branch                              0
vclk#branch                                  0

 Reference value :  0.00000e+00
 Reference value :  1.34579e-09
 Reference value :  1.56394e-08
 Reference value :  2.17344e-08
 Reference value :  3.30462e-08
 Reference value :  6.54054e-08
 Reference value :  9.48865e-08
 Reference value :  1.25367e-07
 Reference value :  1.56457e-07
 Reference value :  1.82257e-07
 Reference value :  1.88378e-07
 Reference value :  2.19055e-07
 Reference value :  2.44755e-07
 Reference value :  2.50516e-07
 Reference value :  2.59433e-07
 Reference value :  2.81883e-07
 Reference value :  3.12510e-07
 Reference value :  3.13190e-07
 Reference value :  3.25821e-07
 Reference value :  3.44235e-07
 Reference value :  3.75000e-07
 Reference value :  3.75635e-07
 Reference value :  3.79260e-07
 Reference value :  4.06737e-07
 Reference value :  4.37510e-07
 Reference value :  4.38365e-07
 Reference value :  4.68950e-07
 Reference value :  4.75747e-07
 Reference value :  5.00516e-07
 Reference value :  5.02976e-07
 Reference value :  5.31881e-07
 Reference value :  5.62607e-07
 Reference value :  5.63558e-07
 Reference value :  5.93950e-07
 Reference value :  6.04635e-07
 Reference value :  6.25654e-07
 Reference value :  6.29388e-07
 Reference value :  6.56881e-07
 Reference value :  6.87621e-07
 Reference value :  6.88715e-07
 Reference value :  7.18999e-07
 Reference value :  7.50000e-07
 Reference value :  7.50920e-07
 Reference value :  7.81457e-07
 Reference value :  8.09817e-07
 Reference value :  8.13414e-07
 Reference value :  8.22036e-07
 Reference value :  8.44381e-07
 Reference value :  8.75205e-07
 Reference value :  8.76658e-07
 Reference value :  9.06555e-07
 Reference value :  9.37565e-07
 Reference value :  9.38581e-07
 Reference value :  9.68957e-07
 Reference value :  9.94592e-07
 Reference value :  1.00090e-06
 Reference value :  1.03136e-06
 Reference value :  1.03807e-06
 Reference value :  1.06300e-06
 Reference value :  1.07208e-06
 Reference value :  1.09535e-06
 Reference value :  1.12539e-06
 Reference value :  1.12719e-06
 Reference value :  1.14244e-06
 Reference value :  1.15635e-06
 Reference value :  1.16082e-06
 Reference value :  1.18789e-06
 Reference value :  1.21480e-06
 Reference value :  1.22100e-06
 Reference value :  1.25063e-06
 Reference value :  1.28188e-06
 Reference value :  1.31289e-06
 Reference value :  1.32582e-06
 Reference value :  1.34438e-06
 Reference value :  1.37530e-06
 Reference value :  1.38186e-06
 Reference value :  1.40722e-06
 Reference value :  1.43789e-06
 Reference value :  1.43893e-06
 Reference value :  1.46938e-06
 Reference value :  1.50012e-06
 Reference value :  1.50163e-06
 Reference value :  1.53188e-06
 Reference value :  1.56280e-06
 Reference value :  1.57412e-06
 Reference value :  1.60072e-06
 Reference value :  1.62578e-06
 Reference value :  1.65638e-06
 Reference value :  1.66081e-06
 Reference value :  1.68802e-06
 Reference value :  1.71885e-06
 Reference value :  1.72188e-06
 Reference value :  1.75039e-06
 Reference value :  1.75323e-06
 Reference value :  1.78188e-06
 Reference value :  1.81270e-06
 Reference value :  1.81758e-06
 Reference value :  1.84600e-06
 Reference value :  1.87552e-06
 Reference value :  1.87740e-06
 Reference value :  1.90688e-06
 Reference value :  1.93771e-06
 Reference value :  1.94032e-06
 Reference value :  1.97004e-06
 Reference value :  2.00052e-06
 Reference value :  2.00579e-06
 Reference value :  2.03348e-06
 Reference value :  2.06300e-06
 Reference value :  2.09385e-06
 Reference value :  2.11954e-06
 Reference value :  2.12578e-06
 Reference value :  2.12871e-06
 Reference value :  2.14475e-06
 Reference value :  2.15650e-06
 Reference value :  2.18485e-06
 Reference value :  2.18854e-06
 Reference value :  2.21938e-06
 Reference value :  2.25020e-06
 Reference value :  2.25317e-06
 Reference value :  2.28254e-06
 Reference value :  2.31302e-06
 Reference value :  2.32790e-06
 Reference value :  2.34600e-06
 Reference value :  2.37563e-06
 Reference value :  2.39308e-06
 Reference value :  2.40754e-06
 Reference value :  2.43763e-06
 Reference value :  2.43866e-06
 Reference value :  2.46923e-06
 Reference value :  2.50020e-06
 Reference value :  2.50461e-06
 Reference value :  2.53254e-06
 Reference value :  2.56291e-06
 Reference value :  2.59397e-06
 Reference value :  2.61965e-06
 Reference value :  2.62643e-06
 Reference value :  2.65722e-06
 Reference value :  2.68802e-06
 Reference value :  2.70403e-06
 Reference value :  2.72100e-06
 Reference value :  2.75030e-06
 Reference value :  2.77143e-06
 Reference value :  2.78286e-06
 Reference value :  2.81280e-06
 Reference value :  2.81740e-06
 Reference value :  2.84438e-06
 Reference value :  2.87510e-06
 Reference value :  2.87979e-06
 Reference value :  2.90645e-06
 Reference value :  2.92715e-06
 Reference value :  2.93828e-06
 Reference value :  2.94009e-06
 Reference value :  2.96905e-06
 Reference value :  3.00000e-06
 Reference value :  3.00090e-06
 Reference value :  3.01989e-06
 Reference value :  3.03431e-06
 Reference value :  3.06300e-06
 Reference value :  3.07709e-06
 Reference value :  3.09598e-06
 Reference value :  3.12539e-06
 Reference value :  3.12737e-06
 Reference value :  3.14249e-06
 Reference value :  3.15647e-06
 Reference value :  3.17719e-06
 Reference value :  3.18802e-06
 Reference value :  3.21895e-06
 Reference value :  3.23466e-06
 Reference value :  3.25063e-06
 Reference value :  3.28147e-06
 Reference value :  3.30718e-06
 Reference value :  3.31312e-06
 Reference value :  3.32698e-06
 Reference value :  3.34454e-06
 Reference value :  3.37515e-06
 Reference value :  3.37723e-06
 Reference value :  3.40655e-06
 Reference value :  3.43216e-06
 Reference value :  3.43829e-06
 Reference value :  3.45978e-06
 Reference value :  3.47100e-06
 Reference value :  3.50030e-06
 Reference value :  3.51618e-06
 Reference value :  3.53254e-06
 Reference value :  3.56265e-06
 Reference value :  3.56413e-06
 Reference value :  3.59438e-06
 Reference value :  3.62508e-06
 Reference value :  3.62642e-06
 Reference value :  3.65688e-06
 Reference value :  3.68761e-06
 Reference value :  3.68893e-06
 Reference value :  3.71913e-06
 Reference value :  3.75000e-06
 Reference value :  3.75124e-06
 Reference value :  3.78155e-06
 Reference value :  3.81250e-06
 Reference value :  3.81327e-06
 Reference value :  3.84400e-06
 Reference value :  3.86965e-06
 Reference value :  3.87607e-06
 Reference value :  3.90673e-06
 Reference value :  3.93760e-06
 Reference value :  3.93873e-06
 Reference value :  3.94140e-06
 Reference value :  3.96923e-06
 Reference value :  4.00021e-06
 Reference value :  4.00127e-06
 Reference value :  4.03147e-06
 Reference value :  4.04694e-06
 Reference value :  4.06310e-06
 Reference value :  4.08749e-06
 Reference value :  4.10068e-06
 Reference value :  4.12565e-06
 Reference value :  4.12820e-06
 Reference value :  4.14362e-06
 Reference value :  4.15673e-06
 Reference value :  4.18758e-06
 Reference value :  4.18852e-06
 Reference value :  4.21900e-06
 Reference value :  4.23966e-06
 Reference value :  4.25063e-06
 Reference value :  4.28145e-06
 Reference value :  4.30718e-06
 Reference value :  4.31319e-06
 Reference value :  4.32875e-06
 Reference value :  4.34504e-06
 Reference value :  4.37530e-06
 Reference value :  4.37758e-06
 Reference value :  4.40663e-06
 Reference value :  4.43756e-06
 Reference value :  4.43835e-06
 Reference value :  4.46891e-06
 Reference value :  4.47965e-06
 Reference value :  4.50052e-06
 Reference value :  4.53138e-06
 Reference value :  4.54715e-06
 Reference value :  4.56328e-06
 Reference value :  4.59388e-06
 Reference value :  4.60463e-06
 Reference value :  4.62578e-06
 Reference value :  4.65638e-06
 Reference value :  4.66322e-06
 Reference value :  4.68802e-06
 Reference value :  4.69903e-06
 Reference value :  4.72004e-06
 Reference value :  4.75030e-06
 Reference value :  4.75460e-06
 Reference value :  4.78222e-06
 Reference value :  4.81265e-06
 Reference value :  4.81552e-06
 Reference value :  4.84454e-06
 Reference value :  4.87515e-06
 Reference value :  4.87624e-06
 Reference value :  4.90656e-06
 Reference value :  4.93750e-06
 Reference value :  4.93842e-06
 Reference value :  4.96886e-06
 Reference value :  4.97330e-06
 Reference value :  5.00052e-06
 Reference value :  5.00464e-06
 Reference value :  5.03150e-06
 Reference value :  5.05677e-06
 Reference value :  5.06321e-06
 Reference value :  5.09385e-06
 Reference value :  5.10067e-06
 Reference value :  5.12557e-06
 Reference value :  5.12668e-06
 Reference value :  5.14244e-06
 Reference value :  5.15646e-06
 Reference value :  5.18750e-06
 Reference value :  5.18838e-06
 Reference value :  5.21900e-06
 Reference value :  5.24468e-06
 Reference value :  5.25088e-06
 Reference value :  5.28173e-06
 Reference value :  5.31256e-06
 Reference value :  5.31335e-06
 Reference value :  5.33216e-06
 Reference value :  5.34600e-06
 Reference value :  5.37539e-06
 Reference value :  5.37802e-06
 Reference value :  5.38731e-06
 Reference value :  5.40703e-06
 Reference value :  5.43760e-06
 Reference value :  5.43899e-06
 Reference value :  5.46900e-06
 Reference value :  5.50000e-06
 Reference value :  5.50092e-06
 Reference value :  5.53146e-06
 Reference value :  5.55208e-06
 Reference value :  5.56329e-06
 Reference value :  5.59392e-06
 Reference value :  5.60458e-06
 Reference value :  5.62565e-06
 Reference value :  5.65336e-06
 Reference value :  5.66080e-06
 Reference value :  5.68815e-06
 Reference value :  5.71586e-06
 Reference value :  5.72036e-06
 Reference value :  5.75008e-06
 Reference value :  5.75090e-06
 Reference value :  5.78150e-06
 Reference value :  5.79706e-06
 Reference value :  5.81315e-06
 Reference value :  5.83357e-06
 Reference value :  5.84687e-06
 Reference value :  5.87565e-06
 Reference value :  5.90636e-06
 Reference value :  5.91080e-06
 Reference value :  5.93815e-06
 Reference value :  5.94715e-06
 Reference value :  5.97036e-06
 Reference value :  6.00039e-06
 Reference value :  6.00163e-06
 Reference value :  6.01363e-06
 Reference value :  6.02828e-06
 Reference value :  6.03347e-06
 Reference value :  6.06289e-06
 Reference value :  6.06923e-06
 Reference value :  6.09438e-06
 Reference value :  6.12515e-06
 Reference value :  6.12699e-06
 Reference value :  6.14115e-06
 Reference value :  6.14450e-06
 Reference value :  6.15656e-06
 Reference value :  6.16103e-06
 Reference value :  6.18760e-06
 Reference value :  6.18963e-06
 Reference value :  6.21954e-06
 Reference value :  6.25030e-06
 Reference value :  6.28135e-06
 Reference value :  6.28439e-06
 Reference value :  6.31280e-06
 Reference value :  6.31664e-06
 Reference value :  6.34388e-06
 Reference value :  6.35469e-06
 Reference value :  6.37563e-06
 Reference value :  6.38010e-06
 Reference value :  6.38525e-06
 Reference value :  6.40786e-06
 Reference value :  6.43771e-06
 Reference value :  6.43902e-06
 Reference value :  6.46900e-06
 Reference value :  6.49464e-06
 Reference value :  6.50092e-06
 Reference value :  6.53150e-06
 Reference value :  6.56253e-06
 Reference value :  6.56391e-06
 Reference value :  6.59423e-06
 Reference value :  6.62508e-06
 Reference value :  6.62638e-06
 Reference value :  6.65688e-06
 Reference value :  6.68765e-06
 Reference value :  6.69014e-06
 Reference value :  6.72331e-06
 Reference value :  6.75092e-06
 Reference value :  6.78163e-06
 Reference value :  6.81256e-06
 Reference value :  6.81370e-06
 Reference value :  6.84472e-06
 Reference value :  6.87578e-06
 Reference value :  6.90722e-06
 Reference value :  6.93827e-06
 Reference value :  6.96505e-06
 Reference value :  7.00012e-06
 Reference value :  7.00256e-06
 Reference value :  7.02668e-06
 Reference value :  7.06257e-06
 Reference value :  7.06344e-06
 Reference value :  7.09396e-06
 Reference value :  7.11952e-06
 Reference value :  7.12592e-06
 Reference value :  7.13333e-06
 Reference value :  7.14253e-06
 Reference value :  7.14710e-06
 Reference value :  7.15673e-06
 Reference value :  7.16055e-06
 Reference value :  7.18789e-06
 Reference value :  7.21886e-06
 Reference value :  7.22332e-06
 Reference value :  7.25040e-06
 Reference value :  7.25478e-06
 Reference value :  7.28222e-06
 Reference value :  7.31280e-06
 Reference value :  7.31843e-06
 Reference value :  7.33427e-06
 Reference value :  7.34600e-06
 Reference value :  7.37539e-06
 Reference value :  7.37653e-06
 Reference value :  7.37998e-06
 Reference value :  7.40638e-06
 Reference value :  7.41709e-06
 Reference value :  7.43828e-06
 Reference value :  7.44806e-06
 Reference value :  7.47036e-06
 Reference value :  7.50039e-06
 Reference value :  7.51450e-06
 Reference value :  7.53254e-06
 Reference value :  7.56262e-06
 Reference value :  7.56370e-06
 Reference value :  7.59438e-06
 Reference value :  7.62521e-06
 Reference value :  7.62701e-06
 Reference value :  7.65673e-06
 Reference value :  7.68761e-06
 Reference value :  7.68871e-06
 Reference value :  7.71913e-06
 Reference value :  7.74732e-06
 Reference value :  7.75052e-06
 Reference value :  7.78142e-06
 Reference value :  7.79215e-06
 Reference value :  7.81328e-06
 Reference value :  7.84391e-06
 Reference value :  7.85463e-06
 Reference value :  7.87565e-06
 Reference value :  7.87960e-06
 Reference value :  7.90645e-06
 Reference value :  7.92679e-06
 Reference value :  7.93829e-06
 Reference value :  7.94092e-06
 Reference value :  7.96891e-06
 Reference value :  7.98449e-06
 Reference value :  8.00063e-06
 Reference value :  8.00417e-06
 Reference value :  8.01292e-06
 Reference value :  8.03203e-06
 Reference value :  8.06289e-06
 Reference value :  8.06724e-06
 Reference value :  8.09438e-06
 Reference value :  8.12512e-06
 Reference value :  8.12699e-06
 Reference value :  8.14115e-06
 Reference value :  8.14662e-06
 Reference value :  8.15424e-06
 Reference value :  8.15754e-06
 Reference value :  8.18757e-06
 Reference value :  8.18921e-06
 Reference value :  8.21938e-06
 Reference value :  8.25010e-06
 Reference value :  8.25106e-06
 Reference value :  8.28173e-06
 Reference value :  8.31251e-06
 Reference value :  8.31325e-06
 Reference value :  8.33009e-06
 Reference value :  8.34504e-06
 Reference value :  8.37530e-06
 Reference value :  8.37683e-06
 Reference value :  8.38120e-06
 Reference value :  8.40673e-06
 Reference value :  8.43760e-06
 Reference value :  8.43842e-06
 Reference value :  8.46598e-06
 Reference value :  8.47100e-06
No. of Data Rows : 7607
aerr_ok             =  0.00000e+00 at=  8.50000e-06
ok_a                =  2.06296e-06
ok_b                =  7.06296e-06
acq_av              =  1.86468e-01 from=  5.00000e-07 to=  8.50000e-06
iso_av              =  6.37078e-02 from=  5.00000e-07 to=  8.50000e-06
m_abs_err_delay_0ns = 0.0000000000e+00
m_ok_conv_period_ns = 1.0000000000e+03
m_acq_window_ns = 1.8646800000e+02
m_iso_gap_ns = 6.3707790000e+01
Note: Simulation executed from .control section 

