
Note: No compatibility mode selected!


Circuit: * adc-power @ ff_27c_2.97v -- generated by sim/harness, do not edit

Reducing trtol to 1 for xspice 'A' devices
Doing analysis at TEMP = 27.000000 and TNOM = 27.000000

Using SPARSE 1.3 as Direct Linear Solver

Initial Transient Solution
--------------------------

Node                                   Voltage
----                                   -------
clk                                          0
cmpclk                                       0
cmpclkb                                   2.97
vddt                                      2.97
vddd                                      2.97
vddc                                      2.97
vrefs                                     2.97
vrefn                                     2.97
vcmi                                     1.485
vcmd                                     1.485
vcmn                                     1.485
se_vinp                                      0
se_vinn                                  1.485
se_start                                     0
se_mode                                      0
se_cmp                                 1.21864
se_samp_tp_n                                 0
se_sel_in_n                                  0
se_drdy                                   2.97
se_c9                                        0
se_c8                                        0
se_c7                                        0
se_c6                                        0
se_c5                                        0
se_c4                                        0
se_c3                                        0
se_c2                                        0
se_c1                                        0
se_c0                                        0
se_rel_n_256p                             2.97
se_sel_hi_n_256p                             0
se_sel_lo_n_256p                             0
se_rel_n_128p                             2.97
se_sel_hi_n_128p                             0
se_sel_lo_n_128p                             0
se_rel_n_64p                              2.97
se_sel_hi_n_64p                              0
se_sel_lo_n_64p                              0
se_rel_n_32p                              2.97
se_sel_hi_n_32p                              0
se_sel_lo_n_32p                              0
se_rel_n_16p                              2.97
se_sel_hi_n_16p                              0
se_sel_lo_n_16p                              0
se_rel_n_8p                               2.97
se_sel_hi_n_8p                               0
se_sel_lo_n_8p                               0
se_rel_n_4p                               2.97
se_sel_hi_n_4p                               0
se_sel_lo_n_4p                               0
se_rel_n_2p                               2.97
se_sel_hi_n_2p                               0
se_sel_lo_n_2p                               0
se_rel_n_1p                               2.97
se_sel_hi_n_1p                               0
se_sel_lo_n_1p                               0
se_rel_n_256n                             2.97
se_sel_hi_n_256n                             0
se_sel_lo_n_256n                             0
se_rel_n_128n                             2.97
se_sel_hi_n_128n                             0
se_sel_lo_n_128n                             0
se_rel_n_64n                              2.97
se_sel_hi_n_64n                              0
se_sel_lo_n_64n                              0
se_rel_n_32n                              2.97
se_sel_hi_n_32n                              0
se_sel_lo_n_32n                              0
se_rel_n_16n                              2.97
se_sel_hi_n_16n                              0
se_sel_lo_n_16n                              0
se_rel_n_8n                               2.97
se_sel_hi_n_8n                               0
se_sel_lo_n_8n                               0
se_rel_n_4n                               2.97
se_sel_hi_n_4n                               0
se_sel_lo_n_4n                               0
se_rel_n_2n                               2.97
se_sel_hi_n_2n                               0
se_sel_lo_n_2n                               0
se_rel_n_1n                               2.97
se_sel_hi_n_1n                               0
se_sel_lo_n_1n                               0
se_pinp                            8.08677e-09
se_pinn                                  1.485
xsetswp.gp                                2.97
se_topp                                  1.485
xsetswn.gp                                2.97
se_topn                                  1.485
xsearrp.x256.bp                          1.485
xsearrp.x256.gp_in                        2.97
xsearrp.x256.gp_rel                1.48084e-09
xsearrp.x256.gp_hi                        2.97
xsearrp.x256.gp_lo                        2.97
xsearrp.x128.bp                          1.485
xsearrp.x128.gp_in                        2.97
xsearrp.x128.gp_rel                1.48084e-09
xsearrp.x128.gp_hi                        2.97
xsearrp.x128.gp_lo                        2.97
xsearrp.x64.bp                           1.485
xsearrp.x64.gp_in                         2.97
xsearrp.x64.gp_rel                 1.48084e-09
xsearrp.x64.gp_hi                         2.97
xsearrp.x64.gp_lo                         2.97
xsearrp.x32.bp                           1.485
xsearrp.x32.gp_in                         2.97
xsearrp.x32.gp_rel                 1.48084e-09
xsearrp.x32.gp_hi                         2.97
xsearrp.x32.gp_lo                         2.97
xsearrp.x16.bp                           1.485
xsearrp.x16.gp_in                         2.97
xsearrp.x16.gp_rel                 1.48084e-09
xsearrp.x16.gp_hi                         2.97
xsearrp.x16.gp_lo                         2.97
xsearrp.x8.bp                            1.485
xsearrp.x8.gp_in                          2.97
xsearrp.x8.gp_rel                  1.48084e-09
xsearrp.x8.gp_hi                          2.97
xsearrp.x8.gp_lo                          2.97
xsearrp.x4.bp                            1.485
xsearrp.x4.gp_in                          2.97
xsearrp.x4.gp_rel                  1.48084e-09
xsearrp.x4.gp_hi                          2.97
xsearrp.x4.gp_lo                          2.97
xsearrp.x2.bp                            1.485
xsearrp.x2.gp_in                          2.97
xsearrp.x2.gp_rel                  1.48084e-09
xsearrp.x2.gp_hi                          2.97
xsearrp.x2.gp_lo                          2.97
xsearrp.x1.bp                            1.485
xsearrp.x1.gp_in                          2.97
xsearrp.x1.gp_rel                  1.48084e-09
xsearrp.x1.gp_hi                          2.97
xsearrp.x1.gp_lo                          2.97
xsearrn.x256.bp                          1.485
xsearrn.x256.gp_in                        2.97
xsearrn.x256.gp_rel                1.48084e-09
xsearrn.x256.gp_hi                        2.97
xsearrn.x256.gp_lo                        2.97
xsearrn.x128.bp                          1.485
xsearrn.x128.gp_in                        2.97
xsearrn.x128.gp_rel                1.48084e-09
xsearrn.x128.gp_hi                        2.97
xsearrn.x128.gp_lo                        2.97
xsearrn.x64.bp                           1.485
xsearrn.x64.gp_in                         2.97
xsearrn.x64.gp_rel                 1.48084e-09
xsearrn.x64.gp_hi                         2.97
xsearrn.x64.gp_lo                         2.97
xsearrn.x32.bp                           1.485
xsearrn.x32.gp_in                         2.97
xsearrn.x32.gp_rel                 1.48084e-09
xsearrn.x32.gp_hi                         2.97
xsearrn.x32.gp_lo                         2.97
xsearrn.x16.bp                           1.485
xsearrn.x16.gp_in                         2.97
xsearrn.x16.gp_rel                 1.48084e-09
xsearrn.x16.gp_hi                         2.97
xsearrn.x16.gp_lo                         2.97
xsearrn.x8.bp                            1.485
xsearrn.x8.gp_in                          2.97
xsearrn.x8.gp_rel                  1.48084e-09
xsearrn.x8.gp_hi                          2.97
xsearrn.x8.gp_lo                          2.97
xsearrn.x4.bp                            1.485
xsearrn.x4.gp_in                          2.97
xsearrn.x4.gp_rel                  1.48084e-09
xsearrn.x4.gp_hi                          2.97
xsearrn.x4.gp_lo                          2.97
xsearrn.x2.bp                            1.485
xsearrn.x2.gp_in                          2.97
xsearrn.x2.gp_rel                  1.48084e-09
xsearrn.x2.gp_hi                          2.97
xsearrn.x2.gp_lo                          2.97
xsearrn.x1.bp                            1.485
xsearrn.x1.gp_in                          2.97
xsearrn.x1.gp_rel                  1.48084e-09
xsearrn.x1.gp_hi                          2.97
xsearrn.x1.gp_lo                          2.97
se_ibias                              0.640978
xsecmp.xpre.ptail                     0.725925
xsecmp.pon                             2.35054
xsecmp.preamp_in1                        1.485
xsecmp.pop                             2.35054
xsecmp.preamp_in2                        1.485
xsecmp.xpre.xrlp.11                    2.96957
xsecmp.xpre.xrlp.21                    2.35097
xsecmp.xpre.xrln.11                    2.96957
xsecmp.xpre.xrln.21                    2.35097
xsecmp.xlat.ltail                       1.8049
xsecmp.xlat.dip                           2.97
xsecmp.xlat.din                           2.97
xsecmp.outn                               2.97
xsecmp.outp                               2.97
xsecmp.sset                        5.49321e-09
xsecmp.srst                        5.49321e-09
xsecmp.xno1.ps                         2.76345
se_cmpb                                1.21864
xsecmp.xno2.ps                         2.76345
se_dacp                            1.11022e-16
se_dacn                            1.11022e-16
se_di                                    1.485
se_err                                     512
se_aerrh                                     0
se_code                                      0
bsecode#branch                               0
bseea#branch                                 0
bsee#branch                                  0
bsedi#branch                                 0
bsedacn#branch                               0
bsedacp#branch                               0
lvcm#branch                        8.48473e-10
lref#branch                        7.94344e-11
v.xsecmp.vpn#branch                 5.4901e-28
v.xsecmp.vpp#branch                5.41572e-28
vsemode#branch                               0
vsestart#branch                              0
vsevinn#branch                     3.46945e-17
vseinp#branch                      3.23471e-10
vcms#branch                        8.48473e-10
vcmi#branch                       -8.48473e-10
vrefs#branch                      -7.94344e-11
vddc#branch                       -0.000617565
vddd#branch                       -6.80463e-10
vddt#branch                       -1.98839e-11
vcmpclkb#branch                              0
vcmpclk#branch                               0
vclk#branch                                  0
a.xsectrl.a_gn#branch_1_0                    0
a.xsectrl.a_gn#branch_1_1                    0
a.xsectrl.a_gn#branch_1_2                    0
a.xsectrl.a_gn#branch_1_3                    0
a.xsectrl.a_gn#branch_1_4                    0
a.xsectrl.a_gn#branch_1_5                    0
a.xsectrl.a_gn#branch_1_6                    0
a.xsectrl.a_gn#branch_1_7                    0
a.xsectrl.a_gn#branch_1_8                    0
a.xsectrl.a_gn#branch_1_9                    0
a.xsectrl.a_gn#branch_1_10                   0
a.xsectrl.a_gn#branch_1_11                   0
a.xsectrl.a_gn#branch_1_12                   0
a.xsectrl.a_gn#branch_1_13                   0
a.xsectrl.a_gn#branch_1_14                   0
a.xsectrl.a_gn#branch_1_15                   0
a.xsectrl.a_gn#branch_1_16                   0
a.xsectrl.a_gn#branch_1_17                   0
a.xsectrl.a_gn#branch_1_18                   0
a.xsectrl.a_gn#branch_1_19                   0
a.xsectrl.a_gn#branch_1_20                   0
a.xsectrl.a_gn#branch_1_21                   0
a.xsectrl.a_gn#branch_1_22                   0
a.xsectrl.a_gn#branch_1_23                   0
a.xsectrl.a_gn#branch_1_24                   0
a.xsectrl.a_gn#branch_1_25                   0
a.xsectrl.a_gn#branch_1_26                   0
a.xsectrl.a_gn#branch_1_27                   0
a.xsectrl.a_gn#branch_1_28                   0
a.xsectrl.a_gn#branch_1_29                   0
a.xsectrl.a_gn#branch_1_30                   0
a.xsectrl.a_gn#branch_1_31                   0
a.xsectrl.a_gn#branch_1_32                   0
a.xsectrl.a_gn#branch_1_33                   0
a.xsectrl.a_gn#branch_1_34                   0
a.xsectrl.a_gn#branch_1_35                   0
a.xsectrl.a_gn#branch_1_36                   0
a.xsectrl.a_gn#branch_1_37                   0
a.xsectrl.a_gn#branch_1_38                   0
a.xsectrl.a_gn#branch_1_39                   0
a.xsectrl.a_gn#branch_1_40                   0
a.xsectrl.a_gn#branch_1_41                   0
a.xsectrl.a_gn#branch_1_42                   0
a.xsectrl.a_gn#branch_1_43                   0
a.xsectrl.a_gn#branch_1_44                   0
a.xsectrl.a_gn#branch_1_45                   0
a.xsectrl.a_gn#branch_1_46                   0
a.xsectrl.a_gn#branch_1_47                   0
a.xsectrl.a_gn#branch_1_48                   0
a.xsectrl.a_gn#branch_1_49                   0
a.xsectrl.a_gn#branch_1_50                   0
a.xsectrl.a_gn#branch_1_51                   0
a.xsectrl.a_gn#branch_1_52                   0
a.xsectrl.a_gn#branch_1_53                   0
a.xsectrl.a_dout#branch_1_0                  0
a.xsectrl.a_dout#branch_1_1                  0
a.xsectrl.a_dout#branch_1_2                  0
a.xsectrl.a_dout#branch_1_3                  0
a.xsectrl.a_dout#branch_1_4                  0
a.xsectrl.a_dout#branch_1_5                  0
a.xsectrl.a_dout#branch_1_6                  0
a.xsectrl.a_dout#branch_1_7                  0
a.xsectrl.a_dout#branch_1_8                  0
a.xsectrl.a_dout#branch_1_9                  0
a.xsectrl.a_dout#branch_1_10                 0
a.xsectrl.a_dout#branch_1_11                 0
a.xsectrl.a_dout#branch_1_12                 0

 Reference value :  2.36115e-09
 Reference value :  5.17283e-08
 Reference value :  1.25248e-07
 Reference value :  1.90066e-07
 Reference value :  2.52836e-07
 Reference value :  3.12885e-07
 Reference value :  3.75274e-07
 Reference value :  4.37617e-07
 Reference value :  5.00108e-07
 Reference value :  5.62500e-07
 Reference value :  6.20800e-07
 Reference value :  6.87670e-07
 Reference value :  7.50201e-07
 Reference value :  8.12852e-07
 Reference value :  8.75224e-07
 Reference value :  9.37638e-07
 Reference value :  1.00227e-06
 Reference value :  1.03233e-06
 Reference value :  1.12535e-06
 Reference value :  1.18982e-06
 Reference value :  1.25267e-06
 Reference value :  1.31293e-06
 Reference value :  1.37727e-06
 Reference value :  1.43992e-06
 Reference value :  1.50071e-06
 Reference value :  1.56282e-06
 Reference value :  1.62543e-06
 Reference value :  1.68815e-06
 Reference value :  1.75232e-06
 Reference value :  1.81478e-06
 Reference value :  1.87727e-06
 Reference value :  1.93861e-06
 Reference value :  2.00253e-06
 Reference value :  2.06260e-06
 Reference value :  2.12543e-06
 Reference value :  2.19000e-06
 Reference value :  2.25286e-06
 Reference value :  2.31478e-06
 Reference value :  2.37726e-06
 Reference value :  2.43799e-06
 Reference value :  2.50021e-06
 Reference value :  2.56268e-06
 Reference value :  2.62515e-06
 Reference value :  2.68770e-06
 Reference value :  2.75042e-06
 Reference value :  2.81285e-06
 Reference value :  2.87519e-06
 Reference value :  2.90860e-06
 Reference value :  3.00012e-06
 Reference value :  3.03133e-06
 Reference value :  3.09384e-06
 Reference value :  3.15658e-06
 Reference value :  3.21879e-06
 Reference value :  3.25295e-06
 Reference value :  3.31664e-06
 Reference value :  3.37808e-06
 Reference value :  3.46877e-06
 Reference value :  3.52867e-06
 Reference value :  3.59408e-06
 Reference value :  3.68769e-06
 Reference value :  3.75003e-06
 Reference value :  3.78177e-06
 Reference value :  3.84406e-06
 Reference value :  3.90629e-06
 Reference value :  3.96881e-06
 Reference value :  4.00261e-06
 Reference value :  4.04024e-06
 Reference value :  4.10444e-06
 Reference value :  4.17486e-06
 Reference value :  4.21919e-06
 Reference value :  4.31263e-06
 Reference value :  4.37752e-06
 Reference value :  4.46888e-06
 Reference value :  4.53134e-06
 Reference value :  4.59380e-06
 Reference value :  4.65628e-06
 Reference value :  4.71876e-06
 Reference value :  4.78126e-06
 Reference value :  4.81511e-06
 Reference value :  4.87727e-06
 Reference value :  4.93775e-06
 Reference value :  5.00081e-06
 Reference value :  5.06260e-06
 Reference value :  5.13346e-06
 Reference value :  5.18997e-06
 Reference value :  5.25064e-06
 Reference value :  5.31477e-06
 Reference value :  5.34477e-06
 Reference value :  5.40632e-06
 Reference value :  5.43998e-06
 Reference value :  5.50257e-06
 Reference value :  5.56541e-06
 Reference value :  5.62746e-06
 Reference value :  5.71883e-06
 Reference value :  5.81272e-06
 Reference value :  5.87758e-06
 Reference value :  6.00001e-06
 Reference value :  6.03130e-06
 Reference value :  6.09378e-06
 Reference value :  6.15628e-06
 Reference value :  6.18815e-06
 Reference value :  6.22844e-06
 Reference value :  6.28159e-06
 Reference value :  6.34687e-06
 Reference value :  6.43784e-06
 Reference value :  6.50029e-06
 Reference value :  6.56267e-06
 Reference value :  6.62511e-06
 Reference value :  6.68760e-06
 Reference value :  6.75011e-06
 Reference value :  6.81267e-06
 Reference value :  6.87506e-06
 Reference value :  6.90766e-06
 Reference value :  7.00020e-06
 Reference value :  7.03155e-06
 Reference value :  7.09397e-06
 Reference value :  7.15674e-06
 Reference value :  7.21921e-06
 Reference value :  7.31253e-06
 Reference value :  7.37537e-06
 Reference value :  7.44000e-06
 Reference value :  7.53130e-06
 Reference value :  7.61404e-06
 Reference value :  7.68983e-06
 Reference value :  7.78137e-06
 Reference value :  7.87517e-06
 Reference value :  7.95841e-06
 Reference value :  8.03136e-06
 Reference value :  8.12538e-06
 Reference value :  8.21902e-06
 Reference value :  8.31293e-06
 Reference value :  8.37507e-06
 Reference value :  8.40645e-06
 Reference value :  8.46877e-06
 Reference value :  8.50259e-06
 Reference value :  8.56372e-06
 Reference value :  8.62510e-06
 Reference value :  8.65765e-06
 Reference value :  8.71919e-06
 Reference value :  8.78163e-06
 Reference value :  8.84392e-06
 Reference value :  8.90629e-06
 Reference value :  8.96877e-06
 Reference value :  9.00290e-06
 Reference value :  9.09375e-06
 Reference value :  9.15628e-06
 Reference value :  9.20011e-06
 Reference value :  9.25300e-06
 Reference value :  9.31484e-06
 Reference value :  9.37531e-06
 Reference value :  9.43769e-06
 Reference value :  9.50003e-06
 Reference value :  9.54462e-06
 Reference value :  9.59416e-06
 Reference value :  9.65645e-06
 Reference value :  9.71882e-06
 Reference value :  9.76132e-06
 Reference value :  9.81503e-06
 Reference value :  9.87727e-06
 Reference value :  9.93753e-06
 Reference value :  1.00001e-05
 Reference value :  1.00313e-05
 Reference value :  1.00939e-05
 Reference value :  1.01564e-05
 Reference value :  1.01930e-05
 Reference value :  1.02504e-05
 Reference value :  1.02930e-05
 Reference value :  1.03438e-05
 Reference value :  1.03775e-05
 Reference value :  1.04688e-05
 Reference value :  1.05318e-05
 Reference value :  1.06252e-05
 Reference value :  1.06903e-05
 Reference value :  1.07813e-05
 Reference value :  1.08438e-05
 Reference value :  1.08865e-05
 Reference value :  1.09688e-05
 Reference value :  1.10028e-05
 Reference value :  1.10938e-05
 Reference value :  1.11566e-05
 Reference value :  1.12189e-05
 Reference value :  1.12672e-05
 Reference value :  1.13148e-05
 Reference value :  1.13751e-05
 Reference value :  1.14067e-05
 Reference value :  1.14688e-05
 Reference value :  1.15040e-05
 Reference value :  1.15650e-05
 Reference value :  1.16254e-05
 Reference value :  1.16876e-05
 Reference value :  1.17193e-05
 Reference value :  1.17814e-05
 Reference value :  1.18264e-05
 Reference value :  1.18774e-05
 Reference value :  1.19377e-05
 Reference value :  1.20026e-05
 Reference value :  1.20628e-05
 Reference value :  1.21268e-05
 Reference value :  1.22127e-05
 Reference value :  1.22504e-05
 Reference value :  1.23129e-05
 Reference value :  1.23445e-05
 Reference value :  1.24066e-05
 Reference value :  1.25001e-05
 Reference value :  1.25317e-05
 Reference value :  1.25939e-05
 Reference value :  1.26563e-05
 Reference value :  1.26962e-05
 Reference value :  1.27527e-05
 Reference value :  1.28151e-05
 Reference value :  1.28776e-05
 Reference value :  1.29688e-05
 Reference value :  1.30029e-05
 Reference value :  1.30629e-05
 Reference value :  1.31255e-05
 Reference value :  1.31900e-05
 Reference value :  1.32512e-05
 Reference value :  1.33127e-05
 Reference value :  1.33502e-05
 Reference value :  1.34379e-05
 Reference value :  1.35030e-05
 Reference value :  1.35939e-05
 Reference value :  1.36877e-05
 Reference value :  1.37553e-05
 Reference value :  1.38478e-05
 Reference value :  1.39405e-05
 Reference value :  1.40313e-05
 Reference value :  1.41255e-05
 Reference value :  1.42191e-05
 Reference value :  1.43127e-05
 Reference value :  1.43775e-05
 Reference value :  1.44689e-05
 Reference value :  1.45627e-05
 Reference value :  1.46276e-05
 Reference value :  1.47189e-05
 Reference value :  1.48129e-05
 Reference value :  1.48775e-05
 Reference value :  1.49688e-05
 Reference value :  1.50028e-05
 Reference value :  1.50626e-05
 Reference value :  1.51255e-05
 Reference value :  1.51888e-05
 Reference value :  1.52502e-05
 Reference value :  1.53037e-05
 Reference value :  1.53441e-05
 Reference value :  1.54063e-05
 Reference value :  1.54432e-05
 Reference value :  1.55025e-05
 Reference value :  1.55627e-05
 Reference value :  1.55941e-05
 Reference value :  1.56564e-05
 Reference value :  1.57189e-05
 Reference value :  1.57813e-05
 Reference value :  1.58438e-05
 Reference value :  1.59063e-05
 Reference value :  1.59689e-05
 Reference value :  1.60030e-05
 Reference value :  1.60730e-05
 Reference value :  1.61568e-05
 Reference value :  1.62501e-05
 Reference value :  1.63150e-05
 Reference value :  1.64064e-05
 Reference value :  1.65001e-05
 Reference value :  1.65649e-05
 Reference value :  1.66563e-05
 Reference value :  1.67501e-05
 Reference value :  1.68149e-05
 Reference value :  1.68776e-05
 Reference value :  1.69378e-05
No. of Data Rows : 41264
icmpf000            =  -2.74607e-05 from=  3.00000e-06 to=  5.00001e-06
icdacf000           =  -5.69738e-06 from=  3.00000e-06 to=  5.00001e-06
itrkf000            =  -2.15370e-07 from=  3.00000e-06 to=  5.00001e-06
ireff000            =  -1.95719e-09 from=  3.00000e-06 to=  5.00001e-06
ivcmf000            =  9.02679e-06 from=  3.00000e-06 to=  5.00001e-06
icmpf025            =  -2.79634e-05 from=  6.00000e-06 to=  8.00001e-06
icdacf025           =  -5.74554e-06 from=  6.00000e-06 to=  8.00001e-06
itrkf025            =  -2.17536e-07 from=  6.00000e-06 to=  8.00001e-06
ireff025            =  -6.12648e-06 from=  6.00000e-06 to=  8.00001e-06
ivcmf025            =  1.36664e-05 from=  6.00000e-06 to=  8.00001e-06
icmpf050            =  -2.85288e-05 from=  9.00000e-06 to=  1.10000e-05
icdacf050           =  -5.95763e-06 from=  9.00000e-06 to=  1.10000e-05
itrkf050            =  -2.19516e-07 from=  9.00000e-06 to=  1.10000e-05
ireff050            =  -1.25959e-05 from=  9.00000e-06 to=  1.10000e-05
ivcmf050            =  -7.67892e-06 from=  9.00000e-06 to=  1.10000e-05
icmpf075            =  -2.75734e-05 from=  1.20000e-05 to=  1.40000e-05
icdacf075           =  -6.35615e-06 from=  1.20000e-05 to=  1.40000e-05
itrkf075            =  -2.21544e-07 from=  1.20000e-05 to=  1.40000e-05
ireff075            =  -1.24828e-05 from=  1.20000e-05 to=  1.40000e-05
ivcmf075            =  -7.03081e-06 from=  1.20000e-05 to=  1.40000e-05
icmpf100            =  -2.75802e-05 from=  1.50000e-05 to=  1.70000e-05
icdacf100           =  -6.55619e-06 from=  1.50000e-05 to=  1.70000e-05
itrkf100            =  -2.23195e-07 from=  1.50000e-05 to=  1.70000e-05
ireff100            =  -9.77242e-06 from=  1.50000e-05 to=  1.70000e-05
ivcmf100            =  -1.04764e-05 from=  1.50000e-05 to=  1.70000e-05
vddm                =  2.97000e+00
m_p_cmp_f000_uw = 8.1558219600e+01
m_p_cdac_f000_uw = 1.6921218600e+01
m_p_trk_f000_uw = 6.3964860300e-01
m_p_ref_f000_uw = 5.8128661800e-03
m_p_vcm_f000_uw = -1.340478909e+01
m_p_total_f000_uw = 8.5720110579e+01
m_p_cmp_f025_uw = 8.3051446500e+01
m_p_cdac_f025_uw = 1.7064241920e+01
m_p_trk_f025_uw = 6.4608221700e-01
m_p_ref_f025_uw = 1.8195654510e+01
m_p_vcm_f025_uw = -2.029457430e+01
m_p_total_f025_uw = 9.8662850847e+01
m_p_cmp_f050_uw = 8.4730625100e+01
m_p_cdac_f050_uw = 1.7694155160e+01
m_p_trk_f050_uw = 6.5196133200e-01
m_p_ref_f050_uw = 3.7409882400e+01
m_p_vcm_f050_uw = 1.1403191745e+01
m_p_total_f050_uw = 1.5188981574e+02
m_p_cmp_f075_uw = 8.1892968300e+01
m_p_cdac_f075_uw = 1.8877753620e+01
m_p_trk_f075_uw = 6.5798449200e-01
m_p_ref_f075_uw = 3.7074005100e+01
m_p_vcm_f075_uw = 1.0440745425e+01
m_p_total_f075_uw = 1.4894345694e+02
m_p_cmp_f100_uw = 8.1913283100e+01
m_p_cdac_f100_uw = 1.9471893210e+01
m_p_trk_f100_uw = 6.6288885300e-01
m_p_ref_f100_uw = 2.9024081460e+01
m_p_vcm_f100_uw = 1.5557409450e+01
m_p_total_f100_uw = 1.4662955607e+02
m_supply_v = 2.9700000000e+00
Note: Simulation executed from .control section 

Note: Starting dynamic gmin stepping
Note: Dynamic gmin stepping completed
