
Note: No compatibility mode selected!


Circuit: * adc-inl-dnl @ mim_ff_-40c_3.63v -- generated by sim/harness, do not edit

Reducing trtol to 1 for xspice 'A' devices
Doing analysis at TEMP = -40.000000 and TNOM = 27.000000

Using SPARSE 1.3 as Direct Linear Solver

Initial Transient Solution
--------------------------

Node                                   Voltage
----                                   -------
clk                                          0
cmpclk                                       0
cmpclkb                                   3.63
vddt                                      3.63
vddd                                      3.63
vddc                                      3.63
vrefs                                     3.63
vrefn                                     3.63
vcmn                                     1.815
se_vinp                             0.00443115
se_vinn                                  1.815
se_start                                     0
se_mode                                      0
se_cmp                                 1.49859
se_samp_tp_n                                 0
se_sel_in_n                                  0
se_drdy                                   3.63
se_c9                                        0
se_c8                                        0
se_c7                                        0
se_c6                                        0
se_c5                                        0
se_c4                                        0
se_c3                                        0
se_c2                                        0
se_c1                                        0
se_c0                                        0
se_rel_n_256p                             3.63
se_sel_hi_n_256p                             0
se_sel_lo_n_256p                             0
se_rel_n_128p                             3.63
se_sel_hi_n_128p                             0
se_sel_lo_n_128p                             0
se_rel_n_64p                              3.63
se_sel_hi_n_64p                              0
se_sel_lo_n_64p                              0
se_rel_n_32p                              3.63
se_sel_hi_n_32p                              0
se_sel_lo_n_32p                              0
se_rel_n_16p                              3.63
se_sel_hi_n_16p                              0
se_sel_lo_n_16p                              0
se_rel_n_8p                               3.63
se_sel_hi_n_8p                               0
se_sel_lo_n_8p                               0
se_rel_n_4p                               3.63
se_sel_hi_n_4p                               0
se_sel_lo_n_4p                               0
se_rel_n_2p                               3.63
se_sel_hi_n_2p                               0
se_sel_lo_n_2p                               0
se_rel_n_1p                               3.63
se_sel_hi_n_1p                               0
se_sel_lo_n_1p                               0
se_rel_n_256n                             3.63
se_sel_hi_n_256n                             0
se_sel_lo_n_256n                             0
se_rel_n_128n                             3.63
se_sel_hi_n_128n                             0
se_sel_lo_n_128n                             0
se_rel_n_64n                              3.63
se_sel_hi_n_64n                              0
se_sel_lo_n_64n                              0
se_rel_n_32n                              3.63
se_sel_hi_n_32n                              0
se_sel_lo_n_32n                              0
se_rel_n_16n                              3.63
se_sel_hi_n_16n                              0
se_sel_lo_n_16n                              0
se_rel_n_8n                               3.63
se_sel_hi_n_8n                               0
se_sel_lo_n_8n                               0
se_rel_n_4n                               3.63
se_sel_hi_n_4n                               0
se_sel_lo_n_4n                               0
se_rel_n_2n                               3.63
se_sel_hi_n_2n                               0
se_sel_lo_n_2n                               0
se_rel_n_1n                               3.63
se_sel_hi_n_1n                               0
se_sel_lo_n_1n                               0
se_pinp                             0.00443115
se_pinn                                  1.815
xsetswp.gp                                3.63
se_topp                                1.81502
xsetswn.gp                                3.63
se_topn                                1.81502
xsearrp.x256.bp                          1.815
xsearrp.x256.gp_in                        3.63
xsearrp.x256.gp_rel                1.80945e-09
xsearrp.x256.gp_hi                        3.63
xsearrp.x256.gp_lo                        3.63
xsearrp.x128.bp                          1.815
xsearrp.x128.gp_in                        3.63
xsearrp.x128.gp_rel                1.80945e-09
xsearrp.x128.gp_hi                        3.63
xsearrp.x128.gp_lo                        3.63
xsearrp.x64.bp                           1.815
xsearrp.x64.gp_in                         3.63
xsearrp.x64.gp_rel                 1.80945e-09
xsearrp.x64.gp_hi                         3.63
xsearrp.x64.gp_lo                         3.63
xsearrp.x32.bp                           1.815
xsearrp.x32.gp_in                         3.63
xsearrp.x32.gp_rel                 1.80945e-09
xsearrp.x32.gp_hi                         3.63
xsearrp.x32.gp_lo                         3.63
xsearrp.x16.bp                           1.815
xsearrp.x16.gp_in                         3.63
xsearrp.x16.gp_rel                 1.80945e-09
xsearrp.x16.gp_hi                         3.63
xsearrp.x16.gp_lo                         3.63
xsearrp.x8.bp                            1.815
xsearrp.x8.gp_in                          3.63
xsearrp.x8.gp_rel                  1.80945e-09
xsearrp.x8.gp_hi                          3.63
xsearrp.x8.gp_lo                          3.63
xsearrp.x4.bp                            1.815
xsearrp.x4.gp_in                          3.63
xsearrp.x4.gp_rel                  1.80945e-09
xsearrp.x4.gp_hi                          3.63
xsearrp.x4.gp_lo                          3.63
xsearrp.x2.bp                            1.815
xsearrp.x2.gp_in                          3.63
xsearrp.x2.gp_rel                  1.80945e-09
xsearrp.x2.gp_hi                          3.63
xsearrp.x2.gp_lo                          3.63
xsearrp.x1.bp                            1.815
xsearrp.x1.gp_in                          3.63
xsearrp.x1.gp_rel                  1.80945e-09
xsearrp.x1.gp_hi                          3.63
xsearrp.x1.gp_lo                          3.63
xsearrn.x256.bp                          1.815
xsearrn.x256.gp_in                        3.63
xsearrn.x256.gp_rel                1.80945e-09
xsearrn.x256.gp_hi                        3.63
xsearrn.x256.gp_lo                        3.63
xsearrn.x128.bp                          1.815
xsearrn.x128.gp_in                        3.63
xsearrn.x128.gp_rel                1.80945e-09
xsearrn.x128.gp_hi                        3.63
xsearrn.x128.gp_lo                        3.63
xsearrn.x64.bp                           1.815
xsearrn.x64.gp_in                         3.63
xsearrn.x64.gp_rel                 1.80945e-09
xsearrn.x64.gp_hi                         3.63
xsearrn.x64.gp_lo                         3.63
xsearrn.x32.bp                           1.815
xsearrn.x32.gp_in                         3.63
xsearrn.x32.gp_rel                 1.80945e-09
xsearrn.x32.gp_hi                         3.63
xsearrn.x32.gp_lo                         3.63
xsearrn.x16.bp                           1.815
xsearrn.x16.gp_in                         3.63
xsearrn.x16.gp_rel                 1.80945e-09
xsearrn.x16.gp_hi                         3.63
xsearrn.x16.gp_lo                         3.63
xsearrn.x8.bp                            1.815
xsearrn.x8.gp_in                          3.63
xsearrn.x8.gp_rel                  1.80945e-09
xsearrn.x8.gp_hi                          3.63
xsearrn.x8.gp_lo                          3.63
xsearrn.x4.bp                            1.815
xsearrn.x4.gp_in                          3.63
xsearrn.x4.gp_rel                  1.80945e-09
xsearrn.x4.gp_hi                          3.63
xsearrn.x4.gp_lo                          3.63
xsearrn.x2.bp                            1.815
xsearrn.x2.gp_in                          3.63
xsearrn.x2.gp_rel                  1.80945e-09
xsearrn.x2.gp_hi                          3.63
xsearrn.x2.gp_lo                          3.63
xsearrn.x1.bp                            1.815
xsearrn.x1.gp_in                          3.63
xsearrn.x1.gp_rel                  1.80945e-09
xsearrn.x1.gp_hi                          3.63
xsearrn.x1.gp_lo                          3.63
se_ibias                              0.807378
xsecmp.xpre.ptail                     0.834872
xsecmp.pon                             2.79945
xsecmp.preamp_in1                      1.81502
xsecmp.pop                             2.79945
xsecmp.preamp_in2                      1.81502
xsecmp.xpre.xrlp.11                    3.62925
xsecmp.xpre.xrlp.21                     2.8002
xsecmp.xpre.xrln.11                    3.62925
xsecmp.xpre.xrln.21                     2.8002
xsecmp.xlat.ltail                      1.96734
xsecmp.xlat.dip                           3.63
xsecmp.xlat.din                           3.63
xsecmp.outn                               3.63
xsecmp.outp                               3.63
xsecmp.sset                        5.74698e-09
xsecmp.srst                        5.74698e-09
xsecmp.xno1.ps                         3.38743
se_cmpb                                1.49859
xsecmp.xno2.ps                         3.38743
se_dacp                           -1.11022e-16
se_dacn                           -1.11022e-16
se_di                                  1.81057
se_err                                  510.75
se_aerrh                                     0
se_code                                      0
bsecode#branch                               0
bseea#branch                                 0
bsee#branch                                  0
bsedi#branch                                 0
bsedacn#branch                               0
bsedacp#branch                               0
lref#branch                        6.58098e-11
v.xsecmp.vpn#branch                6.47432e-28
v.xsecmp.vpp#branch                8.08466e-28
vsemode#branch                               0
vsestart#branch                              0
vsevinn#branch                       3.747e-16
vseinp#branch                      6.47533e-11
vcms#branch                       -6.72899e-14
vrefs#branch                      -6.58098e-11
vddc#branch                       -0.000876554
vddd#branch                       -6.64445e-10
vddt#branch                       -1.45935e-11
vcmpclkb#branch                              0
vcmpclk#branch                               0
vclk#branch                                  0
a.xsectrl.a_gn#branch_1_0                    0
a.xsectrl.a_gn#branch_1_1                    0
a.xsectrl.a_gn#branch_1_2                    0
a.xsectrl.a_gn#branch_1_3                    0
a.xsectrl.a_gn#branch_1_4                    0
a.xsectrl.a_gn#branch_1_5                    0
a.xsectrl.a_gn#branch_1_6                    0
a.xsectrl.a_gn#branch_1_7                    0
a.xsectrl.a_gn#branch_1_8                    0
a.xsectrl.a_gn#branch_1_9                    0
a.xsectrl.a_gn#branch_1_10                   0
a.xsectrl.a_gn#branch_1_11                   0
a.xsectrl.a_gn#branch_1_12                   0
a.xsectrl.a_gn#branch_1_13                   0
a.xsectrl.a_gn#branch_1_14                   0
a.xsectrl.a_gn#branch_1_15                   0
a.xsectrl.a_gn#branch_1_16                   0
a.xsectrl.a_gn#branch_1_17                   0
a.xsectrl.a_gn#branch_1_18                   0
a.xsectrl.a_gn#branch_1_19                   0
a.xsectrl.a_gn#branch_1_20                   0
a.xsectrl.a_gn#branch_1_21                   0
a.xsectrl.a_gn#branch_1_22                   0
a.xsectrl.a_gn#branch_1_23                   0
a.xsectrl.a_gn#branch_1_24                   0
a.xsectrl.a_gn#branch_1_25                   0
a.xsectrl.a_gn#branch_1_26                   0
a.xsectrl.a_gn#branch_1_27                   0
a.xsectrl.a_gn#branch_1_28                   0
a.xsectrl.a_gn#branch_1_29                   0
a.xsectrl.a_gn#branch_1_30                   0
a.xsectrl.a_gn#branch_1_31                   0
a.xsectrl.a_gn#branch_1_32                   0
a.xsectrl.a_gn#branch_1_33                   0
a.xsectrl.a_gn#branch_1_34                   0
a.xsectrl.a_gn#branch_1_35                   0
a.xsectrl.a_gn#branch_1_36                   0
a.xsectrl.a_gn#branch_1_37                   0
a.xsectrl.a_gn#branch_1_38                   0
a.xsectrl.a_gn#branch_1_39                   0
a.xsectrl.a_gn#branch_1_40                   0
a.xsectrl.a_gn#branch_1_41                   0
a.xsectrl.a_gn#branch_1_42                   0
a.xsectrl.a_gn#branch_1_43                   0
a.xsectrl.a_gn#branch_1_44                   0
a.xsectrl.a_gn#branch_1_45                   0
a.xsectrl.a_gn#branch_1_46                   0
a.xsectrl.a_gn#branch_1_47                   0
a.xsectrl.a_gn#branch_1_48                   0
a.xsectrl.a_gn#branch_1_49                   0
a.xsectrl.a_gn#branch_1_50                   0
a.xsectrl.a_gn#branch_1_51                   0
a.xsectrl.a_gn#branch_1_52                   0
a.xsectrl.a_gn#branch_1_53                   0
a.xsectrl.a_dout#branch_1_0                  0
a.xsectrl.a_dout#branch_1_1                  0
a.xsectrl.a_dout#branch_1_2                  0
a.xsectrl.a_dout#branch_1_3                  0
a.xsectrl.a_dout#branch_1_4                  0
a.xsectrl.a_dout#branch_1_5                  0
a.xsectrl.a_dout#branch_1_6                  0
a.xsectrl.a_dout#branch_1_7                  0
a.xsectrl.a_dout#branch_1_8                  0
a.xsectrl.a_dout#branch_1_9                  0
a.xsectrl.a_dout#branch_1_10                 0
a.xsectrl.a_dout#branch_1_11                 0
a.xsectrl.a_dout#branch_1_12                 0

 Reference value :  3.14019e-08
 Reference value :  1.56304e-07
 Reference value :  2.50202e-07
 Reference value :  3.14933e-07
 Reference value :  4.06476e-07
 Reference value :  5.02405e-07
 Reference value :  5.93836e-07
 Reference value :  6.87993e-07
 Reference value :  7.52670e-07
 Reference value :  8.14818e-07
 Reference value :  8.75200e-07
 Reference value :  9.07138e-07
 Reference value :  9.87610e-07
 Reference value :  1.03145e-06
 Reference value :  1.14188e-06
 Reference value :  1.25003e-06
 Reference value :  1.31495e-06
 Reference value :  1.40659e-06
 Reference value :  1.50243e-06
 Reference value :  1.59386e-06
 Reference value :  1.68900e-06
 Reference value :  1.78151e-06
 Reference value :  1.87527e-06
 Reference value :  1.96883e-06
 Reference value :  2.03175e-06
 Reference value :  2.15633e-06
 Reference value :  2.25025e-06
 Reference value :  2.31514e-06
 Reference value :  2.40665e-06
 Reference value :  2.50227e-06
 Reference value :  2.59381e-06
 Reference value :  2.68780e-06
 Reference value :  2.78135e-06
 Reference value :  2.87511e-06
 Reference value :  2.96884e-06
 Reference value :  3.00290e-06
 Reference value :  3.06288e-06
 Reference value :  3.12534e-06
 Reference value :  3.18786e-06
 Reference value :  3.25011e-06
 Reference value :  3.28157e-06
 Reference value :  3.34377e-06
 Reference value :  3.37761e-06
 Reference value :  3.43992e-06
 Reference value :  3.50040e-06
 Reference value :  3.56251e-06
 Reference value :  3.59391e-06
 Reference value :  3.65631e-06
 Reference value :  3.69048e-06
 Reference value :  3.75246e-06
 Reference value :  3.81282e-06
 Reference value :  3.87511e-06
 Reference value :  3.90657e-06
 Reference value :  3.96913e-06
 Reference value :  4.00334e-06
 Reference value :  4.09378e-06
 Reference value :  4.15639e-06
 Reference value :  4.21879e-06
 Reference value :  4.25296e-06
 Reference value :  4.31478e-06
 Reference value :  4.37528e-06
 Reference value :  4.40667e-06
 Reference value :  4.46878e-06
 Reference value :  4.50242e-06
 Reference value :  4.56278e-06
 Reference value :  4.62220e-06
 Reference value :  4.65658e-06
 Reference value :  4.71883e-06
 Reference value :  4.81275e-06
 Reference value :  4.90625e-06
 Reference value :  5.00083e-06
 Reference value :  5.09395e-06
 Reference value :  5.18981e-06
 Reference value :  5.28141e-06
 Reference value :  5.37531e-06
 Reference value :  5.44010e-06
 Reference value :  5.53146e-06
 Reference value :  5.62731e-06
 Reference value :  5.71904e-06
 Reference value :  5.81484e-06
 Reference value :  5.90632e-06
 Reference value :  6.00072e-06
 Reference value :  6.09398e-06
 Reference value :  6.21876e-06
 Reference value :  6.31270e-06
 Reference value :  6.37959e-06
 Reference value :  6.46912e-06
 Reference value :  6.56493e-06
 Reference value :  6.65640e-06
 Reference value :  6.75227e-06
 Reference value :  6.84395e-06
 Reference value :  6.93772e-06
 Reference value :  7.03129e-06
 Reference value :  7.15626e-06
 Reference value :  7.21927e-06
 Reference value :  7.31300e-06
 Reference value :  7.37838e-06
 Reference value :  7.46896e-06
 Reference value :  7.56480e-06
 Reference value :  7.65636e-06
 Reference value :  7.75044e-06
 Reference value :  7.84395e-06
 Reference value :  7.93849e-06
 Reference value :  8.03141e-06
 Reference value :  8.15630e-06
 Reference value :  8.21949e-06
 Reference value :  8.31477e-06
 Reference value :  8.38851e-06
 Reference value :  8.46915e-06
 Reference value :  8.56491e-06
 Reference value :  8.65643e-06
 Reference value :  8.75227e-06
 Reference value :  8.84414e-06
 Reference value :  8.93773e-06
 Reference value :  9.03130e-06
 Reference value :  9.15631e-06
 Reference value :  9.25036e-06
 Reference value :  9.34382e-06
 Reference value :  9.42774e-06
 Reference value :  9.50230e-06
 Reference value :  9.59385e-06
 Reference value :  9.68805e-06
 Reference value :  9.78134e-06
 Reference value :  9.87521e-06
 Reference value :  9.96891e-06
 Reference value :  1.00627e-05
 Reference value :  1.01877e-05
 Reference value :  1.02813e-05
 Reference value :  1.03751e-05
 Reference value :  1.04426e-05
 Reference value :  1.05626e-05
 Reference value :  1.06275e-05
 Reference value :  1.07218e-05
 Reference value :  1.08150e-05
 Reference value :  1.09066e-05
 Reference value :  1.10027e-05
 Reference value :  1.10939e-05
 Reference value :  1.11568e-05
 Reference value :  1.12188e-05
 Reference value :  1.12814e-05
 Reference value :  1.13750e-05
 Reference value :  1.14400e-05
 Reference value :  1.15316e-05
 Reference value :  1.16273e-05
 Reference value :  1.17190e-05
 Reference value :  1.18148e-05
 Reference value :  1.19064e-05
 Reference value :  1.20024e-05
 Reference value :  1.20940e-05
 Reference value :  1.21899e-05
 Reference value :  1.22813e-05
 Reference value :  1.23438e-05
 Reference value :  1.23859e-05
 Reference value :  1.25000e-05
 Reference value :  1.25650e-05
 Reference value :  1.26564e-05
 Reference value :  1.27188e-05
 Reference value :  1.27814e-05
 Reference value :  1.28438e-05
 Reference value :  1.28775e-05
 Reference value :  1.29688e-05
 Reference value :  1.30315e-05
 Reference value :  1.30940e-05
 Reference value :  1.31569e-05
 Reference value :  1.32190e-05
 Reference value :  1.33095e-05
 Reference value :  1.33754e-05
 Reference value :  1.34379e-05
 Reference value :  1.35004e-05
 Reference value :  1.35659e-05
 Reference value :  1.36566e-05
 Reference value :  1.37507e-05
 Reference value :  1.38127e-05
 Reference value :  1.38736e-05
 Reference value :  1.39376e-05
 Reference value :  1.40027e-05
 Reference value :  1.40626e-05
 Reference value :  1.41252e-05
 Reference value :  1.41879e-05
 Reference value :  1.42502e-05
 Reference value :  1.42817e-05
 Reference value :  1.43438e-05
 Reference value :  1.44064e-05
 Reference value :  1.44689e-05
 Reference value :  1.45638e-05
 Reference value :  1.46564e-05
 Reference value :  1.47506e-05
 Reference value :  1.48439e-05
 Reference value :  1.49375e-05
 Reference value :  1.50029e-05
 Reference value :  1.50938e-05
 Reference value :  1.51563e-05
 Reference value :  1.51934e-05
 Reference value :  1.52528e-05
 Reference value :  1.53127e-05
 Reference value :  1.53441e-05
 Reference value :  1.53913e-05
 Reference value :  1.54398e-05
 Reference value :  1.55003e-05
 Reference value :  1.55625e-05
 Reference value :  1.56252e-05
 Reference value :  1.56900e-05
 Reference value :  1.57872e-05
 Reference value :  1.58775e-05
 Reference value :  1.59690e-05
 Reference value :  1.60317e-05
 Reference value :  1.61564e-05
 Reference value :  1.62502e-05
 Reference value :  1.63152e-05
 Reference value :  1.64066e-05
 Reference value :  1.65005e-05
 Reference value :  1.65754e-05
 Reference value :  1.66876e-05
 Reference value :  1.67503e-05
 Reference value :  1.68126e-05
 Reference value :  1.68442e-05
 Reference value :  1.69063e-05
 Reference value :  1.69688e-05
 Reference value :  1.70027e-05
 Reference value :  1.70626e-05
 Reference value :  1.71252e-05
 Reference value :  1.71879e-05
 Reference value :  1.72502e-05
 Reference value :  1.72816e-05
 Reference value :  1.73438e-05
 Reference value :  1.73785e-05
 Reference value :  1.74378e-05
 Reference value :  1.74693e-05
 Reference value :  1.75313e-05
 Reference value :  1.75660e-05
 Reference value :  1.76275e-05
 Reference value :  1.76882e-05
 Reference value :  1.77502e-05
 Reference value :  1.78125e-05
 Reference value :  1.78441e-05
 Reference value :  1.79063e-05
 Reference value :  1.79688e-05
 Reference value :  1.80029e-05
 Reference value :  1.80628e-05
 Reference value :  1.81255e-05
 Reference value :  1.81899e-05
 Reference value :  1.82505e-05
 Reference value :  1.83125e-05
 Reference value :  1.83441e-05
 Reference value :  1.84063e-05
 Reference value :  1.84518e-05
 Reference value :  1.85025e-05
 Reference value :  1.85633e-05
 Reference value :  1.86252e-05
 Reference value :  1.86599e-05
 Reference value :  1.87190e-05
 Reference value :  1.87813e-05
 Reference value :  1.88150e-05
 Reference value :  1.88754e-05
 Reference value :  1.89691e-05
 Reference value :  1.90626e-05
 Reference value :  1.91568e-05
 Reference value :  1.92528e-05
 Reference value :  1.93439e-05
 Reference value :  1.94383e-05
 Reference value :  1.95313e-05
 Reference value :  1.96251e-05
 Reference value :  1.96903e-05
 Reference value :  1.98126e-05
 Reference value :  1.98776e-05
No. of Data Rows : 52214
e1                  =  1.00822e+00
x1                  =  4.61505e+00 at=  2.28137e-06
cd1                 =  2.00000e+00
e2                  =  9.83007e-01
x2                  =  4.60406e+00 at=  3.28137e-06
cd2                 =  3.00000e+00
e128                =  6.71246e-01
x128                =  3.09181e+00 at=  4.28138e-06
cd128               =  1.28000e+02
e129                =  7.37492e-01
x129                =  3.15170e+00 at=  5.28139e-06
cd129               =  1.29000e+02
e255                =  4.29776e-01
x255                =  1.71554e+00 at=  6.28141e-06
cd255               =  2.55000e+02
e256                =  4.91861e-01
x256                =  1.76896e+00 at=  7.28141e-06
cd256               =  2.56000e+02
e257                =  4.94020e-01
x257                =  1.75589e+00 at=  8.28141e-06
cd257               =  2.57000e+02
e384                =  1.72543e-01
x384                =  8.89631e-01 at=  9.31261e-06
cd384               =  3.84000e+02
e511                =  -5.89348e-02
x511                =  1.34391e+00 at=  1.03439e-05
cd511               =  5.11000e+02
e512                =  -3.87406e-03
x512                =  1.28433e+00 at=  1.13439e-05
cd512               =  5.12000e+02
e513                =  5.56639e-03
x513                =  1.27498e+00 at=  1.23439e-05
cd513               =  5.13000e+02
e640                =  -3.11725e-01
x640                =  1.04100e+00 at=  1.32814e-05
cd640               =  6.39000e+02
e767                =  -5.56941e-01
x767                =  1.82889e+00 at=  1.42814e-05
cd767               =  7.66000e+02
e768                =  -5.01332e-01
x768                =  1.76750e+00 at=  1.52814e-05
cd768               =  7.67000e+02
e769                =  -4.89269e-01
x769                =  1.77268e+00 at=  1.62814e-05
cd769               =  7.68000e+02
e896                =  -8.10782e-01
x896                =  2.66797e+00 at=  1.72814e-05
cd896               =  8.95000e+02
e1022               =  -1.04477e+00
x1022               =  3.54012e+00 at=  1.82814e-05
cd1022              =  1.02100e+03
e1023               =  -9.93997e-01
x1023               =  3.47802e+00 at=  1.92814e-05
cd1023              =  1.02200e+03
vrefhi              =  3.63019e+00 at=  1.73149e-05
vreflo              =  3.62980e+00 at=  1.25681e-05
m_terr_t1_lsb = 1.0082170000e+00
m_decerr_t1_lsb = 4.6150490000e+00
m_code_t1 = 2.0000000000e+00
m_terr_t2_lsb = 9.8300740000e-01
m_decerr_t2_lsb = 4.6040620000e+00
m_code_t2 = 3.0000000000e+00
m_terr_t128_lsb = 6.7124630000e-01
m_decerr_t128_lsb = 3.0918110000e+00
m_code_t128 = 1.2800000000e+02
m_terr_t129_lsb = 7.3749170000e-01
m_decerr_t129_lsb = 3.1517000000e+00
m_code_t129 = 1.2900000000e+02
m_terr_t255_lsb = 4.2977620000e-01
m_decerr_t255_lsb = 1.7155350000e+00
m_code_t255 = 2.5500000000e+02
m_terr_t256_lsb = 4.9186080000e-01
m_decerr_t256_lsb = 1.7689570000e+00
m_code_t256 = 2.5600000000e+02
m_terr_t257_lsb = 4.9401950000e-01
m_decerr_t257_lsb = 1.7558870000e+00
m_code_t257 = 2.5700000000e+02
m_terr_t384_lsb = 1.7254290000e-01
m_decerr_t384_lsb = 8.8963110000e-01
m_code_t384 = 3.8400000000e+02
m_terr_t511_lsb = -5.893485000e-02
m_decerr_t511_lsb = 1.3439050000e+00
m_code_t511 = 5.1100000000e+02
m_terr_t512_lsb = -3.874060000e-03
m_decerr_t512_lsb = 1.2843340000e+00
m_code_t512 = 5.1200000000e+02
m_terr_t513_lsb = 5.5663920000e-03
m_decerr_t513_lsb = 1.2749830000e+00
m_code_t513 = 5.1300000000e+02
m_terr_t640_lsb = -3.117245000e-01
m_decerr_t640_lsb = 1.0410050000e+00
m_code_t640 = 6.3900000000e+02
m_terr_t767_lsb = -5.569412000e-01
m_decerr_t767_lsb = 1.8288940000e+00
m_code_t767 = 7.6600000000e+02
m_terr_t768_lsb = -5.013316000e-01
m_decerr_t768_lsb = 1.7674960000e+00
m_code_t768 = 7.6700000000e+02
m_terr_t769_lsb = -4.892685000e-01
m_decerr_t769_lsb = 1.7726810000e+00
m_code_t769 = 7.6800000000e+02
m_terr_t896_lsb = -8.107816000e-01
m_decerr_t896_lsb = 2.6679720000e+00
m_code_t896 = 8.9500000000e+02
m_terr_t1022_lsb = -1.044773000e+00
m_decerr_t1022_lsb = 3.5401180000e+00
m_code_t1022 = 1.0210000000e+03
m_terr_t1023_lsb = -9.939971000e-01
m_decerr_t1023_lsb = 3.4780220000e+00
m_code_t1023 = 1.0220000000e+03
m_inl_t1_lsb = 0.0000000000e+00
m_inl_t2_lsb = -2.325048640e-02
m_inl_t128_lsb = -8.816327270e-02
m_inl_t129_lsb = -1.995875910e-02
m_inl_t255_lsb = -8.082594540e-02
m_inl_t256_lsb = -1.678223180e-02
m_inl_t257_lsb = -1.266441820e-02
m_inl_t384_lsb = -8.533359090e-02
m_inl_t511_lsb = -6.800391360e-02
m_inl_t512_lsb = -1.098401000e-02
m_inl_t513_lsb = 4.1555560078e-04
m_inl_t640_lsb = -6.806790910e-02
m_inl_t767_lsb = -6.447718180e-02
m_inl_t768_lsb = -6.908468200e-03
m_inl_t769_lsb = 7.1137454012e-03
m_inl_t896_lsb = -6.559192730e-02
m_inl_t1022_lsb = -5.273501360e-02
m_inl_t1023_lsb = -2.220446049e-16
m_dnl_t1_t2_lsb = -2.520960000e-02
m_dnl_t128_t129_lsb = 6.6245400000e-02
m_dnl_t255_t256_lsb = 6.2084600000e-02
m_dnl_t256_t257_lsb = 2.1587000000e-03
m_dnl_t511_t512_lsb = 5.5060790000e-02
m_dnl_t512_t513_lsb = 9.4404520000e-03
m_dnl_t767_t768_lsb = 5.5609600000e-02
m_dnl_t768_t769_lsb = 1.2063100000e-02
m_dnl_t1022_t1023_lsb = 5.0775900000e-02
m_gain_err_lsb = -2.004173214e+00
m_vref_droop_mv = 3.8800000000e-01
Note: Simulation executed from .control section 

