
Note: No compatibility mode selected!


Circuit: * adc-inl-dnl @ moscap_ff_27c_3.63v -- generated by sim/harness, do not edit

Reducing trtol to 1 for xspice 'A' devices
Doing analysis at TEMP = 27.000000 and TNOM = 27.000000

Using SPARSE 1.3 as Direct Linear Solver

Initial Transient Solution
--------------------------

Node                                   Voltage
----                                   -------
clk                                          0
cmpclk                                       0
cmpclkb                                   3.63
vddt                                      3.63
vddd                                      3.63
vddc                                      3.63
vrefs                                     3.63
vrefn                                     3.63
vcmn                                     1.815
se_vinp                             0.00443115
se_vinn                                  1.815
se_start                                     0
se_mode                                      0
se_cmp                                 1.49269
se_samp_tp_n                                 0
se_sel_in_n                                  0
se_drdy                                   3.63
se_c9                                        0
se_c8                                        0
se_c7                                        0
se_c6                                        0
se_c5                                        0
se_c4                                        0
se_c3                                        0
se_c2                                        0
se_c1                                        0
se_c0                                        0
se_rel_n_256p                             3.63
se_sel_hi_n_256p                             0
se_sel_lo_n_256p                             0
se_rel_n_128p                             3.63
se_sel_hi_n_128p                             0
se_sel_lo_n_128p                             0
se_rel_n_64p                              3.63
se_sel_hi_n_64p                              0
se_sel_lo_n_64p                              0
se_rel_n_32p                              3.63
se_sel_hi_n_32p                              0
se_sel_lo_n_32p                              0
se_rel_n_16p                              3.63
se_sel_hi_n_16p                              0
se_sel_lo_n_16p                              0
se_rel_n_8p                               3.63
se_sel_hi_n_8p                               0
se_sel_lo_n_8p                               0
se_rel_n_4p                               3.63
se_sel_hi_n_4p                               0
se_sel_lo_n_4p                               0
se_rel_n_2p                               3.63
se_sel_hi_n_2p                               0
se_sel_lo_n_2p                               0
se_rel_n_1p                               3.63
se_sel_hi_n_1p                               0
se_sel_lo_n_1p                               0
se_rel_n_256n                             3.63
se_sel_hi_n_256n                             0
se_sel_lo_n_256n                             0
se_rel_n_128n                             3.63
se_sel_hi_n_128n                             0
se_sel_lo_n_128n                             0
se_rel_n_64n                              3.63
se_sel_hi_n_64n                              0
se_sel_lo_n_64n                              0
se_rel_n_32n                              3.63
se_sel_hi_n_32n                              0
se_sel_lo_n_32n                              0
se_rel_n_16n                              3.63
se_sel_hi_n_16n                              0
se_sel_lo_n_16n                              0
se_rel_n_8n                               3.63
se_sel_hi_n_8n                               0
se_sel_lo_n_8n                               0
se_rel_n_4n                               3.63
se_sel_hi_n_4n                               0
se_sel_lo_n_4n                               0
se_rel_n_2n                               3.63
se_sel_hi_n_2n                               0
se_sel_lo_n_2n                               0
se_rel_n_1n                               3.63
se_sel_hi_n_1n                               0
se_sel_lo_n_1n                               0
se_pinp                             0.00443115
se_pinn                                  1.815
xsetswp.gp                                3.63
se_topp                                1.81502
xsetswn.gp                                3.63
se_topn                                1.81502
xsearrp.x256.bp                          1.815
xsearrp.x256.gp_in                        3.63
xsearrp.x256.gp_rel                2.21972e-09
xsearrp.x256.gp_hi                        3.63
xsearrp.x256.gp_lo                        3.63
xsearrp.x128.bp                          1.815
xsearrp.x128.gp_in                        3.63
xsearrp.x128.gp_rel                2.21972e-09
xsearrp.x128.gp_hi                        3.63
xsearrp.x128.gp_lo                        3.63
xsearrp.x64.bp                           1.815
xsearrp.x64.gp_in                         3.63
xsearrp.x64.gp_rel                 2.21972e-09
xsearrp.x64.gp_hi                         3.63
xsearrp.x64.gp_lo                         3.63
xsearrp.x32.bp                           1.815
xsearrp.x32.gp_in                         3.63
xsearrp.x32.gp_rel                 2.21972e-09
xsearrp.x32.gp_hi                         3.63
xsearrp.x32.gp_lo                         3.63
xsearrp.x16.bp                           1.815
xsearrp.x16.gp_in                         3.63
xsearrp.x16.gp_rel                 2.21972e-09
xsearrp.x16.gp_hi                         3.63
xsearrp.x16.gp_lo                         3.63
xsearrp.x8.bp                            1.815
xsearrp.x8.gp_in                          3.63
xsearrp.x8.gp_rel                  2.21972e-09
xsearrp.x8.gp_hi                          3.63
xsearrp.x8.gp_lo                          3.63
xsearrp.x4.bp                            1.815
xsearrp.x4.gp_in                          3.63
xsearrp.x4.gp_rel                  2.21972e-09
xsearrp.x4.gp_hi                          3.63
xsearrp.x4.gp_lo                          3.63
xsearrp.x2.bp                            1.815
xsearrp.x2.gp_in                          3.63
xsearrp.x2.gp_rel                  2.21972e-09
xsearrp.x2.gp_hi                          3.63
xsearrp.x2.gp_lo                          3.63
xsearrp.x1.bp                            1.815
xsearrp.x1.gp_in                          3.63
xsearrp.x1.gp_rel                  2.21972e-09
xsearrp.x1.gp_hi                          3.63
xsearrp.x1.gp_lo                          3.63
xsearrn.x256.bp                          1.815
xsearrn.x256.gp_in                        3.63
xsearrn.x256.gp_rel                2.21972e-09
xsearrn.x256.gp_hi                        3.63
xsearrn.x256.gp_lo                        3.63
xsearrn.x128.bp                          1.815
xsearrn.x128.gp_in                        3.63
xsearrn.x128.gp_rel                2.21972e-09
xsearrn.x128.gp_hi                        3.63
xsearrn.x128.gp_lo                        3.63
xsearrn.x64.bp                           1.815
xsearrn.x64.gp_in                         3.63
xsearrn.x64.gp_rel                 2.21972e-09
xsearrn.x64.gp_hi                         3.63
xsearrn.x64.gp_lo                         3.63
xsearrn.x32.bp                           1.815
xsearrn.x32.gp_in                         3.63
xsearrn.x32.gp_rel                 2.21972e-09
xsearrn.x32.gp_hi                         3.63
xsearrn.x32.gp_lo                         3.63
xsearrn.x16.bp                           1.815
xsearrn.x16.gp_in                         3.63
xsearrn.x16.gp_rel                 2.21972e-09
xsearrn.x16.gp_hi                         3.63
xsearrn.x16.gp_lo                         3.63
xsearrn.x8.bp                            1.815
xsearrn.x8.gp_in                          3.63
xsearrn.x8.gp_rel                  2.21972e-09
xsearrn.x8.gp_hi                          3.63
xsearrn.x8.gp_lo                          3.63
xsearrn.x4.bp                            1.815
xsearrn.x4.gp_in                          3.63
xsearrn.x4.gp_rel                  2.21972e-09
xsearrn.x4.gp_hi                          3.63
xsearrn.x4.gp_lo                          3.63
xsearrn.x2.bp                            1.815
xsearrn.x2.gp_in                          3.63
xsearrn.x2.gp_rel                  2.21972e-09
xsearrn.x2.gp_hi                          3.63
xsearrn.x2.gp_lo                          3.63
xsearrn.x1.bp                            1.815
xsearrn.x1.gp_in                          3.63
xsearrn.x1.gp_rel                  2.21972e-09
xsearrn.x1.gp_hi                          3.63
xsearrn.x1.gp_lo                          3.63
se_ibias                              0.753672
xsecmp.xpre.ptail                     0.889137
xsecmp.pon                             2.85492
xsecmp.preamp_in1                      1.81502
xsecmp.pop                             2.85492
xsecmp.preamp_in2                      1.81502
xsecmp.xpre.xrlp.11                    3.62957
xsecmp.xpre.xrlp.21                    2.85535
xsecmp.xpre.xrln.11                    3.62957
xsecmp.xpre.xrln.21                    2.85535
xsecmp.xlat.ltail                      2.14229
xsecmp.xlat.dip                           3.63
xsecmp.xlat.din                           3.63
xsecmp.outn                               3.63
xsecmp.outp                               3.63
xsecmp.sset                        7.02878e-09
xsecmp.srst                        7.02878e-09
xsecmp.xno1.ps                         3.37125
se_cmpb                                1.49269
xsecmp.xno2.ps                         3.37125
se_dacp                           -1.11022e-16
se_dacn                           -1.11022e-16
se_di                                  1.81057
se_err                                  510.75
se_aerrh                                     0
se_code                                      0
bsecode#branch                               0
bseea#branch                                 0
bsee#branch                                  0
bsedi#branch                                 0
bsedacn#branch                               0
bsedacp#branch                               0
lref#branch                        6.70612e-11
v.xsecmp.vpn#branch                8.85931e-28
v.xsecmp.vpp#branch                8.57034e-28
vsemode#branch                               0
vsestart#branch                              0
vsevinn#branch                       3.747e-16
vseinp#branch                      8.43634e-11
vcms#branch                       -6.45885e-11
vrefs#branch                      -6.70612e-11
vddc#branch                       -0.000785136
vddd#branch                       -6.81629e-10
vddt#branch                       -1.52239e-11
vcmpclkb#branch                              0
vcmpclk#branch                               0
vclk#branch                                  0
a.xsectrl.a_gn#branch_1_0                    0
a.xsectrl.a_gn#branch_1_1                    0
a.xsectrl.a_gn#branch_1_2                    0
a.xsectrl.a_gn#branch_1_3                    0
a.xsectrl.a_gn#branch_1_4                    0
a.xsectrl.a_gn#branch_1_5                    0
a.xsectrl.a_gn#branch_1_6                    0
a.xsectrl.a_gn#branch_1_7                    0
a.xsectrl.a_gn#branch_1_8                    0
a.xsectrl.a_gn#branch_1_9                    0
a.xsectrl.a_gn#branch_1_10                   0
a.xsectrl.a_gn#branch_1_11                   0
a.xsectrl.a_gn#branch_1_12                   0
a.xsectrl.a_gn#branch_1_13                   0
a.xsectrl.a_gn#branch_1_14                   0
a.xsectrl.a_gn#branch_1_15                   0
a.xsectrl.a_gn#branch_1_16                   0
a.xsectrl.a_gn#branch_1_17                   0
a.xsectrl.a_gn#branch_1_18                   0
a.xsectrl.a_gn#branch_1_19                   0
a.xsectrl.a_gn#branch_1_20                   0
a.xsectrl.a_gn#branch_1_21                   0
a.xsectrl.a_gn#branch_1_22                   0
a.xsectrl.a_gn#branch_1_23                   0
a.xsectrl.a_gn#branch_1_24                   0
a.xsectrl.a_gn#branch_1_25                   0
a.xsectrl.a_gn#branch_1_26                   0
a.xsectrl.a_gn#branch_1_27                   0
a.xsectrl.a_gn#branch_1_28                   0
a.xsectrl.a_gn#branch_1_29                   0
a.xsectrl.a_gn#branch_1_30                   0
a.xsectrl.a_gn#branch_1_31                   0
a.xsectrl.a_gn#branch_1_32                   0
a.xsectrl.a_gn#branch_1_33                   0
a.xsectrl.a_gn#branch_1_34                   0
a.xsectrl.a_gn#branch_1_35                   0
a.xsectrl.a_gn#branch_1_36                   0
a.xsectrl.a_gn#branch_1_37                   0
a.xsectrl.a_gn#branch_1_38                   0
a.xsectrl.a_gn#branch_1_39                   0
a.xsectrl.a_gn#branch_1_40                   0
a.xsectrl.a_gn#branch_1_41                   0
a.xsectrl.a_gn#branch_1_42                   0
a.xsectrl.a_gn#branch_1_43                   0
a.xsectrl.a_gn#branch_1_44                   0
a.xsectrl.a_gn#branch_1_45                   0
a.xsectrl.a_gn#branch_1_46                   0
a.xsectrl.a_gn#branch_1_47                   0
a.xsectrl.a_gn#branch_1_48                   0
a.xsectrl.a_gn#branch_1_49                   0
a.xsectrl.a_gn#branch_1_50                   0
a.xsectrl.a_gn#branch_1_51                   0
a.xsectrl.a_gn#branch_1_52                   0
a.xsectrl.a_gn#branch_1_53                   0
a.xsectrl.a_dout#branch_1_0                  0
a.xsectrl.a_dout#branch_1_1                  0
a.xsectrl.a_dout#branch_1_2                  0
a.xsectrl.a_dout#branch_1_3                  0
a.xsectrl.a_dout#branch_1_4                  0
a.xsectrl.a_dout#branch_1_5                  0
a.xsectrl.a_dout#branch_1_6                  0
a.xsectrl.a_dout#branch_1_7                  0
a.xsectrl.a_dout#branch_1_8                  0
a.xsectrl.a_dout#branch_1_9                  0
a.xsectrl.a_dout#branch_1_10                 0
a.xsectrl.a_dout#branch_1_11                 0
a.xsectrl.a_dout#branch_1_12                 0

 Reference value :  0.00000e+00
 Reference value :  3.16272e-08
 Reference value :  9.43178e-08
 Reference value :  1.79019e-07
 Reference value :  2.19224e-07
 Reference value :  3.13066e-07
 Reference value :  4.06334e-07
 Reference value :  5.00277e-07
 Reference value :  5.64381e-07
 Reference value :  6.25200e-07
 Reference value :  6.78923e-07
 Reference value :  7.19111e-07
 Reference value :  7.81370e-07
 Reference value :  8.15074e-07
 Reference value :  8.75474e-07
 Reference value :  9.37700e-07
 Reference value :  1.00036e-06
 Reference value :  1.03159e-06
 Reference value :  1.09412e-06
 Reference value :  1.15672e-06
 Reference value :  1.21891e-06
 Reference value :  1.25884e-06
 Reference value :  1.31476e-06
 Reference value :  1.37531e-06
 Reference value :  1.43760e-06
 Reference value :  1.46927e-06
 Reference value :  1.53135e-06
 Reference value :  1.58126e-06
 Reference value :  1.62754e-06
 Reference value :  1.68977e-06
 Reference value :  1.75031e-06
 Reference value :  1.78545e-06
 Reference value :  1.84420e-06
 Reference value :  1.93782e-06
 Reference value :  2.03133e-06
 Reference value :  2.12535e-06
 Reference value :  2.19001e-06
 Reference value :  2.25299e-06
 Reference value :  2.31296e-06
 Reference value :  2.37531e-06
 Reference value :  2.43769e-06
 Reference value :  2.47871e-06
 Reference value :  2.53142e-06
 Reference value :  2.59379e-06
 Reference value :  2.62775e-06
 Reference value :  2.68994e-06
 Reference value :  2.75067e-06
 Reference value :  2.81260e-06
 Reference value :  2.84420e-06
 Reference value :  2.90631e-06
 Reference value :  2.96885e-06
 Reference value :  3.00290e-06
 Reference value :  3.06275e-06
 Reference value :  3.15645e-06
 Reference value :  3.21903e-06
 Reference value :  3.28126e-06
 Reference value :  3.31493e-06
 Reference value :  3.37564e-06
 Reference value :  3.43770e-06
 Reference value :  3.48278e-06
 Reference value :  3.53144e-06
 Reference value :  3.59377e-06
 Reference value :  3.62764e-06
 Reference value :  3.68985e-06
 Reference value :  3.75045e-06
 Reference value :  3.81256e-06
 Reference value :  3.84428e-06
 Reference value :  3.90637e-06
 Reference value :  3.96883e-06
 Reference value :  4.00284e-06
 Reference value :  4.06312e-06
 Reference value :  4.15630e-06
 Reference value :  4.19025e-06
 Reference value :  4.25289e-06
 Reference value :  4.31476e-06
 Reference value :  4.37520e-06
 Reference value :  4.40668e-06
 Reference value :  4.45981e-06
 Reference value :  4.50242e-06
 Reference value :  4.56297e-06
 Reference value :  4.62514e-06
 Reference value :  4.66432e-06
 Reference value :  4.71904e-06
 Reference value :  4.78135e-06
 Reference value :  4.84377e-06
 Reference value :  4.87763e-06
 Reference value :  4.94299e-06
 Reference value :  5.00254e-06
 Reference value :  5.03489e-06
 Reference value :  5.11669e-06
 Reference value :  5.18760e-06
 Reference value :  5.21911e-06
 Reference value :  5.28132e-06
 Reference value :  5.31500e-06
 Reference value :  5.37664e-06
 Reference value :  5.40851e-06
 Reference value :  5.46885e-06
 Reference value :  5.50270e-06
 Reference value :  5.56484e-06
 Reference value :  5.62533e-06
 Reference value :  5.68760e-06
 Reference value :  5.72081e-06
 Reference value :  5.78156e-06
 Reference value :  5.84379e-06
 Reference value :  5.87751e-06
 Reference value :  5.93773e-06
 Reference value :  6.00039e-06
 Reference value :  6.03166e-06
 Reference value :  6.12503e-06
 Reference value :  6.18770e-06
 Reference value :  6.25000e-06
 Reference value :  6.28178e-06
 Reference value :  6.34384e-06
 Reference value :  6.37932e-06
 Reference value :  6.43930e-06
 Reference value :  6.50243e-06
 Reference value :  6.59388e-06
 Reference value :  6.68981e-06
 Reference value :  6.75244e-06
 Reference value :  6.81311e-06
 Reference value :  6.87531e-06
 Reference value :  6.90693e-06
 Reference value :  6.99020e-06
 Reference value :  7.03125e-06
 Reference value :  7.07634e-06
 Reference value :  7.12565e-06
 Reference value :  7.18983e-06
 Reference value :  7.25012e-06
 Reference value :  7.28167e-06
 Reference value :  7.34375e-06
 Reference value :  7.37741e-06
 Reference value :  7.43765e-06
 Reference value :  7.46927e-06
 Reference value :  7.53134e-06
 Reference value :  7.57074e-06
 Reference value :  7.62761e-06
 Reference value :  7.69002e-06
 Reference value :  7.75241e-06
 Reference value :  7.81293e-06
 Reference value :  7.87515e-06
 Reference value :  7.93468e-06
 Reference value :  8.00014e-06
 Reference value :  8.03133e-06
 Reference value :  8.09382e-06
 Reference value :  8.12541e-06
 Reference value :  8.18988e-06
 Reference value :  8.22281e-06
 Reference value :  8.28156e-06
 Reference value :  8.32149e-06
 Reference value :  8.37727e-06
 Reference value :  8.43765e-06
 Reference value :  8.50010e-06
 Reference value :  8.53162e-06
 Reference value :  8.59381e-06
 Reference value :  8.62814e-06
 Reference value :  8.68993e-06
 Reference value :  8.75238e-06
 Reference value :  8.81290e-06
 Reference value :  8.86898e-06
 Reference value :  8.90643e-06
 Reference value :  8.96886e-06
 Reference value :  9.00295e-06
 Reference value :  9.09375e-06
 Reference value :  9.15635e-06
 Reference value :  9.21875e-06
 Reference value :  9.25367e-06
 Reference value :  9.31506e-06
 Reference value :  9.37530e-06
 Reference value :  9.40677e-06
 Reference value :  9.46883e-06
 Reference value :  9.50319e-06
 Reference value :  9.56495e-06
 Reference value :  9.62547e-06
 Reference value :  9.68769e-06
 Reference value :  9.72879e-06
 Reference value :  9.78171e-06
 Reference value :  9.84395e-06
 Reference value :  9.90625e-06
 Reference value :  9.96883e-06
 Reference value :  1.00029e-05
 Reference value :  1.00895e-05
 Reference value :  1.01564e-05
 Reference value :  1.02188e-05
 Reference value :  1.02549e-05
 Reference value :  1.03151e-05
 Reference value :  1.03754e-05
 Reference value :  1.04376e-05
 Reference value :  1.04714e-05
 Reference value :  1.05314e-05
 Reference value :  1.05938e-05
 Reference value :  1.06277e-05
 Reference value :  1.06900e-05
 Reference value :  1.07523e-05
 Reference value :  1.08129e-05
 Reference value :  1.08752e-05
 Reference value :  1.09067e-05
 Reference value :  1.09690e-05
 Reference value :  1.10110e-05
 Reference value :  1.10938e-05
 Reference value :  1.11564e-05
 Reference value :  1.12142e-05
 Reference value :  1.12528e-05
 Reference value :  1.13127e-05
 Reference value :  1.13442e-05
 Reference value :  1.14063e-05
 Reference value :  1.14412e-05
 Reference value :  1.15026e-05
 Reference value :  1.15648e-05
 Reference value :  1.16252e-05
 Reference value :  1.16875e-05
 Reference value :  1.17192e-05
 Reference value :  1.17817e-05
 Reference value :  1.18439e-05
 Reference value :  1.18858e-05
 Reference value :  1.19393e-05
 Reference value :  1.20024e-05
 Reference value :  1.20349e-05
 Reference value :  1.21236e-05
 Reference value :  1.21876e-05
 Reference value :  1.22191e-05
 Reference value :  1.22813e-05
 Reference value :  1.23150e-05
 Reference value :  1.23753e-05
 Reference value :  1.24376e-05
 Reference value :  1.24888e-05
 Reference value :  1.25314e-05
 Reference value :  1.25938e-05
 Reference value :  1.26276e-05
 Reference value :  1.26899e-05
 Reference value :  1.27523e-05
 Reference value :  1.28129e-05
 Reference value :  1.28630e-05
 Reference value :  1.29063e-05
 Reference value :  1.29690e-05
 Reference value :  1.30035e-05
 Reference value :  1.30664e-05
 Reference value :  1.31563e-05
 Reference value :  1.32082e-05
 Reference value :  1.32529e-05
 Reference value :  1.33131e-05
 Reference value :  1.33713e-05
 Reference value :  1.34064e-05
 Reference value :  1.34577e-05
 Reference value :  1.35024e-05
 Reference value :  1.35627e-05
 Reference value :  1.36123e-05
 Reference value :  1.36565e-05
 Reference value :  1.37188e-05
 Reference value :  1.37595e-05
 Reference value :  1.38150e-05
 Reference value :  1.38775e-05
 Reference value :  1.39378e-05
 Reference value :  1.40008e-05
 Reference value :  1.40317e-05
 Reference value :  1.40955e-05
 Reference value :  1.41877e-05
 Reference value :  1.42352e-05
 Reference value :  1.42815e-05
 Reference value :  1.43197e-05
 Reference value :  1.43756e-05
 Reference value :  1.44376e-05
 Reference value :  1.44690e-05
 Reference value :  1.45313e-05
 Reference value :  1.45658e-05
 Reference value :  1.46274e-05
 Reference value :  1.46879e-05
 Reference value :  1.47501e-05
 Reference value :  1.47830e-05
 Reference value :  1.48440e-05
 Reference value :  1.48782e-05
 Reference value :  1.49381e-05
 Reference value :  1.50023e-05
 Reference value :  1.50318e-05
 Reference value :  1.50948e-05
 Reference value :  1.51709e-05
 Reference value :  1.52191e-05
 Reference value :  1.52813e-05
 Reference value :  1.53150e-05
 Reference value :  1.53752e-05
 Reference value :  1.54066e-05
 Reference value :  1.54688e-05
 Reference value :  1.55027e-05
 Reference value :  1.55649e-05
 Reference value :  1.56253e-05
 Reference value :  1.56876e-05
 Reference value :  1.57193e-05
 Reference value :  1.57814e-05
 Reference value :  1.58438e-05
 Reference value :  1.58792e-05
 Reference value :  1.59589e-05
 Reference value :  1.60027e-05
 Reference value :  1.60626e-05
 Reference value :  1.61282e-05
 Reference value :  1.62188e-05
 Reference value :  1.62529e-05
 Reference value :  1.63129e-05
 Reference value :  1.63750e-05
 Reference value :  1.64066e-05
 Reference value :  1.64574e-05
 Reference value :  1.65026e-05
 Reference value :  1.65938e-05
 Reference value :  1.66623e-05
 Reference value :  1.67190e-05
 Reference value :  1.67814e-05
 Reference value :  1.68438e-05
 Reference value :  1.68776e-05
 Reference value :  1.69379e-05
 Reference value :  1.70009e-05
 Reference value :  1.70318e-05
 Reference value :  1.71250e-05
 Reference value :  1.71877e-05
 Reference value :  1.72500e-05
 Reference value :  1.72816e-05
 Reference value :  1.73438e-05
 Reference value :  1.73781e-05
 Reference value :  1.74379e-05
 Reference value :  1.74746e-05
 Reference value :  1.75314e-05
 Reference value :  1.75940e-05
 Reference value :  1.76860e-05
 Reference value :  1.77502e-05
 Reference value :  1.78096e-05
 Reference value :  1.78443e-05
 Reference value :  1.79063e-05
 Reference value :  1.79690e-05
 Reference value :  1.80030e-05
 Reference value :  1.80631e-05
 Reference value :  1.81563e-05
 Reference value :  1.81929e-05
 Reference value :  1.82529e-05
 Reference value :  1.83128e-05
 Reference value :  1.83751e-05
 Reference value :  1.84067e-05
 Reference value :  1.84688e-05
 Reference value :  1.85089e-05
 Reference value :  1.85650e-05
 Reference value :  1.86256e-05
 Reference value :  1.86877e-05
 Reference value :  1.87352e-05
 Reference value :  1.87816e-05
 Reference value :  1.88438e-05
 Reference value :  1.88773e-05
 Reference value :  1.89378e-05
 Reference value :  1.90008e-05
 Reference value :  1.90317e-05
 Reference value :  1.90944e-05
 Reference value :  1.91714e-05
 Reference value :  1.92190e-05
 Reference value :  1.92530e-05
 Reference value :  1.93130e-05
 Reference value :  1.93752e-05
 Reference value :  1.94304e-05
 Reference value :  1.94692e-05
 Reference value :  1.95609e-05
 Reference value :  1.96251e-05
 Reference value :  1.96880e-05
 Reference value :  1.97524e-05
 Reference value :  1.98151e-05
 Reference value :  1.98819e-05
 Reference value :  1.99690e-05
No. of Data Rows : 51691
e1                  =  1.00612e+00
x1                  =  4.29131e+00 at=  2.28139e-06
cd1                 =  2.00000e+00
e2                  =  9.84955e-01
x2                  =  4.27972e+00 at=  3.28139e-06
cd2                 =  3.00000e+00
e128                =  6.66212e-01
x128                =  2.95801e+00 at=  4.28140e-06
cd128               =  1.28000e+02
e129                =  7.38550e-01
x129                =  3.02468e+00 at=  5.28140e-06
cd129               =  1.29000e+02
e255                =  4.24864e-01
x255                =  1.57983e+00 at=  6.28141e-06
cd255               =  2.55000e+02
e256                =  4.92618e-01
x256                =  1.64757e+00 at=  7.28140e-06
cd256               =  2.56000e+02
e257                =  4.95234e-01
x257                =  1.63800e+00 at=  8.28140e-06
cd257               =  2.57000e+02
e384                =  1.67468e-01
x384                =  8.41570e-01 at=  9.28141e-06
cd384               =  3.84000e+02
e511                =  -6.41463e-02
x511                =  1.25818e+00 at=  1.03439e-05
cd511               =  5.11000e+02
e512                =  -3.40998e-03
x512                =  1.15410e+00 at=  1.13439e-05
cd512               =  5.12000e+02
e513                =  6.94779e-03
x513                =  1.14658e+00 at=  1.23439e-05
cd513               =  5.13000e+02
e640                =  -3.15941e-01
x640                =  1.00262e+00 at=  1.32814e-05
cd640               =  6.39000e+02
e767                =  -5.61939e-01
x767                =  1.73830e+00 at=  1.42814e-05
cd767               =  7.66000e+02
e768                =  -4.99202e-01
x768                =  1.66526e+00 at=  1.52814e-05
cd768               =  7.67000e+02
e769                =  -4.86416e-01
x769                =  1.66880e+00 at=  1.62814e-05
cd769               =  7.68000e+02
e896                =  -8.16729e-01
x896                =  2.51454e+00 at=  1.72814e-05
cd896               =  8.95000e+02
e1022               =  -1.05051e+00
x1022               =  3.31784e+00 at=  1.82814e-05
cd1022              =  1.02100e+03
e1023               =  -9.97171e-01
x1023               =  3.24881e+00 at=  1.92814e-05
cd1023              =  1.02200e+03
vrefhi              =  3.63021e+00 at=  1.73149e-05
vreflo              =  3.62979e+00 at=  1.25686e-05
m_terr_t1_lsb = 1.0061220000e+00
m_decerr_t1_lsb = 4.2913130000e+00
m_code_t1 = 2.0000000000e+00
m_terr_t2_lsb = 9.8495510000e-01
m_decerr_t2_lsb = 4.2797210000e+00
m_code_t2 = 3.0000000000e+00
m_terr_t128_lsb = 6.6621180000e-01
m_decerr_t128_lsb = 2.9580050000e+00
m_code_t128 = 1.2800000000e+02
m_terr_t129_lsb = 7.3854990000e-01
m_decerr_t129_lsb = 3.0246800000e+00
m_code_t129 = 1.2900000000e+02
m_terr_t255_lsb = 4.2486420000e-01
m_decerr_t255_lsb = 1.5798260000e+00
m_code_t255 = 2.5500000000e+02
m_terr_t256_lsb = 4.9261830000e-01
m_decerr_t256_lsb = 1.6475670000e+00
m_code_t256 = 2.5600000000e+02
m_terr_t257_lsb = 4.9523410000e-01
m_decerr_t257_lsb = 1.6379960000e+00
m_code_t257 = 2.5700000000e+02
m_terr_t384_lsb = 1.6746750000e-01
m_decerr_t384_lsb = 8.4157050000e-01
m_code_t384 = 3.8400000000e+02
m_terr_t511_lsb = -6.414633000e-02
m_decerr_t511_lsb = 1.2581820000e+00
m_code_t511 = 5.1100000000e+02
m_terr_t512_lsb = -3.409981000e-03
m_decerr_t512_lsb = 1.1541020000e+00
m_code_t512 = 5.1200000000e+02
m_terr_t513_lsb = 6.9477890000e-03
m_decerr_t513_lsb = 1.1465760000e+00
m_code_t513 = 5.1300000000e+02
m_terr_t640_lsb = -3.159411000e-01
m_decerr_t640_lsb = 1.0026220000e+00
m_code_t640 = 6.3900000000e+02
m_terr_t767_lsb = -5.619393000e-01
m_decerr_t767_lsb = 1.7383030000e+00
m_code_t767 = 7.6600000000e+02
m_terr_t768_lsb = -4.992025000e-01
m_decerr_t768_lsb = 1.6652640000e+00
m_code_t768 = 7.6700000000e+02
m_terr_t769_lsb = -4.864165000e-01
m_decerr_t769_lsb = 1.6687990000e+00
m_code_t769 = 7.6800000000e+02
m_terr_t896_lsb = -8.167289000e-01
m_decerr_t896_lsb = 2.5145370000e+00
m_code_t896 = 8.9500000000e+02
m_terr_t1022_lsb = -1.050513000e+00
m_decerr_t1022_lsb = 3.3178350000e+00
m_code_t1022 = 1.0210000000e+03
m_terr_t1023_lsb = -9.971710000e-01
m_decerr_t1023_lsb = 3.2488100000e+00
m_code_t1023 = 1.0220000000e+03
m_inl_t1_lsb = 0.0000000000e+00
m_inl_t2_lsb = -1.920673072e-02
m_inl_t128_lsb = -9.096870196e-02
m_inl_t129_lsb = -1.667043268e-02
m_inl_t255_lsb = -8.337480391e-02
m_inl_t256_lsb = -1.366053464e-02
m_inl_t257_lsb = -9.084565362e-03
m_inl_t384_lsb = -8.790966732e-02
m_inl_t511_lsb = -7.058199928e-02
m_inl_t512_lsb = -7.885481000e-03
m_inl_t513_lsb = 4.4324582759e-03
m_inl_t640_lsb = -6.951493268e-02
m_inl_t767_lsb = -6.657163464e-02
m_inl_t768_lsb = -1.874665362e-03
m_inl_t769_lsb = 1.2871503914e-02
m_inl_t896_lsb = -6.849939804e-02
m_inl_t1022_lsb = -5.530216928e-02
m_inl_t1023_lsb = 2.2204460493e-16
m_dnl_t1_t2_lsb = -2.116690000e-02
m_dnl_t128_t129_lsb = 7.2338100000e-02
m_dnl_t255_t256_lsb = 6.7754100000e-02
m_dnl_t256_t257_lsb = 2.6158000000e-03
m_dnl_t511_t512_lsb = 6.0736349000e-02
m_dnl_t512_t513_lsb = 1.0357770000e-02
m_dnl_t767_t768_lsb = 6.2736800000e-02
m_dnl_t768_t769_lsb = 1.2786000000e-02
m_dnl_t1022_t1023_lsb = 5.3342000000e-02
m_gain_err_lsb = -2.005253169e+00
m_vref_droop_mv = 4.2200000000e-01
Note: Simulation executed from .control section 

Note: Starting dynamic gmin stepping
Note: Dynamic gmin stepping completed
