
Note: No compatibility mode selected!


Circuit: * adc-inl-dnl @ moscap_ff_-40c_2.97v -- generated by sim/harness, do not edit

Reducing trtol to 1 for xspice 'A' devices
Doing analysis at TEMP = -40.000000 and TNOM = 27.000000

Using SPARSE 1.3 as Direct Linear Solver

Initial Transient Solution
--------------------------

Node                                   Voltage
----                                   -------
clk                                          0
cmpclk                                       0
cmpclkb                                   2.97
vddt                                      2.97
vddd                                      2.97
vddc                                      2.97
vrefs                                     2.97
vrefn                                     2.97
vcmn                                     1.485
se_vinp                             0.00362549
se_vinn                                  1.485
se_start                                     0
se_mode                                      0
se_cmp                                 1.24826
se_samp_tp_n                                 0
se_sel_in_n                                  0
se_drdy                                   2.97
se_c9                                        0
se_c8                                        0
se_c7                                        0
se_c6                                        0
se_c5                                        0
se_c4                                        0
se_c3                                        0
se_c2                                        0
se_c1                                        0
se_c0                                        0
se_rel_n_256p                             2.97
se_sel_hi_n_256p                             0
se_sel_lo_n_256p                             0
se_rel_n_128p                             2.97
se_sel_hi_n_128p                             0
se_sel_lo_n_128p                             0
se_rel_n_64p                              2.97
se_sel_hi_n_64p                              0
se_sel_lo_n_64p                              0
se_rel_n_32p                              2.97
se_sel_hi_n_32p                              0
se_sel_lo_n_32p                              0
se_rel_n_16p                              2.97
se_sel_hi_n_16p                              0
se_sel_lo_n_16p                              0
se_rel_n_8p                               2.97
se_sel_hi_n_8p                               0
se_sel_lo_n_8p                               0
se_rel_n_4p                               2.97
se_sel_hi_n_4p                               0
se_sel_lo_n_4p                               0
se_rel_n_2p                               2.97
se_sel_hi_n_2p                               0
se_sel_lo_n_2p                               0
se_rel_n_1p                               2.97
se_sel_hi_n_1p                               0
se_sel_lo_n_1p                               0
se_rel_n_256n                             2.97
se_sel_hi_n_256n                             0
se_sel_lo_n_256n                             0
se_rel_n_128n                             2.97
se_sel_hi_n_128n                             0
se_sel_lo_n_128n                             0
se_rel_n_64n                              2.97
se_sel_hi_n_64n                              0
se_sel_lo_n_64n                              0
se_rel_n_32n                              2.97
se_sel_hi_n_32n                              0
se_sel_lo_n_32n                              0
se_rel_n_16n                              2.97
se_sel_hi_n_16n                              0
se_sel_lo_n_16n                              0
se_rel_n_8n                               2.97
se_sel_hi_n_8n                               0
se_sel_lo_n_8n                               0
se_rel_n_4n                               2.97
se_sel_hi_n_4n                               0
se_sel_lo_n_4n                               0
se_rel_n_2n                               2.97
se_sel_hi_n_2n                               0
se_sel_lo_n_2n                               0
se_rel_n_1n                               2.97
se_sel_hi_n_1n                               0
se_sel_lo_n_1n                               0
se_pinp                             0.00362549
se_pinn                                  1.485
xsetswp.gp                                2.97
se_topp                                  1.485
xsetswn.gp                                2.97
se_topn                                  1.485
xsearrp.x256.bp                          1.485
xsearrp.x256.gp_in                        2.97
xsearrp.x256.gp_rel                1.18886e-09
xsearrp.x256.gp_hi                        2.97
xsearrp.x256.gp_lo                        2.97
xsearrp.x128.bp                          1.485
xsearrp.x128.gp_in                        2.97
xsearrp.x128.gp_rel                1.18886e-09
xsearrp.x128.gp_hi                        2.97
xsearrp.x128.gp_lo                        2.97
xsearrp.x64.bp                           1.485
xsearrp.x64.gp_in                         2.97
xsearrp.x64.gp_rel                 1.18886e-09
xsearrp.x64.gp_hi                         2.97
xsearrp.x64.gp_lo                         2.97
xsearrp.x32.bp                           1.485
xsearrp.x32.gp_in                         2.97
xsearrp.x32.gp_rel                 1.18886e-09
xsearrp.x32.gp_hi                         2.97
xsearrp.x32.gp_lo                         2.97
xsearrp.x16.bp                           1.485
xsearrp.x16.gp_in                         2.97
xsearrp.x16.gp_rel                 1.18886e-09
xsearrp.x16.gp_hi                         2.97
xsearrp.x16.gp_lo                         2.97
xsearrp.x8.bp                            1.485
xsearrp.x8.gp_in                          2.97
xsearrp.x8.gp_rel                  1.18886e-09
xsearrp.x8.gp_hi                          2.97
xsearrp.x8.gp_lo                          2.97
xsearrp.x4.bp                            1.485
xsearrp.x4.gp_in                          2.97
xsearrp.x4.gp_rel                  1.18886e-09
xsearrp.x4.gp_hi                          2.97
xsearrp.x4.gp_lo                          2.97
xsearrp.x2.bp                            1.485
xsearrp.x2.gp_in                          2.97
xsearrp.x2.gp_rel                  1.18886e-09
xsearrp.x2.gp_hi                          2.97
xsearrp.x2.gp_lo                          2.97
xsearrp.x1.bp                            1.485
xsearrp.x1.gp_in                          2.97
xsearrp.x1.gp_rel                  1.18886e-09
xsearrp.x1.gp_hi                          2.97
xsearrp.x1.gp_lo                          2.97
xsearrn.x256.bp                          1.485
xsearrn.x256.gp_in                        2.97
xsearrn.x256.gp_rel                1.18886e-09
xsearrn.x256.gp_hi                        2.97
xsearrn.x256.gp_lo                        2.97
xsearrn.x128.bp                          1.485
xsearrn.x128.gp_in                        2.97
xsearrn.x128.gp_rel                1.18886e-09
xsearrn.x128.gp_hi                        2.97
xsearrn.x128.gp_lo                        2.97
xsearrn.x64.bp                           1.485
xsearrn.x64.gp_in                         2.97
xsearrn.x64.gp_rel                 1.18886e-09
xsearrn.x64.gp_hi                         2.97
xsearrn.x64.gp_lo                         2.97
xsearrn.x32.bp                           1.485
xsearrn.x32.gp_in                         2.97
xsearrn.x32.gp_rel                 1.18886e-09
xsearrn.x32.gp_hi                         2.97
xsearrn.x32.gp_lo                         2.97
xsearrn.x16.bp                           1.485
xsearrn.x16.gp_in                         2.97
xsearrn.x16.gp_rel                 1.18886e-09
xsearrn.x16.gp_hi                         2.97
xsearrn.x16.gp_lo                         2.97
xsearrn.x8.bp                            1.485
xsearrn.x8.gp_in                          2.97
xsearrn.x8.gp_rel                  1.18886e-09
xsearrn.x8.gp_hi                          2.97
xsearrn.x8.gp_lo                          2.97
xsearrn.x4.bp                            1.485
xsearrn.x4.gp_in                          2.97
xsearrn.x4.gp_rel                  1.18886e-09
xsearrn.x4.gp_hi                          2.97
xsearrn.x4.gp_lo                          2.97
xsearrn.x2.bp                            1.485
xsearrn.x2.gp_in                          2.97
xsearrn.x2.gp_rel                  1.18886e-09
xsearrn.x2.gp_hi                          2.97
xsearrn.x2.gp_lo                          2.97
xsearrn.x1.bp                            1.485
xsearrn.x1.gp_in                          2.97
xsearrn.x1.gp_rel                  1.18886e-09
xsearrn.x1.gp_hi                          2.97
xsearrn.x1.gp_lo                          2.97
se_ibias                              0.807378
xsecmp.xpre.ptail                      0.57752
xsecmp.pon                              2.1463
xsecmp.preamp_in1                        1.485
xsecmp.pop                              2.1463
xsecmp.preamp_in2                        1.485
xsecmp.xpre.xrlp.11                    2.96926
xsecmp.xpre.xrlp.21                    2.14704
xsecmp.xpre.xrln.11                    2.96926
xsecmp.xpre.xrln.21                    2.14704
xsecmp.xlat.ltail                      1.42853
xsecmp.xlat.dip                           2.97
xsecmp.xlat.din                           2.97
xsecmp.outn                               2.97
xsecmp.outp                               2.97
xsecmp.sset                        4.74319e-09
xsecmp.srst                        4.74319e-09
xsecmp.xno1.ps                         2.81897
se_cmpb                                1.24826
xsecmp.xno2.ps                         2.81897
se_dacp                            1.11022e-16
se_dacn                            1.11022e-16
se_di                                  1.48137
se_err                                  510.75
se_aerrh                                     0
se_code                                      0
bsecode#branch                               0
bseea#branch                                 0
bsee#branch                                  0
bsedi#branch                                 0
bsedacn#branch                               0
bsedacp#branch                               0
lref#branch                        5.36419e-11
v.xsecmp.vpn#branch                1.15104e-27
v.xsecmp.vpp#branch                1.19978e-27
vsemode#branch                               0
vsestart#branch                              0
vsevinn#branch                               0
vseinp#branch                      2.94841e-11
vcms#branch                       -4.95715e-14
vrefs#branch                      -5.36419e-11
vddc#branch                       -0.000492344
vddd#branch                       -4.53503e-10
vddt#branch                       -1.19404e-11
vcmpclkb#branch                              0
vcmpclk#branch                               0
vclk#branch                                  0
a.xsectrl.a_gn#branch_1_0                    0
a.xsectrl.a_gn#branch_1_1                    0
a.xsectrl.a_gn#branch_1_2                    0
a.xsectrl.a_gn#branch_1_3                    0
a.xsectrl.a_gn#branch_1_4                    0
a.xsectrl.a_gn#branch_1_5                    0
a.xsectrl.a_gn#branch_1_6                    0
a.xsectrl.a_gn#branch_1_7                    0
a.xsectrl.a_gn#branch_1_8                    0
a.xsectrl.a_gn#branch_1_9                    0
a.xsectrl.a_gn#branch_1_10                   0
a.xsectrl.a_gn#branch_1_11                   0
a.xsectrl.a_gn#branch_1_12                   0
a.xsectrl.a_gn#branch_1_13                   0
a.xsectrl.a_gn#branch_1_14                   0
a.xsectrl.a_gn#branch_1_15                   0
a.xsectrl.a_gn#branch_1_16                   0
a.xsectrl.a_gn#branch_1_17                   0
a.xsectrl.a_gn#branch_1_18                   0
a.xsectrl.a_gn#branch_1_19                   0
a.xsectrl.a_gn#branch_1_20                   0
a.xsectrl.a_gn#branch_1_21                   0
a.xsectrl.a_gn#branch_1_22                   0
a.xsectrl.a_gn#branch_1_23                   0
a.xsectrl.a_gn#branch_1_24                   0
a.xsectrl.a_gn#branch_1_25                   0
a.xsectrl.a_gn#branch_1_26                   0
a.xsectrl.a_gn#branch_1_27                   0
a.xsectrl.a_gn#branch_1_28                   0
a.xsectrl.a_gn#branch_1_29                   0
a.xsectrl.a_gn#branch_1_30                   0
a.xsectrl.a_gn#branch_1_31                   0
a.xsectrl.a_gn#branch_1_32                   0
a.xsectrl.a_gn#branch_1_33                   0
a.xsectrl.a_gn#branch_1_34                   0
a.xsectrl.a_gn#branch_1_35                   0
a.xsectrl.a_gn#branch_1_36                   0
a.xsectrl.a_gn#branch_1_37                   0
a.xsectrl.a_gn#branch_1_38                   0
a.xsectrl.a_gn#branch_1_39                   0
a.xsectrl.a_gn#branch_1_40                   0
a.xsectrl.a_gn#branch_1_41                   0
a.xsectrl.a_gn#branch_1_42                   0
a.xsectrl.a_gn#branch_1_43                   0
a.xsectrl.a_gn#branch_1_44                   0
a.xsectrl.a_gn#branch_1_45                   0
a.xsectrl.a_gn#branch_1_46                   0
a.xsectrl.a_gn#branch_1_47                   0
a.xsectrl.a_gn#branch_1_48                   0
a.xsectrl.a_gn#branch_1_49                   0
a.xsectrl.a_gn#branch_1_50                   0
a.xsectrl.a_gn#branch_1_51                   0
a.xsectrl.a_gn#branch_1_52                   0
a.xsectrl.a_gn#branch_1_53                   0
a.xsectrl.a_dout#branch_1_0                  0
a.xsectrl.a_dout#branch_1_1                  0
a.xsectrl.a_dout#branch_1_2                  0
a.xsectrl.a_dout#branch_1_3                  0
a.xsectrl.a_dout#branch_1_4                  0
a.xsectrl.a_dout#branch_1_5                  0
a.xsectrl.a_dout#branch_1_6                  0
a.xsectrl.a_dout#branch_1_7                  0
a.xsectrl.a_dout#branch_1_8                  0
a.xsectrl.a_dout#branch_1_9                  0
a.xsectrl.a_dout#branch_1_10                 0
a.xsectrl.a_dout#branch_1_11                 0
a.xsectrl.a_dout#branch_1_12                 0

 Reference value :  3.12856e-08
 Reference value :  1.56333e-07
 Reference value :  2.50349e-07
 Reference value :  3.26253e-07
 Reference value :  4.37700e-07
 Reference value :  5.05674e-07
 Reference value :  6.25107e-07
 Reference value :  7.00921e-07
 Reference value :  8.04857e-07
 Reference value :  8.77510e-07
 Reference value :  1.00026e-06
 Reference value :  1.09378e-06
 Reference value :  1.18807e-06
 Reference value :  1.28129e-06
 Reference value :  1.37520e-06
 Reference value :  1.46881e-06
 Reference value :  1.56279e-06
 Reference value :  1.65628e-06
 Reference value :  1.75021e-06
 Reference value :  1.82536e-06
 Reference value :  1.93046e-06
 Reference value :  2.01339e-06
 Reference value :  2.09439e-06
 Reference value :  2.19000e-06
 Reference value :  2.28138e-06
 Reference value :  2.37538e-06
 Reference value :  2.46884e-06
 Reference value :  2.56291e-06
 Reference value :  2.65630e-06
 Reference value :  2.75014e-06
 Reference value :  2.81503e-06
 Reference value :  2.90656e-06
 Reference value :  3.00251e-06
 Reference value :  3.09410e-06
 Reference value :  3.19002e-06
 Reference value :  3.28145e-06
 Reference value :  3.37582e-06
 Reference value :  3.46884e-06
 Reference value :  3.56291e-06
 Reference value :  3.65631e-06
 Reference value :  3.75027e-06
 Reference value :  3.83525e-06
 Reference value :  3.90715e-06
 Reference value :  4.00282e-06
 Reference value :  4.12520e-06
 Reference value :  4.21930e-06
 Reference value :  4.31395e-06
 Reference value :  4.38253e-06
 Reference value :  4.46897e-06
 Reference value :  4.56270e-06
 Reference value :  4.62751e-06
 Reference value :  4.69001e-06
 Reference value :  4.75159e-06
 Reference value :  4.81272e-06
 Reference value :  4.86486e-06
 Reference value :  4.90651e-06
 Reference value :  4.96937e-06
 Reference value :  5.01215e-06
 Reference value :  5.06828e-06
 Reference value :  5.15628e-06
 Reference value :  5.19010e-06
 Reference value :  5.25112e-06
 Reference value :  5.31270e-06
 Reference value :  5.37748e-06
 Reference value :  5.46238e-06
 Reference value :  5.53189e-06
 Reference value :  5.62727e-06
 Reference value :  5.71881e-06
 Reference value :  5.81264e-06
 Reference value :  5.87728e-06
 Reference value :  5.93996e-06
 Reference value :  6.00245e-06
 Reference value :  6.06283e-06
 Reference value :  6.18756e-06
 Reference value :  6.25292e-06
 Reference value :  6.34402e-06
 Reference value :  6.43770e-06
 Reference value :  6.50449e-06
 Reference value :  6.61055e-06
 Reference value :  6.69007e-06
 Reference value :  6.81251e-06
 Reference value :  6.87778e-06
 Reference value :  7.00012e-06
 Reference value :  7.09378e-06
 Reference value :  7.18780e-06
 Reference value :  7.28125e-06
 Reference value :  7.34424e-06
 Reference value :  7.43800e-06
 Reference value :  7.53134e-06
 Reference value :  7.62542e-06
 Reference value :  7.71882e-06
 Reference value :  7.81280e-06
 Reference value :  7.90630e-06
 Reference value :  8.00250e-06
 Reference value :  8.09424e-06
 Reference value :  8.19012e-06
 Reference value :  8.28173e-06
 Reference value :  8.37535e-06
 Reference value :  8.45408e-06
 Reference value :  8.56264e-06
 Reference value :  8.62999e-06
 Reference value :  8.73547e-06
 Reference value :  8.81507e-06
 Reference value :  8.90660e-06
 Reference value :  9.00278e-06
 Reference value :  9.12520e-06
 Reference value :  9.21955e-06
 Reference value :  9.31498e-06
 Reference value :  9.40631e-06
 Reference value :  9.50011e-06
 Reference value :  9.56764e-06
 Reference value :  9.68769e-06
 Reference value :  9.77821e-06
 Reference value :  9.87520e-06
 Reference value :  9.96891e-06
 Reference value :  1.00628e-05
 Reference value :  1.01878e-05
 Reference value :  1.02814e-05
 Reference value :  1.03754e-05
 Reference value :  1.04688e-05
 Reference value :  1.05627e-05
 Reference value :  1.06478e-05
 Reference value :  1.07502e-05
 Reference value :  1.08438e-05
 Reference value :  1.09073e-05
 Reference value :  1.10030e-05
 Reference value :  1.11253e-05
 Reference value :  1.12193e-05
 Reference value :  1.13131e-05
 Reference value :  1.14063e-05
 Reference value :  1.15004e-05
 Reference value :  1.15938e-05
 Reference value :  1.16879e-05
 Reference value :  1.17813e-05
 Reference value :  1.18754e-05
 Reference value :  1.19689e-05
 Reference value :  1.20472e-05
 Reference value :  1.21567e-05
 Reference value :  1.22527e-05
 Reference value :  1.23439e-05
 Reference value :  1.24379e-05
 Reference value :  1.25024e-05
 Reference value :  1.25630e-05
 Reference value :  1.26252e-05
 Reference value :  1.26767e-05
 Reference value :  1.27190e-05
 Reference value :  1.27813e-05
 Reference value :  1.28394e-05
 Reference value :  1.28773e-05
 Reference value :  1.29376e-05
 Reference value :  1.30002e-05
 Reference value :  1.30314e-05
 Reference value :  1.30939e-05
 Reference value :  1.31566e-05
 Reference value :  1.32189e-05
 Reference value :  1.32681e-05
 Reference value :  1.33149e-05
 Reference value :  1.33751e-05
 Reference value :  1.34065e-05
 Reference value :  1.34688e-05
 Reference value :  1.35025e-05
 Reference value :  1.35630e-05
 Reference value :  1.36251e-05
 Reference value :  1.36570e-05
 Reference value :  1.37189e-05
 Reference value :  1.37813e-05
 Reference value :  1.38154e-05
 Reference value :  1.38775e-05
 Reference value :  1.39378e-05
 Reference value :  1.40006e-05
 Reference value :  1.40317e-05
 Reference value :  1.41008e-05
 Reference value :  1.41876e-05
 Reference value :  1.42195e-05
 Reference value :  1.42814e-05
 Reference value :  1.43152e-05
 Reference value :  1.43752e-05
 Reference value :  1.44068e-05
 Reference value :  1.44688e-05
 Reference value :  1.45116e-05
 Reference value :  1.45650e-05
 Reference value :  1.46256e-05
 Reference value :  1.46877e-05
 Reference value :  1.47500e-05
 Reference value :  1.47817e-05
 Reference value :  1.48439e-05
 Reference value :  1.48776e-05
 Reference value :  1.49379e-05
 Reference value :  1.50007e-05
 Reference value :  1.50317e-05
 Reference value :  1.50944e-05
 Reference value :  1.51585e-05
 Reference value :  1.52191e-05
 Reference value :  1.52813e-05
 Reference value :  1.53149e-05
 Reference value :  1.53751e-05
 Reference value :  1.54066e-05
 Reference value :  1.54574e-05
 Reference value :  1.55313e-05
 Reference value :  1.56252e-05
 Reference value :  1.56900e-05
 Reference value :  1.57523e-05
 Reference value :  1.58127e-05
 Reference value :  1.58750e-05
 Reference value :  1.59064e-05
 Reference value :  1.59692e-05
 Reference value :  1.60052e-05
 Reference value :  1.60632e-05
 Reference value :  1.61563e-05
 Reference value :  1.61900e-05
 Reference value :  1.62503e-05
 Reference value :  1.62971e-05
 Reference value :  1.63439e-05
 Reference value :  1.63830e-05
 Reference value :  1.64398e-05
 Reference value :  1.65003e-05
 Reference value :  1.65625e-05
 Reference value :  1.65941e-05
 Reference value :  1.66564e-05
 Reference value :  1.67141e-05
 Reference value :  1.67525e-05
 Reference value :  1.68134e-05
 Reference value :  1.68752e-05
 Reference value :  1.69067e-05
 Reference value :  1.69788e-05
 Reference value :  1.70313e-05
 Reference value :  1.70938e-05
 Reference value :  1.71564e-05
 Reference value :  1.72188e-05
 Reference value :  1.72529e-05
 Reference value :  1.73128e-05
 Reference value :  1.73751e-05
 Reference value :  1.74065e-05
 Reference value :  1.74417e-05
 Reference value :  1.75009e-05
 Reference value :  1.75627e-05
 Reference value :  1.75965e-05
 Reference value :  1.76564e-05
 Reference value :  1.77188e-05
 Reference value :  1.77593e-05
 Reference value :  1.78150e-05
 Reference value :  1.78756e-05
 Reference value :  1.79377e-05
 Reference value :  1.80003e-05
 Reference value :  1.80316e-05
 Reference value :  1.80940e-05
 Reference value :  1.81570e-05
 Reference value :  1.82190e-05
 Reference value :  1.82813e-05
 Reference value :  1.83151e-05
 Reference value :  1.83773e-05
 Reference value :  1.84378e-05
 Reference value :  1.85000e-05
 Reference value :  1.85316e-05
 Reference value :  1.85938e-05
 Reference value :  1.86301e-05
 Reference value :  1.86900e-05
 Reference value :  1.87523e-05
 Reference value :  1.88126e-05
 Reference value :  1.88443e-05
 Reference value :  1.89063e-05
 Reference value :  1.89689e-05
 Reference value :  1.90029e-05
 Reference value :  1.90629e-05
 Reference value :  1.91261e-05
 Reference value :  1.91899e-05
 Reference value :  1.92504e-05
 Reference value :  1.93054e-05
 Reference value :  1.93440e-05
 Reference value :  1.94063e-05
 Reference value :  1.94409e-05
 Reference value :  1.95024e-05
 Reference value :  1.95629e-05
 Reference value :  1.96237e-05
 Reference value :  1.96565e-05
 Reference value :  1.97188e-05
 Reference value :  1.97766e-05
 Reference value :  1.98151e-05
 Reference value :  1.98754e-05
 Reference value :  1.99341e-05
No. of Data Rows : 50841
e1                  =  1.00707e+00
x1                  =  4.29971e+00 at=  2.28143e-06
cd1                 =  2.00000e+00
e2                  =  9.83067e-01
x2                  =  4.28836e+00 at=  3.28143e-06
cd2                 =  3.00000e+00
e128                =  6.63897e-01
x128                =  2.88636e+00 at=  4.28148e-06
cd128               =  1.28000e+02
e129                =  7.38037e-01
x129                =  2.95202e+00 at=  5.28146e-06
cd129               =  1.29000e+02
e255                =  4.22491e-01
x255                =  1.72716e+00 at=  6.28156e-06
cd255               =  2.55000e+02
e256                =  4.92532e-01
x256                =  1.79233e+00 at=  7.28156e-06
cd256               =  2.56000e+02
e257                =  4.94782e-01
x257                =  1.77966e+00 at=  8.28156e-06
cd257               =  2.57000e+02
e384                =  1.64619e-01
x384                =  8.83965e-01 at=  9.31262e-06
cd384               =  3.84000e+02
e511                =  -6.82261e-02
x511                =  1.29908e+00 at=  1.03440e-05
cd511               =  5.11000e+02
e512                =  -3.77890e-03
x512                =  1.28158e+00 at=  1.13441e-05
cd512               =  5.12000e+02
e513                =  5.96268e-03
x513                =  1.27901e+00 at=  1.23441e-05
cd513               =  5.13000e+02
e640                =  -3.20592e-01
x640                =  1.04654e+00 at=  1.33126e-05
cd640               =  6.39000e+02
e767                =  -5.64496e-01
x767                =  1.79548e+00 at=  1.43126e-05
cd767               =  7.66000e+02
e768                =  -4.98511e-01
x768                =  1.71980e+00 at=  1.53126e-05
cd768               =  7.67000e+02
e769                =  -4.85577e-01
x769                =  1.72585e+00 at=  1.63126e-05
cd769               =  7.68000e+02
e896                =  -8.17777e-01
x896                =  2.58867e+00 at=  1.73126e-05
cd896               =  8.95000e+02
e1022               =  -1.05123e+00
x1022               =  3.40822e+00 at=  1.83126e-05
cd1022              =  1.02100e+03
e1023               =  -9.96032e-01
x1023               =  3.33717e+00 at=  1.93126e-05
cd1023              =  1.02200e+03
vrefhi              =  2.97017e+00 at=  1.73149e-05
vreflo              =  2.96983e+00 at=  1.25691e-05
m_terr_t1_lsb = 1.0070710000e+00
m_decerr_t1_lsb = 4.2997090000e+00
m_code_t1 = 2.0000000000e+00
m_terr_t2_lsb = 9.8306670000e-01
m_decerr_t2_lsb = 4.2883560000e+00
m_code_t2 = 3.0000000000e+00
m_terr_t128_lsb = 6.6389730000e-01
m_decerr_t128_lsb = 2.8863560000e+00
m_code_t128 = 1.2800000000e+02
m_terr_t129_lsb = 7.3803730000e-01
m_decerr_t129_lsb = 2.9520200000e+00
m_code_t129 = 1.2900000000e+02
m_terr_t255_lsb = 4.2249080000e-01
m_decerr_t255_lsb = 1.7271590000e+00
m_code_t255 = 2.5500000000e+02
m_terr_t256_lsb = 4.9253200000e-01
m_decerr_t256_lsb = 1.7923290000e+00
m_code_t256 = 2.5600000000e+02
m_terr_t257_lsb = 4.9478170000e-01
m_decerr_t257_lsb = 1.7796560000e+00
m_code_t257 = 2.5700000000e+02
m_terr_t384_lsb = 1.6461860000e-01
m_decerr_t384_lsb = 8.8396500000e-01
m_code_t384 = 3.8400000000e+02
m_terr_t511_lsb = -6.822610000e-02
m_decerr_t511_lsb = 1.2990830000e+00
m_code_t511 = 5.1100000000e+02
m_terr_t512_lsb = -3.778895000e-03
m_decerr_t512_lsb = 1.2815750000e+00
m_code_t512 = 5.1200000000e+02
m_terr_t513_lsb = 5.9626830000e-03
m_decerr_t513_lsb = 1.2790090000e+00
m_code_t513 = 5.1300000000e+02
m_terr_t640_lsb = -3.205924000e-01
m_decerr_t640_lsb = 1.0465360000e+00
m_code_t640 = 6.3900000000e+02
m_terr_t767_lsb = -5.644961000e-01
m_decerr_t767_lsb = 1.7954770000e+00
m_code_t767 = 7.6600000000e+02
m_terr_t768_lsb = -4.985111000e-01
m_decerr_t768_lsb = 1.7198030000e+00
m_code_t768 = 7.6700000000e+02
m_terr_t769_lsb = -4.855772000e-01
m_decerr_t769_lsb = 1.7258500000e+00
m_code_t769 = 7.6800000000e+02
m_terr_t896_lsb = -8.177766000e-01
m_decerr_t896_lsb = 2.5886680000e+00
m_code_t896 = 8.9500000000e+02
m_terr_t1022_lsb = -1.051231000e+00
m_decerr_t1022_lsb = 3.4082180000e+00
m_code_t1022 = 1.0210000000e+03
m_terr_t1023_lsb = -9.960324000e-01
m_decerr_t1023_lsb = 3.3371660000e+00
m_code_t1023 = 1.0220000000e+03
m_inl_t1_lsb = 0.0000000000e+00
m_inl_t2_lsb = -2.204431624e-02
m_inl_t128_lsb = -9.425576282e-02
m_inl_t129_lsb = -1.815577906e-02
m_inl_t255_lsb = -8.674432564e-02
m_inl_t256_lsb = -1.474314188e-02
m_inl_t257_lsb = -1.053345812e-02
m_inl_t384_lsb = -9.177862094e-02
m_inl_t511_lsb = -7.570538376e-02
m_inl_t512_lsb = -9.298195000e-03
m_inl_t513_lsb = 2.4033667573e-03
m_inl_t640_lsb = -7.523377906e-02
m_inl_t767_lsb = -7.021954188e-02
m_inl_t768_lsb = -2.274558121e-03
m_inl_t769_lsb = 1.2619325636e-02
m_inl_t896_lsb = -7.066213718e-02
m_inl_t1022_lsb = -5.715858376e-02
m_inl_t1023_lsb = 0.0000000000e+00
m_dnl_t1_t2_lsb = -2.400430000e-02
m_dnl_t128_t129_lsb = 7.4140000000e-02
m_dnl_t255_t256_lsb = 7.0041200000e-02
m_dnl_t256_t257_lsb = 2.2497000000e-03
m_dnl_t511_t512_lsb = 6.4447205000e-02
m_dnl_t512_t513_lsb = 9.7415780000e-03
m_dnl_t767_t768_lsb = 6.5985000000e-02
m_dnl_t768_t769_lsb = 1.2933900000e-02
m_dnl_t1022_t1023_lsb = 5.5198600000e-02
m_gain_err_lsb = -2.005063384e+00
m_vref_droop_mv = 3.4000000000e-01
Note: Simulation executed from .control section 

Note: Starting dynamic gmin stepping
Note: Dynamic gmin stepping completed
