
Note: No compatibility mode selected!


Circuit: * adc-inl-dnl @ tt_-40c_2.97v -- generated by sim/harness, do not edit

Reducing trtol to 1 for xspice 'A' devices
Doing analysis at TEMP = -40.000000 and TNOM = 27.000000

Using SPARSE 1.3 as Direct Linear Solver

Initial Transient Solution
--------------------------

Node                                   Voltage
----                                   -------
clk                                          0
cmpclk                                       0
cmpclkb                                   2.97
vddt                                      2.97
vddd                                      2.97
vddc                                      2.97
vrefs                                     2.97
vrefn                                     2.97
vcmn                                     1.485
se_vinp                             0.00362549
se_vinn                                  1.485
se_start                                     0
se_mode                                      0
se_cmp                                 1.24826
se_samp_tp_n                                 0
se_sel_in_n                                  0
se_drdy                                   2.97
se_c9                                        0
se_c8                                        0
se_c7                                        0
se_c6                                        0
se_c5                                        0
se_c4                                        0
se_c3                                        0
se_c2                                        0
se_c1                                        0
se_c0                                        0
se_rel_n_256p                             2.97
se_sel_hi_n_256p                             0
se_sel_lo_n_256p                             0
se_rel_n_128p                             2.97
se_sel_hi_n_128p                             0
se_sel_lo_n_128p                             0
se_rel_n_64p                              2.97
se_sel_hi_n_64p                              0
se_sel_lo_n_64p                              0
se_rel_n_32p                              2.97
se_sel_hi_n_32p                              0
se_sel_lo_n_32p                              0
se_rel_n_16p                              2.97
se_sel_hi_n_16p                              0
se_sel_lo_n_16p                              0
se_rel_n_8p                               2.97
se_sel_hi_n_8p                               0
se_sel_lo_n_8p                               0
se_rel_n_4p                               2.97
se_sel_hi_n_4p                               0
se_sel_lo_n_4p                               0
se_rel_n_2p                               2.97
se_sel_hi_n_2p                               0
se_sel_lo_n_2p                               0
se_rel_n_1p                               2.97
se_sel_hi_n_1p                               0
se_sel_lo_n_1p                               0
se_rel_n_256n                             2.97
se_sel_hi_n_256n                             0
se_sel_lo_n_256n                             0
se_rel_n_128n                             2.97
se_sel_hi_n_128n                             0
se_sel_lo_n_128n                             0
se_rel_n_64n                              2.97
se_sel_hi_n_64n                              0
se_sel_lo_n_64n                              0
se_rel_n_32n                              2.97
se_sel_hi_n_32n                              0
se_sel_lo_n_32n                              0
se_rel_n_16n                              2.97
se_sel_hi_n_16n                              0
se_sel_lo_n_16n                              0
se_rel_n_8n                               2.97
se_sel_hi_n_8n                               0
se_sel_lo_n_8n                               0
se_rel_n_4n                               2.97
se_sel_hi_n_4n                               0
se_sel_lo_n_4n                               0
se_rel_n_2n                               2.97
se_sel_hi_n_2n                               0
se_sel_lo_n_2n                               0
se_rel_n_1n                               2.97
se_sel_hi_n_1n                               0
se_sel_lo_n_1n                               0
se_pinp                             0.00362549
se_pinn                                  1.485
xsetswp.gp                                2.97
se_topp                                  1.485
xsetswn.gp                                2.97
se_topn                                  1.485
xsearrp.x256.bp                          1.485
xsearrp.x256.gp_in                        2.97
xsearrp.x256.gp_rel                1.18886e-09
xsearrp.x256.gp_hi                        2.97
xsearrp.x256.gp_lo                        2.97
xsearrp.x128.bp                          1.485
xsearrp.x128.gp_in                        2.97
xsearrp.x128.gp_rel                1.18886e-09
xsearrp.x128.gp_hi                        2.97
xsearrp.x128.gp_lo                        2.97
xsearrp.x64.bp                           1.485
xsearrp.x64.gp_in                         2.97
xsearrp.x64.gp_rel                 1.18886e-09
xsearrp.x64.gp_hi                         2.97
xsearrp.x64.gp_lo                         2.97
xsearrp.x32.bp                           1.485
xsearrp.x32.gp_in                         2.97
xsearrp.x32.gp_rel                 1.18886e-09
xsearrp.x32.gp_hi                         2.97
xsearrp.x32.gp_lo                         2.97
xsearrp.x16.bp                           1.485
xsearrp.x16.gp_in                         2.97
xsearrp.x16.gp_rel                 1.18886e-09
xsearrp.x16.gp_hi                         2.97
xsearrp.x16.gp_lo                         2.97
xsearrp.x8.bp                            1.485
xsearrp.x8.gp_in                          2.97
xsearrp.x8.gp_rel                  1.18886e-09
xsearrp.x8.gp_hi                          2.97
xsearrp.x8.gp_lo                          2.97
xsearrp.x4.bp                            1.485
xsearrp.x4.gp_in                          2.97
xsearrp.x4.gp_rel                  1.18886e-09
xsearrp.x4.gp_hi                          2.97
xsearrp.x4.gp_lo                          2.97
xsearrp.x2.bp                            1.485
xsearrp.x2.gp_in                          2.97
xsearrp.x2.gp_rel                  1.18886e-09
xsearrp.x2.gp_hi                          2.97
xsearrp.x2.gp_lo                          2.97
xsearrp.x1.bp                            1.485
xsearrp.x1.gp_in                          2.97
xsearrp.x1.gp_rel                  1.18886e-09
xsearrp.x1.gp_hi                          2.97
xsearrp.x1.gp_lo                          2.97
xsearrn.x256.bp                          1.485
xsearrn.x256.gp_in                        2.97
xsearrn.x256.gp_rel                1.18886e-09
xsearrn.x256.gp_hi                        2.97
xsearrn.x256.gp_lo                        2.97
xsearrn.x128.bp                          1.485
xsearrn.x128.gp_in                        2.97
xsearrn.x128.gp_rel                1.18886e-09
xsearrn.x128.gp_hi                        2.97
xsearrn.x128.gp_lo                        2.97
xsearrn.x64.bp                           1.485
xsearrn.x64.gp_in                         2.97
xsearrn.x64.gp_rel                 1.18886e-09
xsearrn.x64.gp_hi                         2.97
xsearrn.x64.gp_lo                         2.97
xsearrn.x32.bp                           1.485
xsearrn.x32.gp_in                         2.97
xsearrn.x32.gp_rel                 1.18886e-09
xsearrn.x32.gp_hi                         2.97
xsearrn.x32.gp_lo                         2.97
xsearrn.x16.bp                           1.485
xsearrn.x16.gp_in                         2.97
xsearrn.x16.gp_rel                 1.18886e-09
xsearrn.x16.gp_hi                         2.97
xsearrn.x16.gp_lo                         2.97
xsearrn.x8.bp                            1.485
xsearrn.x8.gp_in                          2.97
xsearrn.x8.gp_rel                  1.18886e-09
xsearrn.x8.gp_hi                          2.97
xsearrn.x8.gp_lo                          2.97
xsearrn.x4.bp                            1.485
xsearrn.x4.gp_in                          2.97
xsearrn.x4.gp_rel                  1.18886e-09
xsearrn.x4.gp_hi                          2.97
xsearrn.x4.gp_lo                          2.97
xsearrn.x2.bp                            1.485
xsearrn.x2.gp_in                          2.97
xsearrn.x2.gp_rel                  1.18886e-09
xsearrn.x2.gp_hi                          2.97
xsearrn.x2.gp_lo                          2.97
xsearrn.x1.bp                            1.485
xsearrn.x1.gp_in                          2.97
xsearrn.x1.gp_rel                  1.18886e-09
xsearrn.x1.gp_hi                          2.97
xsearrn.x1.gp_lo                          2.97
se_ibias                              0.807378
xsecmp.xpre.ptail                      0.57752
xsecmp.pon                              2.1463
xsecmp.preamp_in1                        1.485
xsecmp.pop                              2.1463
xsecmp.preamp_in2                        1.485
xsecmp.xpre.xrlp.11                    2.96926
xsecmp.xpre.xrlp.21                    2.14704
xsecmp.xpre.xrln.11                    2.96926
xsecmp.xpre.xrln.21                    2.14704
xsecmp.xlat.ltail                      1.42853
xsecmp.xlat.dip                           2.97
xsecmp.xlat.din                           2.97
xsecmp.outn                               2.97
xsecmp.outp                               2.97
xsecmp.sset                        4.74319e-09
xsecmp.srst                        4.74319e-09
xsecmp.xno1.ps                         2.81897
se_cmpb                                1.24826
xsecmp.xno2.ps                         2.81897
se_dacp                            1.11022e-16
se_dacn                            1.11022e-16
se_di                                  1.48137
se_err                                  510.75
se_aerrh                                     0
se_code                                      0
bsecode#branch                               0
bseea#branch                                 0
bsee#branch                                  0
bsedi#branch                                 0
bsedacn#branch                               0
bsedacp#branch                               0
lref#branch                        5.36419e-11
v.xsecmp.vpn#branch                1.15104e-27
v.xsecmp.vpp#branch                1.19978e-27
vsemode#branch                               0
vsestart#branch                              0
vsevinn#branch                               0
vseinp#branch                      2.94841e-11
vcms#branch                       -4.95715e-14
vrefs#branch                      -5.36419e-11
vddc#branch                       -0.000492344
vddd#branch                       -4.53503e-10
vddt#branch                       -1.19404e-11
vcmpclkb#branch                              0
vcmpclk#branch                               0
vclk#branch                                  0
a.xsectrl.a_gn#branch_1_0                    0
a.xsectrl.a_gn#branch_1_1                    0
a.xsectrl.a_gn#branch_1_2                    0
a.xsectrl.a_gn#branch_1_3                    0
a.xsectrl.a_gn#branch_1_4                    0
a.xsectrl.a_gn#branch_1_5                    0
a.xsectrl.a_gn#branch_1_6                    0
a.xsectrl.a_gn#branch_1_7                    0
a.xsectrl.a_gn#branch_1_8                    0
a.xsectrl.a_gn#branch_1_9                    0
a.xsectrl.a_gn#branch_1_10                   0
a.xsectrl.a_gn#branch_1_11                   0
a.xsectrl.a_gn#branch_1_12                   0
a.xsectrl.a_gn#branch_1_13                   0
a.xsectrl.a_gn#branch_1_14                   0
a.xsectrl.a_gn#branch_1_15                   0
a.xsectrl.a_gn#branch_1_16                   0
a.xsectrl.a_gn#branch_1_17                   0
a.xsectrl.a_gn#branch_1_18                   0
a.xsectrl.a_gn#branch_1_19                   0
a.xsectrl.a_gn#branch_1_20                   0
a.xsectrl.a_gn#branch_1_21                   0
a.xsectrl.a_gn#branch_1_22                   0
a.xsectrl.a_gn#branch_1_23                   0
a.xsectrl.a_gn#branch_1_24                   0
a.xsectrl.a_gn#branch_1_25                   0
a.xsectrl.a_gn#branch_1_26                   0
a.xsectrl.a_gn#branch_1_27                   0
a.xsectrl.a_gn#branch_1_28                   0
a.xsectrl.a_gn#branch_1_29                   0
a.xsectrl.a_gn#branch_1_30                   0
a.xsectrl.a_gn#branch_1_31                   0
a.xsectrl.a_gn#branch_1_32                   0
a.xsectrl.a_gn#branch_1_33                   0
a.xsectrl.a_gn#branch_1_34                   0
a.xsectrl.a_gn#branch_1_35                   0
a.xsectrl.a_gn#branch_1_36                   0
a.xsectrl.a_gn#branch_1_37                   0
a.xsectrl.a_gn#branch_1_38                   0
a.xsectrl.a_gn#branch_1_39                   0
a.xsectrl.a_gn#branch_1_40                   0
a.xsectrl.a_gn#branch_1_41                   0
a.xsectrl.a_gn#branch_1_42                   0
a.xsectrl.a_gn#branch_1_43                   0
a.xsectrl.a_gn#branch_1_44                   0
a.xsectrl.a_gn#branch_1_45                   0
a.xsectrl.a_gn#branch_1_46                   0
a.xsectrl.a_gn#branch_1_47                   0
a.xsectrl.a_gn#branch_1_48                   0
a.xsectrl.a_gn#branch_1_49                   0
a.xsectrl.a_gn#branch_1_50                   0
a.xsectrl.a_gn#branch_1_51                   0
a.xsectrl.a_gn#branch_1_52                   0
a.xsectrl.a_gn#branch_1_53                   0
a.xsectrl.a_dout#branch_1_0                  0
a.xsectrl.a_dout#branch_1_1                  0
a.xsectrl.a_dout#branch_1_2                  0
a.xsectrl.a_dout#branch_1_3                  0
a.xsectrl.a_dout#branch_1_4                  0
a.xsectrl.a_dout#branch_1_5                  0
a.xsectrl.a_dout#branch_1_6                  0
a.xsectrl.a_dout#branch_1_7                  0
a.xsectrl.a_dout#branch_1_8                  0
a.xsectrl.a_dout#branch_1_9                  0
a.xsectrl.a_dout#branch_1_10                 0
a.xsectrl.a_dout#branch_1_11                 0
a.xsectrl.a_dout#branch_1_12                 0

 Reference value :  2.46400e-09
 Reference value :  6.27696e-08
 Reference value :  1.56282e-07
 Reference value :  2.18800e-07
 Reference value :  2.53830e-07
 Reference value :  3.14976e-07
 Reference value :  3.77398e-07
 Reference value :  4.38106e-07
 Reference value :  5.00180e-07
 Reference value :  5.49700e-07
 Reference value :  5.93938e-07
 Reference value :  6.56312e-07
 Reference value :  6.96921e-07
 Reference value :  7.52521e-07
 Reference value :  8.12932e-07
 Reference value :  8.75125e-07
 Reference value :  9.35978e-07
 Reference value :  1.00028e-06
 Reference value :  1.03171e-06
 Reference value :  1.09447e-06
 Reference value :  1.16367e-06
 Reference value :  1.21917e-06
 Reference value :  1.28135e-06
 Reference value :  1.34200e-06
 Reference value :  1.39826e-06
 Reference value :  1.44056e-06
 Reference value :  1.50250e-06
 Reference value :  1.56477e-06
 Reference value :  1.62531e-06
 Reference value :  1.68768e-06
 Reference value :  1.74347e-06
 Reference value :  1.78167e-06
 Reference value :  1.84381e-06
 Reference value :  1.87758e-06
 Reference value :  1.96881e-06
 Reference value :  2.00284e-06
 Reference value :  2.06270e-06
 Reference value :  2.12550e-06
 Reference value :  2.18803e-06
 Reference value :  2.25037e-06
 Reference value :  2.31273e-06
 Reference value :  2.37551e-06
 Reference value :  2.43978e-06
 Reference value :  2.50237e-06
 Reference value :  2.56498e-06
 Reference value :  2.62750e-06
 Reference value :  2.69005e-06
 Reference value :  2.75259e-06
 Reference value :  2.81504e-06
 Reference value :  2.87750e-06
 Reference value :  2.96885e-06
 Reference value :  3.02739e-06
 Reference value :  3.09395e-06
 Reference value :  3.15698e-06
 Reference value :  3.22129e-06
 Reference value :  3.28166e-06
 Reference value :  3.34491e-06
 Reference value :  3.43751e-06
 Reference value :  3.50014e-06
 Reference value :  3.56270e-06
 Reference value :  3.62525e-06
 Reference value :  3.68770e-06
 Reference value :  3.75006e-06
 Reference value :  3.78169e-06
 Reference value :  3.84387e-06
 Reference value :  3.88621e-06
 Reference value :  3.94933e-06
 Reference value :  4.00267e-06
 Reference value :  4.06275e-06
 Reference value :  4.12557e-06
 Reference value :  4.18988e-06
 Reference value :  4.25043e-06
 Reference value :  4.31266e-06
 Reference value :  4.36201e-06
 Reference value :  4.40642e-06
 Reference value :  4.44047e-06
 Reference value :  4.50248e-06
 Reference value :  4.56477e-06
 Reference value :  4.62531e-06
 Reference value :  4.68770e-06
 Reference value :  4.75011e-06
 Reference value :  4.80604e-06
 Reference value :  4.84426e-06
 Reference value :  4.90644e-06
 Reference value :  4.96913e-06
 Reference value :  5.03131e-06
 Reference value :  5.09389e-06
 Reference value :  5.15671e-06
 Reference value :  5.21910e-06
 Reference value :  5.28135e-06
 Reference value :  5.31994e-06
 Reference value :  5.37791e-06
 Reference value :  5.43977e-06
 Reference value :  5.50021e-06
 Reference value :  5.56256e-06
 Reference value :  5.59465e-06
 Reference value :  5.65650e-06
 Reference value :  5.71885e-06
 Reference value :  5.78129e-06
 Reference value :  5.81954e-06
 Reference value :  5.87752e-06
 Reference value :  5.93797e-06
 Reference value :  6.00243e-06
 Reference value :  6.06262e-06
 Reference value :  6.12535e-06
 Reference value :  6.18988e-06
 Reference value :  6.25074e-06
 Reference value :  6.31291e-06
 Reference value :  6.37514e-06
 Reference value :  6.40685e-06
 Reference value :  6.46890e-06
 Reference value :  6.53133e-06
 Reference value :  6.58188e-06
 Reference value :  6.62764e-06
 Reference value :  6.69003e-06
 Reference value :  6.75260e-06
 Reference value :  6.81503e-06
 Reference value :  6.87747e-06
 Reference value :  6.93795e-06
 Reference value :  7.00242e-06
 Reference value :  7.06266e-06
 Reference value :  7.13089e-06
 Reference value :  7.18994e-06
 Reference value :  7.25043e-06
 Reference value :  7.31063e-06
 Reference value :  7.34395e-06
 Reference value :  7.40277e-06
 Reference value :  7.44007e-06
 Reference value :  7.50249e-06
 Reference value :  7.56478e-06
 Reference value :  7.62568e-06
 Reference value :  7.68796e-06
 Reference value :  7.75018e-06
 Reference value :  7.78182e-06
 Reference value :  7.84391e-06
 Reference value :  7.90208e-06
 Reference value :  7.96884e-06
 Reference value :  8.00287e-06
 Reference value :  8.06283e-06
 Reference value :  8.12541e-06
 Reference value :  8.18780e-06
 Reference value :  8.23620e-06
 Reference value :  8.28156e-06
 Reference value :  8.32717e-06
 Reference value :  8.37743e-06
 Reference value :  8.43778e-06
 Reference value :  8.50003e-06
 Reference value :  8.53293e-06
 Reference value :  8.59395e-06
 Reference value :  8.65634e-06
 Reference value :  8.71876e-06
 Reference value :  8.75277e-06
 Reference value :  8.81501e-06
 Reference value :  8.87574e-06
 Reference value :  8.93788e-06
 Reference value :  9.00260e-06
 Reference value :  9.09376e-06
 Reference value :  9.15683e-06
 Reference value :  9.23991e-06
 Reference value :  9.31262e-06
 Reference value :  9.37510e-06
 Reference value :  9.41644e-06
 Reference value :  9.46949e-06
 Reference value :  9.53764e-06
 Reference value :  9.62503e-06
 Reference value :  9.68765e-06
 Reference value :  9.75020e-06
 Reference value :  9.81280e-06
 Reference value :  9.87550e-06
 Reference value :  9.93815e-06
 Reference value :  1.00028e-05
 Reference value :  1.00939e-05
 Reference value :  1.01875e-05
 Reference value :  1.02502e-05
 Reference value :  1.03129e-05
 Reference value :  1.03754e-05
 Reference value :  1.04380e-05
 Reference value :  1.05006e-05
 Reference value :  1.05649e-05
 Reference value :  1.06274e-05
 Reference value :  1.06900e-05
 Reference value :  1.07526e-05
 Reference value :  1.08228e-05
 Reference value :  1.08787e-05
 Reference value :  1.09688e-05
 Reference value :  1.10047e-05
 Reference value :  1.10941e-05
 Reference value :  1.11876e-05
 Reference value :  1.12501e-05
 Reference value :  1.13020e-05
 Reference value :  1.13441e-05
 Reference value :  1.14063e-05
 Reference value :  1.14688e-05
 Reference value :  1.15030e-05
 Reference value :  1.15651e-05
 Reference value :  1.16275e-05
 Reference value :  1.16899e-05
 Reference value :  1.17525e-05
 Reference value :  1.18151e-05
 Reference value :  1.18781e-05
 Reference value :  1.19382e-05
 Reference value :  1.20026e-05
 Reference value :  1.20627e-05
 Reference value :  1.21255e-05
 Reference value :  1.21899e-05
 Reference value :  1.22506e-05
 Reference value :  1.23127e-05
 Reference value :  1.23740e-05
 Reference value :  1.24068e-05
 Reference value :  1.24690e-05
 Reference value :  1.25313e-05
 Reference value :  1.25938e-05
 Reference value :  1.26491e-05
 Reference value :  1.26946e-05
 Reference value :  1.27527e-05
 Reference value :  1.28151e-05
 Reference value :  1.28755e-05
 Reference value :  1.29376e-05
 Reference value :  1.30002e-05
 Reference value :  1.30316e-05
 Reference value :  1.30944e-05
 Reference value :  1.31875e-05
 Reference value :  1.32279e-05
 Reference value :  1.32816e-05
 Reference value :  1.33438e-05
 Reference value :  1.33842e-05
 Reference value :  1.34401e-05
 Reference value :  1.35023e-05
 Reference value :  1.35628e-05
 Reference value :  1.36251e-05
 Reference value :  1.36876e-05
 Reference value :  1.37502e-05
 Reference value :  1.38127e-05
 Reference value :  1.38753e-05
 Reference value :  1.39376e-05
 Reference value :  1.40005e-05
 Reference value :  1.40505e-05
 Reference value :  1.41254e-05
 Reference value :  1.41901e-05
 Reference value :  1.42529e-05
 Reference value :  1.43136e-05
 Reference value :  1.43751e-05
 Reference value :  1.44067e-05
 Reference value :  1.44688e-05
 Reference value :  1.45294e-05
 Reference value :  1.45659e-05
 Reference value :  1.46276e-05
 Reference value :  1.46900e-05
 Reference value :  1.47525e-05
 Reference value :  1.48150e-05
 Reference value :  1.48755e-05
 Reference value :  1.49377e-05
 Reference value :  1.50024e-05
 Reference value :  1.50627e-05
 Reference value :  1.51289e-05
 Reference value :  1.51900e-05
 Reference value :  1.52504e-05
 Reference value :  1.53127e-05
 Reference value :  1.53445e-05
 Reference value :  1.54066e-05
 Reference value :  1.54690e-05
 Reference value :  1.55315e-05
 Reference value :  1.55939e-05
 Reference value :  1.56564e-05
 Reference value :  1.57189e-05
 Reference value :  1.57814e-05
 Reference value :  1.58438e-05
 Reference value :  1.58777e-05
 Reference value :  1.59640e-05
 Reference value :  1.60025e-05
 Reference value :  1.60627e-05
 Reference value :  1.61254e-05
 Reference value :  1.61880e-05
 Reference value :  1.62502e-05
 Reference value :  1.63091e-05
 Reference value :  1.63439e-05
 Reference value :  1.64063e-05
 Reference value :  1.64400e-05
 Reference value :  1.65023e-05
 Reference value :  1.65632e-05
 Reference value :  1.66254e-05
 Reference value :  1.66877e-05
 Reference value :  1.67501e-05
 Reference value :  1.67817e-05
 Reference value :  1.68439e-05
 Reference value :  1.68795e-05
 Reference value :  1.69398e-05
 Reference value :  1.70024e-05
 Reference value :  1.70364e-05
 Reference value :  1.71251e-05
 Reference value :  1.71878e-05
 Reference value :  1.72501e-05
 Reference value :  1.72816e-05
 Reference value :  1.73438e-05
 Reference value :  1.73780e-05
 Reference value :  1.74380e-05
 Reference value :  1.74946e-05
 Reference value :  1.75314e-05
 Reference value :  1.75938e-05
 Reference value :  1.76563e-05
 Reference value :  1.77188e-05
 Reference value :  1.77633e-05
 Reference value :  1.78150e-05
 Reference value :  1.78774e-05
 Reference value :  1.79380e-05
 Reference value :  1.80024e-05
 Reference value :  1.80585e-05
 Reference value :  1.81252e-05
 Reference value :  1.81882e-05
 Reference value :  1.82505e-05
 Reference value :  1.83126e-05
 Reference value :  1.83635e-05
 Reference value :  1.84067e-05
 Reference value :  1.84689e-05
 Reference value :  1.85314e-05
 Reference value :  1.85922e-05
 Reference value :  1.86276e-05
 Reference value :  1.86900e-05
 Reference value :  1.87523e-05
 Reference value :  1.88127e-05
 Reference value :  1.88447e-05
 Reference value :  1.89064e-05
 Reference value :  1.89703e-05
 Reference value :  1.90313e-05
 Reference value :  1.90938e-05
 Reference value :  1.91566e-05
 Reference value :  1.92189e-05
 Reference value :  1.92738e-05
 Reference value :  1.93150e-05
 Reference value :  1.93774e-05
 Reference value :  1.94383e-05
 Reference value :  1.95003e-05
 Reference value :  1.95626e-05
 Reference value :  1.95949e-05
 Reference value :  1.96565e-05
 Reference value :  1.97189e-05
 Reference value :  1.97813e-05
 Reference value :  1.98351e-05
 Reference value :  1.98774e-05
 Reference value :  1.99377e-05
No. of Data Rows : 50841
e1                  =  1.00707e+00
x1                  =  4.29971e+00 at=  2.28143e-06
cd1                 =  2.00000e+00
e2                  =  9.83067e-01
x2                  =  4.28836e+00 at=  3.28143e-06
cd2                 =  3.00000e+00
e128                =  6.63897e-01
x128                =  2.88636e+00 at=  4.28148e-06
cd128               =  1.28000e+02
e129                =  7.38037e-01
x129                =  2.95202e+00 at=  5.28146e-06
cd129               =  1.29000e+02
e255                =  4.22491e-01
x255                =  1.72716e+00 at=  6.28156e-06
cd255               =  2.55000e+02
e256                =  4.92532e-01
x256                =  1.79233e+00 at=  7.28156e-06
cd256               =  2.56000e+02
e257                =  4.94782e-01
x257                =  1.77966e+00 at=  8.28156e-06
cd257               =  2.57000e+02
e384                =  1.64619e-01
x384                =  8.83965e-01 at=  9.31262e-06
cd384               =  3.84000e+02
e511                =  -6.82261e-02
x511                =  1.29908e+00 at=  1.03440e-05
cd511               =  5.11000e+02
e512                =  -3.77890e-03
x512                =  1.28158e+00 at=  1.13441e-05
cd512               =  5.12000e+02
e513                =  5.96268e-03
x513                =  1.27901e+00 at=  1.23441e-05
cd513               =  5.13000e+02
e640                =  -3.20592e-01
x640                =  1.04654e+00 at=  1.33126e-05
cd640               =  6.39000e+02
e767                =  -5.64496e-01
x767                =  1.79548e+00 at=  1.43126e-05
cd767               =  7.66000e+02
e768                =  -4.98511e-01
x768                =  1.71980e+00 at=  1.53126e-05
cd768               =  7.67000e+02
e769                =  -4.85577e-01
x769                =  1.72585e+00 at=  1.63126e-05
cd769               =  7.68000e+02
e896                =  -8.17777e-01
x896                =  2.58867e+00 at=  1.73126e-05
cd896               =  8.95000e+02
e1022               =  -1.05123e+00
x1022               =  3.40822e+00 at=  1.83126e-05
cd1022              =  1.02100e+03
e1023               =  -9.96032e-01
x1023               =  3.33717e+00 at=  1.93126e-05
cd1023              =  1.02200e+03
vrefhi              =  2.97017e+00 at=  1.73149e-05
vreflo              =  2.96983e+00 at=  1.25691e-05
m_terr_t1_lsb = 1.0070710000e+00
m_decerr_t1_lsb = 4.2997090000e+00
m_code_t1 = 2.0000000000e+00
m_terr_t2_lsb = 9.8306670000e-01
m_decerr_t2_lsb = 4.2883560000e+00
m_code_t2 = 3.0000000000e+00
m_terr_t128_lsb = 6.6389730000e-01
m_decerr_t128_lsb = 2.8863560000e+00
m_code_t128 = 1.2800000000e+02
m_terr_t129_lsb = 7.3803730000e-01
m_decerr_t129_lsb = 2.9520200000e+00
m_code_t129 = 1.2900000000e+02
m_terr_t255_lsb = 4.2249080000e-01
m_decerr_t255_lsb = 1.7271590000e+00
m_code_t255 = 2.5500000000e+02
m_terr_t256_lsb = 4.9253200000e-01
m_decerr_t256_lsb = 1.7923290000e+00
m_code_t256 = 2.5600000000e+02
m_terr_t257_lsb = 4.9478170000e-01
m_decerr_t257_lsb = 1.7796560000e+00
m_code_t257 = 2.5700000000e+02
m_terr_t384_lsb = 1.6461860000e-01
m_decerr_t384_lsb = 8.8396500000e-01
m_code_t384 = 3.8400000000e+02
m_terr_t511_lsb = -6.822610000e-02
m_decerr_t511_lsb = 1.2990830000e+00
m_code_t511 = 5.1100000000e+02
m_terr_t512_lsb = -3.778895000e-03
m_decerr_t512_lsb = 1.2815750000e+00
m_code_t512 = 5.1200000000e+02
m_terr_t513_lsb = 5.9626830000e-03
m_decerr_t513_lsb = 1.2790090000e+00
m_code_t513 = 5.1300000000e+02
m_terr_t640_lsb = -3.205924000e-01
m_decerr_t640_lsb = 1.0465360000e+00
m_code_t640 = 6.3900000000e+02
m_terr_t767_lsb = -5.644961000e-01
m_decerr_t767_lsb = 1.7954770000e+00
m_code_t767 = 7.6600000000e+02
m_terr_t768_lsb = -4.985111000e-01
m_decerr_t768_lsb = 1.7198030000e+00
m_code_t768 = 7.6700000000e+02
m_terr_t769_lsb = -4.855772000e-01
m_decerr_t769_lsb = 1.7258500000e+00
m_code_t769 = 7.6800000000e+02
m_terr_t896_lsb = -8.177766000e-01
m_decerr_t896_lsb = 2.5886680000e+00
m_code_t896 = 8.9500000000e+02
m_terr_t1022_lsb = -1.051231000e+00
m_decerr_t1022_lsb = 3.4082180000e+00
m_code_t1022 = 1.0210000000e+03
m_terr_t1023_lsb = -9.960324000e-01
m_decerr_t1023_lsb = 3.3371660000e+00
m_code_t1023 = 1.0220000000e+03
m_inl_t1_lsb = 0.0000000000e+00
m_inl_t2_lsb = -2.204431624e-02
m_inl_t128_lsb = -9.425576282e-02
m_inl_t129_lsb = -1.815577906e-02
m_inl_t255_lsb = -8.674432564e-02
m_inl_t256_lsb = -1.474314188e-02
m_inl_t257_lsb = -1.053345812e-02
m_inl_t384_lsb = -9.177862094e-02
m_inl_t511_lsb = -7.570538376e-02
m_inl_t512_lsb = -9.298195000e-03
m_inl_t513_lsb = 2.4033667573e-03
m_inl_t640_lsb = -7.523377906e-02
m_inl_t767_lsb = -7.021954188e-02
m_inl_t768_lsb = -2.274558121e-03
m_inl_t769_lsb = 1.2619325636e-02
m_inl_t896_lsb = -7.066213718e-02
m_inl_t1022_lsb = -5.715858376e-02
m_inl_t1023_lsb = 0.0000000000e+00
m_dnl_t1_t2_lsb = -2.400430000e-02
m_dnl_t128_t129_lsb = 7.4140000000e-02
m_dnl_t255_t256_lsb = 7.0041200000e-02
m_dnl_t256_t257_lsb = 2.2497000000e-03
m_dnl_t511_t512_lsb = 6.4447205000e-02
m_dnl_t512_t513_lsb = 9.7415780000e-03
m_dnl_t767_t768_lsb = 6.5985000000e-02
m_dnl_t768_t769_lsb = 1.2933900000e-02
m_dnl_t1022_t1023_lsb = 5.5198600000e-02
m_gain_err_lsb = -2.005063384e+00
m_vref_droop_mv = 3.4000000000e-01
Note: Simulation executed from .control section 

Note: Starting dynamic gmin stepping
Note: Dynamic gmin stepping completed
