
Note: No compatibility mode selected!


Circuit: * sar-logic-timing-gates-ok @ sf_125c_2.97v -- generated by sim/harness, do not edit

Doing analysis at TEMP = 125.000000 and TNOM = 27.000000

Using SPARSE 1.3 as Direct Linear Solver

Initial Transient Solution
--------------------------

Node                                   Voltage
----                                   -------
clk                                          0
ok_start                                  2.97
ok_mode                                      0
xok._030_                          6.07982e-08
xok.eng3                                  2.97
vdd_gate                                  2.97
xok._031_                                 2.97
xok._032_                                 2.97
xok.ph_2                           3.54961e-08
xok._033_                          6.07982e-08
xok.ph_0                                  2.97
xok._034_                          6.07982e-08
xok.ph_1                                  2.97
xok._035_                                 2.97
xok.ph_3                           3.54961e-08
xok._036_                          6.07982e-08
xok.eng4                                  2.97
xok._037_                          6.07982e-08
xok.eng5                                  2.97
xok._038_                          6.07982e-08
xok.eng6                                  2.97
xok._039_                          6.07982e-08
xok.eng7                                  2.97
xok._040_                          6.07982e-08
xok.eng8                                  2.97
xok._041_                          6.07982e-08
xok.eng9                                  2.97
xok._042_                          6.07982e-08
xok.eng2                                  2.97
xok._043_                                 2.97
xok.ph_12                          3.54961e-08
xok._044_                          6.07982e-08
xok.eng1                                  2.97
xok._045_                                 2.97
xok.ph_13                          3.54961e-08
xok._046_                                 2.97
xok.ph_11                          3.54961e-08
xok._047_                                 2.97
xok.ph_10                          3.54961e-08
xok._048_                                 2.97
xok.ph_9                           3.54961e-08
xok._049_                                 2.97
xok.ph_8                           3.54961e-08
xok._050_                                 2.97
xok.ph_7                           3.54961e-08
xok._051_                                 2.97
xok.ph_6                           3.54961e-08
xok._052_                                 2.97
xok.ph_5                           3.54961e-08
xok._053_                                 2.97
xok.ph_4                           3.54961e-08
xok._054_                                 2.97
xok.ph_14                          3.54961e-08
ok_sel_lo_n_4p                     7.91061e-08
xok.q3                                    2.97
xok.x_090_.net_0                      0.813272
ok_sel_hi_n_4n                     3.95537e-08
xok.x_091_.net_1                        2.9356
xok.x_091_.net_0                      0.803764
xok.x_092_.net_1                     0.0447396
xok.x_092_.net_0                       2.23694
ok_samp_tp_n                              2.97
xok.x_093_.z_neg                   4.80012e-08
ok_sel_in_n                               2.97
xok.x_093_.net_0                      0.797894
xok.x_093_.net_1                       2.93758
xok.x_093_.net_2                          2.97
ok_rel_n_4p                        1.65123e-08
xok.x_094_.net_0                       2.93051
xok.x_095_.net_0                   1.33762e-07
ok_rel_n_4n                        1.33762e-07
xok.x_095_.net_1                      0.822428
xok.x_096_.net_0                   1.27661e-07
xok.x_096_.z_neg                   2.55321e-07
ok_sel_hi_n_4p                            2.97
xok.x_097_.net_0                   1.27661e-07
xok.q4                                    2.97
xok.x_097_.z_neg                   2.55321e-07
ok_sel_hi_n_8p                            2.97
xok.x_098_.net_0                    1.5769e-07
xok.x_098_.z_neg                          2.97
ok_sel_lo_n_8n                     3.56644e-08
ok_sel_lo_n_8p                     5.18002e-08
xok.x_099_.net_0                          2.97
ok_sel_hi_n_8n                     1.99802e-08
xok.x_100_.net_1                          2.97
xok.x_100_.net_0                       2.93051
ok_rel_n_8p                        1.65123e-08
xok.x_101_.net_0                       2.93051
xok.x_102_.net_0                   2.03232e-14
ok_rel_n_8n                        1.33762e-07
xok.x_102_.net_1                      0.822428
xok.x_103_.net_0                   1.27661e-07
xok.q5                                    2.97
xok.x_103_.z_neg                   2.55321e-07
ok_sel_hi_n_16p                           2.97
xok.x_104_.net_0                    1.5769e-07
xok.x_104_.z_neg                          2.97
ok_sel_lo_n_16n                    3.56644e-08
ok_sel_lo_n_16p                    5.18002e-08
xok.x_105_.net_0                          2.97
ok_sel_hi_n_16n                    1.99802e-08
xok.x_106_.net_1                          2.97
xok.x_106_.net_0                       2.93051
ok_rel_n_16p                       1.65123e-08
xok.x_107_.net_0                       2.93051
xok.x_108_.net_0                   2.03232e-14
ok_rel_n_16n                       1.33762e-07
xok.x_108_.net_1                      0.822428
xok.x_109_.net_0                   1.27661e-07
xok.q6                                    2.97
xok.x_109_.z_neg                   2.55321e-07
ok_sel_hi_n_32p                           2.97
xok.x_110_.net_0                    1.5769e-07
xok.x_110_.z_neg                          2.97
ok_sel_lo_n_32n                    3.56644e-08
ok_sel_lo_n_32p                    5.18002e-08
xok.x_111_.net_0                          2.97
ok_sel_hi_n_32n                    1.99802e-08
xok.x_112_.net_1                          2.97
xok.x_112_.net_0                       2.93051
ok_rel_n_32p                       1.65123e-08
xok.x_113_.net_0                       2.93051
xok.x_114_.net_0                   2.03232e-14
ok_rel_n_32n                       1.33762e-07
xok.x_114_.net_1                      0.822428
xok.x_115_.net_0                   1.27661e-07
xok.q7                                    2.97
xok.x_115_.z_neg                   2.55321e-07
ok_sel_hi_n_64p                           2.97
xok.x_116_.net_0                    1.5769e-07
xok.x_116_.z_neg                          2.97
ok_sel_lo_n_64n                    3.56644e-08
ok_sel_lo_n_64p                    5.18002e-08
xok.x_117_.net_0                          2.97
ok_sel_hi_n_64n                    1.99802e-08
xok.x_118_.net_1                          2.97
xok.x_118_.net_0                       2.93051
ok_rel_n_64p                       1.65123e-08
xok.x_119_.net_0                       2.93051
xok.x_120_.net_0                   2.03232e-14
ok_rel_n_64n                       1.33762e-07
xok.x_120_.net_1                      0.822428
xok.x_121_.net_0                   1.27661e-07
xok.q8                                    2.97
xok.x_121_.z_neg                   2.55321e-07
ok_sel_hi_n_128p                          2.97
xok.x_122_.net_0                    1.5769e-07
xok.x_122_.z_neg                          2.97
ok_sel_lo_n_128n                   3.56644e-08
ok_sel_lo_n_128p                   5.18002e-08
xok.x_123_.net_0                          2.97
ok_sel_hi_n_128n                   1.99802e-08
xok.x_124_.net_1                          2.97
xok.x_124_.net_0                       2.93051
ok_rel_n_128p                      1.65123e-08
xok.x_125_.net_0                       2.93051
xok.x_126_.net_0                   2.03232e-14
ok_rel_n_128n                      1.33762e-07
xok.x_126_.net_1                      0.822428
xok.x_127_.net_0                    1.5769e-07
xok.x_127_.z_neg                          2.97
ok_sel_lo_n_4n                     3.56644e-08
xok.x_128_.net_0                   1.27661e-07
xok.q9                                    2.97
xok.x_128_.z_neg                   2.55321e-07
ok_sel_hi_n_256p                          2.97
xok.x_129_.net_0                    1.5769e-07
xok.x_129_.z_neg                          2.97
ok_sel_lo_n_256n                   3.56644e-08
ok_sel_lo_n_256p                   5.18002e-08
xok.x_130_.net_0                          2.97
ok_sel_hi_n_256n                   1.99802e-08
xok.x_131_.net_1                          2.97
xok.x_131_.net_0                       2.93051
ok_rel_n_256p                      1.65123e-08
xok.x_132_.net_0                       2.93051
xok.x_133_.net_0                   2.03232e-14
ok_rel_n_256n                      1.33762e-07
xok.x_133_.net_1                      0.822428
ok_rel_n_2p                        1.65123e-08
xok.x_134_.net_0                       2.93051
xok.x_135_.net_0                   1.27661e-07
xok.x_135_.z_neg                   2.55321e-07
xok.q2                                    2.97
ok_sel_hi_n_2p                            2.97
xok.x_136_.net_0                       2.22453
xok._000_                                 2.97
xok.x_136_.net_1                          2.97
xok.x_137_.net_0                    1.9816e-08
xok._001_                                 2.97
xok.x_137_.net_1                          2.97
ok_sel_lo_n_2p                     7.91061e-08
xok.x_138_.net_0                      0.813272
xok.x_139_.net_0                    1.9816e-08
xok._002_                                 2.97
xok.x_139_.net_1                          2.97
xok.x_140_.net_0                    1.9816e-08
xok._003_                                 2.97
xok.x_140_.net_1                          2.97
xok.x_141_.net_0                    1.9816e-08
xok._004_                                 2.97
xok.x_141_.net_1                          2.97
xok.x_142_.net_0                    1.9816e-08
xok._005_                                 2.97
xok.x_142_.net_1                          2.97
xok.x_143_.net_0                   2.03232e-14
ok_rel_n_2n                        1.33762e-07
xok.x_143_.net_1                      0.822428
xok.x_144_.net_0                    1.9816e-08
xok._006_                                 2.97
xok.x_144_.net_1                          2.97
xok.x_145_.net_0                    1.9816e-08
xok._007_                                 2.97
xok.x_145_.net_1                          2.97
xok.x_146_.net_0                    1.9816e-08
xok._008_                                 2.97
xok.x_146_.net_1                          2.97
ok_sel_hi_n_2n                       2.022e-08
xok.x_147_.net_1                       2.93204
xok.x_147_.net_0                       2.93204
xok._009__15                       1.65123e-08
xok.x_148_.net_0                       2.93051
xok._009__14                       1.65123e-08
xok.x_149_.net_0                       2.93051
xok.x_150_.net_0                    1.5769e-07
xok.x_150_.z_neg                          2.97
ok_sel_lo_n_2n                     3.56644e-08
xok._009__13                       1.65123e-08
xok.x_151_.net_0                       2.93051
xok._009__12                       1.65123e-08
xok.x_152_.net_0                       2.93051
ok_rel_n_1p                        1.65123e-08
xok.x_153_.net_0                       2.93051
xok._009__11                       1.65123e-08
xok.x_154_.net_0                       2.93051
xok.x_155_.net_0                   1.27661e-07
xok.x_155_.z_neg                   2.55321e-07
xok.q1                                    2.97
ok_sel_hi_n_1p                            2.97
xok._009__10                       1.65123e-08
xok.x_156_.net_0                       2.93051
xok._009__9                        1.65123e-08
xok.x_157_.net_0                       2.93051
ok_sel_lo_n_1p                     7.91061e-08
xok.x_158_.net_0                      0.813272
xok._009__8                        1.65123e-08
xok.x_159_.net_0                       2.93051
xok.x_160_.net_0                    1.5769e-07
xok.x_160_.z_neg                          2.97
ok_sel_lo_n_1n                     3.56644e-08
xok._009__7                        1.65123e-08
xok.x_161_.net_0                       2.93051
xok._009__6                        1.65123e-08
xok.x_162_.net_0                       2.93051
ok_sel_hi_n_1n                       2.022e-08
xok.x_163_.net_1                       2.93204
xok.x_163_.net_0                       2.93204
xok._009__5                        1.65123e-08
xok.x_164_.net_0                       2.93051
xok._009__4                        1.65123e-08
xok.x_165_.net_0                       2.93051
xok._009__3                        1.65123e-08
xok.x_166_.net_0                       2.93051
xok.x_167_.net_0                   2.03232e-14
ok_rel_n_1n                        1.33762e-07
xok.x_167_.net_1                      0.822428
xok._009__2                        7.91061e-08
xok.x_168_.net_0                      0.813272
xok._009__1                        7.91061e-08
xok.x_169_.net_0                      0.813272
xok.x_170_.z_neg                   6.38209e-08
ok_drdy                            3.54961e-08
xok._009__0                               2.97
xok.x_170_.net_0                          2.97
xok.x_171_.int04                          2.97
xok._010_                          3.54966e-08
xok.x_171_.net_1                   1.73677e-07
xok.x_171_.net_3                       2.28043
xok.x_171_.sel1_n                         2.97
ok_c8                              3.54961e-08
xok.x_171_.net_0                          2.97
xok.x_171_.net_2                          2.97
xok.x_172_.int04                          2.97
xok._011_                          3.54966e-08
xok.x_172_.net_1                   1.73677e-07
xok.x_172_.net_3                       2.28043
xok.x_172_.sel1_n                         2.97
ok_c9                              3.54961e-08
xok.x_172_.net_0                          2.97
xok.x_172_.net_2                          2.97
xok._055_                          7.91061e-08
xok.q0                                    2.97
xok.x_173_.net_0                      0.813272
xok.x_174_.net_0                    1.9816e-08
ok_cmpo                                   2.97
xok._012_                                 2.97
xok.x_174_.net_1                          2.97
xok.x_175_.int04                          2.97
xok._013_                          3.54966e-08
xok.x_175_.net_1                   1.73677e-07
xok.x_175_.net_3                       2.28043
xok.x_175_.sel1_n                         2.97
ok_c0                              3.54961e-08
xok.x_175_.net_0                          2.97
xok.x_175_.net_2                          2.97
xok._056_                          5.18002e-08
xok.x_176_.net_0                          2.97
xok.x_177_.net_0                    1.9816e-08
xok._014_                                 2.97
xok.x_177_.net_1                          2.97
xok.x_178_.int04                          2.97
xok._015_                          3.54966e-08
xok.x_178_.net_1                   1.73677e-07
xok.x_178_.net_3                       2.28043
xok.x_178_.sel1_n                         2.97
ok_c1                              3.54961e-08
xok.x_178_.net_0                          2.97
xok.x_178_.net_2                          2.97
xok.x_179_.int04                          2.97
xok._016_                          3.54966e-08
xok.x_179_.net_1                   1.73677e-07
xok.x_179_.net_3                       2.28043
xok.x_179_.sel1_n                         2.97
ok_c2                              3.54961e-08
xok.x_179_.net_0                          2.97
xok.x_179_.net_2                          2.97
xok._057_                          5.18002e-08
xok.x_180_.net_0                          2.97
xok.x_181_.net_0                    1.9816e-08
xok._017_                                 2.97
xok.x_181_.net_1                          2.97
xok._058_                          5.18002e-08
xok.x_182_.net_0                          2.97
xok.x_183_.net_0                    1.9816e-08
xok._018_                                 2.97
xok.x_183_.net_1                          2.97
xok._059_                          5.18002e-08
xok.x_184_.net_0                          2.97
xok.x_185_.net_0                    1.9816e-08
xok._019_                                 2.97
xok.x_185_.net_1                          2.97
xok._060_                          7.91061e-08
xok.x_186_.net_0                      0.813272
xok.x_187_.net_0                    1.9816e-08
xok._020_                                 2.97
xok.x_187_.net_1                          2.97
xok.x_188_.int04                          2.97
xok._021_                          3.54966e-08
xok.x_188_.net_1                   1.73677e-07
xok.x_188_.net_3                       2.28043
xok.x_188_.sel1_n                         2.97
ok_c3                              3.54961e-08
xok.x_188_.net_0                          2.97
xok.x_188_.net_2                          2.97
xok._061_                          5.18002e-08
xok.x_189_.net_0                          2.97
xok.x_190_.net_0                    1.9816e-08
xok._022_                                 2.97
xok.x_190_.net_1                          2.97
xok.x_191_.int04                          2.97
xok._023_                          3.54966e-08
xok.x_191_.net_1                   1.73677e-07
xok.x_191_.net_3                       2.28043
xok.x_191_.sel1_n                         2.97
ok_c4                              3.54961e-08
xok.x_191_.net_0                          2.97
xok.x_191_.net_2                          2.97
xok.x_192_.int04                          2.97
xok._024_                          3.54966e-08
xok.x_192_.net_1                   1.73677e-07
xok.x_192_.net_3                       2.28043
xok.x_192_.sel1_n                         2.97
ok_c5                              3.54961e-08
xok.x_192_.net_0                          2.97
xok.x_192_.net_2                          2.97
xok._062_                          5.18002e-08
xok.x_193_.net_0                          2.97
xok.x_194_.net_0                    1.9816e-08
xok._025_                                 2.97
xok.x_194_.net_1                          2.97
xok._063_                          5.18002e-08
xok.x_195_.net_0                          2.97
xok.x_196_.net_0                    1.9816e-08
xok._026_                                 2.97
xok.x_196_.net_1                          2.97
xok.x_197_.int04                          2.97
xok._027_                          3.54966e-08
xok.x_197_.net_1                   1.73677e-07
xok.x_197_.net_3                       2.28043
xok.x_197_.sel1_n                         2.97
ok_c6                              3.54961e-08
xok.x_197_.net_0                          2.97
xok.x_197_.net_2                          2.97
xok.x_198_.int04                          2.97
xok._028_                          3.54966e-08
xok.x_198_.net_1                   1.73677e-07
xok.x_198_.net_3                       2.28043
xok.x_198_.sel1_n                         2.97
ok_c7                              3.54961e-08
xok.x_198_.net_0                          2.97
xok.x_198_.net_2                          2.97
xok._064_                          5.18002e-08
xok.x_199_.net_0                          2.97
xok.x_200_.net_0                    1.9816e-08
xok._029_                                 2.97
xok.x_200_.net_1                          2.97
xok.x_201_.ncki                           2.97
xok.x_201_.cki                     6.36648e-08
xok.x_201_.net5                     1.0434e-07
xok.x_201_.net4                     2.0868e-07
xok.x_201_.net6                    2.74642e-13
xok.x_201_.net0                           2.97
xok.x_201_.net2                           2.97
xok.x_201_.net1                        2.28043
xok.x_201_.net3                    6.30076e-08
xok.x_201_.net7                           2.97
xok.x_201_.net8                        2.93522
xok.x_201_.net1x                          2.97
xok.x_202_.ncki                           2.97
xok.x_202_.cki                     6.36648e-08
xok.x_202_.net5                     1.0434e-07
xok.x_202_.net4                     2.0868e-07
xok.x_202_.net6                    2.74642e-13
xok.x_202_.net0                           2.97
xok.x_202_.net2                           2.97
xok.x_202_.net1                        2.28043
xok.x_202_.net3                    6.30076e-08
xok.x_202_.net7                           2.97
xok.x_202_.net8                        2.93522
xok.x_202_.net1x                          2.97
xok.x_203_.ncki                           2.97
xok.x_203_.cki                     6.36648e-08
xok.x_203_.net5                     1.0434e-07
xok.x_203_.net4                     2.0868e-07
xok.x_203_.net6                    2.74642e-13
xok.x_203_.net0                           2.97
xok.x_203_.net2                           2.97
xok.x_203_.net1                        2.28043
xok.x_203_.net3                    6.30076e-08
xok.x_203_.net7                           2.97
xok.x_203_.net8                        2.93522
xok.x_203_.net1x                          2.97
xok.x_204_.ncki                           2.97
xok.x_204_.cki                     6.36648e-08
xok.x_204_.net5                     1.0434e-07
xok.x_204_.net4                     2.0868e-07
xok.x_204_.net6                    2.74642e-13
xok.x_204_.net0                           2.97
xok.x_204_.net2                           2.97
xok.x_204_.net1                        2.28043
xok.x_204_.net3                    6.30076e-08
xok.x_204_.net7                           2.97
xok.x_204_.net8                        2.93522
xok.x_204_.net1x                          2.97
xok.x_205_.ncki                           2.97
xok.x_205_.cki                     6.36648e-08
xok.x_205_.net5                     1.0434e-07
xok.x_205_.net4                     2.0868e-07
xok.x_205_.net6                    2.74642e-13
xok.x_205_.net0                           2.97
xok.x_205_.net2                           2.97
xok.x_205_.net1                        2.28043
xok.x_205_.net3                    6.30076e-08
xok.x_205_.net7                           2.97
xok.x_205_.net8                        2.93522
xok.x_205_.net1x                          2.97
xok.x_206_.ncki                           2.97
xok.x_206_.cki                     6.36648e-08
xok.x_206_.net5                     1.0434e-07
xok.x_206_.net4                     2.0868e-07
xok.x_206_.net6                    2.74642e-13
xok.x_206_.net0                           2.97
xok.x_206_.net2                           2.97
xok.x_206_.net1                        2.28043
xok.x_206_.net3                    6.30076e-08
xok.x_206_.net7                           2.97
xok.x_206_.net8                        2.93522
xok.x_206_.net1x                          2.97
xok.x_207_.ncki                           2.97
xok.x_207_.cki                     6.36648e-08
xok.x_207_.net5                     1.0434e-07
xok.x_207_.net4                     2.0868e-07
xok.x_207_.net6                    2.74642e-13
xok.x_207_.net0                           2.97
xok.x_207_.net2                           2.97
xok.x_207_.net1                        2.28043
xok.x_207_.net3                    6.30076e-08
xok.x_207_.net7                           2.97
xok.x_207_.net8                        2.93522
xok.x_207_.net1x                          2.97
xok.x_208_.ncki                           2.97
xok.x_208_.cki                     6.36648e-08
xok.x_208_.net5                     1.0434e-07
xok.x_208_.net4                     2.0868e-07
xok.x_208_.net6                    2.74642e-13
xok.x_208_.net0                           2.97
xok.x_208_.net2                           2.97
xok.x_208_.net1                        2.28043
xok.x_208_.net3                    6.30076e-08
xok.x_208_.net7                           2.97
xok.x_208_.net8                        2.93522
xok.x_208_.net1x                          2.97
xok.x_209_.ncki                           2.97
xok.x_209_.cki                     6.36648e-08
xok.x_209_.net5                     1.0434e-07
xok.x_209_.net4                     2.0868e-07
xok.x_209_.net6                    2.74642e-13
xok.x_209_.net0                           2.97
xok.x_209_.net2                           2.97
xok.x_209_.net1                        2.28043
xok.x_209_.net3                    6.30076e-08
xok.x_209_.net7                           2.97
xok.x_209_.net8                        2.93522
xok.x_209_.net1x                          2.97
xok.x_210_.ncki                           2.97
xok.x_210_.cki                     6.36648e-08
xok.x_210_.net5                     1.0434e-07
xok.x_210_.net4                     2.0868e-07
xok.x_210_.net6                    2.74642e-13
xok.x_210_.net0                           2.97
xok.x_210_.net2                           2.97
xok.x_210_.net1                        2.28043
xok.x_210_.net3                    6.30076e-08
xok.x_210_.net7                           2.97
xok.x_210_.net8                        2.93522
xok.x_210_.net1x                          2.97
xok.x_211_.ncki                           2.97
xok.x_211_.cki                     6.36648e-08
xok.x_211_.net5                    1.73677e-07
xok.x_211_.net4                           2.97
xok.x_211_.net6                      0.0564088
xok.x_211_.net0                    9.59203e-08
xok.x_211_.net2                    2.85791e-07
xok.x_211_.net1                    1.42895e-07
xok.x_211_.net3                           2.97
xok.x_211_.net7                           2.97
xok.x_211_.net8                           2.97
xok.x_211_.net1x                       0.79857
xok.x_212_.ncki                           2.97
xok.x_212_.cki                     6.36648e-08
xok.x_212_.net5                    1.73677e-07
xok.x_212_.net4                           2.97
xok.x_212_.net6                      0.0564088
xok.x_212_.net0                    9.59203e-08
xok.x_212_.net2                    2.85791e-07
xok.x_212_.net1                    1.42895e-07
xok.x_212_.net3                           2.97
xok.x_212_.net7                           2.97
xok.x_212_.net8                           2.97
xok.x_212_.net1x                       0.79857
xok.x_213_.ncki                           2.97
xok.x_213_.cki                     6.36648e-08
xok.x_213_.net5                    1.73677e-07
xok.x_213_.net4                           2.97
xok.x_213_.net6                      0.0564088
xok.x_213_.net0                    9.59203e-08
xok.x_213_.net2                    2.85791e-07
xok.x_213_.net1                    1.42895e-07
xok.x_213_.net3                           2.97
xok.x_213_.net7                           2.97
xok.x_213_.net8                           2.97
xok.x_213_.net1x                       0.79857
xok.x_214_.ncki                           2.97
xok.x_214_.cki                     6.36648e-08
xok.x_214_.net5                    1.73677e-07
xok.x_214_.net4                           2.97
xok.x_214_.net6                      0.0564088
xok.x_214_.net0                    9.59203e-08
xok.x_214_.net2                    2.85791e-07
xok.x_214_.net1                    1.42895e-07
xok.x_214_.net3                           2.97
xok.x_214_.net7                           2.97
xok.x_214_.net8                           2.97
xok.x_214_.net1x                       0.79857
xok.x_215_.ncki                           2.97
xok.x_215_.cki                     6.36648e-08
xok.x_215_.net5                    1.73677e-07
xok.x_215_.net4                           2.97
xok.x_215_.net6                      0.0564088
xok.x_215_.net0                    9.59203e-08
xok.x_215_.net2                    2.85791e-07
xok.x_215_.net1                    1.42895e-07
xok.x_215_.net3                           2.97
xok.x_215_.net7                           2.97
xok.x_215_.net8                           2.97
xok.x_215_.net1x                       0.79857
xok.x_216_.ncki                           2.97
xok.x_216_.cki                     6.36648e-08
xok.x_216_.net5                    1.73677e-07
xok.x_216_.net4                           2.97
xok.x_216_.net6                      0.0564088
xok.x_216_.net0                    9.59203e-08
xok.x_216_.net2                    2.85791e-07
xok.x_216_.net1                    1.42895e-07
xok.x_216_.net3                           2.97
xok.x_216_.net7                           2.97
xok.x_216_.net8                           2.97
xok.x_216_.net1x                       0.79857
xok.x_217_.ncki                           2.97
xok.x_217_.cki                     6.36648e-08
xok.x_217_.net5                    1.73677e-07
xok.x_217_.net4                           2.97
xok.x_217_.net6                      0.0564088
xok.x_217_.net0                    9.59203e-08
xok.x_217_.net2                    2.85791e-07
xok.x_217_.net1                    1.42895e-07
xok.x_217_.net3                           2.97
xok.x_217_.net7                           2.97
xok.x_217_.net8                           2.97
xok.x_217_.net1x                       0.79857
xok.x_218_.ncki                           2.97
xok.x_218_.cki                     6.36648e-08
xok.x_218_.net5                    1.73677e-07
xok.x_218_.net4                           2.97
xok.x_218_.net6                      0.0564088
xok.x_218_.net0                    9.59203e-08
xok.x_218_.net2                    2.85791e-07
xok.x_218_.net1                    1.42895e-07
xok.x_218_.net3                           2.97
xok.x_218_.net7                           2.97
xok.x_218_.net8                           2.97
xok.x_218_.net1x                       0.79857
xok.x_219_.ncki                           2.97
xok.x_219_.cki                     6.36648e-08
xok.x_219_.net5                    1.73677e-07
xok.x_219_.net4                           2.97
xok.x_219_.net6                      0.0564088
xok.x_219_.net0                    9.59203e-08
xok.x_219_.net2                    2.85791e-07
xok.x_219_.net1                    1.42895e-07
xok.x_219_.net3                           2.97
xok.x_219_.net7                           2.97
xok.x_219_.net8                           2.97
xok.x_219_.net1x                       0.79857
xok.x_220_.ncki                           2.97
xok.x_220_.cki                     6.36648e-08
xok.x_220_.net5                    1.73677e-07
xok.x_220_.net4                           2.97
xok.x_220_.net6                      0.0564088
xok.x_220_.net0                    9.59203e-08
xok.x_220_.net2                    2.85791e-07
xok.x_220_.net1                    1.42895e-07
xok.x_220_.net3                           2.97
xok.x_220_.net7                           2.97
xok.x_220_.net8                           2.97
xok.x_220_.net1x                       0.79857
xok.x_221_.ncki                           2.97
xok.x_221_.cki                     6.36648e-08
xok.x_221_.net5                     1.0434e-07
xok.x_221_.net4                     2.0868e-07
xok.x_221_.net6                    2.74642e-13
xok.x_221_.net0                           2.97
xok.x_221_.net2                           2.97
xok.x_221_.net1                        2.28043
xok.x_221_.net3                    6.30076e-08
xok.x_221_.net7                           2.97
xok.x_221_.net8                        2.93522
xok.x_221_.net1x                          2.97
xok.x_222_.ncki                           2.97
xok.x_222_.cki                     6.36648e-08
xok.x_222_.net5                     1.0434e-07
xok.x_222_.net4                     2.0868e-07
xok.x_222_.net6                    2.74642e-13
xok.x_222_.net0                           2.97
xok.x_222_.net2                           2.97
xok.x_222_.net1                        2.28043
xok.x_222_.net3                    6.30076e-08
xok.x_222_.net7                           2.97
xok.x_222_.net8                        2.93522
xok.x_222_.net1x                          2.97
xok.x_223_.ncki                           2.97
xok.x_223_.cki                     6.36648e-08
xok.x_223_.net5                     1.0434e-07
xok.x_223_.net4                     2.0868e-07
xok.x_223_.net6                    2.74642e-13
xok.x_223_.net0                           2.97
xok.x_223_.net2                           2.97
xok.x_223_.net1                        2.28043
xok.x_223_.net3                    6.30076e-08
xok.x_223_.net7                           2.97
xok.x_223_.net8                        2.93522
xok.x_223_.net1x                          2.97
xok.x_224_.ncki                           2.97
xok.x_224_.cki                     6.36648e-08
xok.x_224_.net5                     1.0434e-07
xok.x_224_.net4                     2.0868e-07
xok.x_224_.net6                    2.74642e-13
xok.x_224_.net0                           2.97
xok.x_224_.net2                           2.97
xok.x_224_.net1                        2.28043
xok.x_224_.net3                    6.30076e-08
xok.x_224_.net7                           2.97
xok.x_224_.net8                        2.93522
xok.x_224_.net1x                          2.97
xok.x_225_.ncki                           2.97
xok.x_225_.cki                     6.36648e-08
xok.x_225_.net5                     1.0434e-07
xok.x_225_.net4                     2.0868e-07
xok.x_225_.net6                    2.74642e-13
xok.x_225_.net0                           2.97
xok.x_225_.net2                           2.97
xok.x_225_.net1                        2.28043
xok.x_225_.net3                    6.30076e-08
xok.x_225_.net7                           2.97
xok.x_225_.net8                        2.93522
xok.x_225_.net1x                          2.97
xok.x_226_.ncki                           2.97
xok.x_226_.cki                     6.36648e-08
xok.x_226_.net5                     1.0434e-07
xok.x_226_.net4                     2.0868e-07
xok.x_226_.net6                    2.74642e-13
xok.x_226_.net0                           2.97
xok.x_226_.net2                           2.97
xok.x_226_.net1                        2.28043
xok.x_226_.net3                    6.30076e-08
xok.x_226_.net7                           2.97
xok.x_226_.net8                        2.93522
xok.x_226_.net1x                          2.97
xok.x_227_.ncki                           2.97
xok.x_227_.cki                     6.36648e-08
xok.x_227_.net5                     1.0434e-07
xok.x_227_.net4                     2.0868e-07
xok.x_227_.net6                    2.74642e-13
xok.x_227_.net0                           2.97
xok.x_227_.net2                           2.97
xok.x_227_.net1                        2.28043
xok.x_227_.net3                    6.30076e-08
xok.x_227_.net7                           2.97
xok.x_227_.net8                        2.93522
xok.x_227_.net1x                          2.97
xok.x_228_.ncki                           2.97
xok.x_228_.cki                     6.36648e-08
xok.x_228_.net5                     1.0434e-07
xok.x_228_.net4                     2.0868e-07
xok.x_228_.net6                    2.74642e-13
xok.x_228_.net0                           2.97
xok.x_228_.net2                           2.97
xok.x_228_.net1                        2.28043
xok.x_228_.net3                    6.30076e-08
xok.x_228_.net7                           2.97
xok.x_228_.net8                        2.93522
xok.x_228_.net1x                          2.97
xok.x_229_.ncki                           2.97
xok.x_229_.cki                     6.36648e-08
xok.x_229_.net5                     1.0434e-07
xok.x_229_.net4                     2.0868e-07
xok.x_229_.net6                    2.74642e-13
xok.x_229_.net0                           2.97
xok.x_229_.net2                           2.97
xok.x_229_.net1                        2.28043
xok.x_229_.net3                    6.30076e-08
xok.x_229_.net7                           2.97
xok.x_229_.net8                        2.93522
xok.x_229_.net1x                          2.97
xok.x_230_.ncki                           2.97
xok.x_230_.cki                     6.36648e-08
xok.x_230_.net5                     1.0434e-07
xok.x_230_.net4                     2.0868e-07
xok.x_230_.net6                    2.74641e-13
xok.x_230_.net0                           2.97
xok.x_230_.net2                           2.97
xok.x_230_.net1                        2.28043
xok.x_230_.net3                    6.30076e-08
xok.x_230_.net7                           2.97
xok.x_230_.net8                        2.93522
xok.x_230_.net1x                          2.97
xok.x_231_.ncki                           2.97
xok.x_231_.cki                     6.36648e-08
xok.x_231_.net5                    1.73677e-07
xok.x_231_.net4                           2.97
xok.x_231_.net6                      0.0564087
xok.x_231_.net0                    2.92544e-07
xok.x_231_.net2                           2.97
xok.x_231_.net1                        2.28043
xok.x_231_.net3                    6.30082e-08
xok.x_231_.net7                           2.97
xok.x_231_.net8                           2.97
xok.x_231_.net1x                          2.97
xok.x_232_.ncki                           2.97
xok.x_232_.cki                     6.36648e-08
xok.x_232_.net5                    1.73677e-07
xok.x_232_.net4                           2.97
xok.x_232_.net6                      0.0564088
xok.x_232_.net0                    9.59203e-08
xok.x_232_.net2                    2.85791e-07
xok.x_232_.net1                    1.42895e-07
xok.x_232_.net3                           2.97
xok.x_232_.net7                           2.97
xok.x_232_.net8                           2.97
xok.x_232_.net1x                       0.79857
xok.x_233_.ncki                           2.97
xok.x_233_.cki                     6.36648e-08
xok.x_233_.net5                    1.73677e-07
xok.x_233_.net4                           2.97
xok.x_233_.net6                      0.0564088
xok.x_233_.net0                    9.59203e-08
xok.x_233_.net2                    2.85791e-07
xok.x_233_.net1                    1.42895e-07
xok.x_233_.net3                           2.97
xok.x_233_.net7                           2.97
xok.x_233_.net8                           2.97
xok.x_233_.net1x                       0.79857
xok.x_234_.ncki                           2.97
xok.x_234_.cki                     6.36648e-08
xok.x_234_.net5                    1.73677e-07
xok.x_234_.net4                           2.97
xok.x_234_.net6                      0.0564088
xok.x_234_.net0                    9.59203e-08
xok.x_234_.net2                    2.85791e-07
xok.x_234_.net1                    1.42895e-07
xok.x_234_.net3                           2.97
xok.x_234_.net7                           2.97
xok.x_234_.net8                           2.97
xok.x_234_.net1x                       0.79857
xok.x_235_.ncki                           2.97
xok.x_235_.cki                     6.36648e-08
xok.x_235_.net5                    1.73677e-07
xok.x_235_.net4                           2.97
xok.x_235_.net6                      0.0564088
xok.x_235_.net0                    9.59203e-08
xok.x_235_.net2                    2.85791e-07
xok.x_235_.net1                    1.42895e-07
xok.x_235_.net3                           2.97
xok.x_235_.net7                           2.97
xok.x_235_.net8                           2.97
xok.x_235_.net1x                       0.79857
xok.x_236_.ncki                           2.97
xok.x_236_.cki                     6.36648e-08
xok.x_236_.net5                    1.73677e-07
xok.x_236_.net4                           2.97
xok.x_236_.net6                      0.0564088
xok.x_236_.net0                    9.59203e-08
xok.x_236_.net2                    2.85791e-07
xok.x_236_.net1                    1.42895e-07
xok.x_236_.net3                           2.97
xok.x_236_.net7                           2.97
xok.x_236_.net8                           2.97
xok.x_236_.net1x                       0.79857
xok.x_237_.ncki                           2.97
xok.x_237_.cki                     6.36648e-08
xok.x_237_.net5                    1.73677e-07
xok.x_237_.net4                           2.97
xok.x_237_.net6                      0.0564088
xok.x_237_.net0                    9.59203e-08
xok.x_237_.net2                    2.85791e-07
xok.x_237_.net1                    1.42895e-07
xok.x_237_.net3                           2.97
xok.x_237_.net7                           2.97
xok.x_237_.net8                           2.97
xok.x_237_.net1x                       0.79857
xok.x_238_.ncki                           2.97
xok.x_238_.cki                     6.36648e-08
xok.x_238_.net5                    1.73677e-07
xok.x_238_.net4                           2.97
xok.x_238_.net6                      0.0564088
xok.x_238_.net0                    9.59203e-08
xok.x_238_.net2                    2.85791e-07
xok.x_238_.net1                    1.42895e-07
xok.x_238_.net3                           2.97
xok.x_238_.net7                           2.97
xok.x_238_.net8                           2.97
xok.x_238_.net1x                       0.79857
xok.x_239_.ncki                           2.97
xok.x_239_.cki                     6.36648e-08
xok.x_239_.net5                    1.73677e-07
xok.x_239_.net4                           2.97
xok.x_239_.net6                      0.0564088
xok.x_239_.net0                    9.59203e-08
xok.x_239_.net2                    2.85791e-07
xok.x_239_.net1                    1.42895e-07
xok.x_239_.net3                           2.97
xok.x_239_.net7                           2.97
xok.x_239_.net8                           2.97
xok.x_239_.net1x                       0.79857
xok.x_240_.ncki                           2.97
xok.x_240_.cki                     6.36648e-08
xok.x_240_.net5                    1.73677e-07
xok.x_240_.net4                           2.97
xok.x_240_.net6                      0.0564088
xok.x_240_.net0                    9.59203e-08
xok.x_240_.net2                    2.85791e-07
xok.x_240_.net1                    1.42895e-07
xok.x_240_.net3                           2.97
xok.x_240_.net7                           2.97
xok.x_240_.net8                           2.97
xok.x_240_.net1x                       0.79857
xok.x_241_.ncki                           2.97
xok.x_241_.cki                     6.36648e-08
xok.x_241_.net5                    1.73677e-07
xok.x_241_.net4                           2.97
xok.x_241_.net6                      0.0564088
xok.x_241_.net0                    9.59203e-08
xok.x_241_.net2                    2.85791e-07
xok.x_241_.net1                    1.42895e-07
xok.x_241_.net3                           2.97
xok.x_241_.net7                           2.97
xok.x_241_.net8                           2.97
xok.x_241_.net1x                       0.79857
xok.x_242_.ncki                           2.97
xok.x_242_.cki                     6.36648e-08
xok.x_242_.net5                    1.73677e-07
xok.x_242_.net4                           2.97
xok.x_242_.net6                      0.0564088
xok.x_242_.net0                    9.59203e-08
xok.x_242_.net2                    2.85791e-07
xok.x_242_.net1                    1.42895e-07
xok.x_242_.net3                           2.97
xok.x_242_.net7                           2.97
xok.x_242_.net8                           2.97
xok.x_242_.net1x                       0.79857
xok.x_243_.ncki                           2.97
xok.x_243_.cki                     6.36648e-08
xok.x_243_.net5                    1.73677e-07
xok.x_243_.net4                           2.97
xok.x_243_.net6                      0.0564088
xok.x_243_.net0                    9.59203e-08
xok.x_243_.net2                    2.85791e-07
xok.x_243_.net1                    1.42895e-07
xok.x_243_.net3                           2.97
xok.x_243_.net7                           2.97
xok.x_243_.net8                           2.97
xok.x_243_.net1x                       0.79857
xok.x_244_.ncki                           2.97
xok.x_244_.cki                     6.36648e-08
xok.x_244_.net5                    1.73677e-07
xok.x_244_.net4                           2.97
xok.x_244_.net6                      0.0564088
xok.x_244_.net0                    9.59203e-08
xok.x_244_.net2                    2.85791e-07
xok.x_244_.net1                    1.42895e-07
xok.x_244_.net3                           2.97
xok.x_244_.net7                           2.97
xok.x_244_.net8                           2.97
xok.x_244_.net1x                       0.79857
xok.x_245_.ncki                           2.97
xok.x_245_.cki                     6.36648e-08
xok.x_245_.net5                    1.73677e-07
xok.x_245_.net4                           2.97
xok.x_245_.net6                      0.0564088
xok.x_245_.net0                    9.59203e-08
xok.x_245_.net2                    2.85791e-07
xok.x_245_.net1                    1.42895e-07
xok.x_245_.net3                           2.97
xok.x_245_.net7                           2.97
xok.x_245_.net8                           2.97
xok.x_245_.net1x                       0.79857
ok_vinp                                1.47122
ok_shp                                 1.47122
ok_vinn                                  1.485
ok_shn                                   1.485
ok_sampd                                  2.97
ok_shxp                                1.47122
ok_shxn                                  1.485
ok_topip                               4.44923
ok_topin                                 1.485
ok_topp                                4.44923
ok_topn                                  1.485
ok_cmpd                                   2.97
ok_code                                      0
ok_conf                                      9
ok_nside                           1.75372e-07
ok_acq                                       1
ok_iso                            -5.09491e-09
ok_exp                                     507
ok_err                                       0
ok_aerr                                      0
bokaerr#branch                               0
bokerr#branch                                0
bokexp#branch                                0
bokiso#branch                                0
bokacq#branch                                0
boknside#branch                              0
bokconf#branch                               0
bokcode#branch                               0
bokcmp#branch                      4.33681e-19
boktopn#branch                               0
boktopp#branch                               0
vvdd_gate#branch                  -5.54327e-09
vokcm#branch                                 0
vokin#branch                                 0
vokmode#branch                               0
vokstart#branch                              0
vclk#branch                                  0

 Reference value :  0.00000e+00
 Reference value :  8.22992e-10
 Reference value :  3.14150e-08
 Reference value :  3.66966e-08
 Reference value :  6.29841e-08
 Reference value :  9.39500e-08
 Reference value :  1.13796e-07
 Reference value :  1.25776e-07
 Reference value :  1.56450e-07
 Reference value :  1.66328e-07
 Reference value :  1.88355e-07
 Reference value :  2.12096e-07
 Reference value :  2.22153e-07
 Reference value :  2.50484e-07
 Reference value :  2.57865e-07
 Reference value :  2.82236e-07
 Reference value :  3.12705e-07
 Reference value :  3.15094e-07
 Reference value :  3.43999e-07
 Reference value :  3.75000e-07
 Reference value :  3.76037e-07
 Reference value :  4.01656e-07
 Reference value :  4.09652e-07
 Reference value :  4.38158e-07
 Reference value :  4.55636e-07
 Reference value :  4.70490e-07
 Reference value :  5.00484e-07
 Reference value :  5.02493e-07
 Reference value :  5.31967e-07
 Reference value :  5.62705e-07
 Reference value :  5.64996e-07
 Reference value :  5.94055e-07
 Reference value :  6.25000e-07
 Reference value :  6.25858e-07
 Reference value :  6.39388e-07
 Reference value :  6.56967e-07
 Reference value :  6.87607e-07
 Reference value :  6.89027e-07
 Reference value :  7.18850e-07
 Reference value :  7.21046e-07
 Reference value :  7.50484e-07
 Reference value :  7.59390e-07
 Reference value :  7.82236e-07
 Reference value :  8.12817e-07
 Reference value :  8.16698e-07
 Reference value :  8.44291e-07
 Reference value :  8.75121e-07
 Reference value :  8.76853e-07
 Reference value :  9.06499e-07
 Reference value :  9.37530e-07
 Reference value :  9.39037e-07
 Reference value :  9.68950e-07
 Reference value :  9.96900e-07
 Reference value :  1.00086e-06
 Reference value :  1.00406e-06
 Reference value :  1.01455e-06
 Reference value :  1.03167e-06
 Reference value :  1.06251e-06
 Reference value :  1.06336e-06
 Reference value :  1.07542e-06
 Reference value :  1.09447e-06
 Reference value :  1.12515e-06
 Reference value :  1.12702e-06
 Reference value :  1.14199e-06
 Reference value :  1.15646e-06
 Reference value :  1.18128e-06
 Reference value :  1.18835e-06
 Reference value :  1.21552e-06
 Reference value :  1.22049e-06
 Reference value :  1.25032e-06
 Reference value :  1.25212e-06
 Reference value :  1.28146e-06
 Reference value :  1.29629e-06
 Reference value :  1.31316e-06
 Reference value :  1.31940e-06
 Reference value :  1.34417e-06
 Reference value :  1.37503e-06
 Reference value :  1.37604e-06
 Reference value :  1.38581e-06
 Reference value :  1.40697e-06
 Reference value :  1.43761e-06
 Reference value :  1.43884e-06
 Reference value :  1.46886e-06
 Reference value :  1.47436e-06
 Reference value :  1.50048e-06
 Reference value :  1.50306e-06
 Reference value :  1.53150e-06
 Reference value :  1.55628e-06
 Reference value :  1.56336e-06
 Reference value :  1.58030e-06
 Reference value :  1.59549e-06
 Reference value :  1.62548e-06
 Reference value :  1.63311e-06
 Reference value :  1.65679e-06
 Reference value :  1.68753e-06
 Reference value :  1.68857e-06
 Reference value :  1.71458e-06
 Reference value :  1.72005e-06
 Reference value :  1.75020e-06
 Reference value :  1.75240e-06
 Reference value :  1.78150e-06
 Reference value :  1.81256e-06
 Reference value :  1.81431e-06
 Reference value :  1.84397e-06
 Reference value :  1.87501e-06
 Reference value :  1.87629e-06
 Reference value :  1.88311e-06
 Reference value :  1.90723e-06
 Reference value :  1.93782e-06
 Reference value :  1.94095e-06
 Reference value :  1.96905e-06
 Reference value :  2.00000e-06
 Reference value :  2.00086e-06
 Reference value :  2.00703e-06
 Reference value :  2.03179e-06
 Reference value :  2.06253e-06
 Reference value :  2.06356e-06
 Reference value :  2.08092e-06
 Reference value :  2.09447e-06
 Reference value :  2.12505e-06
 Reference value :  2.12676e-06
 Reference value :  2.13058e-06
 Reference value :  2.14590e-06
 Reference value :  2.15667e-06
 Reference value :  2.18750e-06
 Reference value :  2.18835e-06
 Reference value :  2.19718e-06
 Reference value :  2.21929e-06
 Reference value :  2.25011e-06
 Reference value :  2.25146e-06
 Reference value :  2.28136e-06
 Reference value :  2.28299e-06
 Reference value :  2.31270e-06
 Reference value :  2.31425e-06
 Reference value :  2.34386e-06
 Reference value :  2.34549e-06
 Reference value :  2.37520e-06
 Reference value :  2.37645e-06
 Reference value :  2.39472e-06
 Reference value :  2.40755e-06
 Reference value :  2.43760e-06
 Reference value :  2.43878e-06
 Reference value :  2.46885e-06
 Reference value :  2.47049e-06
 Reference value :  2.50032e-06
 Reference value :  2.50303e-06
 Reference value :  2.53155e-06
 Reference value :  2.56261e-06
 Reference value :  2.56486e-06
 Reference value :  2.59405e-06
 Reference value :  2.62503e-06
 Reference value :  2.62629e-06
 Reference value :  2.65635e-06
 Reference value :  2.65799e-06
 Reference value :  2.68798e-06
 Reference value :  2.70030e-06
 Reference value :  2.71973e-06
 Reference value :  2.75046e-06
 Reference value :  2.75371e-06
 Reference value :  2.78155e-06
 Reference value :  2.81251e-06
 Reference value :  2.81379e-06
 Reference value :  2.84391e-06
 Reference value :  2.86378e-06
 Reference value :  2.87604e-06
 Reference value :  2.88129e-06
 Reference value :  2.90642e-06
 Reference value :  2.91628e-06
 Reference value :  2.93836e-06
 Reference value :  2.94052e-06
 Reference value :  2.96897e-06
 Reference value :  3.00000e-06
 Reference value :  3.00104e-06
 Reference value :  3.02843e-06
 Reference value :  3.03354e-06
 Reference value :  3.06298e-06
 Reference value :  3.06648e-06
 Reference value :  3.09417e-06
 Reference value :  3.12510e-06
 Reference value :  3.12646e-06
 Reference value :  3.14199e-06
 Reference value :  3.14664e-06
 Reference value :  3.15641e-06
 Reference value :  3.18439e-06
 Reference value :  3.18851e-06
 Reference value :  3.21888e-06
 Reference value :  3.23379e-06
 Reference value :  3.25085e-06
 Reference value :  3.28135e-06
 Reference value :  3.28465e-06
 Reference value :  3.31295e-06
 Reference value :  3.32773e-06
 Reference value :  3.34474e-06
 Reference value :  3.37532e-06
 Reference value :  3.37724e-06
 Reference value :  3.40645e-06
 Reference value :  3.42628e-06
 Reference value :  3.43836e-06
 Reference value :  3.45778e-06
 Reference value :  3.47049e-06
 Reference value :  3.50046e-06
 Reference value :  3.50517e-06
 Reference value :  3.53179e-06
 Reference value :  3.56262e-06
 Reference value :  3.56431e-06
 Reference value :  3.59391e-06
 Reference value :  3.59936e-06
 Reference value :  3.62546e-06
 Reference value :  3.63761e-06
 Reference value :  3.65755e-06
 Reference value :  3.68798e-06
 Reference value :  3.69561e-06
 Reference value :  3.71973e-06
 Reference value :  3.75032e-06
 Reference value :  3.75377e-06
 Reference value :  3.78167e-06
 Reference value :  3.81261e-06
 Reference value :  3.81547e-06
 Reference value :  3.84417e-06
 Reference value :  3.87511e-06
 Reference value :  3.87682e-06
 Reference value :  3.90646e-06
 Reference value :  3.93128e-06
 Reference value :  3.93836e-06
 Reference value :  3.94168e-06
 Reference value :  3.96886e-06
 Reference value :  3.97436e-06
 Reference value :  4.00066e-06
 Reference value :  4.00300e-06
 Reference value :  4.03167e-06
 Reference value :  4.06261e-06
 Reference value :  4.06402e-06
 Reference value :  4.09385e-06
 Reference value :  4.09548e-06
 Reference value :  4.12532e-06
 Reference value :  4.12669e-06
 Reference value :  4.13535e-06
 Reference value :  4.15645e-06
 Reference value :  4.17628e-06
 Reference value :  4.18808e-06
 Reference value :  4.19863e-06
 Reference value :  4.21947e-06
 Reference value :  4.25012e-06
 Reference value :  4.25176e-06
 Reference value :  4.28146e-06
 Reference value :  4.29129e-06
 Reference value :  4.31298e-06
 Reference value :  4.31717e-06
 Reference value :  4.34429e-06
 Reference value :  4.37511e-06
 Reference value :  4.37623e-06
 Reference value :  4.39472e-06
 Reference value :  4.40799e-06
 Reference value :  4.43798e-06
 Reference value :  4.43963e-06
 Reference value :  4.46929e-06
 Reference value :  4.50011e-06
 Reference value :  4.50205e-06
 Reference value :  4.53146e-06
 Reference value :  4.55628e-06
 Reference value :  4.56336e-06
 Reference value :  4.58957e-06
 Reference value :  4.59604e-06
 Reference value :  4.62548e-06
 Reference value :  4.63310e-06
 Reference value :  4.65697e-06
 Reference value :  4.68771e-06
 Reference value :  4.68990e-06
 Reference value :  4.71906e-06
 Reference value :  4.75003e-06
 Reference value :  4.75129e-06
 Reference value :  4.78138e-06
 Reference value :  4.79128e-06
 Reference value :  4.81333e-06
 Reference value :  4.83509e-06
 Reference value :  4.84505e-06
 Reference value :  4.87532e-06
 Reference value :  4.87741e-06
 Reference value :  4.90646e-06
 Reference value :  4.92128e-06
 Reference value :  4.93816e-06
 Reference value :  4.94176e-06
 Reference value :  4.96917e-06
 Reference value :  5.00001e-06
 Reference value :  5.00086e-06
 Reference value :  5.01546e-06
 Reference value :  5.03197e-06
 Reference value :  5.06260e-06
 Reference value :  5.06382e-06
 Reference value :  5.08558e-06
 Reference value :  5.09473e-06
 Reference value :  5.12505e-06
 Reference value :  5.12676e-06
 Reference value :  5.13333e-06
 Reference value :  5.14426e-06
 Reference value :  5.15665e-06
 Reference value :  5.18285e-06
 Reference value :  5.18856e-06
 Reference value :  5.21221e-06
 Reference value :  5.22005e-06
 Reference value :  5.25021e-06
 Reference value :  5.25212e-06
 Reference value :  5.28150e-06
 Reference value :  5.31251e-06
 Reference value :  5.31401e-06
 Reference value :  5.34391e-06
 Reference value :  5.36879e-06
 Reference value :  5.37585e-06
 Reference value :  5.38034e-06
 Reference value :  5.38834e-06
 Reference value :  5.40656e-06
 Reference value :  5.43761e-06
 Reference value :  5.44005e-06
 Reference value :  5.46917e-06
 Reference value :  5.50010e-06
 Reference value :  5.50178e-06
 Reference value :  5.53156e-06
 Reference value :  5.56256e-06
 Reference value :  5.56403e-06
 Reference value :  5.59395e-06
 Reference value :  5.62190e-06
 Reference value :  5.62607e-06
 Reference value :  5.65635e-06
 Reference value :  5.65965e-06
 Reference value :  5.68816e-06
 Reference value :  5.69668e-06
 Reference value :  5.72005e-06
 Reference value :  5.75046e-06
 Reference value :  5.75576e-06
 Reference value :  5.78197e-06
 Reference value :  5.81265e-06
 Reference value :  5.81460e-06
 Reference value :  5.84400e-06
 Reference value :  5.87501e-06
 Reference value :  5.87630e-06
 Reference value :  5.90641e-06
 Reference value :  5.93129e-06
 Reference value :  5.93836e-06
 Reference value :  5.95279e-06
 Reference value :  5.97005e-06
 Reference value :  6.00048e-06
 Reference value :  6.00299e-06
 Reference value :  6.02865e-06
 Reference value :  6.03465e-06
 Reference value :  6.06316e-06
 Reference value :  6.07091e-06
 Reference value :  6.09447e-06
 Reference value :  6.12521e-06
 Reference value :  6.12776e-06
 Reference value :  6.14150e-06
 Reference value :  6.15307e-06
 Reference value :  6.15703e-06
 Reference value :  6.18771e-06
 Reference value :  6.19070e-06
 Reference value :  6.21947e-06
 Reference value :  6.25048e-06
 Reference value :  6.25787e-06
 Reference value :  6.28224e-06
 Reference value :  6.31298e-06
 Reference value :  6.32823e-06
 Reference value :  6.34474e-06
 Reference value :  6.37532e-06
 Reference value :  6.37713e-06
 Reference value :  6.38420e-06
 Reference value :  6.39818e-06
 Reference value :  6.40963e-06
 Reference value :  6.43816e-06
 Reference value :  6.44188e-06
 Reference value :  6.46947e-06
 Reference value :  6.50021e-06
 Reference value :  6.50309e-06
 Reference value :  6.53179e-06
 Reference value :  6.56265e-06
 Reference value :  6.56559e-06
 Reference value :  6.59429e-06
 Reference value :  6.62511e-06
 Reference value :  6.62805e-06
 Reference value :  6.65697e-06
 Reference value :  6.68782e-06
 Reference value :  6.69153e-06
 Reference value :  6.71947e-06
 Reference value :  6.75021e-06
 Reference value :  6.75245e-06
 Reference value :  6.78156e-06
 Reference value :  6.81250e-06
 Reference value :  6.81380e-06
 Reference value :  6.84388e-06
 Reference value :  6.85878e-06
 Reference value :  6.87586e-06
 Reference value :  6.89800e-06
 Reference value :  6.90854e-06
 Reference value :  6.93813e-06
 Reference value :  6.94048e-06
 Reference value :  6.96906e-06
 Reference value :  7.00010e-06
 Reference value :  7.00166e-06
 Reference value :  7.01436e-06
 Reference value :  7.03197e-06
 Reference value :  7.06271e-06
 Reference value :  7.06459e-06
 Reference value :  7.09400e-06
 Reference value :  7.12501e-06
 Reference value :  7.12625e-06
 Reference value :  7.13948e-06
 Reference value :  7.14691e-06
 Reference value :  7.15647e-06
 Reference value :  7.15875e-06
 Reference value :  7.18798e-06
 Reference value :  7.19722e-06
 Reference value :  7.22005e-06
 Reference value :  7.25045e-06
 Reference value :  7.26200e-06
 Reference value :  7.28255e-06
 Reference value :  7.31298e-06
 Reference value :  7.32323e-06
 Reference value :  7.34429e-06
 Reference value :  7.37512e-06
 Reference value :  7.37668e-06
 Reference value :  7.38161e-06
 Reference value :  7.40346e-06
 Reference value :  7.40963e-06
 Reference value :  7.43798e-06
 Reference value :  7.44188e-06
 Reference value :  7.46973e-06
 Reference value :  7.50032e-06
 Reference value :  7.50569e-06
 Reference value :  7.53197e-06
 Reference value :  7.56282e-06
 Reference value :  7.56650e-06
 Reference value :  7.59429e-06
 Reference value :  7.62511e-06
 Reference value :  7.62710e-06
 Reference value :  7.65655e-06
 Reference value :  7.68760e-06
 Reference value :  7.68903e-06
 Reference value :  7.71895e-06
 Reference value :  7.74378e-06
 Reference value :  7.75104e-06
 Reference value :  7.78138e-06
 Reference value :  7.79629e-06
 Reference value :  7.81336e-06
 Reference value :  7.84386e-06
 Reference value :  7.84936e-06
 Reference value :  7.87586e-06
 Reference value :  7.87981e-06
 Reference value :  7.90331e-06
 Reference value :  7.90854e-06
 Reference value :  7.93816e-06
 Reference value :  7.94168e-06
 Reference value :  7.96891e-06
 Reference value :  7.99380e-06
 Reference value :  8.00107e-06
 Reference value :  8.00909e-06
 Reference value :  8.01777e-06
 Reference value :  8.03354e-06
 Reference value :  8.06316e-06
 Reference value :  8.07595e-06
 Reference value :  8.09505e-06
 Reference value :  8.12548e-06
 Reference value :  8.13175e-06
 Reference value :  8.14306e-06
 Reference value :  8.15635e-06
 Reference value :  8.15715e-06
 Reference value :  8.18798e-06
 Reference value :  8.19722e-06
 Reference value :  8.21974e-06
 Reference value :  8.25048e-06
 Reference value :  8.27287e-06
 Reference value :  8.29129e-06
 Reference value :  8.31335e-06
 Reference value :  8.34241e-06
 Reference value :  8.34715e-06
 Reference value :  8.37585e-06
 Reference value :  8.37760e-06
 Reference value :  8.38225e-06
 Reference value :  8.40645e-06
 Reference value :  8.43435e-06
 Reference value :  8.43857e-06
 Reference value :  8.45178e-06
 Reference value :  8.47049e-06
No. of Data Rows : 6943
aerr_ok             =  2.52000e+02 at=  1.12566e-06
ok_a                =  2.06326e-06
ok_b                =  7.06327e-06
acq_av              =  1.97177e-01 from=  5.00000e-07 to=  8.50000e-06
iso_av              =  5.33104e-02 from=  5.00000e-07 to=  8.50000e-06
m_abs_err_delay_0ns = 2.5200000000e+02
m_ok_conv_period_ns = 1.0000006000e+03
m_acq_window_ns = 1.9717690000e+02
m_iso_gap_ns = 5.3310390000e+01
Note: Simulation executed from .control section 

