
Note: No compatibility mode selected!


Circuit: * sar-logic-timing-gates-ok @ ss_125c_2.97v -- generated by sim/harness, do not edit

Doing analysis at TEMP = 125.000000 and TNOM = 27.000000

Using SPARSE 1.3 as Direct Linear Solver

Initial Transient Solution
--------------------------

Node                                   Voltage
----                                   -------
clk                                          0
ok_start                                  2.97
ok_mode                                      0
xok._030_                                 2.97
xok.eng3                           1.81949e-08
vdd_gate                                  2.97
xok._031_                                 2.97
xok._032_                          3.15954e-08
xok.ph_2                                  2.97
xok._033_                          3.15954e-08
xok.ph_0                                  2.97
xok._034_                          3.15954e-08
xok.ph_1                                  2.97
xok._035_                          3.15954e-08
xok.ph_3                                  2.97
xok._036_                          3.15954e-08
xok.eng4                                  2.97
xok._037_                          3.15954e-08
xok.eng5                                  2.97
xok._038_                          3.15954e-08
xok.eng6                                  2.97
xok._039_                          3.15954e-08
xok.eng7                                  2.97
xok._040_                          3.15954e-08
xok.eng8                                  2.97
xok._041_                          3.15954e-08
xok.eng9                                  2.97
xok._042_                                 2.97
xok.eng2                           1.81949e-08
xok._043_                          3.15954e-08
xok.ph_12                                 2.97
xok._044_                                 2.97
xok.eng1                           1.81949e-08
xok._045_                          3.15954e-08
xok.ph_13                                 2.97
xok._046_                          3.15954e-08
xok.ph_11                                 2.97
xok._047_                          3.15954e-08
xok.ph_10                                 2.97
xok._048_                          3.15954e-08
xok.ph_9                                  2.97
xok._049_                          3.15954e-08
xok.ph_8                                  2.97
xok._050_                          3.15954e-08
xok.ph_7                                  2.97
xok._051_                          3.15954e-08
xok.ph_6                                  2.97
xok._052_                          3.15954e-08
xok.ph_5                                  2.97
xok._053_                          3.15954e-08
xok.ph_4                                  2.97
xok._054_                          3.15954e-08
xok.ph_14                                 2.97
ok_sel_lo_n_4p                     2.67943e-08
xok.q3                             1.81949e-08
xok.x_090_.net_0                          2.97
ok_sel_hi_n_4n                     1.62342e-08
xok.x_091_.net_1                          2.97
xok.x_091_.net_0                       2.95824
xok.x_092_.net_1                     0.0152309
xok.x_092_.net_0                     0.0557741
ok_samp_tp_n                              2.97
xok.x_093_.z_neg                   1.01333e-08
ok_sel_in_n                               2.97
xok.x_093_.net_0                       2.96127
xok.x_093_.net_1                       2.96866
xok.x_093_.net_2                       2.96978
ok_rel_n_4p                        5.98426e-08
xok.x_094_.net_0                      0.989377
xok.x_095_.net_0                   5.24309e-08
ok_rel_n_4n                        1.13253e-07
xok.x_095_.net_1                      0.979114
xok.x_096_.net_0                     0.0525663
xok.x_096_.z_neg                          2.97
ok_sel_hi_n_4p                     1.83088e-08
xok.x_097_.net_0                   1.01258e-07
xok.q4                             1.81949e-08
xok.x_097_.z_neg                          2.97
ok_sel_hi_n_8p                     1.83088e-08
xok.x_098_.net_0                     0.0525663
xok.x_098_.z_neg                          2.97
ok_sel_lo_n_8n                     1.83088e-08
ok_sel_lo_n_8p                            2.97
xok.x_099_.net_0                          2.97
ok_sel_hi_n_8n                     3.26028e-08
xok.x_100_.net_1                          2.97
xok.x_100_.net_0                          2.97
ok_rel_n_8p                        1.33419e-08
xok.x_101_.net_0                       2.95824
xok.x_102_.net_0                   1.04407e-14
ok_rel_n_8n                        1.14812e-07
xok.x_102_.net_1                       1.00354
xok.x_103_.net_0                   1.01258e-07
xok.q5                             1.81949e-08
xok.x_103_.z_neg                          2.97
ok_sel_hi_n_16p                    1.83088e-08
xok.x_104_.net_0                     0.0525663
xok.x_104_.z_neg                          2.97
ok_sel_lo_n_16n                    1.83088e-08
ok_sel_lo_n_16p                           2.97
xok.x_105_.net_0                          2.97
ok_sel_hi_n_16n                    3.26028e-08
xok.x_106_.net_1                          2.97
xok.x_106_.net_0                          2.97
ok_rel_n_16p                       1.33419e-08
xok.x_107_.net_0                       2.95824
xok.x_108_.net_0                   1.04407e-14
ok_rel_n_16n                       1.14812e-07
xok.x_108_.net_1                       1.00354
xok.x_109_.net_0                   1.01258e-07
xok.q6                             1.81949e-08
xok.x_109_.z_neg                          2.97
ok_sel_hi_n_32p                    1.83088e-08
xok.x_110_.net_0                     0.0525663
xok.x_110_.z_neg                          2.97
ok_sel_lo_n_32n                    1.83088e-08
ok_sel_lo_n_32p                           2.97
xok.x_111_.net_0                          2.97
ok_sel_hi_n_32n                    3.26028e-08
xok.x_112_.net_1                          2.97
xok.x_112_.net_0                          2.97
ok_rel_n_32p                       1.33419e-08
xok.x_113_.net_0                       2.95824
xok.x_114_.net_0                   1.04407e-14
ok_rel_n_32n                       1.14812e-07
xok.x_114_.net_1                       1.00354
xok.x_115_.net_0                   1.01258e-07
xok.q7                             1.81949e-08
xok.x_115_.z_neg                          2.97
ok_sel_hi_n_64p                    1.83088e-08
xok.x_116_.net_0                     0.0525663
xok.x_116_.z_neg                          2.97
ok_sel_lo_n_64n                    1.83088e-08
ok_sel_lo_n_64p                           2.97
xok.x_117_.net_0                          2.97
ok_sel_hi_n_64n                    3.26028e-08
xok.x_118_.net_1                          2.97
xok.x_118_.net_0                          2.97
ok_rel_n_64p                       1.33419e-08
xok.x_119_.net_0                       2.95824
xok.x_120_.net_0                   1.04407e-14
ok_rel_n_64n                       1.14812e-07
xok.x_120_.net_1                       1.00354
xok.x_121_.net_0                   1.01258e-07
xok.q8                             1.81949e-08
xok.x_121_.z_neg                          2.97
ok_sel_hi_n_128p                   1.83088e-08
xok.x_122_.net_0                     0.0525663
xok.x_122_.z_neg                          2.97
ok_sel_lo_n_128n                   1.83088e-08
ok_sel_lo_n_128p                          2.97
xok.x_123_.net_0                          2.97
ok_sel_hi_n_128n                   3.26028e-08
xok.x_124_.net_1                          2.97
xok.x_124_.net_0                          2.97
ok_rel_n_128p                      1.33419e-08
xok.x_125_.net_0                       2.95824
xok.x_126_.net_0                   1.04407e-14
ok_rel_n_128n                      1.14812e-07
xok.x_126_.net_1                       1.00354
xok.x_127_.net_0                     0.0525663
xok.x_127_.z_neg                          2.97
ok_sel_lo_n_4n                     1.83088e-08
xok.x_128_.net_0                   1.01258e-07
xok.q9                             1.81949e-08
xok.x_128_.z_neg                          2.97
ok_sel_hi_n_256p                   1.83088e-08
xok.x_129_.net_0                     0.0525663
xok.x_129_.z_neg                          2.97
ok_sel_lo_n_256n                   1.83088e-08
ok_sel_lo_n_256p                          2.97
xok.x_130_.net_0                          2.97
ok_sel_hi_n_256n                   3.26028e-08
xok.x_131_.net_1                          2.97
xok.x_131_.net_0                          2.97
ok_rel_n_256p                      1.33419e-08
xok.x_132_.net_0                       2.95824
xok.x_133_.net_0                   1.04407e-14
ok_rel_n_256n                      1.14812e-07
xok.x_133_.net_1                       1.00354
ok_rel_n_2p                        5.98426e-08
xok.x_134_.net_0                      0.989377
xok.x_135_.net_0                     0.0525663
xok.x_135_.z_neg                          2.97
xok.q2                             1.81949e-08
ok_sel_hi_n_2p                     1.83088e-08
xok.x_136_.net_0                   1.04407e-14
xok._000_                          1.14812e-07
xok.x_136_.net_1                       1.00354
xok.x_137_.net_0                   1.14812e-07
xok._001_                          1.14812e-07
xok.x_137_.net_1                       1.00354
ok_sel_lo_n_2p                     2.67943e-08
xok.x_138_.net_0                          2.97
xok.x_139_.net_0                   1.14812e-07
xok._002_                          1.14812e-07
xok.x_139_.net_1                       1.00354
xok.x_140_.net_0                   5.24309e-08
xok._003_                          1.13253e-07
xok.x_140_.net_1                      0.979114
xok.x_141_.net_0                   5.24309e-08
xok._004_                          1.13253e-07
xok.x_141_.net_1                      0.979114
xok.x_142_.net_0                   5.24309e-08
xok._005_                          1.13253e-07
xok.x_142_.net_1                      0.979114
xok.x_143_.net_0                   5.24309e-08
ok_rel_n_2n                        1.13253e-07
xok.x_143_.net_1                      0.979114
xok.x_144_.net_0                   5.24309e-08
xok._006_                          1.13253e-07
xok.x_144_.net_1                      0.979114
xok.x_145_.net_0                   5.24309e-08
xok._007_                          1.13253e-07
xok.x_145_.net_1                      0.979114
xok.x_146_.net_0                   5.24309e-08
xok._008_                          1.13253e-07
xok.x_146_.net_1                      0.979114
ok_sel_hi_n_2n                     1.62342e-08
xok.x_147_.net_1                          2.97
xok.x_147_.net_0                       2.95824
xok._009__15                       5.98426e-08
xok.x_148_.net_0                      0.989377
xok._009__14                       5.98426e-08
xok.x_149_.net_0                      0.989377
xok.x_150_.net_0                     0.0525663
xok.x_150_.z_neg                          2.97
ok_sel_lo_n_2n                     1.83088e-08
xok._009__13                       5.98426e-08
xok.x_151_.net_0                      0.989377
xok._009__12                       5.98426e-08
xok.x_152_.net_0                      0.989377
ok_rel_n_1p                        5.98426e-08
xok.x_153_.net_0                      0.989377
xok._009__11                       5.98426e-08
xok.x_154_.net_0                      0.989377
xok.x_155_.net_0                     0.0525663
xok.x_155_.z_neg                          2.97
xok.q1                             1.81949e-08
ok_sel_hi_n_1p                     1.83088e-08
xok._009__10                       5.98426e-08
xok.x_156_.net_0                      0.989377
xok._009__9                        5.98426e-08
xok.x_157_.net_0                      0.989377
ok_sel_lo_n_1p                     2.67943e-08
xok.x_158_.net_0                          2.97
xok._009__8                        5.98426e-08
xok.x_159_.net_0                      0.989377
xok.x_160_.net_0                     0.0525663
xok.x_160_.z_neg                          2.97
ok_sel_lo_n_1n                     1.83088e-08
xok._009__7                        5.98426e-08
xok.x_161_.net_0                      0.989377
xok._009__6                        5.98426e-08
xok.x_162_.net_0                      0.989377
ok_sel_hi_n_1n                     1.62342e-08
xok.x_163_.net_1                          2.97
xok.x_163_.net_0                       2.95824
xok._009__5                        5.98426e-08
xok.x_164_.net_0                      0.989377
xok._009__4                        5.98426e-08
xok.x_165_.net_0                      0.989377
xok._009__3                        5.98426e-08
xok.x_166_.net_0                      0.989377
xok.x_167_.net_0                   5.24309e-08
ok_rel_n_1n                        1.13253e-07
xok.x_167_.net_1                      0.979114
xok._009__2                        5.98426e-08
xok.x_168_.net_0                      0.989377
xok._009__1                        5.98426e-08
xok.x_169_.net_0                      0.989377
xok.x_170_.z_neg                   2.02702e-08
ok_drdy                                   2.97
xok._009__0                               2.97
xok.x_170_.net_0                       2.96147
xok.x_171_.int04                          2.97
xok._010_                          1.81949e-08
xok.x_171_.net_1                       2.26566
xok.x_171_.net_3                   1.12666e-07
xok.x_171_.sel1_n                  4.06782e-08
ok_c8                                     2.97
xok.x_171_.net_0                          2.97
xok.x_171_.net_2                          2.97
xok.x_172_.int04                          2.97
xok._011_                          1.81949e-08
xok.x_172_.net_1                       2.26566
xok.x_172_.net_3                   1.12666e-07
xok.x_172_.sel1_n                  4.06782e-08
ok_c9                                     2.97
xok.x_172_.net_0                          2.97
xok.x_172_.net_2                          2.97
xok._055_                          2.67943e-08
xok.q0                             1.81949e-08
xok.x_173_.net_0                          2.97
xok.x_174_.net_0                   3.63845e-08
ok_cmpo                                   2.97
xok._012_                          7.27689e-08
xok.x_174_.net_1                          2.97
xok.x_175_.int04                          2.97
xok._013_                          1.81949e-08
xok.x_175_.net_1                       2.26566
xok.x_175_.net_3                   1.12666e-07
xok.x_175_.sel1_n                  4.06782e-08
ok_c0                                     2.97
xok.x_175_.net_0                          2.97
xok.x_175_.net_2                          2.97
xok._056_                          5.98426e-08
xok.x_176_.net_0                      0.989377
xok.x_177_.net_0                   3.63845e-08
xok._014_                          7.27689e-08
xok.x_177_.net_1                          2.97
xok.x_178_.int04                          2.97
xok._015_                          1.81949e-08
xok.x_178_.net_1                       2.26566
xok.x_178_.net_3                   1.12666e-07
xok.x_178_.sel1_n                  4.06782e-08
ok_c1                                     2.97
xok.x_178_.net_0                          2.97
xok.x_178_.net_2                          2.97
xok.x_179_.int04                          2.97
xok._016_                          1.81949e-08
xok.x_179_.net_1                       2.26566
xok.x_179_.net_3                   1.12666e-07
xok.x_179_.sel1_n                  4.06782e-08
ok_c2                                     2.97
xok.x_179_.net_0                          2.97
xok.x_179_.net_2                          2.97
xok._057_                          5.98426e-08
xok.x_180_.net_0                      0.989377
xok.x_181_.net_0                   3.63845e-08
xok._017_                          7.27689e-08
xok.x_181_.net_1                          2.97
xok._058_                          5.98426e-08
xok.x_182_.net_0                      0.989377
xok.x_183_.net_0                   3.63845e-08
xok._018_                          7.27689e-08
xok.x_183_.net_1                          2.97
xok._059_                          5.98426e-08
xok.x_184_.net_0                      0.989377
xok.x_185_.net_0                   3.63845e-08
xok._019_                          7.27689e-08
xok.x_185_.net_1                          2.97
xok._060_                          2.67943e-08
xok.x_186_.net_0                          2.97
xok.x_187_.net_0                   3.63845e-08
xok._020_                          7.27689e-08
xok.x_187_.net_1                          2.97
xok.x_188_.int04                          2.97
xok._021_                          1.81949e-08
xok.x_188_.net_1                       2.26566
xok.x_188_.net_3                   1.12666e-07
xok.x_188_.sel1_n                  4.06782e-08
ok_c3                                     2.97
xok.x_188_.net_0                          2.97
xok.x_188_.net_2                          2.97
xok._061_                          5.98426e-08
xok.x_189_.net_0                      0.989377
xok.x_190_.net_0                   3.63845e-08
xok._022_                          7.27689e-08
xok.x_190_.net_1                          2.97
xok.x_191_.int04                          2.97
xok._023_                          1.81949e-08
xok.x_191_.net_1                       2.26566
xok.x_191_.net_3                   1.12666e-07
xok.x_191_.sel1_n                  4.06782e-08
ok_c4                                     2.97
xok.x_191_.net_0                          2.97
xok.x_191_.net_2                          2.97
xok.x_192_.int04                          2.97
xok._024_                          1.81949e-08
xok.x_192_.net_1                       2.26566
xok.x_192_.net_3                   1.12666e-07
xok.x_192_.sel1_n                  4.06782e-08
ok_c5                                     2.97
xok.x_192_.net_0                          2.97
xok.x_192_.net_2                          2.97
xok._062_                          5.98426e-08
xok.x_193_.net_0                      0.989377
xok.x_194_.net_0                   3.63845e-08
xok._025_                          7.27689e-08
xok.x_194_.net_1                          2.97
xok._063_                          5.98426e-08
xok.x_195_.net_0                      0.989377
xok.x_196_.net_0                   3.63845e-08
xok._026_                          7.27689e-08
xok.x_196_.net_1                          2.97
xok.x_197_.int04                          2.97
xok._027_                          1.81949e-08
xok.x_197_.net_1                       2.26566
xok.x_197_.net_3                   1.12666e-07
xok.x_197_.sel1_n                  4.06782e-08
ok_c6                                     2.97
xok.x_197_.net_0                          2.97
xok.x_197_.net_2                          2.97
xok.x_198_.int04                          2.97
xok._028_                          1.81949e-08
xok.x_198_.net_1                       2.26566
xok.x_198_.net_3                   1.12666e-07
xok.x_198_.sel1_n                  4.06782e-08
ok_c7                                     2.97
xok.x_198_.net_0                          2.97
xok.x_198_.net_2                          2.97
xok._064_                          5.98426e-08
xok.x_199_.net_0                      0.989377
xok.x_200_.net_0                   3.63845e-08
xok._029_                          7.27689e-08
xok.x_200_.net_1                          2.97
xok.x_201_.ncki                           2.97
xok.x_201_.cki                     3.68409e-08
xok.x_201_.net5                    1.12667e-07
xok.x_201_.net4                           2.97
xok.x_201_.net6                      0.0528516
xok.x_201_.net0                    8.04469e-08
xok.x_201_.net2                    2.64013e-07
xok.x_201_.net1                    1.32006e-07
xok.x_201_.net3                           2.97
xok.x_201_.net7                           2.97
xok.x_201_.net8                           2.97
xok.x_201_.net1x                      0.983577
xok.x_202_.ncki                           2.97
xok.x_202_.cki                     3.68409e-08
xok.x_202_.net5                    1.12667e-07
xok.x_202_.net4                           2.97
xok.x_202_.net6                      0.0528516
xok.x_202_.net0                    8.04469e-08
xok.x_202_.net2                    2.64013e-07
xok.x_202_.net1                    1.32006e-07
xok.x_202_.net3                           2.97
xok.x_202_.net7                           2.97
xok.x_202_.net8                           2.97
xok.x_202_.net1x                      0.983577
xok.x_203_.ncki                           2.97
xok.x_203_.cki                     3.68409e-08
xok.x_203_.net5                    1.12667e-07
xok.x_203_.net4                           2.97
xok.x_203_.net6                      0.0528516
xok.x_203_.net0                    8.04469e-08
xok.x_203_.net2                    2.64013e-07
xok.x_203_.net1                    1.32006e-07
xok.x_203_.net3                           2.97
xok.x_203_.net7                           2.97
xok.x_203_.net8                           2.97
xok.x_203_.net1x                      0.983577
xok.x_204_.ncki                           2.97
xok.x_204_.cki                     3.68409e-08
xok.x_204_.net5                    1.12667e-07
xok.x_204_.net4                           2.97
xok.x_204_.net6                      0.0528516
xok.x_204_.net0                    8.04469e-08
xok.x_204_.net2                    2.64013e-07
xok.x_204_.net1                    1.32006e-07
xok.x_204_.net3                           2.97
xok.x_204_.net7                           2.97
xok.x_204_.net8                           2.97
xok.x_204_.net1x                      0.983577
xok.x_205_.ncki                           2.97
xok.x_205_.cki                     3.68409e-08
xok.x_205_.net5                    1.12667e-07
xok.x_205_.net4                           2.97
xok.x_205_.net6                      0.0528516
xok.x_205_.net0                    8.04469e-08
xok.x_205_.net2                    2.64013e-07
xok.x_205_.net1                    1.32006e-07
xok.x_205_.net3                           2.97
xok.x_205_.net7                           2.97
xok.x_205_.net8                           2.97
xok.x_205_.net1x                      0.983577
xok.x_206_.ncki                           2.97
xok.x_206_.cki                     3.68409e-08
xok.x_206_.net5                    1.12667e-07
xok.x_206_.net4                           2.97
xok.x_206_.net6                      0.0528516
xok.x_206_.net0                    8.04469e-08
xok.x_206_.net2                    2.64013e-07
xok.x_206_.net1                    1.32006e-07
xok.x_206_.net3                           2.97
xok.x_206_.net7                           2.97
xok.x_206_.net8                           2.97
xok.x_206_.net1x                      0.983577
xok.x_207_.ncki                           2.97
xok.x_207_.cki                     3.68409e-08
xok.x_207_.net5                    1.12667e-07
xok.x_207_.net4                           2.97
xok.x_207_.net6                      0.0528516
xok.x_207_.net0                    8.04469e-08
xok.x_207_.net2                    2.64013e-07
xok.x_207_.net1                    1.32006e-07
xok.x_207_.net3                           2.97
xok.x_207_.net7                           2.97
xok.x_207_.net8                           2.97
xok.x_207_.net1x                      0.983577
xok.x_208_.ncki                           2.97
xok.x_208_.cki                     3.68409e-08
xok.x_208_.net5                    1.12667e-07
xok.x_208_.net4                           2.97
xok.x_208_.net6                      0.0528516
xok.x_208_.net0                    8.04469e-08
xok.x_208_.net2                    2.64013e-07
xok.x_208_.net1                    1.32006e-07
xok.x_208_.net3                           2.97
xok.x_208_.net7                           2.97
xok.x_208_.net8                           2.97
xok.x_208_.net1x                      0.983577
xok.x_209_.ncki                           2.97
xok.x_209_.cki                     3.68409e-08
xok.x_209_.net5                    1.12667e-07
xok.x_209_.net4                           2.97
xok.x_209_.net6                      0.0528516
xok.x_209_.net0                    8.04469e-08
xok.x_209_.net2                    2.64013e-07
xok.x_209_.net1                    1.32006e-07
xok.x_209_.net3                           2.97
xok.x_209_.net7                           2.97
xok.x_209_.net8                           2.97
xok.x_209_.net1x                      0.983577
xok.x_210_.ncki                           2.97
xok.x_210_.cki                     3.68409e-08
xok.x_210_.net5                    1.12667e-07
xok.x_210_.net4                           2.97
xok.x_210_.net6                      0.0528516
xok.x_210_.net0                    8.04469e-08
xok.x_210_.net2                    2.64013e-07
xok.x_210_.net1                    1.32006e-07
xok.x_210_.net3                           2.97
xok.x_210_.net7                           2.97
xok.x_210_.net8                           2.97
xok.x_210_.net1x                      0.983577
xok.x_211_.ncki                           2.97
xok.x_211_.cki                     3.68409e-08
xok.x_211_.net5                    1.12666e-07
xok.x_211_.net4                           2.97
xok.x_211_.net6                      0.0528516
xok.x_211_.net0                    1.93396e-07
xok.x_211_.net2                           2.97
xok.x_211_.net1                        2.26566
xok.x_211_.net3                    3.71975e-08
xok.x_211_.net7                           2.97
xok.x_211_.net8                           2.97
xok.x_211_.net1x                          2.97
xok.x_212_.ncki                           2.97
xok.x_212_.cki                     3.68409e-08
xok.x_212_.net5                    1.12666e-07
xok.x_212_.net4                           2.97
xok.x_212_.net6                      0.0528516
xok.x_212_.net0                    1.93396e-07
xok.x_212_.net2                           2.97
xok.x_212_.net1                        2.26566
xok.x_212_.net3                    3.71975e-08
xok.x_212_.net7                           2.97
xok.x_212_.net8                           2.97
xok.x_212_.net1x                          2.97
xok.x_213_.ncki                           2.97
xok.x_213_.cki                     3.68409e-08
xok.x_213_.net5                    1.12666e-07
xok.x_213_.net4                           2.97
xok.x_213_.net6                      0.0528516
xok.x_213_.net0                    1.93396e-07
xok.x_213_.net2                           2.97
xok.x_213_.net1                        2.26566
xok.x_213_.net3                    3.71975e-08
xok.x_213_.net7                           2.97
xok.x_213_.net8                           2.97
xok.x_213_.net1x                          2.97
xok.x_214_.ncki                           2.97
xok.x_214_.cki                     3.68409e-08
xok.x_214_.net5                    1.12666e-07
xok.x_214_.net4                           2.97
xok.x_214_.net6                      0.0528516
xok.x_214_.net0                    1.93396e-07
xok.x_214_.net2                           2.97
xok.x_214_.net1                        2.26566
xok.x_214_.net3                    3.71975e-08
xok.x_214_.net7                           2.97
xok.x_214_.net8                           2.97
xok.x_214_.net1x                          2.97
xok.x_215_.ncki                           2.97
xok.x_215_.cki                     3.68409e-08
xok.x_215_.net5                    1.12666e-07
xok.x_215_.net4                           2.97
xok.x_215_.net6                      0.0528516
xok.x_215_.net0                    1.93396e-07
xok.x_215_.net2                           2.97
xok.x_215_.net1                        2.26566
xok.x_215_.net3                    3.71975e-08
xok.x_215_.net7                           2.97
xok.x_215_.net8                           2.97
xok.x_215_.net1x                          2.97
xok.x_216_.ncki                           2.97
xok.x_216_.cki                     3.68409e-08
xok.x_216_.net5                    1.12666e-07
xok.x_216_.net4                           2.97
xok.x_216_.net6                      0.0528516
xok.x_216_.net0                    1.93396e-07
xok.x_216_.net2                           2.97
xok.x_216_.net1                        2.26566
xok.x_216_.net3                    3.71975e-08
xok.x_216_.net7                           2.97
xok.x_216_.net8                           2.97
xok.x_216_.net1x                          2.97
xok.x_217_.ncki                           2.97
xok.x_217_.cki                     3.68409e-08
xok.x_217_.net5                    1.12666e-07
xok.x_217_.net4                           2.97
xok.x_217_.net6                      0.0528516
xok.x_217_.net0                    1.93396e-07
xok.x_217_.net2                           2.97
xok.x_217_.net1                        2.26566
xok.x_217_.net3                    3.71975e-08
xok.x_217_.net7                           2.97
xok.x_217_.net8                           2.97
xok.x_217_.net1x                          2.97
xok.x_218_.ncki                           2.97
xok.x_218_.cki                     3.68409e-08
xok.x_218_.net5                    1.12666e-07
xok.x_218_.net4                           2.97
xok.x_218_.net6                      0.0528516
xok.x_218_.net0                    1.93396e-07
xok.x_218_.net2                           2.97
xok.x_218_.net1                        2.26566
xok.x_218_.net3                    3.71975e-08
xok.x_218_.net7                           2.97
xok.x_218_.net8                           2.97
xok.x_218_.net1x                          2.97
xok.x_219_.ncki                           2.97
xok.x_219_.cki                     3.68409e-08
xok.x_219_.net5                    1.12666e-07
xok.x_219_.net4                           2.97
xok.x_219_.net6                      0.0528516
xok.x_219_.net0                    1.93396e-07
xok.x_219_.net2                           2.97
xok.x_219_.net1                        2.26566
xok.x_219_.net3                    3.71975e-08
xok.x_219_.net7                           2.97
xok.x_219_.net8                           2.97
xok.x_219_.net1x                          2.97
xok.x_220_.ncki                           2.97
xok.x_220_.cki                     3.68409e-08
xok.x_220_.net5                    1.12666e-07
xok.x_220_.net4                           2.97
xok.x_220_.net6                      0.0528516
xok.x_220_.net0                    1.93396e-07
xok.x_220_.net2                           2.97
xok.x_220_.net1                        2.26566
xok.x_220_.net3                    3.71975e-08
xok.x_220_.net7                           2.97
xok.x_220_.net8                           2.97
xok.x_220_.net1x                          2.97
xok.x_221_.ncki                           2.97
xok.x_221_.cki                     3.68409e-08
xok.x_221_.net5                    1.12667e-07
xok.x_221_.net4                           2.97
xok.x_221_.net6                      0.0528516
xok.x_221_.net0                    1.93396e-07
xok.x_221_.net2                           2.97
xok.x_221_.net1                        2.26566
xok.x_221_.net3                    3.71975e-08
xok.x_221_.net7                           2.97
xok.x_221_.net8                           2.97
xok.x_221_.net1x                          2.97
xok.x_222_.ncki                           2.97
xok.x_222_.cki                     3.68409e-08
xok.x_222_.net5                    1.12667e-07
xok.x_222_.net4                           2.97
xok.x_222_.net6                      0.0528516
xok.x_222_.net0                    1.93396e-07
xok.x_222_.net2                           2.97
xok.x_222_.net1                        2.26566
xok.x_222_.net3                    3.71975e-08
xok.x_222_.net7                           2.97
xok.x_222_.net8                           2.97
xok.x_222_.net1x                          2.97
xok.x_223_.ncki                           2.97
xok.x_223_.cki                     3.68409e-08
xok.x_223_.net5                    1.12667e-07
xok.x_223_.net4                           2.97
xok.x_223_.net6                      0.0528516
xok.x_223_.net0                    1.93396e-07
xok.x_223_.net2                           2.97
xok.x_223_.net1                        2.26566
xok.x_223_.net3                    3.71975e-08
xok.x_223_.net7                           2.97
xok.x_223_.net8                           2.97
xok.x_223_.net1x                          2.97
xok.x_224_.ncki                           2.97
xok.x_224_.cki                     3.68409e-08
xok.x_224_.net5                    1.12667e-07
xok.x_224_.net4                           2.97
xok.x_224_.net6                      0.0528516
xok.x_224_.net0                    1.93396e-07
xok.x_224_.net2                           2.97
xok.x_224_.net1                        2.26566
xok.x_224_.net3                    3.71975e-08
xok.x_224_.net7                           2.97
xok.x_224_.net8                           2.97
xok.x_224_.net1x                          2.97
xok.x_225_.ncki                           2.97
xok.x_225_.cki                     3.68409e-08
xok.x_225_.net5                    1.12667e-07
xok.x_225_.net4                           2.97
xok.x_225_.net6                      0.0528516
xok.x_225_.net0                    1.93396e-07
xok.x_225_.net2                           2.97
xok.x_225_.net1                        2.26566
xok.x_225_.net3                    3.71975e-08
xok.x_225_.net7                           2.97
xok.x_225_.net8                           2.97
xok.x_225_.net1x                          2.97
xok.x_226_.ncki                           2.97
xok.x_226_.cki                     3.68409e-08
xok.x_226_.net5                    1.12667e-07
xok.x_226_.net4                           2.97
xok.x_226_.net6                      0.0528516
xok.x_226_.net0                    1.93396e-07
xok.x_226_.net2                           2.97
xok.x_226_.net1                        2.26566
xok.x_226_.net3                    3.71975e-08
xok.x_226_.net7                           2.97
xok.x_226_.net8                           2.97
xok.x_226_.net1x                          2.97
xok.x_227_.ncki                           2.97
xok.x_227_.cki                     3.68409e-08
xok.x_227_.net5                    1.12667e-07
xok.x_227_.net4                           2.97
xok.x_227_.net6                      0.0528516
xok.x_227_.net0                    8.04469e-08
xok.x_227_.net2                    2.64013e-07
xok.x_227_.net1                    1.32006e-07
xok.x_227_.net3                           2.97
xok.x_227_.net7                           2.97
xok.x_227_.net8                           2.97
xok.x_227_.net1x                      0.983577
xok.x_228_.ncki                           2.97
xok.x_228_.cki                     3.68409e-08
xok.x_228_.net5                    1.12667e-07
xok.x_228_.net4                           2.97
xok.x_228_.net6                      0.0528516
xok.x_228_.net0                    8.04469e-08
xok.x_228_.net2                    2.64013e-07
xok.x_228_.net1                    1.32006e-07
xok.x_228_.net3                           2.97
xok.x_228_.net7                           2.97
xok.x_228_.net8                           2.97
xok.x_228_.net1x                      0.983577
xok.x_229_.ncki                           2.97
xok.x_229_.cki                     3.68409e-08
xok.x_229_.net5                    1.12667e-07
xok.x_229_.net4                           2.97
xok.x_229_.net6                      0.0528516
xok.x_229_.net0                    8.04469e-08
xok.x_229_.net2                    2.64013e-07
xok.x_229_.net1                    1.32006e-07
xok.x_229_.net3                           2.97
xok.x_229_.net7                           2.97
xok.x_229_.net8                           2.97
xok.x_229_.net1x                      0.983577
xok.x_230_.ncki                           2.97
xok.x_230_.cki                     3.68409e-08
xok.x_230_.net5                    8.06756e-08
xok.x_230_.net4                    1.61351e-07
xok.x_230_.net6                    1.51653e-13
xok.x_230_.net0                           2.97
xok.x_230_.net2                           2.97
xok.x_230_.net1                        2.26566
xok.x_230_.net3                    3.71974e-08
xok.x_230_.net7                           2.97
xok.x_230_.net8                        2.96268
xok.x_230_.net1x                          2.97
xok.x_231_.ncki                           2.97
xok.x_231_.cki                     3.68409e-08
xok.x_231_.net5                    1.12667e-07
xok.x_231_.net4                           2.97
xok.x_231_.net6                      0.0528516
xok.x_231_.net0                    1.93396e-07
xok.x_231_.net2                           2.97
xok.x_231_.net1                        2.26566
xok.x_231_.net3                    3.71975e-08
xok.x_231_.net7                           2.97
xok.x_231_.net8                           2.97
xok.x_231_.net1x                          2.97
xok.x_232_.ncki                           2.97
xok.x_232_.cki                     3.68409e-08
xok.x_232_.net5                    1.12667e-07
xok.x_232_.net4                           2.97
xok.x_232_.net6                      0.0528516
xok.x_232_.net0                    1.93396e-07
xok.x_232_.net2                           2.97
xok.x_232_.net1                        2.26566
xok.x_232_.net3                    3.71975e-08
xok.x_232_.net7                           2.97
xok.x_232_.net8                           2.97
xok.x_232_.net1x                          2.97
xok.x_233_.ncki                           2.97
xok.x_233_.cki                     3.68409e-08
xok.x_233_.net5                    1.12667e-07
xok.x_233_.net4                           2.97
xok.x_233_.net6                      0.0528516
xok.x_233_.net0                    1.93396e-07
xok.x_233_.net2                           2.97
xok.x_233_.net1                        2.26566
xok.x_233_.net3                    3.71975e-08
xok.x_233_.net7                           2.97
xok.x_233_.net8                           2.97
xok.x_233_.net1x                          2.97
xok.x_234_.ncki                           2.97
xok.x_234_.cki                     3.68409e-08
xok.x_234_.net5                    1.12667e-07
xok.x_234_.net4                           2.97
xok.x_234_.net6                      0.0528516
xok.x_234_.net0                    1.93396e-07
xok.x_234_.net2                           2.97
xok.x_234_.net1                        2.26566
xok.x_234_.net3                    3.71975e-08
xok.x_234_.net7                           2.97
xok.x_234_.net8                           2.97
xok.x_234_.net1x                          2.97
xok.x_235_.ncki                           2.97
xok.x_235_.cki                     3.68409e-08
xok.x_235_.net5                    1.12667e-07
xok.x_235_.net4                           2.97
xok.x_235_.net6                      0.0528516
xok.x_235_.net0                    1.93396e-07
xok.x_235_.net2                           2.97
xok.x_235_.net1                        2.26566
xok.x_235_.net3                    3.71975e-08
xok.x_235_.net7                           2.97
xok.x_235_.net8                           2.97
xok.x_235_.net1x                          2.97
xok.x_236_.ncki                           2.97
xok.x_236_.cki                     3.68409e-08
xok.x_236_.net5                    1.12667e-07
xok.x_236_.net4                           2.97
xok.x_236_.net6                      0.0528516
xok.x_236_.net0                    1.93396e-07
xok.x_236_.net2                           2.97
xok.x_236_.net1                        2.26566
xok.x_236_.net3                    3.71975e-08
xok.x_236_.net7                           2.97
xok.x_236_.net8                           2.97
xok.x_236_.net1x                          2.97
xok.x_237_.ncki                           2.97
xok.x_237_.cki                     3.68409e-08
xok.x_237_.net5                    1.12667e-07
xok.x_237_.net4                           2.97
xok.x_237_.net6                      0.0528516
xok.x_237_.net0                    1.93396e-07
xok.x_237_.net2                           2.97
xok.x_237_.net1                        2.26566
xok.x_237_.net3                    3.71975e-08
xok.x_237_.net7                           2.97
xok.x_237_.net8                           2.97
xok.x_237_.net1x                          2.97
xok.x_238_.ncki                           2.97
xok.x_238_.cki                     3.68409e-08
xok.x_238_.net5                    1.12667e-07
xok.x_238_.net4                           2.97
xok.x_238_.net6                      0.0528516
xok.x_238_.net0                    1.93396e-07
xok.x_238_.net2                           2.97
xok.x_238_.net1                        2.26566
xok.x_238_.net3                    3.71975e-08
xok.x_238_.net7                           2.97
xok.x_238_.net8                           2.97
xok.x_238_.net1x                          2.97
xok.x_239_.ncki                           2.97
xok.x_239_.cki                     3.68409e-08
xok.x_239_.net5                    1.12667e-07
xok.x_239_.net4                           2.97
xok.x_239_.net6                      0.0528516
xok.x_239_.net0                    1.93396e-07
xok.x_239_.net2                           2.97
xok.x_239_.net1                        2.26566
xok.x_239_.net3                    3.71975e-08
xok.x_239_.net7                           2.97
xok.x_239_.net8                           2.97
xok.x_239_.net1x                          2.97
xok.x_240_.ncki                           2.97
xok.x_240_.cki                     3.68409e-08
xok.x_240_.net5                    1.12667e-07
xok.x_240_.net4                           2.97
xok.x_240_.net6                      0.0528516
xok.x_240_.net0                    1.93396e-07
xok.x_240_.net2                           2.97
xok.x_240_.net1                        2.26566
xok.x_240_.net3                    3.71975e-08
xok.x_240_.net7                           2.97
xok.x_240_.net8                           2.97
xok.x_240_.net1x                          2.97
xok.x_241_.ncki                           2.97
xok.x_241_.cki                     3.68409e-08
xok.x_241_.net5                    1.12667e-07
xok.x_241_.net4                           2.97
xok.x_241_.net6                      0.0528516
xok.x_241_.net0                    1.93396e-07
xok.x_241_.net2                           2.97
xok.x_241_.net1                        2.26566
xok.x_241_.net3                    3.71975e-08
xok.x_241_.net7                           2.97
xok.x_241_.net8                           2.97
xok.x_241_.net1x                          2.97
xok.x_242_.ncki                           2.97
xok.x_242_.cki                     3.68409e-08
xok.x_242_.net5                    1.12667e-07
xok.x_242_.net4                           2.97
xok.x_242_.net6                      0.0528516
xok.x_242_.net0                    1.93396e-07
xok.x_242_.net2                           2.97
xok.x_242_.net1                        2.26566
xok.x_242_.net3                    3.71975e-08
xok.x_242_.net7                           2.97
xok.x_242_.net8                           2.97
xok.x_242_.net1x                          2.97
xok.x_243_.ncki                           2.97
xok.x_243_.cki                     3.68409e-08
xok.x_243_.net5                    1.12667e-07
xok.x_243_.net4                           2.97
xok.x_243_.net6                      0.0528516
xok.x_243_.net0                    1.93396e-07
xok.x_243_.net2                           2.97
xok.x_243_.net1                        2.26566
xok.x_243_.net3                    3.71975e-08
xok.x_243_.net7                           2.97
xok.x_243_.net8                           2.97
xok.x_243_.net1x                          2.97
xok.x_244_.ncki                           2.97
xok.x_244_.cki                     3.68409e-08
xok.x_244_.net5                    1.12667e-07
xok.x_244_.net4                           2.97
xok.x_244_.net6                      0.0528516
xok.x_244_.net0                    1.93396e-07
xok.x_244_.net2                           2.97
xok.x_244_.net1                        2.26566
xok.x_244_.net3                    3.71975e-08
xok.x_244_.net7                           2.97
xok.x_244_.net8                           2.97
xok.x_244_.net1x                          2.97
xok.x_245_.ncki                           2.97
xok.x_245_.cki                     3.68409e-08
xok.x_245_.net5                    1.12667e-07
xok.x_245_.net4                           2.97
xok.x_245_.net6                      0.0528516
xok.x_245_.net0                    1.93396e-07
xok.x_245_.net2                           2.97
xok.x_245_.net1                        2.26566
xok.x_245_.net3                    3.71975e-08
xok.x_245_.net7                           2.97
xok.x_245_.net8                           2.97
xok.x_245_.net1x                          2.97
ok_vinp                                1.47122
ok_shp                                 1.47122
ok_vinn                                  1.485
ok_shn                                   1.485
ok_sampd                                  2.97
ok_shxp                                1.47122
ok_shxn                                  1.485
ok_topip                               1.48503
ok_topin                                 1.485
ok_topp                                1.48503
ok_topn                                  1.485
ok_cmpd                                   2.97
ok_code                                   1023
ok_conf                                      6
ok_nside                           1.37744e-07
ok_acq                                       1
ok_iso                             -1.7237e-08
ok_exp                                     507
ok_err                                     516
ok_aerr                                    516
bokaerr#branch                               0
bokerr#branch                                0
bokexp#branch                                0
bokiso#branch                                0
bokacq#branch                                0
boknside#branch                              0
bokconf#branch                               0
bokcode#branch                               0
bokcmp#branch                      4.33681e-19
boktopn#branch                               0
boktopp#branch                               0
vvdd_gate#branch                  -4.04238e-09
vokcm#branch                                 0
vokin#branch                                 0
vokmode#branch                               0
vokstart#branch                              0
vclk#branch                                  0

 Reference value :  0.00000e+00
 Reference value :  1.19117e-09
 Reference value :  2.72111e-09
 Reference value :  1.58198e-08
 Reference value :  3.29337e-08
 Reference value :  6.35061e-08
 Reference value :  9.46144e-08
 Reference value :  1.25456e-07
 Reference value :  1.56415e-07
 Reference value :  1.69360e-07
 Reference value :  1.88786e-07
 Reference value :  2.18850e-07
 Reference value :  2.22726e-07
 Reference value :  2.50724e-07
 Reference value :  2.62738e-07
 Reference value :  2.82870e-07
 Reference value :  3.12705e-07
 Reference value :  3.16749e-07
 Reference value :  3.43950e-07
 Reference value :  3.56879e-07
 Reference value :  3.76320e-07
 Reference value :  3.86508e-07
 Reference value :  4.07871e-07
 Reference value :  4.37705e-07
 Reference value :  4.39258e-07
 Reference value :  4.69055e-07
 Reference value :  5.00000e-07
 Reference value :  5.02041e-07
 Reference value :  5.31555e-07
 Reference value :  5.62500e-07
 Reference value :  5.64541e-07
 Reference value :  5.94167e-07
 Reference value :  6.25010e-07
 Reference value :  6.27041e-07
 Reference value :  6.56555e-07
 Reference value :  6.87500e-07
 Reference value :  6.89541e-07
 Reference value :  7.19055e-07
 Reference value :  7.50000e-07
 Reference value :  7.52041e-07
 Reference value :  7.81555e-07
 Reference value :  8.08393e-07
 Reference value :  8.14540e-07
 Reference value :  8.23935e-07
 Reference value :  8.44055e-07
 Reference value :  8.75000e-07
 Reference value :  8.77035e-07
 Reference value :  9.03228e-07
 Reference value :  9.09221e-07
 Reference value :  9.38224e-07
 Reference value :  9.52127e-07
 Reference value :  9.70367e-07
 Reference value :  1.00020e-06
 Reference value :  1.00275e-06
 Reference value :  1.03155e-06
 Reference value :  1.05837e-06
 Reference value :  1.06418e-06
 Reference value :  1.09388e-06
 Reference value :  1.10676e-06
 Reference value :  1.12668e-06
 Reference value :  1.13073e-06
 Reference value :  1.15450e-06
 Reference value :  1.16021e-06
 Reference value :  1.18822e-06
 Reference value :  1.19647e-06
 Reference value :  1.21997e-06
 Reference value :  1.25012e-06
 Reference value :  1.25270e-06
 Reference value :  1.28167e-06
 Reference value :  1.30840e-06
 Reference value :  1.31378e-06
 Reference value :  1.32984e-06
 Reference value :  1.34439e-06
 Reference value :  1.37500e-06
 Reference value :  1.37661e-06
 Reference value :  1.38432e-06
 Reference value :  1.40711e-06
 Reference value :  1.43753e-06
 Reference value :  1.43908e-06
 Reference value :  1.46495e-06
 Reference value :  1.47086e-06
 Reference value :  1.50020e-06
 Reference value :  1.50329e-06
 Reference value :  1.53167e-06
 Reference value :  1.55429e-06
 Reference value :  1.56385e-06
 Reference value :  1.59385e-06
 Reference value :  1.59586e-06
 Reference value :  1.62549e-06
 Reference value :  1.64233e-06
 Reference value :  1.65922e-06
 Reference value :  1.68822e-06
 Reference value :  1.71885e-06
 Reference value :  1.72271e-06
 Reference value :  1.75072e-06
 Reference value :  1.78135e-06
 Reference value :  1.78521e-06
 Reference value :  1.81350e-06
 Reference value :  1.84123e-06
 Reference value :  1.84586e-06
 Reference value :  1.87520e-06
 Reference value :  1.87834e-06
 Reference value :  1.90641e-06
 Reference value :  1.91020e-06
 Reference value :  1.93818e-06
 Reference value :  1.94326e-06
 Reference value :  1.96917e-06
 Reference value :  1.99586e-06
 Reference value :  2.00128e-06
 Reference value :  2.00671e-06
 Reference value :  2.03155e-06
 Reference value :  2.04924e-06
 Reference value :  2.06350e-06
 Reference value :  2.06972e-06
 Reference value :  2.09417e-06
 Reference value :  2.11676e-06
 Reference value :  2.12620e-06
 Reference value :  2.12821e-06
 Reference value :  2.13986e-06
 Reference value :  2.15647e-06
 Reference value :  2.16484e-06
 Reference value :  2.18822e-06
 Reference value :  2.19258e-06
 Reference value :  2.21917e-06
 Reference value :  2.24179e-06
 Reference value :  2.25088e-06
 Reference value :  2.25778e-06
 Reference value :  2.28189e-06
 Reference value :  2.31250e-06
 Reference value :  2.31378e-06
 Reference value :  2.32984e-06
 Reference value :  2.34417e-06
 Reference value :  2.37500e-06
 Reference value :  2.37695e-06
 Reference value :  2.39978e-06
 Reference value :  2.40836e-06
 Reference value :  2.43798e-06
 Reference value :  2.43930e-06
 Reference value :  2.46218e-06
 Reference value :  2.47037e-06
 Reference value :  2.50012e-06
 Reference value :  2.50244e-06
 Reference value :  2.53150e-06
 Reference value :  2.54429e-06
 Reference value :  2.56344e-06
 Reference value :  2.57021e-06
 Reference value :  2.59439e-06
 Reference value :  2.62506e-06
 Reference value :  2.62744e-06
 Reference value :  2.65689e-06
 Reference value :  2.68753e-06
 Reference value :  2.68994e-06
 Reference value :  2.71917e-06
 Reference value :  2.75016e-06
 Reference value :  2.75382e-06
 Reference value :  2.78155e-06
 Reference value :  2.81250e-06
 Reference value :  2.81454e-06
 Reference value :  2.84400e-06
 Reference value :  2.87089e-06
 Reference value :  2.87624e-06
 Reference value :  2.88218e-06
 Reference value :  2.90636e-06
 Reference value :  2.90922e-06
 Reference value :  2.93782e-06
 Reference value :  2.94085e-06
 Reference value :  2.96895e-06
 Reference value :  2.97460e-06
 Reference value :  3.00072e-06
 Reference value :  3.00280e-06
 Reference value :  3.03145e-06
 Reference value :  3.03711e-06
 Reference value :  3.06322e-06
 Reference value :  3.06994e-06
 Reference value :  3.09439e-06
 Reference value :  3.12500e-06
 Reference value :  3.12668e-06
 Reference value :  3.12858e-06
 Reference value :  3.14255e-06
 Reference value :  3.15711e-06
 Reference value :  3.18765e-06
 Reference value :  3.19039e-06
 Reference value :  3.21905e-06
 Reference value :  3.25000e-06
 Reference value :  3.25188e-06
 Reference value :  3.28145e-06
 Reference value :  3.29430e-06
 Reference value :  3.31363e-06
 Reference value :  3.34001e-06
 Reference value :  3.34586e-06
 Reference value :  3.37532e-06
 Reference value :  3.37966e-06
 Reference value :  3.40655e-06
 Reference value :  3.43340e-06
 Reference value :  3.43908e-06
 Reference value :  3.46885e-06
 Reference value :  3.47461e-06
 Reference value :  3.50124e-06
 Reference value :  3.52512e-06
 Reference value :  3.53336e-06
 Reference value :  3.56299e-06
 Reference value :  3.57483e-06
 Reference value :  3.59537e-06
 Reference value :  3.62548e-06
 Reference value :  3.62970e-06
 Reference value :  3.65689e-06
 Reference value :  3.68756e-06
 Reference value :  3.69034e-06
 Reference value :  3.71939e-06
 Reference value :  3.75006e-06
 Reference value :  3.75244e-06
 Reference value :  3.78167e-06
 Reference value :  3.81266e-06
 Reference value :  3.81576e-06
 Reference value :  3.84406e-06
 Reference value :  3.87500e-06
 Reference value :  3.87704e-06
 Reference value :  3.90647e-06
 Reference value :  3.92429e-06
 Reference value :  3.93885e-06
 Reference value :  3.94323e-06
 Reference value :  3.96897e-06
 Reference value :  3.98662e-06
 Reference value :  4.00128e-06
 Reference value :  4.01287e-06
 Reference value :  4.03189e-06
 Reference value :  4.06256e-06
 Reference value :  4.06480e-06
 Reference value :  4.09395e-06
 Reference value :  4.10231e-06
 Reference value :  4.12636e-06
 Reference value :  4.12895e-06
 Reference value :  4.14632e-06
 Reference value :  4.15747e-06
 Reference value :  4.18765e-06
 Reference value :  4.18991e-06
 Reference value :  4.21892e-06
 Reference value :  4.22271e-06
 Reference value :  4.25049e-06
 Reference value :  4.25321e-06
 Reference value :  4.28156e-06
 Reference value :  4.29429e-06
 Reference value :  4.31350e-06
 Reference value :  4.32215e-06
 Reference value :  4.34396e-06
 Reference value :  4.35233e-06
 Reference value :  4.37572e-06
 Reference value :  4.37966e-06
 Reference value :  4.40645e-06
 Reference value :  4.41211e-06
 Reference value :  4.43799e-06
 Reference value :  4.43938e-06
 Reference value :  4.46897e-06
 Reference value :  4.47733e-06
 Reference value :  4.50094e-06
 Reference value :  4.50585e-06
 Reference value :  4.53156e-06
 Reference value :  4.54427e-06
 Reference value :  4.56350e-06
 Reference value :  4.57982e-06
 Reference value :  4.59497e-06
 Reference value :  4.62507e-06
 Reference value :  4.62704e-06
 Reference value :  4.65641e-06
 Reference value :  4.66021e-06
 Reference value :  4.68799e-06
 Reference value :  4.69289e-06
 Reference value :  4.71961e-06
 Reference value :  4.75001e-06
 Reference value :  4.75204e-06
 Reference value :  4.78145e-06
 Reference value :  4.78711e-06
 Reference value :  4.81317e-06
 Reference value :  4.81739e-06
 Reference value :  4.84406e-06
 Reference value :  4.86178e-06
 Reference value :  4.87635e-06
 Reference value :  4.90635e-06
 Reference value :  4.90836e-06
 Reference value :  4.93765e-06
 Reference value :  4.93991e-06
 Reference value :  4.96892e-06
 Reference value :  4.97270e-06
 Reference value :  5.00032e-06
 Reference value :  5.00241e-06
 Reference value :  5.02664e-06
 Reference value :  5.03287e-06
 Reference value :  5.06261e-06
 Reference value :  5.06487e-06
 Reference value :  5.09386e-06
 Reference value :  5.09672e-06
 Reference value :  5.12567e-06
 Reference value :  5.12798e-06
 Reference value :  5.13730e-06
 Reference value :  5.15234e-06
 Reference value :  5.15787e-06
 Reference value :  5.16667e-06
 Reference value :  5.18174e-06
 Reference value :  5.18879e-06
 Reference value :  5.20981e-06
 Reference value :  5.22037e-06
 Reference value :  5.25011e-06
 Reference value :  5.25229e-06
 Reference value :  5.28146e-06
 Reference value :  5.28983e-06
 Reference value :  5.31322e-06
 Reference value :  5.31968e-06
 Reference value :  5.34388e-06
 Reference value :  5.34672e-06
 Reference value :  5.37532e-06
 Reference value :  5.37815e-06
 Reference value :  5.38613e-06
 Reference value :  5.39163e-06
 Reference value :  5.40711e-06
 Reference value :  5.43766e-06
 Reference value :  5.43974e-06
 Reference value :  5.46556e-06
 Reference value :  5.47086e-06
 Reference value :  5.50021e-06
 Reference value :  5.50419e-06
 Reference value :  5.53189e-06
 Reference value :  5.56250e-06
 Reference value :  5.56419e-06
 Reference value :  5.59392e-06
 Reference value :  5.59770e-06
 Reference value :  5.62549e-06
 Reference value :  5.63306e-06
 Reference value :  5.65711e-06
 Reference value :  5.68751e-06
 Reference value :  5.68953e-06
 Reference value :  5.71896e-06
 Reference value :  5.72459e-06
 Reference value :  5.75068e-06
 Reference value :  5.75524e-06
 Reference value :  5.78167e-06
 Reference value :  5.80423e-06
 Reference value :  5.81384e-06
 Reference value :  5.84385e-06
 Reference value :  5.84586e-06
 Reference value :  5.87515e-06
 Reference value :  5.87840e-06
 Reference value :  5.90667e-06
 Reference value :  5.92920e-06
 Reference value :  5.93884e-06
 Reference value :  5.96036e-06
 Reference value :  5.97037e-06
 Reference value :  6.00012e-06
 Reference value :  6.00186e-06
 Reference value :  6.01227e-06
 Reference value :  6.02230e-06
 Reference value :  6.03211e-06
 Reference value :  6.06251e-06
 Reference value :  6.06415e-06
 Reference value :  6.09092e-06
 Reference value :  6.09672e-06
 Reference value :  6.12572e-06
 Reference value :  6.13509e-06
 Reference value :  6.15085e-06
 Reference value :  6.15787e-06
 Reference value :  6.16831e-06
 Reference value :  6.18751e-06
 Reference value :  6.18938e-06
 Reference value :  6.21896e-06
 Reference value :  6.23679e-06
 Reference value :  6.25100e-06
 Reference value :  6.25915e-06
 Reference value :  6.28211e-06
 Reference value :  6.31251e-06
 Reference value :  6.31378e-06
 Reference value :  6.32984e-06
 Reference value :  6.34400e-06
 Reference value :  6.35679e-06
 Reference value :  6.37600e-06
 Reference value :  6.37830e-06
 Reference value :  6.38485e-06
 Reference value :  6.40635e-06
 Reference value :  6.40836e-06
 Reference value :  6.43765e-06
 Reference value :  6.44049e-06
 Reference value :  6.46906e-06
 Reference value :  6.48679e-06
 Reference value :  6.50135e-06
 Reference value :  6.53138e-06
 Reference value :  6.53520e-06
 Reference value :  6.56322e-06
 Reference value :  6.58940e-06
 Reference value :  6.59961e-06
 Reference value :  6.62625e-06
 Reference value :  6.65635e-06
 Reference value :  6.66211e-06
 Reference value :  6.68885e-06
 Reference value :  6.71896e-06
 Reference value :  6.73678e-06
 Reference value :  6.75170e-06
 Reference value :  6.78150e-06
 Reference value :  6.81250e-06
 Reference value :  6.81492e-06
 Reference value :  6.84417e-06
 Reference value :  6.87501e-06
 Reference value :  6.87745e-06
 Reference value :  6.90667e-06
 Reference value :  6.93766e-06
 Reference value :  6.94061e-06
 Reference value :  6.96888e-06
 Reference value :  6.97731e-06
 Reference value :  7.00129e-06
 Reference value :  7.00942e-06
 Reference value :  7.01688e-06
 Reference value :  7.03189e-06
 Reference value :  7.06253e-06
 Reference value :  7.06527e-06
 Reference value :  7.09400e-06
 Reference value :  7.12088e-06
 Reference value :  7.12703e-06
 Reference value :  7.13773e-06
 Reference value :  7.14917e-06
 Reference value :  7.15747e-06
 Reference value :  7.16666e-06
 Reference value :  7.18753e-06
 Reference value :  7.18980e-06
 Reference value :  7.21897e-06
 Reference value :  7.24590e-06
 Reference value :  7.25144e-06
 Reference value :  7.28142e-06
 Reference value :  7.29428e-06
 Reference value :  7.31378e-06
 Reference value :  7.33691e-06
 Reference value :  7.34497e-06
 Reference value :  7.37515e-06
 Reference value :  7.37843e-06
 Reference value :  7.38477e-06
 Reference value :  7.39533e-06
 Reference value :  7.40836e-06
 Reference value :  7.43799e-06
 Reference value :  7.44370e-06
 Reference value :  7.46997e-06
 Reference value :  7.50015e-06
 Reference value :  7.50577e-06
 Reference value :  7.53247e-06
 Reference value :  7.56266e-06
 Reference value :  7.56626e-06
 Reference value :  7.59417e-06
 Reference value :  7.62503e-06
 Reference value :  7.62788e-06
 Reference value :  7.65689e-06
 Reference value :  7.68753e-06
 Reference value :  7.68954e-06
 Reference value :  7.71905e-06
 Reference value :  7.75000e-06
 Reference value :  7.75159e-06
 Reference value :  7.78136e-06
 Reference value :  7.78521e-06
 Reference value :  7.81322e-06
 Reference value :  7.84385e-06
 Reference value :  7.84672e-06
 Reference value :  7.87532e-06
 Reference value :  7.87910e-06
 Reference value :  7.87928e-06
 Reference value :  7.88584e-06
 Reference value :  7.90747e-06
 Reference value :  7.93760e-06
 Reference value :  7.93995e-06
 Reference value :  7.94366e-06
 Reference value :  7.96905e-06
 Reference value :  7.98164e-06
 Reference value :  8.00100e-06
 Reference value :  8.00415e-06
 Reference value :  8.01474e-06
 Reference value :  8.02021e-06
 Reference value :  8.03247e-06
 Reference value :  8.06260e-06
 Reference value :  8.06447e-06
 Reference value :  8.09385e-06
 Reference value :  8.09586e-06
 Reference value :  8.12515e-06
 Reference value :  8.12789e-06
 Reference value :  8.14072e-06
 Reference value :  8.15176e-06
 Reference value :  8.15711e-06
 Reference value :  8.16395e-06
 Reference value :  8.16931e-06
 Reference value :  8.18799e-06
 Reference value :  8.19159e-06
 Reference value :  8.21905e-06
 Reference value :  8.23679e-06
 Reference value :  8.25100e-06
 Reference value :  8.25676e-06
 Reference value :  8.28189e-06
 Reference value :  8.31250e-06
 Reference value :  8.31378e-06
 Reference value :  8.32984e-06
 Reference value :  8.34461e-06
 Reference value :  8.37510e-06
 Reference value :  8.37776e-06
 Reference value :  8.38062e-06
 Reference value :  8.38466e-06
 Reference value :  8.40647e-06
 Reference value :  8.42428e-06
 Reference value :  8.43920e-06
 Reference value :  8.46886e-06
 Reference value :  8.47172e-06
No. of Data Rows : 6892
aerr_ok             =  0.00000e+00 at=  8.50000e-06
ok_a                =  2.06342e-06
ok_b                =  7.06342e-06
acq_av              =  1.86040e-01 from=  5.00000e-07 to=  8.50000e-06
iso_av              =  6.44627e-02 from=  5.00000e-07 to=  8.50000e-06
m_abs_err_delay_0ns = 0.0000000000e+00
m_ok_conv_period_ns = 1.0000000000e+03
m_acq_window_ns = 1.8603980000e+02
m_iso_gap_ns = 6.4462660000e+01
Note: Simulation executed from .control section 

