
Note: No compatibility mode selected!


Circuit: * sar-logic-timing-gates-ok @ ss_27c_3.63v -- generated by sim/harness, do not edit

Doing analysis at TEMP = 27.000000 and TNOM = 27.000000

Using SPARSE 1.3 as Direct Linear Solver

Initial Transient Solution
--------------------------

Node                                   Voltage
----                                   -------
clk                                          0
ok_start                                  3.63
ok_mode                                      0
xok._030_                                 3.63
xok.eng3                           1.35274e-08
vdd_gate                                  3.63
xok._031_                                 3.63
xok._032_                                 3.63
xok.ph_2                           1.35274e-08
xok._033_                                 3.63
xok.ph_0                           1.35274e-08
xok._034_                                 3.63
xok.ph_1                           1.35274e-08
xok._035_                                 3.63
xok.ph_3                           1.35274e-08
xok._036_                                 3.63
xok.eng4                           1.35274e-08
xok._037_                                 3.63
xok.eng5                           1.35274e-08
xok._038_                                 3.63
xok.eng6                           1.35274e-08
xok._039_                                 3.63
xok.eng7                           1.35274e-08
xok._040_                                 3.63
xok.eng8                           1.35274e-08
xok._041_                                 3.63
xok.eng9                           1.35274e-08
xok._042_                                 3.63
xok.eng2                           1.35274e-08
xok._043_                                 3.63
xok.ph_12                          1.35274e-08
xok._044_                                 3.63
xok.eng1                           1.35274e-08
xok._045_                                 3.63
xok.ph_13                          1.35274e-08
xok._046_                                 3.63
xok.ph_11                          1.35274e-08
xok._047_                                 3.63
xok.ph_10                          1.35274e-08
xok._048_                                 3.63
xok.ph_9                           1.35274e-08
xok._049_                                 3.63
xok.ph_8                           1.35274e-08
xok._050_                                 3.63
xok.ph_7                           1.35274e-08
xok._051_                                 3.63
xok.ph_6                           1.35274e-08
xok._052_                                 3.63
xok.ph_5                           1.35274e-08
xok._053_                                 3.63
xok.ph_4                           1.35274e-08
xok._054_                                 3.63
xok.ph_14                          1.35274e-08
ok_sel_lo_n_4p                     2.00498e-08
xok.q3                             1.35274e-08
xok.x_090_.net_0                          3.63
ok_sel_hi_n_4n                      1.2271e-08
xok.x_091_.net_1                          3.63
xok.x_091_.net_0                       3.62999
xok.x_092_.net_1                   4.03816e-08
xok.x_092_.net_0                   8.07633e-08
ok_samp_tp_n                       1.21145e-07
xok.x_093_.z_neg                          3.63
ok_sel_in_n                        1.35274e-08
xok.x_093_.net_0                          3.63
xok.x_093_.net_1                          3.63
xok.x_093_.net_2                          3.63
ok_rel_n_4p                               3.63
xok.x_094_.net_0                          3.63
xok.x_095_.net_0                   0.000947412
ok_rel_n_4n                               3.63
xok.x_095_.net_1                          3.63
xok.x_096_.net_0                    0.00642586
xok.x_096_.z_neg                          3.63
ok_sel_hi_n_4p                     1.36136e-08
xok.x_097_.net_0                    0.00642586
xok.q4                             1.35274e-08
xok.x_097_.z_neg                          3.63
ok_sel_hi_n_8p                     1.36136e-08
xok.x_098_.net_0                    0.00642586
xok.x_098_.z_neg                          3.63
ok_sel_lo_n_8n                     1.36136e-08
ok_sel_lo_n_8p                     4.44782e-08
xok.x_099_.net_0                       1.27364
ok_sel_hi_n_8n                      1.2271e-08
xok.x_100_.net_1                          3.63
xok.x_100_.net_0                          3.63
ok_rel_n_8p                               3.63
xok.x_101_.net_0                          3.63
xok.x_102_.net_0                   0.000947411
ok_rel_n_8n                               3.63
xok.x_102_.net_1                          3.63
xok.x_103_.net_0                    0.00642586
xok.q5                             1.35274e-08
xok.x_103_.z_neg                          3.63
ok_sel_hi_n_16p                    1.36136e-08
xok.x_104_.net_0                    0.00642586
xok.x_104_.z_neg                          3.63
ok_sel_lo_n_16n                    1.36136e-08
ok_sel_lo_n_16p                    4.44782e-08
xok.x_105_.net_0                       1.27364
ok_sel_hi_n_16n                     1.2271e-08
xok.x_106_.net_1                          3.63
xok.x_106_.net_0                          3.63
ok_rel_n_16p                              3.63
xok.x_107_.net_0                          3.63
xok.x_108_.net_0                   0.000947411
ok_rel_n_16n                              3.63
xok.x_108_.net_1                          3.63
xok.x_109_.net_0                    0.00642586
xok.q6                             1.35274e-08
xok.x_109_.z_neg                          3.63
ok_sel_hi_n_32p                    1.36136e-08
xok.x_110_.net_0                    0.00642586
xok.x_110_.z_neg                          3.63
ok_sel_lo_n_32n                    1.36136e-08
ok_sel_lo_n_32p                    4.44782e-08
xok.x_111_.net_0                       1.27364
ok_sel_hi_n_32n                     1.2271e-08
xok.x_112_.net_1                          3.63
xok.x_112_.net_0                          3.63
ok_rel_n_32p                              3.63
xok.x_113_.net_0                          3.63
xok.x_114_.net_0                   0.000947411
ok_rel_n_32n                              3.63
xok.x_114_.net_1                          3.63
xok.x_115_.net_0                    0.00642586
xok.q7                             1.35274e-08
xok.x_115_.z_neg                          3.63
ok_sel_hi_n_64p                    1.36136e-08
xok.x_116_.net_0                    0.00642586
xok.x_116_.z_neg                          3.63
ok_sel_lo_n_64n                    1.36136e-08
ok_sel_lo_n_64p                    4.44782e-08
xok.x_117_.net_0                       1.27364
ok_sel_hi_n_64n                     1.2271e-08
xok.x_118_.net_1                          3.63
xok.x_118_.net_0                          3.63
ok_rel_n_64p                              3.63
xok.x_119_.net_0                          3.63
xok.x_120_.net_0                   0.000947411
ok_rel_n_64n                              3.63
xok.x_120_.net_1                          3.63
xok.x_121_.net_0                    0.00642586
xok.q8                             1.35274e-08
xok.x_121_.z_neg                          3.63
ok_sel_hi_n_128p                   1.36136e-08
xok.x_122_.net_0                    0.00642586
xok.x_122_.z_neg                          3.63
ok_sel_lo_n_128n                   1.36136e-08
ok_sel_lo_n_128p                   4.44782e-08
xok.x_123_.net_0                       1.27364
ok_sel_hi_n_128n                    1.2271e-08
xok.x_124_.net_1                          3.63
xok.x_124_.net_0                          3.63
ok_rel_n_128p                             3.63
xok.x_125_.net_0                          3.63
xok.x_126_.net_0                   0.000947411
ok_rel_n_128n                             3.63
xok.x_126_.net_1                          3.63
xok.x_127_.net_0                    0.00642586
xok.x_127_.z_neg                          3.63
ok_sel_lo_n_4n                     1.36136e-08
xok.x_128_.net_0                    0.00642586
xok.q9                             1.35274e-08
xok.x_128_.z_neg                          3.63
ok_sel_hi_n_256p                   1.36136e-08
xok.x_129_.net_0                    0.00642586
xok.x_129_.z_neg                          3.63
ok_sel_lo_n_256n                   1.36136e-08
ok_sel_lo_n_256p                   4.44782e-08
xok.x_130_.net_0                       1.27364
ok_sel_hi_n_256n                    1.2271e-08
xok.x_131_.net_1                          3.63
xok.x_131_.net_0                          3.63
ok_rel_n_256p                             3.63
xok.x_132_.net_0                          3.63
xok.x_133_.net_0                   0.000947411
ok_rel_n_256n                             3.63
xok.x_133_.net_1                          3.63
ok_rel_n_2p                               3.63
xok.x_134_.net_0                          3.63
xok.x_135_.net_0                    0.00642586
xok.x_135_.z_neg                          3.63
xok.q2                             1.35274e-08
ok_sel_hi_n_2p                     1.36136e-08
xok.x_136_.net_0                   2.70519e-08
xok._000_                          5.41038e-08
xok.x_136_.net_1                          3.63
xok.x_137_.net_0                   2.70519e-08
xok._001_                          5.41038e-08
xok.x_137_.net_1                          3.63
ok_sel_lo_n_2p                     2.00498e-08
xok.x_138_.net_0                          3.63
xok.x_139_.net_0                   2.70519e-08
xok._002_                          5.41038e-08
xok.x_139_.net_1                          3.63
xok.x_140_.net_0                   2.70519e-08
xok._003_                          5.41038e-08
xok.x_140_.net_1                          3.63
xok.x_141_.net_0                   2.70519e-08
xok._004_                          5.41038e-08
xok.x_141_.net_1                          3.63
xok.x_142_.net_0                   2.70519e-08
xok._005_                          5.41038e-08
xok.x_142_.net_1                          3.63
xok.x_143_.net_0                   0.000947411
ok_rel_n_2n                               3.63
xok.x_143_.net_1                          3.63
xok.x_144_.net_0                   2.70519e-08
xok._006_                          5.41038e-08
xok.x_144_.net_1                          3.63
xok.x_145_.net_0                   2.70519e-08
xok._007_                          5.41038e-08
xok.x_145_.net_1                          3.63
xok.x_146_.net_0                   2.70519e-08
xok._008_                          5.41038e-08
xok.x_146_.net_1                          3.63
ok_sel_hi_n_2n                      1.2271e-08
xok.x_147_.net_1                          3.63
xok.x_147_.net_0                       3.62999
xok._009__15                       1.00249e-08
xok.x_148_.net_0                       3.62999
xok._009__14                       1.00249e-08
xok.x_149_.net_0                       3.62999
xok.x_150_.net_0                    0.00642586
xok.x_150_.z_neg                          3.63
ok_sel_lo_n_2n                     1.36136e-08
xok._009__13                       1.00249e-08
xok.x_151_.net_0                       3.62999
xok._009__12                       1.00249e-08
xok.x_152_.net_0                       3.62999
ok_rel_n_1p                               3.63
xok.x_153_.net_0                          3.63
xok._009__11                       1.00249e-08
xok.x_154_.net_0                       3.62999
xok.x_155_.net_0                    0.00642586
xok.x_155_.z_neg                          3.63
xok.q1                             1.35274e-08
ok_sel_hi_n_1p                     1.36136e-08
xok._009__10                       1.00249e-08
xok.x_156_.net_0                       3.62999
xok._009__9                        1.00249e-08
xok.x_157_.net_0                       3.62999
ok_sel_lo_n_1p                     2.00498e-08
xok.x_158_.net_0                          3.63
xok._009__8                        1.00249e-08
xok.x_159_.net_0                       3.62999
xok.x_160_.net_0                    0.00642586
xok.x_160_.z_neg                          3.63
ok_sel_lo_n_1n                     1.36136e-08
xok._009__7                        1.00249e-08
xok.x_161_.net_0                       3.62999
xok._009__6                        1.00249e-08
xok.x_162_.net_0                       3.62999
ok_sel_hi_n_1n                      1.2271e-08
xok.x_163_.net_1                          3.63
xok.x_163_.net_0                       3.62999
xok._009__5                        1.00249e-08
xok.x_164_.net_0                       3.62999
xok._009__4                        1.00249e-08
xok.x_165_.net_0                       3.62999
xok._009__3                        1.00249e-08
xok.x_166_.net_0                       3.62999
xok.x_167_.net_0                   0.000947411
ok_rel_n_1n                               3.63
xok.x_167_.net_1                          3.63
xok._009__2                        1.00249e-08
xok.x_168_.net_0                       3.62999
xok._009__1                        1.00249e-08
xok.x_169_.net_0                       3.62999
xok.x_170_.z_neg                   3.11414e-08
ok_drdy                            1.35274e-08
xok._009__0                               3.63
xok.x_170_.net_0                          3.63
xok.x_171_.int04                          3.63
xok._010_                          1.35274e-08
xok.x_171_.net_1                     0.0071113
xok.x_171_.net_3                       2.71248
xok.x_171_.sel1_n                         3.63
ok_c8                              1.35274e-08
xok.x_171_.net_0                          3.63
xok.x_171_.net_2                          3.63
xok.x_172_.int04                          3.63
xok._011_                          1.35274e-08
xok.x_172_.net_1                     0.0071113
xok.x_172_.net_3                       2.71248
xok.x_172_.sel1_n                         3.63
ok_c9                              1.35274e-08
xok.x_172_.net_0                          3.63
xok.x_172_.net_2                          3.63
xok._055_                                 3.63
xok.q0                             1.35274e-08
xok.x_173_.net_0                          3.63
xok.x_174_.net_0                   5.75774e-18
ok_cmpo                                   3.63
xok._012_                          8.60703e-08
xok.x_174_.net_1                       1.28473
xok.x_175_.int04                          3.63
xok._013_                          1.35274e-08
xok.x_175_.net_1                     0.0071113
xok.x_175_.net_3                       2.71248
xok.x_175_.sel1_n                         3.63
ok_c0                              1.35274e-08
xok.x_175_.net_0                          3.63
xok.x_175_.net_2                          3.63
xok._056_                                 3.63
xok.x_176_.net_0                          3.63
xok.x_177_.net_0                   5.75774e-18
xok._014_                          8.60703e-08
xok.x_177_.net_1                       1.28473
xok.x_178_.int04                          3.63
xok._015_                          1.35274e-08
xok.x_178_.net_1                     0.0071113
xok.x_178_.net_3                       2.71248
xok.x_178_.sel1_n                         3.63
ok_c1                              1.35274e-08
xok.x_178_.net_0                          3.63
xok.x_178_.net_2                          3.63
xok.x_179_.int04                          3.63
xok._016_                          1.35274e-08
xok.x_179_.net_1                     0.0071113
xok.x_179_.net_3                       2.71248
xok.x_179_.sel1_n                         3.63
ok_c2                              1.35274e-08
xok.x_179_.net_0                          3.63
xok.x_179_.net_2                          3.63
xok._057_                                 3.63
xok.x_180_.net_0                          3.63
xok.x_181_.net_0                   5.75774e-18
xok._017_                          8.60703e-08
xok.x_181_.net_1                       1.28473
xok._058_                                 3.63
xok.x_182_.net_0                          3.63
xok.x_183_.net_0                   5.75774e-18
xok._018_                          8.60703e-08
xok.x_183_.net_1                       1.28473
xok._059_                                 3.63
xok.x_184_.net_0                          3.63
xok.x_185_.net_0                   5.75774e-18
xok._019_                          8.60703e-08
xok.x_185_.net_1                       1.28473
xok._060_                                 3.63
xok.x_186_.net_0                          3.63
xok.x_187_.net_0                   5.75774e-18
xok._020_                          8.60703e-08
xok.x_187_.net_1                       1.28473
xok.x_188_.int04                          3.63
xok._021_                          1.35274e-08
xok.x_188_.net_1                     0.0071113
xok.x_188_.net_3                       2.71248
xok.x_188_.sel1_n                         3.63
ok_c3                              1.35274e-08
xok.x_188_.net_0                          3.63
xok.x_188_.net_2                          3.63
xok._061_                                 3.63
xok.x_189_.net_0                          3.63
xok.x_190_.net_0                   5.75774e-18
xok._022_                          8.60703e-08
xok.x_190_.net_1                       1.28473
xok.x_191_.int04                          3.63
xok._023_                          1.35274e-08
xok.x_191_.net_1                     0.0071113
xok.x_191_.net_3                       2.71248
xok.x_191_.sel1_n                         3.63
ok_c4                              1.35274e-08
xok.x_191_.net_0                          3.63
xok.x_191_.net_2                          3.63
xok.x_192_.int04                          3.63
xok._024_                          1.35274e-08
xok.x_192_.net_1                     0.0071113
xok.x_192_.net_3                       2.71248
xok.x_192_.sel1_n                         3.63
ok_c5                              1.35274e-08
xok.x_192_.net_0                          3.63
xok.x_192_.net_2                          3.63
xok._062_                                 3.63
xok.x_193_.net_0                          3.63
xok.x_194_.net_0                   5.75774e-18
xok._025_                          8.60703e-08
xok.x_194_.net_1                       1.28473
xok._063_                                 3.63
xok.x_195_.net_0                          3.63
xok.x_196_.net_0                   5.75774e-18
xok._026_                          8.60703e-08
xok.x_196_.net_1                       1.28473
xok.x_197_.int04                          3.63
xok._027_                          1.35274e-08
xok.x_197_.net_1                     0.0071113
xok.x_197_.net_3                       2.71248
xok.x_197_.sel1_n                         3.63
ok_c6                              1.35274e-08
xok.x_197_.net_0                          3.63
xok.x_197_.net_2                          3.63
xok.x_198_.int04                          3.63
xok._028_                          1.35274e-08
xok.x_198_.net_1                     0.0071113
xok.x_198_.net_3                       2.71248
xok.x_198_.sel1_n                         3.63
ok_c7                              1.35274e-08
xok.x_198_.net_0                          3.63
xok.x_198_.net_2                          3.63
xok._064_                                 3.63
xok.x_199_.net_0                          3.63
xok.x_200_.net_0                   5.75774e-18
xok._029_                          8.60703e-08
xok.x_200_.net_1                       1.28473
xok.x_201_.ncki                           3.63
xok.x_201_.cki                     2.79847e-08
xok.x_201_.net5                    2.14676e-10
xok.x_201_.net4                           3.63
xok.x_201_.net6                      0.0071113
xok.x_201_.net0                     6.1994e-08
xok.x_201_.net2                    2.02295e-07
xok.x_201_.net1                    1.01147e-07
xok.x_201_.net3                           3.63
xok.x_201_.net7                           3.63
xok.x_201_.net8                           3.63
xok.x_201_.net1x                       1.24635
xok.x_202_.ncki                           3.63
xok.x_202_.cki                     2.79847e-08
xok.x_202_.net5                    2.14676e-10
xok.x_202_.net4                           3.63
xok.x_202_.net6                      0.0071113
xok.x_202_.net0                     6.1994e-08
xok.x_202_.net2                    2.02295e-07
xok.x_202_.net1                    1.01147e-07
xok.x_202_.net3                           3.63
xok.x_202_.net7                           3.63
xok.x_202_.net8                           3.63
xok.x_202_.net1x                       1.24635
xok.x_203_.ncki                           3.63
xok.x_203_.cki                     2.79847e-08
xok.x_203_.net5                    2.14676e-10
xok.x_203_.net4                           3.63
xok.x_203_.net6                      0.0071113
xok.x_203_.net0                     6.1994e-08
xok.x_203_.net2                    2.02295e-07
xok.x_203_.net1                    1.01147e-07
xok.x_203_.net3                           3.63
xok.x_203_.net7                           3.63
xok.x_203_.net8                           3.63
xok.x_203_.net1x                       1.24635
xok.x_204_.ncki                           3.63
xok.x_204_.cki                     2.79847e-08
xok.x_204_.net5                    2.14676e-10
xok.x_204_.net4                           3.63
xok.x_204_.net6                      0.0071113
xok.x_204_.net0                     6.1994e-08
xok.x_204_.net2                    2.02295e-07
xok.x_204_.net1                    1.01147e-07
xok.x_204_.net3                           3.63
xok.x_204_.net7                           3.63
xok.x_204_.net8                           3.63
xok.x_204_.net1x                       1.24635
xok.x_205_.ncki                           3.63
xok.x_205_.cki                     2.79847e-08
xok.x_205_.net5                    2.14676e-10
xok.x_205_.net4                           3.63
xok.x_205_.net6                      0.0071113
xok.x_205_.net0                     6.1994e-08
xok.x_205_.net2                    2.02295e-07
xok.x_205_.net1                    1.01147e-07
xok.x_205_.net3                           3.63
xok.x_205_.net7                           3.63
xok.x_205_.net8                           3.63
xok.x_205_.net1x                       1.24635
xok.x_206_.ncki                           3.63
xok.x_206_.cki                     2.79847e-08
xok.x_206_.net5                    2.14676e-10
xok.x_206_.net4                           3.63
xok.x_206_.net6                      0.0071113
xok.x_206_.net0                     6.1994e-08
xok.x_206_.net2                    2.02295e-07
xok.x_206_.net1                    1.01147e-07
xok.x_206_.net3                           3.63
xok.x_206_.net7                           3.63
xok.x_206_.net8                           3.63
xok.x_206_.net1x                       1.24635
xok.x_207_.ncki                           3.63
xok.x_207_.cki                     2.79847e-08
xok.x_207_.net5                    2.14676e-10
xok.x_207_.net4                           3.63
xok.x_207_.net6                      0.0071113
xok.x_207_.net0                     6.1994e-08
xok.x_207_.net2                    2.02295e-07
xok.x_207_.net1                    1.01147e-07
xok.x_207_.net3                           3.63
xok.x_207_.net7                           3.63
xok.x_207_.net8                           3.63
xok.x_207_.net1x                       1.24635
xok.x_208_.ncki                           3.63
xok.x_208_.cki                     2.79847e-08
xok.x_208_.net5                    2.14676e-10
xok.x_208_.net4                           3.63
xok.x_208_.net6                      0.0071113
xok.x_208_.net0                     6.1994e-08
xok.x_208_.net2                    2.02295e-07
xok.x_208_.net1                    1.01147e-07
xok.x_208_.net3                           3.63
xok.x_208_.net7                           3.63
xok.x_208_.net8                           3.63
xok.x_208_.net1x                       1.24635
xok.x_209_.ncki                           3.63
xok.x_209_.cki                     2.79847e-08
xok.x_209_.net5                    2.14676e-10
xok.x_209_.net4                           3.63
xok.x_209_.net6                      0.0071113
xok.x_209_.net0                     6.1994e-08
xok.x_209_.net2                    2.02295e-07
xok.x_209_.net1                    1.01147e-07
xok.x_209_.net3                           3.63
xok.x_209_.net7                           3.63
xok.x_209_.net8                           3.63
xok.x_209_.net1x                       1.24635
xok.x_210_.ncki                           3.63
xok.x_210_.cki                     2.79847e-08
xok.x_210_.net5                    2.14676e-10
xok.x_210_.net4                           3.63
xok.x_210_.net6                      0.0071113
xok.x_210_.net0                     6.1994e-08
xok.x_210_.net2                    2.02295e-07
xok.x_210_.net1                    1.01147e-07
xok.x_210_.net3                           3.63
xok.x_210_.net7                           3.63
xok.x_210_.net8                           3.63
xok.x_210_.net1x                       1.24635
xok.x_211_.ncki                           3.63
xok.x_211_.cki                     2.79847e-08
xok.x_211_.net5                    2.14676e-10
xok.x_211_.net4                           3.63
xok.x_211_.net6                      0.0071113
xok.x_211_.net0                     6.1994e-08
xok.x_211_.net2                    2.02295e-07
xok.x_211_.net1                    1.01147e-07
xok.x_211_.net3                           3.63
xok.x_211_.net7                           3.63
xok.x_211_.net8                           3.63
xok.x_211_.net1x                       1.24635
xok.x_212_.ncki                           3.63
xok.x_212_.cki                     2.79847e-08
xok.x_212_.net5                    2.14676e-10
xok.x_212_.net4                           3.63
xok.x_212_.net6                      0.0071113
xok.x_212_.net0                     6.1994e-08
xok.x_212_.net2                    2.02295e-07
xok.x_212_.net1                    1.01147e-07
xok.x_212_.net3                           3.63
xok.x_212_.net7                           3.63
xok.x_212_.net8                           3.63
xok.x_212_.net1x                       1.24635
xok.x_213_.ncki                           3.63
xok.x_213_.cki                     2.79847e-08
xok.x_213_.net5                    2.14676e-10
xok.x_213_.net4                           3.63
xok.x_213_.net6                      0.0071113
xok.x_213_.net0                     6.1994e-08
xok.x_213_.net2                    2.02295e-07
xok.x_213_.net1                    1.01147e-07
xok.x_213_.net3                           3.63
xok.x_213_.net7                           3.63
xok.x_213_.net8                           3.63
xok.x_213_.net1x                       1.24635
xok.x_214_.ncki                           3.63
xok.x_214_.cki                     2.79847e-08
xok.x_214_.net5                    2.14676e-10
xok.x_214_.net4                           3.63
xok.x_214_.net6                      0.0071113
xok.x_214_.net0                     6.1994e-08
xok.x_214_.net2                    2.02295e-07
xok.x_214_.net1                    1.01147e-07
xok.x_214_.net3                           3.63
xok.x_214_.net7                           3.63
xok.x_214_.net8                           3.63
xok.x_214_.net1x                       1.24635
xok.x_215_.ncki                           3.63
xok.x_215_.cki                     2.79847e-08
xok.x_215_.net5                    2.14676e-10
xok.x_215_.net4                           3.63
xok.x_215_.net6                      0.0071113
xok.x_215_.net0                     6.1994e-08
xok.x_215_.net2                    2.02295e-07
xok.x_215_.net1                    1.01147e-07
xok.x_215_.net3                           3.63
xok.x_215_.net7                           3.63
xok.x_215_.net8                           3.63
xok.x_215_.net1x                       1.24635
xok.x_216_.ncki                           3.63
xok.x_216_.cki                     2.79847e-08
xok.x_216_.net5                    2.14676e-10
xok.x_216_.net4                           3.63
xok.x_216_.net6                      0.0071113
xok.x_216_.net0                     6.1994e-08
xok.x_216_.net2                    2.02295e-07
xok.x_216_.net1                    1.01147e-07
xok.x_216_.net3                           3.63
xok.x_216_.net7                           3.63
xok.x_216_.net8                           3.63
xok.x_216_.net1x                       1.24635
xok.x_217_.ncki                           3.63
xok.x_217_.cki                     2.79847e-08
xok.x_217_.net5                    2.14676e-10
xok.x_217_.net4                           3.63
xok.x_217_.net6                      0.0071113
xok.x_217_.net0                     6.1994e-08
xok.x_217_.net2                    2.02295e-07
xok.x_217_.net1                    1.01147e-07
xok.x_217_.net3                           3.63
xok.x_217_.net7                           3.63
xok.x_217_.net8                           3.63
xok.x_217_.net1x                       1.24635
xok.x_218_.ncki                           3.63
xok.x_218_.cki                     2.79847e-08
xok.x_218_.net5                    2.14676e-10
xok.x_218_.net4                           3.63
xok.x_218_.net6                      0.0071113
xok.x_218_.net0                     6.1994e-08
xok.x_218_.net2                    2.02295e-07
xok.x_218_.net1                    1.01147e-07
xok.x_218_.net3                           3.63
xok.x_218_.net7                           3.63
xok.x_218_.net8                           3.63
xok.x_218_.net1x                       1.24635
xok.x_219_.ncki                           3.63
xok.x_219_.cki                     2.79847e-08
xok.x_219_.net5                    2.14676e-10
xok.x_219_.net4                           3.63
xok.x_219_.net6                      0.0071113
xok.x_219_.net0                     6.1994e-08
xok.x_219_.net2                    2.02295e-07
xok.x_219_.net1                    1.01147e-07
xok.x_219_.net3                           3.63
xok.x_219_.net7                           3.63
xok.x_219_.net8                           3.63
xok.x_219_.net1x                       1.24635
xok.x_220_.ncki                           3.63
xok.x_220_.cki                     2.79847e-08
xok.x_220_.net5                    2.14676e-10
xok.x_220_.net4                           3.63
xok.x_220_.net6                      0.0071113
xok.x_220_.net0                     6.1994e-08
xok.x_220_.net2                    2.02295e-07
xok.x_220_.net1                    1.01147e-07
xok.x_220_.net3                           3.63
xok.x_220_.net7                           3.63
xok.x_220_.net8                           3.63
xok.x_220_.net1x                       1.24635
xok.x_221_.ncki                           3.63
xok.x_221_.cki                     2.79847e-08
xok.x_221_.net5                    2.14676e-10
xok.x_221_.net4                           3.63
xok.x_221_.net6                      0.0071113
xok.x_221_.net0                     6.1994e-08
xok.x_221_.net2                    2.02295e-07
xok.x_221_.net1                    1.01147e-07
xok.x_221_.net3                           3.63
xok.x_221_.net7                           3.63
xok.x_221_.net8                           3.63
xok.x_221_.net1x                       1.24635
xok.x_222_.ncki                           3.63
xok.x_222_.cki                     2.79847e-08
xok.x_222_.net5                    2.14676e-10
xok.x_222_.net4                           3.63
xok.x_222_.net6                      0.0071113
xok.x_222_.net0                     6.1994e-08
xok.x_222_.net2                    2.02295e-07
xok.x_222_.net1                    1.01147e-07
xok.x_222_.net3                           3.63
xok.x_222_.net7                           3.63
xok.x_222_.net8                           3.63
xok.x_222_.net1x                       1.24635
xok.x_223_.ncki                           3.63
xok.x_223_.cki                     2.79847e-08
xok.x_223_.net5                    2.14676e-10
xok.x_223_.net4                           3.63
xok.x_223_.net6                      0.0071113
xok.x_223_.net0                     6.1994e-08
xok.x_223_.net2                    2.02295e-07
xok.x_223_.net1                    1.01147e-07
xok.x_223_.net3                           3.63
xok.x_223_.net7                           3.63
xok.x_223_.net8                           3.63
xok.x_223_.net1x                       1.24635
xok.x_224_.ncki                           3.63
xok.x_224_.cki                     2.79847e-08
xok.x_224_.net5                    2.14676e-10
xok.x_224_.net4                           3.63
xok.x_224_.net6                      0.0071113
xok.x_224_.net0                     6.1994e-08
xok.x_224_.net2                    2.02295e-07
xok.x_224_.net1                    1.01147e-07
xok.x_224_.net3                           3.63
xok.x_224_.net7                           3.63
xok.x_224_.net8                           3.63
xok.x_224_.net1x                       1.24635
xok.x_225_.ncki                           3.63
xok.x_225_.cki                     2.79847e-08
xok.x_225_.net5                    2.14676e-10
xok.x_225_.net4                           3.63
xok.x_225_.net6                      0.0071113
xok.x_225_.net0                     6.1994e-08
xok.x_225_.net2                    2.02295e-07
xok.x_225_.net1                    1.01147e-07
xok.x_225_.net3                           3.63
xok.x_225_.net7                           3.63
xok.x_225_.net8                           3.63
xok.x_225_.net1x                       1.24635
xok.x_226_.ncki                           3.63
xok.x_226_.cki                     2.79847e-08
xok.x_226_.net5                    2.14676e-10
xok.x_226_.net4                           3.63
xok.x_226_.net6                      0.0071113
xok.x_226_.net0                     6.1994e-08
xok.x_226_.net2                    2.02295e-07
xok.x_226_.net1                    1.01147e-07
xok.x_226_.net3                           3.63
xok.x_226_.net7                           3.63
xok.x_226_.net8                           3.63
xok.x_226_.net1x                       1.24635
xok.x_227_.ncki                           3.63
xok.x_227_.cki                     2.79847e-08
xok.x_227_.net5                    2.14676e-10
xok.x_227_.net4                           3.63
xok.x_227_.net6                      0.0071113
xok.x_227_.net0                     6.1994e-08
xok.x_227_.net2                    2.02295e-07
xok.x_227_.net1                    1.01147e-07
xok.x_227_.net3                           3.63
xok.x_227_.net7                           3.63
xok.x_227_.net8                           3.63
xok.x_227_.net1x                       1.24635
xok.x_228_.ncki                           3.63
xok.x_228_.cki                     2.79847e-08
xok.x_228_.net5                    2.14676e-10
xok.x_228_.net4                           3.63
xok.x_228_.net6                      0.0071113
xok.x_228_.net0                     6.1994e-08
xok.x_228_.net2                    2.02295e-07
xok.x_228_.net1                    1.01147e-07
xok.x_228_.net3                           3.63
xok.x_228_.net7                           3.63
xok.x_228_.net8                           3.63
xok.x_228_.net1x                       1.24635
xok.x_229_.ncki                           3.63
xok.x_229_.cki                     2.79847e-08
xok.x_229_.net5                    2.14676e-10
xok.x_229_.net4                           3.63
xok.x_229_.net6                      0.0071113
xok.x_229_.net0                     6.1994e-08
xok.x_229_.net2                    2.02295e-07
xok.x_229_.net1                    1.01147e-07
xok.x_229_.net3                           3.63
xok.x_229_.net7                           3.63
xok.x_229_.net8                           3.63
xok.x_229_.net1x                       1.24635
xok.x_230_.ncki                           3.63
xok.x_230_.cki                     2.79847e-08
xok.x_230_.net5                    6.19941e-08
xok.x_230_.net4                    1.23988e-07
xok.x_230_.net6                    1.84661e-16
xok.x_230_.net0                           3.63
xok.x_230_.net2                    2.02724e-07
xok.x_230_.net1                    1.01362e-07
xok.x_230_.net3                           3.63
xok.x_230_.net7                           3.63
xok.x_230_.net8                        3.62999
xok.x_230_.net1x                       1.24635
xok.x_231_.ncki                           3.63
xok.x_231_.cki                     2.79847e-08
xok.x_231_.net5                    2.14676e-10
xok.x_231_.net4                           3.63
xok.x_231_.net6                      0.0071113
xok.x_231_.net0                     6.1994e-08
xok.x_231_.net2                    2.02295e-07
xok.x_231_.net1                    1.01147e-07
xok.x_231_.net3                           3.63
xok.x_231_.net7                           3.63
xok.x_231_.net8                           3.63
xok.x_231_.net1x                       1.24635
xok.x_232_.ncki                           3.63
xok.x_232_.cki                     2.79847e-08
xok.x_232_.net5                    2.14676e-10
xok.x_232_.net4                           3.63
xok.x_232_.net6                      0.0071113
xok.x_232_.net0                     6.1994e-08
xok.x_232_.net2                    2.02295e-07
xok.x_232_.net1                    1.01147e-07
xok.x_232_.net3                           3.63
xok.x_232_.net7                           3.63
xok.x_232_.net8                           3.63
xok.x_232_.net1x                       1.24635
xok.x_233_.ncki                           3.63
xok.x_233_.cki                     2.79847e-08
xok.x_233_.net5                    2.14676e-10
xok.x_233_.net4                           3.63
xok.x_233_.net6                      0.0071113
xok.x_233_.net0                     6.1994e-08
xok.x_233_.net2                    2.02295e-07
xok.x_233_.net1                    1.01147e-07
xok.x_233_.net3                           3.63
xok.x_233_.net7                           3.63
xok.x_233_.net8                           3.63
xok.x_233_.net1x                       1.24635
xok.x_234_.ncki                           3.63
xok.x_234_.cki                     2.79847e-08
xok.x_234_.net5                    2.14676e-10
xok.x_234_.net4                           3.63
xok.x_234_.net6                      0.0071113
xok.x_234_.net0                     6.1994e-08
xok.x_234_.net2                    2.02295e-07
xok.x_234_.net1                    1.01147e-07
xok.x_234_.net3                           3.63
xok.x_234_.net7                           3.63
xok.x_234_.net8                           3.63
xok.x_234_.net1x                       1.24635
xok.x_235_.ncki                           3.63
xok.x_235_.cki                     2.79847e-08
xok.x_235_.net5                    2.14676e-10
xok.x_235_.net4                           3.63
xok.x_235_.net6                      0.0071113
xok.x_235_.net0                     6.1994e-08
xok.x_235_.net2                    2.02295e-07
xok.x_235_.net1                    1.01147e-07
xok.x_235_.net3                           3.63
xok.x_235_.net7                           3.63
xok.x_235_.net8                           3.63
xok.x_235_.net1x                       1.24635
xok.x_236_.ncki                           3.63
xok.x_236_.cki                     2.79847e-08
xok.x_236_.net5                    2.14676e-10
xok.x_236_.net4                           3.63
xok.x_236_.net6                      0.0071113
xok.x_236_.net0                     6.1994e-08
xok.x_236_.net2                    2.02295e-07
xok.x_236_.net1                    1.01147e-07
xok.x_236_.net3                           3.63
xok.x_236_.net7                           3.63
xok.x_236_.net8                           3.63
xok.x_236_.net1x                       1.24635
xok.x_237_.ncki                           3.63
xok.x_237_.cki                     2.79847e-08
xok.x_237_.net5                    2.14676e-10
xok.x_237_.net4                           3.63
xok.x_237_.net6                      0.0071113
xok.x_237_.net0                     6.1994e-08
xok.x_237_.net2                    2.02295e-07
xok.x_237_.net1                    1.01147e-07
xok.x_237_.net3                           3.63
xok.x_237_.net7                           3.63
xok.x_237_.net8                           3.63
xok.x_237_.net1x                       1.24635
xok.x_238_.ncki                           3.63
xok.x_238_.cki                     2.79847e-08
xok.x_238_.net5                    2.14676e-10
xok.x_238_.net4                           3.63
xok.x_238_.net6                      0.0071113
xok.x_238_.net0                     6.1994e-08
xok.x_238_.net2                    2.02295e-07
xok.x_238_.net1                    1.01147e-07
xok.x_238_.net3                           3.63
xok.x_238_.net7                           3.63
xok.x_238_.net8                           3.63
xok.x_238_.net1x                       1.24635
xok.x_239_.ncki                           3.63
xok.x_239_.cki                     2.79847e-08
xok.x_239_.net5                    2.14676e-10
xok.x_239_.net4                           3.63
xok.x_239_.net6                      0.0071113
xok.x_239_.net0                     6.1994e-08
xok.x_239_.net2                    2.02295e-07
xok.x_239_.net1                    1.01147e-07
xok.x_239_.net3                           3.63
xok.x_239_.net7                           3.63
xok.x_239_.net8                           3.63
xok.x_239_.net1x                       1.24635
xok.x_240_.ncki                           3.63
xok.x_240_.cki                     2.79847e-08
xok.x_240_.net5                    2.14676e-10
xok.x_240_.net4                           3.63
xok.x_240_.net6                      0.0071113
xok.x_240_.net0                     6.1994e-08
xok.x_240_.net2                    2.02295e-07
xok.x_240_.net1                    1.01147e-07
xok.x_240_.net3                           3.63
xok.x_240_.net7                           3.63
xok.x_240_.net8                           3.63
xok.x_240_.net1x                       1.24635
xok.x_241_.ncki                           3.63
xok.x_241_.cki                     2.79847e-08
xok.x_241_.net5                    2.14676e-10
xok.x_241_.net4                           3.63
xok.x_241_.net6                      0.0071113
xok.x_241_.net0                     6.1994e-08
xok.x_241_.net2                    2.02295e-07
xok.x_241_.net1                    1.01147e-07
xok.x_241_.net3                           3.63
xok.x_241_.net7                           3.63
xok.x_241_.net8                           3.63
xok.x_241_.net1x                       1.24635
xok.x_242_.ncki                           3.63
xok.x_242_.cki                     2.79847e-08
xok.x_242_.net5                    2.14676e-10
xok.x_242_.net4                           3.63
xok.x_242_.net6                      0.0071113
xok.x_242_.net0                     6.1994e-08
xok.x_242_.net2                    2.02295e-07
xok.x_242_.net1                    1.01147e-07
xok.x_242_.net3                           3.63
xok.x_242_.net7                           3.63
xok.x_242_.net8                           3.63
xok.x_242_.net1x                       1.24635
xok.x_243_.ncki                           3.63
xok.x_243_.cki                     2.79847e-08
xok.x_243_.net5                    2.14676e-10
xok.x_243_.net4                           3.63
xok.x_243_.net6                      0.0071113
xok.x_243_.net0                     6.1994e-08
xok.x_243_.net2                    2.02295e-07
xok.x_243_.net1                    1.01147e-07
xok.x_243_.net3                           3.63
xok.x_243_.net7                           3.63
xok.x_243_.net8                           3.63
xok.x_243_.net1x                       1.24635
xok.x_244_.ncki                           3.63
xok.x_244_.cki                     2.79847e-08
xok.x_244_.net5                    2.14676e-10
xok.x_244_.net4                           3.63
xok.x_244_.net6                      0.0071113
xok.x_244_.net0                     6.1994e-08
xok.x_244_.net2                    2.02295e-07
xok.x_244_.net1                    1.01147e-07
xok.x_244_.net3                           3.63
xok.x_244_.net7                           3.63
xok.x_244_.net8                           3.63
xok.x_244_.net1x                       1.24635
xok.x_245_.ncki                           3.63
xok.x_245_.cki                     2.79847e-08
xok.x_245_.net5                    2.14676e-10
xok.x_245_.net4                           3.63
xok.x_245_.net6                      0.0071113
xok.x_245_.net0                     6.1994e-08
xok.x_245_.net2                    2.02295e-07
xok.x_245_.net1                    1.01147e-07
xok.x_245_.net3                           3.63
xok.x_245_.net7                           3.63
xok.x_245_.net8                           3.63
xok.x_245_.net1x                       1.24635
ok_vinp                                1.79816
ok_shp                                 1.79816
ok_vinn                                  1.815
ok_shn                                   1.815
ok_sampd                           1.21145e-07
ok_shxp                                1.79816
ok_shxn                                  1.815
ok_topip                               1.83184
ok_topin                                 1.815
ok_topp                                1.83184
ok_topn                                  1.815
ok_cmpd                                   3.63
ok_code                                      0
ok_conf                            3.19928e-07
ok_nside                           6.41766e-08
ok_acq                             3.33733e-08
ok_iso                            -2.96467e-08
ok_exp                                     507
ok_err                                       0
ok_aerr                                      0
bokaerr#branch                               0
bokerr#branch                                0
bokexp#branch                                0
bokiso#branch                                0
bokacq#branch                                0
boknside#branch                              0
bokconf#branch                               0
bokcode#branch                               0
bokcmp#branch                                0
boktopn#branch                               0
boktopp#branch                               0
vvdd_gate#branch                    -2.925e-09
vokcm#branch                      -4.03897e-28
vokin#branch                                 0
vokmode#branch                               0
vokstart#branch                              0
vclk#branch                                  0

 Reference value :  0.00000e+00
 Reference value :  7.60752e-10
 Reference value :  2.24928e-09
 Reference value :  1.04882e-08
 Reference value :  2.11764e-08
 Reference value :  3.15550e-08
 Reference value :  6.25100e-08
 Reference value :  6.49382e-08
 Reference value :  9.42755e-08
 Reference value :  1.25100e-07
 Reference value :  1.29287e-07
 Reference value :  1.56926e-07
 Reference value :  1.87649e-07
 Reference value :  1.88795e-07
 Reference value :  2.18950e-07
 Reference value :  2.25973e-07
 Reference value :  2.50775e-07
 Reference value :  2.59380e-07
 Reference value :  2.81926e-07
 Reference value :  3.12607e-07
 Reference value :  3.13432e-07
 Reference value :  3.22256e-07
 Reference value :  3.43850e-07
 Reference value :  3.45727e-07
 Reference value :  3.75454e-07
 Reference value :  3.76396e-07
 Reference value :  4.03470e-07
 Reference value :  4.07781e-07
 Reference value :  4.37954e-07
 Reference value :  4.38908e-07
 Reference value :  4.69055e-07
 Reference value :  5.00010e-07
 Reference value :  5.00960e-07
 Reference value :  5.24886e-07
 Reference value :  5.32777e-07
 Reference value :  5.62956e-07
 Reference value :  5.65606e-07
 Reference value :  5.94275e-07
 Reference value :  6.25065e-07
 Reference value :  6.25960e-07
 Reference value :  6.39878e-07
 Reference value :  6.56925e-07
 Reference value :  6.87565e-07
 Reference value :  6.88280e-07
 Reference value :  6.97377e-07
 Reference value :  7.19275e-07
 Reference value :  7.50000e-07
 Reference value :  7.50780e-07
 Reference value :  7.56193e-07
 Reference value :  7.81667e-07
 Reference value :  8.03419e-07
 Reference value :  8.13280e-07
 Reference value :  8.18662e-07
 Reference value :  8.24106e-07
 Reference value :  8.44055e-07
 Reference value :  8.60923e-07
 Reference value :  8.75611e-07
 Reference value :  8.76684e-07
 Reference value :  8.98292e-07
 Reference value :  9.07156e-07
 Reference value :  9.37600e-07
 Reference value :  9.38460e-07
 Reference value :  9.41606e-07
 Reference value :  9.69055e-07
 Reference value :  9.85911e-07
 Reference value :  1.00061e-06
 Reference value :  1.00167e-06
 Reference value :  1.03135e-06
 Reference value :  1.03244e-06
 Reference value :  1.06261e-06
 Reference value :  1.06365e-06
 Reference value :  1.07247e-06
 Reference value :  1.09417e-06
 Reference value :  1.11591e-06
 Reference value :  1.12561e-06
 Reference value :  1.12696e-06
 Reference value :  1.13398e-06
 Reference value :  1.14047e-06
 Reference value :  1.15650e-06
 Reference value :  1.16352e-06
 Reference value :  1.18796e-06
 Reference value :  1.18877e-06
 Reference value :  1.21495e-06
 Reference value :  1.21966e-06
 Reference value :  1.25010e-06
 Reference value :  1.25093e-06
 Reference value :  1.26459e-06
 Reference value :  1.28178e-06
 Reference value :  1.30798e-06
 Reference value :  1.31328e-06
 Reference value :  1.31539e-06
 Reference value :  1.33193e-06
 Reference value :  1.34405e-06
 Reference value :  1.35597e-06
 Reference value :  1.37561e-06
 Reference value :  1.37642e-06
 Reference value :  1.40636e-06
 Reference value :  1.40778e-06
 Reference value :  1.43770e-06
 Reference value :  1.43870e-06
 Reference value :  1.46248e-06
 Reference value :  1.46994e-06
 Reference value :  1.50012e-06
 Reference value :  1.50096e-06
 Reference value :  1.52016e-06
 Reference value :  1.53216e-06
 Reference value :  1.56260e-06
 Reference value :  1.56346e-06
 Reference value :  1.57766e-06
 Reference value :  1.59442e-06
 Reference value :  1.62503e-06
 Reference value :  1.62578e-06
 Reference value :  1.63141e-06
 Reference value :  1.65667e-06
 Reference value :  1.68296e-06
 Reference value :  1.68828e-06
 Reference value :  1.69391e-06
 Reference value :  1.71917e-06
 Reference value :  1.74546e-06
 Reference value :  1.75078e-06
 Reference value :  1.76516e-06
 Reference value :  1.78216e-06
 Reference value :  1.81270e-06
 Reference value :  1.81382e-06
 Reference value :  1.84392e-06
 Reference value :  1.85592e-06
 Reference value :  1.87578e-06
 Reference value :  1.87789e-06
 Reference value :  1.90667e-06
 Reference value :  1.93762e-06
 Reference value :  1.93917e-06
 Reference value :  1.96896e-06
 Reference value :  1.98092e-06
 Reference value :  2.00078e-06
 Reference value :  2.00548e-06
 Reference value :  2.03193e-06
 Reference value :  2.06262e-06
 Reference value :  2.06359e-06
 Reference value :  2.08404e-06
 Reference value :  2.09528e-06
 Reference value :  2.12511e-06
 Reference value :  2.12694e-06
 Reference value :  2.13376e-06
 Reference value :  2.14553e-06
 Reference value :  2.15716e-06
 Reference value :  2.18770e-06
 Reference value :  2.18860e-06
 Reference value :  2.21885e-06
 Reference value :  2.21994e-06
 Reference value :  2.25012e-06
 Reference value :  2.25122e-06
 Reference value :  2.26914e-06
 Reference value :  2.28216e-06
 Reference value :  2.31270e-06
 Reference value :  2.31379e-06
 Reference value :  2.32878e-06
 Reference value :  2.34395e-06
 Reference value :  2.35097e-06
 Reference value :  2.37561e-06
 Reference value :  2.37688e-06
 Reference value :  2.40650e-06
 Reference value :  2.42848e-06
 Reference value :  2.43820e-06
 Reference value :  2.44422e-06
 Reference value :  2.46966e-06
 Reference value :  2.50012e-06
 Reference value :  2.50113e-06
 Reference value :  2.53135e-06
 Reference value :  2.53322e-06
 Reference value :  2.56303e-06
 Reference value :  2.56606e-06
 Reference value :  2.59417e-06
 Reference value :  2.62506e-06
 Reference value :  2.62596e-06
 Reference value :  2.65019e-06
 Reference value :  2.65778e-06
 Reference value :  2.68781e-06
 Reference value :  2.68904e-06
 Reference value :  2.71886e-06
 Reference value :  2.72028e-06
 Reference value :  2.75012e-06
 Reference value :  2.75125e-06
 Reference value :  2.77551e-06
 Reference value :  2.78216e-06
 Reference value :  2.81260e-06
 Reference value :  2.81346e-06
 Reference value :  2.83277e-06
 Reference value :  2.84466e-06
 Reference value :  2.87512e-06
 Reference value :  2.87625e-06
 Reference value :  2.88165e-06
 Reference value :  2.90642e-06
 Reference value :  2.90911e-06
 Reference value :  2.93796e-06
 Reference value :  2.93928e-06
 Reference value :  2.94537e-06
 Reference value :  2.96943e-06
 Reference value :  3.00001e-06
 Reference value :  3.00078e-06
 Reference value :  3.00536e-06
 Reference value :  3.03177e-06
 Reference value :  3.06260e-06
 Reference value :  3.06347e-06
 Reference value :  3.06699e-06
 Reference value :  3.09400e-06
 Reference value :  3.10591e-06
 Reference value :  3.12546e-06
 Reference value :  3.12692e-06
 Reference value :  3.13525e-06
 Reference value :  3.14628e-06
 Reference value :  3.15645e-06
 Reference value :  3.15823e-06
 Reference value :  3.18762e-06
 Reference value :  3.18870e-06
 Reference value :  3.20970e-06
 Reference value :  3.21966e-06
 Reference value :  3.25006e-06
 Reference value :  3.25078e-06
 Reference value :  3.25214e-06
 Reference value :  3.28145e-06
 Reference value :  3.28323e-06
 Reference value :  3.31287e-06
 Reference value :  3.31395e-06
 Reference value :  3.33195e-06
 Reference value :  3.34405e-06
 Reference value :  3.35096e-06
 Reference value :  3.37546e-06
 Reference value :  3.37607e-06
 Reference value :  3.39591e-06
 Reference value :  3.40693e-06
 Reference value :  3.43751e-06
 Reference value :  3.43828e-06
 Reference value :  3.43901e-06
 Reference value :  3.46897e-06
 Reference value :  3.47592e-06
 Reference value :  3.50053e-06
 Reference value :  3.50198e-06
 Reference value :  3.53147e-06
 Reference value :  3.54839e-06
 Reference value :  3.56328e-06
 Reference value :  3.57769e-06
 Reference value :  3.59494e-06
 Reference value :  3.62537e-06
 Reference value :  3.62669e-06
 Reference value :  3.65646e-06
 Reference value :  3.66839e-06
 Reference value :  3.68828e-06
 Reference value :  3.70269e-06
 Reference value :  3.71994e-06
 Reference value :  3.75020e-06
 Reference value :  3.75154e-06
 Reference value :  3.78146e-06
 Reference value :  3.78842e-06
 Reference value :  3.81303e-06
 Reference value :  3.81448e-06
 Reference value :  3.84395e-06
 Reference value :  3.84661e-06
 Reference value :  3.87531e-06
 Reference value :  3.87630e-06
 Reference value :  3.89093e-06
 Reference value :  3.90692e-06
 Reference value :  3.93753e-06
 Reference value :  3.93828e-06
 Reference value :  3.94024e-06
 Reference value :  3.94207e-06
 Reference value :  3.96886e-06
 Reference value :  3.97028e-06
 Reference value :  4.00015e-06
 Reference value :  4.00095e-06
 Reference value :  4.00395e-06
 Reference value :  4.03156e-06
 Reference value :  4.04345e-06
 Reference value :  4.06296e-06
 Reference value :  4.06375e-06
 Reference value :  4.09385e-06
 Reference value :  4.09494e-06
 Reference value :  4.12511e-06
 Reference value :  4.12593e-06
 Reference value :  4.12732e-06
 Reference value :  4.13699e-06
 Reference value :  4.15578e-06
 Reference value :  4.15674e-06
 Reference value :  4.15761e-06
 Reference value :  4.15771e-06
 Reference value :  4.15776e-06
 Reference value :  4.15783e-06
 Reference value :  4.15783e-06
 Reference value :  4.15783e-06
 Reference value :  4.15784e-06
 Reference value :  4.15784e-06
 Reference value :  4.15785e-06
 Reference value :  4.15785e-06
 Reference value :  4.15785e-06
 Reference value :  4.15785e-06
 Reference value :  4.15785e-06
 Reference value :  4.15785e-06
 Reference value :  4.15785e-06
 Reference value :  4.15785e-06
 Reference value :  4.15785e-06
 Reference value :  4.15785e-06
 Reference value :  4.15785e-06
 Reference value :  4.15785e-06
 Reference value :  4.15785e-06
 Reference value :  4.15785e-06
 Reference value :  4.15786e-06
 Reference value :  4.15786e-06
 Reference value :  4.15786e-06
 Reference value :  4.15786e-06
 Reference value :  4.15786e-06
 Reference value :  4.15786e-06
 Reference value :  4.15786e-06
 Reference value :  4.15786e-06
 Reference value :  4.15786e-06
 Reference value :  4.15786e-06
 Reference value :  4.15786e-06
 Reference value :  4.15787e-06
 Reference value :  4.15787e-06
 Reference value :  4.15788e-06
 Reference value :  4.15788e-06
 Reference value :  4.15788e-06
 Reference value :  4.15789e-06
 Reference value :  4.15789e-06
 Reference value :  4.15790e-06
 Reference value :  4.15790e-06
 Reference value :  4.15790e-06
 Reference value :  4.15790e-06
 Reference value :  4.15790e-06
 Reference value :  4.15791e-06
 Reference value :  4.15792e-06
 Reference value :  4.15792e-06
 Reference value :  4.17731e-06
 Reference value :  4.18795e-06
 Reference value :  4.19356e-06
 Reference value :  4.21928e-06
 Reference value :  4.25000e-06
 Reference value :  4.25078e-06
 Reference value :  4.25287e-06
 Reference value :  4.28150e-06
 Reference value :  4.28847e-06
 Reference value :  4.31296e-06
 Reference value :  4.31398e-06
 Reference value :  4.32878e-06
 Reference value :  4.34388e-06
 Reference value :  4.34528e-06
 Reference value :  4.37515e-06
 Reference value :  4.37592e-06
 Reference value :  4.38602e-06
 Reference value :  4.40693e-06
 Reference value :  4.43753e-06
 Reference value :  4.43846e-06
 Reference value :  4.43990e-06
 Reference value :  4.46917e-06
 Reference value :  4.50000e-06
 Reference value :  4.50089e-06
 Reference value :  4.50694e-06
 Reference value :  4.53167e-06
 Reference value :  4.55794e-06
 Reference value :  4.56328e-06
 Reference value :  4.56892e-06
 Reference value :  4.59417e-06
 Reference value :  4.62046e-06
 Reference value :  4.62578e-06
 Reference value :  4.63141e-06
 Reference value :  4.65667e-06
 Reference value :  4.68296e-06
 Reference value :  4.68828e-06
 Reference value :  4.69391e-06
 Reference value :  4.71917e-06
 Reference value :  4.74092e-06
 Reference value :  4.75078e-06
 Reference value :  4.75641e-06
 Reference value :  4.78167e-06
 Reference value :  4.80342e-06
 Reference value :  4.81321e-06
 Reference value :  4.81619e-06
 Reference value :  4.84417e-06
 Reference value :  4.87045e-06
 Reference value :  4.87578e-06
 Reference value :  4.87930e-06
 Reference value :  4.90656e-06
 Reference value :  4.92342e-06
 Reference value :  4.93811e-06
 Reference value :  4.93925e-06
 Reference value :  4.96886e-06
 Reference value :  4.97028e-06
 Reference value :  5.00021e-06
 Reference value :  5.00112e-06
 Reference value :  5.00869e-06
 Reference value :  5.03146e-06
 Reference value :  5.03563e-06
 Reference value :  5.06296e-06
 Reference value :  5.06404e-06
 Reference value :  5.08757e-06
 Reference value :  5.09466e-06
 Reference value :  5.12507e-06
 Reference value :  5.12611e-06
 Reference value :  5.12778e-06
 Reference value :  5.13615e-06
 Reference value :  5.15187e-06
 Reference value :  5.15646e-06
 Reference value :  5.15701e-06
 Reference value :  5.18760e-06
 Reference value :  5.18844e-06
 Reference value :  5.20099e-06
 Reference value :  5.21943e-06
 Reference value :  5.25007e-06
 Reference value :  5.25093e-06
 Reference value :  5.26959e-06
 Reference value :  5.28216e-06
 Reference value :  5.31271e-06
 Reference value :  5.31360e-06
 Reference value :  5.32225e-06
 Reference value :  5.33338e-06
 Reference value :  5.34428e-06
 Reference value :  5.37500e-06
 Reference value :  5.37578e-06
 Reference value :  5.37846e-06
 Reference value :  5.38770e-06
 Reference value :  5.39523e-06
 Reference value :  5.40693e-06
 Reference value :  5.43757e-06
 Reference value :  5.43866e-06
 Reference value :  5.44231e-06
 Reference value :  5.46927e-06
 Reference value :  5.50003e-06
 Reference value :  5.50078e-06
 Reference value :  5.50673e-06
 Reference value :  5.53167e-06
 Reference value :  5.55793e-06
 Reference value :  5.56328e-06
 Reference value :  5.56925e-06
 Reference value :  5.59427e-06
 Reference value :  5.62510e-06
 Reference value :  5.62596e-06
 Reference value :  5.64564e-06
 Reference value :  5.65777e-06
 Reference value :  5.68781e-06
 Reference value :  5.68864e-06
 Reference value :  5.70814e-06
 Reference value :  5.71942e-06
 Reference value :  5.75013e-06
 Reference value :  5.75108e-06
 Reference value :  5.77408e-06
 Reference value :  5.78216e-06
 Reference value :  5.81261e-06
 Reference value :  5.81346e-06
 Reference value :  5.82809e-06
 Reference value :  5.84442e-06
 Reference value :  5.87506e-06
 Reference value :  5.87578e-06
 Reference value :  5.88194e-06
 Reference value :  5.90667e-06
 Reference value :  5.93293e-06
 Reference value :  5.93828e-06
 Reference value :  5.94012e-06
 Reference value :  5.96897e-06
 Reference value :  5.97313e-06
 Reference value :  6.00046e-06
 Reference value :  6.00168e-06
 Reference value :  6.01117e-06
 Reference value :  6.01703e-06
 Reference value :  6.03156e-06
 Reference value :  6.04846e-06
 Reference value :  6.06311e-06
 Reference value :  6.06412e-06
 Reference value :  6.09388e-06
 Reference value :  6.09572e-06
 Reference value :  6.12521e-06
 Reference value :  6.12626e-06
 Reference value :  6.13400e-06
 Reference value :  6.14463e-06
 Reference value :  6.15635e-06
 Reference value :  6.15688e-06
 Reference value :  6.18750e-06
 Reference value :  6.18828e-06
 Reference value :  6.19021e-06
 Reference value :  6.21897e-06
 Reference value :  6.22315e-06
 Reference value :  6.25046e-06
 Reference value :  6.25127e-06
 Reference value :  6.27797e-06
 Reference value :  6.28216e-06
 Reference value :  6.31261e-06
 Reference value :  6.31343e-06
 Reference value :  6.32015e-06
 Reference value :  6.33176e-06
 Reference value :  6.34417e-06
 Reference value :  6.36597e-06
 Reference value :  6.37578e-06
 Reference value :  6.37731e-06
 Reference value :  6.38394e-06
 Reference value :  6.38745e-06
 Reference value :  6.40667e-06
 Reference value :  6.42843e-06
 Reference value :  6.43828e-06
 Reference value :  6.44021e-06
 Reference value :  6.46917e-06
 Reference value :  6.50003e-06
 Reference value :  6.50096e-06
 Reference value :  6.51549e-06
 Reference value :  6.53216e-06
 Reference value :  6.56271e-06
 Reference value :  6.56403e-06
 Reference value :  6.59395e-06
 Reference value :  6.59813e-06
 Reference value :  6.62553e-06
 Reference value :  6.62721e-06
 Reference value :  6.65650e-06
 Reference value :  6.66839e-06
 Reference value :  6.68796e-06
 Reference value :  6.68903e-06
 Reference value :  6.71885e-06
 Reference value :  6.71994e-06
 Reference value :  6.75011e-06
 Reference value :  6.75096e-06
 Reference value :  6.75656e-06
 Reference value :  6.78167e-06
 Reference value :  6.80341e-06
 Reference value :  6.81328e-06
 Reference value :  6.81567e-06
 Reference value :  6.84400e-06
 Reference value :  6.85592e-06
 Reference value :  6.87546e-06
 Reference value :  6.87649e-06
 Reference value :  6.90635e-06
 Reference value :  6.90778e-06
 Reference value :  6.93762e-06
 Reference value :  6.93873e-06
 Reference value :  6.94023e-06
 Reference value :  6.96896e-06
 Reference value :  6.97162e-06
 Reference value :  7.00031e-06
 Reference value :  7.00128e-06
 Reference value :  7.01068e-06
 Reference value :  7.02584e-06
 Reference value :  7.03216e-06
 Reference value :  7.06260e-06
 Reference value :  7.06347e-06
 Reference value :  7.06700e-06
 Reference value :  7.09397e-06
 Reference value :  7.09813e-06
 Reference value :  7.12546e-06
 Reference value :  7.12702e-06
 Reference value :  7.13596e-06
 Reference value :  7.14460e-06
 Reference value :  7.15321e-06
 Reference value :  7.15645e-06
 Reference value :  7.15823e-06
 Reference value :  7.18771e-06
 Reference value :  7.18844e-06
 Reference value :  7.20102e-06
 Reference value :  7.21943e-06
 Reference value :  7.25012e-06
 Reference value :  7.25145e-06
 Reference value :  7.28136e-06
 Reference value :  7.28278e-06
 Reference value :  7.31265e-06
 Reference value :  7.31343e-06
 Reference value :  7.32015e-06
 Reference value :  7.33193e-06
 Reference value :  7.34397e-06
 Reference value :  7.35097e-06
 Reference value :  7.37546e-06
 Reference value :  7.37625e-06
 Reference value :  7.37769e-06
 Reference value :  7.38256e-06
 Reference value :  7.38539e-06
 Reference value :  7.40667e-06
 Reference value :  7.42843e-06
 Reference value :  7.43828e-06
 Reference value :  7.44018e-06
 Reference value :  7.46900e-06
 Reference value :  7.48092e-06
 Reference value :  7.50061e-06
 Reference value :  7.50153e-06
 Reference value :  7.53138e-06
 Reference value :  7.53322e-06
 Reference value :  7.56287e-06
 Reference value :  7.56414e-06
 Reference value :  7.59395e-06
 Reference value :  7.59661e-06
 Reference value :  7.62531e-06
 Reference value :  7.62633e-06
 Reference value :  7.64549e-06
 Reference value :  7.65744e-06
 Reference value :  7.68770e-06
 Reference value :  7.68882e-06
 Reference value :  7.70800e-06
 Reference value :  7.71942e-06
 Reference value :  7.75012e-06
 Reference value :  7.75107e-06
 Reference value :  7.77748e-06
 Reference value :  7.78243e-06
 Reference value :  7.81262e-06
 Reference value :  7.81346e-06
 Reference value :  7.82290e-06
 Reference value :  7.84427e-06
 Reference value :  7.87501e-06
 Reference value :  7.87578e-06
 Reference value :  7.87895e-06
 Reference value :  7.87898e-06
 Reference value :  7.88018e-06
 Reference value :  7.90667e-06
 Reference value :  7.93757e-06
 Reference value :  7.93846e-06
 Reference value :  7.94157e-06
 Reference value :  7.94882e-06
 Reference value :  7.96927e-06
 Reference value :  8.00001e-06
 Reference value :  8.00078e-06
 Reference value :  8.00307e-06
 Reference value :  8.01048e-06
 Reference value :  8.02136e-06
 Reference value :  8.03145e-06
 Reference value :  8.03322e-06
 Reference value :  8.06270e-06
 Reference value :  8.06359e-06
 Reference value :  8.07818e-06
 Reference value :  8.09427e-06
 Reference value :  8.12500e-06
 Reference value :  8.12576e-06
 Reference value :  8.12773e-06
 Reference value :  8.13742e-06
 Reference value :  8.14697e-06
 Reference value :  8.15104e-06
 Reference value :  8.15693e-06
 Reference value :  8.18751e-06
 Reference value :  8.18828e-06
 Reference value :  8.19020e-06
 Reference value :  8.21897e-06
 Reference value :  8.22315e-06
 Reference value :  8.25046e-06
 Reference value :  8.25127e-06
 Reference value :  8.27458e-06
 Reference value :  8.28216e-06
 Reference value :  8.31260e-06
 Reference value :  8.31343e-06
 Reference value :  8.32225e-06
 Reference value :  8.34385e-06
 Reference value :  8.34573e-06
 Reference value :  8.37546e-06
 Reference value :  8.37645e-06
 Reference value :  8.37953e-06
 Reference value :  8.38475e-06
 Reference value :  8.40716e-06
 Reference value :  8.43765e-06
 Reference value :  8.43863e-06
 Reference value :  8.44225e-06
 Reference value :  8.46927e-06
No. of Data Rows : 7350
aerr_ok             =  0.00000e+00 at=  8.50000e-06
ok_a                =  2.06315e-06
ok_b                =  7.06315e-06
acq_av              =  1.86092e-01 from=  5.00000e-07 to=  8.50000e-06
iso_av              =  6.42289e-02 from=  5.00000e-07 to=  8.50000e-06
m_abs_err_delay_0ns = 0.0000000000e+00
m_ok_conv_period_ns = 1.0000006000e+03
m_acq_window_ns = 1.8609240000e+02
m_iso_gap_ns = 6.4228940000e+01
Note: Simulation executed from .control section 

