
Note: Compatibility modes selected: hs a


Circuit: * dr0019-cu-sweep @ tt_125c_3.30v -- generated by sim/harness, do not edit

Reducing trtol to 1 for xspice 'A' devices
Doing analysis at TEMP = 125.000000 and TNOM = 27.000000

Using SPARSE 1.3 as Direct Linear Solver

Initial Transient Solution
--------------------------

Node                                   Voltage
----                                   -------
clk                                          0
cmpclk                                       0
cmpclkb                                    3.3
vddt                                       3.3
vddd                                       3.3
vddc                                       3.3
vrefs                                      3.3
vrefn                                      3.3
vcmn                                      1.65
se_vinp                                   1.65
se_vinn                                   1.65
se_start                                     0
se_mode                                      0
se_cmp                                 1.36517
se_samp_tp_n                                 0
se_sel_in_n                                  0
se_drdy                                    3.3
se_c9                                        0
se_c8                                        0
se_c7                                        0
se_c6                                        0
se_c5                                        0
se_c4                                        0
se_c3                                        0
se_c2                                        0
se_c1                                        0
se_c0                                        0
se_rel_n_256p                              3.3
se_sel_hi_n_256p                             0
se_sel_lo_n_256p                             0
se_rel_n_128p                              3.3
se_sel_hi_n_128p                             0
se_sel_lo_n_128p                             0
se_rel_n_64p                               3.3
se_sel_hi_n_64p                              0
se_sel_lo_n_64p                              0
se_rel_n_32p                               3.3
se_sel_hi_n_32p                              0
se_sel_lo_n_32p                              0
se_rel_n_16p                               3.3
se_sel_hi_n_16p                              0
se_sel_lo_n_16p                              0
se_rel_n_8p                                3.3
se_sel_hi_n_8p                               0
se_sel_lo_n_8p                               0
se_rel_n_4p                                3.3
se_sel_hi_n_4p                               0
se_sel_lo_n_4p                               0
se_rel_n_2p                                3.3
se_sel_hi_n_2p                               0
se_sel_lo_n_2p                               0
se_rel_n_1p                                3.3
se_sel_hi_n_1p                               0
se_sel_lo_n_1p                               0
se_rel_n_256n                              3.3
se_sel_hi_n_256n                             0
se_sel_lo_n_256n                             0
se_rel_n_128n                              3.3
se_sel_hi_n_128n                             0
se_sel_lo_n_128n                             0
se_rel_n_64n                               3.3
se_sel_hi_n_64n                              0
se_sel_lo_n_64n                              0
se_rel_n_32n                               3.3
se_sel_hi_n_32n                              0
se_sel_lo_n_32n                              0
se_rel_n_16n                               3.3
se_sel_hi_n_16n                              0
se_sel_lo_n_16n                              0
se_rel_n_8n                                3.3
se_sel_hi_n_8n                               0
se_sel_lo_n_8n                               0
se_rel_n_4n                                3.3
se_sel_hi_n_4n                               0
se_sel_lo_n_4n                               0
se_rel_n_2n                                3.3
se_sel_hi_n_2n                               0
se_sel_lo_n_2n                               0
se_rel_n_1n                                3.3
se_sel_hi_n_1n                               0
se_sel_lo_n_1n                               0
se_pinp                                   1.65
se_pinn                                   1.65
xsetswp.gp                                 3.3
se_topp                                   1.65
xsetswn.gp                                 3.3
se_topn                                   1.65
xsearrp.x256.bp                           1.65
xsearrp.x256.gp_in                         3.3
xsearrp.x256.gp_rel                1.01835e-08
xsearrp.x256.gp_hi                         3.3
xsearrp.x256.gp_lo                         3.3
xsearrp.x128.bp                           1.65
xsearrp.x128.gp_in                         3.3
xsearrp.x128.gp_rel                1.01835e-08
xsearrp.x128.gp_hi                         3.3
xsearrp.x128.gp_lo                         3.3
xsearrp.x64.bp                            1.65
xsearrp.x64.gp_in                          3.3
xsearrp.x64.gp_rel                 1.01835e-08
xsearrp.x64.gp_hi                          3.3
xsearrp.x64.gp_lo                          3.3
xsearrp.x32.bp                            1.65
xsearrp.x32.gp_in                          3.3
xsearrp.x32.gp_rel                 1.01835e-08
xsearrp.x32.gp_hi                          3.3
xsearrp.x32.gp_lo                          3.3
xsearrp.x16.bp                            1.65
xsearrp.x16.gp_in                          3.3
xsearrp.x16.gp_rel                 1.01835e-08
xsearrp.x16.gp_hi                          3.3
xsearrp.x16.gp_lo                          3.3
xsearrp.x8.bp                             1.65
xsearrp.x8.gp_in                           3.3
xsearrp.x8.gp_rel                  1.01835e-08
xsearrp.x8.gp_hi                           3.3
xsearrp.x8.gp_lo                           3.3
xsearrp.x4.bp                             1.65
xsearrp.x4.gp_in                           3.3
xsearrp.x4.gp_rel                  1.01835e-08
xsearrp.x4.gp_hi                           3.3
xsearrp.x4.gp_lo                           3.3
xsearrp.x2.bp                             1.65
xsearrp.x2.gp_in                           3.3
xsearrp.x2.gp_rel                  1.01835e-08
xsearrp.x2.gp_hi                           3.3
xsearrp.x2.gp_lo                           3.3
xsearrp.x1.bp                             1.65
xsearrp.x1.gp_in                           3.3
xsearrp.x1.gp_rel                  1.01835e-08
xsearrp.x1.gp_hi                           3.3
xsearrp.x1.gp_lo                           3.3
xsearrn.x256.bp                           1.65
xsearrn.x256.gp_in                         3.3
xsearrn.x256.gp_rel                1.01835e-08
xsearrn.x256.gp_hi                         3.3
xsearrn.x256.gp_lo                         3.3
xsearrn.x128.bp                           1.65
xsearrn.x128.gp_in                         3.3
xsearrn.x128.gp_rel                1.01835e-08
xsearrn.x128.gp_hi                         3.3
xsearrn.x128.gp_lo                         3.3
xsearrn.x64.bp                            1.65
xsearrn.x64.gp_in                          3.3
xsearrn.x64.gp_rel                 1.01835e-08
xsearrn.x64.gp_hi                          3.3
xsearrn.x64.gp_lo                          3.3
xsearrn.x32.bp                            1.65
xsearrn.x32.gp_in                          3.3
xsearrn.x32.gp_rel                 1.01835e-08
xsearrn.x32.gp_hi                          3.3
xsearrn.x32.gp_lo                          3.3
xsearrn.x16.bp                            1.65
xsearrn.x16.gp_in                          3.3
xsearrn.x16.gp_rel                 1.01835e-08
xsearrn.x16.gp_hi                          3.3
xsearrn.x16.gp_lo                          3.3
xsearrn.x8.bp                             1.65
xsearrn.x8.gp_in                           3.3
xsearrn.x8.gp_rel                  1.01835e-08
xsearrn.x8.gp_hi                           3.3
xsearrn.x8.gp_lo                           3.3
xsearrn.x4.bp                             1.65
xsearrn.x4.gp_in                           3.3
xsearrn.x4.gp_rel                  1.01835e-08
xsearrn.x4.gp_hi                           3.3
xsearrn.x4.gp_lo                           3.3
xsearrn.x2.bp                             1.65
xsearrn.x2.gp_in                           3.3
xsearrn.x2.gp_rel                  1.01835e-08
xsearrn.x2.gp_hi                           3.3
xsearrn.x2.gp_lo                           3.3
xsearrn.x1.bp                             1.65
xsearrn.x1.gp_in                           3.3
xsearrn.x1.gp_rel                  1.01835e-08
xsearrn.x1.gp_hi                           3.3
xsearrn.x1.gp_lo                           3.3
se_ibias                              0.678004
xsecmp.xpre.ptail                     0.836436
xsecmp.pon                              2.5772
xsecmp.preamp_in1                         1.65
xsecmp.pop                              2.5772
xsecmp.preamp_in2                         1.65
xsecmp.xpre.xrlp.11                    3.29972
xsecmp.xpre.xrlp.21                    2.57748
xsecmp.xpre.xrln.11                    3.29972
xsecmp.xpre.xrln.21                    2.57748
xsecmp.xlat.ltail                      1.96566
xsecmp.xlat.dip                            3.3
xsecmp.xlat.din                            3.3
xsecmp.outn                                3.3
xsecmp.outp                                3.3
xsecmp.sset                        1.80548e-08
xsecmp.srst                        1.80548e-08
xsecmp.xno1.ps                         3.06465
se_cmpb                                1.36517
xsecmp.xno2.ps                         3.06465
se_dacp                            1.11022e-16
se_dacn                            1.11022e-16
se_di                                        0
se_err                             1.06798e-14
se_aerrh                                     0
se_code                                      0
seph                                       3.3
bseph#branch                                 0
bsecode#branch                               0
bseea#branch                                 0
bsee#branch                                  0
bsedi#branch                                 0
bsedacn#branch                               0
bsedacp#branch                               0
lref#branch                        1.65807e-09
v.xsecmp.vpn#branch                3.02106e-28
v.xsecmp.vpp#branch                7.82552e-28
vsemode#branch                               0
vsestart#branch                              0
vsevinn#branch                    -5.28744e-18
vsein#branch                      -5.28744e-18
vcms#branch                       -1.28164e-08
vrefs#branch                      -1.65807e-09
vddc#branch                       -0.000559365
vddd#branch                       -7.40714e-09
vddt#branch                       -2.59752e-10
vcmpclkb#branch                              0
vcmpclk#branch                               0
vclk#branch                                  0
a.xsectrl.a_gn#branch_1_0                    0
a.xsectrl.a_gn#branch_1_1                    0
a.xsectrl.a_gn#branch_1_2                    0
a.xsectrl.a_gn#branch_1_3                    0
a.xsectrl.a_gn#branch_1_4                    0
a.xsectrl.a_gn#branch_1_5                    0
a.xsectrl.a_gn#branch_1_6                    0
a.xsectrl.a_gn#branch_1_7                    0
a.xsectrl.a_gn#branch_1_8                    0
a.xsectrl.a_gn#branch_1_9                    0
a.xsectrl.a_gn#branch_1_10                   0
a.xsectrl.a_gn#branch_1_11                   0
a.xsectrl.a_gn#branch_1_12                   0
a.xsectrl.a_gn#branch_1_13                   0
a.xsectrl.a_gn#branch_1_14                   0
a.xsectrl.a_gn#branch_1_15                   0
a.xsectrl.a_gn#branch_1_16                   0
a.xsectrl.a_gn#branch_1_17                   0
a.xsectrl.a_gn#branch_1_18                   0
a.xsectrl.a_gn#branch_1_19                   0
a.xsectrl.a_gn#branch_1_20                   0
a.xsectrl.a_gn#branch_1_21                   0
a.xsectrl.a_gn#branch_1_22                   0
a.xsectrl.a_gn#branch_1_23                   0
a.xsectrl.a_gn#branch_1_24                   0
a.xsectrl.a_gn#branch_1_25                   0
a.xsectrl.a_gn#branch_1_26                   0
a.xsectrl.a_gn#branch_1_27                   0
a.xsectrl.a_gn#branch_1_28                   0
a.xsectrl.a_gn#branch_1_29                   0
a.xsectrl.a_gn#branch_1_30                   0
a.xsectrl.a_gn#branch_1_31                   0
a.xsectrl.a_gn#branch_1_32                   0
a.xsectrl.a_gn#branch_1_33                   0
a.xsectrl.a_gn#branch_1_34                   0
a.xsectrl.a_gn#branch_1_35                   0
a.xsectrl.a_gn#branch_1_36                   0
a.xsectrl.a_gn#branch_1_37                   0
a.xsectrl.a_gn#branch_1_38                   0
a.xsectrl.a_gn#branch_1_39                   0
a.xsectrl.a_gn#branch_1_40                   0
a.xsectrl.a_gn#branch_1_41                   0
a.xsectrl.a_gn#branch_1_42                   0
a.xsectrl.a_gn#branch_1_43                   0
a.xsectrl.a_gn#branch_1_44                   0
a.xsectrl.a_gn#branch_1_45                   0
a.xsectrl.a_gn#branch_1_46                   0
a.xsectrl.a_gn#branch_1_47                   0
a.xsectrl.a_gn#branch_1_48                   0
a.xsectrl.a_gn#branch_1_49                   0
a.xsectrl.a_gn#branch_1_50                   0
a.xsectrl.a_gn#branch_1_51                   0
a.xsectrl.a_gn#branch_1_52                   0
a.xsectrl.a_gn#branch_1_53                   0
a.xsectrl.a_dout#branch_1_0                  0
a.xsectrl.a_dout#branch_1_1                  0
a.xsectrl.a_dout#branch_1_2                  0
a.xsectrl.a_dout#branch_1_3                  0
a.xsectrl.a_dout#branch_1_4                  0
a.xsectrl.a_dout#branch_1_5                  0
a.xsectrl.a_dout#branch_1_6                  0
a.xsectrl.a_dout#branch_1_7                  0
a.xsectrl.a_dout#branch_1_8                  0
a.xsectrl.a_dout#branch_1_9                  0
a.xsectrl.a_dout#branch_1_10                 0
a.xsectrl.a_dout#branch_1_11                 0
a.xsectrl.a_dout#branch_1_12                 0

 Reference value :  0.00000e+00
 Reference value :  3.13953e-08
 Reference value :  7.15974e-08
 Reference value :  1.25201e-07
 Reference value :  1.57658e-07
 Reference value :  2.18898e-07
 Reference value :  2.52791e-07
 Reference value :  3.12565e-07
 Reference value :  3.43966e-07
 Reference value :  3.77663e-07
 Reference value :  4.39767e-07
 Reference value :  5.00193e-07
 Reference value :  5.31456e-07
 Reference value :  5.70444e-07
 Reference value :  6.27465e-07
 Reference value :  6.88094e-07
 Reference value :  7.50200e-07
 Reference value :  8.12530e-07
 Reference value :  8.44195e-07
 Reference value :  8.93943e-07
 Reference value :  9.68756e-07
 Reference value :  1.00071e-06
 Reference value :  1.03214e-06
 Reference value :  1.09433e-06
 Reference value :  1.15654e-06
 Reference value :  1.18977e-06
 Reference value :  1.25020e-06
 Reference value :  1.28221e-06
 Reference value :  1.34377e-06
 Reference value :  1.37733e-06
 Reference value :  1.43816e-06
 Reference value :  1.50019e-06
 Reference value :  1.53225e-06
 Reference value :  1.59392e-06
 Reference value :  1.63788e-06
 Reference value :  1.69004e-06
 Reference value :  1.75252e-06
 Reference value :  1.81355e-06
 Reference value :  1.87517e-06
 Reference value :  1.90654e-06
 Reference value :  1.96909e-06
 Reference value :  2.00243e-06
 Reference value :  2.03204e-06
 Reference value :  2.09620e-06
 Reference value :  2.18769e-06
 Reference value :  2.24654e-06
 Reference value :  2.28135e-06
 Reference value :  2.31495e-06
 Reference value :  2.36358e-06
 Reference value :  2.40631e-06
 Reference value :  2.43976e-06
 Reference value :  2.48852e-06
 Reference value :  2.53131e-06
 Reference value :  2.56477e-06
 Reference value :  2.62501e-06
 Reference value :  2.65644e-06
 Reference value :  2.71884e-06
 Reference value :  2.77191e-06
 Reference value :  2.81497e-06
 Reference value :  2.87546e-06
 Reference value :  2.90686e-06
 Reference value :  2.96949e-06
 Reference value :  3.00950e-06
 Reference value :  3.09380e-06
 Reference value :  3.15633e-06
 Reference value :  3.19177e-06
 Reference value :  3.25271e-06
 Reference value :  3.31270e-06
 Reference value :  3.34434e-06
 Reference value :  3.40626e-06
 Reference value :  3.43877e-06
 Reference value :  3.48941e-06
 Reference value :  3.53132e-06
 Reference value :  3.56510e-06
 Reference value :  3.62734e-06
 Reference value :  3.68761e-06
 Reference value :  3.71936e-06
 Reference value :  3.78131e-06
 Reference value :  3.81484e-06
 Reference value :  3.87548e-06
 Reference value :  3.90674e-06
 Reference value :  3.96926e-06
 Reference value :  4.00462e-06
 Reference value :  4.09384e-06
 Reference value :  4.15672e-06
 Reference value :  4.21885e-06
 Reference value :  4.25733e-06
 Reference value :  4.31304e-06
 Reference value :  4.34631e-06
 Reference value :  4.40629e-06
 Reference value :  4.43980e-06
 Reference value :  4.50020e-06
 Reference value :  4.53192e-06
 Reference value :  4.59381e-06
 Reference value :  4.62774e-06
 Reference value :  4.68796e-06
 Reference value :  4.75006e-06
 Reference value :  4.78157e-06
 Reference value :  4.84391e-06
 Reference value :  4.87790e-06
 Reference value :  4.93776e-06
 Reference value :  5.00020e-06
 Reference value :  5.03145e-06
 Reference value :  5.09454e-06
 Reference value :  5.18764e-06
 Reference value :  5.23520e-06
 Reference value :  5.28163e-06
 Reference value :  5.34422e-06
 Reference value :  5.39585e-06
 Reference value :  5.44003e-06
 Reference value :  5.50010e-06
 Reference value :  5.53163e-06
 Reference value :  5.58693e-06
 Reference value :  5.62741e-06
 Reference value :  5.68772e-06
 Reference value :  5.75010e-06
 Reference value :  5.78193e-06
 Reference value :  5.84400e-06
 Reference value :  5.87827e-06
 Reference value :  5.93779e-06
 Reference value :  6.00034e-06
 Reference value :  6.03151e-06
 Reference value :  6.09796e-06
 Reference value :  6.18765e-06
 Reference value :  6.23276e-06
 Reference value :  6.28149e-06
 Reference value :  6.34379e-06
 Reference value :  6.37744e-06
 Reference value :  6.43817e-06
 Reference value :  6.50055e-06
 Reference value :  6.53299e-06
 Reference value :  6.59381e-06
 Reference value :  6.62742e-06
 Reference value :  6.68770e-06
 Reference value :  6.74858e-06
 Reference value :  6.78181e-06
 Reference value :  6.84382e-06
 Reference value :  6.90490e-06
 Reference value :  6.93956e-06
 Reference value :  7.00240e-06
 Reference value :  7.06251e-06
 Reference value :  7.12510e-06
 Reference value :  7.18772e-06
 Reference value :  7.25006e-06
 Reference value :  7.28172e-06
 Reference value :  7.34385e-06
 Reference value :  7.37751e-06
 Reference value :  7.43808e-06
 Reference value :  7.50015e-06
 Reference value :  7.53177e-06
 Reference value :  7.59384e-06
 Reference value :  7.65414e-06
 Reference value :  7.68993e-06
 Reference value :  7.75037e-06
 Reference value :  7.78295e-06
 Reference value :  7.84391e-06
 Reference value :  7.87751e-06
 Reference value :  7.93751e-06
 Reference value :  8.00003e-06
 Reference value :  8.03125e-06
 Reference value :  8.08146e-06
 Reference value :  8.15634e-06
 Reference value :  8.21883e-06
 Reference value :  8.28135e-06
 Reference value :  8.33946e-06
 Reference value :  8.37727e-06
 Reference value :  8.43767e-06
 Reference value :  8.47134e-06
 Reference value :  8.53138e-06
 Reference value :  8.57113e-06
 Reference value :  8.62729e-06
 Reference value :  8.68765e-06
 Reference value :  8.71918e-06
 Reference value :  8.77953e-06
 Reference value :  8.81499e-06
 Reference value :  8.87518e-06
 Reference value :  8.90643e-06
 Reference value :  8.96895e-06
 Reference value :  9.00293e-06
 Reference value :  9.06287e-06
 Reference value :  9.12523e-06
 Reference value :  9.18791e-06
 Reference value :  9.25015e-06
 Reference value :  9.31268e-06
 Reference value :  9.34425e-06
 Reference value :  9.40627e-06
 Reference value :  9.44004e-06
 Reference value :  9.50019e-06
 Reference value :  9.53165e-06
 Reference value :  9.59378e-06
 Reference value :  9.62744e-06
 Reference value :  9.68799e-06
 Reference value :  9.75014e-06
 Reference value :  9.79584e-06
 Reference value :  9.85995e-06
 Reference value :  9.90259e-06
 Reference value :  9.94759e-06
 Reference value :  1.00025e-05
 Reference value :  1.00360e-05
 Reference value :  1.00944e-05
 Reference value :  1.01662e-05
 Reference value :  1.02192e-05
 Reference value :  1.02815e-05
 Reference value :  1.03378e-05
 Reference value :  1.03775e-05
 Reference value :  1.04379e-05
 Reference value :  1.04696e-05
 Reference value :  1.05075e-05
 Reference value :  1.05649e-05
 Reference value :  1.06252e-05
 Reference value :  1.06568e-05
 Reference value :  1.06919e-05
 Reference value :  1.07523e-05
 Reference value :  1.08125e-05
 Reference value :  1.08439e-05
 Reference value :  1.08775e-05
 Reference value :  1.09377e-05
 Reference value :  1.10007e-05
 Reference value :  1.10329e-05
 Reference value :  1.11150e-05
 Reference value :  1.11875e-05
 Reference value :  1.12296e-05
 Reference value :  1.12836e-05
 Reference value :  1.13438e-05
 Reference value :  1.13773e-05
 Reference value :  1.14163e-05
 Reference value :  1.14687e-05
 Reference value :  1.15006e-05
 Reference value :  1.15320e-05
 Reference value :  1.15770e-05
 Reference value :  1.16275e-05
 Reference value :  1.16883e-05
 Reference value :  1.17357e-05
 Reference value :  1.17814e-05
 Reference value :  1.18150e-05
 Reference value :  1.18752e-05
 Reference value :  1.19068e-05
 Reference value :  1.19694e-05
 Reference value :  1.20113e-05
 Reference value :  1.20938e-05
 Reference value :  1.21550e-05
 Reference value :  1.21900e-05
 Reference value :  1.22504e-05
 Reference value :  1.23127e-05
 Reference value :  1.23439e-05
 Reference value :  1.23777e-05
 Reference value :  1.24380e-05
 Reference value :  1.24806e-05
 Reference value :  1.25314e-05
 Reference value :  1.25803e-05
 Reference value :  1.26274e-05
 Reference value :  1.26877e-05
 Reference value :  1.27350e-05
 Reference value :  1.28128e-05
 Reference value :  1.28751e-05
 Reference value :  1.29064e-05
 Reference value :  1.29688e-05
 Reference value :  1.30026e-05
 Reference value :  1.30534e-05
 Reference value :  1.30946e-05
 Reference value :  1.31569e-05
 Reference value :  1.32188e-05
 Reference value :  1.32542e-05
 Reference value :  1.33150e-05
 Reference value :  1.33756e-05
 Reference value :  1.34077e-05
 Reference value :  1.34688e-05
 Reference value :  1.35030e-05
 Reference value :  1.35633e-05
 Reference value :  1.36252e-05
 Reference value :  1.36569e-05
 Reference value :  1.37187e-05
 Reference value :  1.37524e-05
 Reference value :  1.38126e-05
 Reference value :  1.38441e-05
 Reference value :  1.38791e-05
 Reference value :  1.39381e-05
 Reference value :  1.40024e-05
 Reference value :  1.40626e-05
 Reference value :  1.41250e-05
 Reference value :  1.41875e-05
 Reference value :  1.42501e-05
 Reference value :  1.42814e-05
 Reference value :  1.43438e-05
 Reference value :  1.43792e-05
 Reference value :  1.44380e-05
 Reference value :  1.44708e-05
 Reference value :  1.45314e-05
 Reference value :  1.45651e-05
 Reference value :  1.46256e-05
 Reference value :  1.46651e-05
 Reference value :  1.47190e-05
 Reference value :  1.47813e-05
 Reference value :  1.48150e-05
 Reference value :  1.48752e-05
 Reference value :  1.49068e-05
 Reference value :  1.50000e-05
 Reference value :  1.50314e-05
 Reference value :  1.50940e-05
 Reference value :  1.51564e-05
 Reference value :  1.52188e-05
 Reference value :  1.52613e-05
 Reference value :  1.53163e-05
 Reference value :  1.53774e-05
 Reference value :  1.54377e-05
 Reference value :  1.54690e-05
 Reference value :  1.55029e-05
 Reference value :  1.55629e-05
 Reference value :  1.55948e-05
 Reference value :  1.56563e-05
 Reference value :  1.56898e-05
 Reference value :  1.57437e-05
 Reference value :  1.57814e-05
 Reference value :  1.58149e-05
 Reference value :  1.58752e-05
 Reference value :  1.59068e-05
 Reference value :  1.59692e-05
 Reference value :  1.60101e-05
 Reference value :  1.60938e-05
 Reference value :  1.61563e-05
 Reference value :  1.61901e-05
 Reference value :  1.62510e-05
 Reference value :  1.63127e-05
 Reference value :  1.63515e-05
 Reference value :  1.64068e-05
 Reference value :  1.64689e-05
 Reference value :  1.65025e-05
 Reference value :  1.65627e-05
 Reference value :  1.65995e-05
 Reference value :  1.66564e-05
 Reference value :  1.66900e-05
 Reference value :  1.67504e-05
 Reference value :  1.68127e-05
 Reference value :  1.68750e-05
 Reference value :  1.69064e-05
 Reference value :  1.69688e-05
 Reference value :  1.70029e-05
 Reference value :  1.70629e-05
 Reference value :  1.71257e-05
 Reference value :  1.71899e-05
 Reference value :  1.72503e-05
 Reference value :  1.72974e-05
 Reference value :  1.73439e-05
 Reference value :  1.73790e-05
 Reference value :  1.74383e-05
 Reference value :  1.75001e-05
 Reference value :  1.75315e-05
 Reference value :  1.75938e-05
 Reference value :  1.76564e-05
 Reference value :  1.76901e-05
 Reference value :  1.77517e-05
 Reference value :  1.78126e-05
 Reference value :  1.78444e-05
 Reference value :  1.78951e-05
 Reference value :  1.79688e-05
 Reference value :  1.80027e-05
 Reference value :  1.80627e-05
 Reference value :  1.81219e-05
 Reference value :  1.81876e-05
 Reference value :  1.82501e-05
 Reference value :  1.82865e-05
 Reference value :  1.83439e-05
 Reference value :  1.83780e-05
 Reference value :  1.84398e-05
 Reference value :  1.85000e-05
 Reference value :  1.85317e-05
 Reference value :  1.85775e-05
 Reference value :  1.86275e-05
 Reference value :  1.86898e-05
 Reference value :  1.87376e-05
 Reference value :  1.87814e-05
 Reference value :  1.88438e-05
 Reference value :  1.88775e-05
 Reference value :  1.89381e-05
 Reference value :  1.90005e-05
 Reference value :  1.90318e-05
 Reference value :  1.90945e-05
 Reference value :  1.91711e-05
 Reference value :  1.92194e-05
 Reference value :  1.92815e-05
 Reference value :  1.93438e-05
 Reference value :  1.93776e-05
 Reference value :  1.94382e-05
 Reference value :  1.95000e-05
 Reference value :  1.95315e-05
 Reference value :  1.95938e-05
 Reference value :  1.96282e-05
 Reference value :  1.96898e-05
 Reference value :  1.97484e-05
 Reference value :  1.97815e-05
 Reference value :  1.98151e-05
 Reference value :  1.98757e-05
 Reference value :  1.99377e-05
 Reference value :  2.00001e-05
 Reference value :  2.00314e-05
 Reference value :  2.01250e-05
 Reference value :  2.01876e-05
 Reference value :  2.02194e-05
 Reference value :  2.02813e-05
 Reference value :  2.03166e-05
 Reference value :  2.03795e-05
 Reference value :  2.04398e-05
 Reference value :  2.05005e-05
 Reference value :  2.05562e-05
 Reference value :  2.05939e-05
 Reference value :  2.06568e-05
 Reference value :  2.06933e-05
 Reference value :  2.07505e-05
 Reference value :  2.07831e-05
 Reference value :  2.08439e-05
 Reference value :  2.08775e-05
 Reference value :  2.09377e-05
 Reference value :  2.10001e-05
 Reference value :  2.10240e-05
 Reference value :  2.10939e-05
 Reference value :  2.11564e-05
 Reference value :  2.12058e-05
 Reference value :  2.12528e-05
 Reference value :  2.13134e-05
 Reference value :  2.13751e-05
 Reference value :  2.14065e-05
 Reference value :  2.14543e-05
 Reference value :  2.15025e-05
 Reference value :  2.15625e-05
 Reference value :  2.15939e-05
 Reference value :  2.16275e-05
 Reference value :  2.16877e-05
 Reference value :  2.17192e-05
 Reference value :  2.17577e-05
 Reference value :  2.18148e-05
 Reference value :  2.18750e-05
 Reference value :  2.19064e-05
 Reference value :  2.19688e-05
 Reference value :  2.20027e-05
 Reference value :  2.20629e-05
 Reference value :  2.21256e-05
 Reference value :  2.21899e-05
 Reference value :  2.22504e-05
 Reference value :  2.23126e-05
 Reference value :  2.23445e-05
 Reference value :  2.24063e-05
 Reference value :  2.24401e-05
 Reference value :  2.25005e-05
 Reference value :  2.25321e-05
 Reference value :  2.25878e-05
 Reference value :  2.26257e-05
 Reference value :  2.26848e-05
 Reference value :  2.27192e-05
 Reference value :  2.27813e-05
 Reference value :  2.28149e-05
 Reference value :  2.28755e-05
 Reference value :  2.29070e-05
 Reference value :  2.29693e-05
 Reference value :  2.30030e-05
 Reference value :  2.30684e-05
 Reference value :  2.31564e-05
 Reference value :  2.32188e-05
 Reference value :  2.32528e-05
 Reference value :  2.33130e-05
 Reference value :  2.33751e-05
 Reference value :  2.34066e-05
 Reference value :  2.34448e-05
 Reference value :  2.35023e-05
 Reference value :  2.35322e-05
 Reference value :  2.35938e-05
 Reference value :  2.36274e-05
 Reference value :  2.36877e-05
 Reference value :  2.37504e-05
 Reference value :  2.38127e-05
 Reference value :  2.38443e-05
 Reference value :  2.38777e-05
 Reference value :  2.39378e-05
 Reference value :  2.40003e-05
 Reference value :  2.40384e-05
 Reference value :  2.41015e-05
 Reference value :  2.41875e-05
 Reference value :  2.42191e-05
 Reference value :  2.42813e-05
 Reference value :  2.43151e-05
 Reference value :  2.43759e-05
 Reference value :  2.44376e-05
 Reference value :  2.44689e-05
 Reference value :  2.45077e-05
 Reference value :  2.45630e-05
 Reference value :  2.45947e-05
 Reference value :  2.46565e-05
 Reference value :  2.47188e-05
 Reference value :  2.47531e-05
 Reference value :  2.48148e-05
 Reference value :  2.48760e-05
 Reference value :  2.49347e-05
 Reference value :  2.49712e-05
 Reference value :  2.50164e-05
 Reference value :  2.50938e-05
 Reference value :  2.51563e-05
 Reference value :  2.51961e-05
 Reference value :  2.52529e-05
 Reference value :  2.53127e-05
 Reference value :  2.53461e-05
 Reference value :  2.54065e-05
 Reference value :  2.54515e-05
 Reference value :  2.55025e-05
 Reference value :  2.55627e-05
 Reference value :  2.55943e-05
 Reference value :  2.56563e-05
 Reference value :  2.56899e-05
 Reference value :  2.57501e-05
 Reference value :  2.57818e-05
 Reference value :  2.58438e-05
 Reference value :  2.58776e-05
 Reference value :  2.59380e-05
 Reference value :  2.60006e-05
 Reference value :  2.60345e-05
 Reference value :  2.61250e-05
 Reference value :  2.61877e-05
 Reference value :  2.62356e-05
 Reference value :  2.62815e-05
 Reference value :  2.63162e-05
 Reference value :  2.63773e-05
 Reference value :  2.64380e-05
 Reference value :  2.64700e-05
 Reference value :  2.65314e-05
 Reference value :  2.65652e-05
 Reference value :  2.66273e-05
 Reference value :  2.66683e-05
 Reference value :  2.67192e-05
 Reference value :  2.67814e-05
 Reference value :  2.68438e-05
 Reference value :  2.68776e-05
 Reference value :  2.69398e-05
 Reference value :  2.70025e-05
 Reference value :  2.70626e-05
 Reference value :  2.71253e-05
 Reference value :  2.71881e-05
 Reference value :  2.72503e-05
 Reference value :  2.73127e-05
 Reference value :  2.73752e-05
 Reference value :  2.74067e-05
 Reference value :  2.74688e-05
 Reference value :  2.75023e-05
 Reference value :  2.75627e-05
 Reference value :  2.76251e-05
 Reference value :  2.76580e-05
 Reference value :  2.77193e-05
 Reference value :  2.77716e-05
 Reference value :  2.78149e-05
 Reference value :  2.78753e-05
 Reference value :  2.79069e-05
 Reference value :  2.80001e-05
 Reference value :  2.80313e-05
 Reference value :  2.80938e-05
 Reference value :  2.81564e-05
 Reference value :  2.81924e-05
 Reference value :  2.82529e-05
 Reference value :  2.83130e-05
 Reference value :  2.83752e-05
 Reference value :  2.84065e-05
 Reference value :  2.84688e-05
 Reference value :  2.85026e-05
 Reference value :  2.85627e-05
 Reference value :  2.85943e-05
 Reference value :  2.86563e-05
 Reference value :  2.86900e-05
 Reference value :  2.87502e-05
 Reference value :  2.87817e-05
 Reference value :  2.88438e-05
 Reference value :  2.88773e-05
 Reference value :  2.89377e-05
 Reference value :  2.90001e-05
 Reference value :  2.90314e-05
 Reference value :  2.91136e-05
 Reference value :  2.91876e-05
 Reference value :  2.92226e-05
 Reference value :  2.92817e-05
 Reference value :  2.93438e-05
 Reference value :  2.93799e-05
 Reference value :  2.94400e-05
 Reference value :  2.95003e-05
 Reference value :  2.95319e-05
 Reference value :  2.95938e-05
 Reference value :  2.96277e-05
 Reference value :  2.96886e-05
 Reference value :  2.97505e-05
 Reference value :  2.98127e-05
 Reference value :  2.98752e-05
 Reference value :  2.99376e-05
 Reference value :  3.00002e-05
 Reference value :  3.00318e-05
 Reference value :  3.01175e-05
 Reference value :  3.01876e-05
 Reference value :  3.02366e-05
 Reference value :  3.02814e-05
 Reference value :  3.03159e-05
 Reference value :  3.03776e-05
 Reference value :  3.04380e-05
 Reference value :  3.04980e-05
 Reference value :  3.05314e-05
 Reference value :  3.05722e-05
 Reference value :  3.06274e-05
 Reference value :  3.06879e-05
 Reference value :  3.07524e-05
 Reference value :  3.08148e-05
 Reference value :  3.08752e-05
 Reference value :  3.09067e-05
 Reference value :  3.09689e-05
 Reference value :  3.10028e-05
 Reference value :  3.10630e-05
 Reference value :  3.11563e-05
 Reference value :  3.11938e-05
 Reference value :  3.12528e-05
 Reference value :  3.13130e-05
 Reference value :  3.13775e-05
 Reference value :  3.14377e-05
 Reference value :  3.14691e-05
 Reference value :  3.15032e-05
 Reference value :  3.15630e-05
 Reference value :  3.15950e-05
 Reference value :  3.16563e-05
 Reference value :  3.16901e-05
 Reference value :  3.17506e-05
 Reference value :  3.18127e-05
 Reference value :  3.18750e-05
 Reference value :  3.19067e-05
 Reference value :  3.19690e-05
 Reference value :  3.20136e-05
 Reference value :  3.20938e-05
 Reference value :  3.21569e-05
 Reference value :  3.22193e-05
 Reference value :  3.22814e-05
 Reference value :  3.23151e-05
 Reference value :  3.23757e-05
 Reference value :  3.24072e-05
 Reference value :  3.24688e-05
 Reference value :  3.25025e-05
 Reference value :  3.25626e-05
 Reference value :  3.25940e-05
 Reference value :  3.26276e-05
 Reference value :  3.26882e-05
 Reference value :  3.27501e-05
 Reference value :  3.27817e-05
 Reference value :  3.28401e-05
 Reference value :  3.28759e-05
 Reference value :  3.29378e-05
 Reference value :  3.30023e-05
 Reference value :  3.30625e-05
 Reference value :  3.31256e-05
 Reference value :  3.31898e-05
 Reference value :  3.32504e-05
 Reference value :  3.32817e-05
 Reference value :  3.33278e-05
 Reference value :  3.33775e-05
 Reference value :  3.34376e-05
 Reference value :  3.34693e-05
 Reference value :  3.35133e-05
 Reference value :  3.35650e-05
 Reference value :  3.36254e-05
 Reference value :  3.36875e-05
 Reference value :  3.37189e-05
 Reference value :  3.37525e-05
 Reference value :  3.38129e-05
 Reference value :  3.38751e-05
 Reference value :  3.39069e-05
 Reference value :  3.39699e-05
 Reference value :  3.40313e-05
 Reference value :  3.40938e-05
 Reference value :  3.41564e-05
 Reference value :  3.42138e-05
 Reference value :  3.42676e-05
 Reference value :  3.43134e-05
 Reference value :  3.43754e-05
 Reference value :  3.44268e-05
 Reference value :  3.44689e-05
 Reference value :  3.45189e-05
 Reference value :  3.45650e-05
 Reference value :  3.46275e-05
 Reference value :  3.46892e-05
 Reference value :  3.47501e-05
 Reference value :  3.48036e-05
 Reference value :  3.48442e-05
 Reference value :  3.48947e-05
 Reference value :  3.49689e-05
 Reference value :  3.50028e-05
 Reference value :  3.50630e-05
 Reference value :  3.51288e-05
 Reference value :  3.51900e-05
 Reference value :  3.52506e-05
 Reference value :  3.53125e-05
 Reference value :  3.53439e-05
 Reference value :  3.53775e-05
 Reference value :  3.54377e-05
 Reference value :  3.54692e-05
 Reference value :  3.55206e-05
 Reference value :  3.55651e-05
 Reference value :  3.56255e-05
 Reference value :  3.56568e-05
 Reference value :  3.57188e-05
 Reference value :  3.57525e-05
 Reference value :  3.58126e-05
 Reference value :  3.58447e-05
 Reference value :  3.59064e-05
 Reference value :  3.59693e-05
 Reference value :  3.60124e-05
 Reference value :  3.60938e-05
 Reference value :  3.61564e-05
 Reference value :  3.62188e-05
 Reference value :  3.62813e-05
 Reference value :  3.63150e-05
 Reference value :  3.63754e-05
 Reference value :  3.64068e-05
 Reference value :  3.64688e-05
 Reference value :  3.65024e-05
 Reference value :  3.65633e-05
 Reference value :  3.66252e-05
 Reference value :  3.66570e-05
 Reference value :  3.67188e-05
 Reference value :  3.67524e-05
 Reference value :  3.68128e-05
 Reference value :  3.68750e-05
 Reference value :  3.69063e-05
 Reference value :  3.69616e-05
 Reference value :  3.70025e-05
 Reference value :  3.70626e-05
 Reference value :  3.71254e-05
 Reference value :  3.71899e-05
 Reference value :  3.72511e-05
 Reference value :  3.73125e-05
 Reference value :  3.73439e-05
 Reference value :  3.73777e-05
 Reference value :  3.74379e-05
 Reference value :  3.74693e-05
 Reference value :  3.75313e-05
 Reference value :  3.75648e-05
 Reference value :  3.75949e-05
 Reference value :  3.76563e-05
 Reference value :  3.77052e-05
 Reference value :  3.77515e-05
 Reference value :  3.78082e-05
 Reference value :  3.78444e-05
 Reference value :  3.79063e-05
 Reference value :  3.79688e-05
 Reference value :  3.80026e-05
 Reference value :  3.80627e-05
 Reference value :  3.81252e-05
 Reference value :  3.81884e-05
 Reference value :  3.82504e-05
 Reference value :  3.82954e-05
 Reference value :  3.83440e-05
 Reference value :  3.83778e-05
 Reference value :  3.84383e-05
 Reference value :  3.85001e-05
 Reference value :  3.85315e-05
 Reference value :  3.85938e-05
 Reference value :  3.86275e-05
 Reference value :  3.86877e-05
 Reference value :  3.87193e-05
 Reference value :  3.87814e-05
 Reference value :  3.88150e-05
 Reference value :  3.88752e-05
 Reference value :  3.89065e-05
 Reference value :  3.89689e-05
 Reference value :  3.90029e-05
 Reference value :  3.90627e-05
 Reference value :  3.91254e-05
 Reference value :  3.91880e-05
 Reference value :  3.92501e-05
 Reference value :  3.92815e-05
 Reference value :  3.93309e-05
 Reference value :  3.93759e-05
 Reference value :  3.94379e-05
 Reference value :  3.95000e-05
 Reference value :  3.95314e-05
 Reference value :  3.95674e-05
 Reference value :  3.96274e-05
 Reference value :  3.96877e-05
 Reference value :  3.97501e-05
 Reference value :  3.97818e-05
 Reference value :  3.98364e-05
 Reference value :  3.98759e-05
 Reference value :  3.99072e-05
 Reference value :  3.99698e-05
 Reference value :  4.00313e-05
 Reference value :  4.00942e-05
 Reference value :  4.01575e-05
 Reference value :  4.02196e-05
 Reference value :  4.02814e-05
 Reference value :  4.03438e-05
 Reference value :  4.03773e-05
 Reference value :  4.04380e-05
 Reference value :  4.04937e-05
 Reference value :  4.05334e-05
 Reference value :  4.05940e-05
 Reference value :  4.06564e-05
 Reference value :  4.06900e-05
 Reference value :  4.07505e-05
 Reference value :  4.08126e-05
 Reference value :  4.08445e-05
 Reference value :  4.09063e-05
 Reference value :  4.09831e-05
 Reference value :  4.10313e-05
 Reference value :  4.10939e-05
 Reference value :  4.11564e-05
 Reference value :  4.12188e-05
 Reference value :  4.12813e-05
 Reference value :  4.13313e-05
 Reference value :  4.13829e-05
 Reference value :  4.14402e-05
 Reference value :  4.15005e-05
 Reference value :  4.15401e-05
 Reference value :  4.15939e-05
 Reference value :  4.16276e-05
 Reference value :  4.16900e-05
 Reference value :  4.17525e-05
 Reference value :  4.18148e-05
 Reference value :  4.18757e-05
 Reference value :  4.19067e-05
 Reference value :  4.19690e-05
 Reference value :  4.20030e-05
 Reference value :  4.20630e-05
 Reference value :  4.21260e-05
 Reference value :  4.21902e-05
 Reference value :  4.22529e-05
 Reference value :  4.23149e-05
 Reference value :  4.23752e-05
 Reference value :  4.24065e-05
 Reference value :  4.24400e-05
 Reference value :  4.25001e-05
 Reference value :  4.25315e-05
 Reference value :  4.25653e-05
 Reference value :  4.26256e-05
 Reference value :  4.26877e-05
 Reference value :  4.27192e-05
 Reference value :  4.27813e-05
 Reference value :  4.28150e-05
 Reference value :  4.28720e-05
 Reference value :  4.29063e-05
 Reference value :  4.29381e-05
 Reference value :  4.30004e-05
 Reference value :  4.30314e-05
 Reference value :  4.30939e-05
 Reference value :  4.31563e-05
 Reference value :  4.32047e-05
 Reference value :  4.32531e-05
 Reference value :  4.33149e-05
 Reference value :  4.33750e-05
 Reference value :  4.34063e-05
 Reference value :  4.34398e-05
 Reference value :  4.34696e-05
 Reference value :  4.35312e-05
 Reference value :  4.35632e-05
 Reference value :  4.36252e-05
 Reference value :  4.36876e-05
 Reference value :  4.37192e-05
 Reference value :  4.37813e-05
 Reference value :  4.38150e-05
 Reference value :  4.38751e-05
 Reference value :  4.39063e-05
 Reference value :  4.39688e-05
 Reference value :  4.40025e-05
 Reference value :  4.40466e-05
 Reference value :  4.41250e-05
 Reference value :  4.41877e-05
 Reference value :  4.42502e-05
 Reference value :  4.43013e-05
 Reference value :  4.43439e-05
 Reference value :  4.43777e-05
 Reference value :  4.44377e-05
 Reference value :  4.44691e-05
 Reference value :  4.45313e-05
 Reference value :  4.45786e-05
 Reference value :  4.46274e-05
 Reference value :  4.46877e-05
 Reference value :  4.47191e-05
 Reference value :  4.47526e-05
 Reference value :  4.48127e-05
 Reference value :  4.48441e-05
 Reference value :  4.48782e-05
 Reference value :  4.49378e-05
 Reference value :  4.50002e-05
 Reference value :  4.50313e-05
 Reference value :  4.50940e-05
 Reference value :  4.51877e-05
 Reference value :  4.52527e-05
 Reference value :  4.53438e-05
 Reference value :  4.54068e-05
 Reference value :  4.55002e-05
 Reference value :  4.55649e-05
 Reference value :  4.56276e-05
 Reference value :  4.56877e-05
 Reference value :  4.57191e-05
 Reference value :  4.57776e-05
 Reference value :  4.58197e-05
 Reference value :  4.58773e-05
 Reference value :  4.59069e-05
 Reference value :  4.59694e-05
 Reference value :  4.60030e-05
 Reference value :  4.60629e-05
 Reference value :  4.61252e-05
 Reference value :  4.61882e-05
 Reference value :  4.62502e-05
 Reference value :  4.63126e-05
 Reference value :  4.63443e-05
 Reference value :  4.64063e-05
 Reference value :  4.64387e-05
 Reference value :  4.65002e-05
 Reference value :  4.65317e-05
 Reference value :  4.65938e-05
 Reference value :  4.66423e-05
 Reference value :  4.66898e-05
 Reference value :  4.67507e-05
 Reference value :  4.68126e-05
 Reference value :  4.68441e-05
 Reference value :  4.68776e-05
 Reference value :  4.69380e-05
 Reference value :  4.70025e-05
 Reference value :  4.70629e-05
 Reference value :  4.71252e-05
 Reference value :  4.71877e-05
 Reference value :  4.72500e-05
 Reference value :  4.72818e-05
 Reference value :  4.73438e-05
 Reference value :  4.73775e-05
 Reference value :  4.74377e-05
 Reference value :  4.74689e-05
 Reference value :  4.75025e-05
 Reference value :  4.75626e-05
 Reference value :  4.75939e-05
 Reference value :  4.76274e-05
 Reference value :  4.76876e-05
 Reference value :  4.77197e-05
 Reference value :  4.77813e-05
 Reference value :  4.78150e-05
 Reference value :  4.78752e-05
 Reference value :  4.79376e-05
 Reference value :  4.80000e-05
 Reference value :  4.80067e-05
 Reference value :  4.80938e-05
 Reference value :  4.81441e-05
 Reference value :  4.81901e-05
 Reference value :  4.82528e-05
 Reference value :  4.83131e-05
 Reference value :  4.83753e-05
 Reference value :  4.84070e-05
 Reference value :  4.84688e-05
 Reference value :  4.85026e-05
 Reference value :  4.85629e-05
 Reference value :  4.85947e-05
 Reference value :  4.86563e-05
 Reference value :  4.86882e-05
 Reference value :  4.87197e-05
 Reference value :  4.87760e-05
 Reference value :  4.88130e-05
 Reference value :  4.88751e-05
 Reference value :  4.89064e-05
 Reference value :  4.89688e-05
 Reference value :  4.90027e-05
 Reference value :  4.90627e-05
 Reference value :  4.91251e-05
 Reference value :  4.91879e-05
 Reference value :  4.92424e-05
 Reference value :  4.92814e-05
 Reference value :  4.93318e-05
 Reference value :  4.93774e-05
 Reference value :  4.94376e-05
 Reference value :  4.94689e-05
 Reference value :  4.95028e-05
 Reference value :  4.95630e-05
 Reference value :  4.96059e-05
 Reference value :  4.96567e-05
 Reference value :  4.96905e-05
 Reference value :  4.97517e-05
 Reference value :  4.98126e-05
 Reference value :  4.98451e-05
 Reference value :  4.99063e-05
 Reference value :  4.99688e-05
 Reference value :  5.00027e-05
 Reference value :  5.00627e-05
 Reference value :  5.01252e-05
 Reference value :  5.01901e-05
 Reference value :  5.02530e-05
 Reference value :  5.03135e-05
 Reference value :  5.03752e-05
 Reference value :  5.04078e-05
 Reference value :  5.04689e-05
 Reference value :  5.05025e-05
 Reference value :  5.05626e-05
 Reference value :  5.05940e-05
 Reference value :  5.06276e-05
 Reference value :  5.06898e-05
 Reference value :  5.07501e-05
 Reference value :  5.07819e-05
 Reference value :  5.08439e-05
 Reference value :  5.08787e-05
 Reference value :  5.09688e-05
 Reference value :  5.10026e-05
 Reference value :  5.10626e-05
 Reference value :  5.10992e-05
 Reference value :  5.11731e-05
 Reference value :  5.12190e-05
 Reference value :  5.12813e-05
 Reference value :  5.13166e-05
 Reference value :  5.13774e-05
 Reference value :  5.14382e-05
 Reference value :  5.14698e-05
 Reference value :  5.15313e-05
 Reference value :  5.15632e-05
 Reference value :  5.16162e-05
 Reference value :  5.16564e-05
 Reference value :  5.17134e-05
 Reference value :  5.17525e-05
 Reference value :  5.18126e-05
 Reference value :  5.18446e-05
 Reference value :  5.19063e-05
 Reference value :  5.19688e-05
 Reference value :  5.20024e-05
 Reference value :  5.20332e-05
 Reference value :  5.21250e-05
 Reference value :  5.21704e-05
 Reference value :  5.22192e-05
 Reference value :  5.22793e-05
 Reference value :  5.23150e-05
 Reference value :  5.23753e-05
 Reference value :  5.24072e-05
 Reference value :  5.24648e-05
 Reference value :  5.25024e-05
 Reference value :  5.25626e-05
 Reference value :  5.25967e-05
 Reference value :  5.26563e-05
 Reference value :  5.26898e-05
 Reference value :  5.27247e-05
 Reference value :  5.27813e-05
 Reference value :  5.28147e-05
 Reference value :  5.28447e-05
 Reference value :  5.28793e-05
 Reference value :  5.29379e-05
 Reference value :  5.30002e-05
 Reference value :  5.30313e-05
 Reference value :  5.30939e-05
 Reference value :  5.31564e-05
 Reference value :  5.31900e-05
 Reference value :  5.32507e-05
 Reference value :  5.33149e-05
 Reference value :  5.33753e-05
 Reference value :  5.34070e-05
 Reference value :  5.34555e-05
 Reference value :  5.35024e-05
 Reference value :  5.35457e-05
 Reference value :  5.35938e-05
 Reference value :  5.36273e-05
 Reference value :  5.36876e-05
 Reference value :  5.37190e-05
 Reference value :  5.37524e-05
 Reference value :  5.38128e-05
 Reference value :  5.38732e-05
 Reference value :  5.39064e-05
 Reference value :  5.39688e-05
 Reference value :  5.40027e-05
 Reference value :  5.40626e-05
 Reference value :  5.41252e-05
 Reference value :  5.41877e-05
 Reference value :  5.42193e-05
 Reference value :  5.42801e-05
 Reference value :  5.43149e-05
 Reference value :  5.43752e-05
 Reference value :  5.44067e-05
 Reference value :  5.44455e-05
 Reference value :  5.45013e-05
 Reference value :  5.45320e-05
 Reference value :  5.45699e-05
 Reference value :  5.46255e-05
 Reference value :  5.46577e-05
 Reference value :  5.47189e-05
 Reference value :  5.47526e-05
 Reference value :  5.48127e-05
 Reference value :  5.48442e-05
 Reference value :  5.48897e-05
 Reference value :  5.49380e-05
 Reference value :  5.50004e-05
 Reference value :  5.50319e-05
 Reference value :  5.51110e-05
 Reference value :  5.51875e-05
 Reference value :  5.52193e-05
 Reference value :  5.52533e-05
 Reference value :  5.53148e-05
 Reference value :  5.53753e-05
 Reference value :  5.54177e-05
 Reference value :  5.54689e-05
 Reference value :  5.55268e-05
 Reference value :  5.55632e-05
 Reference value :  5.55950e-05
 Reference value :  5.56563e-05
 Reference value :  5.56900e-05
 Reference value :  5.57502e-05
 Reference value :  5.57819e-05
 Reference value :  5.58438e-05
 Reference value :  5.58773e-05
 Reference value :  5.59148e-05
 Reference value :  5.59695e-05
 Reference value :  5.60030e-05
 Reference value :  5.60629e-05
 Reference value :  5.61254e-05
 Reference value :  5.61879e-05
 Reference value :  5.62419e-05
 Reference value :  5.62814e-05
 Reference value :  5.63149e-05
 Reference value :  5.63752e-05
 Reference value :  5.64065e-05
 Reference value :  5.64468e-05
 Reference value :  5.65025e-05
 Reference value :  5.65625e-05
 Reference value :  5.65942e-05
 Reference value :  5.66563e-05
 Reference value :  5.66908e-05
 Reference value :  5.67524e-05
 Reference value :  5.68127e-05
 Reference value :  5.68703e-05
 Reference value :  5.69063e-05
 Reference value :  5.69688e-05
 Reference value :  5.70027e-05
 Reference value :  5.70629e-05
 Reference value :  5.71256e-05
 Reference value :  5.71885e-05
 Reference value :  5.72502e-05
 Reference value :  5.72819e-05
 Reference value :  5.73442e-05
 Reference value :  5.74063e-05
 Reference value :  5.74406e-05
 Reference value :  5.75023e-05
 Reference value :  5.75625e-05
 Reference value :  5.75939e-05
 Reference value :  5.76278e-05
 Reference value :  5.76879e-05
 Reference value :  5.77198e-05
 Reference value :  5.77814e-05
 Reference value :  5.78152e-05
 Reference value :  5.78757e-05
 Reference value :  5.79377e-05
 Reference value :  5.80002e-05
 Reference value :  5.80314e-05
 Reference value :  5.80942e-05
 Reference value :  5.81825e-05
 Reference value :  5.82194e-05
 Reference value :  5.82813e-05
 Reference value :  5.83150e-05
 Reference value :  5.83757e-05
 Reference value :  5.84377e-05
 Reference value :  5.84691e-05
 Reference value :  5.85313e-05
 Reference value :  5.85650e-05
 Reference value :  5.86254e-05
 Reference value :  5.86569e-05
 Reference value :  5.87192e-05
 Reference value :  5.87775e-05
 Reference value :  5.88152e-05
 Reference value :  5.88754e-05
 Reference value :  5.89267e-05
 Reference value :  5.90003e-05
 Reference value :  5.90314e-05
 Reference value :  5.90939e-05
 Reference value :  5.91565e-05
 Reference value :  5.92189e-05
 Reference value :  5.92814e-05
 Reference value :  5.93152e-05
 Reference value :  5.93763e-05
 Reference value :  5.94376e-05
 Reference value :  5.94692e-05
 Reference value :  5.95049e-05
 Reference value :  5.95631e-05
 Reference value :  5.96250e-05
 Reference value :  5.96564e-05
 Reference value :  5.96902e-05
 Reference value :  5.97502e-05
 Reference value :  5.97820e-05
 Reference value :  5.98438e-05
 Reference value :  5.98757e-05
 Reference value :  5.99377e-05
 Reference value :  6.00003e-05
 Reference value :  6.00319e-05
 Reference value :  6.01251e-05
 Reference value :  6.01877e-05
 Reference value :  6.02406e-05
 Reference value :  6.02814e-05
 Reference value :  6.03150e-05
 Reference value :  6.03753e-05
 Reference value :  6.04092e-05
 Reference value :  6.04688e-05
 Reference value :  6.05006e-05
 Reference value :  6.05389e-05
 Reference value :  6.05938e-05
 Reference value :  6.06274e-05
 Reference value :  6.06877e-05
 Reference value :  6.07192e-05
 Reference value :  6.07532e-05
 Reference value :  6.08130e-05
 Reference value :  6.08751e-05
 Reference value :  6.09064e-05
 Reference value :  6.09671e-05
 Reference value :  6.10025e-05
 Reference value :  6.10323e-05
 Reference value :  6.10969e-05
 Reference value :  6.11876e-05
 Reference value :  6.12501e-05
 Reference value :  6.12817e-05
 Reference value :  6.13437e-05
 Reference value :  6.13787e-05
 Reference value :  6.14405e-05
 Reference value :  6.15023e-05
 Reference value :  6.15626e-05
 Reference value :  6.15940e-05
 Reference value :  6.16563e-05
 Reference value :  6.16900e-05
 Reference value :  6.17525e-05
 Reference value :  6.18127e-05
 Reference value :  6.18521e-05
 Reference value :  6.19063e-05
 Reference value :  6.19396e-05
 Reference value :  6.20007e-05
 Reference value :  6.20315e-05
 Reference value :  6.21038e-05
 Reference value :  6.21878e-05
 Reference value :  6.22500e-05
 Reference value :  6.22815e-05
 Reference value :  6.23207e-05
 Reference value :  6.23774e-05
 Reference value :  6.24376e-05
 Reference value :  6.24689e-05
 Reference value :  6.25030e-05
 Reference value :  6.25648e-05
 Reference value :  6.26252e-05
 Reference value :  6.26569e-05
 Reference value :  6.27191e-05
 Reference value :  6.27819e-05
 Reference value :  6.28441e-05
 Reference value :  6.29063e-05
 Reference value :  6.29688e-05
 Reference value :  6.30026e-05
 Reference value :  6.30627e-05
 Reference value :  6.31257e-05
 Reference value :  6.31898e-05
 Reference value :  6.32508e-05
 Reference value :  6.32976e-05
 Reference value :  6.33442e-05
 Reference value :  6.34063e-05
 Reference value :  6.34401e-05
 Reference value :  6.35005e-05
 Reference value :  6.35532e-05
 Reference value :  6.35939e-05
 Reference value :  6.36289e-05
 Reference value :  6.36882e-05
 Reference value :  6.37502e-05
 Reference value :  6.38127e-05
 Reference value :  6.38750e-05
 Reference value :  6.39064e-05
 Reference value :  6.39688e-05
 Reference value :  6.40026e-05
 Reference value :  6.40626e-05
 Reference value :  6.41257e-05
 Reference value :  6.41899e-05
 Reference value :  6.42504e-05
 Reference value :  6.42827e-05
 Reference value :  6.43438e-05
 Reference value :  6.43838e-05
 Reference value :  6.44381e-05
 Reference value :  6.45001e-05
 Reference value :  6.45317e-05
 Reference value :  6.45668e-05
 Reference value :  6.46262e-05
 Reference value :  6.46876e-05
 Reference value :  6.47194e-05
 Reference value :  6.47819e-05
 Reference value :  6.48438e-05
 Reference value :  6.48776e-05
 Reference value :  6.49553e-05
 Reference value :  6.50027e-05
 Reference value :  6.50631e-05
 Reference value :  6.51563e-05
 Reference value :  6.52098e-05
 Reference value :  6.52543e-05
 Reference value :  6.53150e-05
 Reference value :  6.53758e-05
 Reference value :  6.54376e-05
 Reference value :  6.54694e-05
 Reference value :  6.55315e-05
 Reference value :  6.55938e-05
 Reference value :  6.56355e-05
 Reference value :  6.56898e-05
 Reference value :  6.57501e-05
 Reference value :  6.57817e-05
 Reference value :  6.58440e-05
 Reference value :  6.59063e-05
 Reference value :  6.59690e-05
No. of Data Rows : 163180
s000                =  7.34000e+02
s001                =  3.31000e+02
s002                =  6.48000e+02
s003                =  4.21000e+02
s004                =  5.56000e+02
s005                =  5.14000e+02
s006                =  4.62000e+02
s007                =  6.08000e+02
s008                =  3.70000e+02
s009                =  6.98000e+02
s010                =  2.83000e+02
s011                =  7.80000e+02
s012                =  2.06000e+02
s013                =  8.52000e+02
s014                =  1.40000e+02
s015                =  9.11000e+02
s016                =  8.80000e+01
s017                =  9.55000e+02
s018                =  5.30000e+01
s019                =  9.82000e+02
s020                =  3.50000e+01
s021                =  9.90000e+02
s022                =  3.50000e+01
s023                =  9.80000e+02
s024                =  5.40000e+01
s025                =  9.53000e+02
s026                =  9.00000e+01
s027                =  9.08000e+02
s028                =  1.43000e+02
s029                =  8.48000e+02
s030                =  2.10000e+02
s031                =  7.75000e+02
s032                =  2.88000e+02
s033                =  6.92000e+02
s034                =  3.75000e+02
s035                =  6.02000e+02
s036                =  4.67000e+02
s037                =  5.09000e+02
s038                =  5.61000e+02
s039                =  4.15000e+02
s040                =  6.54000e+02
s041                =  3.26000e+02
s042                =  7.40000e+02
s043                =  2.43000e+02
s044                =  8.18000e+02
s045                =  1.71000e+02
s046                =  8.84000e+02
s047                =  1.12000e+02
s048                =  9.35000e+02
s049                =  6.80000e+01
s050                =  9.70000e+02
s051                =  4.10000e+01
s052                =  9.88000e+02
s053                =  3.30000e+01
s054                =  9.88000e+02
s055                =  4.20000e+01
s056                =  9.69000e+02
s057                =  7.00000e+01
s058                =  9.32000e+02
s059                =  1.15000e+02
s060                =  8.80000e+02
s061                =  1.75000e+02
s062                =  8.13000e+02
s063                =  2.48000e+02
cmax                =  9.90000e+02 at=  2.49396e-05
cmin                =  3.30000e+01 at=  5.69396e-05
d000                =  2.58237e+02 at=  2.50012e-06
d008                =  6.22944e+02 at=  1.07816e-05
d016                =  8.50687e+02 at=  1.88751e-05
d024                =  6.03084e+02 at=  2.68751e-05
d032                =  2.57707e+02 at=  3.45001e-05
d040                =  6.23265e+02 at=  4.27818e-05
d048                =  8.50918e+02 at=  5.08751e-05
d056                =  6.02739e+02 at=  5.88751e-05
vrefhi              =  3.30129e+00 at=  6.50882e-05
vreflo              =  3.29881e+00 at=  6.40650e-05
m_code_s000 = 7.3400000000e+02
m_code_s001 = 3.3100000000e+02
m_code_s002 = 6.4800000000e+02
m_code_s003 = 4.2100000000e+02
m_code_s004 = 5.5600000000e+02
m_code_s005 = 5.1400000000e+02
m_code_s006 = 4.6200000000e+02
m_code_s007 = 6.0800000000e+02
m_code_s008 = 3.7000000000e+02
m_code_s009 = 6.9800000000e+02
m_code_s010 = 2.8300000000e+02
m_code_s011 = 7.8000000000e+02
m_code_s012 = 2.0600000000e+02
m_code_s013 = 8.5200000000e+02
m_code_s014 = 1.4000000000e+02
m_code_s015 = 9.1100000000e+02
m_code_s016 = 8.8000000000e+01
m_code_s017 = 9.5500000000e+02
m_code_s018 = 5.3000000000e+01
m_code_s019 = 9.8200000000e+02
m_code_s020 = 3.5000000000e+01
m_code_s021 = 9.9000000000e+02
m_code_s022 = 3.5000000000e+01
m_code_s023 = 9.8000000000e+02
m_code_s024 = 5.4000000000e+01
m_code_s025 = 9.5300000000e+02
m_code_s026 = 9.0000000000e+01
m_code_s027 = 9.0800000000e+02
m_code_s028 = 1.4300000000e+02
m_code_s029 = 8.4800000000e+02
m_code_s030 = 2.1000000000e+02
m_code_s031 = 7.7500000000e+02
m_code_s032 = 2.8800000000e+02
m_code_s033 = 6.9200000000e+02
m_code_s034 = 3.7500000000e+02
m_code_s035 = 6.0200000000e+02
m_code_s036 = 4.6700000000e+02
m_code_s037 = 5.0900000000e+02
m_code_s038 = 5.6100000000e+02
m_code_s039 = 4.1500000000e+02
m_code_s040 = 6.5400000000e+02
m_code_s041 = 3.2600000000e+02
m_code_s042 = 7.4000000000e+02
m_code_s043 = 2.4300000000e+02
m_code_s044 = 8.1800000000e+02
m_code_s045 = 1.7100000000e+02
m_code_s046 = 8.8400000000e+02
m_code_s047 = 1.1200000000e+02
m_code_s048 = 9.3500000000e+02
m_code_s049 = 6.8000000000e+01
m_code_s050 = 9.7000000000e+02
m_code_s051 = 4.1000000000e+01
m_code_s052 = 9.8800000000e+02
m_code_s053 = 3.3000000000e+01
m_code_s054 = 9.8800000000e+02
m_code_s055 = 4.2000000000e+01
m_code_s056 = 9.6900000000e+02
m_code_s057 = 7.0000000000e+01
m_code_s058 = 9.3200000000e+02
m_code_s059 = 1.1500000000e+02
m_code_s060 = 8.8000000000e+02
m_code_s061 = 1.7500000000e+02
m_code_s062 = 8.1300000000e+02
m_code_s063 = 2.4800000000e+02
m_decerr_c000_lsb = 2.5823670000e+02
m_decerr_c008_lsb = 6.2294390000e+02
m_decerr_c016_lsb = 8.5068710000e+02
m_decerr_c024_lsb = 6.0308350000e+02
m_decerr_c032_lsb = 2.5770680000e+02
m_decerr_c040_lsb = 6.2326470000e+02
m_decerr_c048_lsb = 8.5091800000e+02
m_decerr_c056_lsb = 6.0273910000e+02
m_code_max = 9.9000000000e+02
m_code_min = 3.3000000000e+01
m_vref_droop_mv = 2.4830000000e+00
Note: Simulation executed from .control section 

Warning: m=xx on .subckt line will override multiplier m hierarchy!

Note: Starting dynamic gmin stepping
Note: Dynamic gmin stepping completed
