
Note: Compatibility modes selected: hs a


Circuit: * track-switch-thd @ ff_125c_3.63v -- generated by sim/harness, do not edit

Doing analysis at TEMP = 125.000000 and TNOM = 27.000000

Using SPARSE 1.3 as Direct Linear Solver

Initial Transient Solution
--------------------------

Node                                   Voltage
----                                   -------
vdd                                       3.63
nin_p                                    1.815
nin_n                                    1.815
ni_lin                                   1.815
no_lin                                   1.815
ni_tg1p                                  1.815
no_tg1p                                  1.815
ni_tg1n                                  1.815
no_tg1n                                  1.815
ni_tg4p                                  1.815
no_tg4p                                  1.815
ni_tg4n                                  1.815
no_tg4n                                  1.815
ni_bstp                                  1.815
ng_bstp                                  5.445
no_bstp                                  1.815
ni_bstn                                  1.815
ng_bstn                                  5.445
no_bstn                                  1.815
bg_bstn#branch                               0
bg_bstp#branch                               0
vinn#branch                       -3.69556e-12
vinp#branch                       -3.71075e-12
vsup#branch                          -1.46e-11

 Reference value :  2.00073e-06
 Reference value :  5.48173e-06
 Reference value :  8.81173e-06
 Reference value :  1.22037e-05
 Reference value :  1.55437e-05
 Reference value :  1.89547e-05
No. of Data Rows : 20000
m_amp1_lin_v = 1.8146359667e+00
m_hd2_lin_db = -2.156457660e+02
m_hd3_lin_db = -2.156531835e+02
m_thd_lin_db = -2.096260368e+02
m_sfdr_lin_db = 2.1564166323e+02
m_amp1_tg1p_v = 1.8147003903e+00
m_hd2_tg1p_db = -6.567233807e+01
m_hd3_tg1p_db = -8.320542475e+01
m_thd_tg1p_db = -6.441766064e+01
m_sfdr_tg1p_db = 6.5672338070e+01
m_amp1_tg1d_v = 3.6294007806e+00
m_hd2_tg1d_db = -2.200000000e+02
m_hd3_tg1d_db = -8.320542466e+01
m_thd_tg1d_db = -7.055435659e+01
m_sfdr_tg1d_db = 7.0796876309e+01
m_amp1_tg4p_v = 1.8148128772e+00
m_hd2_tg4p_db = -7.529443034e+01
m_hd3_tg4p_db = -9.660432563e+01
m_thd_tg4p_db = -7.469649863e+01
m_sfdr_tg4p_db = 7.5294430335e+01
m_amp1_tg4d_v = 3.6296257544e+00
m_hd2_tg4d_db = -2.200000000e+02
m_hd3_tg4d_db = -9.660432596e+01
m_thd_tg4d_db = -8.368648514e+01
m_sfdr_tg4d_db = 8.3914170314e+01
m_amp1_bstp_v = 1.8147970746e+00
m_hd2_bstp_db = -8.484712180e+01
m_hd3_bstp_db = -1.003717948e+02
m_thd_bstp_db = -8.472557111e+01
m_sfdr_bstp_db = 8.4847121805e+01
m_amp1_bstd_v = 3.6295941492e+00
m_hd2_bstd_db = -2.187204678e+02
m_hd3_bstd_db = -1.003717952e+02
m_thd_bstd_db = -1.003693943e+02
m_sfdr_bstd_db = 1.0037179525e+02
Note: Simulation executed from .control section 

Warning: m=xx on .subckt line will override multiplier m hierarchy!

