
Note: Compatibility modes selected: hs a


Circuit: * track-switch-sampling @ cap_ff_125c_3.30v -- generated by sim/harness, do not edit

Doing analysis at TEMP = 125.000000 and TNOM = 27.000000

Using SPARSE 1.3 as Direct Linear Solver

Initial Transient Solution
--------------------------

Node                                   Voltage
----                                   -------
vdd                                        3.3
nclk                                         0
nclkb                                      3.3
nin_f00                                      0
nin_f25                                  0.825
nin_f50                                   1.65
nin_f75                                  2.475
nin_f100                                   3.3
nin_step                                     0
ni_tg1_f00                         4.50353e-09
no_tg1_f00                          0.00077499
ni_tg1_f25                               0.825
no_tg1_f25                             1.63582
ni_tg1_f50                                1.65
no_tg1_f50                             1.63582
ni_tg1_f75                               2.475
no_tg1_f75                             1.63582
ni_tg1_f100                                3.3
no_tg1_f100                            3.29742
ni_tg4_f00                         8.09108e-09
no_tg4_f00                         0.000346249
ni_tg4_f25                               0.825
no_tg4_f25                             1.63582
ni_tg4_f50                                1.65
no_tg4_f50                             1.63583
ni_tg4_f75                               2.475
no_tg4_f75                             1.63583
ni_tg4_f100                                3.3
no_tg4_f100                            3.29936
ni_tg4dum_f00                      1.13968e-08
no_tg4dum_f00                      0.000630767
ni_tg4dum_f25                            0.825
no_tg4dum_f25                          1.64525
ni_tg4dum_f50                             1.65
no_tg4dum_f50                          1.64525
ni_tg4dum_f75                            2.475
no_tg4dum_f75                          1.64525
ni_tg4dum_f100                             3.3
no_tg4dum_f100                         3.29809
ni_s20_f00                         4.55872e-10
no_s20_f00                         0.000630756
ni_s20_f25                               0.825
no_s20_f25                             1.64525
ni_s20_f50                                1.65
no_s20_f50                             1.64525
ni_s20_f75                               2.475
no_s20_f75                             1.64525
ni_s20_f100                                3.3
no_s20_f100                            3.29809
ni_s10_f00                         2.27936e-10
no_s10_f00                         0.000630755
ni_s10_f100                                3.3
no_s10_f100                            3.29809
ni_s30_f00                         6.83808e-10
no_s30_f00                         0.000630756
ni_s30_f100                                3.3
no_s30_f100                            3.29809
ni_s50_f00                         1.13968e-09
no_s50_f00                         0.000630756
ni_s50_f100                                3.3
no_s50_f100                            3.29809
ni_s150_f00                        3.41904e-09
no_s150_f00                        0.000630759
ni_s150_f100                               3.3
no_s150_f100                           3.29809
ni_d70_f00                         1.13968e-08
no_d70_f00                         0.000630767
ni_d70_f100                                3.3
no_d70_f100                            3.29809
ni_d85_f00                         1.13968e-08
no_d85_f00                         0.000630767
ni_d85_f25                               0.825
no_d85_f25                             1.64525
ni_d85_f50                                1.65
no_d85_f50                             1.64525
ni_d85_f75                               2.475
no_d85_f75                             1.64525
ni_d85_f100                                3.3
no_d85_f100                            3.29809
ni_cx100p_f00                      1.13968e-08
no_cx100p_f00                      0.000630767
ni_cx100p_f100                             3.3
no_cx100p_f100                         3.29809
ni_cx1n_f00                        1.13968e-08
no_cx1n_f00                        0.000630767
ni_cx1n_f100                               3.3
no_cx1n_f100                           3.29809
ni_cxopt_f00                        5.6984e-10
no_cxopt_f00                       0.000630756
ni_cxopt_f25                             0.825
no_cxopt_f25                           1.64525
ni_cxopt_f50                              1.65
no_cxopt_f50                           1.64525
ni_cxopt_f75                             2.475
no_cxopt_f75                           1.64525
ni_cxopt_f100                              3.3
no_cxopt_f100                          3.29809
ni_cx100pl_f00                      5.6984e-10
no_cx100pl_f00                     0.000630756
ni_cx100pl_f100                            3.3
no_cx100pl_f100                        3.29809
ni_cx1nl_f00                        5.6984e-10
no_cx1nl_f00                       0.000630756
ni_cx1nl_f100                              3.3
no_cx1nl_f100                          3.29809
ni_cxopth_f00                      1.13968e-08
no_cxopth_f00                      0.000630767
ni_cxopth_f25                            0.825
no_cxopth_f25                          1.64525
ni_cxopth_f50                             1.65
no_cxopth_f50                          1.64525
ni_cxopth_f75                            2.475
no_cxopth_f75                          1.64525
ni_cxopth_f100                             3.3
no_cxopth_f100                         3.29809
ni_cxoptl_f00                      2.27936e-11
no_cxoptl_f00                      0.000630755
ni_cxoptl_f100                             3.3
no_cxoptl_f100                         3.29809
ni_px250_f00                        5.6984e-09
no_px250_f00                       0.000630761
ni_px250_f25                             0.825
no_px250_f25                           1.64525
ni_px250_f50                              1.65
no_px250_f50                           1.64525
ni_px250_f75                             2.475
no_px250_f75                           1.64525
ni_px250_f100                              3.3
no_px250_f100                          3.29809
ni_px1_f00                         2.27936e-11
no_px1_f00                         0.000630755
ni_px1_f100                                3.3
no_px1_f100                            3.29809
ni_px500_f00                       1.13968e-08
no_px500_f00                       0.000630767
ni_px500_f100                              3.3
no_px500_f100                          3.29809
ni_tg1_step                        4.50353e-09
no_tg1_step                         0.00077499
ni_cxopt_step                       5.6984e-10
no_cxopt_step                      0.000630756
ni_px250_step                       5.6984e-09
no_px250_step                      0.000630761
vin_step#branch                    5.45943e-11
vin_f100#branch                   -2.52713e-10
vin_f75#branch                       -1.32e-11
vin_f50#branch                     1.38822e-16
vin_f25#branch                     1.37809e-11
vin_f00#branch                     4.35474e-10
vclkb#branch                                 0
vclk#branch                                  0
vsup#branch                       -6.30619e-10

 Reference value :  0.00000e+00
 Reference value :  3.55589e-08
 Reference value :  9.81589e-08
 Reference value :  1.60559e-07
 Reference value :  2.21759e-07
 Reference value :  2.86559e-07
 Reference value :  3.32175e-07
 Reference value :  3.93975e-07
 Reference value :  4.54775e-07
 Reference value :  5.16775e-07
 Reference value :  5.80775e-07
 Reference value :  6.43775e-07
 Reference value :  7.00122e-07
 Reference value :  7.63333e-07
 Reference value :  8.24333e-07
 Reference value :  8.85333e-07
 Reference value :  9.43533e-07
 Reference value :  1.00017e-06
 Reference value :  1.04305e-06
 Reference value :  1.10625e-06
 Reference value :  1.16845e-06
 Reference value :  1.22845e-06
 Reference value :  1.29145e-06
 Reference value :  1.33746e-06
 Reference value :  1.40226e-06
 Reference value :  1.46606e-06
 Reference value :  1.52926e-06
 Reference value :  1.58586e-06
 Reference value :  1.64606e-06
 Reference value :  1.70506e-06
 Reference value :  1.76486e-06
 Reference value :  1.82386e-06
 Reference value :  1.88106e-06
 Reference value :  1.94306e-06
No. of Data Rows : 10248
vddm                =  3.30000e+00
pre_tg1_f00         =  3.97371e-09
post_tg1_f00        =  -1.26949e-03
end_tg1_f00         =  -1.26901e-03
pre_tg1_f25         =  8.25000e-01
post_tg1_f25        =  8.24254e-01
end_tg1_f25         =  8.24254e-01
pre_tg1_f50         =  1.65000e+00
post_tg1_f50        =  1.65044e+00
end_tg1_f50         =  1.65044e+00
pre_tg1_f75         =  2.47500e+00
post_tg1_f75        =  2.47670e+00
end_tg1_f75         =  2.47670e+00
pre_tg1_f100        =  3.30000e+00
post_tg1_f100       =  3.30306e+00
end_tg1_f100        =  3.30306e+00
pre_tg4_f00         =  3.47575e-09
post_tg4_f00        =  -5.71717e-03
end_tg4_f00         =  -5.71107e-03
pre_tg4_f25         =  8.25000e-01
post_tg4_f25        =  8.21587e-01
end_tg4_f25         =  8.21587e-01
pre_tg4_f50         =  1.65000e+00
post_tg4_f50        =  1.65206e+00
end_tg4_f50         =  1.65206e+00
pre_tg4_f75         =  2.47500e+00
post_tg4_f75        =  2.48294e+00
end_tg4_f75         =  2.48294e+00
pre_tg4_f100        =  3.30000e+00
post_tg4_f100       =  3.31407e+00
end_tg4_f100        =  3.31407e+00
pre_tg4dum_f00      =  9.74911e-09
post_tg4dum_f00     =  -2.40316e-03
end_tg4dum_f00      =  -2.40033e-03
pre_tg4dum_f25      =  8.25000e-01
post_tg4dum_f25     =  8.23718e-01
end_tg4dum_f25      =  8.23718e-01
pre_tg4dum_f50      =  1.65000e+00
post_tg4dum_f50     =  1.65084e+00
end_tg4dum_f50      =  1.65084e+00
pre_tg4dum_f75      =  2.47500e+00
post_tg4dum_f75     =  2.47779e+00
end_tg4dum_f75      =  2.47779e+00
pre_tg4dum_f100     =  3.30000e+00
post_tg4dum_f100    =  3.30568e+00
end_tg4dum_f100     =  3.30568e+00
acq_tg1             =  3.30000e+00
pre_s20_f00         =  1.09734e-09
post_s20_f00        =  -3.45270e-04
end_s20_f00         =  -3.44389e-04
pre_s20_f25         =  8.25000e-01
post_s20_f25        =  8.24895e-01
pre_s20_f50         =  1.65000e+00
post_s20_f50        =  1.65011e+00
pre_s20_f75         =  2.47500e+00
post_s20_f75        =  2.47520e+00
pre_s20_f100        =  3.30000e+00
post_s20_f100       =  3.30063e+00
end_s20_f100        =  3.30063e+00
pre_s10_f00         =  9.17091e-10
post_s10_f00        =  -1.13546e-04
pre_s10_f100        =  3.30000e+00
post_s10_f100       =  3.30015e+00
pre_s30_f00         =  1.27758e-09
post_s30_f00        =  -5.39708e-04
pre_s30_f100        =  3.30000e+00
post_s30_f100       =  3.30105e+00
pre_s50_f00         =  1.63807e-09
post_s50_f00        =  -8.48867e-04
pre_s50_f100        =  3.30000e+00
post_s50_f100       =  3.30173e+00
pre_s150_f00        =  3.44053e-09
post_s150_f00       =  -1.65603e-03
pre_s150_f100       =  3.30000e+00
post_s150_f100      =  3.30367e+00
pre_d70_f00         =  1.08019e-08
post_d70_f00        =  -1.08771e-03
pre_d70_f100        =  3.30000e+00
post_d70_f100       =  3.30236e+00
pre_d85_f00         =  1.15914e-08
post_d85_f00        =  -1.04877e-04
end_d85_f00         =  -1.04218e-04
pre_d85_f25         =  8.25000e-01
post_d85_f25        =  8.25193e-01
pre_d85_f50         =  1.65000e+00
post_d85_f50        =  1.65000e+00
pre_d85_f75         =  2.47500e+00
post_d85_f75        =  2.47424e+00
pre_d85_f100        =  3.30000e+00
post_d85_f100       =  3.29989e+00
end_d85_f100        =  3.29989e+00
pre_cx100p_f00      =  2.97616e-06
post_cx100p_f00     =  6.59811e-05
pre_cx100p_f100     =  3.29999e+00
post_cx100p_f100    =  3.29977e+00
pre_cx1n_f00        =  2.94319e-05
post_cx1n_f00       =  1.86584e-04
pre_cx1n_f100       =  3.29993e+00
post_cx1n_f100      =  3.29953e+00
pre_cxopt_f00       =  1.61297e-09
post_cxopt_f00      =  -2.09261e-04
end_cxopt_f00       =  -2.08506e-04
pre_cxopt_f25       =  8.25000e-01
post_cxopt_f25      =  8.24889e-01
pre_cxopt_f50       =  1.65000e+00
post_cxopt_f50      =  1.65010e+00
pre_cxopt_f75       =  2.47500e+00
post_cxopt_f75      =  2.47540e+00
pre_cxopt_f100      =  3.30000e+00
post_cxopt_f100     =  3.30057e+00
end_cxopt_f100      =  3.30057e+00
pre_cx100pl_f00     =  1.18746e-09
post_cx100pl_f00    =  7.17239e-05
pre_cx100pl_f100    =  3.30000e+00
post_cx100pl_f100   =  3.29976e+00
pre_cx1nl_f00       =  1.65010e-09
post_cx1nl_f00      =  1.57304e-04
pre_cx1nl_f100      =  3.30000e+00
post_cx1nl_f100     =  3.29960e+00
pre_cxoptl_f00      =  7.24323e-10
post_cxoptl_f00     =  -2.07197e-04
pre_cxoptl_f100     =  3.30000e+00
post_cxoptl_f100    =  3.30057e+00
pre_cxopth_f00      =  3.03662e-05
post_cxopth_f00     =  -1.79003e-04
end_cxopth_f00      =  -1.78290e-04
pre_cxopth_f25      =  8.26093e-01
post_cxopth_f25     =  8.25981e-01
pre_cxopth_f50      =  1.64998e+00
post_cxopth_f50     =  1.65008e+00
pre_cxopth_f75      =  2.47387e+00
post_cxopth_f75     =  2.47427e+00
pre_cxopth_f100     =  3.29992e+00
post_cxopth_f100    =  3.30050e+00
end_cxopth_f100     =  3.30050e+00
acq_cxopt           =  3.30000e+00
pre_px1_f00         =  7.24323e-10
post_px1_f00        =  -2.25416e-04
pre_px1_f100        =  3.30000e+00
post_px1_f100       =  3.30060e+00
pre_px500_f00       =  3.02374e-06
post_px500_f00      =  -3.01811e-04
pre_px500_f100      =  3.29999e+00
post_px500_f100     =  3.30074e+00
pre_px250_f00       =  2.36847e-08
post_px250_f00      =  -3.04310e-04
end_px250_f00       =  -3.03484e-04
pre_px250_f25       =  8.25000e-01
post_px250_f25      =  8.24862e-01
pre_px250_f50       =  1.65000e+00
post_px250_f50      =  1.65011e+00
pre_px250_f75       =  2.47500e+00
post_px250_f75      =  2.47544e+00
pre_px250_f100      =  3.30000e+00
post_px250_f100     =  3.30075e+00
end_px250_f100      =  3.30075e+00
acq_px250           =  3.29998e+00
m_ped_tg1_f00_mv = -1.269489974e+00
m_ped_tg1_f25_mv = -7.458000000e-01
m_ped_tg1_f50_mv = 4.4200000000e-01
m_ped_tg1_f75_mv = 1.7010000000e+00
m_ped_tg1_f100_mv = 3.0610000000e+00
m_gain_tg1_lsb = 1.3437641615e+00
m_nl_tg1_lsb = 1.7343845460e-01
m_nldiff_tg1_lsb = 8.7367373775e-02
m_droop_tg1_f00_uv = 4.7100000000e-01
m_droop_tg1_f100_uv = 0.0000000000e+00
m_ped_tg4_f00_mv = -5.717169476e+00
m_ped_tg4_f25_mv = -3.412600000e+00
m_ped_tg4_f50_mv = 2.0640000000e+00
m_ped_tg4_f75_mv = 7.9430000000e+00
m_ped_tg4_f100_mv = 1.4070000000e+01
m_gain_tg4_lsb = 6.1400186494e+00
m_nl_tg4_lsb = 8.1988977049e-01
m_nldiff_tg4_lsb = 4.5366776619e-01
m_droop_tg4_f00_uv = 6.0990000000e+00
m_droop_tg4_f100_uv = -3.000000000e+00
m_ped_tg4dum_f00_mv = -2.403173749e+00
m_ped_tg4dum_f25_mv = -1.282300000e+00
m_ped_tg4dum_f50_mv = 8.4300000000e-01
m_ped_tg4dum_f75_mv = 2.7930000000e+00
m_ped_tg4dum_f100_mv = 5.6820000000e+00
m_gain_tg4dum_lsb = 2.5088539149e+00
m_nl_tg4dum_lsb = 2.7940295778e-01
m_nldiff_tg4dum_lsb = 1.0150981956e-02
m_droop_tg4dum_f00_uv = 2.8380000000e+00
m_droop_tg4dum_f100_uv = -2.000000000e+00
m_acqerr_tg1_lsb = 0.0000000000e+00
m_gain_s20_lsb = 3.0293972475e-01
m_ped_s20_f00_mv = -3.452705973e-01
m_ped_s20_f25_mv = -1.046000000e-01
m_ped_s20_f50_mv = 1.1200000000e-01
m_ped_s20_f75_mv = 1.9800000000e-01
m_ped_s20_f100_mv = 6.3100000000e-01
m_nl_s20_lsb = 5.8626280934e-02
m_nldiff_s20_lsb = 5.7572165405e-02
m_droop_s20_f00_uv = 8.8070000000e-01
m_droop_s20_f100_uv = -1.000000000e+00
m_gain_s10_lsb = 8.1158707849e-02
m_gain_s30_lsb = 4.9236085219e-01
m_gain_s50_lsb = 8.0147202733e-01
m_gain_s150_lsb = 1.6529952397e+00
m_gain_d70_lsb = 1.0707681906e+00
m_gain_d85_lsb = -2.516932605e-03
m_ped_d85_f00_mv = -1.048887914e-01
m_ped_d85_f25_mv = 1.9320000000e-01
m_ped_d85_f50_mv = 0.0000000000e+00
m_ped_d85_f75_mv = -7.600000000e-01
m_ped_d85_f100_mv = -1.130000000e-01
m_nl_d85_lsb = 2.0139529376e-01
m_nldiff_d85_lsb = 2.9452238218e-01
m_droop_d85_f00_uv = 6.5910000000e-01
m_droop_d85_f100_uv = -1.000000000e+00
m_gain_cx100p_lsb = -8.967912386e-02
m_gain_cx1n_lsb = -1.728861277e-01
m_ped_cxopt_f00_mv = -2.092627130e-01
m_ped_cxopt_f25_mv = -1.113000000e-01
m_ped_cxopt_f50_mv = 1.0100000000e-01
m_ped_cxopt_f75_mv = 4.0000000000e-01
m_ped_cxopt_f100_mv = 5.7200000000e-01
m_gain_cxopt_lsb = 2.4242818730e-01
m_nl_cxopt_lsb = 3.0208920133e-02
m_nldiff_cxopt_lsb = 3.7443845745e-02
m_droop_cxopt_f00_uv = 7.5530000000e-01
m_droop_cxopt_f100_uv = 0.0000000000e+00
m_gain_cx100pl_lsb = -9.734912079e-02
m_gain_cx1nl_lsb = -1.729326390e-01
m_gain_cxoptl_lsb = 2.4085644391e-01
m_ped_cxopth_f00_mv = -2.093690800e-01
m_ped_cxopth_f25_mv = -1.123000000e-01
m_ped_cxopth_f50_mv = 1.0200000000e-01
m_ped_cxopth_f75_mv = 4.0000000000e-01
m_ped_cxopth_f100_mv = 5.7200000000e-01
m_gain_cxopth_lsb = 2.4246119331e-01
m_nl_cxopth_lsb = 3.0494468655e-02
m_nldiff_cxopth_lsb = 3.7737645770e-02
m_droop_cxopth_f00_uv = 7.1240000000e-01
m_droop_cxopth_f100_uv = -9.999999997e-01
m_acqerr_cxopt_lsb = 0.0000000000e+00
m_gain_px1_lsb = 2.5737058500e-01
m_gain_px500_lsb = 3.2638759998e-01
m_ped_px250_f00_mv = -3.043335847e-01
m_ped_px250_f25_mv = -1.381000000e-01
m_ped_px250_f50_mv = 1.0900000000e-01
m_ped_px250_f75_mv = 4.3800000000e-01
m_ped_px250_f100_mv = 7.4600000000e-01
m_gain_px250_lsb = 3.2592169417e-01
m_nl_px250_lsb = 3.4702183216e-02
m_nldiff_px250_lsb = 1.5804728671e-02
m_droop_px250_f00_uv = 8.2630000000e-01
m_droop_px250_f100_uv = -1.000000000e+00
m_acqerr_px250_lsb = 5.8957575758e-03
Note: Simulation executed from .control section 

Warning: m=xx on .subckt line will override multiplier m hierarchy!

