
Note: Compatibility modes selected: hs a


Circuit: * track-switch-sampling @ ff_125c_3.63v -- generated by sim/harness, do not edit

Doing analysis at TEMP = 125.000000 and TNOM = 27.000000

Using SPARSE 1.3 as Direct Linear Solver

Initial Transient Solution
--------------------------

Node                                   Voltage
----                                   -------
vdd                                       3.63
nclk                                         0
nclkb                                     3.63
nin_f00                                      0
nin_f25                                 0.9075
nin_f50                                  1.815
nin_f75                                 2.7225
nin_f100                                  3.63
nin_step                                     0
ni_tg1_f00                         9.74447e-09
no_tg1_f00                         0.000213972
ni_tg1_f25                              0.9075
no_tg1_f25                             1.79947
ni_tg1_f50                               1.815
no_tg1_f50                             1.79947
ni_tg1_f75                              2.7225
no_tg1_f75                             1.79947
ni_tg1_f100                               3.63
no_tg1_f100                            3.62975
ni_tg4_f00                         2.80517e-08
no_tg4_f00                         0.000153763
ni_tg4_f25                              0.9075
no_tg4_f25                              1.7997
ni_tg4_f50                               1.815
no_tg4_f50                              1.7997
ni_tg4_f75                              2.7225
no_tg4_f75                              1.7997
ni_tg4_f100                               3.63
no_tg4_f100                            3.62994
ni_tg4dum_f00                      3.16898e-08
no_tg4dum_f00                      0.000193714
ni_tg4dum_f25                           0.9075
no_tg4dum_f25                          1.80986
ni_tg4dum_f50                            1.815
no_tg4dum_f50                          1.80986
ni_tg4dum_f75                           2.7225
no_tg4dum_f75                          1.80986
ni_tg4dum_f100                            3.63
no_tg4dum_f100                         3.62981
ni_s20_f00                         1.26759e-09
no_s20_f00                         0.000193684
ni_s20_f25                              0.9075
no_s20_f25                             1.80986
ni_s20_f50                               1.815
no_s20_f50                             1.80986
ni_s20_f75                              2.7225
no_s20_f75                             1.80986
ni_s20_f100                               3.63
no_s20_f100                            3.62981
ni_s10_f00                         6.33796e-10
no_s10_f00                         0.000193683
ni_s10_f100                               3.63
no_s10_f100                            3.62981
ni_s30_f00                         1.90139e-09
no_s30_f00                         0.000193684
ni_s30_f100                               3.63
no_s30_f100                            3.62981
ni_s50_f00                         3.16898e-09
no_s50_f00                         0.000193685
ni_s50_f100                               3.63
no_s50_f100                            3.62981
ni_s150_f00                        9.50693e-09
no_s150_f00                        0.000193692
ni_s150_f100                              3.63
no_s150_f100                           3.62981
ni_d70_f00                         3.16898e-08
no_d70_f00                         0.000193714
ni_d70_f100                               3.63
no_d70_f100                            3.62981
ni_d85_f00                         3.16898e-08
no_d85_f00                         0.000193714
ni_d85_f25                              0.9075
no_d85_f25                             1.80986
ni_d85_f50                               1.815
no_d85_f50                             1.80986
ni_d85_f75                              2.7225
no_d85_f75                             1.80986
ni_d85_f100                               3.63
no_d85_f100                            3.62981
ni_cx100p_f00                      3.16898e-08
no_cx100p_f00                      0.000193714
ni_cx100p_f100                            3.63
no_cx100p_f100                         3.62981
ni_cx1n_f00                        3.16898e-08
no_cx1n_f00                        0.000193714
ni_cx1n_f100                              3.63
no_cx1n_f100                           3.62981
ni_cxopt_f00                       1.58449e-09
no_cxopt_f00                       0.000193684
ni_cxopt_f25                            0.9075
no_cxopt_f25                           1.80986
ni_cxopt_f50                             1.815
no_cxopt_f50                           1.80986
ni_cxopt_f75                            2.7225
no_cxopt_f75                           1.80986
ni_cxopt_f100                             3.63
no_cxopt_f100                          3.62981
ni_cx100pl_f00                     1.58449e-09
no_cx100pl_f00                     0.000193684
ni_cx100pl_f100                           3.63
no_cx100pl_f100                        3.62981
ni_cx1nl_f00                       1.58449e-09
no_cx1nl_f00                       0.000193684
ni_cx1nl_f100                             3.63
no_cx1nl_f100                          3.62981
ni_cxopth_f00                      3.16898e-08
no_cxopth_f00                      0.000193714
ni_cxopth_f25                           0.9075
no_cxopth_f25                          1.80986
ni_cxopth_f50                            1.815
no_cxopth_f50                          1.80986
ni_cxopth_f75                           2.7225
no_cxopth_f75                          1.80986
ni_cxopth_f100                            3.63
no_cxopth_f100                         3.62981
ni_cxoptl_f00                      6.33796e-11
no_cxoptl_f00                      0.000193682
ni_cxoptl_f100                            3.63
no_cxoptl_f100                         3.62981
ni_px250_f00                       1.58449e-08
no_px250_f00                       0.000193698
ni_px250_f25                            0.9075
no_px250_f25                           1.80986
ni_px250_f50                             1.815
no_px250_f50                           1.80986
ni_px250_f75                            2.7225
no_px250_f75                           1.80986
ni_px250_f100                             3.63
no_px250_f100                          3.62981
ni_px1_f00                         6.33796e-11
no_px1_f00                         0.000193682
ni_px1_f100                               3.63
no_px1_f100                            3.62981
ni_px500_f00                       3.16898e-08
no_px500_f00                       0.000193714
ni_px500_f100                             3.63
no_px500_f100                          3.62981
ni_tg1_step                        9.74447e-09
no_tg1_step                        0.000213972
ni_cxopt_step                      1.58449e-09
no_cxopt_step                      0.000193684
ni_px250_step                      1.58449e-08
no_px250_step                      0.000193698
vin_step#branch                    1.46248e-10
vin_f100#branch                   -2.83695e-10
vin_f75#branch                    -1.45206e-11
vin_f50#branch                     3.70838e-15
vin_f25#branch                     1.96779e-11
vin_f00#branch                     1.21642e-09
vclkb#branch                                 0
vclk#branch                                  0
vsup#branch                       -1.52155e-09

 Reference value :  0.00000e+00
 Reference value :  7.13406e-08
 Reference value :  1.29341e-07
 Reference value :  1.85741e-07
 Reference value :  2.43941e-07
 Reference value :  2.99741e-07
 Reference value :  3.38766e-07
 Reference value :  3.96966e-07
 Reference value :  4.50366e-07
 Reference value :  5.07166e-07
 Reference value :  5.61366e-07
 Reference value :  6.15166e-07
 Reference value :  6.79566e-07
 Reference value :  7.28306e-07
 Reference value :  7.81906e-07
 Reference value :  8.37106e-07
 Reference value :  8.95306e-07
 Reference value :  9.55706e-07
 Reference value :  1.00100e-06
 Reference value :  1.05744e-06
 Reference value :  1.11944e-06
 Reference value :  1.18684e-06
 Reference value :  1.24764e-06
 Reference value :  1.30100e-06
 Reference value :  1.36110e-06
 Reference value :  1.42830e-06
 Reference value :  1.49290e-06
 Reference value :  1.55730e-06
 Reference value :  1.61990e-06
 Reference value :  1.68090e-06
 Reference value :  1.74090e-06
 Reference value :  1.80490e-06
 Reference value :  1.86870e-06
 Reference value :  1.93310e-06
 Reference value :  1.99610e-06
No. of Data Rows : 10250
vddm                =  3.63000e+00
pre_tg1_f00         =  4.28183e-09
post_tg1_f00        =  -1.44468e-03
end_tg1_f00         =  -1.44167e-03
pre_tg1_f25         =  9.07500e-01
post_tg1_f25        =  9.06701e-01
end_tg1_f25         =  9.06701e-01
pre_tg1_f50         =  1.81500e+00
post_tg1_f50        =  1.81569e+00
end_tg1_f50         =  1.81569e+00
pre_tg1_f75         =  2.72250e+00
post_tg1_f75        =  2.72462e+00
end_tg1_f75         =  2.72462e+00
pre_tg1_f100        =  3.63000e+00
post_tg1_f100       =  3.63367e+00
end_tg1_f100        =  3.63367e+00
pre_tg4_f00         =  3.80042e-09
post_tg4_f00        =  -6.43699e-03
end_tg4_f00         =  -6.38474e-03
pre_tg4_f25         =  9.07500e-01
post_tg4_f25        =  9.03864e-01
end_tg4_f25         =  9.03864e-01
pre_tg4_f50         =  1.81500e+00
post_tg4_f50        =  1.81816e+00
end_tg4_f50         =  1.81816e+00
pre_tg4_f75         =  2.72250e+00
post_tg4_f75        =  2.73233e+00
end_tg4_f75         =  2.73233e+00
pre_tg4_f100        =  3.63000e+00
post_tg4_f100       =  3.64667e+00
end_tg4_f100        =  3.64662e+00
pre_tg4dum_f00      =  2.10477e-08
post_tg4dum_f00     =  -2.79143e-03
end_tg4dum_f00      =  -2.76943e-03
pre_tg4dum_f25      =  9.07500e-01
post_tg4dum_f25     =  9.06083e-01
end_tg4dum_f25      =  9.06083e-01
pre_tg4dum_f50      =  1.81500e+00
post_tg4dum_f50     =  1.81632e+00
end_tg4dum_f50      =  1.81632e+00
pre_tg4dum_f75      =  2.72250e+00
post_tg4dum_f75     =  2.72618e+00
end_tg4dum_f75      =  2.72618e+00
pre_tg4dum_f100     =  3.63000e+00
post_tg4dum_f100    =  3.63700e+00
end_tg4dum_f100     =  3.63698e+00
acq_tg1             =  3.63000e+00
pre_s20_f00         =  2.33707e-09
post_s20_f00        =  -4.66981e-04
end_s20_f00         =  -4.62317e-04
pre_s20_f25         =  9.07500e-01
post_s20_f25        =  9.07360e-01
pre_s20_f50         =  1.81500e+00
post_s20_f50        =  1.81519e+00
pre_s20_f75         =  2.72250e+00
post_s20_f75        =  2.72277e+00
pre_s20_f100        =  3.63000e+00
post_s20_f100       =  3.63097e+00
end_s20_f100        =  3.63096e+00
pre_s10_f00         =  1.94727e-09
post_s10_f00        =  -1.87202e-04
pre_s10_f100        =  3.63000e+00
post_s10_f100       =  3.63033e+00
pre_s30_f00         =  2.72688e-09
post_s30_f00        =  -6.99067e-04
pre_s30_f100        =  3.63000e+00
post_s30_f100       =  3.63150e+00
pre_s50_f00         =  3.50649e-09
post_s50_f00        =  -1.06291e-03
pre_s50_f100        =  3.63000e+00
post_s50_f100       =  3.63237e+00
pre_s150_f00        =  7.40452e-09
post_s150_f00       =  -1.98207e-03
pre_s150_f100       =  3.63000e+00
post_s150_f100      =  3.63472e+00
pre_d70_f00         =  2.63609e-08
post_d70_f00        =  -1.34467e-03
pre_d70_f100        =  3.63000e+00
post_d70_f100       =  3.63317e+00
pre_d85_f00         =  3.03458e-08
post_d85_f00        =  -2.63511e-04
end_d85_f00         =  -2.60307e-04
pre_d85_f25         =  9.07500e-01
post_d85_f25        =  9.07616e-01
pre_d85_f50         =  1.81500e+00
post_d85_f50        =  1.81506e+00
pre_d85_f75         =  2.72250e+00
post_d85_f75        =  2.72195e+00
pre_d85_f100        =  3.63000e+00
post_d85_f100       =  3.63032e+00
end_d85_f100        =  3.63032e+00
pre_cx100p_f00      =  3.24617e-06
post_cx100p_f00     =  1.90763e-05
pre_cx100p_f100     =  3.62999e+00
post_cx100p_f100    =  3.62986e+00
pre_cx1n_f00        =  3.16980e-05
post_cx1n_f00       =  1.74237e-04
pre_cx1n_f100       =  3.62992e+00
post_cx1n_f100      =  3.62952e+00
pre_cxopt_f00       =  2.83789e-09
post_cxopt_f00      =  -2.39390e-04
end_cxopt_f00       =  -2.36347e-04
pre_cxopt_f25       =  9.07500e-01
post_cxopt_f25      =  9.07393e-01
pre_cxopt_f50       =  1.81500e+00
post_cxopt_f50      =  1.81511e+00
pre_cxopt_f75       =  2.72250e+00
post_cxopt_f75      =  2.72286e+00
pre_cxopt_f100      =  3.63000e+00
post_cxopt_f100     =  3.63068e+00
end_cxopt_f100      =  3.63068e+00
pre_cx100pl_f00     =  2.53198e-09
post_cx100pl_f00    =  2.85200e-05
pre_cx100pl_f100    =  3.63000e+00
post_cx100pl_f100   =  3.62984e+00
pre_cx1nl_f00       =  3.03663e-09
post_cx1nl_f00      =  1.42761e-04
pre_cx1nl_f100      =  3.63000e+00
post_cx1nl_f100     =  3.62961e+00
pre_cxoptl_f00      =  1.45890e-09
post_cxoptl_f00     =  -2.36388e-04
pre_cxoptl_f100     =  3.63000e+00
post_cxoptl_f100    =  3.63068e+00
pre_cxopth_f00      =  3.29025e-05
post_cxopth_f00     =  -2.06659e-04
end_cxopth_f00      =  -2.03967e-04
pre_cxopth_f25      =  9.08700e-01
post_cxopth_f25     =  9.08592e-01
pre_cxopth_f50      =  1.81498e+00
post_cxopth_f50     =  1.81509e+00
pre_cxopth_f75      =  2.72125e+00
post_cxopth_f75     =  2.72161e+00
pre_cxopth_f100     =  3.62991e+00
post_cxopth_f100    =  3.63060e+00
end_cxopth_f100     =  3.63059e+00
acq_cxopt           =  3.63000e+00
pre_px1_f00         =  1.45890e-09
post_px1_f00        =  -2.58824e-04
pre_px1_f100        =  3.63000e+00
post_px1_f100       =  3.63072e+00
pre_px500_f00       =  3.31906e-06
post_px500_f00      =  -3.65460e-04
pre_px500_f100      =  3.62999e+00
post_px500_f100     =  3.63093e+00
pre_px250_f00       =  3.06709e-08
post_px250_f00      =  -3.67970e-04
end_px250_f00       =  -3.64054e-04
pre_px250_f25       =  9.07500e-01
post_px250_f25      =  9.07361e-01
pre_px250_f50       =  1.81500e+00
post_px250_f50      =  1.81513e+00
pre_px250_f75       =  2.72250e+00
post_px250_f75      =  2.72293e+00
pre_px250_f100      =  3.63000e+00
post_px250_f100     =  3.63094e+00
end_px250_f100      =  3.63094e+00
acq_px250           =  3.62998e+00
m_ped_tg1_f00_mv = -1.444685282e+00
m_ped_tg1_f25_mv = -7.995000000e-01
m_ped_tg1_f50_mv = 6.9100000000e-01
m_ped_tg1_f75_mv = 2.1210000000e+00
m_ped_tg1_f100_mv = 3.6690000000e+00
m_gain_tg1_lsb = 1.4425382172e+00
m_nl_tg1_lsb = 1.7863187426e-01
m_nldiff_tg1_lsb = 1.0258543683e-01
m_droop_tg1_f00_uv = 3.0100000000e+00
m_droop_tg1_f100_uv = -2.000000000e+00
m_ped_tg4_f00_mv = -6.436991800e+00
m_ped_tg4_f25_mv = -3.636100000e+00
m_ped_tg4_f50_mv = 3.1550000000e+00
m_ped_tg4_f75_mv = 9.8280000000e+00
m_ped_tg4_f100_mv = 1.6673000000e+01
m_gain_tg4_lsb = 6.5191822600e+00
m_nl_tg4_lsb = 8.3968173479e-01
m_nldiff_tg4_lsb = 5.3854617030e-01
m_droop_tg4_f00_uv = 5.2253000000e+01
m_droop_tg4_f100_uv = -5.200000000e+01
m_ped_tg4dum_f00_mv = -2.791450048e+00
m_ped_tg4dum_f25_mv = -1.417000000e+00
m_ped_tg4dum_f50_mv = 1.3220000000e+00
m_ped_tg4dum_f75_mv = 3.6840000000e+00
m_ped_tg4dum_f100_mv = 7.0020000000e+00
m_gain_tg4dum_lsb = 2.7626702063e+00
m_nl_tg4dum_lsb = 3.0294390176e-01
m_nldiff_tg4dum_lsb = 5.7624676475e-02
m_droop_tg4dum_f00_uv = 2.1994000000e+01
m_droop_tg4dum_f100_uv = -1.900000000e+01
m_acqerr_tg1_lsb = 0.0000000000e+00
m_gain_s20_lsb = 4.0451755713e-01
m_ped_s20_f00_mv = -4.669831371e-01
m_ped_s20_f25_mv = -1.399000000e-01
m_ped_s20_f50_mv = 1.9200000000e-01
m_ped_s20_f75_mv = 2.6600000000e-01
m_ped_s20_f100_mv = 9.6700000000e-01
m_nl_s20_lsb = 9.6618269121e-02
m_nldiff_s20_lsb = 8.7756960381e-02
m_droop_s20_f00_uv = 4.6643000000e+00
m_droop_s20_f100_uv = -2.000000000e+00
m_gain_s10_lsb = 1.4731031196e-01
m_gain_s30_lsb = 6.2175396373e-01
m_gain_s50_lsb = 9.6924942993e-01
m_gain_s150_lsb = 1.8903323235e+00
m_gain_d70_lsb = 1.2744138010e+00
m_gain_d85_lsb = 1.6376697887e-01
m_ped_d85_f00_mv = -2.635411458e-01
m_ped_d85_f25_mv = 1.1600000000e-01
m_ped_d85_f50_mv = 5.8000000000e-02
m_ped_d85_f75_mv = -5.530000000e-01
m_ped_d85_f100_mv = 3.1700000000e-01
m_nl_d85_lsb = 2.0447974289e-01
m_nldiff_d85_lsb = 2.7060415059e-01
m_droop_d85_f00_uv = 3.2041000000e+00
m_droop_d85_f100_uv = -2.000000000e+00
m_gain_cx100p_lsb = -4.254821808e-02
m_gain_cx1n_lsb = -1.507899353e-01
m_ped_cxopt_f00_mv = -2.393924379e-01
m_ped_cxopt_f25_mv = -1.066000000e-01
m_ped_cxopt_f50_mv = 1.0900000000e-01
m_ped_cxopt_f75_mv = 3.6000000000e-01
m_ped_cxopt_f100_mv = 6.8100000000e-01
m_gain_cxopt_lsb = 2.5963687504e-01
m_nl_cxopt_lsb = 3.1539138237e-02
m_nldiff_cxopt_lsb = 1.8064660610e-03
m_droop_cxopt_f00_uv = 3.0429000000e+00
m_droop_cxopt_f100_uv = -2.000000000e+00
m_gain_cx100pl_lsb = -5.317959173e-02
m_gain_cx1nl_lsb = -1.508519178e-01
m_gain_cxoptl_lsb = 2.5709733276e-01
m_ped_cxopth_f00_mv = -2.395613200e-01
m_ped_cxopth_f25_mv = -1.081000000e-01
m_ped_cxopth_f50_mv = 1.0900000000e-01
m_ped_cxopth_f75_mv = 3.6100000000e-01
m_ped_cxopth_f100_mv = 6.8100000000e-01
m_gain_cxopth_lsb = 2.5968451561e-01
m_nl_cxopth_lsb = 3.1515317950e-02
m_nldiff_cxopth_lsb = 2.4878799338e-03
m_droop_cxopth_f00_uv = 2.6918000000e+00
m_droop_cxopth_f100_uv = -1.000000000e+00
m_acqerr_cxopt_lsb = 2.8209366395e-04
m_gain_px1_lsb = 2.7696668460e-01
m_gain_px500_lsb = 3.6948026252e-01
m_ped_px250_f00_mv = -3.680006710e-01
m_ped_px250_f25_mv = -1.387000000e-01
m_ped_px250_f50_mv = 1.2800000000e-01
m_ped_px250_f75_mv = 4.2700000000e-01
m_ped_px250_f100_mv = 9.4000000000e-01
m_gain_px250_lsb = 3.6897870167e-01
m_nl_px250_lsb = 5.2469374170e-02
m_nldiff_px250_lsb = 2.4908965159e-02
m_droop_px250_f00_uv = 3.9156000000e+00
m_droop_px250_f100_uv = -3.000000000e+00
m_acqerr_px250_lsb = 5.6418732783e-03
Note: Simulation executed from .control section 

Warning: m=xx on .subckt line will override multiplier m hierarchy!

