
Note: Compatibility modes selected: hs a


Circuit: * track-switch-sampling @ fs_125c_3.30v -- generated by sim/harness, do not edit

Doing analysis at TEMP = 125.000000 and TNOM = 27.000000

Using SPARSE 1.3 as Direct Linear Solver

Initial Transient Solution
--------------------------

Node                                   Voltage
----                                   -------
vdd                                        3.3
nclk                                         0
nclkb                                      3.3
nin_f00                                      0
nin_f25                                  0.825
nin_f50                                   1.65
nin_f75                                  2.475
nin_f100                                   3.3
nin_step                                     0
ni_tg1_f00                         4.20818e-09
no_tg1_f00                         0.000153766
ni_tg1_f25                               0.825
no_tg1_f25                             1.63582
ni_tg1_f50                                1.65
no_tg1_f50                             1.63582
ni_tg1_f75                               2.475
no_tg1_f75                             1.63582
ni_tg1_f100                                3.3
no_tg1_f100                            3.28268
ni_tg4_f00                         6.90466e-09
no_tg4_f00                         6.29373e-05
ni_tg4_f25                               0.825
no_tg4_f25                             1.63582
ni_tg4_f50                                1.65
no_tg4_f50                             1.63582
ni_tg4_f75                               2.475
no_tg4_f75                             1.63582
ni_tg4_f100                                3.3
no_tg4_f100                            3.29614
ni_tg4dum_f00                      1.02139e-08
no_tg4dum_f00                      0.000123328
ni_tg4dum_f25                            0.825
no_tg4dum_f25                          1.64525
ni_tg4dum_f50                             1.65
no_tg4dum_f50                          1.64525
ni_tg4dum_f75                            2.475
no_tg4dum_f75                          1.64525
ni_tg4dum_f100                             3.3
no_tg4dum_f100                         3.28772
ni_s20_f00                         4.08556e-10
no_s20_f00                         0.000123318
ni_s20_f25                               0.825
no_s20_f25                             1.64525
ni_s20_f50                                1.65
no_s20_f50                             1.64525
ni_s20_f75                               2.475
no_s20_f75                             1.64525
ni_s20_f100                                3.3
no_s20_f100                            3.28772
ni_s10_f00                         2.04278e-10
no_s10_f00                         0.000123318
ni_s10_f100                                3.3
no_s10_f100                            3.28772
ni_s30_f00                         6.12834e-10
no_s30_f00                         0.000123318
ni_s30_f100                                3.3
no_s30_f100                            3.28772
ni_s50_f00                         1.02139e-09
no_s50_f00                         0.000123318
ni_s50_f100                                3.3
no_s50_f100                            3.28772
ni_s150_f00                        3.06417e-09
no_s150_f00                         0.00012332
ni_s150_f100                               3.3
no_s150_f100                           3.28772
ni_d70_f00                         1.02139e-08
no_d70_f00                         0.000123328
ni_d70_f100                                3.3
no_d70_f100                            3.28772
ni_d85_f00                         1.02139e-08
no_d85_f00                         0.000123328
ni_d85_f25                               0.825
no_d85_f25                             1.64525
ni_d85_f50                                1.65
no_d85_f50                             1.64525
ni_d85_f75                               2.475
no_d85_f75                             1.64525
ni_d85_f100                                3.3
no_d85_f100                            3.28772
ni_cx100p_f00                      1.02139e-08
no_cx100p_f00                      0.000123328
ni_cx100p_f100                             3.3
no_cx100p_f100                         3.28772
ni_cx1n_f00                        1.02139e-08
no_cx1n_f00                        0.000123328
ni_cx1n_f100                               3.3
no_cx1n_f100                           3.28772
ni_cxopt_f00                       5.10695e-10
no_cxopt_f00                       0.000123318
ni_cxopt_f25                             0.825
no_cxopt_f25                           1.64525
ni_cxopt_f50                              1.65
no_cxopt_f50                           1.64525
ni_cxopt_f75                             2.475
no_cxopt_f75                           1.64525
ni_cxopt_f100                              3.3
no_cxopt_f100                          3.28772
ni_cx100pl_f00                     5.10695e-10
no_cx100pl_f00                     0.000123318
ni_cx100pl_f100                            3.3
no_cx100pl_f100                        3.28772
ni_cx1nl_f00                       5.10695e-10
no_cx1nl_f00                       0.000123318
ni_cx1nl_f100                              3.3
no_cx1nl_f100                          3.28772
ni_cxopth_f00                      1.02139e-08
no_cxopth_f00                      0.000123328
ni_cxopth_f25                            0.825
no_cxopth_f25                          1.64525
ni_cxopth_f50                             1.65
no_cxopth_f50                          1.64525
ni_cxopth_f75                            2.475
no_cxopth_f75                          1.64525
ni_cxopth_f100                             3.3
no_cxopth_f100                         3.28772
ni_cxoptl_f00                      2.04278e-11
no_cxoptl_f00                      0.000123317
ni_cxoptl_f100                             3.3
no_cxoptl_f100                         3.28772
ni_px250_f00                       5.10695e-09
no_px250_f00                       0.000123322
ni_px250_f25                             0.825
no_px250_f25                           1.64525
ni_px250_f50                              1.65
no_px250_f50                           1.64525
ni_px250_f75                             2.475
no_px250_f75                           1.64525
ni_px250_f100                              3.3
no_px250_f100                          3.28772
ni_px1_f00                         2.04278e-11
no_px1_f00                         0.000123317
ni_px1_f100                                3.3
no_px1_f100                            3.28772
ni_px500_f00                       1.02139e-08
no_px500_f00                       0.000123328
ni_px500_f100                              3.3
no_px500_f100                          3.28772
ni_tg1_step                        4.20818e-09
no_tg1_step                        0.000153766
ni_cxopt_step                      5.10695e-10
no_cxopt_step                      0.000123318
ni_px250_step                      5.10695e-09
no_px250_step                      0.000123322
vin_step#branch                     4.9272e-11
vin_f100#branch                   -2.51563e-10
vin_f75#branch                       -1.32e-11
vin_f50#branch                     5.20237e-17
vin_f25#branch                     1.35987e-11
vin_f00#branch                     3.89926e-10
vclkb#branch                                 0
vclk#branch                                  0
vsup#branch                       -5.80241e-10

 Reference value :  0.00000e+00
 Reference value :  3.90044e-08
 Reference value :  1.03804e-07
 Reference value :  1.67604e-07
 Reference value :  2.31404e-07
 Reference value :  2.94804e-07
 Reference value :  3.38922e-07
 Reference value :  3.96322e-07
 Reference value :  4.58522e-07
 Reference value :  5.19122e-07
 Reference value :  5.77722e-07
 Reference value :  6.38322e-07
 Reference value :  6.97522e-07
 Reference value :  7.48518e-07
 Reference value :  8.08518e-07
 Reference value :  8.68718e-07
 Reference value :  9.29118e-07
 Reference value :  9.90318e-07
 Reference value :  1.02784e-06
 Reference value :  1.08964e-06
 Reference value :  1.15384e-06
 Reference value :  1.21244e-06
 Reference value :  1.27604e-06
 Reference value :  1.31792e-06
 Reference value :  1.38632e-06
 Reference value :  1.45512e-06
 Reference value :  1.52052e-06
 Reference value :  1.58592e-06
 Reference value :  1.65392e-06
 Reference value :  1.71352e-06
 Reference value :  1.77492e-06
 Reference value :  1.83512e-06
 Reference value :  1.89612e-06
 Reference value :  1.95652e-06
No. of Data Rows : 10235
vddm                =  3.30000e+00
pre_tg1_f00         =  3.93535e-09
post_tg1_f00        =  -1.07895e-03
end_tg1_f00         =  -1.07775e-03
pre_tg1_f25         =  8.25000e-01
post_tg1_f25        =  8.24365e-01
end_tg1_f25         =  8.24365e-01
pre_tg1_f50         =  1.65000e+00
post_tg1_f50        =  1.65037e+00
end_tg1_f50         =  1.65037e+00
pre_tg1_f75         =  2.47500e+00
post_tg1_f75        =  2.47647e+00
end_tg1_f75         =  2.47647e+00
pre_tg1_f100        =  3.30000e+00
post_tg1_f100       =  3.30272e+00
end_tg1_f100        =  3.30272e+00
pre_tg4_f00         =  3.46623e-09
post_tg4_f00        =  -4.84542e-03
end_tg4_f00         =  -4.82490e-03
pre_tg4_f25         =  8.25000e-01
post_tg4_f25        =  8.22095e-01
end_tg4_f25         =  8.22095e-01
pre_tg4_f50         =  1.65000e+00
post_tg4_f50        =  1.65174e+00
end_tg4_f50         =  1.65174e+00
pre_tg4_f75         =  2.47500e+00
post_tg4_f75        =  2.48187e+00
end_tg4_f75         =  2.48187e+00
pre_tg4_f100        =  3.30000e+00
post_tg4_f100       =  3.31258e+00
end_tg4_f100        =  3.31258e+00
pre_tg4dum_f00      =  9.05585e-09
post_tg4dum_f00     =  -2.07419e-03
end_tg4dum_f00      =  -2.06551e-03
pre_tg4dum_f25      =  8.25000e-01
post_tg4dum_f25     =  8.23855e-01
end_tg4dum_f25      =  8.23855e-01
pre_tg4dum_f50      =  1.65000e+00
post_tg4dum_f50     =  1.65074e+00
end_tg4dum_f50      =  1.65074e+00
pre_tg4dum_f75      =  2.47500e+00
post_tg4dum_f75     =  2.47731e+00
end_tg4dum_f75      =  2.47731e+00
pre_tg4dum_f100     =  3.30000e+00
post_tg4dum_f100    =  3.30499e+00
end_tg4dum_f100     =  3.30499e+00
acq_tg1             =  3.30000e+00
pre_s20_f00         =  9.75082e-10
post_s20_f00        =  -3.34548e-04
end_s20_f00         =  -3.32799e-04
pre_s20_f25         =  8.25000e-01
post_s20_f25        =  8.24903e-01
pre_s20_f50         =  1.65000e+00
post_s20_f50        =  1.65010e+00
pre_s20_f75         =  2.47500e+00
post_s20_f75        =  2.47519e+00
pre_s20_f100        =  3.30000e+00
post_s20_f100       =  3.30054e+00
end_s20_f100        =  3.30054e+00
pre_s10_f00         =  8.06732e-10
post_s10_f00        =  -1.28738e-04
pre_s10_f100        =  3.30000e+00
post_s10_f100       =  3.30013e+00
pre_s30_f00         =  1.14343e-09
post_s30_f00        =  -5.05548e-04
pre_s30_f100        =  3.30000e+00
post_s30_f100       =  3.30090e+00
pre_s50_f00         =  1.48013e-09
post_s50_f00        =  -7.74373e-04
pre_s50_f100        =  3.30000e+00
post_s50_f100       =  3.30149e+00
pre_s150_f00        =  3.16362e-09
post_s150_f00       =  -1.45965e-03
pre_s150_f100       =  3.30000e+00
post_s150_f100      =  3.30319e+00
pre_d70_f00         =  9.84281e-09
post_d70_f00        =  -9.73851e-04
pre_d70_f100        =  3.30000e+00
post_d70_f100       =  3.30199e+00
pre_d85_f00         =  1.04330e-08
post_d85_f00        =  -1.51414e-04
end_d85_f00         =  -1.50371e-04
pre_d85_f25         =  8.25000e-01
post_d85_f25        =  8.25075e-01
pre_d85_f50         =  1.65000e+00
post_d85_f50        =  1.65004e+00
pre_d85_f75         =  2.47500e+00
post_d85_f75        =  2.47416e+00
pre_d85_f100        =  3.30000e+00
post_d85_f100       =  3.29974e+00
end_d85_f100        =  3.29974e+00
pre_cx100p_f00      =  2.91971e-06
post_cx100p_f00     =  2.96478e-05
pre_cx100p_f100     =  3.29999e+00
post_cx100p_f100    =  3.29979e+00
pre_cx1n_f00        =  2.66171e-05
post_cx1n_f00       =  1.40921e-04
pre_cx1n_f100       =  3.29991e+00
post_cx1n_f100      =  3.29957e+00
pre_cxopt_f00       =  1.47095e-09
post_cxopt_f00      =  -1.89340e-04
end_cxopt_f00       =  -1.88150e-04
pre_cxopt_f25       =  8.25000e-01
post_cxopt_f25      =  8.24928e-01
pre_cxopt_f50       =  1.65000e+00
post_cxopt_f50      =  1.65008e+00
pre_cxopt_f75       =  2.47500e+00
post_cxopt_f75      =  2.47542e+00
pre_cxopt_f100      =  3.30000e+00
post_cxopt_f100     =  3.30056e+00
end_cxopt_f100      =  3.30056e+00
pre_cx100pl_f00     =  1.05926e-09
post_cx100pl_f00    =  3.51115e-05
pre_cx100pl_f100    =  3.30000e+00
post_cx100pl_f100   =  3.29979e+00
pre_cx1nl_f00       =  1.49541e-09
post_cx1nl_f00      =  1.14455e-04
pre_cx1nl_f100      =  3.30000e+00
post_cx1nl_f100     =  3.29966e+00
pre_cxoptl_f00      =  6.33555e-10
post_cxoptl_f00     =  -1.87362e-04
pre_cxoptl_f100     =  3.30000e+00
post_cxoptl_f100    =  3.30055e+00
pre_cxopth_f00      =  2.75135e-05
post_cxopth_f00     =  -1.61938e-04
end_cxopth_f00      =  -1.60908e-04
pre_cxopth_f25      =  8.26216e-01
post_cxopth_f25     =  8.26143e-01
pre_cxopth_f50      =  1.64998e+00
post_cxopth_f50     =  1.65006e+00
pre_cxopth_f75      =  2.47374e+00
post_cxopth_f75     =  2.47416e+00
pre_cxopth_f100     =  3.29991e+00
post_cxopth_f100    =  3.30047e+00
end_cxopth_f100     =  3.30047e+00
acq_cxopt           =  3.30000e+00
pre_px1_f00         =  6.33555e-10
post_px1_f00        =  -2.03796e-04
pre_px1_f100        =  3.30000e+00
post_px1_f100       =  3.30059e+00
pre_px500_f00       =  2.97073e-06
post_px500_f00      =  -2.75348e-04
pre_px500_f100      =  3.29999e+00
post_px500_f100     =  3.30069e+00
pre_px250_f00       =  2.45771e-08
post_px250_f00      =  -2.77791e-04
end_px250_f00       =  -2.76286e-04
pre_px250_f25       =  8.25000e-01
post_px250_f25      =  8.24901e-01
pre_px250_f50       =  1.65000e+00
post_px250_f50      =  1.65009e+00
pre_px250_f75       =  2.47500e+00
post_px250_f75      =  2.47544e+00
pre_px250_f100      =  3.30000e+00
post_px250_f100     =  3.30070e+00
end_px250_f100      =  3.30070e+00
acq_px250           =  3.29997e+00
m_ped_tg1_f00_mv = -1.078958935e+00
m_ped_tg1_f25_mv = -6.351000000e-01
m_ped_tg1_f50_mv = 3.7200000000e-01
m_ped_tg1_f75_mv = 1.4710000000e+00
m_ped_tg1_f100_mv = 2.7190000000e+00
m_gain_tg1_lsb = 1.1785181666e+00
m_nl_tg1_lsb = 1.5689876899e-01
m_nldiff_tg1_lsb = 6.4270128818e-02
m_droop_tg1_f00_uv = 1.2030000000e+00
m_droop_tg1_f100_uv = 0.0000000000e+00
m_ped_tg4_f00_mv = -4.845425466e+00
m_ped_tg4_f25_mv = -2.904800000e+00
m_ped_tg4_f50_mv = 1.7410000000e+00
m_ped_tg4_f75_mv = 6.8750000000e+00
m_ped_tg4_f100_mv = 1.2578000000e+01
m_gain_tg4_lsb = 5.4065417204e+00
m_nl_tg4_lsb = 7.4945346725e-01
m_nldiff_tg4_lsb = 3.3143071554e-01
m_droop_tg4_f00_uv = 2.0519000000e+01
m_droop_tg4_f100_uv = -9.999999997e-01
m_ped_tg4dum_f00_mv = -2.074195056e+00
m_ped_tg4dum_f25_mv = -1.144800000e+00
m_ped_tg4dum_f50_mv = 7.3700000000e-01
m_ped_tg4dum_f75_mv = 2.3130000000e+00
m_ped_tg4dum_f100_mv = 4.9920000000e+00
m_gain_tg4dum_lsb = 2.1926617385e+00
m_nl_tg4dum_lsb = 2.8313638355e-01
m_nldiff_tg4dum_lsb = 2.3365051090e-02
m_droop_tg4dum_f00_uv = 8.6710000000e+00
m_droop_tg4dum_f100_uv = -1.000000000e+00
m_acqerr_tg1_lsb = 0.0000000000e+00
m_gain_s20_lsb = 2.7137519712e-01
m_ped_s20_f00_mv = -3.345489751e-01
m_ped_s20_f25_mv = -9.740000000e-02
m_ped_s20_f50_mv = 1.0200000000e-01
m_ped_s20_f75_mv = 1.8700000000e-01
m_ped_s20_f100_mv = 5.4000000000e-01
m_nl_s20_lsb = 4.1693170418e-02
m_nldiff_s20_lsb = 4.7437416740e-02
m_droop_s20_f00_uv = 1.7494000000e+00
m_droop_s20_f100_uv = -9.999999997e-01
m_gain_s10_lsb = 7.9356402574e-02
m_gain_s30_lsb = 4.3552542826e-01
m_gain_s50_lsb = 7.0295241080e-01
m_gain_s150_lsb = 1.4424920944e+00
m_gain_d70_lsb = 9.1845369571e-01
m_gain_d85_lsb = -3.245023945e-02
m_ped_d85_f00_mv = -1.514240330e-01
m_ped_d85_f25_mv = 7.5300000000e-02
m_ped_d85_f50_mv = 4.3000000000e-02
m_ped_d85_f75_mv = -8.370000000e-01
m_ped_d85_f100_mv = -2.560000000e-01
m_nl_d85_lsb = 1.8839862047e-01
m_nldiff_d85_lsb = 2.6686433482e-01
m_droop_d85_f00_uv = 1.0426000000e+00
m_droop_d85_f100_uv = 0.0000000000e+00
m_gain_cx100p_lsb = -7.066470648e-02
m_gain_cx1n_lsb = -1.406617135e-01
m_ped_cxopt_f00_mv = -1.893410709e-01
m_ped_cxopt_f25_mv = -7.170000000e-02
m_ped_cxopt_f50_mv = 8.0000000000e-02
m_ped_cxopt_f75_mv = 4.1700000000e-01
m_ped_cxopt_f100_mv = 5.5800000000e-01
m_gain_cxopt_lsb = 2.3190219899e-01
m_nl_cxopt_lsb = 3.2373748992e-02
m_nldiff_cxopt_lsb = 3.5693991416e-02
m_droop_cxopt_f00_uv = 1.1897000000e+00
m_droop_cxopt_f100_uv = -1.000000000e+00
m_gain_cx100pl_lsb = -7.667911238e-02
m_gain_cx1nl_lsb = -1.410182065e-01
m_gain_cxoptl_lsb = 2.3035752993e-01
m_ped_cxopth_f00_mv = -1.894510600e-01
m_ped_cxopth_f25_mv = -7.280000000e-02
m_ped_cxopth_f50_mv = 7.9000000000e-02
m_ped_cxopth_f75_mv = 4.1800000000e-01
m_ped_cxopth_f100_mv = 5.5800000000e-01
m_gain_cxopth_lsb = 2.3193632892e-01
m_nl_cxopth_lsb = 3.2666987055e-02
m_nldiff_cxopth_lsb = 3.6328562812e-02
m_droop_cxopth_f00_uv = 1.0297000000e+00
m_droop_cxopth_f100_uv = 0.0000000000e+00
m_acqerr_cxopt_lsb = 3.1030303021e-04
m_gain_px1_lsb = 2.4476592362e-01
m_gain_px500_lsb = 3.0295472345e-01
m_ped_px250_f00_mv = -2.778159771e-01
m_ped_px250_f25_mv = -9.910000000e-02
m_ped_px250_f50_mv = 8.8000000000e-02
m_ped_px250_f75_mv = 4.4400000000e-01
m_ped_px250_f100_mv = 6.9700000000e-01
m_gain_px250_lsb = 3.0248835169e-01
m_nl_px250_lsb = 3.7730369612e-02
m_nldiff_px250_lsb = 1.7281399915e-02
m_droop_px250_f00_uv = 1.5059000000e+00
m_droop_px250_f100_uv = 0.0000000000e+00
m_acqerr_px250_lsb = 7.7575757576e-03
Note: Simulation executed from .control section 

Warning: m=xx on .subckt line will override multiplier m hierarchy!

