
Note: Compatibility modes selected: hs a


Circuit: * track-switch-sampling @ mim_ff_125c_3.63v -- generated by sim/harness, do not edit

Doing analysis at TEMP = 125.000000 and TNOM = 27.000000

Using SPARSE 1.3 as Direct Linear Solver

Initial Transient Solution
--------------------------

Node                                   Voltage
----                                   -------
vdd                                       3.63
nclk                                         0
nclkb                                     3.63
nin_f00                                      0
nin_f25                                 0.9075
nin_f50                                  1.815
nin_f75                                 2.7225
nin_f100                                  3.63
nin_step                                     0
ni_tg1_f00                         7.24349e-09
no_tg1_f00                          0.00125069
ni_tg1_f25                              0.9075
no_tg1_f25                             1.79942
ni_tg1_f50                               1.815
no_tg1_f50                             1.79942
ni_tg1_f75                              2.7225
no_tg1_f75                             1.79942
ni_tg1_f100                               3.63
no_tg1_f100                            3.62714
ni_tg4_f00                         1.80693e-08
no_tg4_f00                         0.000775545
ni_tg4_f25                              0.9075
no_tg4_f25                             1.79951
ni_tg4_f50                               1.815
no_tg4_f50                             1.79951
ni_tg4_f75                              2.7225
no_tg4_f75                             1.79951
ni_tg4_f100                               3.63
no_tg4_f100                            3.62929
ni_tg4dum_f00                      2.16995e-08
no_tg4dum_f00                        0.0010903
ni_tg4dum_f25                           0.9075
no_tg4dum_f25                           1.8098
ni_tg4dum_f50                            1.815
no_tg4dum_f50                           1.8098
ni_tg4dum_f75                           2.7225
no_tg4dum_f75                           1.8098
ni_tg4dum_f100                            3.63
no_tg4dum_f100                         3.62789
ni_s20_f00                          8.6798e-10
no_s20_f00                          0.00109027
ni_s20_f25                              0.9075
no_s20_f25                              1.8098
ni_s20_f50                               1.815
no_s20_f50                              1.8098
ni_s20_f75                              2.7225
no_s20_f75                              1.8098
ni_s20_f100                               3.63
no_s20_f100                            3.62789
ni_s10_f00                          4.3399e-10
no_s10_f00                          0.00109027
ni_s10_f100                               3.63
no_s10_f100                            3.62789
ni_s30_f00                         1.30197e-09
no_s30_f00                          0.00109028
ni_s30_f100                               3.63
no_s30_f100                            3.62789
ni_s50_f00                         2.16995e-09
no_s50_f00                          0.00109028
ni_s50_f100                               3.63
no_s50_f100                            3.62789
ni_s150_f00                        6.50985e-09
no_s150_f00                         0.00109028
ni_s150_f100                              3.63
no_s150_f100                           3.62789
ni_d70_f00                         2.16995e-08
no_d70_f00                           0.0010903
ni_d70_f100                               3.63
no_d70_f100                            3.62789
ni_d85_f00                         2.16995e-08
no_d85_f00                           0.0010903
ni_d85_f25                              0.9075
no_d85_f25                              1.8098
ni_d85_f50                               1.815
no_d85_f50                              1.8098
ni_d85_f75                              2.7225
no_d85_f75                              1.8098
ni_d85_f100                               3.63
no_d85_f100                            3.62789
ni_cx100p_f00                      2.16995e-08
no_cx100p_f00                        0.0010903
ni_cx100p_f100                            3.63
no_cx100p_f100                         3.62789
ni_cx1n_f00                        2.16995e-08
no_cx1n_f00                          0.0010903
ni_cx1n_f100                              3.63
no_cx1n_f100                           3.62789
ni_cxopt_f00                       1.08498e-09
no_cxopt_f00                        0.00109027
ni_cxopt_f25                            0.9075
no_cxopt_f25                            1.8098
ni_cxopt_f50                             1.815
no_cxopt_f50                            1.8098
ni_cxopt_f75                            2.7225
no_cxopt_f75                            1.8098
ni_cxopt_f100                             3.63
no_cxopt_f100                          3.62789
ni_cx100pl_f00                     1.08498e-09
no_cx100pl_f00                      0.00109027
ni_cx100pl_f100                           3.63
no_cx100pl_f100                        3.62789
ni_cx1nl_f00                       1.08498e-09
no_cx1nl_f00                        0.00109027
ni_cx1nl_f100                             3.63
no_cx1nl_f100                          3.62789
ni_cxopth_f00                      2.16995e-08
no_cxopth_f00                        0.0010903
ni_cxopth_f25                           0.9075
no_cxopth_f25                           1.8098
ni_cxopth_f50                            1.815
no_cxopth_f50                           1.8098
ni_cxopth_f75                           2.7225
no_cxopth_f75                           1.8098
ni_cxopth_f100                            3.63
no_cxopth_f100                         3.62789
ni_cxoptl_f00                       4.3399e-11
no_cxoptl_f00                       0.00109027
ni_cxoptl_f100                            3.63
no_cxoptl_f100                         3.62789
ni_px250_f00                       1.08498e-08
no_px250_f00                        0.00109028
ni_px250_f25                            0.9075
no_px250_f25                            1.8098
ni_px250_f50                             1.815
no_px250_f50                            1.8098
ni_px250_f75                            2.7225
no_px250_f75                            1.8098
ni_px250_f100                             3.63
no_px250_f100                          3.62789
ni_px1_f00                          4.3399e-11
no_px1_f00                          0.00109027
ni_px1_f100                               3.63
no_px1_f100                            3.62789
ni_px500_f00                       2.16995e-08
no_px500_f00                         0.0010903
ni_px500_f100                             3.63
no_px500_f100                          3.62789
ni_tg1_step                        7.24349e-09
no_tg1_step                         0.00125069
ni_cxopt_step                      1.08498e-09
no_cxopt_step                       0.00109027
ni_px250_step                      1.08498e-08
no_px250_step                       0.00109028
vin_step#branch                    1.01285e-10
vin_f100#branch                   -2.80085e-10
vin_f75#branch                    -1.45202e-11
vin_f50#branch                     1.32856e-15
vin_f25#branch                     1.71111e-11
vin_f00#branch                     8.31808e-10
vclkb#branch                                 0
vclk#branch                                  0
vsup#branch                        -1.0896e-09

 Reference value :  0.00000e+00
 Reference value :  4.26093e-08
 Reference value :  1.04809e-07
 Reference value :  1.67209e-07
 Reference value :  2.30409e-07
 Reference value :  2.91009e-07
 Reference value :  3.34463e-07
 Reference value :  3.92063e-07
 Reference value :  4.53863e-07
 Reference value :  5.16263e-07
 Reference value :  5.79863e-07
 Reference value :  6.42263e-07
 Reference value :  7.00046e-07
 Reference value :  7.59094e-07
 Reference value :  8.23894e-07
 Reference value :  8.87694e-07
 Reference value :  9.51894e-07
 Reference value :  1.00096e-06
 Reference value :  1.05417e-06
 Reference value :  1.11497e-06
 Reference value :  1.17837e-06
 Reference value :  1.23997e-06
 Reference value :  1.30013e-06
 Reference value :  1.34669e-06
 Reference value :  1.40869e-06
 Reference value :  1.46709e-06
 Reference value :  1.52549e-06
 Reference value :  1.58689e-06
 Reference value :  1.65109e-06
 Reference value :  1.71329e-06
 Reference value :  1.76949e-06
 Reference value :  1.83289e-06
 Reference value :  1.89589e-06
 Reference value :  1.96009e-06
No. of Data Rows : 10244
vddm                =  3.63000e+00
pre_tg1_f00         =  4.33720e-09
post_tg1_f00        =  -1.43344e-03
end_tg1_f00         =  -1.43282e-03
pre_tg1_f25         =  9.07500e-01
post_tg1_f25        =  9.06657e-01
end_tg1_f25         =  9.06657e-01
pre_tg1_f50         =  1.81500e+00
post_tg1_f50        =  1.81554e+00
end_tg1_f50         =  1.81554e+00
pre_tg1_f75         =  2.72250e+00
post_tg1_f75        =  2.72445e+00
end_tg1_f75         =  2.72445e+00
pre_tg1_f100        =  3.63000e+00
post_tg1_f100       =  3.63347e+00
end_tg1_f100        =  3.63347e+00
pre_tg4_f00         =  3.81412e-09
post_tg4_f00        =  -6.43207e-03
end_tg4_f00         =  -6.42477e-03
pre_tg4_f25         =  9.07500e-01
post_tg4_f25        =  9.03652e-01
end_tg4_f25         =  9.03652e-01
pre_tg4_f50         =  1.81500e+00
post_tg4_f50        =  1.81751e+00
end_tg4_f50         =  1.81751e+00
pre_tg4_f75         =  2.72250e+00
post_tg4_f75        =  2.73158e+00
end_tg4_f75         =  2.73158e+00
pre_tg4_f100        =  3.63000e+00
post_tg4_f100       =  3.64588e+00
end_tg4_f100        =  3.64587e+00
pre_tg4dum_f00      =  1.57170e-08
post_tg4dum_f00     =  -2.73798e-03
end_tg4dum_f00      =  -2.73440e-03
pre_tg4dum_f25      =  9.07500e-01
post_tg4dum_f25     =  9.06026e-01
end_tg4dum_f25      =  9.06027e-01
pre_tg4dum_f50      =  1.81500e+00
post_tg4dum_f50     =  1.81605e+00
end_tg4dum_f50      =  1.81605e+00
pre_tg4dum_f75      =  2.72250e+00
post_tg4dum_f75     =  2.72577e+00
end_tg4dum_f75      =  2.72577e+00
pre_tg4dum_f100     =  3.63000e+00
post_tg4dum_f100    =  3.63651e+00
end_tg4dum_f100     =  3.63651e+00
acq_tg1             =  3.63000e+00
pre_s20_f00         =  1.79358e-09
post_s20_f00        =  -4.16364e-04
end_s20_f00         =  -4.15007e-04
pre_s20_f25         =  9.07500e-01
post_s20_f25        =  9.07377e-01
pre_s20_f50         =  1.81500e+00
post_s20_f50        =  1.81515e+00
pre_s20_f75         =  2.72250e+00
post_s20_f75        =  2.72273e+00
pre_s20_f100        =  3.63000e+00
post_s20_f100       =  3.63078e+00
end_s20_f100        =  3.63078e+00
pre_s10_f00         =  1.50351e-09
post_s10_f00        =  -1.47586e-04
pre_s10_f100        =  3.63000e+00
post_s10_f100       =  3.63021e+00
pre_s30_f00         =  2.08365e-09
post_s30_f00        =  -6.40860e-04
pre_s30_f100        =  3.63000e+00
post_s30_f100       =  3.63127e+00
pre_s50_f00         =  2.66380e-09
post_s50_f00        =  -9.95782e-04
pre_s50_f100        =  3.63000e+00
post_s50_f100       =  3.63206e+00
pre_s150_f00        =  5.56451e-09
post_s150_f00       =  -1.90991e-03
pre_s150_f100       =  3.63000e+00
post_s150_f100      =  3.63428e+00
pre_d70_f00         =  1.88829e-08
post_d70_f00        =  -1.27155e-03
pre_d70_f100        =  3.63000e+00
post_d70_f100       =  3.63281e+00
pre_d85_f00         =  2.12573e-08
post_d85_f00        =  -1.75890e-04
end_d85_f00         =  -1.74757e-04
pre_d85_f25         =  9.07500e-01
post_d85_f25        =  9.07670e-01
pre_d85_f50         =  1.81500e+00
post_d85_f50        =  1.81503e+00
pre_d85_f75         =  2.72250e+00
post_d85_f75        =  2.72177e+00
pre_d85_f100        =  3.63000e+00
post_d85_f100       =  3.63004e+00
end_d85_f100        =  3.63004e+00
pre_cx100p_f00      =  3.31154e-06
post_cx100p_f00     =  5.71055e-05
pre_cx100p_f100     =  3.62999e+00
post_cx100p_f100    =  3.62977e+00
pre_cx1n_f00        =  3.33289e-05
post_cx1n_f00       =  2.00906e-04
pre_cx1n_f100       =  3.62992e+00
post_cx1n_f100      =  3.62948e+00
pre_cxopt_f00       =  2.33148e-09
post_cxopt_f00      =  -2.33464e-04
end_cxopt_f00       =  -2.32276e-04
pre_cxopt_f25       =  9.07500e-01
post_cxopt_f25      =  9.07392e-01
pre_cxopt_f50       =  1.81500e+00
post_cxopt_f50      =  1.81511e+00
pre_cxopt_f75       =  2.72250e+00
post_cxopt_f75      =  2.72291e+00
pre_cxopt_f100      =  3.63000e+00
post_cxopt_f100     =  3.63063e+00
end_cxopt_f100      =  3.63063e+00
pre_cx100pl_f00     =  1.93862e-09
post_cx100pl_f00    =  6.45871e-05
pre_cx100pl_f100    =  3.63000e+00
post_cx100pl_f100   =  3.62976e+00
pre_cx1nl_f00       =  2.45322e-09
post_cx1nl_f00      =  1.67760e-04
pre_cx1nl_f100      =  3.63000e+00
post_cx1nl_f100     =  3.62956e+00
pre_cxoptl_f00      =  1.15426e-09
post_cxoptl_f00     =  -2.30900e-04
pre_cxoptl_f100     =  3.63000e+00
post_cxoptl_f100    =  3.63063e+00
pre_cxopth_f00      =  3.44281e-05
post_cxopth_f00     =  -1.99171e-04
end_cxopth_f00      =  -1.98031e-04
pre_cxopth_f25      =  9.08702e-01
post_cxopth_f25     =  9.08593e-01
pre_cxopth_f50      =  1.81498e+00
post_cxopth_f50     =  1.81509e+00
pre_cxopth_f75      =  2.72125e+00
post_cxopth_f75     =  2.72167e+00
pre_cxopth_f100     =  3.62991e+00
post_cxopth_f100    =  3.63055e+00
end_cxopth_f100     =  3.63055e+00
acq_cxopt           =  3.63000e+00
pre_px1_f00         =  1.15426e-09
post_px1_f00        =  -2.52209e-04
pre_px1_f100        =  3.63000e+00
post_px1_f100       =  3.63067e+00
pre_px500_f00       =  3.37095e-06
post_px500_f00      =  -3.45823e-04
pre_px500_f100      =  3.62999e+00
post_px500_f100     =  3.63084e+00
pre_px250_f00       =  2.86150e-08
post_px250_f00      =  -3.48543e-04
end_px250_f00       =  -3.47267e-04
pre_px250_f25       =  9.07500e-01
post_px250_f25      =  9.07359e-01
pre_px250_f50       =  1.81500e+00
post_px250_f50      =  1.81512e+00
pre_px250_f75       =  2.72250e+00
post_px250_f75      =  2.72296e+00
pre_px250_f100      =  3.63000e+00
post_px250_f100     =  3.63085e+00
end_px250_f100      =  3.63085e+00
acq_px250           =  3.62998e+00
m_ped_tg1_f00_mv = -1.433442337e+00
m_ped_tg1_f25_mv = -8.431000000e-01
m_ped_tg1_f50_mv = 5.4200000000e-01
m_ped_tg1_f75_mv = 1.9500000000e+00
m_ped_tg1_f100_mv = 3.4680000000e+00
m_gain_tg1_lsb = 1.3826658274e+00
m_nl_tg1_lsb = 1.7913462397e-01
m_nldiff_tg1_lsb = 9.6582898995e-02
m_droop_tg1_f00_uv = 6.1700000000e-01
m_droop_tg1_f100_uv = -1.000000000e+00
m_ped_tg4_f00_mv = -6.432074814e+00
m_ped_tg4_f25_mv = -3.847700000e+00
m_ped_tg4_f50_mv = 2.5120000000e+00
m_ped_tg4_f75_mv = 9.0830000000e+00
m_ped_tg4_f100_mv = 1.5876000000e+01
m_gain_tg4_lsb = 6.2929665591e+00
m_nl_tg4_lsb = 8.4420587955e-01
m_nldiff_tg4_lsb = 5.0118526038e-01
m_droop_tg4_f00_uv = 7.3040000000e+00
m_droop_tg4_f100_uv = -4.000000000e+00
m_ped_tg4dum_f00_mv = -2.737999717e+00
m_ped_tg4dum_f25_mv = -1.473600000e+00
m_ped_tg4dum_f50_mv = 1.0460000000e+00
m_ped_tg4dum_f75_mv = 3.2750000000e+00
m_ped_tg4dum_f100_mv = 6.5120000000e+00
m_gain_tg4dum_lsb = 2.6093663114e+00
m_nl_tg4dum_lsb = 2.9566242902e-01
m_nldiff_tg4dum_lsb = 3.4866816773e-02
m_droop_tg4dum_f00_uv = 3.5840000000e+00
m_droop_tg4dum_f100_uv = -2.000000000e+00
m_acqerr_tg1_lsb = 0.0000000000e+00
m_gain_s20_lsb = 3.3692296634e-01
m_ped_s20_f00_mv = -4.163655936e-01
m_ped_s20_f25_mv = -1.226000000e-01
m_ped_s20_f50_mv = 1.4600000000e-01
m_ped_s20_f75_mv = 2.3400000000e-01
m_ped_s20_f100_mv = 7.7800000000e-01
m_nl_s20_lsb = 6.9228211582e-02
m_nldiff_s20_lsb = 6.7866882621e-02
m_droop_s20_f00_uv = 1.3567000000e+00
m_droop_s20_f100_uv = 0.0000000000e+00
m_gain_s10_lsb = 1.0087305620e-01
m_gain_s30_lsb = 5.3791379638e-01
m_gain_s50_lsb = 8.6286371651e-01
m_gain_s150_lsb = 1.7450073041e+00
m_gain_d70_lsb = 1.1502577565e+00
m_gain_d85_lsb = 6.1471243927e-02
m_ped_d85_f00_mv = -1.759107573e-01
m_ped_d85_f25_mv = 1.7020000000e-01
m_ped_d85_f50_mv = 3.5000000000e-02
m_ped_d85_f75_mv = -7.310000000e-01
m_ped_d85_f100_mv = 4.2000000000e-02
m_nl_d85_lsb = 2.0269059122e-01
m_nldiff_d85_lsb = 2.8495843188e-01
m_droop_d85_f00_uv = 1.1323000000e+00
m_droop_d85_f100_uv = -1.000000000e+00
m_gain_cx100p_lsb = -7.892811291e-02
m_gain_cx1n_lsb = -1.708295109e-01
m_ped_cxopt_f00_mv = -2.334666315e-01
m_ped_cxopt_f25_mv = -1.076000000e-01
m_ped_cxopt_f50_mv = 1.0900000000e-01
m_ped_cxopt_f75_mv = 4.1300000000e-01
m_ped_cxopt_f100_mv = 6.3200000000e-01
m_gain_cxopt_lsb = 2.4414265307e-01
m_nl_cxopt_lsb = 2.5529484030e-02
m_nldiff_cxopt_lsb = 2.4786634899e-02
m_droop_cxopt_f00_uv = 1.1881000000e+00
m_droop_cxopt_f100_uv = -9.999999997e-01
m_gain_cx100pl_lsb = -8.704992727e-02
m_gain_cx1nl_lsb = -1.708804504e-01
m_gain_cxoptl_lsb = 2.4200856451e-01
m_ped_cxopth_f00_mv = -2.335990300e-01
m_ped_cxopth_f25_mv = -1.088000000e-01
m_ped_cxopth_f50_mv = 1.0900000000e-01
m_ped_cxopth_f75_mv = 4.1400000000e-01
m_ped_cxopth_f100_mv = 6.3300000000e-01
m_gain_cxopth_lsb = 2.4446209552e-01
m_nl_cxopth_lsb = 2.5910508253e-02
m_nldiff_cxopth_lsb = 2.5247519736e-02
m_droop_cxopth_f00_uv = 1.1400000000e+00
m_droop_cxopth_f100_uv = -1.000000000e+00
m_acqerr_cxopt_lsb = 2.8209366395e-04
m_gain_px1_lsb = 2.6014955668e-01
m_gain_px500_lsb = 3.3772091324e-01
m_ped_px250_f00_mv = -3.485716150e-01
m_ped_px250_f25_mv = -1.409000000e-01
m_ped_px250_f50_mv = 1.2100000000e-01
m_ped_px250_f75_mv = 4.6300000000e-01
m_ped_px250_f100_mv = 8.4600000000e-01
m_gain_px250_lsb = 3.3698108369e-01
m_nl_px250_lsb = 3.6027364490e-02
m_nldiff_px250_lsb = 1.8658217904e-03
m_droop_px250_f00_uv = 1.2759000000e+00
m_droop_px250_f100_uv = 0.0000000000e+00
m_acqerr_px250_lsb = 5.9239669421e-03
Note: Simulation executed from .control section 

Warning: m=xx on .subckt line will override multiplier m hierarchy!

