
Note: Compatibility modes selected: hs a


Circuit: * track-switch-sampling @ sf_-40c_2.97v -- generated by sim/harness, do not edit

Doing analysis at TEMP = -40.000000 and TNOM = 27.000000

Using SPARSE 1.3 as Direct Linear Solver

Initial Transient Solution
--------------------------

Node                                   Voltage
----                                   -------
vdd                                       2.97
nclk                                         0
nclkb                                     2.97
nin_f00                                      0
nin_f25                                 0.7425
nin_f50                                  1.485
nin_f75                                 2.2275
nin_f100                                  2.97
nin_step                                     0
ni_tg1_f00                         1.70166e-09
no_tg1_f00                             1.47214
ni_tg1_f25                              0.7425
no_tg1_f25                             1.47221
ni_tg1_f50                               1.485
no_tg1_f50                             1.47221
ni_tg1_f75                              2.2275
no_tg1_f75                             1.47221
ni_tg1_f100                               2.97
no_tg1_f100                            1.47235
ni_tg4_f00                         2.33647e-09
no_tg4_f00                             1.47194
ni_tg4_f25                              0.7425
no_tg4_f25                             1.47221
ni_tg4_f50                               1.485
no_tg4_f50                             1.47221
ni_tg4_f75                              2.2275
no_tg4_f75                             1.47221
ni_tg4_f100                               2.97
no_tg4_f100                            1.47279
ni_tg4dum_f00                      2.33648e-09
no_tg4dum_f00                          1.48062
ni_tg4dum_f25                           0.7425
no_tg4dum_f25                          1.48071
ni_tg4dum_f50                            1.485
no_tg4dum_f50                          1.48071
ni_tg4dum_f75                           2.2275
no_tg4dum_f75                          1.48071
ni_tg4dum_f100                            2.97
no_tg4dum_f100                         1.48091
ni_s20_f00                         9.34591e-11
no_s20_f00                             1.48062
ni_s20_f25                              0.7425
no_s20_f25                             1.48071
ni_s20_f50                               1.485
no_s20_f50                             1.48071
ni_s20_f75                              2.2275
no_s20_f75                             1.48071
ni_s20_f100                               2.97
no_s20_f100                            1.48091
ni_s10_f00                         4.67295e-11
no_s10_f00                             1.48062
ni_s10_f100                               2.97
no_s10_f100                            1.48091
ni_s30_f00                         1.40189e-10
no_s30_f00                             1.48062
ni_s30_f100                               2.97
no_s30_f100                            1.48091
ni_s50_f00                         2.33648e-10
no_s50_f00                             1.48062
ni_s50_f100                               2.97
no_s50_f100                            1.48091
ni_s150_f00                        7.00943e-10
no_s150_f00                            1.48062
ni_s150_f100                              2.97
no_s150_f100                           1.48091
ni_d70_f00                         2.33648e-09
no_d70_f00                             1.48062
ni_d70_f100                               2.97
no_d70_f100                             1.4809
ni_d85_f00                         2.33648e-09
no_d85_f00                             1.48062
ni_d85_f25                              0.7425
no_d85_f25                             1.48071
ni_d85_f50                               1.485
no_d85_f50                             1.48071
ni_d85_f75                              2.2275
no_d85_f75                             1.48071
ni_d85_f100                               2.97
no_d85_f100                             1.4809
ni_cx100p_f00                      2.33648e-09
no_cx100p_f00                          1.48062
ni_cx100p_f100                            2.97
no_cx100p_f100                         1.48091
ni_cx1n_f00                        2.33648e-09
no_cx1n_f00                            1.48062
ni_cx1n_f100                              2.97
no_cx1n_f100                           1.48091
ni_cxopt_f00                       1.16824e-10
no_cxopt_f00                           1.48062
ni_cxopt_f25                            0.7425
no_cxopt_f25                           1.48071
ni_cxopt_f50                             1.485
no_cxopt_f50                           1.48071
ni_cxopt_f75                            2.2275
no_cxopt_f75                           1.48071
ni_cxopt_f100                             2.97
no_cxopt_f100                          1.48091
ni_cx100pl_f00                     1.16824e-10
no_cx100pl_f00                         1.48062
ni_cx100pl_f100                           2.97
no_cx100pl_f100                        1.48091
ni_cx1nl_f00                       1.16824e-10
no_cx1nl_f00                           1.48062
ni_cx1nl_f100                             2.97
no_cx1nl_f100                          1.48091
ni_cxopth_f00                      2.33648e-09
no_cxopth_f00                          1.48062
ni_cxopth_f25                           0.7425
no_cxopth_f25                          1.48071
ni_cxopth_f50                            1.485
no_cxopth_f50                          1.48071
ni_cxopth_f75                           2.2275
no_cxopth_f75                          1.48071
ni_cxopth_f100                            2.97
no_cxopth_f100                         1.48091
ni_cxoptl_f00                      4.67295e-12
no_cxoptl_f00                          1.48062
ni_cxoptl_f100                            2.97
no_cxoptl_f100                         1.48091
ni_px250_f00                       1.16824e-09
no_px250_f00                           1.48062
ni_px250_f25                            0.7425
no_px250_f25                           1.48071
ni_px250_f50                             1.485
no_px250_f50                           1.48071
ni_px250_f75                            2.2275
no_px250_f75                           1.48071
ni_px250_f100                             2.97
no_px250_f100                          1.48091
ni_px1_f00                         4.67295e-12
no_px1_f00                             1.48062
ni_px1_f100                               2.97
no_px1_f100                            1.48091
ni_px500_f00                       2.33648e-09
no_px500_f00                           1.48062
ni_px500_f100                             2.97
no_px500_f100                          1.48091
ni_tg1_step                        1.70166e-09
no_tg1_step                            1.47214
ni_cxopt_step                      1.16824e-10
no_cxopt_step                          1.48062
ni_px250_step                      1.16824e-09
no_px250_step                          1.48062
vin_step#branch                    1.27492e-11
vin_f100#branch                   -5.96217e-11
vin_f75#branch                      -1.188e-11
vin_f50#branch                    -7.51198e-18
vin_f25#branch                     1.20199e-11
vin_f00#branch                     9.21894e-11
vclkb#branch                                 0
vclk#branch                                  0
vsup#branch                       -4.09408e-10

 Reference value :  0.00000e+00
 Reference value :  4.23310e-08
 Reference value :  1.08331e-07
 Reference value :  1.74931e-07
 Reference value :  2.38331e-07
 Reference value :  3.00002e-07
 Reference value :  3.37339e-07
 Reference value :  4.01539e-07
 Reference value :  4.67139e-07
 Reference value :  5.27539e-07
 Reference value :  5.94539e-07
 Reference value :  6.58939e-07
 Reference value :  7.16071e-07
 Reference value :  7.79471e-07
 Reference value :  8.42071e-07
 Reference value :  9.03471e-07
 Reference value :  9.67871e-07
 Reference value :  1.00627e-06
 Reference value :  1.06527e-06
 Reference value :  1.12887e-06
 Reference value :  1.19307e-06
 Reference value :  1.25807e-06
 Reference value :  1.30499e-06
 Reference value :  1.35179e-06
 Reference value :  1.41339e-06
 Reference value :  1.47419e-06
 Reference value :  1.53999e-06
 Reference value :  1.60199e-06
 Reference value :  1.67199e-06
 Reference value :  1.74499e-06
 Reference value :  1.80979e-06
 Reference value :  1.87319e-06
 Reference value :  1.93699e-06
 Reference value :  1.99859e-06
No. of Data Rows : 10260
vddm                =  2.97000e+00
pre_tg1_f00         =  3.39709e-09
post_tg1_f00        =  -1.07359e-03
end_tg1_f00         =  -1.07347e-03
pre_tg1_f25         =  7.42500e-01
post_tg1_f25        =  7.41873e-01
end_tg1_f25         =  7.41873e-01
pre_tg1_f50         =  1.48500e+00
post_tg1_f50        =  1.48526e+00
end_tg1_f50         =  1.48526e+00
pre_tg1_f75         =  2.22750e+00
post_tg1_f75        =  2.22882e+00
end_tg1_f75         =  2.22882e+00
pre_tg1_f100        =  2.97000e+00
post_tg1_f100       =  2.97242e+00
end_tg1_f100        =  2.97242e+00
pre_tg4_f00         =  3.08414e-09
post_tg4_f00        =  -4.72738e-03
end_tg4_f00         =  -4.72722e-03
pre_tg4_f25         =  7.42500e-01
post_tg4_f25        =  7.39704e-01
end_tg4_f25         =  7.39704e-01
pre_tg4_f50         =  1.48500e+00
post_tg4_f50        =  1.48619e+00
end_tg4_f50         =  1.48619e+00
pre_tg4_f75         =  2.22750e+00
post_tg4_f75        =  2.23358e+00
end_tg4_f75         =  2.23358e+00
pre_tg4_f100        =  2.97000e+00
post_tg4_f100       =  2.98090e+00
end_tg4_f100        =  2.98090e+00
pre_tg4dum_f00      =  7.17783e-09
post_tg4dum_f00     =  -2.00310e-03
end_tg4dum_f00      =  -2.00273e-03
pre_tg4dum_f25      =  7.42500e-01
post_tg4dum_f25     =  7.41451e-01
end_tg4dum_f25      =  7.41451e-01
pre_tg4dum_f50      =  1.48500e+00
post_tg4dum_f50     =  1.48545e+00
end_tg4dum_f50      =  1.48545e+00
pre_tg4dum_f75      =  2.22750e+00
post_tg4dum_f75     =  2.22978e+00
end_tg4dum_f75      =  2.22978e+00
pre_tg4dum_f100     =  2.97000e+00
post_tg4dum_f100    =  2.97455e+00
end_tg4dum_f100     =  2.97455e+00
acq_tg1             =  2.97000e+00
pre_s20_f00         =  6.43822e-10
post_s20_f00        =  -3.01441e-04
end_s20_f00         =  -3.01071e-04
pre_s20_f25         =  7.42500e-01
post_s20_f25        =  7.42360e-01
pre_s20_f50         =  1.48500e+00
post_s20_f50        =  1.48508e+00
pre_s20_f75         =  2.22750e+00
post_s20_f75        =  2.22773e+00
pre_s20_f100        =  2.97000e+00
post_s20_f100       =  2.97056e+00
end_s20_f100        =  2.97056e+00
pre_s10_f00         =  5.07697e-10
post_s10_f00        =  -5.61903e-05
pre_s10_f100        =  2.97000e+00
post_s10_f100       =  2.97008e+00
pre_s30_f00         =  7.79948e-10
post_s30_f00        =  -4.96747e-04
pre_s30_f100        =  2.97000e+00
post_s30_f100       =  2.97096e+00
pre_s50_f00         =  1.05220e-09
post_s50_f00        =  -7.89484e-04
pre_s50_f100        =  2.97000e+00
post_s50_f100       =  2.97158e+00
pre_s150_f00        =  2.41345e-09
post_s150_f00       =  -1.46665e-03
pre_s150_f100       =  2.97000e+00
post_s150_f100      =  2.97315e+00
pre_d70_f00         =  7.53995e-09
post_d70_f00        =  -9.20096e-04
pre_d70_f100        =  2.97000e+00
post_d70_f100       =  2.97203e+00
pre_d85_f00         =  7.81153e-09
post_d85_f00        =  -1.10533e-04
end_d85_f00         =  -1.10164e-04
pre_d85_f25         =  7.42500e-01
post_d85_f25        =  7.42665e-01
pre_d85_f50         =  1.48500e+00
post_d85_f50        =  1.48495e+00
pre_d85_f75         =  2.22750e+00
post_d85_f75        =  2.22716e+00
pre_d85_f100        =  2.97000e+00
post_d85_f100       =  2.97016e+00
end_d85_f100        =  2.97016e+00
pre_cx100p_f00      =  4.48028e-06
post_cx100p_f00     =  1.55474e-04
pre_cx100p_f100     =  2.96999e+00
post_cx100p_f100    =  2.96968e+00
pre_cx1n_f00        =  2.18118e-03
post_cx1n_f00       =  2.42935e-03
pre_cx1n_f100       =  2.96777e+00
post_cx1n_f100      =  2.96728e+00
pre_cxopt_f00       =  1.14569e-09
post_cxopt_f00      =  -5.60493e-05
end_cxopt_f00       =  -5.56790e-05
pre_cxopt_f25       =  7.42500e-01
post_cxopt_f25      =  7.42411e-01
pre_cxopt_f50       =  1.48500e+00
post_cxopt_f50      =  1.48507e+00
pre_cxopt_f75       =  2.22750e+00
post_cxopt_f75      =  2.22775e+00
pre_cxopt_f100      =  2.97000e+00
post_cxopt_f100     =  2.97024e+00
end_cxopt_f100      =  2.97024e+00
pre_cx100pl_f00     =  7.11885e-10
post_cx100pl_f00    =  1.59192e-04
pre_cx100pl_f100    =  2.97000e+00
post_cx100pl_f100   =  2.96967e+00
pre_cx1nl_f00       =  1.15267e-09
post_cx1nl_f00      =  2.50599e-04
pre_cx1nl_f100      =  2.97000e+00
post_cx1nl_f100     =  2.96951e+00
pre_cxoptl_f00      =  3.77581e-10
post_cxoptl_f00     =  -5.40587e-05
pre_cxoptl_f100     =  2.97000e+00
post_cxoptl_f100    =  2.97024e+00
pre_cxopth_f00      =  2.18029e-03
post_cxopth_f00     =  2.12194e-03
end_cxopth_f00      =  2.12230e-03
pre_cxopth_f25      =  7.43592e-01
post_cxopth_f25     =  7.43502e-01
pre_cxopth_f50      =  1.48499e+00
post_cxopth_f50     =  1.48506e+00
pre_cxopth_f75      =  2.22637e+00
post_cxopth_f75     =  2.22663e+00
pre_cxopth_f100     =  2.96777e+00
post_cxopth_f100    =  2.96801e+00
end_cxopth_f100     =  2.96801e+00
acq_cxopt           =  2.97000e+00
pre_px1_f00         =  3.77581e-10
post_px1_f00        =  -7.56374e-05
pre_px1_f100        =  2.97000e+00
post_px1_f100       =  2.97028e+00
pre_px500_f00       =  4.51415e-06
post_px500_f00      =  -1.52158e-04
pre_px500_f100      =  2.96999e+00
post_px500_f100     =  2.97041e+00
pre_px250_f00       =  2.34646e-08
post_px250_f00      =  -1.56149e-04
end_px250_f00       =  -1.55779e-04
pre_px250_f25       =  7.42500e-01
post_px250_f25      =  7.42386e-01
pre_px250_f50       =  1.48500e+00
post_px250_f50      =  1.48508e+00
pre_px250_f75       =  2.22750e+00
post_px250_f75      =  2.22779e+00
pre_px250_f100      =  2.97000e+00
post_px250_f100     =  2.97042e+00
end_px250_f100      =  2.97042e+00
acq_px250           =  2.96998e+00
m_ped_tg1_f00_mv = -1.073591397e+00
m_ped_tg1_f25_mv = -6.269000000e-01
m_ped_tg1_f50_mv = 2.6200000000e-01
m_ped_tg1_f75_mv = 1.3240000000e+00
m_ped_tg1_f100_mv = 2.4230000000e+00
m_gain_tg1_lsb = 1.2055587847e+00
m_nl_tg1_lsb = 1.4737892493e-01
m_nldiff_tg1_lsb = 6.9854142993e-02
m_droop_tg1_f00_uv = 1.1900000000e-01
m_droop_tg1_f100_uv = 0.0000000000e+00
m_ped_tg4_f00_mv = -4.727386084e+00
m_ped_tg4_f25_mv = -2.795800000e+00
m_ped_tg4_f50_mv = 1.1870000000e+00
m_ped_tg4_f75_mv = 6.0790000000e+00
m_ped_tg4_f100_mv = 1.0901000000e+01
m_gain_tg4_lsb = 5.3883728452e+00
m_nl_tg4_lsb = 6.8111874996e-01
m_nldiff_tg4_lsb = 3.6567728112e-01
m_droop_tg4_f00_uv = 1.6500000000e-01
m_droop_tg4_f100_uv = 0.0000000000e+00
m_ped_tg4dum_f00_mv = -2.003105178e+00
m_ped_tg4dum_f25_mv = -1.048700000e+00
m_ped_tg4dum_f50_mv = 4.5300000000e-01
m_ped_tg4dum_f75_mv = 2.2810000000e+00
m_ped_tg4dum_f100_mv = 4.5500000000e+00
m_gain_tg4dum_lsb = 2.2593871051e+00
m_nl_tg4dum_lsb = 2.8287479763e-01
m_nldiff_tg4dum_lsb = 1.8324225236e-02
m_droop_tg4dum_f00_uv = 3.7100000000e-01
m_droop_tg4dum_f100_uv = 0.0000000000e+00
m_acqerr_tg1_lsb = 0.0000000000e+00
m_gain_s20_lsb = 2.9838792622e-01
m_ped_s20_f00_mv = -3.014415438e-01
m_ped_s20_f25_mv = -1.403000000e-01
m_ped_s20_f50_mv = 8.1000000000e-02
m_ped_s20_f75_mv = 2.3100000000e-01
m_ped_s20_f100_mv = 5.6400000000e-01
m_nl_s20_lsb = 4.0215139657e-02
m_nldiff_s20_lsb = 2.1176724053e-02
m_droop_s20_f00_uv = 3.7030000000e-01
m_droop_s20_f100_uv = -1.000000000e+00
m_gain_s10_lsb = 4.7990379812e-02
m_gain_s30_lsb = 5.0260377598e-01
m_gain_s50_lsb = 8.1729872237e-01
m_gain_s150_lsb = 1.5913902678e+00
m_gain_d70_lsb = 1.0185191658e+00
m_gain_d85_lsb = 9.1898142697e-02
m_ped_d85_f00_mv = -1.105405115e-01
m_ped_d85_f25_mv = 1.6470000000e-01
m_ped_d85_f50_mv = -5.300000000e-02
m_ped_d85_f75_mv = -3.440000000e-01
m_ped_d85_f100_mv = 1.5600000000e-01
m_nl_d85_lsb = 1.4941603672e-01
m_nldiff_d85_lsb = 2.2133923970e-01
m_droop_d85_f00_uv = 3.6880000000e-01
m_droop_d85_f100_uv = 0.0000000000e+00
m_gain_cx100p_lsb = -1.606660196e-01
m_gain_cx1n_lsb = -2.545074424e-01
m_ped_cxopt_f00_mv = -5.605043569e-02
m_ped_cxopt_f25_mv = -8.920000000e-02
m_ped_cxopt_f50_mv = 7.2000000000e-02
m_ped_cxopt_f75_mv = 2.5300000000e-01
m_ped_cxopt_f100_mv = 2.4400000000e-01
m_gain_cxopt_lsb = 1.0345173271e-01
m_nl_cxopt_lsb = 3.7292277908e-02
m_nldiff_cxopt_lsb = 6.6258241389e-02
m_droop_cxopt_f00_uv = 3.7031000000e-01
m_droop_cxopt_f100_uv = -1.000000000e+00
m_gain_cx100pl_lsb = -1.683190478e-01
m_gain_cx1nl_lsb = -2.560337359e-01
m_gain_cxoptl_lsb = 1.0138601851e-01
m_ped_cxopth_f00_mv = -5.834900000e-02
m_ped_cxopth_f25_mv = -9.020000000e-02
m_ped_cxopth_f50_mv = 7.2000000000e-02
m_ped_cxopth_f75_mv = 2.5300000000e-01
m_ped_cxopth_f100_mv = 2.4600000000e-01
m_gain_cxopth_lsb = 1.0493379663e-01
m_nl_cxopth_lsb = 3.7215073401e-02
m_nldiff_cxopth_lsb = 6.5861990572e-02
m_droop_cxopth_f00_uv = 3.6400000000e-01
m_droop_cxopth_f100_uv = -1.000000000e+00
m_acqerr_cxopt_lsb = 0.0000000000e+00
m_gain_px1_lsb = 1.2227240859e-01
m_gain_px500_lsb = 1.9986009574e-01
m_ped_px250_f00_mv = -1.561728646e-01
m_ped_px250_f25_mv = -1.144000000e-01
m_ped_px250_f50_mv = 7.5000000000e-02
m_ped_px250_f75_mv = 2.9100000000e-01
m_ped_px250_f100_mv = 4.2200000000e-01
m_gain_px250_lsb = 1.9934310215e-01
m_nl_px250_lsb = 3.5433279449e-02
m_nldiff_px250_lsb = 4.0102725020e-02
m_droop_px250_f00_uv = 3.7020000000e-01
m_droop_px250_f100_uv = -1.000000000e+00
m_acqerr_px250_lsb = 7.2404040403e-03
Note: Simulation executed from .control section 

Warning: m=xx on .subckt line will override multiplier m hierarchy!

