
Note: Compatibility modes selected: hs a


Circuit: * track-switch-sampling @ ss_125c_2.97v -- generated by sim/harness, do not edit

Doing analysis at TEMP = 125.000000 and TNOM = 27.000000

Using SPARSE 1.3 as Direct Linear Solver

Initial Transient Solution
--------------------------

Node                                   Voltage
----                                   -------
vdd                                       2.97
nclk                                         0
nclkb                                     2.97
nin_f00                                      0
nin_f25                                 0.7425
nin_f50                                  1.485
nin_f75                                 2.2275
nin_f100                                  2.97
nin_step                                     0
ni_tg1_f00                         3.13769e-09
no_tg1_f00                          0.00411231
ni_tg1_f25                              0.7425
no_tg1_f25                             1.47223
ni_tg1_f50                               1.485
no_tg1_f50                             1.47223
ni_tg1_f75                              2.2275
no_tg1_f75                             1.47223
ni_tg1_f100                               2.97
no_tg1_f100                            2.93935
ni_tg4_f00                         3.63308e-09
no_tg4_f00                          0.00115931
ni_tg4_f25                              0.7425
no_tg4_f25                             1.47223
ni_tg4_f50                               1.485
no_tg4_f50                             1.47223
ni_tg4_f75                              2.2275
no_tg4_f75                             1.47223
ni_tg4_f100                               2.97
no_tg4_f100                            2.96389
ni_tg4dum_f00                      6.60076e-09
no_tg4dum_f00                       0.00310511
ni_tg4dum_f25                           0.7425
no_tg4dum_f25                          1.48072
ni_tg4dum_f50                            1.485
no_tg4dum_f50                          1.48072
ni_tg4dum_f75                           2.2275
no_tg4dum_f75                          1.48072
ni_tg4dum_f100                            2.97
no_tg4dum_f100                         2.94937
ni_s20_f00                         2.64031e-10
no_s20_f00                          0.00310511
ni_s20_f25                              0.7425
no_s20_f25                             1.48072
ni_s20_f50                               1.485
no_s20_f50                             1.48072
ni_s20_f75                              2.2275
no_s20_f75                             1.48072
ni_s20_f100                               2.97
no_s20_f100                            2.94937
ni_s10_f00                         1.32015e-10
no_s10_f00                          0.00310511
ni_s10_f100                               2.97
no_s10_f100                            2.94937
ni_s30_f00                         3.96046e-10
no_s30_f00                          0.00310511
ni_s30_f100                               2.97
no_s30_f100                            2.94937
ni_s50_f00                         6.60076e-10
no_s50_f00                          0.00310511
ni_s50_f100                               2.97
no_s50_f100                            2.94937
ni_s150_f00                        1.98023e-09
no_s150_f00                         0.00310511
ni_s150_f100                              2.97
no_s150_f100                           2.94937
ni_d70_f00                         6.60076e-09
no_d70_f00                          0.00310511
ni_d70_f100                               2.97
no_d70_f100                            2.94937
ni_d85_f00                         6.60076e-09
no_d85_f00                          0.00310511
ni_d85_f25                              0.7425
no_d85_f25                             1.48072
ni_d85_f50                               1.485
no_d85_f50                             1.48072
ni_d85_f75                              2.2275
no_d85_f75                             1.48072
ni_d85_f100                               2.97
no_d85_f100                            2.94937
ni_cx100p_f00                      6.60076e-09
no_cx100p_f00                       0.00310511
ni_cx100p_f100                            2.97
no_cx100p_f100                         2.94937
ni_cx1n_f00                        6.60076e-09
no_cx1n_f00                         0.00310511
ni_cx1n_f100                              2.97
no_cx1n_f100                           2.94937
ni_cxopt_f00                       3.30038e-10
no_cxopt_f00                        0.00310511
ni_cxopt_f25                            0.7425
no_cxopt_f25                           1.48072
ni_cxopt_f50                             1.485
no_cxopt_f50                           1.48072
ni_cxopt_f75                            2.2275
no_cxopt_f75                           1.48072
ni_cxopt_f100                             2.97
no_cxopt_f100                          2.94937
ni_cx100pl_f00                     3.30038e-10
no_cx100pl_f00                      0.00310511
ni_cx100pl_f100                           2.97
no_cx100pl_f100                        2.94937
ni_cx1nl_f00                       3.30038e-10
no_cx1nl_f00                        0.00310511
ni_cx1nl_f100                             2.97
no_cx1nl_f100                          2.94937
ni_cxopth_f00                      6.60076e-09
no_cxopth_f00                       0.00310511
ni_cxopth_f25                           0.7425
no_cxopth_f25                          1.48072
ni_cxopth_f50                            1.485
no_cxopth_f50                          1.48072
ni_cxopth_f75                           2.2275
no_cxopth_f75                          1.48072
ni_cxopth_f100                            2.97
no_cxopth_f100                         2.94937
ni_cxoptl_f00                      1.32015e-11
no_cxoptl_f00                       0.00310511
ni_cxoptl_f100                            2.97
no_cxoptl_f100                         2.94937
ni_px250_f00                       3.30038e-09
no_px250_f00                        0.00310511
ni_px250_f25                            0.7425
no_px250_f25                           1.48072
ni_px250_f50                             1.485
no_px250_f50                           1.48072
ni_px250_f75                            2.2275
no_px250_f75                           1.48072
ni_px250_f100                             2.97
no_px250_f100                          2.94937
ni_px1_f00                         1.32015e-11
no_px1_f00                          0.00310511
ni_px1_f100                               2.97
no_px1_f100                            2.94937
ni_px500_f00                       6.60076e-09
no_px500_f00                        0.00310511
ni_px500_f100                             2.97
no_px500_f100                          2.94937
ni_tg1_step                        3.13769e-09
no_tg1_step                         0.00411231
ni_cxopt_step                      3.30038e-10
no_cxopt_step                       0.00310511
ni_px250_step                      3.30038e-09
no_px250_step                       0.00310511
vin_step#branch                    3.26784e-11
vin_f100#branch                   -2.24949e-10
vin_f75#branch                      -1.188e-11
vin_f50#branch                    -1.45085e-18
vin_f25#branch                       1.192e-11
vin_f00#branch                     2.51169e-10
vclkb#branch                                 0
vclk#branch                                  0
vsup#branch                       -4.11429e-10

 Reference value :  0.00000e+00
 Reference value :  4.26345e-08
 Reference value :  1.07635e-07
 Reference value :  1.69835e-07
 Reference value :  2.30035e-07
 Reference value :  2.90235e-07
 Reference value :  3.39157e-07
 Reference value :  4.03357e-07
 Reference value :  4.65957e-07
 Reference value :  5.25957e-07
 Reference value :  5.88157e-07
 Reference value :  6.51957e-07
 Reference value :  7.08744e-07
 Reference value :  7.72544e-07
 Reference value :  8.37144e-07
 Reference value :  9.01144e-07
 Reference value :  9.62944e-07
 Reference value :  1.00806e-06
 Reference value :  1.06706e-06
 Reference value :  1.12846e-06
 Reference value :  1.18706e-06
 Reference value :  1.24586e-06
 Reference value :  1.30162e-06
 Reference value :  1.39317e-06
 Reference value :  1.45257e-06
 Reference value :  1.50997e-06
 Reference value :  1.56717e-06
 Reference value :  1.62437e-06
 Reference value :  1.68457e-06
 Reference value :  1.74457e-06
 Reference value :  1.80897e-06
 Reference value :  1.86997e-06
 Reference value :  1.92737e-06
 Reference value :  1.98937e-06
No. of Data Rows : 10226
vddm                =  2.97000e+00
pre_tg1_f00         =  3.67775e-09
post_tg1_f00        =  -8.88677e-04
end_tg1_f00         =  -8.88554e-04
pre_tg1_f25         =  7.42500e-01
post_tg1_f25        =  7.41993e-01
end_tg1_f25         =  7.41993e-01
pre_tg1_f50         =  1.48500e+00
post_tg1_f50        =  1.48519e+00
end_tg1_f50         =  1.48519e+00
pre_tg1_f75         =  2.22750e+00
post_tg1_f75        =  2.22857e+00
end_tg1_f75         =  2.22857e+00
pre_tg1_f100        =  2.97000e+00
post_tg1_f100       =  2.97203e+00
end_tg1_f100        =  2.97203e+00
pre_tg4_f00         =  3.15410e-09
post_tg4_f00        =  -4.06027e-03
end_tg4_f00         =  -4.05972e-03
pre_tg4_f25         =  7.42500e-01
post_tg4_f25        =  7.40156e-01
end_tg4_f25         =  7.40156e-01
pre_tg4_f50         =  1.48500e+00
post_tg4_f50        =  1.48589e+00
end_tg4_f50         =  1.48589e+00
pre_tg4_f75         =  2.22750e+00
post_tg4_f75        =  2.23250e+00
end_tg4_f75         =  2.23250e+00
pre_tg4_f100        =  2.97000e+00
post_tg4_f100       =  2.97948e+00
end_tg4_f100        =  2.97948e+00
pre_tg4dum_f00      =  6.84869e-09
post_tg4dum_f00     =  -1.64756e-03
end_tg4dum_f00      =  -1.64709e-03
pre_tg4dum_f25      =  7.42500e-01
post_tg4dum_f25     =  7.41667e-01
end_tg4dum_f25      =  7.41667e-01
pre_tg4dum_f50      =  1.48500e+00
post_tg4dum_f50     =  1.48535e+00
end_tg4dum_f50      =  1.48535e+00
pre_tg4dum_f75      =  2.22750e+00
post_tg4dum_f75     =  2.22911e+00
end_tg4dum_f75      =  2.22911e+00
pre_tg4dum_f100     =  2.97000e+00
post_tg4dum_f100    =  2.97366e+00
end_tg4dum_f100     =  2.97366e+00
acq_tg1             =  2.97000e+00
pre_s20_f00         =  8.12142e-10
post_s20_f00        =  -2.23047e-04
end_s20_f00         =  -2.22722e-04
pre_s20_f25         =  7.42500e-01
post_s20_f25        =  7.42419e-01
pre_s20_f50         =  1.48500e+00
post_s20_f50        =  1.48504e+00
pre_s20_f75         =  2.22750e+00
post_s20_f75        =  2.22763e+00
pre_s20_f100        =  2.97000e+00
post_s20_f100       =  2.97037e+00
end_s20_f100        =  2.97037e+00
pre_s10_f00         =  6.86381e-10
post_s10_f00        =  -7.17386e-05
pre_s10_f100        =  2.97000e+00
post_s10_f100       =  2.97008e+00
pre_s30_f00         =  9.37904e-10
post_s30_f00        =  -3.51166e-04
pre_s30_f100        =  2.97000e+00
post_s30_f100       =  2.97062e+00
pre_s50_f00         =  1.18943e-09
post_s50_f00        =  -5.57228e-04
pre_s50_f100        =  2.97000e+00
post_s50_f100       =  2.97104e+00
pre_s150_f00        =  2.44704e-09
post_s150_f00       =  -1.11078e-03
pre_s150_f100       =  2.97000e+00
post_s150_f100      =  2.97228e+00
pre_d70_f00         =  6.99529e-09
post_d70_f00        =  -6.88225e-04
pre_d70_f100        =  2.97000e+00
post_d70_f100       =  2.97135e+00
pre_d85_f00         =  7.10524e-09
post_d85_f00        =  2.88664e-05
end_d85_f00         =  2.91651e-05
pre_d85_f25         =  7.42500e-01
post_d85_f25        =  7.42716e-01
pre_d85_f50         =  1.48500e+00
post_d85_f50        =  1.48497e+00
pre_d85_f75         =  2.22750e+00
post_d85_f75        =  2.22677e+00
pre_d85_f100        =  2.97000e+00
post_d85_f100       =  2.96963e+00
end_d85_f100        =  2.96963e+00
pre_cx100p_f00      =  3.00817e-06
post_cx100p_f00     =  5.32417e-05
pre_cx100p_f100     =  2.96999e+00
post_cx100p_f100    =  2.96984e+00
pre_cx1n_f00        =  3.01689e-05
post_cx1n_f00       =  1.34263e-04
pre_cx1n_f100       =  2.96991e+00
post_cx1n_f100      =  2.96967e+00
pre_cxopt_f00       =  1.30285e-09
post_cxopt_f00      =  -1.78552e-04
end_cxopt_f00       =  -1.78231e-04
pre_cxopt_f25       =  7.42500e-01
post_cxopt_f25      =  7.42377e-01
pre_cxopt_f50       =  1.48500e+00
post_cxopt_f50      =  1.48506e+00
pre_cxopt_f75       =  2.22750e+00
post_cxopt_f75      =  2.22784e+00
pre_cxopt_f100      =  2.97000e+00
post_cxopt_f100     =  2.97046e+00
end_cxopt_f100      =  2.97046e+00
pre_cx100pl_f00     =  8.75023e-10
post_cx100pl_f00    =  5.48161e-05
pre_cx100pl_f100    =  2.97000e+00
post_cx100pl_f100   =  2.96984e+00
pre_cx1nl_f00       =  1.30563e-09
post_cx1nl_f00      =  1.04190e-04
pre_cx1nl_f100      =  2.97000e+00
post_cx1nl_f100     =  2.96976e+00
pre_cxoptl_f00      =  5.68321e-10
post_cxoptl_f00     =  -1.77475e-04
pre_cxoptl_f100     =  2.97000e+00
post_cxoptl_f100    =  2.97046e+00
pre_cxopth_f00      =  3.08430e-05
post_cxopth_f00     =  -1.47772e-04
end_cxopth_f00      =  -1.47457e-04
pre_cxopth_f25      =  7.43711e-01
post_cxopth_f25     =  7.43587e-01
pre_cxopth_f50      =  1.48499e+00
post_cxopth_f50     =  1.48504e+00
pre_cxopth_f75      =  2.22625e+00
post_cxopth_f75     =  2.22659e+00
pre_cxopth_f100     =  2.96990e+00
post_cxopth_f100    =  2.97037e+00
end_cxopth_f100     =  2.97037e+00
acq_cxopt           =  2.97000e+00
pre_px1_f00         =  5.68321e-10
post_px1_f00        =  -1.89093e-04
pre_px1_f100        =  2.97000e+00
post_px1_f100       =  2.97048e+00
pre_px500_f00       =  3.03488e-06
post_px500_f00      =  -2.29858e-04
pre_px500_f100      =  2.96999e+00
post_px500_f100     =  2.97055e+00
pre_px250_f00       =  2.59956e-08
post_px250_f00      =  -2.32599e-04
end_px250_f00       =  -2.32280e-04
pre_px250_f25       =  7.42500e-01
post_px250_f25      =  7.42364e-01
pre_px250_f50       =  1.48500e+00
post_px250_f50      =  1.48506e+00
pre_px250_f75       =  2.22750e+00
post_px250_f75      =  2.22785e+00
pre_px250_f100      =  2.97000e+00
post_px250_f100     =  2.97055e+00
end_px250_f100      =  2.97055e+00
acq_px250           =  2.96997e+00
m_ped_tg1_f00_mv = -8.886802778e-01
m_ped_tg1_f25_mv = -5.071000000e-01
m_ped_tg1_f50_mv = 1.8600000000e-01
m_ped_tg1_f75_mv = 1.0660000000e+00
m_ped_tg1_f100_mv = 2.0330000000e+00
m_gain_tg1_lsb = 1.0073402708e+00
m_nl_tg1_lsb = 1.3314063899e-01
m_nldiff_tg1_lsb = 3.8705083431e-02
m_droop_tg1_f00_uv = 1.2280000000e-01
m_droop_tg1_f100_uv = 0.0000000000e+00
m_ped_tg4_f00_mv = -4.060277154e+00
m_ped_tg4_f25_mv = -2.344000000e+00
m_ped_tg4_f50_mv = 8.9200000000e-01
m_ped_tg4_f75_mv = 5.0000000000e+00
m_ped_tg4_f100_mv = 9.4810000000e+00
m_gain_tg4_lsb = 4.6687770390e+00
m_nl_tg4_lsb = 6.2693673303e-01
m_nldiff_tg4_lsb = 1.9768420778e-01
m_droop_tg4_f00_uv = 5.5700000000e-01
m_droop_tg4_f100_uv = 0.0000000000e+00
m_ped_tg4dum_f00_mv = -1.647569849e+00
m_ped_tg4dum_f25_mv = -8.335000000e-01
m_ped_tg4dum_f50_mv = 3.4900000000e-01
m_ped_tg4dum_f75_mv = 1.6130000000e+00
m_ped_tg4dum_f100_mv = 3.6610000000e+00
m_gain_tg4dum_lsb = 1.8302947896e+00
m_nl_tg4dum_lsb = 2.4853808712e-01
m_nldiff_tg4dum_lsb = 7.1640324085e-02
m_droop_tg4dum_f00_uv = 4.7300000000e-01
m_droop_tg4dum_f100_uv = -1.000000000e+00
m_acqerr_tg1_lsb = 0.0000000000e+00
m_gain_s20_lsb = 2.0412706035e-01
m_ped_s20_f00_mv = -2.230482121e-01
m_ped_s20_f25_mv = -8.070000000e-02
m_ped_s20_f50_mv = 4.2000000000e-02
m_ped_s20_f75_mv = 1.3100000000e-01
m_ped_s20_f100_mv = 3.6900000000e-01
m_nl_s20_lsb = 3.1026147371e-02
m_nldiff_s20_lsb = 2.9073361824e-02
m_droop_s20_f00_uv = 3.2550000000e-01
m_droop_s20_f100_uv = 0.0000000000e+00
m_gain_s10_lsb = 5.3351205540e-02
m_gain_s30_lsb = 3.3484018654e-01
m_gain_s50_lsb = 5.5069443945e-01
m_gain_s150_lsb = 1.1694226349e+00
m_gain_d70_lsb = 7.0412298181e-01
m_gain_d85_lsb = -1.368295916e-01
m_ped_d85_f00_mv = 2.8859264758e-02
m_ped_d85_f25_mv = 2.1580000000e-01
m_ped_d85_f50_mv = -2.700000000e-02
m_ped_d85_f75_mv = -7.300000000e-01
m_ped_d85_f100_mv = -3.680000000e-01
m_nl_d85_lsb = 1.5901817232e-01
m_nldiff_d85_lsb = 2.5767921092e-01
m_droop_d85_f00_uv = 2.9874000000e-01
m_droop_d85_f100_uv = 0.0000000000e+00
m_gain_cx100p_lsb = -6.869195835e-02
m_gain_cx1n_lsb = -1.176026902e-01
m_ped_cxopt_f00_mv = -1.785529028e-01
m_ped_cxopt_f25_mv = -1.232000000e-01
m_ped_cxopt_f50_mv = 5.7000000000e-02
m_ped_cxopt_f75_mv = 3.3900000000e-01
m_ped_cxopt_f100_mv = 4.6400000000e-01
m_gain_cxopt_lsb = 2.2154012543e-01
m_nl_cxopt_lsb = 3.6300394146e-02
m_nldiff_cxopt_lsb = 4.8587782405e-02
m_droop_cxopt_f00_uv = 3.2030000000e-01
m_droop_cxopt_f100_uv = 0.0000000000e+00
m_gain_cx100pl_lsb = -7.268512495e-02
m_gain_cx1nl_lsb = -1.176352907e-01
m_gain_cxoptl_lsb = 2.2047894611e-01
m_ped_cxopth_f00_mv = -1.786153500e-01
m_ped_cxopth_f25_mv = -1.240000000e-01
m_ped_cxopth_f50_mv = 5.7000000000e-02
m_ped_cxopth_f75_mv = 3.4000000000e-01
m_ped_cxopth_f100_mv = 4.6400000000e-01
m_gain_cxopth_lsb = 2.2156165603e-01
m_nl_cxopth_lsb = 3.6560071111e-02
m_nldiff_cxopth_lsb = 4.9197623165e-02
m_droop_cxopth_f00_uv = 3.1540000000e-01
m_droop_cxopth_f100_uv = 0.0000000000e+00
m_acqerr_cxopt_lsb = 3.4478114468e-04
m_gain_px1_lsb = 2.3172529332e-01
m_gain_px500_lsb = 2.7061640223e-01
m_ped_px250_f00_mv = -2.326247956e-01
m_ped_px250_f25_mv = -1.364000000e-01
m_ped_px250_f50_mv = 5.9000000000e-02
m_ped_px250_f75_mv = 3.5500000000e-01
m_ped_px250_f100_mv = 5.5200000000e-01
m_gain_px250_lsb = 2.7052383526e-01
m_nl_px250_lsb = 3.4715186745e-02
m_nldiff_px250_lsb = 3.4163536913e-02
m_droop_px250_f00_uv = 3.1860000000e-01
m_droop_px250_f100_uv = 0.0000000000e+00
m_acqerr_px250_lsb = 1.0343434343e-02
Note: Simulation executed from .control section 

Warning: m=xx on .subckt line will override multiplier m hierarchy!

