
Note: Compatibility modes selected: hs a


Circuit: * track-switch-sampling @ tt_-40c_3.63v -- generated by sim/harness, do not edit

Doing analysis at TEMP = -40.000000 and TNOM = 27.000000

Using SPARSE 1.3 as Direct Linear Solver

Initial Transient Solution
--------------------------

Node                                   Voltage
----                                   -------
vdd                                       3.63
nclk                                         0
nclkb                                     3.63
nin_f00                                      0
nin_f25                                 0.9075
nin_f50                                  1.815
nin_f75                                 2.7225
nin_f100                                  3.63
nin_step                                     0
ni_tg1_f00                         3.62726e-09
no_tg1_f00                             1.79804
ni_tg1_f25                              0.9075
no_tg1_f25                             1.79939
ni_tg1_f50                               1.815
no_tg1_f50                             1.79939
ni_tg1_f75                              2.7225
no_tg1_f75                             1.79939
ni_tg1_f100                               3.63
no_tg1_f100                             1.7994
ni_tg4_f00                         9.04903e-09
no_tg4_f00                             1.79408
ni_tg4_f25                              0.9075
no_tg4_f25                             1.79947
ni_tg4_f50                               1.815
no_tg4_f50                             1.79947
ni_tg4_f75                              2.7225
no_tg4_f75                             1.79947
ni_tg4_f100                               3.63
no_tg4_f100                            1.79951
ni_tg4dum_f00                      9.04911e-09
no_tg4dum_f00                          1.80795
ni_tg4dum_f25                           0.9075
no_tg4dum_f25                          1.80979
ni_tg4dum_f50                            1.815
no_tg4dum_f50                          1.80979
ni_tg4dum_f75                           2.7225
no_tg4dum_f75                          1.80979
ni_tg4dum_f100                            3.63
no_tg4dum_f100                          1.8098
ni_s20_f00                         3.61964e-10
no_s20_f00                             1.80795
ni_s20_f25                              0.9075
no_s20_f25                             1.80979
ni_s20_f50                               1.815
no_s20_f50                             1.80979
ni_s20_f75                              2.7225
no_s20_f75                             1.80979
ni_s20_f100                               3.63
no_s20_f100                             1.8098
ni_s10_f00                         1.80982e-10
no_s10_f00                             1.80795
ni_s10_f100                               3.63
no_s10_f100                             1.8098
ni_s30_f00                         5.42946e-10
no_s30_f00                             1.80795
ni_s30_f100                               3.63
no_s30_f100                             1.8098
ni_s50_f00                         9.04911e-10
no_s50_f00                             1.80795
ni_s50_f100                               3.63
no_s50_f100                             1.8098
ni_s150_f00                        2.71473e-09
no_s150_f00                            1.80795
ni_s150_f100                              3.63
no_s150_f100                            1.8098
ni_d70_f00                         9.04911e-09
no_d70_f00                             1.80795
ni_d70_f100                               3.63
no_d70_f100                             1.8098
ni_d85_f00                         9.04911e-09
no_d85_f00                             1.80795
ni_d85_f25                              0.9075
no_d85_f25                             1.80979
ni_d85_f50                               1.815
no_d85_f50                             1.80979
ni_d85_f75                              2.7225
no_d85_f75                             1.80979
ni_d85_f100                               3.63
no_d85_f100                             1.8098
ni_cx100p_f00                      9.04911e-09
no_cx100p_f00                          1.80795
ni_cx100p_f100                            3.63
no_cx100p_f100                          1.8098
ni_cx1n_f00                        9.04911e-09
no_cx1n_f00                            1.80795
ni_cx1n_f100                              3.63
no_cx1n_f100                            1.8098
ni_cxopt_f00                       4.52455e-10
no_cxopt_f00                           1.80795
ni_cxopt_f25                            0.9075
no_cxopt_f25                           1.80979
ni_cxopt_f50                             1.815
no_cxopt_f50                           1.80979
ni_cxopt_f75                            2.7225
no_cxopt_f75                           1.80979
ni_cxopt_f100                             3.63
no_cxopt_f100                           1.8098
ni_cx100pl_f00                     4.52455e-10
no_cx100pl_f00                         1.80795
ni_cx100pl_f100                           3.63
no_cx100pl_f100                         1.8098
ni_cx1nl_f00                       4.52455e-10
no_cx1nl_f00                           1.80795
ni_cx1nl_f100                             3.63
no_cx1nl_f100                           1.8098
ni_cxopth_f00                      9.04911e-09
no_cxopth_f00                          1.80795
ni_cxopth_f25                           0.9075
no_cxopth_f25                          1.80979
ni_cxopth_f50                            1.815
no_cxopth_f50                          1.80979
ni_cxopth_f75                           2.7225
no_cxopth_f75                          1.80979
ni_cxopth_f100                            3.63
no_cxopth_f100                          1.8098
ni_cxoptl_f00                      1.80982e-11
no_cxoptl_f00                          1.80795
ni_cxoptl_f100                            3.63
no_cxoptl_f100                          1.8098
ni_px250_f00                       4.52455e-09
no_px250_f00                           1.80795
ni_px250_f25                            0.9075
no_px250_f25                           1.80979
ni_px250_f50                             1.815
no_px250_f50                           1.80979
ni_px250_f75                            2.7225
no_px250_f75                           1.80979
ni_px250_f100                             3.63
no_px250_f100                           1.8098
ni_px1_f00                         1.80982e-11
no_px1_f00                             1.80795
ni_px1_f100                               3.63
no_px1_f100                             1.8098
ni_px500_f00                       9.04911e-09
no_px500_f00                           1.80795
ni_px500_f100                             3.63
no_px500_f100                           1.8098
ni_tg1_step                        3.62726e-09
no_tg1_step                            1.79804
ni_cxopt_step                      4.52455e-10
no_cxopt_step                          1.80795
ni_px250_step                      4.52455e-09
no_px250_step                          1.80795
vin_step#branch                    4.34509e-11
vin_f100#branch                   -7.40322e-11
vin_f75#branch                    -1.45202e-11
vin_f50#branch                     1.32856e-15
vin_f25#branch                     1.71111e-11
vin_f00#branch                      3.5112e-10
vclkb#branch                                 0
vclk#branch                                  0
vsup#branch                       -7.68578e-10

 Reference value :  0.00000e+00
 Reference value :  3.73018e-08
 Reference value :  9.83018e-08
 Reference value :  1.57102e-07
 Reference value :  2.15702e-07
 Reference value :  2.73102e-07
 Reference value :  3.09035e-07
 Reference value :  3.61035e-07
 Reference value :  4.18835e-07
 Reference value :  4.75035e-07
 Reference value :  5.31035e-07
 Reference value :  5.91435e-07
 Reference value :  6.52035e-07
 Reference value :  7.03153e-07
 Reference value :  7.61553e-07
 Reference value :  8.23153e-07
 Reference value :  8.83953e-07
 Reference value :  9.40153e-07
 Reference value :  9.96353e-07
 Reference value :  1.03024e-06
 Reference value :  1.08644e-06
 Reference value :  1.14444e-06
 Reference value :  1.20284e-06
 Reference value :  1.26244e-06
 Reference value :  1.30551e-06
 Reference value :  1.35611e-06
 Reference value :  1.41791e-06
 Reference value :  1.47591e-06
 Reference value :  1.53711e-06
 Reference value :  1.59691e-06
 Reference value :  1.65611e-06
 Reference value :  1.72691e-06
 Reference value :  1.79031e-06
 Reference value :  1.84811e-06
 Reference value :  1.91491e-06
 Reference value :  1.97631e-06
No. of Data Rows : 10266
vddm                =  3.63000e+00
pre_tg1_f00         =  4.09297e-09
post_tg1_f00        =  -1.33176e-03
end_tg1_f00         =  -1.33151e-03
pre_tg1_f25         =  9.07500e-01
post_tg1_f25        =  9.06700e-01
end_tg1_f25         =  9.06700e-01
pre_tg1_f50         =  1.81500e+00
post_tg1_f50        =  1.81543e+00
end_tg1_f50         =  1.81543e+00
pre_tg1_f75         =  2.72250e+00
post_tg1_f75        =  2.72425e+00
end_tg1_f75         =  2.72425e+00
pre_tg1_f100        =  3.63000e+00
post_tg1_f100       =  3.63314e+00
end_tg1_f100        =  3.63314e+00
pre_tg4_f00         =  3.75315e-09
post_tg4_f00        =  -5.80278e-03
end_tg4_f00         =  -5.80213e-03
pre_tg4_f25         =  9.07500e-01
post_tg4_f25        =  9.03962e-01
end_tg4_f25         =  9.03962e-01
pre_tg4_f50         =  1.81500e+00
post_tg4_f50        =  1.81693e+00
end_tg4_f50         =  1.81693e+00
pre_tg4_f75         =  2.72250e+00
post_tg4_f75        =  2.73051e+00
end_tg4_f75         =  2.73051e+00
pre_tg4_f100        =  3.63000e+00
post_tg4_f100       =  3.64409e+00
end_tg4_f100        =  3.64409e+00
pre_tg4dum_f00      =  1.52921e-08
post_tg4dum_f00     =  -2.56079e-03
end_tg4dum_f00      =  -2.55990e-03
pre_tg4dum_f25      =  9.07500e-01
post_tg4dum_f25     =  9.06055e-01
end_tg4dum_f25      =  9.06055e-01
pre_tg4dum_f50      =  1.81500e+00
post_tg4dum_f50     =  1.81588e+00
end_tg4dum_f50      =  1.81588e+00
pre_tg4dum_f75      =  2.72250e+00
post_tg4dum_f75     =  2.72554e+00
end_tg4dum_f75      =  2.72554e+00
pre_tg4dum_f100     =  3.63000e+00
post_tg4dum_f100    =  3.63596e+00
end_tg4dum_f100     =  3.63596e+00
acq_tg1             =  3.63000e+00
pre_s20_f00         =  1.36871e-09
post_s20_f00        =  -4.56118e-04
end_s20_f00         =  -4.55235e-04
pre_s20_f25         =  9.07500e-01
post_s20_f25        =  9.07328e-01
pre_s20_f50         =  1.81500e+00
post_s20_f50        =  1.81518e+00
pre_s20_f75         =  2.72250e+00
post_s20_f75        =  2.72282e+00
pre_s20_f100        =  3.63000e+00
post_s20_f100       =  3.63079e+00
end_s20_f100        =  3.63079e+00
pre_s10_f00         =  1.07864e-09
post_s10_f00        =  -1.32960e-04
pre_s10_f100        =  3.63000e+00
post_s10_f100       =  3.63015e+00
pre_s30_f00         =  1.65878e-09
post_s30_f00        =  -7.10708e-04
pre_s30_f100        =  3.63000e+00
post_s30_f100       =  3.63132e+00
pre_s50_f00         =  2.23892e-09
post_s50_f00        =  -1.08695e-03
pre_s50_f100        =  3.63000e+00
post_s50_f100       =  3.63214e+00
pre_s150_f00        =  5.13964e-09
post_s150_f00       =  -1.92850e-03
pre_s150_f100       =  3.63000e+00
post_s150_f100      =  3.63418e+00
pre_d70_f00         =  1.83612e-08
post_d70_f00        =  -1.27236e-03
pre_d70_f100        =  3.63000e+00
post_d70_f100       =  3.63274e+00
pre_d85_f00         =  2.06630e-08
post_d85_f00        =  -3.09150e-04
end_d85_f00         =  -3.08270e-04
pre_d85_f25         =  9.07500e-01
post_d85_f25        =  9.07509e-01
pre_d85_f50         =  1.81500e+00
post_d85_f50        =  1.81516e+00
pre_d85_f75         =  2.72250e+00
post_d85_f75        =  2.72211e+00
pre_d85_f100        =  3.63000e+00
post_d85_f100       =  3.63034e+00
end_d85_f100        =  3.63034e+00
pre_cx100p_f00      =  5.31548e-06
post_cx100p_f00     =  1.23171e-04
pre_cx100p_f100     =  3.62999e+00
post_cx100p_f100    =  3.62962e+00
pre_cx1n_f00        =  2.66069e-03
post_cx1n_f00       =  2.93079e-03
pre_cx1n_f100       =  3.62727e+00
post_cx1n_f100      =  3.62665e+00
pre_cxopt_f00       =  1.94516e-09
post_cxopt_f00      =  -6.49081e-05
end_cxopt_f00       =  -6.40244e-05
pre_cxopt_f25       =  9.07500e-01
post_cxopt_f25      =  9.07501e-01
pre_cxopt_f50       =  1.81500e+00
post_cxopt_f50      =  1.81506e+00
pre_cxopt_f75       =  2.72250e+00
post_cxopt_f75      =  2.72280e+00
pre_cxopt_f100      =  3.63000e+00
post_cxopt_f100     =  3.63030e+00
end_cxopt_f100      =  3.63030e+00
pre_cx100pl_f00     =  1.51374e-09
post_cx100pl_f00    =  1.32200e-04
pre_cx100pl_f100    =  3.63000e+00
post_cx100pl_f100   =  3.62961e+00
pre_cx1nl_f00       =  2.03518e-09
post_cx1nl_f00      =  2.72859e-04
pre_cx1nl_f100      =  3.63000e+00
post_cx1nl_f100     =  3.62938e+00
pre_cxoptl_f00      =  7.59628e-10
post_cxoptl_f00     =  -6.13895e-05
pre_cxoptl_f100     =  3.63000e+00
post_cxoptl_f100    =  3.63030e+00
pre_cxopth_f00      =  2.65981e-03
post_cxopth_f00     =  2.59215e-03
end_cxopth_f00      =  2.59302e-03
pre_cxopth_f25      =  9.08834e-01
post_cxopth_f25     =  9.08833e-01
pre_cxopth_f50      =  1.81498e+00
post_cxopth_f50     =  1.81504e+00
pre_cxopth_f75      =  2.72112e+00
post_cxopth_f75     =  2.72142e+00
pre_cxopth_f100     =  3.62727e+00
post_cxopth_f100    =  3.62757e+00
end_cxopth_f100     =  3.62757e+00
acq_cxopt           =  3.63000e+00
pre_px1_f00         =  7.59628e-10
post_px1_f00        =  -9.02956e-05
pre_px1_f100        =  3.63000e+00
post_px1_f100       =  3.63035e+00
pre_px500_f00       =  5.38393e-06
post_px500_f00      =  -2.17185e-04
pre_px500_f100      =  3.62999e+00
post_px500_f100     =  3.63055e+00
pre_px250_f00       =  3.08031e-08
post_px250_f00      =  -2.21671e-04
end_px250_f00       =  -2.20788e-04
pre_px250_f25       =  9.07500e-01
post_px250_f25      =  9.07450e-01
pre_px250_f50       =  1.81500e+00
post_px250_f50      =  1.81507e+00
pre_px250_f75       =  2.72250e+00
post_px250_f75      =  2.72286e+00
pre_px250_f100      =  3.63000e+00
post_px250_f100     =  3.63055e+00
end_px250_f100      =  3.63055e+00
acq_px250           =  3.62997e+00
m_ped_tg1_f00_mv = -1.331766093e+00
m_ped_tg1_f25_mv = -8.005000000e-01
m_ped_tg1_f50_mv = 4.2600000000e-01
m_ped_tg1_f75_mv = 1.7520000000e+00
m_ped_tg1_f100_mv = 3.1430000000e+00
m_gain_tg1_lsb = 1.2623031623e+00
m_nl_tg1_lsb = 1.6570899190e-01
m_nldiff_tg1_lsb = 8.8892495977e-02
m_droop_tg1_f00_uv = 2.5500000000e-01
m_droop_tg1_f100_uv = 0.0000000000e+00
m_ped_tg4_f00_mv = -5.802779753e+00
m_ped_tg4_f25_mv = -3.538300000e+00
m_ped_tg4_f50_mv = 1.9310000000e+00
m_ped_tg4_f75_mv = 8.0110000000e+00
m_ped_tg4_f100_mv = 1.4085000000e+01
m_gain_tg4_lsb = 5.6102166576e+00
m_nl_tg4_lsb = 7.6375877399e-01
m_nldiff_tg4_lsb = 4.5287602380e-01
m_droop_tg4_f00_uv = 6.4200000000e-01
m_droop_tg4_f100_uv = 0.0000000000e+00
m_ped_tg4dum_f00_mv = -2.560805292e+00
m_ped_tg4dum_f25_mv = -1.444700000e+00
m_ped_tg4dum_f50_mv = 8.8300000000e-01
m_ped_tg4dum_f75_mv = 3.0430000000e+00
m_ped_tg4dum_f100_mv = 5.9610000000e+00
m_gain_tg4dum_lsb = 2.4039472780e+00
m_nl_tg4dum_lsb = 2.8614058833e-01
m_nldiff_tg4dum_lsb = 6.3978096534e-02
m_droop_tg4dum_f00_uv = 8.8800000000e-01
m_droop_tg4dum_f100_uv = -1.000000000e+00
m_acqerr_tg1_lsb = 0.0000000000e+00
m_gain_s20_lsb = 3.5265089409e-01
m_ped_s20_f00_mv = -4.561198687e-01
m_ped_s20_f25_mv = -1.719000000e-01
m_ped_s20_f50_mv = 1.7600000000e-01
m_ped_s20_f75_mv = 3.1800000000e-01
m_ped_s20_f100_mv = 7.9400000000e-01
m_nl_s20_lsb = 4.6113860499e-02
m_nldiff_s20_lsb = 3.8127761096e-02
m_droop_s20_f00_uv = 8.8390000000e-01
m_droop_s20_f100_uv = 0.0000000000e+00
m_gain_s10_lsb = 8.0103733919e-02
m_gain_s30_lsb = 5.7369666540e-01
m_gain_s50_lsb = 9.1115018971e-01
m_gain_s150_lsb = 1.7245802179e+00
m_gain_d70_lsb = 1.1321491708e+00
m_gain_d85_lsb = 1.8256285635e-01
m_ped_d85_f00_mv = -3.091710630e-01
m_ped_d85_f25_mv = 8.7000000001e-03
m_ped_d85_f50_mv = 1.5900000000e-01
m_ped_d85_f75_mv = -3.900000000e-01
m_ped_d85_f100_mv = 3.3800000000e-01
m_nl_d85_lsb = 1.5972347324e-01
m_nldiff_d85_lsb = 2.0375217198e-01
m_droop_d85_f00_uv = 8.8070000000e-01
m_droop_d85_f100_uv = 0.0000000000e+00
m_gain_cx100p_lsb = -1.381852800e-01
m_gain_cx1n_lsb = -2.513725355e-01
m_ped_cxopt_f00_mv = -6.491003516e-02
m_ped_cxopt_f25_mv = 1.1000000001e-03
m_ped_cxopt_f50_mv = 6.2000000000e-02
m_ped_cxopt_f75_mv = 3.0200000000e-01
m_ped_cxopt_f100_mv = 3.0200000000e-01
m_gain_cxopt_lsb = 1.0350299614e-01
m_nl_cxopt_lsb = 2.5875749036e-02
m_nldiff_cxopt_lsb = 3.3130485399e-02
m_droop_cxopt_f00_uv = 8.8367000000e-01
m_droop_cxopt_f100_uv = 0.0000000000e+00
m_gain_cx100pl_lsb = -1.484373436e-01
m_gain_cx1nl_lsb = -2.529976954e-01
m_gain_cxoptl_lsb = 1.0109962991e-01
m_ped_cxopth_f00_mv = -6.765700000e-02
m_ped_cxopth_f25_mv = -3.000000000e-04
m_ped_cxopth_f50_mv = 6.3000000000e-02
m_ped_cxopth_f75_mv = 3.0300000000e-01
m_ped_cxopth_f100_mv = 3.0400000000e-01
m_gain_cxopth_lsb = 1.0484208485e-01
m_nl_cxopth_lsb = 2.5928427548e-02
m_nldiff_cxopth_lsb = 3.3137965840e-02
m_droop_cxopth_f00_uv = 8.6600000000e-01
m_droop_cxopth_f100_uv = -9.999999997e-01
m_acqerr_cxopt_lsb = 2.8209366395e-04
m_gain_px1_lsb = 1.2420481612e-01
m_gain_px500_lsb = 2.1962936151e-01
m_ped_px250_f00_mv = -2.217022031e-01
m_ped_px250_f25_mv = -4.970000000e-02
m_ped_px250_f50_mv = 7.4000000000e-02
m_ped_px250_f75_mv = 3.5800000000e-01
m_ped_px250_f100_mv = 5.5500000000e-01
m_gain_px250_lsb = 2.1910277025e-01
m_nl_px250_lsb = 2.6135667217e-02
m_nldiff_px250_lsb = 5.4582016521e-03
m_droop_px250_f00_uv = 8.8340000000e-01
m_droop_px250_f100_uv = -9.999999997e-01
m_acqerr_px250_lsb = 7.3344352617e-03
Note: Simulation executed from .control section 

Warning: m=xx on .subckt line will override multiplier m hierarchy!

