
Note: Compatibility modes selected: hs a


Circuit: * device-switch-ron @ sf_-40c_2.97v -- generated by sim/harness, do not edit

Doing analysis at TEMP = -40.000000 and TNOM = 27.000000

Using SPARSE 1.3 as Direct Linear Solver

No. of Data Rows : 1
m_ron_n_f00 = 1.4085047780e+02
m_ron_n_f17 = 1.6279500500e+02
m_ron_n_f33 = 2.0888290293e+02
m_ron_n_f50 = 3.7091853687e+02
m_ron_n_f67 = 2.3539288400e+04
m_ron_n_f83 = 4.0072949405e+09
m_ron_n_f100 = 3.3444816054e+09
m_ron_p_f00 = 3.3670033670e+09
m_ron_p_f17 = 4.0404154869e+09
m_ron_p_f33 = 3.2088916067e+05
m_ron_p_f50 = 6.6569802494e+02
m_ron_p_f67 = 3.2297784507e+02
m_ron_p_f83 = 2.2899806340e+02
m_ron_p_f100 = 1.8376578929e+02
m_ron_t_f00 = 2.3882064301e+02
m_ron_t_f17 = 2.6068089115e+02
m_ron_t_f33 = 3.0634490850e+02
m_ron_t_f50 = 2.9042587442e+02
m_ron_t_f67 = 4.1384207039e+02
m_ron_t_f83 = 3.2720268428e+02
m_ron_t_f100 = 2.8197510652e+02
m_ron_t_max = 4.1384207039e+02
m_ron_t_min = 2.3882064301e+02
m_ron_t_flatness = 1.7328571985e+00
Note: Simulation executed from .control section 

Warning: m=xx on .subckt line will override multiplier m hierarchy!

