
Note: Compatibility modes selected: hs a


Circuit: * dr0019-cu-sweep @ tt_125c_3.63v -- generated by sim/harness, do not edit

Reducing trtol to 1 for xspice 'A' devices
Doing analysis at TEMP = 125.000000 and TNOM = 27.000000

Using SPARSE 1.3 as Direct Linear Solver

Initial Transient Solution
--------------------------

Node                                   Voltage
----                                   -------
clk                                          0
cmpclk                                       0
cmpclkb                                   3.63
vddt                                      3.63
vddd                                      3.63
vddc                                      3.63
vrefs                                     3.63
vrefn                                     3.63
vcmn                                     1.815
se_vinp                                  1.815
se_vinn                                  1.815
se_start                                     0
se_mode                                      0
se_cmp                                 1.49495
se_samp_tp_n                                 0
se_sel_in_n                                  0
se_drdy                                   3.63
se_c9                                        0
se_c8                                        0
se_c7                                        0
se_c6                                        0
se_c5                                        0
se_c4                                        0
se_c3                                        0
se_c2                                        0
se_c1                                        0
se_c0                                        0
se_rel_n_256p                             3.63
se_sel_hi_n_256p                             0
se_sel_lo_n_256p                             0
se_rel_n_128p                             3.63
se_sel_hi_n_128p                             0
se_sel_lo_n_128p                             0
se_rel_n_64p                              3.63
se_sel_hi_n_64p                              0
se_sel_lo_n_64p                              0
se_rel_n_32p                              3.63
se_sel_hi_n_32p                              0
se_sel_lo_n_32p                              0
se_rel_n_16p                              3.63
se_sel_hi_n_16p                              0
se_sel_lo_n_16p                              0
se_rel_n_8p                               3.63
se_sel_hi_n_8p                               0
se_sel_lo_n_8p                               0
se_rel_n_4p                               3.63
se_sel_hi_n_4p                               0
se_sel_lo_n_4p                               0
se_rel_n_2p                               3.63
se_sel_hi_n_2p                               0
se_sel_lo_n_2p                               0
se_rel_n_1p                               3.63
se_sel_hi_n_1p                               0
se_sel_lo_n_1p                               0
se_rel_n_256n                             3.63
se_sel_hi_n_256n                             0
se_sel_lo_n_256n                             0
se_rel_n_128n                             3.63
se_sel_hi_n_128n                             0
se_sel_lo_n_128n                             0
se_rel_n_64n                              3.63
se_sel_hi_n_64n                              0
se_sel_lo_n_64n                              0
se_rel_n_32n                              3.63
se_sel_hi_n_32n                              0
se_sel_lo_n_32n                              0
se_rel_n_16n                              3.63
se_sel_hi_n_16n                              0
se_sel_lo_n_16n                              0
se_rel_n_8n                               3.63
se_sel_hi_n_8n                               0
se_sel_lo_n_8n                               0
se_rel_n_4n                               3.63
se_sel_hi_n_4n                               0
se_sel_lo_n_4n                               0
se_rel_n_2n                               3.63
se_sel_hi_n_2n                               0
se_sel_lo_n_2n                               0
se_rel_n_1n                               3.63
se_sel_hi_n_1n                               0
se_sel_lo_n_1n                               0
se_pinp                                  1.815
se_pinn                                  1.815
xsetswp.gp                                3.63
se_topp                                1.81502
xsetswn.gp                                3.63
se_topn                                1.81502
xsearrp.x256.bp                          1.815
xsearrp.x256.gp_in                        3.63
xsearrp.x256.gp_rel                1.08676e-08
xsearrp.x256.gp_hi                        3.63
xsearrp.x256.gp_lo                        3.63
xsearrp.x128.bp                          1.815
xsearrp.x128.gp_in                        3.63
xsearrp.x128.gp_rel                1.08676e-08
xsearrp.x128.gp_hi                        3.63
xsearrp.x128.gp_lo                        3.63
xsearrp.x64.bp                           1.815
xsearrp.x64.gp_in                         3.63
xsearrp.x64.gp_rel                 1.08676e-08
xsearrp.x64.gp_hi                         3.63
xsearrp.x64.gp_lo                         3.63
xsearrp.x32.bp                           1.815
xsearrp.x32.gp_in                         3.63
xsearrp.x32.gp_rel                 1.08676e-08
xsearrp.x32.gp_hi                         3.63
xsearrp.x32.gp_lo                         3.63
xsearrp.x16.bp                           1.815
xsearrp.x16.gp_in                         3.63
xsearrp.x16.gp_rel                 1.08676e-08
xsearrp.x16.gp_hi                         3.63
xsearrp.x16.gp_lo                         3.63
xsearrp.x8.bp                            1.815
xsearrp.x8.gp_in                          3.63
xsearrp.x8.gp_rel                  1.08676e-08
xsearrp.x8.gp_hi                          3.63
xsearrp.x8.gp_lo                          3.63
xsearrp.x4.bp                            1.815
xsearrp.x4.gp_in                          3.63
xsearrp.x4.gp_rel                  1.08676e-08
xsearrp.x4.gp_hi                          3.63
xsearrp.x4.gp_lo                          3.63
xsearrp.x2.bp                            1.815
xsearrp.x2.gp_in                          3.63
xsearrp.x2.gp_rel                  1.08676e-08
xsearrp.x2.gp_hi                          3.63
xsearrp.x2.gp_lo                          3.63
xsearrp.x1.bp                            1.815
xsearrp.x1.gp_in                          3.63
xsearrp.x1.gp_rel                  1.08676e-08
xsearrp.x1.gp_hi                          3.63
xsearrp.x1.gp_lo                          3.63
xsearrn.x256.bp                          1.815
xsearrn.x256.gp_in                        3.63
xsearrn.x256.gp_rel                1.08676e-08
xsearrn.x256.gp_hi                        3.63
xsearrn.x256.gp_lo                        3.63
xsearrn.x128.bp                          1.815
xsearrn.x128.gp_in                        3.63
xsearrn.x128.gp_rel                1.08676e-08
xsearrn.x128.gp_hi                        3.63
xsearrn.x128.gp_lo                        3.63
xsearrn.x64.bp                           1.815
xsearrn.x64.gp_in                         3.63
xsearrn.x64.gp_rel                 1.08676e-08
xsearrn.x64.gp_hi                         3.63
xsearrn.x64.gp_lo                         3.63
xsearrn.x32.bp                           1.815
xsearrn.x32.gp_in                         3.63
xsearrn.x32.gp_rel                 1.08676e-08
xsearrn.x32.gp_hi                         3.63
xsearrn.x32.gp_lo                         3.63
xsearrn.x16.bp                           1.815
xsearrn.x16.gp_in                         3.63
xsearrn.x16.gp_rel                 1.08676e-08
xsearrn.x16.gp_hi                         3.63
xsearrn.x16.gp_lo                         3.63
xsearrn.x8.bp                            1.815
xsearrn.x8.gp_in                          3.63
xsearrn.x8.gp_rel                  1.08676e-08
xsearrn.x8.gp_hi                          3.63
xsearrn.x8.gp_lo                          3.63
xsearrn.x4.bp                            1.815
xsearrn.x4.gp_in                          3.63
xsearrn.x4.gp_rel                  1.08676e-08
xsearrn.x4.gp_hi                          3.63
xsearrn.x4.gp_lo                          3.63
xsearrn.x2.bp                            1.815
xsearrn.x2.gp_in                          3.63
xsearrn.x2.gp_rel                  1.08676e-08
xsearrn.x2.gp_hi                          3.63
xsearrn.x2.gp_lo                          3.63
xsearrn.x1.bp                            1.815
xsearrn.x1.gp_in                          3.63
xsearrn.x1.gp_rel                  1.08676e-08
xsearrn.x1.gp_hi                          3.63
xsearrn.x1.gp_lo                          3.63
se_ibias                              0.678004
xsecmp.xpre.ptail                     0.965819
xsecmp.pon                             2.90521
xsecmp.preamp_in1                      1.81502
xsecmp.pop                             2.90521
xsecmp.preamp_in2                      1.81502
xsecmp.xpre.xrlp.11                    3.62972
xsecmp.xpre.xrlp.21                    2.90549
xsecmp.xpre.xrln.11                    3.62972
xsecmp.xpre.xrln.21                    2.90549
xsecmp.xlat.ltail                      2.23788
xsecmp.xlat.dip                           3.63
xsecmp.xlat.din                           3.63
xsecmp.outn                               3.63
xsecmp.outp                               3.63
xsecmp.sset                        1.89066e-08
xsecmp.srst                        1.89066e-08
xsecmp.xno1.ps                         3.35096
se_cmpb                                1.49495
xsecmp.xno2.ps                         3.35096
se_dacp                           -1.11022e-16
se_dacn                           -1.11022e-16
se_di                                        0
se_err                             3.96571e-14
se_aerrh                                     0
se_code                                      0
seph                                      3.63
bseph#branch                                 0
bsecode#branch                               0
bseea#branch                                 0
bsee#branch                                  0
bsedi#branch                                 0
bsedacn#branch                               0
bsedacp#branch                               0
lref#branch                        1.75461e-09
v.xsecmp.vpn#branch                1.53125e-27
v.xsecmp.vpp#branch                1.22113e-27
vsemode#branch                               0
vsestart#branch                              0
vsevinn#branch                     8.13639e-16
vsein#branch                       8.13639e-16
vcms#branch                          -1.44e-08
vrefs#branch                      -1.75461e-09
vddc#branch                       -0.000701437
vddd#branch                       -8.46747e-09
vddt#branch                       -2.95773e-10
vcmpclkb#branch                              0
vcmpclk#branch                               0
vclk#branch                                  0
a.xsectrl.a_gn#branch_1_0                    0
a.xsectrl.a_gn#branch_1_1                    0
a.xsectrl.a_gn#branch_1_2                    0
a.xsectrl.a_gn#branch_1_3                    0
a.xsectrl.a_gn#branch_1_4                    0
a.xsectrl.a_gn#branch_1_5                    0
a.xsectrl.a_gn#branch_1_6                    0
a.xsectrl.a_gn#branch_1_7                    0
a.xsectrl.a_gn#branch_1_8                    0
a.xsectrl.a_gn#branch_1_9                    0
a.xsectrl.a_gn#branch_1_10                   0
a.xsectrl.a_gn#branch_1_11                   0
a.xsectrl.a_gn#branch_1_12                   0
a.xsectrl.a_gn#branch_1_13                   0
a.xsectrl.a_gn#branch_1_14                   0
a.xsectrl.a_gn#branch_1_15                   0
a.xsectrl.a_gn#branch_1_16                   0
a.xsectrl.a_gn#branch_1_17                   0
a.xsectrl.a_gn#branch_1_18                   0
a.xsectrl.a_gn#branch_1_19                   0
a.xsectrl.a_gn#branch_1_20                   0
a.xsectrl.a_gn#branch_1_21                   0
a.xsectrl.a_gn#branch_1_22                   0
a.xsectrl.a_gn#branch_1_23                   0
a.xsectrl.a_gn#branch_1_24                   0
a.xsectrl.a_gn#branch_1_25                   0
a.xsectrl.a_gn#branch_1_26                   0
a.xsectrl.a_gn#branch_1_27                   0
a.xsectrl.a_gn#branch_1_28                   0
a.xsectrl.a_gn#branch_1_29                   0
a.xsectrl.a_gn#branch_1_30                   0
a.xsectrl.a_gn#branch_1_31                   0
a.xsectrl.a_gn#branch_1_32                   0
a.xsectrl.a_gn#branch_1_33                   0
a.xsectrl.a_gn#branch_1_34                   0
a.xsectrl.a_gn#branch_1_35                   0
a.xsectrl.a_gn#branch_1_36                   0
a.xsectrl.a_gn#branch_1_37                   0
a.xsectrl.a_gn#branch_1_38                   0
a.xsectrl.a_gn#branch_1_39                   0
a.xsectrl.a_gn#branch_1_40                   0
a.xsectrl.a_gn#branch_1_41                   0
a.xsectrl.a_gn#branch_1_42                   0
a.xsectrl.a_gn#branch_1_43                   0
a.xsectrl.a_gn#branch_1_44                   0
a.xsectrl.a_gn#branch_1_45                   0
a.xsectrl.a_gn#branch_1_46                   0
a.xsectrl.a_gn#branch_1_47                   0
a.xsectrl.a_gn#branch_1_48                   0
a.xsectrl.a_gn#branch_1_49                   0
a.xsectrl.a_gn#branch_1_50                   0
a.xsectrl.a_gn#branch_1_51                   0
a.xsectrl.a_gn#branch_1_52                   0
a.xsectrl.a_gn#branch_1_53                   0
a.xsectrl.a_dout#branch_1_0                  0
a.xsectrl.a_dout#branch_1_1                  0
a.xsectrl.a_dout#branch_1_2                  0
a.xsectrl.a_dout#branch_1_3                  0
a.xsectrl.a_dout#branch_1_4                  0
a.xsectrl.a_dout#branch_1_5                  0
a.xsectrl.a_dout#branch_1_6                  0
a.xsectrl.a_dout#branch_1_7                  0
a.xsectrl.a_dout#branch_1_8                  0
a.xsectrl.a_dout#branch_1_9                  0
a.xsectrl.a_dout#branch_1_10                 0
a.xsectrl.a_dout#branch_1_11                 0
a.xsectrl.a_dout#branch_1_12                 0

 Reference value :  0.00000e+00
 Reference value :  3.13635e-08
 Reference value :  9.10448e-08
 Reference value :  1.26499e-07
 Reference value :  1.88003e-07
 Reference value :  2.50200e-07
 Reference value :  3.12510e-07
 Reference value :  3.43983e-07
 Reference value :  3.77801e-07
 Reference value :  4.37892e-07
 Reference value :  4.72366e-07
 Reference value :  5.31276e-07
 Reference value :  5.64939e-07
 Reference value :  6.25103e-07
 Reference value :  6.56495e-07
 Reference value :  6.90761e-07
 Reference value :  7.50772e-07
 Reference value :  7.99969e-07
 Reference value :  8.43961e-07
 Reference value :  9.06299e-07
 Reference value :  9.68793e-07
 Reference value :  1.00023e-06
 Reference value :  1.03127e-06
 Reference value :  1.07556e-06
 Reference value :  1.12518e-06
 Reference value :  1.15735e-06
 Reference value :  1.21877e-06
 Reference value :  1.25032e-06
 Reference value :  1.28184e-06
 Reference value :  1.31499e-06
 Reference value :  1.37503e-06
 Reference value :  1.40633e-06
 Reference value :  1.44258e-06
 Reference value :  1.50227e-06
 Reference value :  1.56253e-06
 Reference value :  1.59383e-06
 Reference value :  1.62752e-06
 Reference value :  1.68773e-06
 Reference value :  1.71924e-06
 Reference value :  1.78126e-06
 Reference value :  1.81498e-06
 Reference value :  1.87536e-06
 Reference value :  1.90681e-06
 Reference value :  1.96927e-06
 Reference value :  2.00240e-06
 Reference value :  2.03231e-06
 Reference value :  2.09436e-06
 Reference value :  2.15685e-06
 Reference value :  2.21879e-06
 Reference value :  2.25273e-06
 Reference value :  2.29500e-06
 Reference value :  2.34377e-06
 Reference value :  2.37548e-06
 Reference value :  2.40673e-06
 Reference value :  2.44046e-06
 Reference value :  2.50028e-06
 Reference value :  2.53153e-06
 Reference value :  2.56497e-06
 Reference value :  2.62091e-06
 Reference value :  2.65628e-06
 Reference value :  2.68996e-06
 Reference value :  2.75013e-06
 Reference value :  2.78157e-06
 Reference value :  2.81552e-06
 Reference value :  2.87520e-06
 Reference value :  2.90633e-06
 Reference value :  2.93977e-06
 Reference value :  3.00064e-06
 Reference value :  3.03139e-06
 Reference value :  3.09393e-06
 Reference value :  3.15638e-06
 Reference value :  3.19019e-06
 Reference value :  3.25064e-06
 Reference value :  3.28185e-06
 Reference value :  3.31679e-06
 Reference value :  3.37520e-06
 Reference value :  3.40642e-06
 Reference value :  3.43977e-06
 Reference value :  3.46933e-06
 Reference value :  3.50467e-06
 Reference value :  3.56270e-06
 Reference value :  3.59390e-06
 Reference value :  3.62757e-06
 Reference value :  3.68761e-06
 Reference value :  3.71895e-06
 Reference value :  3.75233e-06
 Reference value :  3.78317e-06
 Reference value :  3.84382e-06
 Reference value :  3.87756e-06
 Reference value :  3.93160e-06
 Reference value :  3.96928e-06
 Reference value :  4.00286e-06
 Reference value :  4.06265e-06
 Reference value :  4.12520e-06
 Reference value :  4.18800e-06
 Reference value :  4.25031e-06
 Reference value :  4.28178e-06
 Reference value :  4.31748e-06
 Reference value :  4.37542e-06
 Reference value :  4.40663e-06
 Reference value :  4.44041e-06
 Reference value :  4.50020e-06
 Reference value :  4.53177e-06
 Reference value :  4.59408e-06
 Reference value :  4.65627e-06
 Reference value :  4.68994e-06
 Reference value :  4.75003e-06
 Reference value :  4.78137e-06
 Reference value :  4.81511e-06
 Reference value :  4.87540e-06
 Reference value :  4.90645e-06
 Reference value :  4.96896e-06
 Reference value :  5.00303e-06
 Reference value :  5.09376e-06
 Reference value :  5.15629e-06
 Reference value :  5.18998e-06
 Reference value :  5.25031e-06
 Reference value :  5.28169e-06
 Reference value :  5.31523e-06
 Reference value :  5.37520e-06
 Reference value :  5.40657e-06
 Reference value :  5.44700e-06
 Reference value :  5.50025e-06
 Reference value :  5.53147e-06
 Reference value :  5.56505e-06
 Reference value :  5.62506e-06
 Reference value :  5.65682e-06
 Reference value :  5.71922e-06
 Reference value :  5.78125e-06
 Reference value :  5.81400e-06
 Reference value :  5.84459e-06
 Reference value :  5.87872e-06
 Reference value :  5.93763e-06
 Reference value :  5.97601e-06
 Reference value :  6.03139e-06
 Reference value :  6.09392e-06
 Reference value :  6.15646e-06
 Reference value :  6.21880e-06
 Reference value :  6.25298e-06
 Reference value :  6.31282e-06
 Reference value :  6.34435e-06
 Reference value :  6.39058e-06
 Reference value :  6.43994e-06
 Reference value :  6.50043e-06
 Reference value :  6.53637e-06
 Reference value :  6.59389e-06
 Reference value :  6.62771e-06
 Reference value :  6.68775e-06
 Reference value :  6.71928e-06
 Reference value :  6.75256e-06
 Reference value :  6.81269e-06
 Reference value :  6.84419e-06
 Reference value :  6.88604e-06
 Reference value :  6.93925e-06
 Reference value :  7.00061e-06
 Reference value :  7.03139e-06
 Reference value :  7.09388e-06
 Reference value :  7.15639e-06
 Reference value :  7.19805e-06
 Reference value :  7.25267e-06
 Reference value :  7.31265e-06
 Reference value :  7.34398e-06
 Reference value :  7.37751e-06
 Reference value :  7.43770e-06
 Reference value :  7.46893e-06
 Reference value :  7.50263e-06
 Reference value :  7.56270e-06
 Reference value :  7.59397e-06
 Reference value :  7.62795e-06
 Reference value :  7.68786e-06
 Reference value :  7.71911e-06
 Reference value :  7.76171e-06
 Reference value :  7.81286e-06
 Reference value :  7.84431e-06
 Reference value :  7.88271e-06
 Reference value :  7.93800e-06
 Reference value :  8.00040e-06
 Reference value :  8.03136e-06
 Reference value :  8.07114e-06
 Reference value :  8.12980e-06
 Reference value :  8.18982e-06
 Reference value :  8.25020e-06
 Reference value :  8.28166e-06
 Reference value :  8.33959e-06
 Reference value :  8.37574e-06
 Reference value :  8.43762e-06
 Reference value :  8.46917e-06
 Reference value :  8.53133e-06
 Reference value :  8.56494e-06
 Reference value :  8.62523e-06
 Reference value :  8.65667e-06
 Reference value :  8.69026e-06
 Reference value :  8.75057e-06
 Reference value :  8.78187e-06
 Reference value :  8.84381e-06
 Reference value :  8.87749e-06
 Reference value :  8.90837e-06
 Reference value :  8.97107e-06
 Reference value :  9.00521e-06
 Reference value :  9.08142e-06
 Reference value :  9.12539e-06
 Reference value :  9.18811e-06
 Reference value :  9.25012e-06
 Reference value :  9.28160e-06
 Reference value :  9.33303e-06
 Reference value :  9.37544e-06
 Reference value :  9.40663e-06
 Reference value :  9.46875e-06
 Reference value :  9.50056e-06
 Reference value :  9.53180e-06
 Reference value :  9.59385e-06
 Reference value :  9.62746e-06
 Reference value :  9.68770e-06
 Reference value :  9.71933e-06
 Reference value :  9.78153e-06
 Reference value :  9.83980e-06
 Reference value :  9.87731e-06
 Reference value :  9.90671e-06
 Reference value :  9.96891e-06
 Reference value :  1.00027e-05
 Reference value :  1.00626e-05
 Reference value :  1.00949e-05
 Reference value :  1.01568e-05
 Reference value :  1.02188e-05
 Reference value :  1.02529e-05
 Reference value :  1.03128e-05
 Reference value :  1.03441e-05
 Reference value :  1.03776e-05
 Reference value :  1.04376e-05
 Reference value :  1.04688e-05
 Reference value :  1.05023e-05
 Reference value :  1.05488e-05
 Reference value :  1.05938e-05
 Reference value :  1.06274e-05
 Reference value :  1.06579e-05
 Reference value :  1.07172e-05
 Reference value :  1.07523e-05
 Reference value :  1.08073e-05
 Reference value :  1.08439e-05
 Reference value :  1.08775e-05
 Reference value :  1.09162e-05
 Reference value :  1.09724e-05
 Reference value :  1.10030e-05
 Reference value :  1.10629e-05
 Reference value :  1.11252e-05
 Reference value :  1.11877e-05
 Reference value :  1.12194e-05
 Reference value :  1.12813e-05
 Reference value :  1.13149e-05
 Reference value :  1.13448e-05
 Reference value :  1.13976e-05
 Reference value :  1.14379e-05
 Reference value :  1.14691e-05
 Reference value :  1.15026e-05
 Reference value :  1.15626e-05
 Reference value :  1.15938e-05
 Reference value :  1.16275e-05
 Reference value :  1.16876e-05
 Reference value :  1.17189e-05
 Reference value :  1.17523e-05
 Reference value :  1.17822e-05
 Reference value :  1.18343e-05
 Reference value :  1.18754e-05
 Reference value :  1.19067e-05
 Reference value :  1.19688e-05
 Reference value :  1.20026e-05
 Reference value :  1.20626e-05
 Reference value :  1.20947e-05
 Reference value :  1.21568e-05
 Reference value :  1.22188e-05
 Reference value :  1.22529e-05
 Reference value :  1.23127e-05
 Reference value :  1.23439e-05
 Reference value :  1.23774e-05
 Reference value :  1.24375e-05
 Reference value :  1.24688e-05
 Reference value :  1.25025e-05
 Reference value :  1.25627e-05
 Reference value :  1.25939e-05
 Reference value :  1.26275e-05
 Reference value :  1.26878e-05
 Reference value :  1.27191e-05
 Reference value :  1.27525e-05
 Reference value :  1.28113e-05
 Reference value :  1.28438e-05
 Reference value :  1.28775e-05
 Reference value :  1.29376e-05
 Reference value :  1.29821e-05
 Reference value :  1.30030e-05
 Reference value :  1.30629e-05
 Reference value :  1.31251e-05
 Reference value :  1.31876e-05
 Reference value :  1.32189e-05
 Reference value :  1.32530e-05
 Reference value :  1.33129e-05
 Reference value :  1.33443e-05
 Reference value :  1.34063e-05
 Reference value :  1.34398e-05
 Reference value :  1.35000e-05
 Reference value :  1.35313e-05
 Reference value :  1.35653e-05
 Reference value :  1.36253e-05
 Reference value :  1.36566e-05
 Reference value :  1.36900e-05
 Reference value :  1.37502e-05
 Reference value :  1.37817e-05
 Reference value :  1.38150e-05
 Reference value :  1.38751e-05
 Reference value :  1.39063e-05
 Reference value :  1.39688e-05
 Reference value :  1.40024e-05
 Reference value :  1.40321e-05
 Reference value :  1.40942e-05
 Reference value :  1.41564e-05
 Reference value :  1.41950e-05
 Reference value :  1.42507e-05
 Reference value :  1.42905e-05
 Reference value :  1.43438e-05
 Reference value :  1.43776e-05
 Reference value :  1.44376e-05
 Reference value :  1.44688e-05
 Reference value :  1.45026e-05
 Reference value :  1.45626e-05
 Reference value :  1.45939e-05
 Reference value :  1.46276e-05
 Reference value :  1.46877e-05
 Reference value :  1.47190e-05
 Reference value :  1.47532e-05
 Reference value :  1.48127e-05
 Reference value :  1.48441e-05
 Reference value :  1.48775e-05
 Reference value :  1.49075e-05
 Reference value :  1.49690e-05
 Reference value :  1.50028e-05
 Reference value :  1.50626e-05
 Reference value :  1.50969e-05
 Reference value :  1.51568e-05
 Reference value :  1.52188e-05
 Reference value :  1.52529e-05
 Reference value :  1.53127e-05
 Reference value :  1.53440e-05
 Reference value :  1.53800e-05
 Reference value :  1.54377e-05
 Reference value :  1.54690e-05
 Reference value :  1.55026e-05
 Reference value :  1.55626e-05
 Reference value :  1.55938e-05
 Reference value :  1.56273e-05
 Reference value :  1.56568e-05
 Reference value :  1.56993e-05
 Reference value :  1.57504e-05
 Reference value :  1.57819e-05
 Reference value :  1.58313e-05
 Reference value :  1.58752e-05
 Reference value :  1.59065e-05
 Reference value :  1.59689e-05
 Reference value :  1.60027e-05
 Reference value :  1.60626e-05
 Reference value :  1.60948e-05
 Reference value :  1.61568e-05
 Reference value :  1.62188e-05
 Reference value :  1.62529e-05
 Reference value :  1.63127e-05
 Reference value :  1.63440e-05
 Reference value :  1.63804e-05
 Reference value :  1.64377e-05
 Reference value :  1.64691e-05
 Reference value :  1.65038e-05
 Reference value :  1.65648e-05
 Reference value :  1.66150e-05
 Reference value :  1.66563e-05
 Reference value :  1.66899e-05
 Reference value :  1.67197e-05
 Reference value :  1.67673e-05
 Reference value :  1.68129e-05
 Reference value :  1.68444e-05
 Reference value :  1.69021e-05
 Reference value :  1.69379e-05
 Reference value :  1.70001e-05
 Reference value :  1.70050e-05
 Reference value :  1.70635e-05
 Reference value :  1.71252e-05
 Reference value :  1.71877e-05
 Reference value :  1.72194e-05
 Reference value :  1.72627e-05
 Reference value :  1.73148e-05
 Reference value :  1.73751e-05
 Reference value :  1.74063e-05
 Reference value :  1.74400e-05
 Reference value :  1.75001e-05
 Reference value :  1.75314e-05
 Reference value :  1.75651e-05
 Reference value :  1.76251e-05
 Reference value :  1.76564e-05
 Reference value :  1.76899e-05
 Reference value :  1.77502e-05
 Reference value :  1.77818e-05
 Reference value :  1.78438e-05
 Reference value :  1.78775e-05
 Reference value :  1.79376e-05
 Reference value :  1.79726e-05
 Reference value :  1.80030e-05
 Reference value :  1.80630e-05
 Reference value :  1.81252e-05
 Reference value :  1.81876e-05
 Reference value :  1.82194e-05
 Reference value :  1.82813e-05
 Reference value :  1.83151e-05
 Reference value :  1.83756e-05
 Reference value :  1.84128e-05
 Reference value :  1.84688e-05
 Reference value :  1.85004e-05
 Reference value :  1.85315e-05
 Reference value :  1.85650e-05
 Reference value :  1.86250e-05
 Reference value :  1.86563e-05
 Reference value :  1.86900e-05
 Reference value :  1.87336e-05
 Reference value :  1.87813e-05
 Reference value :  1.88150e-05
 Reference value :  1.88754e-05
 Reference value :  1.89067e-05
 Reference value :  1.89690e-05
 Reference value :  1.90028e-05
 Reference value :  1.90625e-05
 Reference value :  1.90944e-05
 Reference value :  1.91565e-05
 Reference value :  1.91949e-05
 Reference value :  1.92527e-05
 Reference value :  1.93126e-05
 Reference value :  1.93439e-05
 Reference value :  1.93776e-05
 Reference value :  1.94379e-05
 Reference value :  1.94692e-05
 Reference value :  1.95041e-05
 Reference value :  1.95627e-05
 Reference value :  1.95939e-05
 Reference value :  1.96278e-05
 Reference value :  1.96891e-05
 Reference value :  1.97199e-05
 Reference value :  1.97815e-05
 Reference value :  1.98286e-05
 Reference value :  1.98774e-05
 Reference value :  1.99376e-05
 Reference value :  2.00000e-05
 Reference value :  2.00031e-05
 Reference value :  2.00630e-05
 Reference value :  2.01255e-05
 Reference value :  2.01877e-05
 Reference value :  2.02489e-05
 Reference value :  2.02813e-05
 Reference value :  2.03150e-05
 Reference value :  2.03752e-05
 Reference value :  2.04065e-05
 Reference value :  2.04404e-05
 Reference value :  2.05003e-05
 Reference value :  2.05318e-05
 Reference value :  2.05702e-05
 Reference value :  2.06274e-05
 Reference value :  2.06876e-05
 Reference value :  2.07190e-05
 Reference value :  2.07525e-05
 Reference value :  2.08087e-05
 Reference value :  2.08439e-05
 Reference value :  2.08776e-05
 Reference value :  2.09385e-05
 Reference value :  2.10006e-05
 Reference value :  2.10313e-05
 Reference value :  2.10939e-05
 Reference value :  2.11564e-05
 Reference value :  2.11899e-05
 Reference value :  2.12501e-05
 Reference value :  2.12814e-05
 Reference value :  2.13191e-05
 Reference value :  2.13773e-05
 Reference value :  2.14376e-05
 Reference value :  2.14688e-05
 Reference value :  2.15026e-05
 Reference value :  2.15626e-05
 Reference value :  2.15939e-05
 Reference value :  2.16275e-05
 Reference value :  2.16760e-05
 Reference value :  2.17188e-05
 Reference value :  2.17523e-05
 Reference value :  2.18126e-05
 Reference value :  2.18441e-05
 Reference value :  2.18776e-05
 Reference value :  2.19376e-05
 Reference value :  2.20000e-05
 Reference value :  2.20040e-05
 Reference value :  2.20675e-05
 Reference value :  2.21480e-05
 Reference value :  2.21898e-05
 Reference value :  2.22500e-05
 Reference value :  2.22814e-05
 Reference value :  2.23388e-05
 Reference value :  2.23776e-05
 Reference value :  2.24386e-05
 Reference value :  2.24971e-05
 Reference value :  2.25314e-05
 Reference value :  2.25650e-05
 Reference value :  2.26252e-05
 Reference value :  2.26572e-05
 Reference value :  2.27188e-05
 Reference value :  2.27527e-05
 Reference value :  2.28129e-05
 Reference value :  2.28446e-05
 Reference value :  2.29063e-05
 Reference value :  2.29395e-05
 Reference value :  2.30022e-05
 Reference value :  2.30315e-05
 Reference value :  2.30941e-05
 Reference value :  2.31572e-05
 Reference value :  2.32189e-05
 Reference value :  2.32530e-05
 Reference value :  2.33128e-05
 Reference value :  2.33494e-05
 Reference value :  2.34063e-05
 Reference value :  2.34401e-05
 Reference value :  2.35005e-05
 Reference value :  2.35318e-05
 Reference value :  2.35713e-05
 Reference value :  2.36273e-05
 Reference value :  2.36835e-05
 Reference value :  2.37190e-05
 Reference value :  2.37709e-05
 Reference value :  2.38148e-05
 Reference value :  2.38469e-05
 Reference value :  2.39063e-05
 Reference value :  2.39575e-05
 Reference value :  2.40023e-05
 Reference value :  2.40315e-05
 Reference value :  2.40940e-05
 Reference value :  2.41565e-05
 Reference value :  2.41966e-05
 Reference value :  2.42528e-05
 Reference value :  2.42823e-05
 Reference value :  2.43438e-05
 Reference value :  2.43848e-05
 Reference value :  2.44384e-05
 Reference value :  2.44813e-05
 Reference value :  2.45314e-05
 Reference value :  2.45650e-05
 Reference value :  2.46068e-05
 Reference value :  2.46563e-05
 Reference value :  2.46900e-05
 Reference value :  2.47502e-05
 Reference value :  2.47816e-05
 Reference value :  2.48151e-05
 Reference value :  2.48755e-05
 Reference value :  2.49067e-05
 Reference value :  2.49689e-05
 Reference value :  2.50026e-05
 Reference value :  2.50543e-05
 Reference value :  2.51255e-05
 Reference value :  2.51901e-05
 Reference value :  2.52527e-05
 Reference value :  2.52938e-05
 Reference value :  2.53439e-05
 Reference value :  2.53797e-05
 Reference value :  2.54391e-05
 Reference value :  2.55002e-05
 Reference value :  2.55317e-05
 Reference value :  2.55938e-05
 Reference value :  2.56275e-05
 Reference value :  2.56848e-05
 Reference value :  2.57191e-05
 Reference value :  2.57564e-05
 Reference value :  2.58128e-05
 Reference value :  2.58442e-05
 Reference value :  2.59063e-05
 Reference value :  2.59388e-05
 Reference value :  2.60023e-05
 Reference value :  2.60314e-05
 Reference value :  2.60940e-05
 Reference value :  2.61565e-05
 Reference value :  2.62188e-05
 Reference value :  2.62529e-05
 Reference value :  2.62819e-05
 Reference value :  2.63306e-05
 Reference value :  2.63773e-05
 Reference value :  2.64376e-05
 Reference value :  2.64689e-05
 Reference value :  2.65027e-05
 Reference value :  2.65627e-05
 Reference value :  2.65939e-05
 Reference value :  2.66276e-05
 Reference value :  2.66876e-05
 Reference value :  2.67189e-05
 Reference value :  2.67524e-05
 Reference value :  2.68126e-05
 Reference value :  2.68439e-05
 Reference value :  2.68775e-05
 Reference value :  2.69377e-05
 Reference value :  2.70001e-05
 Reference value :  2.70227e-05
 Reference value :  2.70873e-05
 Reference value :  2.71539e-05
 Reference value :  2.71898e-05
 Reference value :  2.72502e-05
 Reference value :  2.72815e-05
 Reference value :  2.73150e-05
 Reference value :  2.73755e-05
 Reference value :  2.74072e-05
 Reference value :  2.74595e-05
 Reference value :  2.75006e-05
 Reference value :  2.75317e-05
 Reference value :  2.75671e-05
 Reference value :  2.76257e-05
 Reference value :  2.76608e-05
 Reference value :  2.77188e-05
 Reference value :  2.77523e-05
 Reference value :  2.78126e-05
 Reference value :  2.78441e-05
 Reference value :  2.78817e-05
 Reference value :  2.79379e-05
 Reference value :  2.80003e-05
 Reference value :  2.80313e-05
 Reference value :  2.80939e-05
 Reference value :  2.81564e-05
 Reference value :  2.82009e-05
 Reference value :  2.82529e-05
 Reference value :  2.82942e-05
 Reference value :  2.83438e-05
 Reference value :  2.83776e-05
 Reference value :  2.84379e-05
 Reference value :  2.84692e-05
 Reference value :  2.85033e-05
 Reference value :  2.85628e-05
 Reference value :  2.85941e-05
 Reference value :  2.86276e-05
 Reference value :  2.86891e-05
 Reference value :  2.87487e-05
 Reference value :  2.87816e-05
 Reference value :  2.88438e-05
 Reference value :  2.89063e-05
 Reference value :  2.89688e-05
 Reference value :  2.90027e-05
 Reference value :  2.90627e-05
 Reference value :  2.91255e-05
 Reference value :  2.91898e-05
 Reference value :  2.92502e-05
 Reference value :  2.92815e-05
 Reference value :  2.93263e-05
 Reference value :  2.93775e-05
 Reference value :  2.94377e-05
 Reference value :  2.94692e-05
 Reference value :  2.95033e-05
 Reference value :  2.95631e-05
 Reference value :  2.96052e-05
 Reference value :  2.96564e-05
 Reference value :  2.96995e-05
 Reference value :  2.97510e-05
 Reference value :  2.97819e-05
 Reference value :  2.98438e-05
 Reference value :  2.98777e-05
 Reference value :  2.99381e-05
 Reference value :  3.00013e-05
 Reference value :  3.00625e-05
 Reference value :  3.01251e-05
 Reference value :  3.01876e-05
 Reference value :  3.02191e-05
 Reference value :  3.02543e-05
 Reference value :  3.03127e-05
 Reference value :  3.03442e-05
 Reference value :  3.04063e-05
 Reference value :  3.04400e-05
 Reference value :  3.05001e-05
 Reference value :  3.05314e-05
 Reference value :  3.05938e-05
 Reference value :  3.06275e-05
 Reference value :  3.06876e-05
 Reference value :  3.07199e-05
 Reference value :  3.07813e-05
 Reference value :  3.08152e-05
 Reference value :  3.08758e-05
 Reference value :  3.09073e-05
 Reference value :  3.10001e-05
 Reference value :  3.10313e-05
 Reference value :  3.10939e-05
 Reference value :  3.11568e-05
 Reference value :  3.12189e-05
 Reference value :  3.12537e-05
 Reference value :  3.13131e-05
 Reference value :  3.13752e-05
 Reference value :  3.14067e-05
 Reference value :  3.14454e-05
 Reference value :  3.15023e-05
 Reference value :  3.15627e-05
 Reference value :  3.15944e-05
 Reference value :  3.16521e-05
 Reference value :  3.16883e-05
 Reference value :  3.17341e-05
 Reference value :  3.17814e-05
 Reference value :  3.18151e-05
 Reference value :  3.18755e-05
 Reference value :  3.19067e-05
 Reference value :  3.19689e-05
 Reference value :  3.20026e-05
 Reference value :  3.20626e-05
 Reference value :  3.21251e-05
 Reference value :  3.21875e-05
 Reference value :  3.22189e-05
 Reference value :  3.22531e-05
 Reference value :  3.23126e-05
 Reference value :  3.23438e-05
 Reference value :  3.23776e-05
 Reference value :  3.24376e-05
 Reference value :  3.24688e-05
 Reference value :  3.25027e-05
 Reference value :  3.25630e-05
 Reference value :  3.25945e-05
 Reference value :  3.26563e-05
 Reference value :  3.26899e-05
 Reference value :  3.27525e-05
 Reference value :  3.28130e-05
 Reference value :  3.28449e-05
 Reference value :  3.28960e-05
 Reference value :  3.29689e-05
 Reference value :  3.30030e-05
 Reference value :  3.30938e-05
 Reference value :  3.31568e-05
 Reference value :  3.32190e-05
 Reference value :  3.32814e-05
 Reference value :  3.33207e-05
 Reference value :  3.33774e-05
 Reference value :  3.34377e-05
 Reference value :  3.34885e-05
 Reference value :  3.35316e-05
 Reference value :  3.35938e-05
 Reference value :  3.36563e-05
 Reference value :  3.36902e-05
 Reference value :  3.37508e-05
 Reference value :  3.38127e-05
 Reference value :  3.38443e-05
 Reference value :  3.38789e-05
 Reference value :  3.39388e-05
 Reference value :  3.40005e-05
 Reference value :  3.40315e-05
 Reference value :  3.40947e-05
 Reference value :  3.41877e-05
 Reference value :  3.42501e-05
 Reference value :  3.42817e-05
 Reference value :  3.43180e-05
 Reference value :  3.43752e-05
 Reference value :  3.44065e-05
 Reference value :  3.44400e-05
 Reference value :  3.45001e-05
 Reference value :  3.45314e-05
 Reference value :  3.45650e-05
 Reference value :  3.46255e-05
 Reference value :  3.46876e-05
 Reference value :  3.47190e-05
 Reference value :  3.47598e-05
 Reference value :  3.48141e-05
 Reference value :  3.48447e-05
 Reference value :  3.49063e-05
 Reference value :  3.49400e-05
 Reference value :  3.50024e-05
 Reference value :  3.50346e-05
 Reference value :  3.51207e-05
 Reference value :  3.51875e-05
 Reference value :  3.52191e-05
 Reference value :  3.52813e-05
 Reference value :  3.53132e-05
 Reference value :  3.53442e-05
 Reference value :  3.53798e-05
 Reference value :  3.54378e-05
 Reference value :  3.54692e-05
 Reference value :  3.55049e-05
 Reference value :  3.55630e-05
 Reference value :  3.55944e-05
 Reference value :  3.56552e-05
 Reference value :  3.56882e-05
 Reference value :  3.57204e-05
 Reference value :  3.57813e-05
 Reference value :  3.58135e-05
 Reference value :  3.58750e-05
 Reference value :  3.59063e-05
 Reference value :  3.59656e-05
 Reference value :  3.60025e-05
 Reference value :  3.60564e-05
 Reference value :  3.61239e-05
 Reference value :  3.61833e-05
 Reference value :  3.62189e-05
 Reference value :  3.62533e-05
 Reference value :  3.63127e-05
 Reference value :  3.63440e-05
 Reference value :  3.63775e-05
 Reference value :  3.64082e-05
 Reference value :  3.64688e-05
 Reference value :  3.65023e-05
 Reference value :  3.65557e-05
 Reference value :  3.65938e-05
 Reference value :  3.66275e-05
 Reference value :  3.66877e-05
 Reference value :  3.67192e-05
 Reference value :  3.67526e-05
 Reference value :  3.68130e-05
 Reference value :  3.68573e-05
 Reference value :  3.69063e-05
 Reference value :  3.69687e-05
 Reference value :  3.70024e-05
 Reference value :  3.70318e-05
 Reference value :  3.70943e-05
 Reference value :  3.71571e-05
 Reference value :  3.72188e-05
 Reference value :  3.72529e-05
 Reference value :  3.73126e-05
 Reference value :  3.73439e-05
 Reference value :  3.73775e-05
 Reference value :  3.74376e-05
 Reference value :  3.74689e-05
 Reference value :  3.75024e-05
 Reference value :  3.75324e-05
 Reference value :  3.75863e-05
 Reference value :  3.76255e-05
 Reference value :  3.76568e-05
 Reference value :  3.77188e-05
 Reference value :  3.77505e-05
 Reference value :  3.77890e-05
 Reference value :  3.78439e-05
 Reference value :  3.78775e-05
 Reference value :  3.79116e-05
 Reference value :  3.79694e-05
 Reference value :  3.80029e-05
 Reference value :  3.80627e-05
 Reference value :  3.81252e-05
 Reference value :  3.81877e-05
 Reference value :  3.82194e-05
 Reference value :  3.82777e-05
 Reference value :  3.83130e-05
 Reference value :  3.83443e-05
 Reference value :  3.83819e-05
 Reference value :  3.84391e-05
 Reference value :  3.84694e-05
 Reference value :  3.85240e-05
 Reference value :  3.85629e-05
 Reference value :  3.85942e-05
 Reference value :  3.86276e-05
 Reference value :  3.86876e-05
 Reference value :  3.87189e-05
 Reference value :  3.87524e-05
 Reference value :  3.87861e-05
 Reference value :  3.88438e-05
 Reference value :  3.88775e-05
 Reference value :  3.89376e-05
 Reference value :  3.90000e-05
 Reference value :  3.90043e-05
 Reference value :  3.90937e-05
 Reference value :  3.91563e-05
 Reference value :  3.91900e-05
 Reference value :  3.92504e-05
 Reference value :  3.92819e-05
 Reference value :  3.93438e-05
 Reference value :  3.93756e-05
 Reference value :  3.94299e-05
 Reference value :  3.94688e-05
 Reference value :  3.95025e-05
 Reference value :  3.95626e-05
 Reference value :  3.95939e-05
 Reference value :  3.96276e-05
 Reference value :  3.96879e-05
 Reference value :  3.97196e-05
 Reference value :  3.97813e-05
 Reference value :  3.98148e-05
 Reference value :  3.98751e-05
 Reference value :  3.99064e-05
 Reference value :  3.99689e-05
 Reference value :  4.00028e-05
 Reference value :  4.00626e-05
 Reference value :  4.01097e-05
 Reference value :  4.01635e-05
 Reference value :  4.02189e-05
 Reference value :  4.02533e-05
 Reference value :  4.03147e-05
 Reference value :  4.03444e-05
 Reference value :  4.03999e-05
 Reference value :  4.04398e-05
 Reference value :  4.04962e-05
 Reference value :  4.05313e-05
 Reference value :  4.05648e-05
 Reference value :  4.06250e-05
 Reference value :  4.06564e-05
 Reference value :  4.06898e-05
 Reference value :  4.07501e-05
 Reference value :  4.07816e-05
 Reference value :  4.08150e-05
 Reference value :  4.08588e-05
 Reference value :  4.08899e-05
 Reference value :  4.09380e-05
 Reference value :  4.10002e-05
 Reference value :  4.10313e-05
 Reference value :  4.10938e-05
 Reference value :  4.11456e-05
 Reference value :  4.11899e-05
 Reference value :  4.12504e-05
 Reference value :  4.12905e-05
 Reference value :  4.13438e-05
 Reference value :  4.13766e-05
 Reference value :  4.14207e-05
 Reference value :  4.14688e-05
 Reference value :  4.15023e-05
 Reference value :  4.15387e-05
 Reference value :  4.15938e-05
 Reference value :  4.16273e-05
 Reference value :  4.16875e-05
 Reference value :  4.17189e-05
 Reference value :  4.17526e-05
 Reference value :  4.18130e-05
 Reference value :  4.18447e-05
 Reference value :  4.18836e-05
 Reference value :  4.19380e-05
 Reference value :  4.20003e-05
 Reference value :  4.20313e-05
 Reference value :  4.20938e-05
 Reference value :  4.21297e-05
 Reference value :  4.21898e-05
 Reference value :  4.22502e-05
 Reference value :  4.22815e-05
 Reference value :  4.23193e-05
 Reference value :  4.23754e-05
 Reference value :  4.24065e-05
 Reference value :  4.24401e-05
 Reference value :  4.25001e-05
 Reference value :  4.25314e-05
 Reference value :  4.25652e-05
 Reference value :  4.26254e-05
 Reference value :  4.26567e-05
 Reference value :  4.26901e-05
 Reference value :  4.27504e-05
 Reference value :  4.27819e-05
 Reference value :  4.28438e-05
 Reference value :  4.28755e-05
 Reference value :  4.29064e-05
 Reference value :  4.29615e-05
 Reference value :  4.30025e-05
 Reference value :  4.30318e-05
 Reference value :  4.30942e-05
 Reference value :  4.31564e-05
 Reference value :  4.32130e-05
 Reference value :  4.32527e-05
 Reference value :  4.33127e-05
 Reference value :  4.33439e-05
 Reference value :  4.33775e-05
 Reference value :  4.34375e-05
 Reference value :  4.34688e-05
 Reference value :  4.35024e-05
 Reference value :  4.35510e-05
 Reference value :  4.35938e-05
 Reference value :  4.36275e-05
 Reference value :  4.36876e-05
 Reference value :  4.37190e-05
 Reference value :  4.37525e-05
 Reference value :  4.38103e-05
 Reference value :  4.38439e-05
 Reference value :  4.38773e-05
 Reference value :  4.39067e-05
 Reference value :  4.39689e-05
 Reference value :  4.40027e-05
 Reference value :  4.40625e-05
 Reference value :  4.40955e-05
 Reference value :  4.41569e-05
 Reference value :  4.42188e-05
 Reference value :  4.42530e-05
 Reference value :  4.43129e-05
 Reference value :  4.43440e-05
 Reference value :  4.43775e-05
 Reference value :  4.44375e-05
 Reference value :  4.44688e-05
 Reference value :  4.45024e-05
 Reference value :  4.45626e-05
 Reference value :  4.45939e-05
 Reference value :  4.46273e-05
 Reference value :  4.46875e-05
 Reference value :  4.47189e-05
 Reference value :  4.47524e-05
 Reference value :  4.48078e-05
 Reference value :  4.48438e-05
 Reference value :  4.48773e-05
 Reference value :  4.49364e-05
 Reference value :  4.49804e-05
 Reference value :  4.50030e-05
 Reference value :  4.50630e-05
 Reference value :  4.51252e-05
 Reference value :  4.51876e-05
 Reference value :  4.52192e-05
 Reference value :  4.52749e-05
 Reference value :  4.53148e-05
 Reference value :  4.53751e-05
 Reference value :  4.54064e-05
 Reference value :  4.54400e-05
 Reference value :  4.55002e-05
 Reference value :  4.55316e-05
 Reference value :  4.55778e-05
 Reference value :  4.56275e-05
 Reference value :  4.56862e-05
 Reference value :  4.57189e-05
 Reference value :  4.57526e-05
 Reference value :  4.58127e-05
 Reference value :  4.58441e-05
 Reference value :  4.58802e-05
 Reference value :  4.59378e-05
 Reference value :  4.60002e-05
 Reference value :  4.60230e-05
 Reference value :  4.60917e-05
 Reference value :  4.61254e-05
 Reference value :  4.61879e-05
 Reference value :  4.62375e-05
 Reference value :  4.62814e-05
 Reference value :  4.63152e-05
 Reference value :  4.63756e-05
 Reference value :  4.64068e-05
 Reference value :  4.64495e-05
 Reference value :  4.65023e-05
 Reference value :  4.65324e-05
 Reference value :  4.65751e-05
 Reference value :  4.66273e-05
 Reference value :  4.66568e-05
 Reference value :  4.66954e-05
 Reference value :  4.67516e-05
 Reference value :  4.67825e-05
 Reference value :  4.68438e-05
 Reference value :  4.68756e-05
 Reference value :  4.69068e-05
 Reference value :  4.69689e-05
 Reference value :  4.70027e-05
 Reference value :  4.70626e-05
 Reference value :  4.70947e-05
 Reference value :  4.71569e-05
 Reference value :  4.72188e-05
 Reference value :  4.72529e-05
 Reference value :  4.73128e-05
 Reference value :  4.73441e-05
 Reference value :  4.73984e-05
 Reference value :  4.74381e-05
 Reference value :  4.74693e-05
 Reference value :  4.75050e-05
 Reference value :  4.75628e-05
 Reference value :  4.75940e-05
 Reference value :  4.76276e-05
 Reference value :  4.76876e-05
 Reference value :  4.77190e-05
 Reference value :  4.77525e-05
 Reference value :  4.78126e-05
 Reference value :  4.78440e-05
 Reference value :  4.78778e-05
 Reference value :  4.79376e-05
 Reference value :  4.80000e-05
 Reference value :  4.80031e-05
 Reference value :  4.80630e-05
 Reference value :  4.81251e-05
 Reference value :  4.81876e-05
 Reference value :  4.82189e-05
 Reference value :  4.82531e-05
 Reference value :  4.83132e-05
 Reference value :  4.83714e-05
 Reference value :  4.84032e-05
 Reference value :  4.84379e-05
 Reference value :  4.84694e-05
 Reference value :  4.85062e-05
 Reference value :  4.85648e-05
 Reference value :  4.86175e-05
 Reference value :  4.86563e-05
 Reference value :  4.86887e-05
 Reference value :  4.87194e-05
 Reference value :  4.87531e-05
 Reference value :  4.88127e-05
 Reference value :  4.88441e-05
 Reference value :  4.88811e-05
 Reference value :  4.89379e-05
 Reference value :  4.90002e-05
 Reference value :  4.90313e-05
 Reference value :  4.90938e-05
 Reference value :  4.91517e-05
 Reference value :  4.91900e-05
 Reference value :  4.92503e-05
 Reference value :  4.92816e-05
 Reference value :  4.93290e-05
 Reference value :  4.93773e-05
 Reference value :  4.94375e-05
 Reference value :  4.94689e-05
 Reference value :  4.95025e-05
 Reference value :  4.95625e-05
 Reference value :  4.95939e-05
 Reference value :  4.96276e-05
 Reference value :  4.96877e-05
 Reference value :  4.97190e-05
 Reference value :  4.97597e-05
 Reference value :  4.98148e-05
 Reference value :  4.98751e-05
 Reference value :  4.99064e-05
 Reference value :  4.99688e-05
 Reference value :  5.00025e-05
 Reference value :  5.00321e-05
 Reference value :  5.00943e-05
 Reference value :  5.01565e-05
 Reference value :  5.02029e-05
 Reference value :  5.02527e-05
 Reference value :  5.03126e-05
 Reference value :  5.03439e-05
 Reference value :  5.03776e-05
 Reference value :  5.04379e-05
 Reference value :  5.04692e-05
 Reference value :  5.05031e-05
 Reference value :  5.05628e-05
 Reference value :  5.05941e-05
 Reference value :  5.06276e-05
 Reference value :  5.06876e-05
 Reference value :  5.07189e-05
 Reference value :  5.07525e-05
 Reference value :  5.08127e-05
 Reference value :  5.08456e-05
 Reference value :  5.09063e-05
 Reference value :  5.09396e-05
 Reference value :  5.10007e-05
 Reference value :  5.10314e-05
 Reference value :  5.10939e-05
 Reference value :  5.11495e-05
 Reference value :  5.11898e-05
 Reference value :  5.12504e-05
 Reference value :  5.12819e-05
 Reference value :  5.13438e-05
 Reference value :  5.13775e-05
 Reference value :  5.14377e-05
 Reference value :  5.14689e-05
 Reference value :  5.15025e-05
 Reference value :  5.15625e-05
 Reference value :  5.15938e-05
 Reference value :  5.16275e-05
 Reference value :  5.16877e-05
 Reference value :  5.17191e-05
 Reference value :  5.17800e-05
 Reference value :  5.18129e-05
 Reference value :  5.18510e-05
 Reference value :  5.19063e-05
 Reference value :  5.19571e-05
 Reference value :  5.20025e-05
 Reference value :  5.20315e-05
 Reference value :  5.20941e-05
 Reference value :  5.21566e-05
 Reference value :  5.21902e-05
 Reference value :  5.22527e-05
 Reference value :  5.23126e-05
 Reference value :  5.23439e-05
 Reference value :  5.23776e-05
 Reference value :  5.24379e-05
 Reference value :  5.24691e-05
 Reference value :  5.25109e-05
 Reference value :  5.25629e-05
 Reference value :  5.25941e-05
 Reference value :  5.26492e-05
 Reference value :  5.26879e-05
 Reference value :  5.27193e-05
 Reference value :  5.27529e-05
 Reference value :  5.28129e-05
 Reference value :  5.28442e-05
 Reference value :  5.28956e-05
 Reference value :  5.29408e-05
 Reference value :  5.30020e-05
 Reference value :  5.30314e-05
 Reference value :  5.30939e-05
 Reference value :  5.31564e-05
 Reference value :  5.31898e-05
 Reference value :  5.32501e-05
 Reference value :  5.32814e-05
 Reference value :  5.33157e-05
 Reference value :  5.33759e-05
 Reference value :  5.34375e-05
 Reference value :  5.34688e-05
 Reference value :  5.35026e-05
 Reference value :  5.35626e-05
 Reference value :  5.35939e-05
 Reference value :  5.36275e-05
 Reference value :  5.36876e-05
 Reference value :  5.37188e-05
 Reference value :  5.37523e-05
 Reference value :  5.38126e-05
 Reference value :  5.38440e-05
 Reference value :  5.38776e-05
 Reference value :  5.39376e-05
 Reference value :  5.40000e-05
 Reference value :  5.40068e-05
 Reference value :  5.40637e-05
 Reference value :  5.41260e-05
 Reference value :  5.41880e-05
 Reference value :  5.42206e-05
 Reference value :  5.42812e-05
 Reference value :  5.43148e-05
 Reference value :  5.43751e-05
 Reference value :  5.44063e-05
 Reference value :  5.44400e-05
 Reference value :  5.45002e-05
 Reference value :  5.45314e-05
 Reference value :  5.45649e-05
 Reference value :  5.46229e-05
 Reference value :  5.46563e-05
 Reference value :  5.46900e-05
 Reference value :  5.47502e-05
 Reference value :  5.47816e-05
 Reference value :  5.48150e-05
 Reference value :  5.48752e-05
 Reference value :  5.49067e-05
 Reference value :  5.49689e-05
 Reference value :  5.50027e-05
 Reference value :  5.50626e-05
 Reference value :  5.51251e-05
 Reference value :  5.51875e-05
 Reference value :  5.52190e-05
 Reference value :  5.52529e-05
 Reference value :  5.53127e-05
 Reference value :  5.53439e-05
 Reference value :  5.53806e-05
 Reference value :  5.54382e-05
 Reference value :  5.54784e-05
 Reference value :  5.55313e-05
 Reference value :  5.55635e-05
 Reference value :  5.55942e-05
 Reference value :  5.56279e-05
 Reference value :  5.56898e-05
 Reference value :  5.57500e-05
 Reference value :  5.57814e-05
 Reference value :  5.58151e-05
 Reference value :  5.58752e-05
 Reference value :  5.59064e-05
 Reference value :  5.59515e-05
 Reference value :  5.60024e-05
 Reference value :  5.60315e-05
 Reference value :  5.60940e-05
 Reference value :  5.61566e-05
 Reference value :  5.62188e-05
 Reference value :  5.62528e-05
 Reference value :  5.63126e-05
 Reference value :  5.63439e-05
 Reference value :  5.63777e-05
 Reference value :  5.64379e-05
 Reference value :  5.64690e-05
 Reference value :  5.65066e-05
 Reference value :  5.65629e-05
 Reference value :  5.65942e-05
 Reference value :  5.66280e-05
 Reference value :  5.66881e-05
 Reference value :  5.67196e-05
 Reference value :  5.67813e-05
 Reference value :  5.68130e-05
 Reference value :  5.68643e-05
 Reference value :  5.69063e-05
 Reference value :  5.69455e-05
 Reference value :  5.70006e-05
 Reference value :  5.70314e-05
 Reference value :  5.70939e-05
 Reference value :  5.71564e-05
 Reference value :  5.71901e-05
 Reference value :  5.72509e-05
 Reference value :  5.72819e-05
 Reference value :  5.73212e-05
 Reference value :  5.73763e-05
 Reference value :  5.74175e-05
 Reference value :  5.74688e-05
 Reference value :  5.75025e-05
 Reference value :  5.75516e-05
 Reference value :  5.75938e-05
 Reference value :  5.76260e-05
 Reference value :  5.76568e-05
 Reference value :  5.76914e-05
 Reference value :  5.77502e-05
 Reference value :  5.77815e-05
 Reference value :  5.78150e-05
 Reference value :  5.78751e-05
 Reference value :  5.79065e-05
 Reference value :  5.79688e-05
 Reference value :  5.80025e-05
 Reference value :  5.80384e-05
 Reference value :  5.81009e-05
 Reference value :  5.81573e-05
 Reference value :  5.82188e-05
 Reference value :  5.82529e-05
 Reference value :  5.83125e-05
 Reference value :  5.83438e-05
 Reference value :  5.83776e-05
 Reference value :  5.84379e-05
 Reference value :  5.84690e-05
 Reference value :  5.85235e-05
 Reference value :  5.85631e-05
 Reference value :  5.85949e-05
 Reference value :  5.86547e-05
 Reference value :  5.86880e-05
 Reference value :  5.87192e-05
 Reference value :  5.87527e-05
 Reference value :  5.88132e-05
 Reference value :  5.88478e-05
 Reference value :  5.89063e-05
 Reference value :  5.89386e-05
 Reference value :  5.90006e-05
 Reference value :  5.90314e-05
 Reference value :  5.90939e-05
 Reference value :  5.91564e-05
 Reference value :  5.91934e-05
 Reference value :  5.92528e-05
 Reference value :  5.92922e-05
 Reference value :  5.93438e-05
 Reference value :  5.93775e-05
 Reference value :  5.94378e-05
 Reference value :  5.94691e-05
 Reference value :  5.95028e-05
 Reference value :  5.95627e-05
 Reference value :  5.95939e-05
 Reference value :  5.96281e-05
 Reference value :  5.96882e-05
 Reference value :  5.97194e-05
 Reference value :  5.97802e-05
 Reference value :  5.98148e-05
 Reference value :  5.98447e-05
 Reference value :  5.98843e-05
 Reference value :  5.99389e-05
 Reference value :  6.00005e-05
 Reference value :  6.00314e-05
 Reference value :  6.00938e-05
 Reference value :  6.01564e-05
 Reference value :  6.01969e-05
 Reference value :  6.02527e-05
 Reference value :  6.02880e-05
 Reference value :  6.03438e-05
 Reference value :  6.03776e-05
 Reference value :  6.04378e-05
 Reference value :  6.04692e-05
 Reference value :  6.05027e-05
 Reference value :  6.05627e-05
 Reference value :  6.05939e-05
 Reference value :  6.06275e-05
 Reference value :  6.06877e-05
 Reference value :  6.07191e-05
 Reference value :  6.07525e-05
 Reference value :  6.08126e-05
 Reference value :  6.08440e-05
 Reference value :  6.08780e-05
 Reference value :  6.09378e-05
 Reference value :  6.10002e-05
 Reference value :  6.10313e-05
 Reference value :  6.10938e-05
 Reference value :  6.11564e-05
 Reference value :  6.11902e-05
 Reference value :  6.12511e-05
 Reference value :  6.12819e-05
 Reference value :  6.13166e-05
 Reference value :  6.13756e-05
 Reference value :  6.14068e-05
 Reference value :  6.14688e-05
 Reference value :  6.15006e-05
 Reference value :  6.15389e-05
 Reference value :  6.15938e-05
 Reference value :  6.16275e-05
 Reference value :  6.16875e-05
 Reference value :  6.17189e-05
 Reference value :  6.17527e-05
 Reference value :  6.18127e-05
 Reference value :  6.18440e-05
 Reference value :  6.18781e-05
 Reference value :  6.19377e-05
 Reference value :  6.19915e-05
 Reference value :  6.20030e-05
 Reference value :  6.20630e-05
 Reference value :  6.21255e-05
 Reference value :  6.21883e-05
 Reference value :  6.22501e-05
 Reference value :  6.22814e-05
 Reference value :  6.23149e-05
 Reference value :  6.23751e-05
 Reference value :  6.24064e-05
 Reference value :  6.24398e-05
 Reference value :  6.24706e-05
 Reference value :  6.25181e-05
 Reference value :  6.25649e-05
 Reference value :  6.25945e-05
 Reference value :  6.26302e-05
 Reference value :  6.26879e-05
 Reference value :  6.27197e-05
 Reference value :  6.27813e-05
 Reference value :  6.28150e-05
 Reference value :  6.28752e-05
 Reference value :  6.29065e-05
 Reference value :  6.29689e-05
 Reference value :  6.30027e-05
 Reference value :  6.30626e-05
 Reference value :  6.31251e-05
 Reference value :  6.31876e-05
 Reference value :  6.32192e-05
 Reference value :  6.32765e-05
 Reference value :  6.33130e-05
 Reference value :  6.33673e-05
 Reference value :  6.34063e-05
 Reference value :  6.34398e-05
 Reference value :  6.34692e-05
 Reference value :  6.35042e-05
 Reference value :  6.35629e-05
 Reference value :  6.35941e-05
 Reference value :  6.36275e-05
 Reference value :  6.36876e-05
 Reference value :  6.37190e-05
 Reference value :  6.37531e-05
 Reference value :  6.38135e-05
 Reference value :  6.38750e-05
 Reference value :  6.39064e-05
 Reference value :  6.39670e-05
 Reference value :  6.40025e-05
 Reference value :  6.40319e-05
 Reference value :  6.40987e-05
 Reference value :  6.41859e-05
 Reference value :  6.42190e-05
 Reference value :  6.42533e-05
 Reference value :  6.43127e-05
 Reference value :  6.43441e-05
 Reference value :  6.44063e-05
 Reference value :  6.44379e-05
 Reference value :  6.44693e-05
 Reference value :  6.45313e-05
 Reference value :  6.45648e-05
 Reference value :  6.45943e-05
 Reference value :  6.46413e-05
 Reference value :  6.46883e-05
 Reference value :  6.47329e-05
 Reference value :  6.47814e-05
 Reference value :  6.48148e-05
 Reference value :  6.48751e-05
 Reference value :  6.49064e-05
 Reference value :  6.49688e-05
 Reference value :  6.50026e-05
 Reference value :  6.50625e-05
 Reference value :  6.51251e-05
 Reference value :  6.51876e-05
 Reference value :  6.52190e-05
 Reference value :  6.52782e-05
 Reference value :  6.53129e-05
 Reference value :  6.53489e-05
 Reference value :  6.54063e-05
 Reference value :  6.54400e-05
 Reference value :  6.55002e-05
 Reference value :  6.55315e-05
 Reference value :  6.55733e-05
 Reference value :  6.56274e-05
 Reference value :  6.56876e-05
 Reference value :  6.57190e-05
 Reference value :  6.57526e-05
 Reference value :  6.58131e-05
 Reference value :  6.58752e-05
 Reference value :  6.59064e-05
 Reference value :  6.59689e-05
No. of Data Rows : 165962
s000                =  7.34000e+02
s001                =  3.31000e+02
s002                =  6.47000e+02
s003                =  4.21000e+02
s004                =  5.55000e+02
s005                =  5.15000e+02
s006                =  4.61000e+02
s007                =  6.08000e+02
s008                =  3.69000e+02
s009                =  6.98000e+02
s010                =  2.83000e+02
s011                =  7.81000e+02
s012                =  2.05000e+02
s013                =  8.53000e+02
s014                =  1.39000e+02
s015                =  9.12000e+02
s016                =  8.80000e+01
s017                =  9.55000e+02
s018                =  5.20000e+01
s019                =  9.82000e+02
s020                =  3.50000e+01
s021                =  9.90000e+02
s022                =  3.50000e+01
s023                =  9.80000e+02
s024                =  5.40000e+01
s025                =  9.52000e+02
s026                =  9.10000e+01
s027                =  9.08000e+02
s028                =  1.43000e+02
s029                =  8.48000e+02
s030                =  2.10000e+02
s031                =  7.74000e+02
s032                =  2.89000e+02
s033                =  6.91000e+02
s034                =  3.76000e+02
s035                =  6.01000e+02
s036                =  4.68000e+02
s037                =  5.08000e+02
s038                =  5.62000e+02
s039                =  4.15000e+02
s040                =  6.54000e+02
s041                =  3.25000e+02
s042                =  7.41000e+02
s043                =  2.43000e+02
s044                =  8.18000e+02
s045                =  1.71000e+02
s046                =  8.84000e+02
s047                =  1.12000e+02
s048                =  9.36000e+02
s049                =  6.80000e+01
s050                =  9.71000e+02
s051                =  4.10000e+01
s052                =  9.88000e+02
s053                =  3.30000e+01
s054                =  9.88000e+02
s055                =  4.30000e+01
s056                =  9.68000e+02
s057                =  7.00000e+01
s058                =  9.32000e+02
s059                =  1.15000e+02
s060                =  8.79000e+02
s061                =  1.75000e+02
s062                =  8.12000e+02
s063                =  2.48000e+02
cmax                =  9.90000e+02 at=  2.49396e-05
cmin                =  3.30000e+01 at=  5.69396e-05
d000                =  2.58379e+02 at=  2.50012e-06
d008                =  6.23411e+02 at=  1.07813e-05
d016                =  8.51021e+02 at=  1.88751e-05
d024                =  6.02836e+02 at=  2.68751e-05
d032                =  2.58167e+02 at=  3.45001e-05
d040                =  6.23682e+02 at=  4.27817e-05
d048                =  8.51180e+02 at=  5.08751e-05
d056                =  6.02484e+02 at=  5.88751e-05
vrefhi              =  3.63192e+00 at=  6.50894e-05
vreflo              =  3.62822e+00 at=  6.40673e-05
m_code_s000 = 7.3400000000e+02
m_code_s001 = 3.3100000000e+02
m_code_s002 = 6.4700000000e+02
m_code_s003 = 4.2100000000e+02
m_code_s004 = 5.5500000000e+02
m_code_s005 = 5.1500000000e+02
m_code_s006 = 4.6100000000e+02
m_code_s007 = 6.0800000000e+02
m_code_s008 = 3.6900000000e+02
m_code_s009 = 6.9800000000e+02
m_code_s010 = 2.8300000000e+02
m_code_s011 = 7.8100000000e+02
m_code_s012 = 2.0500000000e+02
m_code_s013 = 8.5300000000e+02
m_code_s014 = 1.3900000000e+02
m_code_s015 = 9.1200000000e+02
m_code_s016 = 8.8000000000e+01
m_code_s017 = 9.5500000000e+02
m_code_s018 = 5.2000000000e+01
m_code_s019 = 9.8200000000e+02
m_code_s020 = 3.5000000000e+01
m_code_s021 = 9.9000000000e+02
m_code_s022 = 3.5000000000e+01
m_code_s023 = 9.8000000000e+02
m_code_s024 = 5.4000000000e+01
m_code_s025 = 9.5200000000e+02
m_code_s026 = 9.1000000000e+01
m_code_s027 = 9.0800000000e+02
m_code_s028 = 1.4300000000e+02
m_code_s029 = 8.4800000000e+02
m_code_s030 = 2.1000000000e+02
m_code_s031 = 7.7400000000e+02
m_code_s032 = 2.8900000000e+02
m_code_s033 = 6.9100000000e+02
m_code_s034 = 3.7600000000e+02
m_code_s035 = 6.0100000000e+02
m_code_s036 = 4.6800000000e+02
m_code_s037 = 5.0800000000e+02
m_code_s038 = 5.6200000000e+02
m_code_s039 = 4.1500000000e+02
m_code_s040 = 6.5400000000e+02
m_code_s041 = 3.2500000000e+02
m_code_s042 = 7.4100000000e+02
m_code_s043 = 2.4300000000e+02
m_code_s044 = 8.1800000000e+02
m_code_s045 = 1.7100000000e+02
m_code_s046 = 8.8400000000e+02
m_code_s047 = 1.1200000000e+02
m_code_s048 = 9.3600000000e+02
m_code_s049 = 6.8000000000e+01
m_code_s050 = 9.7100000000e+02
m_code_s051 = 4.1000000000e+01
m_code_s052 = 9.8800000000e+02
m_code_s053 = 3.3000000000e+01
m_code_s054 = 9.8800000000e+02
m_code_s055 = 4.3000000000e+01
m_code_s056 = 9.6800000000e+02
m_code_s057 = 7.0000000000e+01
m_code_s058 = 9.3200000000e+02
m_code_s059 = 1.1500000000e+02
m_code_s060 = 8.7900000000e+02
m_code_s061 = 1.7500000000e+02
m_code_s062 = 8.1200000000e+02
m_code_s063 = 2.4800000000e+02
m_decerr_c000_lsb = 2.5837920000e+02
m_decerr_c008_lsb = 6.2341090000e+02
m_decerr_c016_lsb = 8.5102050000e+02
m_decerr_c024_lsb = 6.0283550000e+02
m_decerr_c032_lsb = 2.5816670000e+02
m_decerr_c040_lsb = 6.2368180000e+02
m_decerr_c048_lsb = 8.5118010000e+02
m_decerr_c056_lsb = 6.0248360000e+02
m_code_max = 9.9000000000e+02
m_code_min = 3.3000000000e+01
m_vref_droop_mv = 3.7020000000e+00
Note: Simulation executed from .control section 

Warning: m=xx on .subckt line will override multiplier m hierarchy!

Note: Starting dynamic gmin stepping
Note: Dynamic gmin stepping completed
