
Note: Compatibility modes selected: hs a


Circuit: * dr0019-cu-sweep @ ff_125c_3.63v -- generated by sim/harness, do not edit

Reducing trtol to 1 for xspice 'A' devices
Doing analysis at TEMP = 125.000000 and TNOM = 27.000000

Using SPARSE 1.3 as Direct Linear Solver

Initial Transient Solution
--------------------------

Node                                   Voltage
----                                   -------
clk                                          0
cmpclk                                       0
cmpclkb                                   3.63
vddt                                      3.63
vddd                                      3.63
vddc                                      3.63
vrefs                                     3.63
vrefn                                     3.63
vcmn                                     1.815
se_vinp                                  1.815
se_vinn                                  1.815
se_start                                     0
se_mode                                      0
se_cmp                                 1.47265
se_samp_tp_n                                 0
se_sel_in_n                                  0
se_drdy                                   3.63
se_c9                                        0
se_c8                                        0
se_c7                                        0
se_c6                                        0
se_c5                                        0
se_c4                                        0
se_c3                                        0
se_c2                                        0
se_c1                                        0
se_c0                                        0
se_rel_n_256p                             3.63
se_sel_hi_n_256p                             0
se_sel_lo_n_256p                             0
se_rel_n_128p                             3.63
se_sel_hi_n_128p                             0
se_sel_lo_n_128p                             0
se_rel_n_64p                              3.63
se_sel_hi_n_64p                              0
se_sel_lo_n_64p                              0
se_rel_n_32p                              3.63
se_sel_hi_n_32p                              0
se_sel_lo_n_32p                              0
se_rel_n_16p                              3.63
se_sel_hi_n_16p                              0
se_sel_lo_n_16p                              0
se_rel_n_8p                               3.63
se_sel_hi_n_8p                               0
se_sel_lo_n_8p                               0
se_rel_n_4p                               3.63
se_sel_hi_n_4p                               0
se_sel_lo_n_4p                               0
se_rel_n_2p                               3.63
se_sel_hi_n_2p                               0
se_sel_lo_n_2p                               0
se_rel_n_1p                               3.63
se_sel_hi_n_1p                               0
se_sel_lo_n_1p                               0
se_rel_n_256n                             3.63
se_sel_hi_n_256n                             0
se_sel_lo_n_256n                             0
se_rel_n_128n                             3.63
se_sel_hi_n_128n                             0
se_sel_lo_n_128n                             0
se_rel_n_64n                              3.63
se_sel_hi_n_64n                              0
se_sel_lo_n_64n                              0
se_rel_n_32n                              3.63
se_sel_hi_n_32n                              0
se_sel_lo_n_32n                              0
se_rel_n_16n                              3.63
se_sel_hi_n_16n                              0
se_sel_lo_n_16n                              0
se_rel_n_8n                               3.63
se_sel_hi_n_8n                               0
se_sel_lo_n_8n                               0
se_rel_n_4n                               3.63
se_sel_hi_n_4n                               0
se_sel_lo_n_4n                               0
se_rel_n_2n                               3.63
se_sel_hi_n_2n                               0
se_sel_lo_n_2n                               0
se_rel_n_1n                               3.63
se_sel_hi_n_1n                               0
se_sel_lo_n_1n                               0
se_pinp                                  1.815
se_pinn                                  1.815
xsetswp.gp                                3.63
se_topp                                1.81506
xsetswn.gp                                3.63
se_topn                                1.81506
xsearrp.x256.bp                          1.815
xsearrp.x256.gp_in                        3.63
xsearrp.x256.gp_rel                8.41398e-08
xsearrp.x256.gp_hi                        3.63
xsearrp.x256.gp_lo                        3.63
xsearrp.x128.bp                          1.815
xsearrp.x128.gp_in                        3.63
xsearrp.x128.gp_rel                8.41398e-08
xsearrp.x128.gp_hi                        3.63
xsearrp.x128.gp_lo                        3.63
xsearrp.x64.bp                           1.815
xsearrp.x64.gp_in                         3.63
xsearrp.x64.gp_rel                 8.41398e-08
xsearrp.x64.gp_hi                         3.63
xsearrp.x64.gp_lo                         3.63
xsearrp.x32.bp                           1.815
xsearrp.x32.gp_in                         3.63
xsearrp.x32.gp_rel                 8.41398e-08
xsearrp.x32.gp_hi                         3.63
xsearrp.x32.gp_lo                         3.63
xsearrp.x16.bp                           1.815
xsearrp.x16.gp_in                         3.63
xsearrp.x16.gp_rel                 8.41398e-08
xsearrp.x16.gp_hi                         3.63
xsearrp.x16.gp_lo                         3.63
xsearrp.x8.bp                            1.815
xsearrp.x8.gp_in                          3.63
xsearrp.x8.gp_rel                  8.41398e-08
xsearrp.x8.gp_hi                          3.63
xsearrp.x8.gp_lo                          3.63
xsearrp.x4.bp                            1.815
xsearrp.x4.gp_in                          3.63
xsearrp.x4.gp_rel                  8.41398e-08
xsearrp.x4.gp_hi                          3.63
xsearrp.x4.gp_lo                          3.63
xsearrp.x2.bp                            1.815
xsearrp.x2.gp_in                          3.63
xsearrp.x2.gp_rel                  8.41398e-08
xsearrp.x2.gp_hi                          3.63
xsearrp.x2.gp_lo                          3.63
xsearrp.x1.bp                            1.815
xsearrp.x1.gp_in                          3.63
xsearrp.x1.gp_rel                  8.41398e-08
xsearrp.x1.gp_hi                          3.63
xsearrp.x1.gp_lo                          3.63
xsearrn.x256.bp                          1.815
xsearrn.x256.gp_in                        3.63
xsearrn.x256.gp_rel                8.41398e-08
xsearrn.x256.gp_hi                        3.63
xsearrn.x256.gp_lo                        3.63
xsearrn.x128.bp                          1.815
xsearrn.x128.gp_in                        3.63
xsearrn.x128.gp_rel                8.41398e-08
xsearrn.x128.gp_hi                        3.63
xsearrn.x128.gp_lo                        3.63
xsearrn.x64.bp                           1.815
xsearrn.x64.gp_in                         3.63
xsearrn.x64.gp_rel                 8.41398e-08
xsearrn.x64.gp_hi                         3.63
xsearrn.x64.gp_lo                         3.63
xsearrn.x32.bp                           1.815
xsearrn.x32.gp_in                         3.63
xsearrn.x32.gp_rel                 8.41398e-08
xsearrn.x32.gp_hi                         3.63
xsearrn.x32.gp_lo                         3.63
xsearrn.x16.bp                           1.815
xsearrn.x16.gp_in                         3.63
xsearrn.x16.gp_rel                 8.41398e-08
xsearrn.x16.gp_hi                         3.63
xsearrn.x16.gp_lo                         3.63
xsearrn.x8.bp                            1.815
xsearrn.x8.gp_in                          3.63
xsearrn.x8.gp_rel                  8.41398e-08
xsearrn.x8.gp_hi                          3.63
xsearrn.x8.gp_lo                          3.63
xsearrn.x4.bp                            1.815
xsearrn.x4.gp_in                          3.63
xsearrn.x4.gp_rel                  8.41398e-08
xsearrn.x4.gp_hi                          3.63
xsearrn.x4.gp_lo                          3.63
xsearrn.x2.bp                            1.815
xsearrn.x2.gp_in                          3.63
xsearrn.x2.gp_rel                  8.41398e-08
xsearrn.x2.gp_hi                          3.63
xsearrn.x2.gp_lo                          3.63
xsearrn.x1.bp                            1.815
xsearrn.x1.gp_in                          3.63
xsearrn.x1.gp_rel                  8.41398e-08
xsearrn.x1.gp_hi                          3.63
xsearrn.x1.gp_lo                          3.63
se_ibias                              0.563892
xsecmp.xpre.ptail                       1.0658
xsecmp.pon                              3.0472
xsecmp.preamp_in1                      1.81506
xsecmp.pop                              3.0472
xsecmp.preamp_in2                      1.81506
xsecmp.xpre.xrlp.11                    3.62972
xsecmp.xpre.xrlp.21                    3.04748
xsecmp.xpre.xrln.11                    3.62972
xsecmp.xpre.xrln.21                    3.04748
xsecmp.xlat.ltail                      2.39345
xsecmp.xlat.dip                           3.63
xsecmp.xlat.din                           3.63
xsecmp.outn                               3.63
xsecmp.outp                               3.63
xsecmp.sset                        1.08062e-07
xsecmp.srst                        1.08062e-07
xsecmp.xno1.ps                          3.3091
se_cmpb                                1.47265
xsecmp.xno2.ps                          3.3091
se_dacp                           -1.11022e-16
se_dacn                           -1.11022e-16
se_di                                        0
se_err                              4.8426e-14
se_aerrh                                     0
se_code                                      0
seph                                      3.63
bseph#branch                                 0
bsecode#branch                               0
bseea#branch                                 0
bsee#branch                                  0
bsedi#branch                                 0
bsedacn#branch                               0
bsedacp#branch                               0
lref#branch                         1.9787e-08
v.xsecmp.vpn#branch                8.23184e-28
v.xsecmp.vpp#branch                5.69909e-28
vsemode#branch                               0
vsestart#branch                              0
vsevinn#branch                     1.09786e-15
vsein#branch                       1.09786e-15
vcms#branch                       -1.24407e-07
vrefs#branch                       -1.9787e-08
vddc#branch                       -0.000882753
vddd#branch                       -7.21545e-08
vddt#branch                       -2.55648e-09
vcmpclkb#branch                              0
vcmpclk#branch                               0
vclk#branch                                  0
a.xsectrl.a_gn#branch_1_0                    0
a.xsectrl.a_gn#branch_1_1                    0
a.xsectrl.a_gn#branch_1_2                    0
a.xsectrl.a_gn#branch_1_3                    0
a.xsectrl.a_gn#branch_1_4                    0
a.xsectrl.a_gn#branch_1_5                    0
a.xsectrl.a_gn#branch_1_6                    0
a.xsectrl.a_gn#branch_1_7                    0
a.xsectrl.a_gn#branch_1_8                    0
a.xsectrl.a_gn#branch_1_9                    0
a.xsectrl.a_gn#branch_1_10                   0
a.xsectrl.a_gn#branch_1_11                   0
a.xsectrl.a_gn#branch_1_12                   0
a.xsectrl.a_gn#branch_1_13                   0
a.xsectrl.a_gn#branch_1_14                   0
a.xsectrl.a_gn#branch_1_15                   0
a.xsectrl.a_gn#branch_1_16                   0
a.xsectrl.a_gn#branch_1_17                   0
a.xsectrl.a_gn#branch_1_18                   0
a.xsectrl.a_gn#branch_1_19                   0
a.xsectrl.a_gn#branch_1_20                   0
a.xsectrl.a_gn#branch_1_21                   0
a.xsectrl.a_gn#branch_1_22                   0
a.xsectrl.a_gn#branch_1_23                   0
a.xsectrl.a_gn#branch_1_24                   0
a.xsectrl.a_gn#branch_1_25                   0
a.xsectrl.a_gn#branch_1_26                   0
a.xsectrl.a_gn#branch_1_27                   0
a.xsectrl.a_gn#branch_1_28                   0
a.xsectrl.a_gn#branch_1_29                   0
a.xsectrl.a_gn#branch_1_30                   0
a.xsectrl.a_gn#branch_1_31                   0
a.xsectrl.a_gn#branch_1_32                   0
a.xsectrl.a_gn#branch_1_33                   0
a.xsectrl.a_gn#branch_1_34                   0
a.xsectrl.a_gn#branch_1_35                   0
a.xsectrl.a_gn#branch_1_36                   0
a.xsectrl.a_gn#branch_1_37                   0
a.xsectrl.a_gn#branch_1_38                   0
a.xsectrl.a_gn#branch_1_39                   0
a.xsectrl.a_gn#branch_1_40                   0
a.xsectrl.a_gn#branch_1_41                   0
a.xsectrl.a_gn#branch_1_42                   0
a.xsectrl.a_gn#branch_1_43                   0
a.xsectrl.a_gn#branch_1_44                   0
a.xsectrl.a_gn#branch_1_45                   0
a.xsectrl.a_gn#branch_1_46                   0
a.xsectrl.a_gn#branch_1_47                   0
a.xsectrl.a_gn#branch_1_48                   0
a.xsectrl.a_gn#branch_1_49                   0
a.xsectrl.a_gn#branch_1_50                   0
a.xsectrl.a_gn#branch_1_51                   0
a.xsectrl.a_gn#branch_1_52                   0
a.xsectrl.a_gn#branch_1_53                   0
a.xsectrl.a_dout#branch_1_0                  0
a.xsectrl.a_dout#branch_1_1                  0
a.xsectrl.a_dout#branch_1_2                  0
a.xsectrl.a_dout#branch_1_3                  0
a.xsectrl.a_dout#branch_1_4                  0
a.xsectrl.a_dout#branch_1_5                  0
a.xsectrl.a_dout#branch_1_6                  0
a.xsectrl.a_dout#branch_1_7                  0
a.xsectrl.a_dout#branch_1_8                  0
a.xsectrl.a_dout#branch_1_9                  0
a.xsectrl.a_dout#branch_1_10                 0
a.xsectrl.a_dout#branch_1_11                 0
a.xsectrl.a_dout#branch_1_12                 0

 Reference value :  0.00000e+00
 Reference value :  3.14247e-08
 Reference value :  6.71921e-08
 Reference value :  1.25466e-07
 Reference value :  1.87601e-07
 Reference value :  2.18950e-07
 Reference value :  2.54028e-07
 Reference value :  3.12815e-07
 Reference value :  3.44064e-07
 Reference value :  3.77553e-07
 Reference value :  4.37729e-07
 Reference value :  4.69299e-07
 Reference value :  5.31257e-07
 Reference value :  5.64815e-07
 Reference value :  6.25605e-07
 Reference value :  6.87701e-07
 Reference value :  7.29750e-07
 Reference value :  7.81353e-07
 Reference value :  8.15216e-07
 Reference value :  8.77266e-07
 Reference value :  9.06868e-07
 Reference value :  9.69351e-07
 Reference value :  1.00390e-06
 Reference value :  1.06417e-06
 Reference value :  1.12525e-06
 Reference value :  1.18763e-06
 Reference value :  1.21928e-06
 Reference value :  1.28125e-06
 Reference value :  1.31479e-06
 Reference value :  1.34644e-06
 Reference value :  1.40626e-06
 Reference value :  1.44009e-06
 Reference value :  1.50135e-06
 Reference value :  1.55143e-06
 Reference value :  1.59383e-06
 Reference value :  1.62759e-06
 Reference value :  1.68869e-06
 Reference value :  1.75010e-06
 Reference value :  1.78157e-06
 Reference value :  1.84380e-06
 Reference value :  1.87751e-06
 Reference value :  1.90797e-06
 Reference value :  1.97700e-06
 Reference value :  2.03125e-06
 Reference value :  2.06338e-06
 Reference value :  2.14432e-06
 Reference value :  2.18994e-06
 Reference value :  2.25020e-06
 Reference value :  2.28165e-06
 Reference value :  2.31561e-06
 Reference value :  2.37511e-06
 Reference value :  2.40638e-06
 Reference value :  2.44103e-06
 Reference value :  2.50253e-06
 Reference value :  2.56270e-06
 Reference value :  2.59409e-06
 Reference value :  2.62760e-06
 Reference value :  2.68978e-06
 Reference value :  2.75025e-06
 Reference value :  2.78195e-06
 Reference value :  2.84382e-06
 Reference value :  2.87781e-06
 Reference value :  2.93859e-06
 Reference value :  3.00071e-06
 Reference value :  3.03145e-06
 Reference value :  3.09410e-06
 Reference value :  3.15676e-06
 Reference value :  3.21925e-06
 Reference value :  3.28133e-06
 Reference value :  3.31508e-06
 Reference value :  3.37544e-06
 Reference value :  3.40728e-06
 Reference value :  3.46881e-06
 Reference value :  3.50142e-06
 Reference value :  3.53875e-06
 Reference value :  3.59381e-06
 Reference value :  3.62750e-06
 Reference value :  3.68775e-06
 Reference value :  3.71918e-06
 Reference value :  3.75840e-06
 Reference value :  3.81502e-06
 Reference value :  3.87543e-06
 Reference value :  3.90661e-06
 Reference value :  3.96884e-06
 Reference value :  4.00266e-06
 Reference value :  4.06260e-06
 Reference value :  4.12519e-06
 Reference value :  4.18770e-06
 Reference value :  4.22175e-06
 Reference value :  4.28130e-06
 Reference value :  4.31320e-06
 Reference value :  4.34416e-06
 Reference value :  4.38045e-06
 Reference value :  4.43788e-06
 Reference value :  4.46915e-06
 Reference value :  4.50390e-06
 Reference value :  4.56481e-06
 Reference value :  4.62516e-06
 Reference value :  4.65653e-06
 Reference value :  4.69006e-06
 Reference value :  4.75038e-06
 Reference value :  4.78177e-06
 Reference value :  4.84395e-06
 Reference value :  4.87847e-06
 Reference value :  4.93827e-06
 Reference value :  5.00228e-06
 Reference value :  5.03167e-06
 Reference value :  5.09426e-06
 Reference value :  5.15679e-06
 Reference value :  5.21880e-06
 Reference value :  5.25295e-06
 Reference value :  5.31270e-06
 Reference value :  5.34396e-06
 Reference value :  5.37757e-06
 Reference value :  5.43771e-06
 Reference value :  5.46896e-06
 Reference value :  5.50257e-06
 Reference value :  5.56256e-06
 Reference value :  5.59384e-06
 Reference value :  5.62735e-06
 Reference value :  5.68763e-06
 Reference value :  5.71911e-06
 Reference value :  5.78127e-06
 Reference value :  5.81491e-06
 Reference value :  5.87518e-06
 Reference value :  5.90638e-06
 Reference value :  5.96884e-06
 Reference value :  6.00265e-06
 Reference value :  6.06260e-06
 Reference value :  6.12506e-06
 Reference value :  6.18760e-06
 Reference value :  6.21898e-06
 Reference value :  6.26837e-06
 Reference value :  6.31309e-06
 Reference value :  6.34426e-06
 Reference value :  6.38203e-06
 Reference value :  6.43976e-06
 Reference value :  6.47925e-06
 Reference value :  6.53130e-06
 Reference value :  6.56313e-06
 Reference value :  6.59459e-06
 Reference value :  6.65628e-06
 Reference value :  6.68805e-06
 Reference value :  6.72509e-06
 Reference value :  6.78136e-06
 Reference value :  6.81507e-06
 Reference value :  6.87560e-06
 Reference value :  6.90662e-06
 Reference value :  6.96885e-06
 Reference value :  7.00261e-06
 Reference value :  7.06250e-06
 Reference value :  7.11963e-06
 Reference value :  7.18407e-06
 Reference value :  7.21887e-06
 Reference value :  7.25743e-06
 Reference value :  7.31288e-06
 Reference value :  7.34419e-06
 Reference value :  7.38032e-06
 Reference value :  7.43977e-06
 Reference value :  7.50006e-06
 Reference value :  7.53132e-06
 Reference value :  7.56519e-06
 Reference value :  7.62614e-06
 Reference value :  7.68139e-06
 Reference value :  7.71885e-06
 Reference value :  7.75259e-06
 Reference value :  7.81285e-06
 Reference value :  7.84426e-06
 Reference value :  7.87790e-06
 Reference value :  7.93788e-06
 Reference value :  8.00020e-06
 Reference value :  8.03133e-06
 Reference value :  8.09386e-06
 Reference value :  8.15639e-06
 Reference value :  8.19065e-06
 Reference value :  8.25092e-06
 Reference value :  8.31251e-06
 Reference value :  8.34387e-06
 Reference value :  8.37743e-06
 Reference value :  8.43770e-06
 Reference value :  8.46895e-06
 Reference value :  8.50367e-06
 Reference value :  8.56275e-06
 Reference value :  8.59405e-06
 Reference value :  8.62752e-06
 Reference value :  8.68760e-06
 Reference value :  8.71894e-06
 Reference value :  8.75415e-06
 Reference value :  8.81275e-06
 Reference value :  8.84411e-06
 Reference value :  8.87752e-06
 Reference value :  8.93766e-06
 Reference value :  9.00010e-06
 Reference value :  9.03130e-06
 Reference value :  9.06896e-06
 Reference value :  9.12864e-06
 Reference value :  9.18977e-06
 Reference value :  9.25010e-06
 Reference value :  9.28148e-06
 Reference value :  9.32861e-06
 Reference value :  9.37537e-06
 Reference value :  9.40651e-06
 Reference value :  9.45553e-06
 Reference value :  9.50042e-06
 Reference value :  9.53165e-06
 Reference value :  9.56507e-06
 Reference value :  9.62521e-06
 Reference value :  9.65661e-06
 Reference value :  9.70224e-06
 Reference value :  9.75036e-06
 Reference value :  9.78175e-06
 Reference value :  9.83856e-06
 Reference value :  9.87734e-06
 Reference value :  9.91480e-06
 Reference value :  9.96930e-06
 Reference value :  1.00029e-05
 Reference value :  1.00626e-05
 Reference value :  1.01252e-05
 Reference value :  1.01877e-05
 Reference value :  1.02193e-05
 Reference value :  1.02813e-05
 Reference value :  1.03151e-05
 Reference value :  1.03751e-05
 Reference value :  1.04063e-05
 Reference value :  1.04384e-05
 Reference value :  1.04693e-05
 Reference value :  1.05052e-05
 Reference value :  1.05648e-05
 Reference value :  1.06251e-05
 Reference value :  1.06564e-05
 Reference value :  1.06898e-05
 Reference value :  1.07387e-05
 Reference value :  1.07813e-05
 Reference value :  1.08151e-05
 Reference value :  1.08751e-05
 Reference value :  1.09063e-05
 Reference value :  1.09688e-05
 Reference value :  1.10024e-05
 Reference value :  1.10317e-05
 Reference value :  1.10939e-05
 Reference value :  1.11564e-05
 Reference value :  1.11906e-05
 Reference value :  1.12507e-05
 Reference value :  1.13126e-05
 Reference value :  1.13438e-05
 Reference value :  1.13774e-05
 Reference value :  1.14164e-05
 Reference value :  1.14688e-05
 Reference value :  1.15005e-05
 Reference value :  1.15317e-05
 Reference value :  1.15654e-05
 Reference value :  1.16257e-05
 Reference value :  1.16569e-05
 Reference value :  1.17188e-05
 Reference value :  1.17506e-05
 Reference value :  1.17818e-05
 Reference value :  1.18218e-05
 Reference value :  1.18754e-05
 Reference value :  1.19065e-05
 Reference value :  1.19689e-05
 Reference value :  1.20027e-05
 Reference value :  1.20319e-05
 Reference value :  1.20943e-05
 Reference value :  1.21568e-05
 Reference value :  1.22188e-05
 Reference value :  1.22530e-05
 Reference value :  1.23129e-05
 Reference value :  1.23441e-05
 Reference value :  1.23779e-05
 Reference value :  1.24377e-05
 Reference value :  1.24689e-05
 Reference value :  1.25026e-05
 Reference value :  1.25627e-05
 Reference value :  1.25941e-05
 Reference value :  1.26276e-05
 Reference value :  1.26881e-05
 Reference value :  1.27458e-05
 Reference value :  1.27814e-05
 Reference value :  1.28154e-05
 Reference value :  1.28756e-05
 Reference value :  1.29067e-05
 Reference value :  1.29689e-05
 Reference value :  1.30029e-05
 Reference value :  1.30483e-05
 Reference value :  1.30944e-05
 Reference value :  1.31568e-05
 Reference value :  1.32188e-05
 Reference value :  1.32529e-05
 Reference value :  1.33127e-05
 Reference value :  1.33440e-05
 Reference value :  1.33808e-05
 Reference value :  1.34378e-05
 Reference value :  1.34690e-05
 Reference value :  1.35039e-05
 Reference value :  1.35650e-05
 Reference value :  1.36258e-05
 Reference value :  1.36762e-05
 Reference value :  1.37188e-05
 Reference value :  1.37523e-05
 Reference value :  1.38126e-05
 Reference value :  1.38440e-05
 Reference value :  1.38891e-05
 Reference value :  1.39388e-05
 Reference value :  1.40024e-05
 Reference value :  1.40318e-05
 Reference value :  1.40942e-05
 Reference value :  1.41571e-05
 Reference value :  1.42191e-05
 Reference value :  1.42814e-05
 Reference value :  1.43439e-05
 Reference value :  1.44063e-05
 Reference value :  1.44401e-05
 Reference value :  1.45004e-05
 Reference value :  1.45317e-05
 Reference value :  1.45938e-05
 Reference value :  1.46273e-05
 Reference value :  1.46875e-05
 Reference value :  1.47190e-05
 Reference value :  1.47813e-05
 Reference value :  1.48151e-05
 Reference value :  1.48754e-05
 Reference value :  1.49069e-05
 Reference value :  1.49691e-05
 Reference value :  1.50030e-05
 Reference value :  1.50627e-05
 Reference value :  1.51252e-05
 Reference value :  1.51877e-05
 Reference value :  1.52206e-05
 Reference value :  1.52813e-05
 Reference value :  1.53151e-05
 Reference value :  1.53758e-05
 Reference value :  1.54142e-05
 Reference value :  1.54688e-05
 Reference value :  1.55024e-05
 Reference value :  1.55626e-05
 Reference value :  1.55940e-05
 Reference value :  1.56275e-05
 Reference value :  1.56876e-05
 Reference value :  1.57190e-05
 Reference value :  1.57723e-05
 Reference value :  1.58150e-05
 Reference value :  1.58751e-05
 Reference value :  1.59064e-05
 Reference value :  1.59689e-05
 Reference value :  1.60029e-05
 Reference value :  1.60625e-05
 Reference value :  1.61251e-05
 Reference value :  1.61877e-05
 Reference value :  1.62194e-05
 Reference value :  1.62813e-05
 Reference value :  1.63159e-05
 Reference value :  1.63774e-05
 Reference value :  1.64222e-05
 Reference value :  1.64688e-05
 Reference value :  1.65023e-05
 Reference value :  1.65626e-05
 Reference value :  1.65940e-05
 Reference value :  1.66355e-05
 Reference value :  1.66879e-05
 Reference value :  1.67501e-05
 Reference value :  1.67816e-05
 Reference value :  1.68346e-05
 Reference value :  1.68754e-05
 Reference value :  1.69145e-05
 Reference value :  1.69749e-05
 Reference value :  1.70032e-05
 Reference value :  1.70629e-05
 Reference value :  1.71252e-05
 Reference value :  1.71878e-05
 Reference value :  1.72347e-05
 Reference value :  1.72813e-05
 Reference value :  1.73173e-05
 Reference value :  1.73773e-05
 Reference value :  1.74377e-05
 Reference value :  1.74691e-05
 Reference value :  1.75031e-05
 Reference value :  1.75632e-05
 Reference value :  1.76111e-05
 Reference value :  1.76563e-05
 Reference value :  1.76899e-05
 Reference value :  1.77502e-05
 Reference value :  1.77815e-05
 Reference value :  1.78150e-05
 Reference value :  1.78751e-05
 Reference value :  1.79377e-05
 Reference value :  1.80002e-05
 Reference value :  1.80313e-05
 Reference value :  1.80939e-05
 Reference value :  1.81563e-05
 Reference value :  1.81899e-05
 Reference value :  1.82502e-05
 Reference value :  1.83055e-05
 Reference value :  1.83438e-05
 Reference value :  1.83777e-05
 Reference value :  1.84380e-05
 Reference value :  1.84702e-05
 Reference value :  1.85285e-05
 Reference value :  1.85631e-05
 Reference value :  1.85943e-05
 Reference value :  1.86353e-05
 Reference value :  1.86899e-05
 Reference value :  1.87308e-05
 Reference value :  1.87815e-05
 Reference value :  1.88150e-05
 Reference value :  1.88752e-05
 Reference value :  1.89065e-05
 Reference value :  1.89689e-05
 Reference value :  1.90030e-05
 Reference value :  1.90738e-05
 Reference value :  1.91256e-05
 Reference value :  1.91881e-05
 Reference value :  1.92490e-05
 Reference value :  1.92815e-05
 Reference value :  1.93438e-05
 Reference value :  1.93775e-05
 Reference value :  1.94376e-05
 Reference value :  1.94690e-05
 Reference value :  1.95028e-05
 Reference value :  1.95628e-05
 Reference value :  1.95942e-05
 Reference value :  1.96528e-05
 Reference value :  1.96900e-05
 Reference value :  1.97501e-05
 Reference value :  1.97816e-05
 Reference value :  1.98425e-05
 Reference value :  1.98756e-05
 Reference value :  1.99375e-05
 Reference value :  2.00001e-05
 Reference value :  2.00313e-05
 Reference value :  2.00938e-05
 Reference value :  2.01563e-05
 Reference value :  2.01900e-05
 Reference value :  2.02506e-05
 Reference value :  2.03125e-05
 Reference value :  2.03439e-05
 Reference value :  2.03782e-05
 Reference value :  2.04382e-05
 Reference value :  2.04695e-05
 Reference value :  2.05249e-05
 Reference value :  2.05638e-05
 Reference value :  2.06252e-05
 Reference value :  2.06567e-05
 Reference value :  2.07188e-05
 Reference value :  2.07524e-05
 Reference value :  2.08127e-05
 Reference value :  2.08444e-05
 Reference value :  2.09063e-05
 Reference value :  2.09603e-05
 Reference value :  2.10025e-05
 Reference value :  2.10337e-05
 Reference value :  2.11250e-05
 Reference value :  2.11569e-05
 Reference value :  2.12120e-05
 Reference value :  2.12529e-05
 Reference value :  2.13130e-05
 Reference value :  2.13752e-05
 Reference value :  2.14248e-05
 Reference value :  2.14688e-05
 Reference value :  2.15026e-05
 Reference value :  2.15629e-05
 Reference value :  2.15943e-05
 Reference value :  2.16563e-05
 Reference value :  2.16901e-05
 Reference value :  2.17507e-05
 Reference value :  2.18136e-05
 Reference value :  2.18754e-05
 Reference value :  2.19376e-05
 Reference value :  2.20006e-05
 Reference value :  2.20314e-05
 Reference value :  2.20940e-05
 Reference value :  2.21566e-05
 Reference value :  2.22188e-05
 Reference value :  2.22528e-05
 Reference value :  2.23127e-05
 Reference value :  2.23457e-05
 Reference value :  2.24065e-05
 Reference value :  2.24688e-05
 Reference value :  2.25025e-05
 Reference value :  2.25433e-05
 Reference value :  2.25938e-05
 Reference value :  2.26268e-05
 Reference value :  2.26876e-05
 Reference value :  2.27190e-05
 Reference value :  2.27814e-05
 Reference value :  2.28150e-05
 Reference value :  2.28754e-05
 Reference value :  2.29070e-05
 Reference value :  2.29726e-05
 Reference value :  2.30030e-05
 Reference value :  2.30627e-05
 Reference value :  2.31253e-05
 Reference value :  2.31898e-05
 Reference value :  2.32501e-05
 Reference value :  2.32816e-05
 Reference value :  2.33438e-05
 Reference value :  2.33775e-05
 Reference value :  2.34377e-05
 Reference value :  2.34690e-05
 Reference value :  2.35034e-05
 Reference value :  2.35627e-05
 Reference value :  2.35940e-05
 Reference value :  2.36275e-05
 Reference value :  2.36880e-05
 Reference value :  2.37501e-05
 Reference value :  2.37815e-05
 Reference value :  2.38422e-05
 Reference value :  2.38754e-05
 Reference value :  2.39066e-05
 Reference value :  2.39690e-05
 Reference value :  2.40029e-05
 Reference value :  2.40627e-05
 Reference value :  2.41253e-05
 Reference value :  2.41879e-05
 Reference value :  2.42501e-05
 Reference value :  2.42816e-05
 Reference value :  2.43151e-05
 Reference value :  2.43755e-05
 Reference value :  2.44126e-05
 Reference value :  2.44688e-05
 Reference value :  2.45025e-05
 Reference value :  2.45609e-05
 Reference value :  2.45938e-05
 Reference value :  2.46258e-05
 Reference value :  2.46785e-05
 Reference value :  2.47188e-05
 Reference value :  2.47525e-05
 Reference value :  2.48126e-05
 Reference value :  2.48441e-05
 Reference value :  2.49063e-05
 Reference value :  2.49381e-05
 Reference value :  2.50003e-05
 Reference value :  2.50313e-05
 Reference value :  2.50938e-05
 Reference value :  2.51483e-05
 Reference value :  2.51899e-05
 Reference value :  2.52502e-05
 Reference value :  2.52815e-05
 Reference value :  2.53151e-05
 Reference value :  2.53753e-05
 Reference value :  2.54071e-05
 Reference value :  2.54516e-05
 Reference value :  2.55023e-05
 Reference value :  2.55317e-05
 Reference value :  2.55655e-05
 Reference value :  2.56252e-05
 Reference value :  2.56565e-05
 Reference value :  2.56899e-05
 Reference value :  2.57500e-05
 Reference value :  2.57813e-05
 Reference value :  2.58130e-05
 Reference value :  2.58443e-05
 Reference value :  2.58785e-05
 Reference value :  2.59392e-05
 Reference value :  2.60023e-05
 Reference value :  2.60427e-05
 Reference value :  2.61251e-05
 Reference value :  2.61878e-05
 Reference value :  2.62501e-05
 Reference value :  2.62815e-05
 Reference value :  2.63170e-05
 Reference value :  2.63774e-05
 Reference value :  2.64377e-05
 Reference value :  2.64693e-05
 Reference value :  2.65313e-05
 Reference value :  2.65648e-05
 Reference value :  2.66236e-05
 Reference value :  2.66563e-05
 Reference value :  2.66898e-05
 Reference value :  2.67276e-05
 Reference value :  2.67813e-05
 Reference value :  2.68130e-05
 Reference value :  2.68444e-05
 Reference value :  2.69063e-05
 Reference value :  2.69379e-05
 Reference value :  2.70002e-05
 Reference value :  2.70220e-05
 Reference value :  2.70758e-05
 Reference value :  2.71303e-05
 Reference value :  2.71892e-05
 Reference value :  2.72501e-05
 Reference value :  2.72814e-05
 Reference value :  2.73151e-05
 Reference value :  2.73752e-05
 Reference value :  2.74065e-05
 Reference value :  2.74688e-05
 Reference value :  2.75025e-05
 Reference value :  2.75630e-05
 Reference value :  2.76251e-05
 Reference value :  2.76568e-05
 Reference value :  2.77189e-05
 Reference value :  2.77525e-05
 Reference value :  2.78129e-05
 Reference value :  2.78443e-05
 Reference value :  2.78780e-05
 Reference value :  2.79379e-05
 Reference value :  2.80003e-05
 Reference value :  2.80313e-05
 Reference value :  2.80938e-05
 Reference value :  2.81563e-05
 Reference value :  2.81901e-05
 Reference value :  2.82506e-05
 Reference value :  2.82820e-05
 Reference value :  2.83438e-05
 Reference value :  2.83776e-05
 Reference value :  2.84378e-05
 Reference value :  2.84691e-05
 Reference value :  2.85026e-05
 Reference value :  2.85639e-05
 Reference value :  2.85943e-05
 Reference value :  2.86279e-05
 Reference value :  2.86879e-05
 Reference value :  2.87193e-05
 Reference value :  2.87813e-05
 Reference value :  2.88149e-05
 Reference value :  2.88752e-05
 Reference value :  2.89067e-05
 Reference value :  2.89689e-05
 Reference value :  2.90029e-05
 Reference value :  2.90628e-05
 Reference value :  2.91343e-05
 Reference value :  2.91899e-05
 Reference value :  2.92502e-05
 Reference value :  2.92817e-05
 Reference value :  2.93184e-05
 Reference value :  2.93759e-05
 Reference value :  2.94252e-05
 Reference value :  2.94688e-05
 Reference value :  2.95010e-05
 Reference value :  2.95417e-05
 Reference value :  2.95938e-05
 Reference value :  2.96275e-05
 Reference value :  2.96875e-05
 Reference value :  2.97189e-05
 Reference value :  2.97526e-05
 Reference value :  2.98131e-05
 Reference value :  2.98444e-05
 Reference value :  2.98782e-05
 Reference value :  2.99377e-05
 Reference value :  3.00001e-05
 Reference value :  3.00126e-05
 Reference value :  3.00678e-05
 Reference value :  3.01254e-05
 Reference value :  3.01878e-05
 Reference value :  3.02204e-05
 Reference value :  3.02813e-05
 Reference value :  3.03131e-05
 Reference value :  3.03622e-05
 Reference value :  3.04063e-05
 Reference value :  3.04399e-05
 Reference value :  3.05000e-05
 Reference value :  3.05313e-05
 Reference value :  3.05649e-05
 Reference value :  3.06252e-05
 Reference value :  3.06569e-05
 Reference value :  3.07150e-05
 Reference value :  3.07525e-05
 Reference value :  3.08125e-05
 Reference value :  3.08439e-05
 Reference value :  3.08776e-05
 Reference value :  3.09379e-05
 Reference value :  3.10007e-05
 Reference value :  3.10315e-05
 Reference value :  3.10940e-05
 Reference value :  3.11564e-05
 Reference value :  3.12039e-05
 Reference value :  3.12511e-05
 Reference value :  3.12820e-05
 Reference value :  3.13293e-05
 Reference value :  3.13774e-05
 Reference value :  3.14376e-05
 Reference value :  3.14689e-05
 Reference value :  3.15025e-05
 Reference value :  3.15625e-05
 Reference value :  3.15938e-05
 Reference value :  3.16273e-05
 Reference value :  3.16588e-05
 Reference value :  3.17188e-05
 Reference value :  3.17525e-05
 Reference value :  3.18127e-05
 Reference value :  3.18439e-05
 Reference value :  3.18782e-05
 Reference value :  3.19398e-05
 Reference value :  3.20026e-05
 Reference value :  3.20627e-05
 Reference value :  3.21255e-05
 Reference value :  3.21898e-05
 Reference value :  3.22503e-05
 Reference value :  3.23126e-05
 Reference value :  3.23438e-05
 Reference value :  3.23775e-05
 Reference value :  3.24377e-05
 Reference value :  3.24689e-05
 Reference value :  3.25028e-05
 Reference value :  3.25627e-05
 Reference value :  3.25943e-05
 Reference value :  3.26563e-05
 Reference value :  3.26900e-05
 Reference value :  3.27523e-05
 Reference value :  3.28126e-05
 Reference value :  3.28442e-05
 Reference value :  3.28784e-05
 Reference value :  3.29688e-05
 Reference value :  3.30027e-05
 Reference value :  3.30590e-05
 Reference value :  3.31251e-05
 Reference value :  3.31877e-05
 Reference value :  3.32501e-05
 Reference value :  3.32814e-05
 Reference value :  3.33151e-05
 Reference value :  3.33756e-05
 Reference value :  3.34069e-05
 Reference value :  3.34688e-05
 Reference value :  3.35313e-05
 Reference value :  3.35650e-05
 Reference value :  3.36252e-05
 Reference value :  3.36565e-05
 Reference value :  3.37169e-05
 Reference value :  3.37505e-05
 Reference value :  3.38029e-05
 Reference value :  3.38438e-05
 Reference value :  3.38776e-05
 Reference value :  3.39377e-05
 Reference value :  3.40002e-05
 Reference value :  3.40313e-05
 Reference value :  3.40938e-05
 Reference value :  3.41563e-05
 Reference value :  3.41901e-05
 Reference value :  3.42529e-05
 Reference value :  3.43126e-05
 Reference value :  3.43438e-05
 Reference value :  3.43760e-05
 Reference value :  3.44376e-05
 Reference value :  3.44689e-05
 Reference value :  3.45041e-05
 Reference value :  3.45631e-05
 Reference value :  3.45942e-05
 Reference value :  3.46278e-05
 Reference value :  3.46881e-05
 Reference value :  3.47327e-05
 Reference value :  3.47815e-05
 Reference value :  3.48151e-05
 Reference value :  3.48754e-05
 Reference value :  3.49376e-05
 Reference value :  3.50003e-05
 Reference value :  3.50314e-05
 Reference value :  3.50974e-05
 Reference value :  3.51636e-05
 Reference value :  3.52189e-05
 Reference value :  3.52531e-05
 Reference value :  3.53127e-05
 Reference value :  3.53439e-05
 Reference value :  3.53776e-05
 Reference value :  3.54377e-05
 Reference value :  3.54688e-05
 Reference value :  3.55023e-05
 Reference value :  3.55625e-05
 Reference value :  3.55938e-05
 Reference value :  3.56275e-05
 Reference value :  3.56879e-05
 Reference value :  3.57193e-05
 Reference value :  3.57757e-05
 Reference value :  3.58149e-05
 Reference value :  3.58751e-05
 Reference value :  3.59064e-05
 Reference value :  3.59688e-05
 Reference value :  3.60026e-05
 Reference value :  3.60626e-05
 Reference value :  3.61250e-05
 Reference value :  3.61841e-05
 Reference value :  3.62189e-05
 Reference value :  3.62813e-05
 Reference value :  3.63150e-05
 Reference value :  3.63752e-05
 Reference value :  3.64064e-05
 Reference value :  3.64399e-05
 Reference value :  3.64929e-05
 Reference value :  3.65313e-05
 Reference value :  3.65649e-05
 Reference value :  3.66250e-05
 Reference value :  3.66564e-05
 Reference value :  3.66903e-05
 Reference value :  3.67508e-05
 Reference value :  3.67818e-05
 Reference value :  3.68326e-05
 Reference value :  3.68757e-05
 Reference value :  3.69066e-05
 Reference value :  3.69688e-05
 Reference value :  3.70025e-05
 Reference value :  3.70318e-05
 Reference value :  3.70940e-05
 Reference value :  3.71564e-05
 Reference value :  3.71900e-05
 Reference value :  3.72502e-05
 Reference value :  3.72813e-05
 Reference value :  3.73148e-05
 Reference value :  3.73441e-05
 Reference value :  3.73776e-05
 Reference value :  3.74377e-05
 Reference value :  3.74688e-05
 Reference value :  3.75013e-05
 Reference value :  3.75317e-05
 Reference value :  3.75649e-05
 Reference value :  3.76250e-05
 Reference value :  3.76563e-05
 Reference value :  3.76898e-05
 Reference value :  3.77353e-05
 Reference value :  3.77813e-05
 Reference value :  3.78149e-05
 Reference value :  3.78664e-05
 Reference value :  3.79063e-05
 Reference value :  3.79434e-05
 Reference value :  3.80005e-05
 Reference value :  3.80313e-05
 Reference value :  3.80937e-05
 Reference value :  3.81323e-05
 Reference value :  3.81880e-05
 Reference value :  3.82232e-05
 Reference value :  3.82813e-05
 Reference value :  3.83128e-05
 Reference value :  3.83440e-05
 Reference value :  3.83774e-05
 Reference value :  3.84376e-05
 Reference value :  3.84688e-05
 Reference value :  3.85023e-05
 Reference value :  3.85321e-05
 Reference value :  3.85758e-05
 Reference value :  3.86256e-05
 Reference value :  3.86568e-05
 Reference value :  3.86903e-05
 Reference value :  3.87503e-05
 Reference value :  3.87825e-05
 Reference value :  3.88439e-05
 Reference value :  3.88776e-05
 Reference value :  3.89376e-05
 Reference value :  3.90001e-05
 Reference value :  3.90079e-05
 Reference value :  3.90642e-05
 Reference value :  3.91257e-05
 Reference value :  3.91880e-05
 Reference value :  3.92391e-05
 Reference value :  3.92813e-05
 Reference value :  3.93148e-05
 Reference value :  3.93450e-05
 Reference value :  3.94021e-05
 Reference value :  3.94398e-05
 Reference value :  3.94911e-05
 Reference value :  3.95313e-05
 Reference value :  3.95651e-05
 Reference value :  3.96254e-05
 Reference value :  3.96568e-05
 Reference value :  3.97188e-05
 Reference value :  3.97524e-05
 Reference value :  3.98125e-05
 Reference value :  3.98438e-05
 Reference value :  3.98755e-05
 Reference value :  3.99065e-05
 Reference value :  3.99689e-05
 Reference value :  4.00027e-05
 Reference value :  4.00449e-05
 Reference value :  4.00944e-05
 Reference value :  4.01568e-05
 Reference value :  4.01999e-05
 Reference value :  4.02506e-05
 Reference value :  4.02939e-05
 Reference value :  4.03438e-05
 Reference value :  4.03756e-05
 Reference value :  4.04067e-05
 Reference value :  4.04688e-05
 Reference value :  4.05026e-05
 Reference value :  4.05627e-05
 Reference value :  4.05940e-05
 Reference value :  4.06292e-05
 Reference value :  4.06879e-05
 Reference value :  4.07326e-05
 Reference value :  4.07816e-05
 Reference value :  4.08165e-05
 Reference value :  4.08752e-05
 Reference value :  4.09063e-05
 Reference value :  4.09652e-05
 Reference value :  4.10011e-05
 Reference value :  4.10315e-05
 Reference value :  4.10938e-05
 Reference value :  4.11543e-05
 Reference value :  4.11898e-05
 Reference value :  4.12501e-05
 Reference value :  4.12814e-05
 Reference value :  4.13150e-05
 Reference value :  4.13750e-05
 Reference value :  4.14063e-05
 Reference value :  4.14398e-05
 Reference value :  4.14693e-05
 Reference value :  4.15036e-05
 Reference value :  4.15626e-05
 Reference value :  4.15938e-05
 Reference value :  4.16273e-05
 Reference value :  4.16731e-05
 Reference value :  4.17188e-05
 Reference value :  4.17505e-05
 Reference value :  4.17817e-05
 Reference value :  4.18151e-05
 Reference value :  4.18753e-05
 Reference value :  4.19063e-05
 Reference value :  4.19688e-05
 Reference value :  4.20025e-05
 Reference value :  4.20316e-05
 Reference value :  4.20938e-05
 Reference value :  4.21483e-05
 Reference value :  4.21898e-05
 Reference value :  4.22501e-05
 Reference value :  4.23126e-05
 Reference value :  4.23439e-05
 Reference value :  4.23775e-05
 Reference value :  4.24296e-05
 Reference value :  4.24688e-05
 Reference value :  4.25016e-05
 Reference value :  4.25531e-05
 Reference value :  4.25938e-05
 Reference value :  4.26275e-05
 Reference value :  4.26809e-05
 Reference value :  4.27188e-05
 Reference value :  4.27506e-05
 Reference value :  4.28114e-05
 Reference value :  4.28439e-05
 Reference value :  4.28773e-05
 Reference value :  4.29376e-05
 Reference value :  4.29912e-05
 Reference value :  4.30041e-05
 Reference value :  4.30627e-05
 Reference value :  4.31252e-05
 Reference value :  4.31877e-05
 Reference value :  4.32192e-05
 Reference value :  4.32813e-05
 Reference value :  4.33150e-05
 Reference value :  4.33579e-05
 Reference value :  4.34063e-05
 Reference value :  4.34383e-05
 Reference value :  4.34693e-05
 Reference value :  4.35051e-05
 Reference value :  4.35629e-05
 Reference value :  4.35970e-05
 Reference value :  4.36563e-05
 Reference value :  4.36886e-05
 Reference value :  4.37193e-05
 Reference value :  4.37537e-05
 Reference value :  4.38128e-05
 Reference value :  4.38442e-05
 Reference value :  4.38777e-05
 Reference value :  4.39378e-05
 Reference value :  4.40002e-05
 Reference value :  4.40168e-05
 Reference value :  4.40629e-05
 Reference value :  4.41254e-05
 Reference value :  4.41878e-05
 Reference value :  4.42195e-05
 Reference value :  4.42813e-05
 Reference value :  4.43149e-05
 Reference value :  4.43475e-05
 Reference value :  4.44047e-05
 Reference value :  4.44379e-05
 Reference value :  4.44693e-05
 Reference value :  4.45313e-05
 Reference value :  4.45650e-05
 Reference value :  4.46250e-05
 Reference value :  4.46563e-05
 Reference value :  4.46901e-05
 Reference value :  4.47503e-05
 Reference value :  4.47826e-05
 Reference value :  4.48439e-05
 Reference value :  4.48775e-05
 Reference value :  4.49360e-05
 Reference value :  4.49697e-05
 Reference value :  4.50029e-05
 Reference value :  4.50626e-05
 Reference value :  4.51096e-05
 Reference value :  4.51876e-05
 Reference value :  4.52190e-05
 Reference value :  4.52577e-05
 Reference value :  4.53134e-05
 Reference value :  4.53606e-05
 Reference value :  4.54063e-05
 Reference value :  4.54399e-05
 Reference value :  4.55001e-05
 Reference value :  4.55314e-05
 Reference value :  4.55657e-05
 Reference value :  4.56273e-05
 Reference value :  4.56568e-05
 Reference value :  4.56923e-05
 Reference value :  4.57502e-05
 Reference value :  4.57815e-05
 Reference value :  4.58245e-05
 Reference value :  4.58774e-05
 Reference value :  4.59376e-05
 Reference value :  4.60004e-05
 Reference value :  4.60313e-05
 Reference value :  4.60634e-05
 Reference value :  4.61275e-05
 Reference value :  4.61898e-05
 Reference value :  4.62501e-05
 Reference value :  4.62813e-05
 Reference value :  4.63151e-05
 Reference value :  4.63752e-05
 Reference value :  4.64066e-05
 Reference value :  4.64401e-05
 Reference value :  4.65003e-05
 Reference value :  4.65316e-05
 Reference value :  4.65652e-05
 Reference value :  4.66251e-05
 Reference value :  4.66564e-05
 Reference value :  4.66900e-05
 Reference value :  4.67502e-05
 Reference value :  4.67818e-05
 Reference value :  4.68438e-05
 Reference value :  4.68759e-05
 Reference value :  4.69068e-05
 Reference value :  4.69689e-05
 Reference value :  4.70027e-05
 Reference value :  4.70320e-05
 Reference value :  4.70940e-05
 Reference value :  4.71565e-05
 Reference value :  4.72139e-05
 Reference value :  4.72528e-05
 Reference value :  4.73127e-05
 Reference value :  4.73439e-05
 Reference value :  4.73784e-05
 Reference value :  4.74379e-05
 Reference value :  4.74690e-05
 Reference value :  4.75025e-05
 Reference value :  4.75625e-05
 Reference value :  4.75938e-05
 Reference value :  4.76257e-05
 Reference value :  4.76569e-05
 Reference value :  4.77113e-05
 Reference value :  4.77524e-05
 Reference value :  4.78126e-05
 Reference value :  4.78440e-05
 Reference value :  4.78775e-05
 Reference value :  4.79377e-05
 Reference value :  4.80001e-05
 Reference value :  4.80071e-05
 Reference value :  4.80627e-05
 Reference value :  4.81251e-05
 Reference value :  4.81875e-05
 Reference value :  4.82189e-05
 Reference value :  4.82530e-05
 Reference value :  4.83130e-05
 Reference value :  4.83450e-05
 Reference value :  4.83936e-05
 Reference value :  4.84378e-05
 Reference value :  4.84690e-05
 Reference value :  4.85026e-05
 Reference value :  4.85627e-05
 Reference value :  4.85940e-05
 Reference value :  4.86279e-05
 Reference value :  4.86876e-05
 Reference value :  4.87189e-05
 Reference value :  4.87527e-05
 Reference value :  4.88130e-05
 Reference value :  4.88443e-05
 Reference value :  4.88786e-05
 Reference value :  4.89381e-05
 Reference value :  4.90003e-05
 Reference value :  4.90313e-05
 Reference value :  4.90858e-05
 Reference value :  4.91254e-05
 Reference value :  4.91877e-05
 Reference value :  4.92190e-05
 Reference value :  4.92539e-05
 Reference value :  4.93138e-05
 Reference value :  4.93751e-05
 Reference value :  4.94064e-05
 Reference value :  4.94401e-05
 Reference value :  4.95002e-05
 Reference value :  4.95314e-05
 Reference value :  4.95651e-05
 Reference value :  4.96253e-05
 Reference value :  4.96566e-05
 Reference value :  4.96901e-05
 Reference value :  4.97504e-05
 Reference value :  4.97817e-05
 Reference value :  4.98151e-05
 Reference value :  4.98752e-05
 Reference value :  4.99064e-05
 Reference value :  4.99689e-05
 Reference value :  5.00027e-05
 Reference value :  5.00335e-05
 Reference value :  5.00944e-05
 Reference value :  5.01565e-05
 Reference value :  5.01959e-05
 Reference value :  5.02507e-05
 Reference value :  5.03080e-05
 Reference value :  5.03438e-05
 Reference value :  5.03776e-05
 Reference value :  5.04377e-05
 Reference value :  5.04689e-05
 Reference value :  5.05023e-05
 Reference value :  5.05318e-05
 Reference value :  5.05654e-05
 Reference value :  5.06251e-05
 Reference value :  5.06563e-05
 Reference value :  5.06912e-05
 Reference value :  5.07503e-05
 Reference value :  5.07815e-05
 Reference value :  5.08150e-05
 Reference value :  5.08751e-05
 Reference value :  5.09063e-05
 Reference value :  5.09688e-05
 Reference value :  5.10026e-05
 Reference value :  5.10382e-05
 Reference value :  5.10943e-05
 Reference value :  5.11564e-05
 Reference value :  5.11901e-05
 Reference value :  5.12506e-05
 Reference value :  5.13126e-05
 Reference value :  5.13438e-05
 Reference value :  5.13775e-05
 Reference value :  5.14378e-05
 Reference value :  5.14690e-05
 Reference value :  5.15025e-05
 Reference value :  5.15390e-05
 Reference value :  5.15924e-05
 Reference value :  5.16275e-05
 Reference value :  5.16877e-05
 Reference value :  5.17190e-05
 Reference value :  5.17524e-05
 Reference value :  5.18126e-05
 Reference value :  5.18440e-05
 Reference value :  5.18775e-05
 Reference value :  5.19377e-05
 Reference value :  5.20001e-05
 Reference value :  5.20049e-05
 Reference value :  5.20630e-05
 Reference value :  5.21255e-05
 Reference value :  5.21877e-05
 Reference value :  5.22191e-05
 Reference value :  5.22593e-05
 Reference value :  5.23132e-05
 Reference value :  5.23751e-05
 Reference value :  5.24063e-05
 Reference value :  5.24401e-05
 Reference value :  5.25002e-05
 Reference value :  5.25314e-05
 Reference value :  5.25649e-05
 Reference value :  5.26251e-05
 Reference value :  5.26565e-05
 Reference value :  5.26900e-05
 Reference value :  5.27501e-05
 Reference value :  5.27814e-05
 Reference value :  5.28151e-05
 Reference value :  5.28752e-05
 Reference value :  5.29067e-05
 Reference value :  5.29691e-05
 Reference value :  5.30029e-05
 Reference value :  5.30627e-05
 Reference value :  5.31252e-05
 Reference value :  5.31724e-05
 Reference value :  5.32188e-05
 Reference value :  5.32530e-05
 Reference value :  5.33129e-05
 Reference value :  5.33481e-05
 Reference value :  5.34063e-05
 Reference value :  5.34400e-05
 Reference value :  5.35002e-05
 Reference value :  5.35316e-05
 Reference value :  5.35651e-05
 Reference value :  5.36251e-05
 Reference value :  5.36564e-05
 Reference value :  5.36899e-05
 Reference value :  5.37501e-05
 Reference value :  5.37814e-05
 Reference value :  5.38149e-05
 Reference value :  5.38664e-05
 Reference value :  5.39063e-05
 Reference value :  5.39688e-05
 Reference value :  5.40025e-05
 Reference value :  5.40316e-05
 Reference value :  5.40941e-05
 Reference value :  5.41568e-05
 Reference value :  5.42188e-05
 Reference value :  5.42525e-05
 Reference value :  5.43126e-05
 Reference value :  5.43440e-05
 Reference value :  5.44308e-05
 Reference value :  5.44688e-05
 Reference value :  5.45025e-05
 Reference value :  5.45533e-05
 Reference value :  5.45938e-05
 Reference value :  5.46268e-05
 Reference value :  5.46702e-05
 Reference value :  5.47188e-05
 Reference value :  5.47525e-05
 Reference value :  5.48036e-05
 Reference value :  5.48438e-05
 Reference value :  5.48774e-05
 Reference value :  5.49375e-05
 Reference value :  5.49694e-05
 Reference value :  5.50030e-05
 Reference value :  5.50629e-05
 Reference value :  5.51253e-05
 Reference value :  5.51877e-05
 Reference value :  5.52192e-05
 Reference value :  5.52534e-05
 Reference value :  5.53131e-05
 Reference value :  5.53581e-05
 Reference value :  5.54064e-05
 Reference value :  5.54407e-05
 Reference value :  5.55007e-05
 Reference value :  5.55317e-05
 Reference value :  5.55652e-05
 Reference value :  5.56252e-05
 Reference value :  5.56565e-05
 Reference value :  5.57188e-05
 Reference value :  5.57526e-05
 Reference value :  5.58128e-05
 Reference value :  5.58442e-05
 Reference value :  5.58777e-05
 Reference value :  5.59377e-05
 Reference value :  5.59927e-05
 Reference value :  5.60031e-05
 Reference value :  5.60628e-05
 Reference value :  5.61253e-05
 Reference value :  5.61877e-05
 Reference value :  5.62317e-05
 Reference value :  5.62814e-05
 Reference value :  5.63150e-05
 Reference value :  5.63752e-05
 Reference value :  5.64065e-05
 Reference value :  5.64414e-05
 Reference value :  5.65004e-05
 Reference value :  5.65317e-05
 Reference value :  5.65650e-05
 Reference value :  5.66252e-05
 Reference value :  5.66564e-05
 Reference value :  5.66997e-05
 Reference value :  5.67523e-05
 Reference value :  5.67826e-05
 Reference value :  5.68438e-05
 Reference value :  5.68773e-05
 Reference value :  5.69144e-05
 Reference value :  5.69692e-05
 Reference value :  5.70029e-05
 Reference value :  5.70627e-05
 Reference value :  5.71252e-05
 Reference value :  5.71877e-05
 Reference value :  5.72194e-05
 Reference value :  5.72813e-05
 Reference value :  5.73130e-05
 Reference value :  5.73520e-05
 Reference value :  5.74063e-05
 Reference value :  5.74400e-05
 Reference value :  5.75001e-05
 Reference value :  5.75314e-05
 Reference value :  5.75650e-05
 Reference value :  5.76121e-05
 Reference value :  5.76562e-05
 Reference value :  5.76879e-05
 Reference value :  5.77192e-05
 Reference value :  5.77526e-05
 Reference value :  5.78128e-05
 Reference value :  5.78442e-05
 Reference value :  5.78780e-05
 Reference value :  5.79377e-05
 Reference value :  5.79983e-05
 Reference value :  5.80066e-05
 Reference value :  5.80637e-05
 Reference value :  5.81260e-05
 Reference value :  5.81879e-05
 Reference value :  5.82197e-05
 Reference value :  5.82813e-05
 Reference value :  5.83148e-05
 Reference value :  5.83751e-05
 Reference value :  5.84063e-05
 Reference value :  5.84402e-05
 Reference value :  5.85003e-05
 Reference value :  5.85316e-05
 Reference value :  5.85650e-05
 Reference value :  5.86253e-05
 Reference value :  5.86567e-05
 Reference value :  5.86902e-05
 Reference value :  5.87502e-05
 Reference value :  5.87815e-05
 Reference value :  5.88150e-05
 Reference value :  5.88751e-05
 Reference value :  5.89064e-05
 Reference value :  5.89571e-05
 Reference value :  5.90023e-05
 Reference value :  5.90314e-05
 Reference value :  5.90938e-05
 Reference value :  5.91564e-05
 Reference value :  5.91979e-05
 Reference value :  5.92529e-05
 Reference value :  5.93126e-05
 Reference value :  5.93441e-05
 Reference value :  5.94063e-05
 Reference value :  5.94401e-05
 Reference value :  5.95002e-05
 Reference value :  5.95316e-05
 Reference value :  5.95759e-05
 Reference value :  5.96274e-05
 Reference value :  5.96880e-05
 Reference value :  5.97500e-05
 Reference value :  5.97818e-05
 Reference value :  5.98439e-05
 Reference value :  5.99063e-05
 Reference value :  5.99689e-05
 Reference value :  6.00029e-05
 Reference value :  6.00631e-05
 Reference value :  6.01563e-05
 Reference value :  6.01919e-05
 Reference value :  6.02529e-05
 Reference value :  6.03129e-05
 Reference value :  6.03750e-05
 Reference value :  6.04066e-05
 Reference value :  6.04688e-05
 Reference value :  6.05026e-05
 Reference value :  6.05628e-05
 Reference value :  6.05942e-05
 Reference value :  6.06501e-05
 Reference value :  6.06899e-05
 Reference value :  6.07502e-05
 Reference value :  6.07828e-05
 Reference value :  6.08660e-05
 Reference value :  6.09063e-05
 Reference value :  6.09631e-05
 Reference value :  6.10024e-05
 Reference value :  6.10314e-05
 Reference value :  6.10939e-05
 Reference value :  6.11564e-05
 Reference value :  6.11901e-05
 Reference value :  6.12504e-05
 Reference value :  6.12819e-05
 Reference value :  6.13438e-05
 Reference value :  6.13774e-05
 Reference value :  6.14375e-05
 Reference value :  6.14688e-05
 Reference value :  6.15023e-05
 Reference value :  6.15625e-05
 Reference value :  6.15938e-05
 Reference value :  6.16275e-05
 Reference value :  6.16875e-05
 Reference value :  6.17188e-05
 Reference value :  6.17526e-05
 Reference value :  6.18128e-05
 Reference value :  6.18442e-05
 Reference value :  6.18795e-05
 Reference value :  6.19380e-05
 Reference value :  6.20002e-05
 Reference value :  6.20313e-05
 Reference value :  6.20938e-05
 Reference value :  6.21563e-05
 Reference value :  6.21899e-05
 Reference value :  6.22502e-05
 Reference value :  6.22815e-05
 Reference value :  6.23150e-05
 Reference value :  6.23753e-05
 Reference value :  6.24066e-05
 Reference value :  6.24402e-05
 Reference value :  6.25002e-05
 Reference value :  6.25314e-05
 Reference value :  6.25652e-05
 Reference value :  6.26256e-05
 Reference value :  6.26567e-05
 Reference value :  6.27029e-05
 Reference value :  6.27508e-05
 Reference value :  6.27820e-05
 Reference value :  6.28305e-05
 Reference value :  6.28756e-05
 Reference value :  6.29228e-05
 Reference value :  6.29794e-05
 Reference value :  6.30031e-05
 Reference value :  6.30629e-05
 Reference value :  6.31254e-05
 Reference value :  6.31879e-05
 Reference value :  6.32310e-05
 Reference value :  6.32813e-05
 Reference value :  6.33140e-05
 Reference value :  6.33750e-05
 Reference value :  6.34063e-05
 Reference value :  6.34399e-05
 Reference value :  6.34717e-05
 Reference value :  6.35313e-05
 Reference value :  6.35630e-05
 Reference value :  6.35942e-05
 Reference value :  6.36278e-05
 Reference value :  6.36877e-05
 Reference value :  6.37191e-05
 Reference value :  6.37640e-05
 Reference value :  6.38129e-05
 Reference value :  6.38444e-05
 Reference value :  6.39062e-05
 Reference value :  6.39532e-05
 Reference value :  6.40023e-05
 Reference value :  6.40315e-05
 Reference value :  6.40940e-05
 Reference value :  6.41565e-05
 Reference value :  6.42079e-05
 Reference value :  6.42527e-05
 Reference value :  6.43054e-05
 Reference value :  6.43438e-05
 Reference value :  6.43775e-05
 Reference value :  6.44375e-05
 Reference value :  6.44688e-05
 Reference value :  6.45025e-05
 Reference value :  6.45626e-05
 Reference value :  6.45939e-05
 Reference value :  6.46275e-05
 Reference value :  6.46876e-05
 Reference value :  6.47189e-05
 Reference value :  6.47567e-05
 Reference value :  6.48132e-05
 Reference value :  6.48750e-05
 Reference value :  6.49064e-05
 Reference value :  6.49531e-05
 Reference value :  6.50024e-05
 Reference value :  6.50317e-05
 Reference value :  6.50942e-05
 Reference value :  6.51601e-05
 Reference value :  6.52188e-05
 Reference value :  6.52531e-05
 Reference value :  6.53127e-05
 Reference value :  6.53440e-05
 Reference value :  6.53888e-05
 Reference value :  6.54382e-05
 Reference value :  6.55000e-05
 Reference value :  6.55314e-05
 Reference value :  6.55655e-05
 Reference value :  6.56273e-05
 Reference value :  6.56875e-05
 Reference value :  6.57189e-05
 Reference value :  6.57524e-05
 Reference value :  6.58125e-05
 Reference value :  6.58439e-05
 Reference value :  6.58776e-05
 Reference value :  6.59381e-05
No. of Data Rows : 162766
s000                =  7.39000e+02
s001                =  3.27000e+02
s002                =  6.52000e+02
s003                =  4.16000e+02
s004                =  5.60000e+02
s005                =  5.10000e+02
s006                =  4.66000e+02
s007                =  6.03000e+02
s008                =  3.74000e+02
s009                =  6.93000e+02
s010                =  2.87000e+02
s011                =  7.76000e+02
s012                =  2.09000e+02
s013                =  8.49000e+02
s014                =  1.42000e+02
s015                =  9.09000e+02
s016                =  9.00000e+01
s017                =  9.53000e+02
s018                =  5.40000e+01
s019                =  9.81000e+02
s020                =  3.50000e+01
s021                =  9.90000e+02
s022                =  3.50000e+01
s023                =  9.81000e+02
s024                =  5.30000e+01
s025                =  9.54000e+02
s026                =  8.80000e+01
s027                =  9.10000e+02
s028                =  1.40000e+02
s029                =  8.51000e+02
s030                =  2.06000e+02
s031                =  7.79000e+02
s032                =  2.84000e+02
s033                =  6.96000e+02
s034                =  3.71000e+02
s035                =  6.07000e+02
s036                =  4.63000e+02
s037                =  5.13000e+02
s038                =  5.57000e+02
s039                =  4.20000e+02
s040                =  6.49000e+02
s041                =  3.30000e+02
s042                =  7.36000e+02
s043                =  2.47000e+02
s044                =  8.14000e+02
s045                =  1.74000e+02
s046                =  8.81000e+02
s047                =  1.14000e+02
s048                =  9.33000e+02
s049                =  7.00000e+01
s050                =  9.69000e+02
s051                =  4.20000e+01
s052                =  9.88000e+02
s053                =  3.30000e+01
s054                =  9.88000e+02
s055                =  4.10000e+01
s056                =  9.70000e+02
s057                =  6.80000e+01
s058                =  9.34000e+02
s059                =  1.12000e+02
s060                =  8.83000e+02
s061                =  1.72000e+02
s062                =  8.16000e+02
s063                =  2.44000e+02
cmax                =  9.90000e+02 at=  2.49396e-05
cmin                =  3.30000e+01 at=  5.69396e-05
d000                =  2.54048e+02 at=  2.50012e-06
d008                =  6.18620e+02 at=  1.07815e-05
d016                =  8.48798e+02 at=  1.88751e-05
d024                =  6.04368e+02 at=  2.68751e-05
d032                =  2.53956e+02 at=  3.45001e-05
d040                =  6.18760e+02 at=  4.27815e-05
d048                =  8.48912e+02 at=  5.08751e-05
d056                =  6.04194e+02 at=  5.88751e-05
vrefhi              =  3.63088e+00 at=  6.51036e-05
vreflo              =  3.62919e+00 at=  6.60000e-05
m_code_s000 = 7.3900000000e+02
m_code_s001 = 3.2700000000e+02
m_code_s002 = 6.5200000000e+02
m_code_s003 = 4.1600000000e+02
m_code_s004 = 5.6000000000e+02
m_code_s005 = 5.1000000000e+02
m_code_s006 = 4.6600000000e+02
m_code_s007 = 6.0300000000e+02
m_code_s008 = 3.7400000000e+02
m_code_s009 = 6.9300000000e+02
m_code_s010 = 2.8700000000e+02
m_code_s011 = 7.7600000000e+02
m_code_s012 = 2.0900000000e+02
m_code_s013 = 8.4900000000e+02
m_code_s014 = 1.4200000000e+02
m_code_s015 = 9.0900000000e+02
m_code_s016 = 9.0000000000e+01
m_code_s017 = 9.5300000000e+02
m_code_s018 = 5.4000000000e+01
m_code_s019 = 9.8100000000e+02
m_code_s020 = 3.5000000000e+01
m_code_s021 = 9.9000000000e+02
m_code_s022 = 3.5000000000e+01
m_code_s023 = 9.8100000000e+02
m_code_s024 = 5.3000000000e+01
m_code_s025 = 9.5400000000e+02
m_code_s026 = 8.8000000000e+01
m_code_s027 = 9.1000000000e+02
m_code_s028 = 1.4000000000e+02
m_code_s029 = 8.5100000000e+02
m_code_s030 = 2.0600000000e+02
m_code_s031 = 7.7900000000e+02
m_code_s032 = 2.8400000000e+02
m_code_s033 = 6.9600000000e+02
m_code_s034 = 3.7100000000e+02
m_code_s035 = 6.0700000000e+02
m_code_s036 = 4.6300000000e+02
m_code_s037 = 5.1300000000e+02
m_code_s038 = 5.5700000000e+02
m_code_s039 = 4.2000000000e+02
m_code_s040 = 6.4900000000e+02
m_code_s041 = 3.3000000000e+02
m_code_s042 = 7.3600000000e+02
m_code_s043 = 2.4700000000e+02
m_code_s044 = 8.1400000000e+02
m_code_s045 = 1.7400000000e+02
m_code_s046 = 8.8100000000e+02
m_code_s047 = 1.1400000000e+02
m_code_s048 = 9.3300000000e+02
m_code_s049 = 7.0000000000e+01
m_code_s050 = 9.6900000000e+02
m_code_s051 = 4.2000000000e+01
m_code_s052 = 9.8800000000e+02
m_code_s053 = 3.3000000000e+01
m_code_s054 = 9.8800000000e+02
m_code_s055 = 4.1000000000e+01
m_code_s056 = 9.7000000000e+02
m_code_s057 = 6.8000000000e+01
m_code_s058 = 9.3400000000e+02
m_code_s059 = 1.1200000000e+02
m_code_s060 = 8.8300000000e+02
m_code_s061 = 1.7200000000e+02
m_code_s062 = 8.1600000000e+02
m_code_s063 = 2.4400000000e+02
m_decerr_c000_lsb = 2.5404810000e+02
m_decerr_c008_lsb = 6.1862040000e+02
m_decerr_c016_lsb = 8.4879790000e+02
m_decerr_c024_lsb = 6.0436840000e+02
m_decerr_c032_lsb = 2.5395560000e+02
m_decerr_c040_lsb = 6.1875990000e+02
m_decerr_c048_lsb = 8.4891150000e+02
m_decerr_c056_lsb = 6.0419400000e+02
m_code_max = 9.9000000000e+02
m_code_min = 3.3000000000e+01
m_vref_droop_mv = 1.6850000000e+00
Note: Simulation executed from .control section 

Warning: m=xx on .subckt line will override multiplier m hierarchy!

Note: Starting dynamic gmin stepping
Note: Dynamic gmin stepping completed
