
Note: No compatibility mode selected!


Circuit: * comparator-regeneration @ sf_27c_2.97v -- generated by sim/harness, do not edit

Doing analysis at TEMP = 27.000000 and TNOM = 27.000000

Using SPARSE 1.3 as Direct Linear Solver

Initial Transient Solution
--------------------------

Node                                   Voltage
----                                   -------
vdd                                       2.97
vdda                                      2.97
clk                                          0
cm                                        1.65
vda                                 -0.0016113
apa                                    1.64919
ana                                    1.65081
ibna                                  0.835361
xa.xpre.ptail                         0.692511
xa.pon                                 2.20048
xa.preamp_in1                          1.64919
xa.pop                                 2.17508
xa.preamp_in2                          1.65081
xa.xpre.xrlp.11                        2.96983
xa.xpre.xrlp.21                        2.17526
xa.xpre.xrln.11                        2.96983
xa.xpre.xrln.21                        2.20065
xa.xlat.ltail                          1.52497
xa.xlat.dip                               2.97
xa.xlat.din                               2.97
xa.outn                                   2.97
xa.outp                                   2.97
xa.sset                            6.36075e-09
xa.srst                            6.36075e-09
xa.xno1.ps                             2.81007
douta                                   1.3566
doutba                                  1.3566
xa.xno2.ps                             2.81007
vdd_                                      -0.1
apd                                        1.6
and                                        1.7
ibnd                                  0.835361
xd.xpre.ptail                         0.707532
xd.pon                                 2.80413
xd.preamp_in1                              1.6
xd.pop                                 1.57076
xd.preamp_in2                              1.7
xd.xpre.xrlp.11                        2.96969
xd.xpre.xrlp.21                        1.57107
xd.xpre.xrln.11                        2.96996
xd.xpre.xrln.21                        2.80417
xd.xlat.ltail                          2.00576
xd.xlat.dip                               2.97
xd.xlat.din                               2.97
xd.outn                                   2.97
xd.outp                                   2.97
xd.sset                            6.36075e-09
xd.srst                            6.36075e-09
xd.xno1.ps                             2.81007
doutd                                   1.3566
doutbd                                  1.3566
xd.xno2.ps                             2.81007
vde                                    -0.0001
ape                                    1.64995
ane                                    1.65005
ibne                                  0.835361
xe.xpre.ptail                         0.692507
xe.pon                                 2.18857
xe.preamp_in1                          1.64995
xe.pop                                 2.18699
xe.preamp_in2                          1.65005
xe.xpre.xrlp.11                        2.96983
xe.xpre.xrlp.21                        2.18717
xe.xpre.xrln.11                        2.96983
xe.xpre.xrln.21                        2.18874
xe.xlat.ltail                          1.52303
xe.xlat.dip                               2.97
xe.xlat.din                               2.97
xe.outn                                   2.97
xe.outp                                   2.97
xe.sset                            6.36075e-09
xe.srst                            6.36075e-09
xe.xno1.ps                             2.81007
doute                                   1.3566
doutbe                                  1.3566
xe.xno2.ps                             2.81007
clkn                                         0
dan                                   0.456768
ddn                                   0.456768
den                                   0.456768
bden#branch                                  0
bddn#branch                                  0
bdan#branch                                  0
bclkn#branch                                 0
eane#branch                                  0
eape#branch                                  0
eand#branch                                  0
eapd#branch                                  0
eana#branch                                  0
eapa#branch                                  0
v.xe.vpn#branch                              0
v.xe.vpp#branch                              0
vde#branch                                   0
v.xd.vpn#branch                              0
v.xd.vpp#branch                              0
vdd_#branch                                  0
v.xa.vpn#branch                              0
v.xa.vpp#branch                              0
vda#branch                                   0
vcmn#branch                                  0
vclk#branch                                  0
vsupa#branch                       -0.00047231
vsup#branch                       -0.000944624

 Reference value :  0.00000e+00
 Reference value :  8.00000e-11
 Reference value :  6.40000e-10
 Reference value :  3.28000e-09
 Reference value :  6.28000e-09
 Reference value :  1.00000e-08
 Reference value :  1.00600e-08
 Reference value :  1.01092e-08
 Reference value :  1.01916e-08
 Reference value :  1.02036e-08
 Reference value :  1.02251e-08
 Reference value :  1.02916e-08
 Reference value :  1.03888e-08
 Reference value :  1.04373e-08
 Reference value :  1.05394e-08
 Reference value :  1.06369e-08
 Reference value :  1.07237e-08
 Reference value :  1.08156e-08
 Reference value :  1.09527e-08
 Reference value :  1.11735e-08
 Reference value :  1.25627e-08
 Reference value :  1.55627e-08
 Reference value :  1.85627e-08
 Reference value :  2.05627e-08
 Reference value :  2.25627e-08
 Reference value :  2.45627e-08
 Reference value :  2.65627e-08
 Reference value :  2.85627e-08
 Reference value :  3.05627e-08
 Reference value :  3.25627e-08
 Reference value :  3.55627e-08
 Reference value :  3.75627e-08
 Reference value :  3.95627e-08
 Reference value :  4.12700e-08
 Reference value :  4.13800e-08
 Reference value :  4.14545e-08
 Reference value :  4.15178e-08
 Reference value :  4.16152e-08
 Reference value :  4.17380e-08
 Reference value :  4.18810e-08
 Reference value :  4.21158e-08
 Reference value :  4.33071e-08
 Reference value :  4.50000e-08
 Reference value :  4.53000e-08
 Reference value :  4.60000e-08
 Reference value :  4.64900e-08
 Reference value :  4.90500e-08
 Reference value :  5.20500e-08
 Reference value :  5.40500e-08
 Reference value :  5.60500e-08
 Reference value :  5.90500e-08
 Reference value :  6.20500e-08
 Reference value :  6.60500e-08
 Reference value :  6.90500e-08
 Reference value :  7.17750e-08
 Reference value :  7.25200e-08
 Reference value :  7.26092e-08
 Reference value :  7.26930e-08
 Reference value :  7.27114e-08
 Reference value :  7.27569e-08
 Reference value :  7.28434e-08
 Reference value :  7.29049e-08
 Reference value :  7.29591e-08
 Reference value :  7.30625e-08
 Reference value :  7.31503e-08
 Reference value :  7.32392e-08
 Reference value :  7.33301e-08
 Reference value :  7.34444e-08
 Reference value :  7.36342e-08
 Reference value :  7.40513e-08
 Reference value :  7.66054e-08
 Reference value :  7.96054e-08
 Reference value :  8.26054e-08
 Reference value :  8.46054e-08
 Reference value :  8.66054e-08
 Reference value :  8.96054e-08
 Reference value :  9.16054e-08
 Reference value :  9.36054e-08
 Reference value :  9.56054e-08
 Reference value :  9.86054e-08
 Reference value :  1.01605e-07
 Reference value :  1.03750e-07
 Reference value :  1.03880e-07
 Reference value :  1.03955e-07
 Reference value :  1.03982e-07
 Reference value :  1.04115e-07
 Reference value :  1.04238e-07
 Reference value :  1.04371e-07
 Reference value :  1.04590e-07
 Reference value :  1.05695e-07
 Reference value :  1.08695e-07
 Reference value :  1.10695e-07
 Reference value :  1.12695e-07
 Reference value :  1.14695e-07
 Reference value :  1.17695e-07
 Reference value :  1.20695e-07
 Reference value :  1.22695e-07
 Reference value :  1.25695e-07
 Reference value :  1.27695e-07
 Reference value :  1.30695e-07
 Reference value :  1.32695e-07
 Reference value :  1.34347e-07
No. of Data Rows : 239
td_a                =  5.83252e-10 targ=  7.31833e-08 trig=  7.26000e-08
td_d                =  4.73827e-10 targ=  7.30738e-08 trig=  7.26000e-08
td_e                =  6.72830e-10 targ=  7.32728e-08 trig=  7.26000e-08
va_mid              =  -4.98282e-08
vd_mid              =  -2.46078e-07
ve_mid              =  -3.10436e-08
va_end              =  9.99984e-01
vd_end              =  9.99992e-01
ve_end              =  9.99984e-01
q_idle              =  -3.91672e-13 from=  5.00000e-08 to=  7.00000e-08
q_act               =  -1.80225e-12 from=  7.25000e-08 to=  1.35000e-07
m_td_half_ns = 5.8325210000e-01
m_td_big_ns = 4.7382740000e-01
m_td_tiny_ns = 6.7282950000e-01
m_tau_ps = 2.6507093939e+01
m_margin_ns = 3.0666747900e+01
m_dout_pos_end = 9.9998390000e-01
m_dout_big_end = 9.9999230000e-01
m_dout_tiny_end = 9.9998370000e-01
m_e_dec_fj = 1.7174875162e+03
m_i_static_ua = 1.9583590000e+01
m_resolve_decades = 5.0244660623e+02
m_dout_pos_mid = -4.982822000e-08
m_dout_big_mid = -2.460778000e-07
m_dout_tiny_mid = -3.104359000e-08
Note: Simulation executed from .control section 

Note: Starting dynamic gmin stepping
Note: Dynamic gmin stepping completed
