
Note: Compatibility modes selected: hs a


Circuit: * adc-inl-dnl @ moscap_ss_125c_3.30v -- generated by sim/harness, do not edit

Reducing trtol to 1 for xspice 'A' devices
Doing analysis at TEMP = 125.000000 and TNOM = 27.000000

Using SPARSE 1.3 as Direct Linear Solver

Initial Transient Solution
--------------------------

Node                                   Voltage
----                                   -------
clk                                          0
cmpclk                                       0
cmpclkb                                    3.3
vddt                                       3.3
vddd                                       3.3
vddc                                       3.3
vrefs                                      3.3
vrefn                                      3.3
vcmn                                      1.65
se_vinp                             0.00402832
se_vinn                                   1.65
se_start                                     0
se_mode                                      0
se_cmp                                 1.36517
se_samp_tp_n                                 0
se_sel_in_n                                  0
se_drdy                                    3.3
se_c9                                        0
se_c8                                        0
se_c7                                        0
se_c6                                        0
se_c5                                        0
se_c4                                        0
se_c3                                        0
se_c2                                        0
se_c1                                        0
se_c0                                        0
se_rel_n_256p                              3.3
se_sel_hi_n_256p                             0
se_sel_lo_n_256p                             0
se_rel_n_128p                              3.3
se_sel_hi_n_128p                             0
se_sel_lo_n_128p                             0
se_rel_n_64p                               3.3
se_sel_hi_n_64p                              0
se_sel_lo_n_64p                              0
se_rel_n_32p                               3.3
se_sel_hi_n_32p                              0
se_sel_lo_n_32p                              0
se_rel_n_16p                               3.3
se_sel_hi_n_16p                              0
se_sel_lo_n_16p                              0
se_rel_n_8p                                3.3
se_sel_hi_n_8p                               0
se_sel_lo_n_8p                               0
se_rel_n_4p                                3.3
se_sel_hi_n_4p                               0
se_sel_lo_n_4p                               0
se_rel_n_2p                                3.3
se_sel_hi_n_2p                               0
se_sel_lo_n_2p                               0
se_rel_n_1p                                3.3
se_sel_hi_n_1p                               0
se_sel_lo_n_1p                               0
se_rel_n_256n                              3.3
se_sel_hi_n_256n                             0
se_sel_lo_n_256n                             0
se_rel_n_128n                              3.3
se_sel_hi_n_128n                             0
se_sel_lo_n_128n                             0
se_rel_n_64n                               3.3
se_sel_hi_n_64n                              0
se_sel_lo_n_64n                              0
se_rel_n_32n                               3.3
se_sel_hi_n_32n                              0
se_sel_lo_n_32n                              0
se_rel_n_16n                               3.3
se_sel_hi_n_16n                              0
se_sel_lo_n_16n                              0
se_rel_n_8n                                3.3
se_sel_hi_n_8n                               0
se_sel_lo_n_8n                               0
se_rel_n_4n                                3.3
se_sel_hi_n_4n                               0
se_sel_lo_n_4n                               0
se_rel_n_2n                                3.3
se_sel_hi_n_2n                               0
se_sel_lo_n_2n                               0
se_rel_n_1n                                3.3
se_sel_hi_n_1n                               0
se_sel_lo_n_1n                               0
se_pinp                             0.00402848
se_pinn                                   1.65
xsetswp.gp                                 3.3
se_topp                                   1.65
xsetswn.gp                                 3.3
se_topn                                   1.65
xsearrp.x256.bp                           1.65
xsearrp.x256.gp_in                         3.3
xsearrp.x256.gp_rel                1.01835e-08
xsearrp.x256.gp_hi                         3.3
xsearrp.x256.gp_lo                         3.3
xsearrp.x128.bp                           1.65
xsearrp.x128.gp_in                         3.3
xsearrp.x128.gp_rel                1.01835e-08
xsearrp.x128.gp_hi                         3.3
xsearrp.x128.gp_lo                         3.3
xsearrp.x64.bp                            1.65
xsearrp.x64.gp_in                          3.3
xsearrp.x64.gp_rel                 1.01835e-08
xsearrp.x64.gp_hi                          3.3
xsearrp.x64.gp_lo                          3.3
xsearrp.x32.bp                            1.65
xsearrp.x32.gp_in                          3.3
xsearrp.x32.gp_rel                 1.01835e-08
xsearrp.x32.gp_hi                          3.3
xsearrp.x32.gp_lo                          3.3
xsearrp.x16.bp                            1.65
xsearrp.x16.gp_in                          3.3
xsearrp.x16.gp_rel                 1.01835e-08
xsearrp.x16.gp_hi                          3.3
xsearrp.x16.gp_lo                          3.3
xsearrp.x8.bp                             1.65
xsearrp.x8.gp_in                           3.3
xsearrp.x8.gp_rel                  1.01835e-08
xsearrp.x8.gp_hi                           3.3
xsearrp.x8.gp_lo                           3.3
xsearrp.x4.bp                             1.65
xsearrp.x4.gp_in                           3.3
xsearrp.x4.gp_rel                  1.01835e-08
xsearrp.x4.gp_hi                           3.3
xsearrp.x4.gp_lo                           3.3
xsearrp.x2.bp                             1.65
xsearrp.x2.gp_in                           3.3
xsearrp.x2.gp_rel                  1.01835e-08
xsearrp.x2.gp_hi                           3.3
xsearrp.x2.gp_lo                           3.3
xsearrp.x1.bp                             1.65
xsearrp.x1.gp_in                           3.3
xsearrp.x1.gp_rel                  1.01835e-08
xsearrp.x1.gp_hi                           3.3
xsearrp.x1.gp_lo                           3.3
xsearrn.x256.bp                           1.65
xsearrn.x256.gp_in                         3.3
xsearrn.x256.gp_rel                1.01835e-08
xsearrn.x256.gp_hi                         3.3
xsearrn.x256.gp_lo                         3.3
xsearrn.x128.bp                           1.65
xsearrn.x128.gp_in                         3.3
xsearrn.x128.gp_rel                1.01835e-08
xsearrn.x128.gp_hi                         3.3
xsearrn.x128.gp_lo                         3.3
xsearrn.x64.bp                            1.65
xsearrn.x64.gp_in                          3.3
xsearrn.x64.gp_rel                 1.01835e-08
xsearrn.x64.gp_hi                          3.3
xsearrn.x64.gp_lo                          3.3
xsearrn.x32.bp                            1.65
xsearrn.x32.gp_in                          3.3
xsearrn.x32.gp_rel                 1.01835e-08
xsearrn.x32.gp_hi                          3.3
xsearrn.x32.gp_lo                          3.3
xsearrn.x16.bp                            1.65
xsearrn.x16.gp_in                          3.3
xsearrn.x16.gp_rel                 1.01835e-08
xsearrn.x16.gp_hi                          3.3
xsearrn.x16.gp_lo                          3.3
xsearrn.x8.bp                             1.65
xsearrn.x8.gp_in                           3.3
xsearrn.x8.gp_rel                  1.01835e-08
xsearrn.x8.gp_hi                           3.3
xsearrn.x8.gp_lo                           3.3
xsearrn.x4.bp                             1.65
xsearrn.x4.gp_in                           3.3
xsearrn.x4.gp_rel                  1.01835e-08
xsearrn.x4.gp_hi                           3.3
xsearrn.x4.gp_lo                           3.3
xsearrn.x2.bp                             1.65
xsearrn.x2.gp_in                           3.3
xsearrn.x2.gp_rel                  1.01835e-08
xsearrn.x2.gp_hi                           3.3
xsearrn.x2.gp_lo                           3.3
xsearrn.x1.bp                             1.65
xsearrn.x1.gp_in                           3.3
xsearrn.x1.gp_rel                  1.01835e-08
xsearrn.x1.gp_hi                           3.3
xsearrn.x1.gp_lo                           3.3
se_ibias                              0.678004
xsecmp.xpre.ptail                     0.836436
xsecmp.pon                              2.5772
xsecmp.preamp_in1                         1.65
xsecmp.pop                              2.5772
xsecmp.preamp_in2                         1.65
xsecmp.xpre.xrlp.11                    3.29972
xsecmp.xpre.xrlp.21                    2.57748
xsecmp.xpre.xrln.11                    3.29972
xsecmp.xpre.xrln.21                    2.57748
xsecmp.xlat.ltail                      1.96566
xsecmp.xlat.dip                            3.3
xsecmp.xlat.din                            3.3
xsecmp.outn                                3.3
xsecmp.outp                                3.3
xsecmp.sset                        1.80548e-08
xsecmp.srst                        1.80548e-08
xsecmp.xno1.ps                         3.06465
se_cmpb                                1.36517
xsecmp.xno2.ps                         3.06465
se_dacp                            1.11022e-16
se_dacn                            1.11022e-16
se_di                                  1.64597
se_err                                  510.75
se_aerrh                                     0
se_code                                      0
bsecode#branch                               0
bseea#branch                                 0
bsee#branch                                  0
bsedi#branch                                 0
bsedacn#branch                               0
bsedacp#branch                               0
lref#branch                        1.65807e-09
v.xsecmp.vpn#branch               -4.30695e-29
v.xsecmp.vpp#branch               -7.24275e-28
vsemode#branch                               0
vsestart#branch                              0
vsevinn#branch                    -5.28744e-18
vseinp#branch                      6.49088e-09
vcms#branch                       -1.92671e-08
vrefs#branch                      -1.65807e-09
vddc#branch                       -0.000559365
vddd#branch                       -7.43256e-09
vddt#branch                       -2.59752e-10
vcmpclkb#branch                              0
vcmpclk#branch                               0
vclk#branch                                  0
a.xsectrl.a_gn#branch_1_0                    0
a.xsectrl.a_gn#branch_1_1                    0
a.xsectrl.a_gn#branch_1_2                    0
a.xsectrl.a_gn#branch_1_3                    0
a.xsectrl.a_gn#branch_1_4                    0
a.xsectrl.a_gn#branch_1_5                    0
a.xsectrl.a_gn#branch_1_6                    0
a.xsectrl.a_gn#branch_1_7                    0
a.xsectrl.a_gn#branch_1_8                    0
a.xsectrl.a_gn#branch_1_9                    0
a.xsectrl.a_gn#branch_1_10                   0
a.xsectrl.a_gn#branch_1_11                   0
a.xsectrl.a_gn#branch_1_12                   0
a.xsectrl.a_gn#branch_1_13                   0
a.xsectrl.a_gn#branch_1_14                   0
a.xsectrl.a_gn#branch_1_15                   0
a.xsectrl.a_gn#branch_1_16                   0
a.xsectrl.a_gn#branch_1_17                   0
a.xsectrl.a_gn#branch_1_18                   0
a.xsectrl.a_gn#branch_1_19                   0
a.xsectrl.a_gn#branch_1_20                   0
a.xsectrl.a_gn#branch_1_21                   0
a.xsectrl.a_gn#branch_1_22                   0
a.xsectrl.a_gn#branch_1_23                   0
a.xsectrl.a_gn#branch_1_24                   0
a.xsectrl.a_gn#branch_1_25                   0
a.xsectrl.a_gn#branch_1_26                   0
a.xsectrl.a_gn#branch_1_27                   0
a.xsectrl.a_gn#branch_1_28                   0
a.xsectrl.a_gn#branch_1_29                   0
a.xsectrl.a_gn#branch_1_30                   0
a.xsectrl.a_gn#branch_1_31                   0
a.xsectrl.a_gn#branch_1_32                   0
a.xsectrl.a_gn#branch_1_33                   0
a.xsectrl.a_gn#branch_1_34                   0
a.xsectrl.a_gn#branch_1_35                   0
a.xsectrl.a_gn#branch_1_36                   0
a.xsectrl.a_gn#branch_1_37                   0
a.xsectrl.a_gn#branch_1_38                   0
a.xsectrl.a_gn#branch_1_39                   0
a.xsectrl.a_gn#branch_1_40                   0
a.xsectrl.a_gn#branch_1_41                   0
a.xsectrl.a_gn#branch_1_42                   0
a.xsectrl.a_gn#branch_1_43                   0
a.xsectrl.a_gn#branch_1_44                   0
a.xsectrl.a_gn#branch_1_45                   0
a.xsectrl.a_gn#branch_1_46                   0
a.xsectrl.a_gn#branch_1_47                   0
a.xsectrl.a_gn#branch_1_48                   0
a.xsectrl.a_gn#branch_1_49                   0
a.xsectrl.a_gn#branch_1_50                   0
a.xsectrl.a_gn#branch_1_51                   0
a.xsectrl.a_gn#branch_1_52                   0
a.xsectrl.a_gn#branch_1_53                   0
a.xsectrl.a_dout#branch_1_0                  0
a.xsectrl.a_dout#branch_1_1                  0
a.xsectrl.a_dout#branch_1_2                  0
a.xsectrl.a_dout#branch_1_3                  0
a.xsectrl.a_dout#branch_1_4                  0
a.xsectrl.a_dout#branch_1_5                  0
a.xsectrl.a_dout#branch_1_6                  0
a.xsectrl.a_dout#branch_1_7                  0
a.xsectrl.a_dout#branch_1_8                  0
a.xsectrl.a_dout#branch_1_9                  0
a.xsectrl.a_dout#branch_1_10                 0
a.xsectrl.a_dout#branch_1_11                 0
a.xsectrl.a_dout#branch_1_12                 0

 Reference value :  0.00000e+00
 Reference value :  2.37962e-08
 Reference value :  9.37578e-08
 Reference value :  1.48456e-07
 Reference value :  1.89881e-07
 Reference value :  2.50200e-07
 Reference value :  2.81689e-07
 Reference value :  3.43750e-07
 Reference value :  3.77528e-07
 Reference value :  4.37932e-07
 Reference value :  4.76513e-07
 Reference value :  5.31344e-07
 Reference value :  5.65399e-07
 Reference value :  6.25878e-07
 Reference value :  6.87601e-07
 Reference value :  7.18958e-07
 Reference value :  7.55315e-07
 Reference value :  8.13164e-07
 Reference value :  8.44896e-07
 Reference value :  9.06318e-07
 Reference value :  9.68828e-07
 Reference value :  1.00258e-06
 Reference value :  1.03257e-06
 Reference value :  1.09461e-06
 Reference value :  1.15714e-06
 Reference value :  1.21893e-06
 Reference value :  1.25303e-06
 Reference value :  1.31272e-06
 Reference value :  1.34929e-06
 Reference value :  1.40634e-06
 Reference value :  1.44012e-06
 Reference value :  1.50113e-06
 Reference value :  1.56253e-06
 Reference value :  1.59391e-06
 Reference value :  1.64182e-06
 Reference value :  1.68984e-06
 Reference value :  1.75015e-06
 Reference value :  1.78169e-06
 Reference value :  1.83756e-06
 Reference value :  1.87578e-06
 Reference value :  1.93760e-06
 Reference value :  2.00019e-06
 Reference value :  2.03139e-06
 Reference value :  2.09385e-06
 Reference value :  2.15636e-06
 Reference value :  2.19025e-06
 Reference value :  2.25267e-06
 Reference value :  2.31253e-06
 Reference value :  2.34411e-06
 Reference value :  2.40631e-06
 Reference value :  2.44078e-06
 Reference value :  2.50243e-06
 Reference value :  2.56276e-06
 Reference value :  2.61279e-06
 Reference value :  2.65653e-06
 Reference value :  2.71879e-06
 Reference value :  2.75251e-06
 Reference value :  2.81279e-06
 Reference value :  2.84437e-06
 Reference value :  2.89561e-06
 Reference value :  2.96879e-06
 Reference value :  3.00255e-06
 Reference value :  3.03214e-06
 Reference value :  3.09460e-06
 Reference value :  3.15696e-06
 Reference value :  3.21893e-06
 Reference value :  3.25324e-06
 Reference value :  3.31300e-06
 Reference value :  3.37566e-06
 Reference value :  3.43767e-06
 Reference value :  3.46926e-06
 Reference value :  3.52845e-06
 Reference value :  3.56502e-06
 Reference value :  3.62552e-06
 Reference value :  3.68760e-06
 Reference value :  3.71912e-06
 Reference value :  3.78126e-06
 Reference value :  3.81401e-06
 Reference value :  3.87523e-06
 Reference value :  3.90673e-06
 Reference value :  3.96931e-06
 Reference value :  4.00300e-06
 Reference value :  4.08220e-06
 Reference value :  4.15626e-06
 Reference value :  4.19012e-06
 Reference value :  4.25072e-06
 Reference value :  4.31261e-06
 Reference value :  4.34408e-06
 Reference value :  4.38381e-06
 Reference value :  4.43793e-06
 Reference value :  4.46940e-06
 Reference value :  4.53126e-06
 Reference value :  4.56517e-06
 Reference value :  4.62563e-06
 Reference value :  4.68761e-06
 Reference value :  4.71907e-06
 Reference value :  4.78129e-06
 Reference value :  4.81505e-06
 Reference value :  4.87548e-06
 Reference value :  4.93391e-06
 Reference value :  4.98811e-06
 Reference value :  5.02142e-06
 Reference value :  5.06366e-06
 Reference value :  5.12520e-06
 Reference value :  5.18769e-06
 Reference value :  5.21974e-06
 Reference value :  5.28134e-06
 Reference value :  5.31504e-06
 Reference value :  5.37727e-06
 Reference value :  5.40690e-06
 Reference value :  5.46876e-06
 Reference value :  5.50150e-06
 Reference value :  5.56262e-06
 Reference value :  5.59412e-06
 Reference value :  5.65631e-06
 Reference value :  5.69010e-06
 Reference value :  5.75081e-06
 Reference value :  5.78212e-06
 Reference value :  5.84385e-06
 Reference value :  5.87743e-06
 Reference value :  5.93753e-06
 Reference value :  5.99300e-06
 Reference value :  6.03127e-06
 Reference value :  6.09386e-06
 Reference value :  6.15659e-06
 Reference value :  6.21876e-06
 Reference value :  6.25298e-06
 Reference value :  6.31481e-06
 Reference value :  6.37511e-06
 Reference value :  6.40906e-06
 Reference value :  6.46883e-06
 Reference value :  6.50266e-06
 Reference value :  6.56315e-06
 Reference value :  6.62506e-06
 Reference value :  6.65656e-06
 Reference value :  6.71883e-06
 Reference value :  6.75266e-06
 Reference value :  6.81413e-06
 Reference value :  6.87520e-06
 Reference value :  6.90651e-06
 Reference value :  6.96884e-06
 Reference value :  7.00280e-06
 Reference value :  7.06261e-06
 Reference value :  7.09461e-06
 Reference value :  7.15683e-06
 Reference value :  7.19256e-06
 Reference value :  7.25164e-06
 Reference value :  7.31119e-06
 Reference value :  7.34383e-06
 Reference value :  7.37746e-06
 Reference value :  7.43768e-06
 Reference value :  7.46904e-06
 Reference value :  7.52179e-06
 Reference value :  7.56500e-06
 Reference value :  7.62551e-06
 Reference value :  7.68751e-06
 Reference value :  7.71895e-06
 Reference value :  7.77712e-06
 Reference value :  7.81496e-06
 Reference value :  7.87537e-06
 Reference value :  7.91216e-06
 Reference value :  7.99850e-06
 Reference value :  8.02701e-06
 Reference value :  8.06366e-06
 Reference value :  8.12521e-06
 Reference value :  8.18757e-06
 Reference value :  8.21942e-06
 Reference value :  8.28132e-06
 Reference value :  8.31496e-06
 Reference value :  8.36663e-06
 Reference value :  8.40640e-06
 Reference value :  8.44009e-06
 Reference value :  8.50086e-06
 Reference value :  8.56260e-06
 Reference value :  8.59416e-06
 Reference value :  8.65631e-06
 Reference value :  8.69011e-06
 Reference value :  8.75127e-06
 Reference value :  8.81261e-06
 Reference value :  8.84427e-06
 Reference value :  8.87938e-06
 Reference value :  8.93802e-06
 Reference value :  9.00057e-06
 Reference value :  9.03151e-06
 Reference value :  9.09635e-06
 Reference value :  9.18750e-06
 Reference value :  9.21926e-06
 Reference value :  9.28130e-06
 Reference value :  9.31509e-06
 Reference value :  9.37520e-06
 Reference value :  9.40645e-06
 Reference value :  9.46618e-06
 Reference value :  9.50082e-06
 Reference value :  9.56251e-06
 Reference value :  9.59396e-06
 Reference value :  9.65041e-06
 Reference value :  9.68999e-06
 Reference value :  9.75045e-06
 Reference value :  9.81251e-06
 Reference value :  9.84413e-06
 Reference value :  9.88135e-06
 Reference value :  9.94837e-06
 Reference value :  1.00025e-05
 Reference value :  1.00626e-05
 Reference value :  1.01252e-05
 Reference value :  1.01878e-05
 Reference value :  1.02381e-05
 Reference value :  1.02816e-05
 Reference value :  1.03438e-05
 Reference value :  1.03775e-05
 Reference value :  1.04381e-05
 Reference value :  1.05001e-05
 Reference value :  1.05315e-05
 Reference value :  1.05832e-05
 Reference value :  1.06275e-05
 Reference value :  1.06878e-05
 Reference value :  1.07450e-05
 Reference value :  1.07815e-05
 Reference value :  1.08293e-05
 Reference value :  1.08774e-05
 Reference value :  1.09077e-05
 Reference value :  1.09696e-05
 Reference value :  1.10104e-05
 Reference value :  1.10840e-05
 Reference value :  1.11564e-05
 Reference value :  1.11903e-05
 Reference value :  1.12512e-05
 Reference value :  1.13125e-05
 Reference value :  1.13440e-05
 Reference value :  1.13779e-05
 Reference value :  1.14398e-05
 Reference value :  1.15002e-05
 Reference value :  1.15316e-05
 Reference value :  1.15938e-05
 Reference value :  1.16276e-05
 Reference value :  1.16883e-05
 Reference value :  1.17501e-05
 Reference value :  1.17816e-05
 Reference value :  1.18438e-05
 Reference value :  1.18777e-05
 Reference value :  1.19377e-05
 Reference value :  1.20002e-05
 Reference value :  1.20314e-05
 Reference value :  1.20938e-05
 Reference value :  1.21563e-05
 Reference value :  1.21901e-05
 Reference value :  1.22507e-05
 Reference value :  1.23125e-05
 Reference value :  1.23440e-05
 Reference value :  1.23778e-05
 Reference value :  1.24398e-05
 Reference value :  1.25002e-05
 Reference value :  1.25317e-05
 Reference value :  1.25938e-05
 Reference value :  1.26279e-05
 Reference value :  1.26898e-05
 Reference value :  1.27502e-05
 Reference value :  1.27821e-05
 Reference value :  1.28439e-05
 Reference value :  1.28775e-05
 Reference value :  1.29377e-05
 Reference value :  1.30001e-05
 Reference value :  1.30314e-05
 Reference value :  1.30938e-05
 Reference value :  1.31565e-05
 Reference value :  1.32188e-05
 Reference value :  1.32529e-05
 Reference value :  1.33128e-05
 Reference value :  1.33442e-05
 Reference value :  1.33807e-05
 Reference value :  1.34382e-05
 Reference value :  1.34706e-05
 Reference value :  1.35313e-05
 Reference value :  1.35651e-05
 Reference value :  1.36256e-05
 Reference value :  1.36875e-05
 Reference value :  1.37190e-05
 Reference value :  1.37713e-05
 Reference value :  1.38150e-05
 Reference value :  1.38754e-05
 Reference value :  1.39072e-05
 Reference value :  1.39727e-05
 Reference value :  1.40045e-05
 Reference value :  1.40694e-05
 Reference value :  1.41563e-05
 Reference value :  1.41908e-05
 Reference value :  1.42527e-05
 Reference value :  1.43126e-05
 Reference value :  1.43440e-05
 Reference value :  1.43777e-05
 Reference value :  1.44380e-05
 Reference value :  1.44888e-05
 Reference value :  1.45314e-05
 Reference value :  1.45654e-05
 Reference value :  1.46273e-05
 Reference value :  1.46876e-05
 Reference value :  1.47191e-05
 Reference value :  1.47813e-05
 Reference value :  1.48151e-05
 Reference value :  1.48752e-05
 Reference value :  1.49066e-05
 Reference value :  1.49689e-05
 Reference value :  1.50029e-05
 Reference value :  1.50626e-05
 Reference value :  1.51252e-05
 Reference value :  1.51877e-05
 Reference value :  1.52194e-05
 Reference value :  1.52813e-05
 Reference value :  1.53148e-05
 Reference value :  1.53457e-05
 Reference value :  1.54063e-05
 Reference value :  1.54399e-05
 Reference value :  1.55002e-05
 Reference value :  1.55318e-05
 Reference value :  1.55938e-05
 Reference value :  1.56275e-05
 Reference value :  1.56880e-05
 Reference value :  1.57501e-05
 Reference value :  1.57815e-05
 Reference value :  1.58438e-05
 Reference value :  1.58775e-05
 Reference value :  1.59378e-05
 Reference value :  1.60003e-05
 Reference value :  1.60315e-05
 Reference value :  1.60939e-05
 Reference value :  1.61564e-05
 Reference value :  1.61918e-05
 Reference value :  1.62527e-05
 Reference value :  1.63126e-05
 Reference value :  1.63440e-05
 Reference value :  1.63870e-05
 Reference value :  1.64382e-05
 Reference value :  1.65002e-05
 Reference value :  1.65317e-05
 Reference value :  1.65938e-05
 Reference value :  1.66281e-05
 Reference value :  1.66899e-05
 Reference value :  1.67502e-05
 Reference value :  1.68018e-05
 Reference value :  1.68440e-05
 Reference value :  1.68811e-05
 Reference value :  1.69381e-05
 Reference value :  1.70010e-05
 Reference value :  1.70319e-05
 Reference value :  1.71128e-05
 Reference value :  1.71875e-05
 Reference value :  1.72192e-05
 Reference value :  1.72813e-05
 Reference value :  1.73149e-05
 Reference value :  1.73754e-05
 Reference value :  1.74069e-05
 Reference value :  1.74465e-05
 Reference value :  1.75005e-05
 Reference value :  1.75394e-05
 Reference value :  1.75939e-05
 Reference value :  1.76298e-05
 Reference value :  1.76899e-05
 Reference value :  1.77504e-05
 Reference value :  1.78125e-05
 Reference value :  1.78442e-05
 Reference value :  1.79030e-05
 Reference value :  1.79689e-05
 Reference value :  1.80029e-05
 Reference value :  1.80627e-05
 Reference value :  1.81254e-05
 Reference value :  1.81883e-05
 Reference value :  1.82501e-05
 Reference value :  1.82817e-05
 Reference value :  1.83218e-05
 Reference value :  1.83774e-05
 Reference value :  1.84377e-05
 Reference value :  1.84697e-05
 Reference value :  1.85313e-05
 Reference value :  1.85661e-05
 Reference value :  1.86278e-05
 Reference value :  1.86899e-05
 Reference value :  1.87504e-05
 Reference value :  1.87866e-05
 Reference value :  1.88440e-05
 Reference value :  1.88782e-05
 Reference value :  1.89669e-05
 Reference value :  1.90026e-05
 Reference value :  1.90626e-05
 Reference value :  1.91252e-05
 Reference value :  1.91877e-05
 Reference value :  1.92247e-05
 Reference value :  1.92814e-05
 Reference value :  1.93438e-05
 Reference value :  1.93784e-05
 Reference value :  1.94399e-05
 Reference value :  1.95006e-05
 Reference value :  1.95626e-05
 Reference value :  1.95943e-05
 Reference value :  1.96563e-05
 Reference value :  1.96986e-05
 Reference value :  1.97525e-05
 Reference value :  1.98130e-05
 Reference value :  1.98479e-05
 Reference value :  1.99064e-05
 Reference value :  1.99689e-05
No. of Data Rows : 49038
e1                  =  1.00566e+00
x1                  =  4.37366e+00 at=  2.28143e-06
cd1                 =  2.00000e+00
e2                  =  9.85790e-01
x2                  =  4.36205e+00 at=  3.28143e-06
cd2                 =  3.00000e+00
e128                =  6.57783e-01
x128                =  2.98210e+00 at=  4.28143e-06
cd128               =  1.28000e+02
e129                =  7.39374e-01
x129                =  3.06247e+00 at=  5.28143e-06
cd129               =  1.29000e+02
e255                =  4.15773e-01
x255                =  1.72747e+00 at=  6.28146e-06
cd255               =  2.55000e+02
e256                =  4.93061e-01
x256                =  1.79962e+00 at=  7.28147e-06
cd256               =  2.56000e+02
e257                =  4.95766e-01
x257                =  1.78637e+00 at=  8.28147e-06
cd257               =  2.57000e+02
e384                =  1.57887e-01
x384                =  8.54866e-01 at=  9.28145e-06
cd384               =  3.84000e+02
e511                =  -7.47739e-02
x511                =  1.30146e+00 at=  1.03439e-05
cd511               =  5.11000e+02
e512                =  -3.29748e-03
x512                =  1.30078e+00 at=  1.13440e-05
cd512               =  5.12000e+02
e513                =  6.95542e-03
x513                =  1.28934e+00 at=  1.23440e-05
cd513               =  5.13000e+02
e640                =  -3.27278e-01
x640                =  1.03098e+00 at=  1.32814e-05
cd640               =  6.39000e+02
e767                =  -5.72851e-01
x767                =  1.77566e+00 at=  1.42814e-05
cd767               =  7.66000e+02
e768                =  -4.98927e-01
x768                =  1.69173e+00 at=  1.52814e-05
cd768               =  7.67000e+02
e769                =  -4.86185e-01
x769                =  1.69760e+00 at=  1.62814e-05
cd769               =  7.68000e+02
e896                =  -8.26573e-01
x896                =  2.55269e+00 at=  1.72815e-05
cd896               =  8.95000e+02
e1022               =  -1.06047e+00
x1022               =  3.35418e+00 at=  1.82815e-05
cd1022              =  1.02100e+03
e1023               =  -9.97864e-01
x1023               =  3.27517e+00 at=  1.92815e-05
cd1023              =  1.02200e+03
vrefhi              =  3.30019e+00 at=  1.73149e-05
vreflo              =  3.29981e+00 at=  1.25696e-05
m_terr_t1_lsb = 1.0056630000e+00
m_decerr_t1_lsb = 4.3736570000e+00
m_code_t1 = 2.0000000000e+00
m_terr_t2_lsb = 9.8579040000e-01
m_decerr_t2_lsb = 4.3620490000e+00
m_code_t2 = 3.0000000000e+00
m_terr_t128_lsb = 6.5778340000e-01
m_decerr_t128_lsb = 2.9820960000e+00
m_code_t128 = 1.2800000000e+02
m_terr_t129_lsb = 7.3937410000e-01
m_decerr_t129_lsb = 3.0624730000e+00
m_code_t129 = 1.2900000000e+02
m_terr_t255_lsb = 4.1577260000e-01
m_decerr_t255_lsb = 1.7274710000e+00
m_code_t255 = 2.5500000000e+02
m_terr_t256_lsb = 4.9306130000e-01
m_decerr_t256_lsb = 1.7996190000e+00
m_code_t256 = 2.5600000000e+02
m_terr_t257_lsb = 4.9576640000e-01
m_decerr_t257_lsb = 1.7863750000e+00
m_code_t257 = 2.5700000000e+02
m_terr_t384_lsb = 1.5788720000e-01
m_decerr_t384_lsb = 8.5486640000e-01
m_code_t384 = 3.8400000000e+02
m_terr_t511_lsb = -7.477391000e-02
m_decerr_t511_lsb = 1.3014600000e+00
m_code_t511 = 5.1100000000e+02
m_terr_t512_lsb = -3.297480000e-03
m_decerr_t512_lsb = 1.3007800000e+00
m_code_t512 = 5.1200000000e+02
m_terr_t513_lsb = 6.9554200000e-03
m_decerr_t513_lsb = 1.2893440000e+00
m_code_t513 = 5.1300000000e+02
m_terr_t640_lsb = -3.272781000e-01
m_decerr_t640_lsb = 1.0309760000e+00
m_code_t640 = 6.3900000000e+02
m_terr_t767_lsb = -5.728508000e-01
m_decerr_t767_lsb = 1.7756620000e+00
m_code_t767 = 7.6600000000e+02
m_terr_t768_lsb = -4.989269000e-01
m_decerr_t768_lsb = 1.6917350000e+00
m_code_t768 = 7.6700000000e+02
m_terr_t769_lsb = -4.861851000e-01
m_decerr_t769_lsb = 1.6976040000e+00
m_code_t769 = 7.6800000000e+02
m_terr_t896_lsb = -8.265728000e-01
m_decerr_t896_lsb = 2.5526910000e+00
m_code_t896 = 8.9500000000e+02
m_terr_t1022_lsb = -1.060470000e+00
m_decerr_t1022_lsb = 3.3541770000e+00
m_code_t1022 = 1.0210000000e+03
m_terr_t1023_lsb = -9.978644000e-01
m_decerr_t1023_lsb = 3.2751750000e+00
m_code_t1023 = 1.0220000000e+03
m_inl_t1_lsb = 0.0000000000e+00
m_inl_t2_lsb = -1.791220137e-02
m_inl_t128_lsb = -9.890897397e-02
m_inl_t129_lsb = -1.535787534e-02
m_inl_t255_lsb = -9.194914795e-02
m_inl_t256_lsb = -1.270004932e-02
m_inl_t257_lsb = -8.034550685e-03
m_inl_t384_lsb = -9.694312466e-02
m_inl_t511_lsb = -8.063360863e-02
m_inl_t512_lsb = -7.196780000e-03
m_inl_t513_lsb = 5.0165186301e-03
m_inl_t640_lsb = -8.024637534e-02
m_inl_t767_lsb = -7.684844932e-02
m_inl_t768_lsb = -9.641506849e-04
m_inl_t769_lsb = 1.3738047945e-02
m_inl_t896_lsb = -7.767902603e-02
m_inl_t1022_lsb = -6.456599863e-02
m_inl_t1023_lsb = -1.110223025e-16
m_dnl_t1_t2_lsb = -1.987260000e-02
m_dnl_t128_t129_lsb = 8.1590700000e-02
m_dnl_t255_t256_lsb = 7.7288700000e-02
m_dnl_t256_t257_lsb = 2.7051000000e-03
m_dnl_t511_t512_lsb = 7.1476430000e-02
m_dnl_t512_t513_lsb = 1.0252900000e-02
m_dnl_t767_t768_lsb = 7.3923900000e-02
m_dnl_t768_t769_lsb = 1.2741800000e-02
m_dnl_t1022_t1023_lsb = 6.2605600000e-02
m_gain_err_lsb = -2.005487799e+00
m_vref_droop_mv = 3.8400000000e-01
Note: Simulation executed from .control section 

Warning: m=xx on .subckt line will override multiplier m hierarchy!

Note: Starting dynamic gmin stepping
Note: Dynamic gmin stepping completed
