
Note: Compatibility modes selected: hs a


Circuit: * adc-inl-dnl @ tt_125c_3.30v -- generated by sim/harness, do not edit

Reducing trtol to 1 for xspice 'A' devices
Doing analysis at TEMP = 125.000000 and TNOM = 27.000000

Using SPARSE 1.3 as Direct Linear Solver

Initial Transient Solution
--------------------------

Node                                   Voltage
----                                   -------
clk                                          0
cmpclk                                       0
cmpclkb                                    3.3
vddt                                       3.3
vddd                                       3.3
vddc                                       3.3
vrefs                                      3.3
vrefn                                      3.3
vcmn                                      1.65
se_vinp                             0.00402832
se_vinn                                   1.65
se_start                                     0
se_mode                                      0
se_cmp                                 1.36517
se_samp_tp_n                                 0
se_sel_in_n                                  0
se_drdy                                    3.3
se_c9                                        0
se_c8                                        0
se_c7                                        0
se_c6                                        0
se_c5                                        0
se_c4                                        0
se_c3                                        0
se_c2                                        0
se_c1                                        0
se_c0                                        0
se_rel_n_256p                              3.3
se_sel_hi_n_256p                             0
se_sel_lo_n_256p                             0
se_rel_n_128p                              3.3
se_sel_hi_n_128p                             0
se_sel_lo_n_128p                             0
se_rel_n_64p                               3.3
se_sel_hi_n_64p                              0
se_sel_lo_n_64p                              0
se_rel_n_32p                               3.3
se_sel_hi_n_32p                              0
se_sel_lo_n_32p                              0
se_rel_n_16p                               3.3
se_sel_hi_n_16p                              0
se_sel_lo_n_16p                              0
se_rel_n_8p                                3.3
se_sel_hi_n_8p                               0
se_sel_lo_n_8p                               0
se_rel_n_4p                                3.3
se_sel_hi_n_4p                               0
se_sel_lo_n_4p                               0
se_rel_n_2p                                3.3
se_sel_hi_n_2p                               0
se_sel_lo_n_2p                               0
se_rel_n_1p                                3.3
se_sel_hi_n_1p                               0
se_sel_lo_n_1p                               0
se_rel_n_256n                              3.3
se_sel_hi_n_256n                             0
se_sel_lo_n_256n                             0
se_rel_n_128n                              3.3
se_sel_hi_n_128n                             0
se_sel_lo_n_128n                             0
se_rel_n_64n                               3.3
se_sel_hi_n_64n                              0
se_sel_lo_n_64n                              0
se_rel_n_32n                               3.3
se_sel_hi_n_32n                              0
se_sel_lo_n_32n                              0
se_rel_n_16n                               3.3
se_sel_hi_n_16n                              0
se_sel_lo_n_16n                              0
se_rel_n_8n                                3.3
se_sel_hi_n_8n                               0
se_sel_lo_n_8n                               0
se_rel_n_4n                                3.3
se_sel_hi_n_4n                               0
se_sel_lo_n_4n                               0
se_rel_n_2n                                3.3
se_sel_hi_n_2n                               0
se_sel_lo_n_2n                               0
se_rel_n_1n                                3.3
se_sel_hi_n_1n                               0
se_sel_lo_n_1n                               0
se_pinp                             0.00402848
se_pinn                                   1.65
xsetswp.gp                                 3.3
se_topp                                   1.65
xsetswn.gp                                 3.3
se_topn                                   1.65
xsearrp.x256.bp                           1.65
xsearrp.x256.gp_in                         3.3
xsearrp.x256.gp_rel                1.01835e-08
xsearrp.x256.gp_hi                         3.3
xsearrp.x256.gp_lo                         3.3
xsearrp.x128.bp                           1.65
xsearrp.x128.gp_in                         3.3
xsearrp.x128.gp_rel                1.01835e-08
xsearrp.x128.gp_hi                         3.3
xsearrp.x128.gp_lo                         3.3
xsearrp.x64.bp                            1.65
xsearrp.x64.gp_in                          3.3
xsearrp.x64.gp_rel                 1.01835e-08
xsearrp.x64.gp_hi                          3.3
xsearrp.x64.gp_lo                          3.3
xsearrp.x32.bp                            1.65
xsearrp.x32.gp_in                          3.3
xsearrp.x32.gp_rel                 1.01835e-08
xsearrp.x32.gp_hi                          3.3
xsearrp.x32.gp_lo                          3.3
xsearrp.x16.bp                            1.65
xsearrp.x16.gp_in                          3.3
xsearrp.x16.gp_rel                 1.01835e-08
xsearrp.x16.gp_hi                          3.3
xsearrp.x16.gp_lo                          3.3
xsearrp.x8.bp                             1.65
xsearrp.x8.gp_in                           3.3
xsearrp.x8.gp_rel                  1.01835e-08
xsearrp.x8.gp_hi                           3.3
xsearrp.x8.gp_lo                           3.3
xsearrp.x4.bp                             1.65
xsearrp.x4.gp_in                           3.3
xsearrp.x4.gp_rel                  1.01835e-08
xsearrp.x4.gp_hi                           3.3
xsearrp.x4.gp_lo                           3.3
xsearrp.x2.bp                             1.65
xsearrp.x2.gp_in                           3.3
xsearrp.x2.gp_rel                  1.01835e-08
xsearrp.x2.gp_hi                           3.3
xsearrp.x2.gp_lo                           3.3
xsearrp.x1.bp                             1.65
xsearrp.x1.gp_in                           3.3
xsearrp.x1.gp_rel                  1.01835e-08
xsearrp.x1.gp_hi                           3.3
xsearrp.x1.gp_lo                           3.3
xsearrn.x256.bp                           1.65
xsearrn.x256.gp_in                         3.3
xsearrn.x256.gp_rel                1.01835e-08
xsearrn.x256.gp_hi                         3.3
xsearrn.x256.gp_lo                         3.3
xsearrn.x128.bp                           1.65
xsearrn.x128.gp_in                         3.3
xsearrn.x128.gp_rel                1.01835e-08
xsearrn.x128.gp_hi                         3.3
xsearrn.x128.gp_lo                         3.3
xsearrn.x64.bp                            1.65
xsearrn.x64.gp_in                          3.3
xsearrn.x64.gp_rel                 1.01835e-08
xsearrn.x64.gp_hi                          3.3
xsearrn.x64.gp_lo                          3.3
xsearrn.x32.bp                            1.65
xsearrn.x32.gp_in                          3.3
xsearrn.x32.gp_rel                 1.01835e-08
xsearrn.x32.gp_hi                          3.3
xsearrn.x32.gp_lo                          3.3
xsearrn.x16.bp                            1.65
xsearrn.x16.gp_in                          3.3
xsearrn.x16.gp_rel                 1.01835e-08
xsearrn.x16.gp_hi                          3.3
xsearrn.x16.gp_lo                          3.3
xsearrn.x8.bp                             1.65
xsearrn.x8.gp_in                           3.3
xsearrn.x8.gp_rel                  1.01835e-08
xsearrn.x8.gp_hi                           3.3
xsearrn.x8.gp_lo                           3.3
xsearrn.x4.bp                             1.65
xsearrn.x4.gp_in                           3.3
xsearrn.x4.gp_rel                  1.01835e-08
xsearrn.x4.gp_hi                           3.3
xsearrn.x4.gp_lo                           3.3
xsearrn.x2.bp                             1.65
xsearrn.x2.gp_in                           3.3
xsearrn.x2.gp_rel                  1.01835e-08
xsearrn.x2.gp_hi                           3.3
xsearrn.x2.gp_lo                           3.3
xsearrn.x1.bp                             1.65
xsearrn.x1.gp_in                           3.3
xsearrn.x1.gp_rel                  1.01835e-08
xsearrn.x1.gp_hi                           3.3
xsearrn.x1.gp_lo                           3.3
se_ibias                              0.678004
xsecmp.xpre.ptail                     0.836436
xsecmp.pon                              2.5772
xsecmp.preamp_in1                         1.65
xsecmp.pop                              2.5772
xsecmp.preamp_in2                         1.65
xsecmp.xpre.xrlp.11                    3.29972
xsecmp.xpre.xrlp.21                    2.57748
xsecmp.xpre.xrln.11                    3.29972
xsecmp.xpre.xrln.21                    2.57748
xsecmp.xlat.ltail                      1.96566
xsecmp.xlat.dip                            3.3
xsecmp.xlat.din                            3.3
xsecmp.outn                                3.3
xsecmp.outp                                3.3
xsecmp.sset                        1.80548e-08
xsecmp.srst                        1.80548e-08
xsecmp.xno1.ps                         3.06465
se_cmpb                                1.36517
xsecmp.xno2.ps                         3.06465
se_dacp                            1.11022e-16
se_dacn                            1.11022e-16
se_di                                  1.64597
se_err                                  510.75
se_aerrh                                     0
se_code                                      0
bsecode#branch                               0
bseea#branch                                 0
bsee#branch                                  0
bsedi#branch                                 0
bsedacn#branch                               0
bsedacp#branch                               0
lref#branch                        1.65807e-09
v.xsecmp.vpn#branch               -4.30695e-29
v.xsecmp.vpp#branch               -7.24275e-28
vsemode#branch                               0
vsestart#branch                              0
vsevinn#branch                    -5.28744e-18
vseinp#branch                      6.49088e-09
vcms#branch                       -1.92671e-08
vrefs#branch                      -1.65807e-09
vddc#branch                       -0.000559365
vddd#branch                       -7.43256e-09
vddt#branch                       -2.59752e-10
vcmpclkb#branch                              0
vcmpclk#branch                               0
vclk#branch                                  0
a.xsectrl.a_gn#branch_1_0                    0
a.xsectrl.a_gn#branch_1_1                    0
a.xsectrl.a_gn#branch_1_2                    0
a.xsectrl.a_gn#branch_1_3                    0
a.xsectrl.a_gn#branch_1_4                    0
a.xsectrl.a_gn#branch_1_5                    0
a.xsectrl.a_gn#branch_1_6                    0
a.xsectrl.a_gn#branch_1_7                    0
a.xsectrl.a_gn#branch_1_8                    0
a.xsectrl.a_gn#branch_1_9                    0
a.xsectrl.a_gn#branch_1_10                   0
a.xsectrl.a_gn#branch_1_11                   0
a.xsectrl.a_gn#branch_1_12                   0
a.xsectrl.a_gn#branch_1_13                   0
a.xsectrl.a_gn#branch_1_14                   0
a.xsectrl.a_gn#branch_1_15                   0
a.xsectrl.a_gn#branch_1_16                   0
a.xsectrl.a_gn#branch_1_17                   0
a.xsectrl.a_gn#branch_1_18                   0
a.xsectrl.a_gn#branch_1_19                   0
a.xsectrl.a_gn#branch_1_20                   0
a.xsectrl.a_gn#branch_1_21                   0
a.xsectrl.a_gn#branch_1_22                   0
a.xsectrl.a_gn#branch_1_23                   0
a.xsectrl.a_gn#branch_1_24                   0
a.xsectrl.a_gn#branch_1_25                   0
a.xsectrl.a_gn#branch_1_26                   0
a.xsectrl.a_gn#branch_1_27                   0
a.xsectrl.a_gn#branch_1_28                   0
a.xsectrl.a_gn#branch_1_29                   0
a.xsectrl.a_gn#branch_1_30                   0
a.xsectrl.a_gn#branch_1_31                   0
a.xsectrl.a_gn#branch_1_32                   0
a.xsectrl.a_gn#branch_1_33                   0
a.xsectrl.a_gn#branch_1_34                   0
a.xsectrl.a_gn#branch_1_35                   0
a.xsectrl.a_gn#branch_1_36                   0
a.xsectrl.a_gn#branch_1_37                   0
a.xsectrl.a_gn#branch_1_38                   0
a.xsectrl.a_gn#branch_1_39                   0
a.xsectrl.a_gn#branch_1_40                   0
a.xsectrl.a_gn#branch_1_41                   0
a.xsectrl.a_gn#branch_1_42                   0
a.xsectrl.a_gn#branch_1_43                   0
a.xsectrl.a_gn#branch_1_44                   0
a.xsectrl.a_gn#branch_1_45                   0
a.xsectrl.a_gn#branch_1_46                   0
a.xsectrl.a_gn#branch_1_47                   0
a.xsectrl.a_gn#branch_1_48                   0
a.xsectrl.a_gn#branch_1_49                   0
a.xsectrl.a_gn#branch_1_50                   0
a.xsectrl.a_gn#branch_1_51                   0
a.xsectrl.a_gn#branch_1_52                   0
a.xsectrl.a_gn#branch_1_53                   0
a.xsectrl.a_dout#branch_1_0                  0
a.xsectrl.a_dout#branch_1_1                  0
a.xsectrl.a_dout#branch_1_2                  0
a.xsectrl.a_dout#branch_1_3                  0
a.xsectrl.a_dout#branch_1_4                  0
a.xsectrl.a_dout#branch_1_5                  0
a.xsectrl.a_dout#branch_1_6                  0
a.xsectrl.a_dout#branch_1_7                  0
a.xsectrl.a_dout#branch_1_8                  0
a.xsectrl.a_dout#branch_1_9                  0
a.xsectrl.a_dout#branch_1_10                 0
a.xsectrl.a_dout#branch_1_11                 0
a.xsectrl.a_dout#branch_1_12                 0

 Reference value :  0.00000e+00
 Reference value :  2.77962e-08
 Reference value :  9.37917e-08
 Reference value :  1.56258e-07
 Reference value :  1.89977e-07
 Reference value :  2.50215e-07
 Reference value :  2.81784e-07
 Reference value :  3.43756e-07
 Reference value :  3.77542e-07
 Reference value :  4.37896e-07
 Reference value :  4.72720e-07
 Reference value :  5.31292e-07
 Reference value :  5.65085e-07
 Reference value :  6.25515e-07
 Reference value :  6.78318e-07
 Reference value :  7.18853e-07
 Reference value :  7.52570e-07
 Reference value :  8.12867e-07
 Reference value :  8.44388e-07
 Reference value :  8.90556e-07
 Reference value :  9.52372e-07
 Reference value :  1.00238e-06
 Reference value :  1.03186e-06
 Reference value :  1.09408e-06
 Reference value :  1.15646e-06
 Reference value :  1.19025e-06
 Reference value :  1.25055e-06
 Reference value :  1.28281e-06
 Reference value :  1.34385e-06
 Reference value :  1.37781e-06
 Reference value :  1.43827e-06
 Reference value :  1.49826e-06
 Reference value :  1.53134e-06
 Reference value :  1.56581e-06
 Reference value :  1.62727e-06
 Reference value :  1.68769e-06
 Reference value :  1.71912e-06
 Reference value :  1.78125e-06
 Reference value :  1.81477e-06
 Reference value :  1.85422e-06
 Reference value :  1.90633e-06
 Reference value :  1.96884e-06
 Reference value :  2.00258e-06
 Reference value :  2.03204e-06
 Reference value :  2.09432e-06
 Reference value :  2.15675e-06
 Reference value :  2.21876e-06
 Reference value :  2.25271e-06
 Reference value :  2.31044e-06
 Reference value :  2.34398e-06
 Reference value :  2.40216e-06
 Reference value :  2.43995e-06
 Reference value :  2.50032e-06
 Reference value :  2.53208e-06
 Reference value :  2.59382e-06
 Reference value :  2.62766e-06
 Reference value :  2.68818e-06
 Reference value :  2.73973e-06
 Reference value :  2.78140e-06
 Reference value :  2.81503e-06
 Reference value :  2.87515e-06
 Reference value :  2.90657e-06
 Reference value :  2.96912e-06
 Reference value :  3.00292e-06
 Reference value :  3.06261e-06
 Reference value :  3.12501e-06
 Reference value :  3.16764e-06
 Reference value :  3.21919e-06
 Reference value :  3.25403e-06
 Reference value :  3.31295e-06
 Reference value :  3.36730e-06
 Reference value :  3.40635e-06
 Reference value :  3.44095e-06
 Reference value :  3.50227e-06
 Reference value :  3.56253e-06
 Reference value :  3.59390e-06
 Reference value :  3.62824e-06
 Reference value :  3.68977e-06
 Reference value :  3.75011e-06
 Reference value :  3.78156e-06
 Reference value :  3.81512e-06
 Reference value :  3.87558e-06
 Reference value :  3.90685e-06
 Reference value :  3.96926e-06
 Reference value :  4.00292e-06
 Reference value :  4.06295e-06
 Reference value :  4.12551e-06
 Reference value :  4.18795e-06
 Reference value :  4.24373e-06
 Reference value :  4.28135e-06
 Reference value :  4.31779e-06
 Reference value :  4.37727e-06
 Reference value :  4.40686e-06
 Reference value :  4.46875e-06
 Reference value :  4.50105e-06
 Reference value :  4.56253e-06
 Reference value :  4.59391e-06
 Reference value :  4.63950e-06
 Reference value :  4.68994e-06
 Reference value :  4.75021e-06
 Reference value :  4.78211e-06
 Reference value :  4.84386e-06
 Reference value :  4.87762e-06
 Reference value :  4.93811e-06
 Reference value :  5.00061e-06
 Reference value :  5.03163e-06
 Reference value :  5.09391e-06
 Reference value :  5.14662e-06
 Reference value :  5.18976e-06
 Reference value :  5.25010e-06
 Reference value :  5.28157e-06
 Reference value :  5.31565e-06
 Reference value :  5.37727e-06
 Reference value :  5.40688e-06
 Reference value :  5.45177e-06
 Reference value :  5.50069e-06
 Reference value :  5.55714e-06
 Reference value :  5.59395e-06
 Reference value :  5.65625e-06
 Reference value :  5.68993e-06
 Reference value :  5.75020e-06
 Reference value :  5.78171e-06
 Reference value :  5.83818e-06
 Reference value :  5.87552e-06
 Reference value :  5.90678e-06
 Reference value :  5.96893e-06
 Reference value :  6.00293e-06
 Reference value :  6.06295e-06
 Reference value :  6.12555e-06
 Reference value :  6.18798e-06
 Reference value :  6.24420e-06
 Reference value :  6.28150e-06
 Reference value :  6.32711e-06
 Reference value :  6.37726e-06
 Reference value :  6.42491e-06
 Reference value :  6.46883e-06
 Reference value :  6.50255e-06
 Reference value :  6.56307e-06
 Reference value :  6.62331e-06
 Reference value :  6.65636e-06
 Reference value :  6.69038e-06
 Reference value :  6.75104e-06
 Reference value :  6.81256e-06
 Reference value :  6.84408e-06
 Reference value :  6.87850e-06
 Reference value :  6.93800e-06
 Reference value :  7.00051e-06
 Reference value :  7.03145e-06
 Reference value :  7.09384e-06
 Reference value :  7.12546e-06
 Reference value :  7.18760e-06
 Reference value :  7.21930e-06
 Reference value :  7.26735e-06
 Reference value :  7.31302e-06
 Reference value :  7.34436e-06
 Reference value :  7.37944e-06
 Reference value :  7.43790e-06
 Reference value :  7.46941e-06
 Reference value :  7.52579e-06
 Reference value :  7.56502e-06
 Reference value :  7.62522e-06
 Reference value :  7.65692e-06
 Reference value :  7.71879e-06
 Reference value :  7.75244e-06
 Reference value :  7.81270e-06
 Reference value :  7.84438e-06
 Reference value :  7.88604e-06
 Reference value :  7.94048e-06
 Reference value :  8.00243e-06
 Reference value :  8.03183e-06
 Reference value :  8.09395e-06
 Reference value :  8.14014e-06
 Reference value :  8.18770e-06
 Reference value :  8.21942e-06
 Reference value :  8.27735e-06
 Reference value :  8.31302e-06
 Reference value :  8.34425e-06
 Reference value :  8.37782e-06
 Reference value :  8.43773e-06
 Reference value :  8.46916e-06
 Reference value :  8.50648e-06
 Reference value :  8.56477e-06
 Reference value :  8.62503e-06
 Reference value :  8.65643e-06
 Reference value :  8.69029e-06
 Reference value :  8.75081e-06
 Reference value :  8.80354e-06
 Reference value :  8.84391e-06
 Reference value :  8.87745e-06
 Reference value :  8.92652e-06
 Reference value :  8.96959e-06
 Reference value :  9.00300e-06
 Reference value :  9.06306e-06
 Reference value :  9.14846e-06
 Reference value :  9.18988e-06
 Reference value :  9.25022e-06
 Reference value :  9.28293e-06
 Reference value :  9.34381e-06
 Reference value :  9.37729e-06
 Reference value :  9.42668e-06
 Reference value :  9.46885e-06
 Reference value :  9.50242e-06
 Reference value :  9.56260e-06
 Reference value :  9.59397e-06
 Reference value :  9.63841e-06
 Reference value :  9.68983e-06
 Reference value :  9.75020e-06
 Reference value :  9.78273e-06
 Reference value :  9.84385e-06
 Reference value :  9.87760e-06
 Reference value :  9.93782e-06
 Reference value :  1.00003e-05
 Reference value :  1.00314e-05
 Reference value :  1.00940e-05
 Reference value :  1.01567e-05
 Reference value :  1.02188e-05
 Reference value :  1.02528e-05
 Reference value :  1.03128e-05
 Reference value :  1.03443e-05
 Reference value :  1.03984e-05
 Reference value :  1.04399e-05
 Reference value :  1.05002e-05
 Reference value :  1.05318e-05
 Reference value :  1.05912e-05
 Reference value :  1.06275e-05
 Reference value :  1.06878e-05
 Reference value :  1.07198e-05
 Reference value :  1.07813e-05
 Reference value :  1.08150e-05
 Reference value :  1.08753e-05
 Reference value :  1.09065e-05
 Reference value :  1.09688e-05
 Reference value :  1.10024e-05
 Reference value :  1.10456e-05
 Reference value :  1.10966e-05
 Reference value :  1.11573e-05
 Reference value :  1.12189e-05
 Reference value :  1.12530e-05
 Reference value :  1.13127e-05
 Reference value :  1.13442e-05
 Reference value :  1.13907e-05
 Reference value :  1.14399e-05
 Reference value :  1.15002e-05
 Reference value :  1.15319e-05
 Reference value :  1.15938e-05
 Reference value :  1.16275e-05
 Reference value :  1.16879e-05
 Reference value :  1.17291e-05
 Reference value :  1.17814e-05
 Reference value :  1.18151e-05
 Reference value :  1.18757e-05
 Reference value :  1.19070e-05
 Reference value :  1.19690e-05
 Reference value :  1.20028e-05
 Reference value :  1.20626e-05
 Reference value :  1.21155e-05
 Reference value :  1.21628e-05
 Reference value :  1.22189e-05
 Reference value :  1.22531e-05
 Reference value :  1.23129e-05
 Reference value :  1.23443e-05
 Reference value :  1.23866e-05
 Reference value :  1.24399e-05
 Reference value :  1.25002e-05
 Reference value :  1.25315e-05
 Reference value :  1.25892e-05
 Reference value :  1.26276e-05
 Reference value :  1.26884e-05
 Reference value :  1.27490e-05
 Reference value :  1.27816e-05
 Reference value :  1.28438e-05
 Reference value :  1.28757e-05
 Reference value :  1.29126e-05
 Reference value :  1.29706e-05
 Reference value :  1.30145e-05
 Reference value :  1.30632e-05
 Reference value :  1.31266e-05
 Reference value :  1.31900e-05
 Reference value :  1.32502e-05
 Reference value :  1.32818e-05
 Reference value :  1.33216e-05
 Reference value :  1.33755e-05
 Reference value :  1.34067e-05
 Reference value :  1.34448e-05
 Reference value :  1.35005e-05
 Reference value :  1.35452e-05
 Reference value :  1.35938e-05
 Reference value :  1.36284e-05
 Reference value :  1.36898e-05
 Reference value :  1.37501e-05
 Reference value :  1.37815e-05
 Reference value :  1.38412e-05
 Reference value :  1.38774e-05
 Reference value :  1.39376e-05
 Reference value :  1.40000e-05
 Reference value :  1.40219e-05
 Reference value :  1.40631e-05
 Reference value :  1.41258e-05
 Reference value :  1.41899e-05
 Reference value :  1.42504e-05
 Reference value :  1.42818e-05
 Reference value :  1.43231e-05
 Reference value :  1.43754e-05
 Reference value :  1.44067e-05
 Reference value :  1.44414e-05
 Reference value :  1.45017e-05
 Reference value :  1.45625e-05
 Reference value :  1.45939e-05
 Reference value :  1.46283e-05
 Reference value :  1.46885e-05
 Reference value :  1.47501e-05
 Reference value :  1.47816e-05
 Reference value :  1.48352e-05
 Reference value :  1.48755e-05
 Reference value :  1.49068e-05
 Reference value :  1.49689e-05
 Reference value :  1.50029e-05
 Reference value :  1.50625e-05
 Reference value :  1.51174e-05
 Reference value :  1.51588e-05
 Reference value :  1.52189e-05
 Reference value :  1.52530e-05
 Reference value :  1.53127e-05
 Reference value :  1.53442e-05
 Reference value :  1.53777e-05
 Reference value :  1.54379e-05
 Reference value :  1.54768e-05
 Reference value :  1.55313e-05
 Reference value :  1.55650e-05
 Reference value :  1.56252e-05
 Reference value :  1.56569e-05
 Reference value :  1.57188e-05
 Reference value :  1.57525e-05
 Reference value :  1.58130e-05
 Reference value :  1.58704e-05
 Reference value :  1.59063e-05
 Reference value :  1.59688e-05
 Reference value :  1.60027e-05
 Reference value :  1.60614e-05
 Reference value :  1.61054e-05
 Reference value :  1.61581e-05
 Reference value :  1.62189e-05
 Reference value :  1.62530e-05
 Reference value :  1.63127e-05
 Reference value :  1.63441e-05
 Reference value :  1.63870e-05
 Reference value :  1.64381e-05
 Reference value :  1.65000e-05
 Reference value :  1.65313e-05
 Reference value :  1.65651e-05
 Reference value :  1.66254e-05
 Reference value :  1.66727e-05
 Reference value :  1.67189e-05
 Reference value :  1.67526e-05
 Reference value :  1.68131e-05
 Reference value :  1.68660e-05
 Reference value :  1.69063e-05
 Reference value :  1.69535e-05
 Reference value :  1.70025e-05
 Reference value :  1.70319e-05
 Reference value :  1.70944e-05
 Reference value :  1.71570e-05
 Reference value :  1.72188e-05
 Reference value :  1.72529e-05
 Reference value :  1.73127e-05
 Reference value :  1.73462e-05
 Reference value :  1.74063e-05
 Reference value :  1.74398e-05
 Reference value :  1.74733e-05
 Reference value :  1.75236e-05
 Reference value :  1.75650e-05
 Reference value :  1.76252e-05
 Reference value :  1.76568e-05
 Reference value :  1.77188e-05
 Reference value :  1.77525e-05
 Reference value :  1.78128e-05
 Reference value :  1.78447e-05
 Reference value :  1.79063e-05
 Reference value :  1.79688e-05
 Reference value :  1.80025e-05
 Reference value :  1.80319e-05
 Reference value :  1.80942e-05
 Reference value :  1.81567e-05
 Reference value :  1.82188e-05
 Reference value :  1.82529e-05
 Reference value :  1.83127e-05
 Reference value :  1.83439e-05
 Reference value :  1.83795e-05
 Reference value :  1.84398e-05
 Reference value :  1.85001e-05
 Reference value :  1.85313e-05
 Reference value :  1.85652e-05
 Reference value :  1.86256e-05
 Reference value :  1.86803e-05
 Reference value :  1.87189e-05
 Reference value :  1.87527e-05
 Reference value :  1.88129e-05
 Reference value :  1.88444e-05
 Reference value :  1.88798e-05
 Reference value :  1.89429e-05
 Reference value :  1.90023e-05
 Reference value :  1.90319e-05
 Reference value :  1.90943e-05
 Reference value :  1.91568e-05
 Reference value :  1.92188e-05
 Reference value :  1.92507e-05
 Reference value :  1.93126e-05
 Reference value :  1.93537e-05
 Reference value :  1.94064e-05
 Reference value :  1.94422e-05
 Reference value :  1.95024e-05
 Reference value :  1.95627e-05
 Reference value :  1.95943e-05
 Reference value :  1.96563e-05
 Reference value :  1.96901e-05
 Reference value :  1.97509e-05
 Reference value :  1.98126e-05
 Reference value :  1.98440e-05
 Reference value :  1.98776e-05
 Reference value :  1.99377e-05
No. of Data Rows : 49038
e1                  =  1.00566e+00
x1                  =  4.37366e+00 at=  2.28143e-06
cd1                 =  2.00000e+00
e2                  =  9.85790e-01
x2                  =  4.36205e+00 at=  3.28143e-06
cd2                 =  3.00000e+00
e128                =  6.57783e-01
x128                =  2.98210e+00 at=  4.28143e-06
cd128               =  1.28000e+02
e129                =  7.39374e-01
x129                =  3.06247e+00 at=  5.28143e-06
cd129               =  1.29000e+02
e255                =  4.15773e-01
x255                =  1.72747e+00 at=  6.28146e-06
cd255               =  2.55000e+02
e256                =  4.93061e-01
x256                =  1.79962e+00 at=  7.28147e-06
cd256               =  2.56000e+02
e257                =  4.95766e-01
x257                =  1.78637e+00 at=  8.28147e-06
cd257               =  2.57000e+02
e384                =  1.57887e-01
x384                =  8.54866e-01 at=  9.28145e-06
cd384               =  3.84000e+02
e511                =  -7.47739e-02
x511                =  1.30146e+00 at=  1.03439e-05
cd511               =  5.11000e+02
e512                =  -3.29748e-03
x512                =  1.30078e+00 at=  1.13440e-05
cd512               =  5.12000e+02
e513                =  6.95542e-03
x513                =  1.28934e+00 at=  1.23440e-05
cd513               =  5.13000e+02
e640                =  -3.27278e-01
x640                =  1.03098e+00 at=  1.32814e-05
cd640               =  6.39000e+02
e767                =  -5.72851e-01
x767                =  1.77566e+00 at=  1.42814e-05
cd767               =  7.66000e+02
e768                =  -4.98927e-01
x768                =  1.69173e+00 at=  1.52814e-05
cd768               =  7.67000e+02
e769                =  -4.86185e-01
x769                =  1.69760e+00 at=  1.62814e-05
cd769               =  7.68000e+02
e896                =  -8.26573e-01
x896                =  2.55269e+00 at=  1.72815e-05
cd896               =  8.95000e+02
e1022               =  -1.06047e+00
x1022               =  3.35418e+00 at=  1.82815e-05
cd1022              =  1.02100e+03
e1023               =  -9.97864e-01
x1023               =  3.27517e+00 at=  1.92815e-05
cd1023              =  1.02200e+03
vrefhi              =  3.30019e+00 at=  1.73149e-05
vreflo              =  3.29981e+00 at=  1.25696e-05
m_terr_t1_lsb = 1.0056630000e+00
m_decerr_t1_lsb = 4.3736570000e+00
m_code_t1 = 2.0000000000e+00
m_terr_t2_lsb = 9.8579040000e-01
m_decerr_t2_lsb = 4.3620490000e+00
m_code_t2 = 3.0000000000e+00
m_terr_t128_lsb = 6.5778340000e-01
m_decerr_t128_lsb = 2.9820960000e+00
m_code_t128 = 1.2800000000e+02
m_terr_t129_lsb = 7.3937410000e-01
m_decerr_t129_lsb = 3.0624730000e+00
m_code_t129 = 1.2900000000e+02
m_terr_t255_lsb = 4.1577260000e-01
m_decerr_t255_lsb = 1.7274710000e+00
m_code_t255 = 2.5500000000e+02
m_terr_t256_lsb = 4.9306130000e-01
m_decerr_t256_lsb = 1.7996190000e+00
m_code_t256 = 2.5600000000e+02
m_terr_t257_lsb = 4.9576640000e-01
m_decerr_t257_lsb = 1.7863750000e+00
m_code_t257 = 2.5700000000e+02
m_terr_t384_lsb = 1.5788720000e-01
m_decerr_t384_lsb = 8.5486640000e-01
m_code_t384 = 3.8400000000e+02
m_terr_t511_lsb = -7.477391000e-02
m_decerr_t511_lsb = 1.3014600000e+00
m_code_t511 = 5.1100000000e+02
m_terr_t512_lsb = -3.297480000e-03
m_decerr_t512_lsb = 1.3007800000e+00
m_code_t512 = 5.1200000000e+02
m_terr_t513_lsb = 6.9554200000e-03
m_decerr_t513_lsb = 1.2893440000e+00
m_code_t513 = 5.1300000000e+02
m_terr_t640_lsb = -3.272781000e-01
m_decerr_t640_lsb = 1.0309760000e+00
m_code_t640 = 6.3900000000e+02
m_terr_t767_lsb = -5.728508000e-01
m_decerr_t767_lsb = 1.7756620000e+00
m_code_t767 = 7.6600000000e+02
m_terr_t768_lsb = -4.989269000e-01
m_decerr_t768_lsb = 1.6917350000e+00
m_code_t768 = 7.6700000000e+02
m_terr_t769_lsb = -4.861851000e-01
m_decerr_t769_lsb = 1.6976040000e+00
m_code_t769 = 7.6800000000e+02
m_terr_t896_lsb = -8.265728000e-01
m_decerr_t896_lsb = 2.5526910000e+00
m_code_t896 = 8.9500000000e+02
m_terr_t1022_lsb = -1.060470000e+00
m_decerr_t1022_lsb = 3.3541770000e+00
m_code_t1022 = 1.0210000000e+03
m_terr_t1023_lsb = -9.978644000e-01
m_decerr_t1023_lsb = 3.2751750000e+00
m_code_t1023 = 1.0220000000e+03
m_inl_t1_lsb = 0.0000000000e+00
m_inl_t2_lsb = -1.791220137e-02
m_inl_t128_lsb = -9.890897397e-02
m_inl_t129_lsb = -1.535787534e-02
m_inl_t255_lsb = -9.194914795e-02
m_inl_t256_lsb = -1.270004932e-02
m_inl_t257_lsb = -8.034550685e-03
m_inl_t384_lsb = -9.694312466e-02
m_inl_t511_lsb = -8.063360863e-02
m_inl_t512_lsb = -7.196780000e-03
m_inl_t513_lsb = 5.0165186301e-03
m_inl_t640_lsb = -8.024637534e-02
m_inl_t767_lsb = -7.684844932e-02
m_inl_t768_lsb = -9.641506849e-04
m_inl_t769_lsb = 1.3738047945e-02
m_inl_t896_lsb = -7.767902603e-02
m_inl_t1022_lsb = -6.456599863e-02
m_inl_t1023_lsb = -1.110223025e-16
m_dnl_t1_t2_lsb = -1.987260000e-02
m_dnl_t128_t129_lsb = 8.1590700000e-02
m_dnl_t255_t256_lsb = 7.7288700000e-02
m_dnl_t256_t257_lsb = 2.7051000000e-03
m_dnl_t511_t512_lsb = 7.1476430000e-02
m_dnl_t512_t513_lsb = 1.0252900000e-02
m_dnl_t767_t768_lsb = 7.3923900000e-02
m_dnl_t768_t769_lsb = 1.2741800000e-02
m_dnl_t1022_t1023_lsb = 6.2605600000e-02
m_gain_err_lsb = -2.005487799e+00
m_vref_droop_mv = 3.8400000000e-01
Note: Simulation executed from .control section 

Warning: m=xx on .subckt line will override multiplier m hierarchy!

Note: Starting dynamic gmin stepping
Note: Dynamic gmin stepping completed
