
Note: Compatibility modes selected: hs a


Circuit: * device-switch-ron @ sf_125c_3.30v -- generated by sim/harness, do not edit

Doing analysis at TEMP = 125.000000 and TNOM = 27.000000

Using SPARSE 1.3 as Direct Linear Solver
 Reference value :  0.00000e+00
No. of Data Rows : 1
m_ron_n_f00 = 2.1395739628e+02
m_ron_n_f17 = 2.5229240552e+02
m_ron_n_f33 = 3.2333936869e+02
m_ron_n_f50 = 5.0924042978e+02
m_ron_n_f67 = 2.0569196661e+03
m_ron_n_f83 = 4.4701707186e+07
m_ron_n_f100 = 3.0119469866e+09
m_ron_p_f00 = 3.0303220661e+09
m_ron_p_f17 = 2.0747080148e+08
m_ron_p_f33 = 3.5546946198e+03
m_ron_p_f50 = 6.7837835089e+02
m_ron_p_f67 = 4.0415232253e+02
m_ron_p_f83 = 3.0122441421e+02
m_ron_p_f100 = 2.4504036958e+02
m_ron_t_f00 = 2.1395741139e+02
m_ron_t_f17 = 2.5229209873e+02
m_ron_t_f33 = 2.9638025806e+02
m_ron_t_f50 = 2.9088263724e+02
m_ron_t_f67 = 3.3778323598e+02
m_ron_t_f83 = 3.0122238441e+02
m_ron_t_f100 = 2.4504034965e+02
m_ron_t_max = 3.3778323598e+02
m_ron_t_min = 2.1395741139e+02
m_ron_t_flatness = 1.5787405250e+00
Note: Simulation executed from .control section 

Warning: m=xx on .subckt line will override multiplier m hierarchy!

