
Note: Compatibility modes selected: hs a


Circuit: * adc-power @ ff_27c_3.30v -- generated by sim/harness, do not edit

Reducing trtol to 1 for xspice 'A' devices
Doing analysis at TEMP = 27.000000 and TNOM = 27.000000

Using SPARSE 1.3 as Direct Linear Solver

Initial Transient Solution
--------------------------

Node                                   Voltage
----                                   -------
clk                                          0
cmpclk                                       0
cmpclkb                                    3.3
vddt                                       3.3
vddd                                       3.3
vddc                                       3.3
vrefs                                      3.3
vrefn                                      3.3
vcmn                                      1.65
se_vinp                                      0
se_vinn                                   1.65
se_start                                     0
se_mode                                      0
se_cmp                                  1.3435
se_samp_tp_n                                 0
se_sel_in_n                                  0
se_drdy                                    3.3
se_c9                                        0
se_c8                                        0
se_c7                                        0
se_c6                                        0
se_c5                                        0
se_c4                                        0
se_c3                                        0
se_c2                                        0
se_c1                                        0
se_c0                                        0
se_rel_n_256p                              3.3
se_sel_hi_n_256p                             0
se_sel_lo_n_256p                             0
se_rel_n_128p                              3.3
se_sel_hi_n_128p                             0
se_sel_lo_n_128p                             0
se_rel_n_64p                               3.3
se_sel_hi_n_64p                              0
se_sel_lo_n_64p                              0
se_rel_n_32p                               3.3
se_sel_hi_n_32p                              0
se_sel_lo_n_32p                              0
se_rel_n_16p                               3.3
se_sel_hi_n_16p                              0
se_sel_lo_n_16p                              0
se_rel_n_8p                                3.3
se_sel_hi_n_8p                               0
se_sel_lo_n_8p                               0
se_rel_n_4p                                3.3
se_sel_hi_n_4p                               0
se_sel_lo_n_4p                               0
se_rel_n_2p                                3.3
se_sel_hi_n_2p                               0
se_sel_lo_n_2p                               0
se_rel_n_1p                                3.3
se_sel_hi_n_1p                               0
se_sel_lo_n_1p                               0
se_rel_n_256n                              3.3
se_sel_hi_n_256n                             0
se_sel_lo_n_256n                             0
se_rel_n_128n                              3.3
se_sel_hi_n_128n                             0
se_sel_lo_n_128n                             0
se_rel_n_64n                               3.3
se_sel_hi_n_64n                              0
se_sel_lo_n_64n                              0
se_rel_n_32n                               3.3
se_sel_hi_n_32n                              0
se_sel_lo_n_32n                              0
se_rel_n_16n                               3.3
se_sel_hi_n_16n                              0
se_sel_lo_n_16n                              0
se_rel_n_8n                                3.3
se_sel_hi_n_8n                               0
se_sel_lo_n_8n                               0
se_rel_n_4n                                3.3
se_sel_hi_n_4n                               0
se_sel_lo_n_4n                               0
se_rel_n_2n                                3.3
se_sel_hi_n_2n                               0
se_sel_lo_n_2n                               0
se_rel_n_1n                                3.3
se_sel_hi_n_1n                               0
se_sel_lo_n_1n                               0
se_pinp                            9.75219e-09
se_pinn                                   1.65
xsetswp.gp                                 3.3
se_topp                                1.65001
xsetswn.gp                                 3.3
se_topn                                1.65001
xsearrp.x256.bp                           1.65
xsearrp.x256.gp_in                         3.3
xsearrp.x256.gp_rel                1.81965e-09
xsearrp.x256.gp_hi                         3.3
xsearrp.x256.gp_lo                         3.3
xsearrp.x128.bp                           1.65
xsearrp.x128.gp_in                         3.3
xsearrp.x128.gp_rel                1.81965e-09
xsearrp.x128.gp_hi                         3.3
xsearrp.x128.gp_lo                         3.3
xsearrp.x64.bp                            1.65
xsearrp.x64.gp_in                          3.3
xsearrp.x64.gp_rel                 1.81965e-09
xsearrp.x64.gp_hi                          3.3
xsearrp.x64.gp_lo                          3.3
xsearrp.x32.bp                            1.65
xsearrp.x32.gp_in                          3.3
xsearrp.x32.gp_rel                 1.81965e-09
xsearrp.x32.gp_hi                          3.3
xsearrp.x32.gp_lo                          3.3
xsearrp.x16.bp                            1.65
xsearrp.x16.gp_in                          3.3
xsearrp.x16.gp_rel                 1.81965e-09
xsearrp.x16.gp_hi                          3.3
xsearrp.x16.gp_lo                          3.3
xsearrp.x8.bp                             1.65
xsearrp.x8.gp_in                           3.3
xsearrp.x8.gp_rel                  1.81965e-09
xsearrp.x8.gp_hi                           3.3
xsearrp.x8.gp_lo                           3.3
xsearrp.x4.bp                             1.65
xsearrp.x4.gp_in                           3.3
xsearrp.x4.gp_rel                  1.81965e-09
xsearrp.x4.gp_hi                           3.3
xsearrp.x4.gp_lo                           3.3
xsearrp.x2.bp                             1.65
xsearrp.x2.gp_in                           3.3
xsearrp.x2.gp_rel                  1.81965e-09
xsearrp.x2.gp_hi                           3.3
xsearrp.x2.gp_lo                           3.3
xsearrp.x1.bp                             1.65
xsearrp.x1.gp_in                           3.3
xsearrp.x1.gp_rel                  1.81965e-09
xsearrp.x1.gp_hi                           3.3
xsearrp.x1.gp_lo                           3.3
xsearrn.x256.bp                           1.65
xsearrn.x256.gp_in                         3.3
xsearrn.x256.gp_rel                1.81965e-09
xsearrn.x256.gp_hi                         3.3
xsearrn.x256.gp_lo                         3.3
xsearrn.x128.bp                           1.65
xsearrn.x128.gp_in                         3.3
xsearrn.x128.gp_rel                1.81965e-09
xsearrn.x128.gp_hi                         3.3
xsearrn.x128.gp_lo                         3.3
xsearrn.x64.bp                            1.65
xsearrn.x64.gp_in                          3.3
xsearrn.x64.gp_rel                 1.81965e-09
xsearrn.x64.gp_hi                          3.3
xsearrn.x64.gp_lo                          3.3
xsearrn.x32.bp                            1.65
xsearrn.x32.gp_in                          3.3
xsearrn.x32.gp_rel                 1.81965e-09
xsearrn.x32.gp_hi                          3.3
xsearrn.x32.gp_lo                          3.3
xsearrn.x16.bp                            1.65
xsearrn.x16.gp_in                          3.3
xsearrn.x16.gp_rel                 1.81965e-09
xsearrn.x16.gp_hi                          3.3
xsearrn.x16.gp_lo                          3.3
xsearrn.x8.bp                             1.65
xsearrn.x8.gp_in                           3.3
xsearrn.x8.gp_rel                  1.81965e-09
xsearrn.x8.gp_hi                           3.3
xsearrn.x8.gp_lo                           3.3
xsearrn.x4.bp                             1.65
xsearrn.x4.gp_in                           3.3
xsearrn.x4.gp_rel                  1.81965e-09
xsearrn.x4.gp_hi                           3.3
xsearrn.x4.gp_lo                           3.3
xsearrn.x2.bp                             1.65
xsearrn.x2.gp_in                           3.3
xsearrn.x2.gp_rel                  1.81965e-09
xsearrn.x2.gp_hi                           3.3
xsearrn.x2.gp_lo                           3.3
xsearrn.x1.bp                             1.65
xsearrn.x1.gp_in                           3.3
xsearrn.x1.gp_rel                  1.81965e-09
xsearrn.x1.gp_hi                           3.3
xsearrn.x1.gp_lo                           3.3
se_ibias                              0.640978
xsecmp.xpre.ptail                     0.856418
xsecmp.pon                             2.66817
xsecmp.preamp_in1                      1.65001
xsecmp.pop                             2.66817
xsecmp.preamp_in2                      1.65001
xsecmp.xpre.xrlp.11                    3.29983
xsecmp.xpre.xrlp.21                    2.66835
xsecmp.xpre.xrln.11                    3.29983
xsecmp.xpre.xrln.21                    2.66835
xsecmp.xlat.ltail                      2.07036
xsecmp.xlat.dip                            3.3
xsecmp.xlat.din                            3.3
xsecmp.outn                                3.3
xsecmp.outp                                3.3
xsecmp.sset                        6.03404e-09
xsecmp.srst                        6.03404e-09
xsecmp.xno1.ps                         3.04662
se_cmpb                                 1.3435
xsecmp.xno2.ps                         3.04662
se_dacp                            1.11022e-16
se_dacn                            1.11022e-16
se_di                                     1.65
se_err                                     512
se_aerrh                                     0
se_code                                      0
bsecode#branch                               0
bseea#branch                                 0
bsee#branch                                  0
bsedi#branch                                 0
bsedacn#branch                               0
bsedacp#branch                               0
lref#branch                        8.74904e-11
v.xsecmp.vpn#branch                 3.8335e-28
v.xsecmp.vpp#branch               -9.48302e-28
vsemode#branch                               0
vsestart#branch                              0
vsevinn#branch                     6.57668e-17
vseinp#branch                      3.90088e-10
vcms#branch                        -9.9575e-10
vrefs#branch                      -8.74904e-11
vddc#branch                       -0.000800607
vddd#branch                       -8.18258e-10
vddt#branch                       -2.25302e-11
vcmpclkb#branch                              0
vcmpclk#branch                               0
vclk#branch                                  0
a.xsectrl.a_gn#branch_1_0                    0
a.xsectrl.a_gn#branch_1_1                    0
a.xsectrl.a_gn#branch_1_2                    0
a.xsectrl.a_gn#branch_1_3                    0
a.xsectrl.a_gn#branch_1_4                    0
a.xsectrl.a_gn#branch_1_5                    0
a.xsectrl.a_gn#branch_1_6                    0
a.xsectrl.a_gn#branch_1_7                    0
a.xsectrl.a_gn#branch_1_8                    0
a.xsectrl.a_gn#branch_1_9                    0
a.xsectrl.a_gn#branch_1_10                   0
a.xsectrl.a_gn#branch_1_11                   0
a.xsectrl.a_gn#branch_1_12                   0
a.xsectrl.a_gn#branch_1_13                   0
a.xsectrl.a_gn#branch_1_14                   0
a.xsectrl.a_gn#branch_1_15                   0
a.xsectrl.a_gn#branch_1_16                   0
a.xsectrl.a_gn#branch_1_17                   0
a.xsectrl.a_gn#branch_1_18                   0
a.xsectrl.a_gn#branch_1_19                   0
a.xsectrl.a_gn#branch_1_20                   0
a.xsectrl.a_gn#branch_1_21                   0
a.xsectrl.a_gn#branch_1_22                   0
a.xsectrl.a_gn#branch_1_23                   0
a.xsectrl.a_gn#branch_1_24                   0
a.xsectrl.a_gn#branch_1_25                   0
a.xsectrl.a_gn#branch_1_26                   0
a.xsectrl.a_gn#branch_1_27                   0
a.xsectrl.a_gn#branch_1_28                   0
a.xsectrl.a_gn#branch_1_29                   0
a.xsectrl.a_gn#branch_1_30                   0
a.xsectrl.a_gn#branch_1_31                   0
a.xsectrl.a_gn#branch_1_32                   0
a.xsectrl.a_gn#branch_1_33                   0
a.xsectrl.a_gn#branch_1_34                   0
a.xsectrl.a_gn#branch_1_35                   0
a.xsectrl.a_gn#branch_1_36                   0
a.xsectrl.a_gn#branch_1_37                   0
a.xsectrl.a_gn#branch_1_38                   0
a.xsectrl.a_gn#branch_1_39                   0
a.xsectrl.a_gn#branch_1_40                   0
a.xsectrl.a_gn#branch_1_41                   0
a.xsectrl.a_gn#branch_1_42                   0
a.xsectrl.a_gn#branch_1_43                   0
a.xsectrl.a_gn#branch_1_44                   0
a.xsectrl.a_gn#branch_1_45                   0
a.xsectrl.a_gn#branch_1_46                   0
a.xsectrl.a_gn#branch_1_47                   0
a.xsectrl.a_gn#branch_1_48                   0
a.xsectrl.a_gn#branch_1_49                   0
a.xsectrl.a_gn#branch_1_50                   0
a.xsectrl.a_gn#branch_1_51                   0
a.xsectrl.a_gn#branch_1_52                   0
a.xsectrl.a_gn#branch_1_53                   0
a.xsectrl.a_dout#branch_1_0                  0
a.xsectrl.a_dout#branch_1_1                  0
a.xsectrl.a_dout#branch_1_2                  0
a.xsectrl.a_dout#branch_1_3                  0
a.xsectrl.a_dout#branch_1_4                  0
a.xsectrl.a_dout#branch_1_5                  0
a.xsectrl.a_dout#branch_1_6                  0
a.xsectrl.a_dout#branch_1_7                  0
a.xsectrl.a_dout#branch_1_8                  0
a.xsectrl.a_dout#branch_1_9                  0
a.xsectrl.a_dout#branch_1_10                 0
a.xsectrl.a_dout#branch_1_11                 0
a.xsectrl.a_dout#branch_1_12                 0

 Reference value :  0.00000e+00
 Reference value :  2.88908e-09
 Reference value :  3.15397e-08
 Reference value :  8.39625e-08
 Reference value :  1.25529e-07
 Reference value :  1.56583e-07
 Reference value :  1.87943e-07
 Reference value :  2.18834e-07
 Reference value :  2.50200e-07
 Reference value :  2.53386e-07
 Reference value :  2.81954e-07
 Reference value :  3.14788e-07
 Reference value :  3.43841e-07
 Reference value :  3.75245e-07
 Reference value :  3.86840e-07
 Reference value :  4.37510e-07
 Reference value :  4.40087e-07
 Reference value :  4.69358e-07
 Reference value :  5.02448e-07
 Reference value :  5.62500e-07
 Reference value :  5.65099e-07
 Reference value :  5.94786e-07
 Reference value :  6.29222e-07
 Reference value :  6.87500e-07
 Reference value :  6.90012e-07
 Reference value :  7.19774e-07
 Reference value :  7.52435e-07
 Reference value :  7.81552e-07
 Reference value :  8.43804e-07
 Reference value :  8.57813e-07
 Reference value :  8.77548e-07
 Reference value :  9.06607e-07
 Reference value :  9.38283e-07
 Reference value :  9.69609e-07
 Reference value :  1.00251e-06
 Reference value :  1.03125e-06
 Reference value :  1.03243e-06
 Reference value :  1.09377e-06
 Reference value :  1.12500e-06
 Reference value :  1.15634e-06
 Reference value :  1.18770e-06
 Reference value :  1.21876e-06
 Reference value :  1.25020e-06
 Reference value :  1.25452e-06
 Reference value :  1.30289e-06
 Reference value :  1.31500e-06
 Reference value :  1.34402e-06
 Reference value :  1.37727e-06
 Reference value :  1.40635e-06
 Reference value :  1.43779e-06
 Reference value :  1.46875e-06
 Reference value :  1.50251e-06
 Reference value :  1.53163e-06
 Reference value :  1.56491e-06
 Reference value :  1.59393e-06
 Reference value :  1.62591e-06
 Reference value :  1.65632e-06
 Reference value :  1.68772e-06
 Reference value :  1.71876e-06
 Reference value :  1.75010e-06
 Reference value :  1.75266e-06
 Reference value :  1.78443e-06
 Reference value :  1.81498e-06
 Reference value :  1.84410e-06
 Reference value :  1.87525e-06
 Reference value :  1.89823e-06
 Reference value :  1.90740e-06
 Reference value :  1.94966e-06
 Reference value :  2.00000e-06
 Reference value :  2.00259e-06
 Reference value :  2.03125e-06
 Reference value :  2.03196e-06
 Reference value :  2.08946e-06
 Reference value :  2.10300e-06
 Reference value :  2.16290e-06
 Reference value :  2.19009e-06
 Reference value :  2.21908e-06
 Reference value :  2.25047e-06
 Reference value :  2.28134e-06
 Reference value :  2.31477e-06
 Reference value :  2.34386e-06
 Reference value :  2.37533e-06
 Reference value :  2.40627e-06
 Reference value :  2.43760e-06
 Reference value :  2.44010e-06
 Reference value :  2.46936e-06
 Reference value :  2.53129e-06
 Reference value :  2.56289e-06
 Reference value :  2.59380e-06
 Reference value :  2.62520e-06
 Reference value :  2.62922e-06
 Reference value :  2.66460e-06
 Reference value :  2.68999e-06
 Reference value :  2.71908e-06
 Reference value :  2.75229e-06
 Reference value :  2.78140e-06
 Reference value :  2.81292e-06
 Reference value :  2.84382e-06
 Reference value :  2.86770e-06
 Reference value :  2.87750e-06
 Reference value :  2.90655e-06
 Reference value :  2.93791e-06
 Reference value :  2.96902e-06
 Reference value :  3.00230e-06
 Reference value :  3.00348e-06
 Reference value :  3.03170e-06
 Reference value :  3.06289e-06
 Reference value :  3.09416e-06
 Reference value :  3.12760e-06
 Reference value :  3.18751e-06
 Reference value :  3.19037e-06
 Reference value :  3.21921e-06
 Reference value :  3.25273e-06
 Reference value :  3.28144e-06
 Reference value :  3.31292e-06
 Reference value :  3.34379e-06
 Reference value :  3.37516e-06
 Reference value :  3.38146e-06
 Reference value :  3.43756e-06
 Reference value :  3.44023e-06
 Reference value :  3.47672e-06
 Reference value :  3.50249e-06
 Reference value :  3.53166e-06
 Reference value :  3.56498e-06
 Reference value :  3.59416e-06
 Reference value :  3.62735e-06
 Reference value :  3.65642e-06
 Reference value :  3.68842e-06
 Reference value :  3.71883e-06
 Reference value :  3.75039e-06
 Reference value :  3.78134e-06
 Reference value :  3.81289e-06
 Reference value :  3.84382e-06
 Reference value :  3.87503e-06
 Reference value :  3.87758e-06
 Reference value :  3.90663e-06
 Reference value :  3.93883e-06
 Reference value :  3.98662e-06
 Reference value :  4.00263e-06
 Reference value :  4.03131e-06
 Reference value :  4.04835e-06
 Reference value :  4.09382e-06
 Reference value :  4.12516e-06
 Reference value :  4.15658e-06
 Reference value :  4.18812e-06
 Reference value :  4.21891e-06
 Reference value :  4.25020e-06
 Reference value :  4.25403e-06
 Reference value :  4.28285e-06
 Reference value :  4.31494e-06
 Reference value :  4.34391e-06
 Reference value :  4.37636e-06
 Reference value :  4.40634e-06
 Reference value :  4.43783e-06
 Reference value :  4.46878e-06
 Reference value :  4.50013e-06
 Reference value :  4.50777e-06
 Reference value :  4.54928e-06
 Reference value :  4.56507e-06
 Reference value :  4.59455e-06
 Reference value :  4.62747e-06
 Reference value :  4.65666e-06
 Reference value :  4.68983e-06
 Reference value :  4.71889e-06
 Reference value :  4.75044e-06
 Reference value :  4.78132e-06
 Reference value :  4.81271e-06
 Reference value :  4.84046e-06
 Reference value :  4.84446e-06
 Reference value :  4.87735e-06
 Reference value :  4.90636e-06
 Reference value :  4.93772e-06
 Reference value :  4.96887e-06
 Reference value :  5.00024e-06
 Reference value :  5.00290e-06
 Reference value :  5.03148e-06
 Reference value :  5.09376e-06
 Reference value :  5.12503e-06
 Reference value :  5.15635e-06
 Reference value :  5.18772e-06
 Reference value :  5.21879e-06
 Reference value :  5.25010e-06
 Reference value :  5.25311e-06
 Reference value :  5.28212e-06
 Reference value :  5.31498e-06
 Reference value :  5.34385e-06
 Reference value :  5.37510e-06
 Reference value :  5.37759e-06
 Reference value :  5.40659e-06
 Reference value :  5.43801e-06
 Reference value :  5.46881e-06
 Reference value :  5.50018e-06
 Reference value :  5.50329e-06
 Reference value :  5.54326e-06
 Reference value :  5.56501e-06
 Reference value :  5.59413e-06
 Reference value :  5.62731e-06
 Reference value :  5.65635e-06
 Reference value :  5.68789e-06
 Reference value :  5.71880e-06
 Reference value :  5.75013e-06
 Reference value :  5.76485e-06
 Reference value :  5.81104e-06
 Reference value :  5.81508e-06
 Reference value :  5.84482e-06
 Reference value :  5.87744e-06
 Reference value :  5.90638e-06
 Reference value :  5.93801e-06
 Reference value :  5.96913e-06
 Reference value :  6.00246e-06
 Reference value :  6.03130e-06
 Reference value :  6.04448e-06
 Reference value :  6.09381e-06
 Reference value :  6.12516e-06
 Reference value :  6.15661e-06
 Reference value :  6.18800e-06
 Reference value :  6.21885e-06
 Reference value :  6.25010e-06
 Reference value :  6.25447e-06
 Reference value :  6.31263e-06
 Reference value :  6.31749e-06
 Reference value :  6.34423e-06
 Reference value :  6.37737e-06
 Reference value :  6.40635e-06
 Reference value :  6.43777e-06
 Reference value :  6.45479e-06
 Reference value :  6.50003e-06
 Reference value :  6.50271e-06
 Reference value :  6.54323e-06
 Reference value :  6.56506e-06
 Reference value :  6.59523e-06
 Reference value :  6.62745e-06
 Reference value :  6.65663e-06
 Reference value :  6.68985e-06
 Reference value :  6.71889e-06
 Reference value :  6.75062e-06
 Reference value :  6.78136e-06
 Reference value :  6.81297e-06
 Reference value :  6.84384e-06
 Reference value :  6.87544e-06
 Reference value :  6.90630e-06
 Reference value :  6.93765e-06
 Reference value :  6.96888e-06
 Reference value :  7.00063e-06
 Reference value :  7.00475e-06
 Reference value :  7.03184e-06
 Reference value :  7.08146e-06
 Reference value :  7.09916e-06
 Reference value :  7.15633e-06
 Reference value :  7.18769e-06
 Reference value :  7.21880e-06
 Reference value :  7.21972e-06
 Reference value :  7.25287e-06
 Reference value :  7.28159e-06
 Reference value :  7.31493e-06
 Reference value :  7.34424e-06
 Reference value :  7.39990e-06
 Reference value :  7.43860e-06
 Reference value :  7.46887e-06
 Reference value :  7.50054e-06
 Reference value :  7.53131e-06
 Reference value :  7.56280e-06
 Reference value :  7.59380e-06
 Reference value :  7.62530e-06
 Reference value :  7.65630e-06
 Reference value :  7.68780e-06
 Reference value :  7.71879e-06
 Reference value :  7.75020e-06
 Reference value :  7.78128e-06
 Reference value :  7.81265e-06
 Reference value :  7.82843e-06
 Reference value :  7.87506e-06
 Reference value :  7.87769e-06
 Reference value :  7.90807e-06
 Reference value :  7.96880e-06
 Reference value :  8.00020e-06
 Reference value :  8.00291e-06
 Reference value :  8.03445e-06
 Reference value :  8.09380e-06
 Reference value :  8.12520e-06
 Reference value :  8.15659e-06
 Reference value :  8.18987e-06
 Reference value :  8.21908e-06
 Reference value :  8.25267e-06
 Reference value :  8.28156e-06
 Reference value :  8.31477e-06
 Reference value :  8.34388e-06
 Reference value :  8.37531e-06
 Reference value :  8.40630e-06
 Reference value :  8.43769e-06
 Reference value :  8.44672e-06
 Reference value :  8.49696e-06
 Reference value :  8.50268e-06
 Reference value :  8.55353e-06
 Reference value :  8.56510e-06
 Reference value :  8.61274e-06
 Reference value :  8.62752e-06
 Reference value :  8.66102e-06
 Reference value :  8.68997e-06
 Reference value :  8.71919e-06
 Reference value :  8.75246e-06
 Reference value :  8.78173e-06
 Reference value :  8.81493e-06
 Reference value :  8.84418e-06
 Reference value :  8.87745e-06
 Reference value :  8.90637e-06
 Reference value :  8.93762e-06
 Reference value :  8.96895e-06
 Reference value :  9.00078e-06
 Reference value :  9.01423e-06
 Reference value :  9.03220e-06
 Reference value :  9.09379e-06
 Reference value :  9.09469e-06
 Reference value :  9.15627e-06
 Reference value :  9.16370e-06
 Reference value :  9.19002e-06
 Reference value :  9.21947e-06
 Reference value :  9.25074e-06
 Reference value :  9.28137e-06
 Reference value :  9.30672e-06
 Reference value :  9.31499e-06
 Reference value :  9.34410e-06
 Reference value :  9.37609e-06
 Reference value :  9.40634e-06
 Reference value :  9.43783e-06
 Reference value :  9.46877e-06
 Reference value :  9.50019e-06
 Reference value :  9.50995e-06
 Reference value :  9.56262e-06
 Reference value :  9.56598e-06
 Reference value :  9.62501e-06
 Reference value :  9.62759e-06
 Reference value :  9.68760e-06
 Reference value :  9.69168e-06
 Reference value :  9.75001e-06
 Reference value :  9.75505e-06
 Reference value :  9.81253e-06
 Reference value :  9.81679e-06
 Reference value :  9.87381e-06
 Reference value :  9.87771e-06
 Reference value :  9.90666e-06
 Reference value :  9.93999e-06
 Reference value :  9.96986e-06
 Reference value :  1.00023e-05
 Reference value :  1.00313e-05
 Reference value :  1.00583e-05
 Reference value :  1.00938e-05
 Reference value :  1.01252e-05
 Reference value :  1.01568e-05
 Reference value :  1.01877e-05
 Reference value :  1.02188e-05
 Reference value :  1.02501e-05
 Reference value :  1.02741e-05
 Reference value :  1.02899e-05
 Reference value :  1.03150e-05
 Reference value :  1.03440e-05
 Reference value :  1.03755e-05
 Reference value :  1.04063e-05
 Reference value :  1.04378e-05
 Reference value :  1.04688e-05
 Reference value :  1.05003e-05
 Reference value :  1.05313e-05
 Reference value :  1.05627e-05
 Reference value :  1.05765e-05
 Reference value :  1.06251e-05
 Reference value :  1.06277e-05
 Reference value :  1.06817e-05
 Reference value :  1.06900e-05
 Reference value :  1.07193e-05
 Reference value :  1.07524e-05
 Reference value :  1.07815e-05
 Reference value :  1.08149e-05
 Reference value :  1.08439e-05
 Reference value :  1.08758e-05
 Reference value :  1.09063e-05
 Reference value :  1.09376e-05
 Reference value :  1.09689e-05
 Reference value :  1.10004e-05
 Reference value :  1.10032e-05
 Reference value :  1.10440e-05
 Reference value :  1.10938e-05
 Reference value :  1.11252e-05
 Reference value :  1.11566e-05
 Reference value :  1.11899e-05
 Reference value :  1.12191e-05
 Reference value :  1.12527e-05
 Reference value :  1.12814e-05
 Reference value :  1.13128e-05
 Reference value :  1.13199e-05
 Reference value :  1.13446e-05
 Reference value :  1.13774e-05
 Reference value :  1.14064e-05
 Reference value :  1.14378e-05
 Reference value :  1.14688e-05
 Reference value :  1.15002e-05
 Reference value :  1.15038e-05
 Reference value :  1.15626e-05
 Reference value :  1.15663e-05
 Reference value :  1.16250e-05
 Reference value :  1.16276e-05
 Reference value :  1.16569e-05
 Reference value :  1.16900e-05
 Reference value :  1.17190e-05
 Reference value :  1.17523e-05
 Reference value :  1.17815e-05
 Reference value :  1.18148e-05
 Reference value :  1.18439e-05
 Reference value :  1.18756e-05
 Reference value :  1.19063e-05
 Reference value :  1.19378e-05
 Reference value :  1.19691e-05
 Reference value :  1.20025e-05
 Reference value :  1.20313e-05
 Reference value :  1.20404e-05
 Reference value :  1.20938e-05
 Reference value :  1.21252e-05
 Reference value :  1.21566e-05
 Reference value :  1.21898e-05
 Reference value :  1.22191e-05
 Reference value :  1.22508e-05
 Reference value :  1.22813e-05
 Reference value :  1.23127e-05
 Reference value :  1.23176e-05
 Reference value :  1.23442e-05
 Reference value :  1.23773e-05
 Reference value :  1.24063e-05
 Reference value :  1.24377e-05
 Reference value :  1.24416e-05
 Reference value :  1.25000e-05
 Reference value :  1.25027e-05
 Reference value :  1.25321e-05
 Reference value :  1.25650e-05
 Reference value :  1.25969e-05
 Reference value :  1.26275e-05
 Reference value :  1.26566e-05
 Reference value :  1.26899e-05
 Reference value :  1.27190e-05
 Reference value :  1.27523e-05
 Reference value :  1.27815e-05
 Reference value :  1.28148e-05
 Reference value :  1.28441e-05
 Reference value :  1.28774e-05
 Reference value :  1.29064e-05
 Reference value :  1.29382e-05
 Reference value :  1.29750e-05
 Reference value :  1.30025e-05
 Reference value :  1.30313e-05
 Reference value :  1.30485e-05
 Reference value :  1.30938e-05
 Reference value :  1.31252e-05
 Reference value :  1.31567e-05
 Reference value :  1.31899e-05
 Reference value :  1.32191e-05
 Reference value :  1.32527e-05
 Reference value :  1.32814e-05
 Reference value :  1.33128e-05
 Reference value :  1.33212e-05
 Reference value :  1.33443e-05
 Reference value :  1.33774e-05
 Reference value :  1.34064e-05
 Reference value :  1.34378e-05
 Reference value :  1.34688e-05
 Reference value :  1.35002e-05
 Reference value :  1.35035e-05
 Reference value :  1.35536e-05
 Reference value :  1.35650e-05
 Reference value :  1.35945e-05
 Reference value :  1.36274e-05
 Reference value :  1.36565e-05
 Reference value :  1.36898e-05
 Reference value :  1.37189e-05
 Reference value :  1.37523e-05
 Reference value :  1.37814e-05
 Reference value :  1.38131e-05
 Reference value :  1.38439e-05
 Reference value :  1.38754e-05
 Reference value :  1.39063e-05
 Reference value :  1.39377e-05
 Reference value :  1.39689e-05
 Reference value :  1.40005e-05
 Reference value :  1.40030e-05
 Reference value :  1.40317e-05
 Reference value :  1.40674e-05
 Reference value :  1.41250e-05
 Reference value :  1.41564e-05
 Reference value :  1.41879e-05
 Reference value :  1.42189e-05
 Reference value :  1.42503e-05
 Reference value :  1.42813e-05
 Reference value :  1.43125e-05
 Reference value :  1.43151e-05
 Reference value :  1.43501e-05
 Reference value :  1.43775e-05
 Reference value :  1.44065e-05
 Reference value :  1.44398e-05
 Reference value :  1.44689e-05
 Reference value :  1.45010e-05
 Reference value :  1.45313e-05
 Reference value :  1.45630e-05
 Reference value :  1.45938e-05
 Reference value :  1.46254e-05
 Reference value :  1.46563e-05
 Reference value :  1.46877e-05
 Reference value :  1.47188e-05
 Reference value :  1.47501e-05
 Reference value :  1.47614e-05
 Reference value :  1.48126e-05
 Reference value :  1.48227e-05
 Reference value :  1.48445e-05
 Reference value :  1.48774e-05
 Reference value :  1.49065e-05
 Reference value :  1.49379e-05
 Reference value :  1.49691e-05
 Reference value :  1.50025e-05
 Reference value :  1.50313e-05
 Reference value :  1.50323e-05
 Reference value :  1.50938e-05
 Reference value :  1.51251e-05
 Reference value :  1.51564e-05
 Reference value :  1.51876e-05
 Reference value :  1.51901e-05
 Reference value :  1.52191e-05
 Reference value :  1.52502e-05
 Reference value :  1.52595e-05
 Reference value :  1.52821e-05
 Reference value :  1.53149e-05
 Reference value :  1.53439e-05
 Reference value :  1.53754e-05
 Reference value :  1.54063e-05
 Reference value :  1.54377e-05
 Reference value :  1.54414e-05
 Reference value :  1.54911e-05
 Reference value :  1.55026e-05
 Reference value :  1.55316e-05
 Reference value :  1.55649e-05
 Reference value :  1.55939e-05
 Reference value :  1.56273e-05
 Reference value :  1.56563e-05
 Reference value :  1.56879e-05
 Reference value :  1.57188e-05
 Reference value :  1.57504e-05
 Reference value :  1.57813e-05
 Reference value :  1.58129e-05
 Reference value :  1.58438e-05
 Reference value :  1.58750e-05
 Reference value :  1.58776e-05
 Reference value :  1.59067e-05
 Reference value :  1.59417e-05
 Reference value :  1.60000e-05
 Reference value :  1.60027e-05
 Reference value :  1.60314e-05
 Reference value :  1.60627e-05
 Reference value :  1.60940e-05
 Reference value :  1.61255e-05
 Reference value :  1.61568e-05
 Reference value :  1.61880e-05
 Reference value :  1.62189e-05
 Reference value :  1.62243e-05
 Reference value :  1.62529e-05
 Reference value :  1.62816e-05
 Reference value :  1.63131e-05
 Reference value :  1.63438e-05
 Reference value :  1.63753e-05
 Reference value :  1.64063e-05
 Reference value :  1.64375e-05
 Reference value :  1.64403e-05
 Reference value :  1.64731e-05
 Reference value :  1.65025e-05
 Reference value :  1.65314e-05
 Reference value :  1.65649e-05
 Reference value :  1.65940e-05
 Reference value :  1.66274e-05
 Reference value :  1.66564e-05
 Reference value :  1.66887e-05
 Reference value :  1.67189e-05
 Reference value :  1.67504e-05
 Reference value :  1.67813e-05
 Reference value :  1.68127e-05
 Reference value :  1.68438e-05
 Reference value :  1.68752e-05
 Reference value :  1.69040e-05
 Reference value :  1.69376e-05
 Reference value :  1.69689e-05
No. of Data Rows : 41747
icmpf000            =  -2.89900e-05 from=  3.00000e-06 to=  5.00001e-06
icdacf000           =  -7.08158e-06 from=  3.00000e-06 to=  5.00001e-06
itrkf000            =  -2.68842e-07 from=  3.00000e-06 to=  5.00001e-06
ireff000            =  -2.15209e-09 from=  3.00000e-06 to=  5.00001e-06
ivcmf000            =  -1.08174e-05 from=  3.00000e-06 to=  5.00001e-06
icmpf025            =  -2.94838e-05 from=  6.00000e-06 to=  8.00001e-06
icdacf025           =  -7.17448e-06 from=  6.00000e-06 to=  8.00001e-06
itrkf025            =  -2.70457e-07 from=  6.00000e-06 to=  8.00001e-06
ireff025            =  -3.27546e-06 from=  6.00000e-06 to=  8.00001e-06
ivcmf025            =  -6.29163e-06 from=  6.00000e-06 to=  8.00001e-06
icmpf050            =  -3.13355e-05 from=  9.00000e-06 to=  1.10000e-05
icdacf050           =  -7.27588e-06 from=  9.00000e-06 to=  1.10000e-05
itrkf050            =  -2.72884e-07 from=  9.00000e-06 to=  1.10000e-05
ireff050            =  -6.57155e-06 from=  9.00000e-06 to=  1.10000e-05
ivcmf050            =  1.01462e-08 from=  9.00000e-06 to=  1.10000e-05
icmpf075            =  -2.88206e-05 from=  1.20000e-05 to=  1.40000e-05
icdacf075           =  -7.82365e-06 from=  1.20000e-05 to=  1.40000e-05
itrkf075            =  -2.74560e-07 from=  1.20000e-05 to=  1.40000e-05
ireff075            =  -7.41755e-06 from=  1.20000e-05 to=  1.40000e-05
ivcmf075            =  5.66791e-06 from=  1.20000e-05 to=  1.40000e-05
icmpf100            =  -2.91211e-05 from=  1.50000e-05 to=  1.70000e-05
icdacf100           =  -8.06455e-06 from=  1.50000e-05 to=  1.70000e-05
itrkf100            =  -2.76681e-07 from=  1.50000e-05 to=  1.70000e-05
ireff100            =  -6.41470e-06 from=  1.50000e-05 to=  1.70000e-05
ivcmf100            =  1.01595e-05 from=  1.50000e-05 to=  1.70000e-05
vddm                =  3.30000e+00
m_p_cmp_f000_uw = 9.5667099000e+01
m_p_cdac_f000_uw = 2.3369223900e+01
m_p_trk_f000_uw = 8.8717959000e-01
m_p_ref_f000_uw = 7.1018838000e-03
m_p_vcm_f000_uw = 1.7848677000e+01
m_p_total_f000_uw = 1.3777928137e+02
m_p_cmp_f025_uw = 9.7296408000e+01
m_p_cdac_f025_uw = 2.3675797200e+01
m_p_trk_f025_uw = 8.9250843000e-01
m_p_ref_f025_uw = 1.0809004800e+01
m_p_vcm_f025_uw = 1.0381184550e+01
m_p_total_f025_uw = 1.4305490298e+02
m_p_cmp_f050_uw = 1.0340718300e+02
m_p_cdac_f050_uw = 2.4010394100e+01
m_p_trk_f050_uw = 9.0051720000e-01
m_p_ref_f050_uw = 2.1686124900e+01
m_p_vcm_f050_uw = -1.674126300e-02
m_p_total_f050_uw = 1.4998747794e+02
m_p_cmp_f075_uw = 9.5108145000e+01
m_p_cdac_f075_uw = 2.5818038400e+01
m_p_trk_f075_uw = 9.0604800000e-01
m_p_ref_f075_uw = 2.4477901800e+01
m_p_vcm_f075_uw = -9.352046550e+00
m_p_total_f075_uw = 1.3695808665e+02
m_p_cmp_f100_uw = 9.6099531000e+01
m_p_cdac_f100_uw = 2.6613021600e+01
m_p_trk_f100_uw = 9.1304631000e-01
m_p_ref_f100_uw = 2.1168510000e+01
m_p_vcm_f100_uw = -1.676319150e+01
m_p_total_f100_uw = 1.2803091741e+02
m_supply_v = 3.3000000000e+00
Note: Simulation executed from .control section 

Warning: m=xx on .subckt line will override multiplier m hierarchy!

Note: Starting dynamic gmin stepping
Note: Dynamic gmin stepping completed
