
Note: Compatibility modes selected: hs a


Circuit: * adc-power @ tt_-40c_3.30v -- generated by sim/harness, do not edit

Reducing trtol to 1 for xspice 'A' devices
Doing analysis at TEMP = -40.000000 and TNOM = 27.000000

Using SPARSE 1.3 as Direct Linear Solver

Initial Transient Solution
--------------------------

Node                                   Voltage
----                                   -------
clk                                          0
cmpclk                                       0
cmpclkb                                    3.3
vddt                                       3.3
vddd                                       3.3
vddc                                       3.3
vrefs                                      3.3
vrefn                                      3.3
vcmn                                      1.65
se_vinp                                      0
se_vinn                                   1.65
se_start                                     0
se_mode                                      0
se_cmp                                 1.37235
se_samp_tp_n                                 0
se_sel_in_n                                  0
se_drdy                                    3.3
se_c9                                        0
se_c8                                        0
se_c7                                        0
se_c6                                        0
se_c5                                        0
se_c4                                        0
se_c3                                        0
se_c2                                        0
se_c1                                        0
se_c0                                        0
se_rel_n_256p                              3.3
se_sel_hi_n_256p                             0
se_sel_lo_n_256p                             0
se_rel_n_128p                              3.3
se_sel_hi_n_128p                             0
se_sel_lo_n_128p                             0
se_rel_n_64p                               3.3
se_sel_hi_n_64p                              0
se_sel_lo_n_64p                              0
se_rel_n_32p                               3.3
se_sel_hi_n_32p                              0
se_sel_lo_n_32p                              0
se_rel_n_16p                               3.3
se_sel_hi_n_16p                              0
se_sel_lo_n_16p                              0
se_rel_n_8p                                3.3
se_sel_hi_n_8p                               0
se_sel_lo_n_8p                               0
se_rel_n_4p                                3.3
se_sel_hi_n_4p                               0
se_sel_lo_n_4p                               0
se_rel_n_2p                                3.3
se_sel_hi_n_2p                               0
se_sel_lo_n_2p                               0
se_rel_n_1p                                3.3
se_sel_hi_n_1p                               0
se_sel_lo_n_1p                               0
se_rel_n_256n                              3.3
se_sel_hi_n_256n                             0
se_sel_lo_n_256n                             0
se_rel_n_128n                              3.3
se_sel_hi_n_128n                             0
se_sel_lo_n_128n                             0
se_rel_n_64n                               3.3
se_sel_hi_n_64n                              0
se_sel_lo_n_64n                              0
se_rel_n_32n                               3.3
se_sel_hi_n_32n                              0
se_sel_lo_n_32n                              0
se_rel_n_16n                               3.3
se_sel_hi_n_16n                              0
se_sel_lo_n_16n                              0
se_rel_n_8n                                3.3
se_sel_hi_n_8n                               0
se_sel_lo_n_8n                               0
se_rel_n_4n                                3.3
se_sel_hi_n_4n                               0
se_sel_lo_n_4n                               0
se_rel_n_2n                                3.3
se_sel_hi_n_2n                               0
se_sel_lo_n_2n                               0
se_rel_n_1n                                3.3
se_sel_hi_n_1n                               0
se_sel_lo_n_1n                               0
se_pinp                             1.0144e-09
se_pinn                                   1.65
xsetswp.gp                                 3.3
se_topp                                   1.65
xsetswn.gp                                 3.3
se_topn                                   1.65
xsearrp.x256.bp                           1.65
xsearrp.x256.gp_in                         3.3
xsearrp.x256.gp_rel                1.39063e-09
xsearrp.x256.gp_hi                         3.3
xsearrp.x256.gp_lo                         3.3
xsearrp.x128.bp                           1.65
xsearrp.x128.gp_in                         3.3
xsearrp.x128.gp_rel                1.39063e-09
xsearrp.x128.gp_hi                         3.3
xsearrp.x128.gp_lo                         3.3
xsearrp.x64.bp                            1.65
xsearrp.x64.gp_in                          3.3
xsearrp.x64.gp_rel                 1.39063e-09
xsearrp.x64.gp_hi                          3.3
xsearrp.x64.gp_lo                          3.3
xsearrp.x32.bp                            1.65
xsearrp.x32.gp_in                          3.3
xsearrp.x32.gp_rel                 1.39063e-09
xsearrp.x32.gp_hi                          3.3
xsearrp.x32.gp_lo                          3.3
xsearrp.x16.bp                            1.65
xsearrp.x16.gp_in                          3.3
xsearrp.x16.gp_rel                 1.39063e-09
xsearrp.x16.gp_hi                          3.3
xsearrp.x16.gp_lo                          3.3
xsearrp.x8.bp                             1.65
xsearrp.x8.gp_in                           3.3
xsearrp.x8.gp_rel                  1.39063e-09
xsearrp.x8.gp_hi                           3.3
xsearrp.x8.gp_lo                           3.3
xsearrp.x4.bp                             1.65
xsearrp.x4.gp_in                           3.3
xsearrp.x4.gp_rel                  1.39063e-09
xsearrp.x4.gp_hi                           3.3
xsearrp.x4.gp_lo                           3.3
xsearrp.x2.bp                             1.65
xsearrp.x2.gp_in                           3.3
xsearrp.x2.gp_rel                  1.39063e-09
xsearrp.x2.gp_hi                           3.3
xsearrp.x2.gp_lo                           3.3
xsearrp.x1.bp                             1.65
xsearrp.x1.gp_in                           3.3
xsearrp.x1.gp_rel                  1.39063e-09
xsearrp.x1.gp_hi                           3.3
xsearrp.x1.gp_lo                           3.3
xsearrn.x256.bp                           1.65
xsearrn.x256.gp_in                         3.3
xsearrn.x256.gp_rel                1.39063e-09
xsearrn.x256.gp_hi                         3.3
xsearrn.x256.gp_lo                         3.3
xsearrn.x128.bp                           1.65
xsearrn.x128.gp_in                         3.3
xsearrn.x128.gp_rel                1.39063e-09
xsearrn.x128.gp_hi                         3.3
xsearrn.x128.gp_lo                         3.3
xsearrn.x64.bp                            1.65
xsearrn.x64.gp_in                          3.3
xsearrn.x64.gp_rel                 1.39063e-09
xsearrn.x64.gp_hi                          3.3
xsearrn.x64.gp_lo                          3.3
xsearrn.x32.bp                            1.65
xsearrn.x32.gp_in                          3.3
xsearrn.x32.gp_rel                 1.39063e-09
xsearrn.x32.gp_hi                          3.3
xsearrn.x32.gp_lo                          3.3
xsearrn.x16.bp                            1.65
xsearrn.x16.gp_in                          3.3
xsearrn.x16.gp_rel                 1.39063e-09
xsearrn.x16.gp_hi                          3.3
xsearrn.x16.gp_lo                          3.3
xsearrn.x8.bp                             1.65
xsearrn.x8.gp_in                           3.3
xsearrn.x8.gp_rel                  1.39063e-09
xsearrn.x8.gp_hi                           3.3
xsearrn.x8.gp_lo                           3.3
xsearrn.x4.bp                             1.65
xsearrn.x4.gp_in                           3.3
xsearrn.x4.gp_rel                  1.39063e-09
xsearrn.x4.gp_hi                           3.3
xsearrn.x4.gp_lo                           3.3
xsearrn.x2.bp                             1.65
xsearrn.x2.gp_in                           3.3
xsearrn.x2.gp_rel                  1.39063e-09
xsearrn.x2.gp_hi                           3.3
xsearrn.x2.gp_lo                           3.3
xsearrn.x1.bp                             1.65
xsearrn.x1.gp_in                           3.3
xsearrn.x1.gp_rel                  1.39063e-09
xsearrn.x1.gp_hi                           3.3
xsearrn.x1.gp_lo                           3.3
se_ibias                              0.807378
xsecmp.xpre.ptail                     0.705487
xsecmp.pon                             2.41702
xsecmp.preamp_in1                         1.65
xsecmp.pop                             2.41702
xsecmp.preamp_in2                         1.65
xsecmp.xpre.xrlp.11                    3.29978
xsecmp.xpre.xrlp.21                    2.41724
xsecmp.xpre.xrln.11                    3.29978
xsecmp.xpre.xrln.21                    2.41724
xsecmp.xlat.ltail                      1.65028
xsecmp.xlat.dip                            3.3
xsecmp.xlat.din                            3.3
xsecmp.outn                                3.3
xsecmp.outp                                3.3
xsecmp.sset                        5.12728e-09
xsecmp.srst                        5.12728e-09
xsecmp.xno1.ps                         3.10376
se_cmpb                                1.37235
xsecmp.xno2.ps                         3.10376
se_dacp                            1.11022e-16
se_dacn                            1.11022e-16
se_di                                     1.65
se_err                                     512
se_aerrh                                     0
se_code                                      0
bsecode#branch                               0
bseea#branch                                 0
bsee#branch                                  0
bsedi#branch                                 0
bsedacn#branch                               0
bsedacp#branch                               0
lref#branch                        5.96108e-11
v.xsecmp.vpn#branch                1.07627e-29
v.xsecmp.vpp#branch               -6.38241e-28
vsemode#branch                               0
vsestart#branch                              0
vsevinn#branch                    -5.28744e-18
vseinp#branch                      4.05762e-11
vcms#branch                       -6.23359e-14
vrefs#branch                      -5.96108e-11
vddc#branch                        -0.00067689
vddd#branch                       -5.32985e-10
vddt#branch                       -1.32618e-11
vcmpclkb#branch                              0
vcmpclk#branch                               0
vclk#branch                                  0
a.xsectrl.a_gn#branch_1_0                    0
a.xsectrl.a_gn#branch_1_1                    0
a.xsectrl.a_gn#branch_1_2                    0
a.xsectrl.a_gn#branch_1_3                    0
a.xsectrl.a_gn#branch_1_4                    0
a.xsectrl.a_gn#branch_1_5                    0
a.xsectrl.a_gn#branch_1_6                    0
a.xsectrl.a_gn#branch_1_7                    0
a.xsectrl.a_gn#branch_1_8                    0
a.xsectrl.a_gn#branch_1_9                    0
a.xsectrl.a_gn#branch_1_10                   0
a.xsectrl.a_gn#branch_1_11                   0
a.xsectrl.a_gn#branch_1_12                   0
a.xsectrl.a_gn#branch_1_13                   0
a.xsectrl.a_gn#branch_1_14                   0
a.xsectrl.a_gn#branch_1_15                   0
a.xsectrl.a_gn#branch_1_16                   0
a.xsectrl.a_gn#branch_1_17                   0
a.xsectrl.a_gn#branch_1_18                   0
a.xsectrl.a_gn#branch_1_19                   0
a.xsectrl.a_gn#branch_1_20                   0
a.xsectrl.a_gn#branch_1_21                   0
a.xsectrl.a_gn#branch_1_22                   0
a.xsectrl.a_gn#branch_1_23                   0
a.xsectrl.a_gn#branch_1_24                   0
a.xsectrl.a_gn#branch_1_25                   0
a.xsectrl.a_gn#branch_1_26                   0
a.xsectrl.a_gn#branch_1_27                   0
a.xsectrl.a_gn#branch_1_28                   0
a.xsectrl.a_gn#branch_1_29                   0
a.xsectrl.a_gn#branch_1_30                   0
a.xsectrl.a_gn#branch_1_31                   0
a.xsectrl.a_gn#branch_1_32                   0
a.xsectrl.a_gn#branch_1_33                   0
a.xsectrl.a_gn#branch_1_34                   0
a.xsectrl.a_gn#branch_1_35                   0
a.xsectrl.a_gn#branch_1_36                   0
a.xsectrl.a_gn#branch_1_37                   0
a.xsectrl.a_gn#branch_1_38                   0
a.xsectrl.a_gn#branch_1_39                   0
a.xsectrl.a_gn#branch_1_40                   0
a.xsectrl.a_gn#branch_1_41                   0
a.xsectrl.a_gn#branch_1_42                   0
a.xsectrl.a_gn#branch_1_43                   0
a.xsectrl.a_gn#branch_1_44                   0
a.xsectrl.a_gn#branch_1_45                   0
a.xsectrl.a_gn#branch_1_46                   0
a.xsectrl.a_gn#branch_1_47                   0
a.xsectrl.a_gn#branch_1_48                   0
a.xsectrl.a_gn#branch_1_49                   0
a.xsectrl.a_gn#branch_1_50                   0
a.xsectrl.a_gn#branch_1_51                   0
a.xsectrl.a_gn#branch_1_52                   0
a.xsectrl.a_gn#branch_1_53                   0
a.xsectrl.a_dout#branch_1_0                  0
a.xsectrl.a_dout#branch_1_1                  0
a.xsectrl.a_dout#branch_1_2                  0
a.xsectrl.a_dout#branch_1_3                  0
a.xsectrl.a_dout#branch_1_4                  0
a.xsectrl.a_dout#branch_1_5                  0
a.xsectrl.a_dout#branch_1_6                  0
a.xsectrl.a_dout#branch_1_7                  0
a.xsectrl.a_dout#branch_1_8                  0
a.xsectrl.a_dout#branch_1_9                  0
a.xsectrl.a_dout#branch_1_10                 0
a.xsectrl.a_dout#branch_1_11                 0
a.xsectrl.a_dout#branch_1_12                 0

 Reference value :  0.00000e+00
 Reference value :  2.85702e-09
 Reference value :  3.14276e-08
 Reference value :  6.28458e-08
 Reference value :  9.40889e-08
 Reference value :  1.25490e-07
 Reference value :  1.56667e-07
 Reference value :  1.88058e-07
 Reference value :  2.18841e-07
 Reference value :  2.50154e-07
 Reference value :  2.52932e-07
 Reference value :  2.81502e-07
 Reference value :  3.12799e-07
 Reference value :  3.19544e-07
 Reference value :  3.52371e-07
 Reference value :  3.77436e-07
 Reference value :  4.06388e-07
 Reference value :  4.37876e-07
 Reference value :  4.60845e-07
 Reference value :  4.98402e-07
 Reference value :  5.02492e-07
 Reference value :  5.31376e-07
 Reference value :  5.62819e-07
 Reference value :  5.85411e-07
 Reference value :  6.20946e-07
 Reference value :  6.27447e-07
 Reference value :  6.56426e-07
 Reference value :  6.87925e-07
 Reference value :  7.18772e-07
 Reference value :  7.50114e-07
 Reference value :  7.52545e-07
 Reference value :  7.81610e-07
 Reference value :  8.13062e-07
 Reference value :  8.43813e-07
 Reference value :  8.45800e-07
 Reference value :  8.77300e-07
 Reference value :  9.06351e-07
 Reference value :  9.37603e-07
 Reference value :  9.68804e-07
 Reference value :  1.00020e-06
 Reference value :  1.00267e-06
 Reference value :  1.03135e-06
 Reference value :  1.06270e-06
 Reference value :  1.09395e-06
 Reference value :  1.12075e-06
 Reference value :  1.15629e-06
 Reference value :  1.15667e-06
 Reference value :  1.18799e-06
 Reference value :  1.21883e-06
 Reference value :  1.25012e-06
 Reference value :  1.25296e-06
 Reference value :  1.28159e-06
 Reference value :  1.31292e-06
 Reference value :  1.34376e-06
 Reference value :  1.37506e-06
 Reference value :  1.37754e-06
 Reference value :  1.40650e-06
 Reference value :  1.43989e-06
 Reference value :  1.46885e-06
 Reference value :  1.50021e-06
 Reference value :  1.50450e-06
 Reference value :  1.53380e-06
 Reference value :  1.56489e-06
 Reference value :  1.59385e-06
 Reference value :  1.62521e-06
 Reference value :  1.63310e-06
 Reference value :  1.65901e-06
 Reference value :  1.68991e-06
 Reference value :  1.71892e-06
 Reference value :  1.75035e-06
 Reference value :  1.78125e-06
 Reference value :  1.81251e-06
 Reference value :  1.81500e-06
 Reference value :  1.84404e-06
 Reference value :  1.87519e-06
 Reference value :  1.87761e-06
 Reference value :  1.90659e-06
 Reference value :  1.93792e-06
 Reference value :  1.96896e-06
 Reference value :  2.00052e-06
 Reference value :  2.00286e-06
 Reference value :  2.03142e-06
 Reference value :  2.06271e-06
 Reference value :  2.09396e-06
 Reference value :  2.12510e-06
 Reference value :  2.15631e-06
 Reference value :  2.17196e-06
 Reference value :  2.18996e-06
 Reference value :  2.21904e-06
 Reference value :  2.25035e-06
 Reference value :  2.25490e-06
 Reference value :  2.28167e-06
 Reference value :  2.31314e-06
 Reference value :  2.34381e-06
 Reference value :  2.37510e-06
 Reference value :  2.37758e-06
 Reference value :  2.40657e-06
 Reference value :  2.43861e-06
 Reference value :  2.46882e-06
 Reference value :  2.50013e-06
 Reference value :  2.50260e-06
 Reference value :  2.53153e-06
 Reference value :  2.56311e-06
 Reference value :  2.59379e-06
 Reference value :  2.62513e-06
 Reference value :  2.62756e-06
 Reference value :  2.65658e-06
 Reference value :  2.68824e-06
 Reference value :  2.71881e-06
 Reference value :  2.75015e-06
 Reference value :  2.75257e-06
 Reference value :  2.78171e-06
 Reference value :  2.81341e-06
 Reference value :  2.84381e-06
 Reference value :  2.84437e-06
 Reference value :  2.87558e-06
 Reference value :  2.90628e-06
 Reference value :  2.90741e-06
 Reference value :  2.94217e-06
 Reference value :  2.97208e-06
 Reference value :  3.00233e-06
 Reference value :  3.00294e-06
 Reference value :  3.03157e-06
 Reference value :  3.06280e-06
 Reference value :  3.09388e-06
 Reference value :  3.09570e-06
 Reference value :  3.12563e-06
 Reference value :  3.15658e-06
 Reference value :  3.18770e-06
 Reference value :  3.19011e-06
 Reference value :  3.21911e-06
 Reference value :  3.25030e-06
 Reference value :  3.25296e-06
 Reference value :  3.28143e-06
 Reference value :  3.31261e-06
 Reference value :  3.31498e-06
 Reference value :  3.34384e-06
 Reference value :  3.37511e-06
 Reference value :  3.37755e-06
 Reference value :  3.40645e-06
 Reference value :  3.43778e-06
 Reference value :  3.44022e-06
 Reference value :  3.46900e-06
 Reference value :  3.50028e-06
 Reference value :  3.50278e-06
 Reference value :  3.53146e-06
 Reference value :  3.56280e-06
 Reference value :  3.56575e-06
 Reference value :  3.59405e-06
 Reference value :  3.62542e-06
 Reference value :  3.63910e-06
 Reference value :  3.65681e-06
 Reference value :  3.68810e-06
 Reference value :  3.71875e-06
 Reference value :  3.75011e-06
 Reference value :  3.75246e-06
 Reference value :  3.78135e-06
 Reference value :  3.81263e-06
 Reference value :  3.81498e-06
 Reference value :  3.84388e-06
 Reference value :  3.84532e-06
 Reference value :  3.87569e-06
 Reference value :  3.90626e-06
 Reference value :  3.90666e-06
 Reference value :  3.93792e-06
 Reference value :  3.96889e-06
 Reference value :  4.00020e-06
 Reference value :  4.00262e-06
 Reference value :  4.02756e-06
 Reference value :  4.03179e-06
 Reference value :  4.06297e-06
 Reference value :  4.09404e-06
 Reference value :  4.12506e-06
 Reference value :  4.15626e-06
 Reference value :  4.15657e-06
 Reference value :  4.18770e-06
 Reference value :  4.19027e-06
 Reference value :  4.21911e-06
 Reference value :  4.25033e-06
 Reference value :  4.25297e-06
 Reference value :  4.28142e-06
 Reference value :  4.31260e-06
 Reference value :  4.31496e-06
 Reference value :  4.34383e-06
 Reference value :  4.37511e-06
 Reference value :  4.37764e-06
 Reference value :  4.40660e-06
 Reference value :  4.43891e-06
 Reference value :  4.46882e-06
 Reference value :  4.50013e-06
 Reference value :  4.50260e-06
 Reference value :  4.53153e-06
 Reference value :  4.56307e-06
 Reference value :  4.59379e-06
 Reference value :  4.62511e-06
 Reference value :  4.62755e-06
 Reference value :  4.65655e-06
 Reference value :  4.68817e-06
 Reference value :  4.71881e-06
 Reference value :  4.75014e-06
 Reference value :  4.75260e-06
 Reference value :  4.78198e-06
 Reference value :  4.81480e-06
 Reference value :  4.84388e-06
 Reference value :  4.85113e-06
 Reference value :  4.87742e-06
 Reference value :  4.90642e-06
 Reference value :  4.93770e-06
 Reference value :  4.96885e-06
 Reference value :  5.00020e-06
 Reference value :  5.00267e-06
 Reference value :  5.03134e-06
 Reference value :  5.06270e-06
 Reference value :  5.09395e-06
 Reference value :  5.12535e-06
 Reference value :  5.15658e-06
 Reference value :  5.18840e-06
 Reference value :  5.21895e-06
 Reference value :  5.25035e-06
 Reference value :  5.27487e-06
 Reference value :  5.31251e-06
 Reference value :  5.31500e-06
 Reference value :  5.34386e-06
 Reference value :  5.37511e-06
 Reference value :  5.37749e-06
 Reference value :  5.40645e-06
 Reference value :  5.43770e-06
 Reference value :  5.44028e-06
 Reference value :  5.46912e-06
 Reference value :  5.50179e-06
 Reference value :  5.53133e-06
 Reference value :  5.56269e-06
 Reference value :  5.56517e-06
 Reference value :  5.59427e-06
 Reference value :  5.62727e-06
 Reference value :  5.65633e-06
 Reference value :  5.68765e-06
 Reference value :  5.69022e-06
 Reference value :  5.72166e-06
 Reference value :  5.75241e-06
 Reference value :  5.78140e-06
 Reference value :  5.81285e-06
 Reference value :  5.84378e-06
 Reference value :  5.87510e-06
 Reference value :  5.87756e-06
 Reference value :  5.90650e-06
 Reference value :  5.93819e-06
 Reference value :  5.96911e-06
 Reference value :  6.00227e-06
 Reference value :  6.00457e-06
 Reference value :  6.03179e-06
 Reference value :  6.07228e-06
 Reference value :  6.09432e-06
 Reference value :  6.12538e-06
 Reference value :  6.15664e-06
 Reference value :  6.18790e-06
 Reference value :  6.21883e-06
 Reference value :  6.25011e-06
 Reference value :  6.25300e-06
 Reference value :  6.28160e-06
 Reference value :  6.31292e-06
 Reference value :  6.33425e-06
 Reference value :  6.34520e-06
 Reference value :  6.37742e-06
 Reference value :  6.40637e-06
 Reference value :  6.43765e-06
 Reference value :  6.44006e-06
 Reference value :  6.46896e-06
 Reference value :  6.50051e-06
 Reference value :  6.53128e-06
 Reference value :  6.56263e-06
 Reference value :  6.56510e-06
 Reference value :  6.59418e-06
 Reference value :  6.62735e-06
 Reference value :  6.65645e-06
 Reference value :  6.68802e-06
 Reference value :  6.71882e-06
 Reference value :  6.75019e-06
 Reference value :  6.75302e-06
 Reference value :  6.78670e-06
 Reference value :  6.81492e-06
 Reference value :  6.84390e-06
 Reference value :  6.87533e-06
 Reference value :  6.88029e-06
 Reference value :  6.90919e-06
 Reference value :  6.95621e-06
 Reference value :  6.98391e-06
 Reference value :  7.00245e-06
 Reference value :  7.01469e-06
 Reference value :  7.03288e-06
 Reference value :  7.09376e-06
 Reference value :  7.09437e-06
 Reference value :  7.12554e-06
 Reference value :  7.15672e-06
 Reference value :  7.18816e-06
 Reference value :  7.21887e-06
 Reference value :  7.25020e-06
 Reference value :  7.25513e-06
 Reference value :  7.28174e-06
 Reference value :  7.31476e-06
 Reference value :  7.34381e-06
 Reference value :  7.36074e-06
 Reference value :  7.37745e-06
 Reference value :  7.40637e-06
 Reference value :  7.43769e-06
 Reference value :  7.44012e-06
 Reference value :  7.46910e-06
 Reference value :  7.50133e-06
 Reference value :  7.53144e-06
 Reference value :  7.56300e-06
 Reference value :  7.59378e-06
 Reference value :  7.62512e-06
 Reference value :  7.62764e-06
 Reference value :  7.65799e-06
 Reference value :  7.68985e-06
 Reference value :  7.71885e-06
 Reference value :  7.75021e-06
 Reference value :  7.77168e-06
 Reference value :  7.80870e-06
 Reference value :  7.81498e-06
 Reference value :  7.84400e-06
 Reference value :  7.87556e-06
 Reference value :  7.90625e-06
 Reference value :  7.93760e-06
 Reference value :  7.96883e-06
 Reference value :  8.00014e-06
 Reference value :  8.00267e-06
 Reference value :  8.03133e-06
 Reference value :  8.06270e-06
 Reference value :  8.09395e-06
 Reference value :  8.12536e-06
 Reference value :  8.15659e-06
 Reference value :  8.18824e-06
 Reference value :  8.21885e-06
 Reference value :  8.25019e-06
 Reference value :  8.25409e-06
 Reference value :  8.28194e-06
 Reference value :  8.31477e-06
 Reference value :  8.34382e-06
 Reference value :  8.37503e-06
 Reference value :  8.37750e-06
 Reference value :  8.40643e-06
 Reference value :  8.43792e-06
 Reference value :  8.46729e-06
 Reference value :  8.49736e-06
 Reference value :  8.50247e-06
 Reference value :  8.53143e-06
 Reference value :  8.56293e-06
 Reference value :  8.58508e-06
 Reference value :  8.62130e-06
 Reference value :  8.62745e-06
 Reference value :  8.65635e-06
 Reference value :  8.68769e-06
 Reference value :  8.69005e-06
 Reference value :  8.71904e-06
 Reference value :  8.75054e-06
 Reference value :  8.78130e-06
 Reference value :  8.81260e-06
 Reference value :  8.81501e-06
 Reference value :  8.84403e-06
 Reference value :  8.87549e-06
 Reference value :  8.88183e-06
 Reference value :  8.90672e-06
 Reference value :  8.93792e-06
 Reference value :  8.96904e-06
 Reference value :  9.00056e-06
 Reference value :  9.00322e-06
 Reference value :  9.03190e-06
 Reference value :  9.06651e-06
 Reference value :  9.09426e-06
 Reference value :  9.12519e-06
 Reference value :  9.15638e-06
 Reference value :  9.18750e-06
 Reference value :  9.18999e-06
 Reference value :  9.21924e-06
 Reference value :  9.25011e-06
 Reference value :  9.25299e-06
 Reference value :  9.28175e-06
 Reference value :  9.31264e-06
 Reference value :  9.31505e-06
 Reference value :  9.34404e-06
 Reference value :  9.37535e-06
 Reference value :  9.38369e-06
 Reference value :  9.41889e-06
 Reference value :  9.43994e-06
 Reference value :  9.46886e-06
 Reference value :  9.50026e-06
 Reference value :  9.50430e-06
 Reference value :  9.54728e-06
 Reference value :  9.56493e-06
 Reference value :  9.59389e-06
 Reference value :  9.62535e-06
 Reference value :  9.65443e-06
 Reference value :  9.68756e-06
 Reference value :  9.69002e-06
 Reference value :  9.71913e-06
 Reference value :  9.75227e-06
 Reference value :  9.78132e-06
 Reference value :  9.81270e-06
 Reference value :  9.81700e-06
 Reference value :  9.84623e-06
 Reference value :  9.87737e-06
 Reference value :  9.90630e-06
 Reference value :  9.93760e-06
 Reference value :  9.96882e-06
 Reference value :  1.00000e-05
 Reference value :  1.00025e-05
 Reference value :  1.00314e-05
 Reference value :  1.00384e-05
 Reference value :  1.00912e-05
 Reference value :  1.00945e-05
 Reference value :  1.01255e-05
 Reference value :  1.01568e-05
 Reference value :  1.01877e-05
 Reference value :  1.01906e-05
 Reference value :  1.02194e-05
 Reference value :  1.02503e-05
 Reference value :  1.02813e-05
 Reference value :  1.02820e-05
 Reference value :  1.03135e-05
 Reference value :  1.03438e-05
 Reference value :  1.03659e-05
 Reference value :  1.03775e-05
 Reference value :  1.04064e-05
 Reference value :  1.04378e-05
 Reference value :  1.04428e-05
 Reference value :  1.04773e-05
 Reference value :  1.05025e-05
 Reference value :  1.05433e-05
 Reference value :  1.05649e-05
 Reference value :  1.05940e-05
 Reference value :  1.06256e-05
 Reference value :  1.06563e-05
 Reference value :  1.06877e-05
 Reference value :  1.06902e-05
 Reference value :  1.07200e-05
 Reference value :  1.07524e-05
 Reference value :  1.07814e-05
 Reference value :  1.08128e-05
 Reference value :  1.08388e-05
 Reference value :  1.08714e-05
 Reference value :  1.08775e-05
 Reference value :  1.09064e-05
 Reference value :  1.09377e-05
 Reference value :  1.09690e-05
 Reference value :  1.10002e-05
 Reference value :  1.10029e-05
 Reference value :  1.10315e-05
 Reference value :  1.10628e-05
 Reference value :  1.10940e-05
 Reference value :  1.11255e-05
 Reference value :  1.11568e-05
 Reference value :  1.11898e-05
 Reference value :  1.12189e-05
 Reference value :  1.12503e-05
 Reference value :  1.12761e-05
 Reference value :  1.12824e-05
 Reference value :  1.13149e-05
 Reference value :  1.13438e-05
 Reference value :  1.13678e-05
 Reference value :  1.13774e-05
 Reference value :  1.14064e-05
 Reference value :  1.14376e-05
 Reference value :  1.14401e-05
 Reference value :  1.14690e-05
 Reference value :  1.15007e-05
 Reference value :  1.15313e-05
 Reference value :  1.15626e-05
 Reference value :  1.15651e-05
 Reference value :  1.15940e-05
 Reference value :  1.16266e-05
 Reference value :  1.16563e-05
 Reference value :  1.16877e-05
 Reference value :  1.16972e-05
 Reference value :  1.17373e-05
 Reference value :  1.17525e-05
 Reference value :  1.17815e-05
 Reference value :  1.18130e-05
 Reference value :  1.18438e-05
 Reference value :  1.18751e-05
 Reference value :  1.18776e-05
 Reference value :  1.19065e-05
 Reference value :  1.19386e-05
 Reference value :  1.19692e-05
 Reference value :  1.20023e-05
 Reference value :  1.20044e-05
 Reference value :  1.20320e-05
 Reference value :  1.20803e-05
 Reference value :  1.20943e-05
 Reference value :  1.21255e-05
 Reference value :  1.21567e-05
 Reference value :  1.21881e-05
 Reference value :  1.22189e-05
 Reference value :  1.22502e-05
 Reference value :  1.22530e-05
 Reference value :  1.22816e-05
 Reference value :  1.23129e-05
 Reference value :  1.23206e-05
 Reference value :  1.23442e-05
 Reference value :  1.23754e-05
 Reference value :  1.24039e-05
 Reference value :  1.24069e-05
 Reference value :  1.24398e-05
 Reference value :  1.24688e-05
 Reference value :  1.25002e-05
 Reference value :  1.25028e-05
 Reference value :  1.25317e-05
 Reference value :  1.25648e-05
 Reference value :  1.25938e-05
 Reference value :  1.26252e-05
 Reference value :  1.26319e-05
 Reference value :  1.26651e-05
 Reference value :  1.26899e-05
 Reference value :  1.27189e-05
 Reference value :  1.27504e-05
 Reference value :  1.27813e-05
 Reference value :  1.28126e-05
 Reference value :  1.28150e-05
 Reference value :  1.28441e-05
 Reference value :  1.28759e-05
 Reference value :  1.29063e-05
 Reference value :  1.29377e-05
 Reference value :  1.29689e-05
 Reference value :  1.30003e-05
 Reference value :  1.30029e-05
 Reference value :  1.30315e-05
 Reference value :  1.30629e-05
 Reference value :  1.30941e-05
 Reference value :  1.31252e-05
 Reference value :  1.31564e-05
 Reference value :  1.31877e-05
 Reference value :  1.32039e-05
 Reference value :  1.32248e-05
 Reference value :  1.32528e-05
 Reference value :  1.32814e-05
 Reference value :  1.33127e-05
 Reference value :  1.33152e-05
 Reference value :  1.33440e-05
 Reference value :  1.33752e-05
 Reference value :  1.33776e-05
 Reference value :  1.34066e-05
 Reference value :  1.34380e-05
 Reference value :  1.34688e-05
 Reference value :  1.35001e-05
 Reference value :  1.35027e-05
 Reference value :  1.35317e-05
 Reference value :  1.35648e-05
 Reference value :  1.35938e-05
 Reference value :  1.36252e-05
 Reference value :  1.36278e-05
 Reference value :  1.36568e-05
 Reference value :  1.36898e-05
 Reference value :  1.37189e-05
 Reference value :  1.37503e-05
 Reference value :  1.37754e-05
 Reference value :  1.38126e-05
 Reference value :  1.38150e-05
 Reference value :  1.38441e-05
 Reference value :  1.38756e-05
 Reference value :  1.39063e-05
 Reference value :  1.39376e-05
 Reference value :  1.39688e-05
 Reference value :  1.40003e-05
 Reference value :  1.40029e-05
 Reference value :  1.40315e-05
 Reference value :  1.40627e-05
 Reference value :  1.40939e-05
 Reference value :  1.41254e-05
 Reference value :  1.41567e-05
 Reference value :  1.41893e-05
 Reference value :  1.42189e-05
 Reference value :  1.42502e-05
 Reference value :  1.42531e-05
 Reference value :  1.42816e-05
 Reference value :  1.43130e-05
 Reference value :  1.43422e-05
 Reference value :  1.43752e-05
 Reference value :  1.43781e-05
 Reference value :  1.44069e-05
 Reference value :  1.44398e-05
 Reference value :  1.44688e-05
 Reference value :  1.45002e-05
 Reference value :  1.45028e-05
 Reference value :  1.45317e-05
 Reference value :  1.45648e-05
 Reference value :  1.45938e-05
 Reference value :  1.46252e-05
 Reference value :  1.46281e-05
 Reference value :  1.46601e-05
 Reference value :  1.46899e-05
 Reference value :  1.47189e-05
 Reference value :  1.47503e-05
 Reference value :  1.47813e-05
 Reference value :  1.48125e-05
 Reference value :  1.48150e-05
 Reference value :  1.48440e-05
 Reference value :  1.48752e-05
 Reference value :  1.48778e-05
 Reference value :  1.49066e-05
 Reference value :  1.49380e-05
 Reference value :  1.49691e-05
 Reference value :  1.50017e-05
 Reference value :  1.50031e-05
 Reference value :  1.50317e-05
 Reference value :  1.50629e-05
 Reference value :  1.50941e-05
 Reference value :  1.51253e-05
 Reference value :  1.51567e-05
 Reference value :  1.51876e-05
 Reference value :  1.51901e-05
 Reference value :  1.52192e-05
 Reference value :  1.52505e-05
 Reference value :  1.52813e-05
 Reference value :  1.53126e-05
 Reference value :  1.53151e-05
 Reference value :  1.53440e-05
 Reference value :  1.53756e-05
 Reference value :  1.54063e-05
 Reference value :  1.54376e-05
 Reference value :  1.54405e-05
 Reference value :  1.54692e-05
 Reference value :  1.55023e-05
 Reference value :  1.55313e-05
 Reference value :  1.55627e-05
 Reference value :  1.55663e-05
 Reference value :  1.56014e-05
 Reference value :  1.56275e-05
 Reference value :  1.56564e-05
 Reference value :  1.56879e-05
 Reference value :  1.57188e-05
 Reference value :  1.57501e-05
 Reference value :  1.57526e-05
 Reference value :  1.57819e-05
 Reference value :  1.58148e-05
 Reference value :  1.58439e-05
 Reference value :  1.58750e-05
 Reference value :  1.58775e-05
 Reference value :  1.59065e-05
 Reference value :  1.59377e-05
 Reference value :  1.59689e-05
 Reference value :  1.60004e-05
 Reference value :  1.60029e-05
 Reference value :  1.60314e-05
 Reference value :  1.60626e-05
 Reference value :  1.60939e-05
 Reference value :  1.61251e-05
 Reference value :  1.61563e-05
 Reference value :  1.61586e-05
 Reference value :  1.61898e-05
 Reference value :  1.62190e-05
 Reference value :  1.62502e-05
 Reference value :  1.62571e-05
 Reference value :  1.62933e-05
 Reference value :  1.63149e-05
 Reference value :  1.63439e-05
 Reference value :  1.63753e-05
 Reference value :  1.63833e-05
 Reference value :  1.64149e-05
 Reference value :  1.64399e-05
 Reference value :  1.64688e-05
 Reference value :  1.65002e-05
 Reference value :  1.65032e-05
 Reference value :  1.65325e-05
 Reference value :  1.65648e-05
 Reference value :  1.65938e-05
 Reference value :  1.66250e-05
 Reference value :  1.66274e-05
 Reference value :  1.66564e-05
 Reference value :  1.66877e-05
 Reference value :  1.66900e-05
 Reference value :  1.67190e-05
 Reference value :  1.67503e-05
 Reference value :  1.67530e-05
 Reference value :  1.67817e-05
 Reference value :  1.68129e-05
 Reference value :  1.68438e-05
 Reference value :  1.68465e-05
 Reference value :  1.68773e-05
 Reference value :  1.69063e-05
 Reference value :  1.69376e-05
 Reference value :  1.69688e-05
 Reference value :  1.69796e-05
No. of Data Rows : 43681
icmpf000            =  -2.79501e-05 from=  3.00000e-06 to=  5.00001e-06
icdacf000           =  -6.01244e-06 from=  3.00000e-06 to=  5.00001e-06
itrkf000            =  -2.27284e-07 from=  3.00000e-06 to=  5.00001e-06
ireff000            =  -6.28100e-11 from=  3.00000e-06 to=  5.00001e-06
ivcmf000            =  -1.02958e-05 from=  3.00000e-06 to=  5.00001e-06
icmpf025            =  -2.78999e-05 from=  6.00000e-06 to=  8.00001e-06
icdacf025           =  -6.04011e-06 from=  6.00000e-06 to=  8.00001e-06
itrkf025            =  -2.27631e-07 from=  6.00000e-06 to=  8.00001e-06
ireff025            =  -3.65131e-06 from=  6.00000e-06 to=  8.00001e-06
ivcmf025            =  -6.13463e-06 from=  6.00000e-06 to=  8.00001e-06
icmpf050            =  -2.93530e-05 from=  9.00000e-06 to=  1.10000e-05
icdacf050           =  -6.54311e-06 from=  9.00000e-06 to=  1.10000e-05
itrkf050            =  -2.32036e-07 from=  9.00000e-06 to=  1.10000e-05
ireff050            =  -6.31119e-06 from=  9.00000e-06 to=  1.10000e-05
ivcmf050            =  -1.00619e-06 from=  9.00000e-06 to=  1.10000e-05
icmpf075            =  -2.78398e-05 from=  1.20000e-05 to=  1.40000e-05
icdacf075           =  -6.71676e-06 from=  1.20000e-05 to=  1.40000e-05
itrkf075            =  -2.32209e-07 from=  1.20000e-05 to=  1.40000e-05
ireff075            =  -7.99499e-06 from=  1.20000e-05 to=  1.40000e-05
ivcmf075            =  5.80961e-06 from=  1.20000e-05 to=  1.40000e-05
icmpf100            =  -2.79067e-05 from=  1.50000e-05 to=  1.70000e-05
icdacf100           =  -6.94773e-06 from=  1.50000e-05 to=  1.70000e-05
itrkf100            =  -2.38540e-07 from=  1.50000e-05 to=  1.70000e-05
ireff100            =  -6.77356e-06 from=  1.50000e-05 to=  1.70000e-05
ivcmf100            =  1.02124e-05 from=  1.50000e-05 to=  1.70000e-05
vddm                =  3.30000e+00
m_p_cmp_f000_uw = 9.2235462000e+01
m_p_cdac_f000_uw = 1.9841065200e+01
m_p_trk_f000_uw = 7.5003654000e-01
m_p_ref_f000_uw = 2.0727303300e-04
m_p_vcm_f000_uw = 1.6988119500e+01
m_p_total_f000_uw = 1.2981489051e+02
m_p_cmp_f025_uw = 9.2069769000e+01
m_p_cdac_f025_uw = 1.9932363000e+01
m_p_trk_f025_uw = 7.5118395000e-01
m_p_ref_f025_uw = 1.2049313100e+01
m_p_vcm_f025_uw = 1.0122144450e+01
m_p_total_f025_uw = 1.3492477350e+02
m_p_cmp_f050_uw = 9.6864933000e+01
m_p_cdac_f050_uw = 2.1592253100e+01
m_p_trk_f050_uw = 7.6571913000e-01
m_p_ref_f050_uw = 2.0826913800e+01
m_p_vcm_f050_uw = 1.6602052500e+00
m_p_total_f050_uw = 1.4171002428e+02
m_p_cmp_f075_uw = 9.1871208000e+01
m_p_cdac_f075_uw = 2.2165298100e+01
m_p_trk_f075_uw = 7.6629003000e-01
m_p_ref_f075_uw = 2.6383483500e+01
m_p_vcm_f075_uw = -9.585856500e+00
m_p_total_f075_uw = 1.3160042313e+02
m_p_cmp_f100_uw = 9.2092242000e+01
m_p_cdac_f100_uw = 2.2927502400e+01
m_p_trk_f100_uw = 7.8718233000e-01
m_p_ref_f100_uw = 2.2352754600e+01
m_p_vcm_f100_uw = -1.685041050e+01
m_p_total_f100_uw = 1.2130927083e+02
m_supply_v = 3.3000000000e+00
Note: Simulation executed from .control section 

Warning: m=xx on .subckt line will override multiplier m hierarchy!

