
Note: Compatibility modes selected: hs a


Circuit: * adc-power @ tt_125c_3.30v -- generated by sim/harness, do not edit

Reducing trtol to 1 for xspice 'A' devices
Doing analysis at TEMP = 125.000000 and TNOM = 27.000000

Using SPARSE 1.3 as Direct Linear Solver

Initial Transient Solution
--------------------------

Node                                   Voltage
----                                   -------
clk                                          0
cmpclk                                       0
cmpclkb                                    3.3
vddt                                       3.3
vddd                                       3.3
vddc                                       3.3
vrefs                                      3.3
vrefn                                      3.3
vcmn                                      1.65
se_vinp                                      0
se_vinn                                   1.65
se_start                                     0
se_mode                                      0
se_cmp                                 1.36517
se_samp_tp_n                                 0
se_sel_in_n                                  0
se_drdy                                    3.3
se_c9                                        0
se_c8                                        0
se_c7                                        0
se_c6                                        0
se_c5                                        0
se_c4                                        0
se_c3                                        0
se_c2                                        0
se_c1                                        0
se_c0                                        0
se_rel_n_256p                              3.3
se_sel_hi_n_256p                             0
se_sel_lo_n_256p                             0
se_rel_n_128p                              3.3
se_sel_hi_n_128p                             0
se_sel_lo_n_128p                             0
se_rel_n_64p                               3.3
se_sel_hi_n_64p                              0
se_sel_lo_n_64p                              0
se_rel_n_32p                               3.3
se_sel_hi_n_32p                              0
se_sel_lo_n_32p                              0
se_rel_n_16p                               3.3
se_sel_hi_n_16p                              0
se_sel_lo_n_16p                              0
se_rel_n_8p                                3.3
se_sel_hi_n_8p                               0
se_sel_lo_n_8p                               0
se_rel_n_4p                                3.3
se_sel_hi_n_4p                               0
se_sel_lo_n_4p                               0
se_rel_n_2p                                3.3
se_sel_hi_n_2p                               0
se_sel_lo_n_2p                               0
se_rel_n_1p                                3.3
se_sel_hi_n_1p                               0
se_sel_lo_n_1p                               0
se_rel_n_256n                              3.3
se_sel_hi_n_256n                             0
se_sel_lo_n_256n                             0
se_rel_n_128n                              3.3
se_sel_hi_n_128n                             0
se_sel_lo_n_128n                             0
se_rel_n_64n                               3.3
se_sel_hi_n_64n                              0
se_sel_lo_n_64n                              0
se_rel_n_32n                               3.3
se_sel_hi_n_32n                              0
se_sel_lo_n_32n                              0
se_rel_n_16n                               3.3
se_sel_hi_n_16n                              0
se_sel_lo_n_16n                              0
se_rel_n_8n                                3.3
se_sel_hi_n_8n                               0
se_sel_lo_n_8n                               0
se_rel_n_4n                                3.3
se_sel_hi_n_4n                               0
se_sel_lo_n_4n                               0
se_rel_n_2n                                3.3
se_sel_hi_n_2n                               0
se_sel_lo_n_2n                               0
se_rel_n_1n                                3.3
se_sel_hi_n_1n                               0
se_sel_lo_n_1n                               0
se_pinp                            1.81196e-07
se_pinn                                   1.65
xsetswp.gp                                 3.3
se_topp                                   1.65
xsetswn.gp                                 3.3
se_topn                                   1.65
xsearrp.x256.bp                           1.65
xsearrp.x256.gp_in                         3.3
xsearrp.x256.gp_rel                1.01835e-08
xsearrp.x256.gp_hi                         3.3
xsearrp.x256.gp_lo                         3.3
xsearrp.x128.bp                           1.65
xsearrp.x128.gp_in                         3.3
xsearrp.x128.gp_rel                1.01835e-08
xsearrp.x128.gp_hi                         3.3
xsearrp.x128.gp_lo                         3.3
xsearrp.x64.bp                            1.65
xsearrp.x64.gp_in                          3.3
xsearrp.x64.gp_rel                 1.01835e-08
xsearrp.x64.gp_hi                          3.3
xsearrp.x64.gp_lo                          3.3
xsearrp.x32.bp                            1.65
xsearrp.x32.gp_in                          3.3
xsearrp.x32.gp_rel                 1.01835e-08
xsearrp.x32.gp_hi                          3.3
xsearrp.x32.gp_lo                          3.3
xsearrp.x16.bp                            1.65
xsearrp.x16.gp_in                          3.3
xsearrp.x16.gp_rel                 1.01835e-08
xsearrp.x16.gp_hi                          3.3
xsearrp.x16.gp_lo                          3.3
xsearrp.x8.bp                             1.65
xsearrp.x8.gp_in                           3.3
xsearrp.x8.gp_rel                  1.01835e-08
xsearrp.x8.gp_hi                           3.3
xsearrp.x8.gp_lo                           3.3
xsearrp.x4.bp                             1.65
xsearrp.x4.gp_in                           3.3
xsearrp.x4.gp_rel                  1.01835e-08
xsearrp.x4.gp_hi                           3.3
xsearrp.x4.gp_lo                           3.3
xsearrp.x2.bp                             1.65
xsearrp.x2.gp_in                           3.3
xsearrp.x2.gp_rel                  1.01835e-08
xsearrp.x2.gp_hi                           3.3
xsearrp.x2.gp_lo                           3.3
xsearrp.x1.bp                             1.65
xsearrp.x1.gp_in                           3.3
xsearrp.x1.gp_rel                  1.01835e-08
xsearrp.x1.gp_hi                           3.3
xsearrp.x1.gp_lo                           3.3
xsearrn.x256.bp                           1.65
xsearrn.x256.gp_in                         3.3
xsearrn.x256.gp_rel                1.01835e-08
xsearrn.x256.gp_hi                         3.3
xsearrn.x256.gp_lo                         3.3
xsearrn.x128.bp                           1.65
xsearrn.x128.gp_in                         3.3
xsearrn.x128.gp_rel                1.01835e-08
xsearrn.x128.gp_hi                         3.3
xsearrn.x128.gp_lo                         3.3
xsearrn.x64.bp                            1.65
xsearrn.x64.gp_in                          3.3
xsearrn.x64.gp_rel                 1.01835e-08
xsearrn.x64.gp_hi                          3.3
xsearrn.x64.gp_lo                          3.3
xsearrn.x32.bp                            1.65
xsearrn.x32.gp_in                          3.3
xsearrn.x32.gp_rel                 1.01835e-08
xsearrn.x32.gp_hi                          3.3
xsearrn.x32.gp_lo                          3.3
xsearrn.x16.bp                            1.65
xsearrn.x16.gp_in                          3.3
xsearrn.x16.gp_rel                 1.01835e-08
xsearrn.x16.gp_hi                          3.3
xsearrn.x16.gp_lo                          3.3
xsearrn.x8.bp                             1.65
xsearrn.x8.gp_in                           3.3
xsearrn.x8.gp_rel                  1.01835e-08
xsearrn.x8.gp_hi                           3.3
xsearrn.x8.gp_lo                           3.3
xsearrn.x4.bp                             1.65
xsearrn.x4.gp_in                           3.3
xsearrn.x4.gp_rel                  1.01835e-08
xsearrn.x4.gp_hi                           3.3
xsearrn.x4.gp_lo                           3.3
xsearrn.x2.bp                             1.65
xsearrn.x2.gp_in                           3.3
xsearrn.x2.gp_rel                  1.01835e-08
xsearrn.x2.gp_hi                           3.3
xsearrn.x2.gp_lo                           3.3
xsearrn.x1.bp                             1.65
xsearrn.x1.gp_in                           3.3
xsearrn.x1.gp_rel                  1.01835e-08
xsearrn.x1.gp_hi                           3.3
xsearrn.x1.gp_lo                           3.3
se_ibias                              0.678004
xsecmp.xpre.ptail                       0.8365
xsecmp.pon                             2.61195
xsecmp.preamp_in1                         1.65
xsecmp.pop                             2.61195
xsecmp.preamp_in2                         1.65
xsecmp.xpre.xrlp.11                    3.29987
xsecmp.xpre.xrlp.21                    2.61207
xsecmp.xpre.xrln.11                    3.29987
xsecmp.xpre.xrln.21                    2.61207
xsecmp.xlat.ltail                      1.99421
xsecmp.xlat.dip                            3.3
xsecmp.xlat.din                            3.3
xsecmp.outn                                3.3
xsecmp.outp                                3.3
xsecmp.sset                        1.80548e-08
xsecmp.srst                        1.80548e-08
xsecmp.xno1.ps                         3.06465
se_cmpb                                1.36517
xsecmp.xno2.ps                         3.06465
se_dacp                            1.11022e-16
se_dacn                            1.11022e-16
se_di                                     1.65
se_err                                     512
se_aerrh                                     0
se_code                                      0
bsecode#branch                               0
bseea#branch                                 0
bsee#branch                                  0
bsedi#branch                                 0
bsedacn#branch                               0
bsedacp#branch                               0
lref#branch                        1.65807e-09
v.xsecmp.vpn#branch                1.57927e-28
v.xsecmp.vpp#branch               -1.64241e-28
vsemode#branch                               0
vsestart#branch                              0
vsevinn#branch                    -5.28744e-18
vseinp#branch                      7.24784e-09
vcms#branch                       -2.00238e-08
vrefs#branch                      -1.65807e-09
vddc#branch                       -0.000559365
vddd#branch                       -7.43276e-09
vddt#branch                       -2.59752e-10
vcmpclkb#branch                              0
vcmpclk#branch                               0
vclk#branch                                  0
a.xsectrl.a_gn#branch_1_0                    0
a.xsectrl.a_gn#branch_1_1                    0
a.xsectrl.a_gn#branch_1_2                    0
a.xsectrl.a_gn#branch_1_3                    0
a.xsectrl.a_gn#branch_1_4                    0
a.xsectrl.a_gn#branch_1_5                    0
a.xsectrl.a_gn#branch_1_6                    0
a.xsectrl.a_gn#branch_1_7                    0
a.xsectrl.a_gn#branch_1_8                    0
a.xsectrl.a_gn#branch_1_9                    0
a.xsectrl.a_gn#branch_1_10                   0
a.xsectrl.a_gn#branch_1_11                   0
a.xsectrl.a_gn#branch_1_12                   0
a.xsectrl.a_gn#branch_1_13                   0
a.xsectrl.a_gn#branch_1_14                   0
a.xsectrl.a_gn#branch_1_15                   0
a.xsectrl.a_gn#branch_1_16                   0
a.xsectrl.a_gn#branch_1_17                   0
a.xsectrl.a_gn#branch_1_18                   0
a.xsectrl.a_gn#branch_1_19                   0
a.xsectrl.a_gn#branch_1_20                   0
a.xsectrl.a_gn#branch_1_21                   0
a.xsectrl.a_gn#branch_1_22                   0
a.xsectrl.a_gn#branch_1_23                   0
a.xsectrl.a_gn#branch_1_24                   0
a.xsectrl.a_gn#branch_1_25                   0
a.xsectrl.a_gn#branch_1_26                   0
a.xsectrl.a_gn#branch_1_27                   0
a.xsectrl.a_gn#branch_1_28                   0
a.xsectrl.a_gn#branch_1_29                   0
a.xsectrl.a_gn#branch_1_30                   0
a.xsectrl.a_gn#branch_1_31                   0
a.xsectrl.a_gn#branch_1_32                   0
a.xsectrl.a_gn#branch_1_33                   0
a.xsectrl.a_gn#branch_1_34                   0
a.xsectrl.a_gn#branch_1_35                   0
a.xsectrl.a_gn#branch_1_36                   0
a.xsectrl.a_gn#branch_1_37                   0
a.xsectrl.a_gn#branch_1_38                   0
a.xsectrl.a_gn#branch_1_39                   0
a.xsectrl.a_gn#branch_1_40                   0
a.xsectrl.a_gn#branch_1_41                   0
a.xsectrl.a_gn#branch_1_42                   0
a.xsectrl.a_gn#branch_1_43                   0
a.xsectrl.a_gn#branch_1_44                   0
a.xsectrl.a_gn#branch_1_45                   0
a.xsectrl.a_gn#branch_1_46                   0
a.xsectrl.a_gn#branch_1_47                   0
a.xsectrl.a_gn#branch_1_48                   0
a.xsectrl.a_gn#branch_1_49                   0
a.xsectrl.a_gn#branch_1_50                   0
a.xsectrl.a_gn#branch_1_51                   0
a.xsectrl.a_gn#branch_1_52                   0
a.xsectrl.a_gn#branch_1_53                   0
a.xsectrl.a_dout#branch_1_0                  0
a.xsectrl.a_dout#branch_1_1                  0
a.xsectrl.a_dout#branch_1_2                  0
a.xsectrl.a_dout#branch_1_3                  0
a.xsectrl.a_dout#branch_1_4                  0
a.xsectrl.a_dout#branch_1_5                  0
a.xsectrl.a_dout#branch_1_6                  0
a.xsectrl.a_dout#branch_1_7                  0
a.xsectrl.a_dout#branch_1_8                  0
a.xsectrl.a_dout#branch_1_9                  0
a.xsectrl.a_dout#branch_1_10                 0
a.xsectrl.a_dout#branch_1_11                 0
a.xsectrl.a_dout#branch_1_12                 0

 Reference value :  0.00000e+00
 Reference value :  2.74728e-09
 Reference value :  2.38815e-08
 Reference value :  3.18631e-08
 Reference value :  6.29855e-08
 Reference value :  9.41872e-08
 Reference value :  1.25256e-07
 Reference value :  1.56450e-07
 Reference value :  1.87682e-07
 Reference value :  1.90299e-07
 Reference value :  2.19329e-07
 Reference value :  2.50447e-07
 Reference value :  2.54255e-07
 Reference value :  2.81736e-07
 Reference value :  3.12858e-07
 Reference value :  3.18229e-07
 Reference value :  3.44721e-07
 Reference value :  3.76149e-07
 Reference value :  4.06282e-07
 Reference value :  4.37601e-07
 Reference value :  4.40006e-07
 Reference value :  4.68925e-07
 Reference value :  5.00215e-07
 Reference value :  5.02786e-07
 Reference value :  5.31455e-07
 Reference value :  5.62894e-07
 Reference value :  5.68892e-07
 Reference value :  5.95783e-07
 Reference value :  6.27266e-07
 Reference value :  6.56289e-07
 Reference value :  6.87510e-07
 Reference value :  6.89935e-07
 Reference value :  7.18851e-07
 Reference value :  7.50107e-07
 Reference value :  7.52537e-07
 Reference value :  7.81450e-07
 Reference value :  8.12700e-07
 Reference value :  8.15190e-07
 Reference value :  8.44299e-07
 Reference value :  8.75193e-07
 Reference value :  8.77600e-07
 Reference value :  9.06452e-07
 Reference value :  9.37651e-07
 Reference value :  9.68769e-07
 Reference value :  9.97802e-07
 Reference value :  1.00237e-06
 Reference value :  1.00309e-06
 Reference value :  1.03170e-06
 Reference value :  1.06265e-06
 Reference value :  1.09383e-06
 Reference value :  1.12077e-06
 Reference value :  1.15241e-06
 Reference value :  1.15711e-06
 Reference value :  1.18818e-06
 Reference value :  1.21885e-06
 Reference value :  1.25010e-06
 Reference value :  1.25287e-06
 Reference value :  1.28135e-06
 Reference value :  1.30994e-06
 Reference value :  1.31481e-06
 Reference value :  1.34384e-06
 Reference value :  1.37518e-06
 Reference value :  1.37760e-06
 Reference value :  1.40651e-06
 Reference value :  1.43791e-06
 Reference value :  1.44334e-06
 Reference value :  1.47256e-06
 Reference value :  1.50174e-06
 Reference value :  1.53127e-06
 Reference value :  1.55474e-06
 Reference value :  1.56492e-06
 Reference value :  1.59384e-06
 Reference value :  1.62514e-06
 Reference value :  1.62754e-06
 Reference value :  1.65645e-06
 Reference value :  1.68787e-06
 Reference value :  1.69470e-06
 Reference value :  1.72558e-06
 Reference value :  1.75227e-06
 Reference value :  1.78132e-06
 Reference value :  1.81253e-06
 Reference value :  1.81500e-06
 Reference value :  1.84395e-06
 Reference value :  1.86820e-06
 Reference value :  1.87738e-06
 Reference value :  1.90634e-06
 Reference value :  1.92108e-06
 Reference value :  1.94005e-06
 Reference value :  1.96926e-06
 Reference value :  2.00059e-06
 Reference value :  2.00284e-06
 Reference value :  2.03135e-06
 Reference value :  2.03872e-06
 Reference value :  2.06586e-06
 Reference value :  2.09441e-06
 Reference value :  2.12552e-06
 Reference value :  2.15670e-06
 Reference value :  2.18770e-06
 Reference value :  2.19153e-06
 Reference value :  2.21938e-06
 Reference value :  2.25049e-06
 Reference value :  2.25466e-06
 Reference value :  2.28170e-06
 Reference value :  2.31283e-06
 Reference value :  2.31701e-06
 Reference value :  2.34441e-06
 Reference value :  2.37567e-06
 Reference value :  2.40242e-06
 Reference value :  2.42942e-06
 Reference value :  2.43979e-06
 Reference value :  2.46881e-06
 Reference value :  2.50011e-06
 Reference value :  2.50253e-06
 Reference value :  2.53137e-06
 Reference value :  2.56270e-06
 Reference value :  2.56516e-06
 Reference value :  2.59412e-06
 Reference value :  2.62553e-06
 Reference value :  2.63880e-06
 Reference value :  2.65895e-06
 Reference value :  2.68977e-06
 Reference value :  2.71885e-06
 Reference value :  2.75011e-06
 Reference value :  2.75263e-06
 Reference value :  2.78162e-06
 Reference value :  2.81287e-06
 Reference value :  2.82863e-06
 Reference value :  2.84451e-06
 Reference value :  2.87526e-06
 Reference value :  2.87782e-06
 Reference value :  2.90662e-06
 Reference value :  2.93770e-06
 Reference value :  2.96881e-06
 Reference value :  3.00006e-06
 Reference value :  3.00245e-06
 Reference value :  3.00428e-06
 Reference value :  3.03175e-06
 Reference value :  3.06269e-06
 Reference value :  3.09385e-06
 Reference value :  3.12506e-06
 Reference value :  3.15628e-06
 Reference value :  3.15759e-06
 Reference value :  3.18918e-06
 Reference value :  3.21885e-06
 Reference value :  3.25010e-06
 Reference value :  3.25289e-06
 Reference value :  3.28138e-06
 Reference value :  3.31251e-06
 Reference value :  3.31494e-06
 Reference value :  3.34385e-06
 Reference value :  3.37520e-06
 Reference value :  3.37766e-06
 Reference value :  3.40671e-06
 Reference value :  3.43805e-06
 Reference value :  3.45626e-06
 Reference value :  3.48831e-06
 Reference value :  3.50232e-06
 Reference value :  3.53132e-06
 Reference value :  3.56260e-06
 Reference value :  3.56502e-06
 Reference value :  3.59395e-06
 Reference value :  3.62537e-06
 Reference value :  3.62888e-06
 Reference value :  3.65698e-06
 Reference value :  3.68818e-06
 Reference value :  3.71875e-06
 Reference value :  3.72758e-06
 Reference value :  3.75229e-06
 Reference value :  3.78133e-06
 Reference value :  3.81256e-06
 Reference value :  3.81516e-06
 Reference value :  3.84431e-06
 Reference value :  3.87518e-06
 Reference value :  3.87759e-06
 Reference value :  3.90644e-06
 Reference value :  3.93762e-06
 Reference value :  3.96875e-06
 Reference value :  3.98389e-06
 Reference value :  4.00227e-06
 Reference value :  4.00297e-06
 Reference value :  4.03146e-06
 Reference value :  4.06256e-06
 Reference value :  4.09377e-06
 Reference value :  4.09877e-06
 Reference value :  4.13241e-06
 Reference value :  4.15690e-06
 Reference value :  4.18802e-06
 Reference value :  4.21879e-06
 Reference value :  4.22452e-06
 Reference value :  4.25267e-06
 Reference value :  4.28128e-06
 Reference value :  4.28206e-06
 Reference value :  4.31308e-06
 Reference value :  4.34264e-06
 Reference value :  4.36080e-06
 Reference value :  4.37728e-06
 Reference value :  4.40633e-06
 Reference value :  4.43761e-06
 Reference value :  4.44002e-06
 Reference value :  4.46891e-06
 Reference value :  4.50022e-06
 Reference value :  4.50284e-06
 Reference value :  4.53146e-06
 Reference value :  4.56289e-06
 Reference value :  4.56889e-06
 Reference value :  4.59485e-06
 Reference value :  4.62679e-06
 Reference value :  4.65628e-06
 Reference value :  4.68224e-06
 Reference value :  4.68987e-06
 Reference value :  4.71884e-06
 Reference value :  4.75010e-06
 Reference value :  4.75251e-06
 Reference value :  4.78141e-06
 Reference value :  4.81269e-06
 Reference value :  4.81511e-06
 Reference value :  4.84425e-06
 Reference value :  4.87512e-06
 Reference value :  4.87752e-06
 Reference value :  4.90640e-06
 Reference value :  4.93760e-06
 Reference value :  4.96665e-06
 Reference value :  4.97789e-06
 Reference value :  5.00068e-06
 Reference value :  5.00291e-06
 Reference value :  5.03144e-06
 Reference value :  5.06273e-06
 Reference value :  5.09395e-06
 Reference value :  5.12521e-06
 Reference value :  5.15641e-06
 Reference value :  5.18768e-06
 Reference value :  5.19014e-06
 Reference value :  5.21921e-06
 Reference value :  5.25045e-06
 Reference value :  5.25822e-06
 Reference value :  5.28507e-06
 Reference value :  5.31477e-06
 Reference value :  5.34195e-06
 Reference value :  5.34445e-06
 Reference value :  5.37546e-06
 Reference value :  5.37835e-06
 Reference value :  5.40670e-06
 Reference value :  5.43782e-06
 Reference value :  5.44025e-06
 Reference value :  5.46904e-06
 Reference value :  5.50038e-06
 Reference value :  5.50438e-06
 Reference value :  5.53200e-06
 Reference value :  5.56327e-06
 Reference value :  5.59376e-06
 Reference value :  5.61234e-06
 Reference value :  5.62734e-06
 Reference value :  5.65633e-06
 Reference value :  5.68760e-06
 Reference value :  5.68995e-06
 Reference value :  5.71889e-06
 Reference value :  5.75019e-06
 Reference value :  5.75260e-06
 Reference value :  5.78187e-06
 Reference value :  5.81313e-06
 Reference value :  5.84378e-06
 Reference value :  5.87169e-06
 Reference value :  5.87744e-06
 Reference value :  5.90633e-06
 Reference value :  5.93761e-06
 Reference value :  5.96876e-06
 Reference value :  5.99400e-06
 Reference value :  6.00232e-06
 Reference value :  6.00318e-06
 Reference value :  6.03170e-06
 Reference value :  6.06262e-06
 Reference value :  6.09381e-06
 Reference value :  6.11902e-06
 Reference value :  6.15626e-06
 Reference value :  6.15760e-06
 Reference value :  6.18875e-06
 Reference value :  6.21883e-06
 Reference value :  6.22989e-06
 Reference value :  6.25267e-06
 Reference value :  6.28132e-06
 Reference value :  6.28620e-06
 Reference value :  6.31343e-06
 Reference value :  6.32319e-06
 Reference value :  6.34434e-06
 Reference value :  6.37523e-06
 Reference value :  6.37759e-06
 Reference value :  6.40645e-06
 Reference value :  6.43765e-06
 Reference value :  6.44001e-06
 Reference value :  6.46885e-06
 Reference value :  6.50018e-06
 Reference value :  6.50260e-06
 Reference value :  6.53146e-06
 Reference value :  6.56286e-06
 Reference value :  6.56642e-06
 Reference value :  6.59468e-06
 Reference value :  6.62630e-06
 Reference value :  6.65630e-06
 Reference value :  6.68750e-06
 Reference value :  6.68989e-06
 Reference value :  6.71885e-06
 Reference value :  6.75010e-06
 Reference value :  6.75253e-06
 Reference value :  6.78144e-06
 Reference value :  6.81270e-06
 Reference value :  6.81511e-06
 Reference value :  6.84416e-06
 Reference value :  6.87545e-06
 Reference value :  6.88145e-06
 Reference value :  6.90698e-06
 Reference value :  6.93836e-06
 Reference value :  6.96936e-06
 Reference value :  7.00067e-06
 Reference value :  7.00292e-06
 Reference value :  7.03144e-06
 Reference value :  7.05835e-06
 Reference value :  7.08339e-06
 Reference value :  7.09454e-06
 Reference value :  7.12552e-06
 Reference value :  7.15681e-06
 Reference value :  7.18783e-06
 Reference value :  7.20724e-06
 Reference value :  7.21960e-06
 Reference value :  7.25063e-06
 Reference value :  7.28125e-06
 Reference value :  7.28187e-06
 Reference value :  7.31300e-06
 Reference value :  7.31847e-06
 Reference value :  7.34420e-06
 Reference value :  7.37520e-06
 Reference value :  7.37757e-06
 Reference value :  7.40645e-06
 Reference value :  7.43764e-06
 Reference value :  7.44001e-06
 Reference value :  7.46885e-06
 Reference value :  7.50020e-06
 Reference value :  7.50275e-06
 Reference value :  7.53162e-06
 Reference value :  7.56304e-06
 Reference value :  7.57824e-06
 Reference value :  7.59838e-06
 Reference value :  7.62729e-06
 Reference value :  7.65633e-06
 Reference value :  7.68760e-06
 Reference value :  7.69000e-06
 Reference value :  7.71891e-06
 Reference value :  7.75041e-06
 Reference value :  7.77178e-06
 Reference value :  7.78211e-06
 Reference value :  7.81339e-06
 Reference value :  7.84381e-06
 Reference value :  7.87506e-06
 Reference value :  7.87750e-06
 Reference value :  7.90636e-06
 Reference value :  7.93770e-06
 Reference value :  7.96885e-06
 Reference value :  8.00020e-06
 Reference value :  8.00259e-06
 Reference value :  8.03127e-06
 Reference value :  8.06251e-06
 Reference value :  8.09378e-06
 Reference value :  8.12503e-06
 Reference value :  8.15629e-06
 Reference value :  8.16711e-06
 Reference value :  8.18982e-06
 Reference value :  8.21888e-06
 Reference value :  8.25015e-06
 Reference value :  8.25299e-06
 Reference value :  8.28173e-06
 Reference value :  8.31291e-06
 Reference value :  8.31794e-06
 Reference value :  8.34423e-06
 Reference value :  8.37541e-06
 Reference value :  8.39326e-06
 Reference value :  8.43760e-06
 Reference value :  8.44007e-06
 Reference value :  8.46936e-06
 Reference value :  8.50235e-06
 Reference value :  8.53135e-06
 Reference value :  8.56276e-06
 Reference value :  8.57954e-06
 Reference value :  8.62500e-06
 Reference value :  8.62753e-06
 Reference value :  8.65682e-06
 Reference value :  8.68977e-06
 Reference value :  8.71885e-06
 Reference value :  8.75019e-06
 Reference value :  8.75691e-06
 Reference value :  8.79000e-06
 Reference value :  8.81498e-06
 Reference value :  8.84410e-06
 Reference value :  8.87563e-06
 Reference value :  8.89752e-06
 Reference value :  8.90706e-06
 Reference value :  8.93964e-06
 Reference value :  8.96957e-06
 Reference value :  9.00235e-06
 Reference value :  9.03128e-06
 Reference value :  9.06124e-06
 Reference value :  9.09382e-06
 Reference value :  9.09597e-06
 Reference value :  9.15390e-06
 Reference value :  9.15742e-06
 Reference value :  9.18980e-06
 Reference value :  9.21895e-06
 Reference value :  9.25003e-06
 Reference value :  9.25297e-06
 Reference value :  9.28198e-06
 Reference value :  9.31272e-06
 Reference value :  9.31975e-06
 Reference value :  9.34452e-06
 Reference value :  9.37730e-06
 Reference value :  9.40636e-06
 Reference value :  9.43785e-06
 Reference value :  9.45020e-06
 Reference value :  9.50010e-06
 Reference value :  9.50263e-06
 Reference value :  9.53172e-06
 Reference value :  9.56477e-06
 Reference value :  9.59384e-06
 Reference value :  9.62529e-06
 Reference value :  9.64571e-06
 Reference value :  9.68760e-06
 Reference value :  9.69007e-06
 Reference value :  9.71928e-06
 Reference value :  9.75227e-06
 Reference value :  9.78137e-06
 Reference value :  9.81276e-06
 Reference value :  9.84187e-06
 Reference value :  9.87503e-06
 Reference value :  9.87757e-06
 Reference value :  9.90654e-06
 Reference value :  9.93799e-06
 Reference value :  9.96932e-06
 Reference value :  1.00002e-05
 Reference value :  1.00028e-05
 Reference value :  1.00318e-05
 Reference value :  1.00627e-05
 Reference value :  1.00940e-05
 Reference value :  1.01251e-05
 Reference value :  1.01564e-05
 Reference value :  1.01876e-05
 Reference value :  1.01901e-05
 Reference value :  1.02195e-05
 Reference value :  1.02503e-05
 Reference value :  1.02813e-05
 Reference value :  1.02824e-05
 Reference value :  1.03148e-05
 Reference value :  1.03438e-05
 Reference value :  1.03751e-05
 Reference value :  1.03776e-05
 Reference value :  1.04067e-05
 Reference value :  1.04389e-05
 Reference value :  1.04688e-05
 Reference value :  1.05002e-05
 Reference value :  1.05123e-05
 Reference value :  1.05545e-05
 Reference value :  1.05650e-05
 Reference value :  1.05942e-05
 Reference value :  1.06268e-05
 Reference value :  1.06563e-05
 Reference value :  1.06877e-05
 Reference value :  1.06926e-05
 Reference value :  1.07264e-05
 Reference value :  1.07525e-05
 Reference value :  1.07815e-05
 Reference value :  1.08131e-05
 Reference value :  1.08441e-05
 Reference value :  1.08758e-05
 Reference value :  1.09063e-05
 Reference value :  1.09376e-05
 Reference value :  1.09688e-05
 Reference value :  1.09717e-05
 Reference value :  1.10024e-05
 Reference value :  1.10313e-05
 Reference value :  1.10411e-05
 Reference value :  1.10938e-05
 Reference value :  1.11251e-05
 Reference value :  1.11564e-05
 Reference value :  1.11879e-05
 Reference value :  1.12188e-05
 Reference value :  1.12501e-05
 Reference value :  1.12530e-05
 Reference value :  1.12817e-05
 Reference value :  1.13130e-05
 Reference value :  1.13255e-05
 Reference value :  1.13444e-05
 Reference value :  1.13762e-05
 Reference value :  1.14063e-05
 Reference value :  1.14375e-05
 Reference value :  1.14400e-05
 Reference value :  1.14692e-05
 Reference value :  1.15023e-05
 Reference value :  1.15314e-05
 Reference value :  1.15628e-05
 Reference value :  1.15938e-05
 Reference value :  1.16251e-05
 Reference value :  1.16277e-05
 Reference value :  1.16572e-05
 Reference value :  1.16899e-05
 Reference value :  1.17189e-05
 Reference value :  1.17503e-05
 Reference value :  1.17813e-05
 Reference value :  1.18125e-05
 Reference value :  1.18151e-05
 Reference value :  1.18447e-05
 Reference value :  1.18774e-05
 Reference value :  1.19064e-05
 Reference value :  1.19380e-05
 Reference value :  1.19694e-05
 Reference value :  1.20023e-05
 Reference value :  1.20256e-05
 Reference value :  1.20322e-05
 Reference value :  1.20714e-05
 Reference value :  1.21084e-05
 Reference value :  1.21563e-05
 Reference value :  1.21876e-05
 Reference value :  1.21901e-05
 Reference value :  1.22195e-05
 Reference value :  1.22517e-05
 Reference value :  1.22813e-05
 Reference value :  1.23126e-05
 Reference value :  1.23151e-05
 Reference value :  1.23440e-05
 Reference value :  1.23752e-05
 Reference value :  1.23776e-05
 Reference value :  1.24067e-05
 Reference value :  1.24380e-05
 Reference value :  1.24688e-05
 Reference value :  1.25001e-05
 Reference value :  1.25026e-05
 Reference value :  1.25317e-05
 Reference value :  1.25648e-05
 Reference value :  1.25939e-05
 Reference value :  1.26253e-05
 Reference value :  1.26402e-05
 Reference value :  1.26875e-05
 Reference value :  1.26900e-05
 Reference value :  1.27190e-05
 Reference value :  1.27508e-05
 Reference value :  1.27813e-05
 Reference value :  1.28127e-05
 Reference value :  1.28166e-05
 Reference value :  1.28545e-05
 Reference value :  1.28775e-05
 Reference value :  1.29064e-05
 Reference value :  1.29379e-05
 Reference value :  1.29692e-05
 Reference value :  1.30012e-05
 Reference value :  1.30031e-05
 Reference value :  1.30319e-05
 Reference value :  1.30631e-05
 Reference value :  1.30945e-05
 Reference value :  1.31287e-05
 Reference value :  1.31573e-05
 Reference value :  1.31899e-05
 Reference value :  1.32192e-05
 Reference value :  1.32505e-05
 Reference value :  1.32813e-05
 Reference value :  1.32960e-05
 Reference value :  1.33150e-05
 Reference value :  1.33439e-05
 Reference value :  1.33750e-05
 Reference value :  1.33775e-05
 Reference value :  1.34065e-05
 Reference value :  1.34378e-05
 Reference value :  1.34427e-05
 Reference value :  1.34945e-05
 Reference value :  1.35025e-05
 Reference value :  1.35314e-05
 Reference value :  1.35632e-05
 Reference value :  1.35938e-05
 Reference value :  1.36252e-05
 Reference value :  1.36282e-05
 Reference value :  1.36625e-05
 Reference value :  1.36900e-05
 Reference value :  1.37189e-05
 Reference value :  1.37504e-05
 Reference value :  1.37813e-05
 Reference value :  1.38126e-05
 Reference value :  1.38151e-05
 Reference value :  1.38447e-05
 Reference value :  1.38774e-05
 Reference value :  1.39063e-05
 Reference value :  1.39377e-05
 Reference value :  1.39689e-05
 Reference value :  1.40005e-05
 Reference value :  1.40029e-05
 Reference value :  1.40317e-05
 Reference value :  1.40628e-05
 Reference value :  1.40941e-05
 Reference value :  1.41257e-05
 Reference value :  1.41570e-05
 Reference value :  1.41898e-05
 Reference value :  1.42190e-05
 Reference value :  1.42505e-05
 Reference value :  1.42813e-05
 Reference value :  1.42905e-05
 Reference value :  1.43148e-05
 Reference value :  1.43438e-05
 Reference value :  1.43751e-05
 Reference value :  1.43776e-05
 Reference value :  1.44065e-05
 Reference value :  1.44382e-05
 Reference value :  1.44688e-05
 Reference value :  1.45001e-05
 Reference value :  1.45026e-05
 Reference value :  1.45315e-05
 Reference value :  1.45633e-05
 Reference value :  1.45938e-05
 Reference value :  1.46251e-05
 Reference value :  1.46275e-05
 Reference value :  1.46564e-05
 Reference value :  1.46877e-05
 Reference value :  1.46902e-05
 Reference value :  1.47191e-05
 Reference value :  1.47504e-05
 Reference value :  1.47689e-05
 Reference value :  1.47826e-05
 Reference value :  1.48142e-05
 Reference value :  1.48438e-05
 Reference value :  1.48448e-05
 Reference value :  1.48757e-05
 Reference value :  1.49063e-05
 Reference value :  1.49071e-05
 Reference value :  1.49380e-05
 Reference value :  1.49690e-05
 Reference value :  1.50004e-05
 Reference value :  1.50028e-05
 Reference value :  1.50314e-05
 Reference value :  1.50339e-05
 Reference value :  1.50635e-05
 Reference value :  1.50944e-05
 Reference value :  1.51254e-05
 Reference value :  1.51565e-05
 Reference value :  1.51861e-05
 Reference value :  1.51899e-05
 Reference value :  1.52189e-05
 Reference value :  1.52501e-05
 Reference value :  1.52529e-05
 Reference value :  1.52814e-05
 Reference value :  1.53127e-05
 Reference value :  1.53151e-05
 Reference value :  1.53440e-05
 Reference value :  1.53754e-05
 Reference value :  1.53792e-05
 Reference value :  1.54069e-05
 Reference value :  1.54382e-05
 Reference value :  1.54554e-05
 Reference value :  1.54703e-05
 Reference value :  1.55012e-05
 Reference value :  1.55313e-05
 Reference value :  1.55569e-05
 Reference value :  1.55652e-05
 Reference value :  1.55943e-05
 Reference value :  1.56256e-05
 Reference value :  1.56403e-05
 Reference value :  1.56642e-05
 Reference value :  1.56898e-05
 Reference value :  1.57188e-05
 Reference value :  1.57436e-05
 Reference value :  1.57524e-05
 Reference value :  1.57814e-05
 Reference value :  1.58126e-05
 Reference value :  1.58150e-05
 Reference value :  1.58440e-05
 Reference value :  1.58752e-05
 Reference value :  1.58776e-05
 Reference value :  1.59065e-05
 Reference value :  1.59379e-05
 Reference value :  1.59689e-05
 Reference value :  1.60002e-05
 Reference value :  1.60026e-05
 Reference value :  1.60313e-05
 Reference value :  1.60320e-05
 Reference value :  1.60629e-05
 Reference value :  1.60940e-05
 Reference value :  1.61252e-05
 Reference value :  1.61564e-05
 Reference value :  1.61574e-05
 Reference value :  1.61882e-05
 Reference value :  1.62188e-05
 Reference value :  1.62209e-05
 Reference value :  1.62517e-05
 Reference value :  1.62813e-05
 Reference value :  1.63127e-05
 Reference value :  1.63152e-05
 Reference value :  1.63444e-05
 Reference value :  1.63773e-05
 Reference value :  1.64063e-05
 Reference value :  1.64377e-05
 Reference value :  1.64416e-05
 Reference value :  1.64743e-05
 Reference value :  1.65024e-05
 Reference value :  1.65314e-05
 Reference value :  1.65630e-05
 Reference value :  1.65938e-05
 Reference value :  1.66252e-05
 Reference value :  1.66279e-05
 Reference value :  1.66624e-05
 Reference value :  1.66899e-05
 Reference value :  1.67190e-05
 Reference value :  1.67504e-05
 Reference value :  1.67813e-05
 Reference value :  1.68126e-05
 Reference value :  1.68151e-05
 Reference value :  1.68443e-05
 Reference value :  1.68756e-05
 Reference value :  1.69063e-05
 Reference value :  1.69377e-05
 Reference value :  1.69689e-05
No. of Data Rows : 41551
icmpf000            =  -2.90160e-05 from=  3.00000e-06 to=  5.00001e-06
icdacf000           =  -6.09023e-06 from=  3.00000e-06 to=  5.00001e-06
itrkf000            =  -2.31259e-07 from=  3.00000e-06 to=  5.00001e-06
ireff000            =  -1.68042e-08 from=  3.00000e-06 to=  5.00001e-06
ivcmf000            =  -9.89657e-06 from=  3.00000e-06 to=  5.00001e-06
icmpf025            =  -2.90514e-05 from=  6.00000e-06 to=  8.00001e-06
icdacf025           =  -6.18459e-06 from=  6.00000e-06 to=  8.00001e-06
itrkf025            =  -2.34753e-07 from=  6.00000e-06 to=  8.00001e-06
ireff025            =  -3.67507e-06 from=  6.00000e-06 to=  8.00001e-06
ivcmf025            =  -5.99923e-06 from=  6.00000e-06 to=  8.00001e-06
icmpf050            =  -3.04950e-05 from=  9.00000e-06 to=  1.10000e-05
icdacf050           =  -6.48923e-06 from=  9.00000e-06 to=  1.10000e-05
itrkf050            =  -2.37352e-07 from=  9.00000e-06 to=  1.10000e-05
ireff050            =  -7.97272e-06 from=  9.00000e-06 to=  1.10000e-05
ivcmf050            =  -2.66583e-07 from=  9.00000e-06 to=  1.10000e-05
icmpf075            =  -2.89315e-05 from=  1.20000e-05 to=  1.40000e-05
icdacf075           =  -6.83542e-06 from=  1.20000e-05 to=  1.40000e-05
itrkf075            =  -2.39315e-07 from=  1.20000e-05 to=  1.40000e-05
ireff075            =  -8.12280e-06 from=  1.20000e-05 to=  1.40000e-05
ivcmf075            =  5.59620e-06 from=  1.20000e-05 to=  1.40000e-05
icmpf100            =  -2.87347e-05 from=  1.50000e-05 to=  1.70000e-05
icdacf100           =  -7.06585e-06 from=  1.50000e-05 to=  1.70000e-05
itrkf100            =  -2.41961e-07 from=  1.50000e-05 to=  1.70000e-05
ireff100            =  -6.63488e-06 from=  1.50000e-05 to=  1.70000e-05
ivcmf100            =  9.80852e-06 from=  1.50000e-05 to=  1.70000e-05
vddm                =  3.30000e+00
m_p_cmp_f000_uw = 9.5752800000e+01
m_p_cdac_f000_uw = 2.0097772200e+01
m_p_trk_f000_uw = 7.6315371000e-01
m_p_ref_f000_uw = 5.5453959000e-02
m_p_vcm_f000_uw = 1.6329332250e+01
m_p_total_f000_uw = 1.3299851212e+02
m_p_cmp_f025_uw = 9.5869620000e+01
m_p_cdac_f025_uw = 2.0409163500e+01
m_p_trk_f025_uw = 7.7468556000e-01
m_p_ref_f025_uw = 1.2127740900e+01
m_p_vcm_f025_uw = 9.8987295000e+00
m_p_total_f025_uw = 1.3907993946e+02
m_p_cmp_f050_uw = 1.0063346700e+02
m_p_cdac_f050_uw = 2.1414472200e+01
m_p_trk_f050_uw = 7.8326292000e-01
m_p_ref_f050_uw = 2.6309982600e+01
m_p_vcm_f050_uw = 4.3986195000e-01
m_p_total_f050_uw = 1.4958104667e+02
m_p_cmp_f075_uw = 9.5474049000e+01
m_p_cdac_f075_uw = 2.2556869500e+01
m_p_trk_f075_uw = 7.8974115000e-01
m_p_ref_f075_uw = 2.6805249900e+01
m_p_vcm_f075_uw = -9.233728350e+00
m_p_total_f075_uw = 1.3639218120e+02
m_p_cmp_f100_uw = 9.4824444000e+01
m_p_cdac_f100_uw = 2.3317291800e+01
m_p_trk_f100_uw = 7.9847064000e-01
m_p_ref_f100_uw = 2.1895104000e+01
m_p_vcm_f100_uw = -1.618405800e+01
m_p_total_f100_uw = 1.2465125244e+02
m_supply_v = 3.3000000000e+00
Note: Simulation executed from .control section 

Warning: m=xx on .subckt line will override multiplier m hierarchy!

Note: Starting dynamic gmin stepping
Note: Dynamic gmin stepping completed
