
Note: Compatibility modes selected: hs a


Circuit: * track-switch-sampling @ fs_-40c_3.30v -- generated by sim/harness, do not edit

Doing analysis at TEMP = -40.000000 and TNOM = 27.000000

Using SPARSE 1.3 as Direct Linear Solver

Initial Transient Solution
--------------------------

Node                                   Voltage
----                                   -------
vdd                                        3.3
nclk                                         0
nclkb                                      3.3
nin_f00                                      0
nin_f25                                  0.825
nin_f50                                   1.65
nin_f75                                  2.475
nin_f100                                   3.3
nin_step                                     0
ni_tg1_f00                         2.12156e-09
no_tg1_f00                             1.62594
ni_tg1_f25                               0.825
no_tg1_f25                             1.64311
ni_tg1_f50                                1.65
no_tg1_f50                             1.64311
ni_tg1_f75                               2.475
no_tg1_f75                             1.64311
ni_tg1_f100                                3.3
no_tg1_f100                            1.64311
ni_tg4_f00                         3.51805e-09
no_tg4_f00                             1.57793
ni_tg4_f25                               0.825
no_tg4_f25                             1.64312
ni_tg4_f50                                1.65
no_tg4_f50                             1.64312
ni_tg4_f75                               2.475
no_tg4_f75                             1.64312
ni_tg4_f100                                3.3
no_tg4_f100                            1.64312
ni_tg4dum_f00                       3.5217e-09
no_tg4dum_f00                          1.62469
ni_tg4dum_f25                            0.825
no_tg4dum_f25                           1.6477
ni_tg4dum_f50                             1.65
no_tg4dum_f50                           1.6477
ni_tg4dum_f75                            2.475
no_tg4dum_f75                           1.6477
ni_tg4dum_f100                             3.3
no_tg4dum_f100                          1.6477
ni_s20_f00                         1.40868e-10
no_s20_f00                             1.62469
ni_s20_f25                               0.825
no_s20_f25                              1.6477
ni_s20_f50                                1.65
no_s20_f50                              1.6477
ni_s20_f75                               2.475
no_s20_f75                              1.6477
ni_s20_f100                                3.3
no_s20_f100                             1.6477
ni_s10_f00                          7.0434e-11
no_s10_f00                             1.62469
ni_s10_f100                                3.3
no_s10_f100                             1.6477
ni_s30_f00                         2.11302e-10
no_s30_f00                             1.62469
ni_s30_f100                                3.3
no_s30_f100                             1.6477
ni_s50_f00                          3.5217e-10
no_s50_f00                             1.62469
ni_s50_f100                                3.3
no_s50_f100                             1.6477
ni_s150_f00                        1.05651e-09
no_s150_f00                            1.62469
ni_s150_f100                               3.3
no_s150_f100                            1.6477
ni_d70_f00                          3.5217e-09
no_d70_f00                             1.62469
ni_d70_f100                                3.3
no_d70_f100                             1.6477
ni_d85_f00                          3.5217e-09
no_d85_f00                             1.62469
ni_d85_f25                               0.825
no_d85_f25                              1.6477
ni_d85_f50                                1.65
no_d85_f50                              1.6477
ni_d85_f75                               2.475
no_d85_f75                              1.6477
ni_d85_f100                                3.3
no_d85_f100                             1.6477
ni_cx100p_f00                       3.5217e-09
no_cx100p_f00                          1.62469
ni_cx100p_f100                             3.3
no_cx100p_f100                          1.6477
ni_cx1n_f00                         3.5217e-09
no_cx1n_f00                            1.62469
ni_cx1n_f100                               3.3
no_cx1n_f100                            1.6477
ni_cxopt_f00                       1.76085e-10
no_cxopt_f00                           1.62469
ni_cxopt_f25                             0.825
no_cxopt_f25                            1.6477
ni_cxopt_f50                              1.65
no_cxopt_f50                            1.6477
ni_cxopt_f75                             2.475
no_cxopt_f75                            1.6477
ni_cxopt_f100                              3.3
no_cxopt_f100                           1.6477
ni_cx100pl_f00                     1.76085e-10
no_cx100pl_f00                         1.62469
ni_cx100pl_f100                            3.3
no_cx100pl_f100                         1.6477
ni_cx1nl_f00                       1.76085e-10
no_cx1nl_f00                           1.62469
ni_cx1nl_f100                              3.3
no_cx1nl_f100                           1.6477
ni_cxopth_f00                       3.5217e-09
no_cxopth_f00                          1.62469
ni_cxopth_f25                            0.825
no_cxopth_f25                           1.6477
ni_cxopth_f50                             1.65
no_cxopth_f50                           1.6477
ni_cxopth_f75                            2.475
no_cxopth_f75                           1.6477
ni_cxopth_f100                             3.3
no_cxopth_f100                          1.6477
ni_cxoptl_f00                       7.0434e-12
no_cxoptl_f00                          1.62469
ni_cxoptl_f100                             3.3
no_cxoptl_f100                          1.6477
ni_px250_f00                       1.76085e-09
no_px250_f00                           1.62469
ni_px250_f25                             0.825
no_px250_f25                            1.6477
ni_px250_f50                              1.65
no_px250_f50                            1.6477
ni_px250_f75                             2.475
no_px250_f75                            1.6477
ni_px250_f100                              3.3
no_px250_f100                           1.6477
ni_px1_f00                          7.0434e-12
no_px1_f00                             1.62469
ni_px1_f100                                3.3
no_px1_f100                             1.6477
ni_px500_f00                        3.5217e-09
no_px500_f00                           1.62469
ni_px500_f100                              3.3
no_px500_f100                           1.6477
ni_tg1_step                        2.12156e-09
no_tg1_step                            1.62594
ni_cxopt_step                      1.76085e-10
no_cxopt_step                          1.62469
ni_px250_step                      1.76085e-09
no_px250_step                          1.62469
vin_step#branch                    1.83299e-11
vin_f100#branch                   -6.64076e-11
vin_f75#branch                       -1.32e-11
vin_f50#branch                     5.20237e-17
vin_f25#branch                     1.35987e-11
vin_f00#branch                      1.3806e-10
vclkb#branch                                 0
vclk#branch                                  0
vsup#branch                       -4.92747e-10

 Reference value :  0.00000e+00
 Reference value :  4.44927e-09
 Reference value :  3.72812e-08
 Reference value :  7.12812e-08
 Reference value :  1.05481e-07
 Reference value :  1.39481e-07
 Reference value :  1.74281e-07
 Reference value :  2.07481e-07
 Reference value :  2.40481e-07
 Reference value :  2.73481e-07
 Reference value :  3.00434e-07
 Reference value :  3.14954e-07
 Reference value :  3.38154e-07
 Reference value :  3.61954e-07
 Reference value :  3.91554e-07
 Reference value :  4.25754e-07
 Reference value :  4.59154e-07
 Reference value :  4.92754e-07
 Reference value :  5.25554e-07
 Reference value :  5.58954e-07
 Reference value :  5.92754e-07
 Reference value :  6.26754e-07
 Reference value :  6.60554e-07
 Reference value :  6.93754e-07
 Reference value :  7.17417e-07
 Reference value :  7.46417e-07
 Reference value :  7.77217e-07
 Reference value :  8.08017e-07
 Reference value :  8.38817e-07
 Reference value :  8.72417e-07
 Reference value :  9.05617e-07
 Reference value :  9.38817e-07
 Reference value :  9.70617e-07
 Reference value :  1.00013e-06
 Reference value :  1.01003e-06
 Reference value :  1.04283e-06
 Reference value :  1.07703e-06
 Reference value :  1.11223e-06
 Reference value :  1.14763e-06
 Reference value :  1.18123e-06
 Reference value :  1.21463e-06
 Reference value :  1.24903e-06
 Reference value :  1.28363e-06
 Reference value :  1.30110e-06
 Reference value :  1.32381e-06
 Reference value :  1.34781e-06
 Reference value :  1.38121e-06
 Reference value :  1.41541e-06
 Reference value :  1.44901e-06
 Reference value :  1.48361e-06
 Reference value :  1.51721e-06
 Reference value :  1.55181e-06
 Reference value :  1.58541e-06
 Reference value :  1.62001e-06
 Reference value :  1.65341e-06
 Reference value :  1.68761e-06
 Reference value :  1.72181e-06
 Reference value :  1.75761e-06
 Reference value :  1.79161e-06
 Reference value :  1.82681e-06
 Reference value :  1.86081e-06
 Reference value :  1.89441e-06
 Reference value :  1.92821e-06
 Reference value :  1.96221e-06
 Reference value :  1.99581e-06
No. of Data Rows : 10291
vddm                =  3.30000e+00
pre_tg1_f00         =  3.71467e-09
post_tg1_f00        =  -2.22084e-03
end_tg1_f00         =  -2.22054e-03
pre_tg1_f25         =  8.25000e-01
post_tg1_f25        =  8.23688e-01
end_tg1_f25         =  8.23689e-01
pre_tg1_f50         =  1.65000e+00
post_tg1_f50        =  1.65060e+00
end_tg1_f50         =  1.65060e+00
pre_tg1_f75         =  2.47500e+00
post_tg1_f75        =  2.47796e+00
end_tg1_f75         =  2.47796e+00
pre_tg1_f100        =  3.30000e+00
post_tg1_f100       =  3.30550e+00
end_tg1_f100        =  3.30550e+00
pre_tg4_f00         =  3.41112e-09
post_tg4_f00        =  -9.53859e-03
end_tg4_f00         =  -9.53808e-03
pre_tg4_f25         =  8.25000e-01
post_tg4_f25        =  8.19258e-01
end_tg4_f25         =  8.19258e-01
pre_tg4_f50         =  1.65000e+00
post_tg4_f50        =  1.65266e+00
end_tg4_f50         =  1.65266e+00
pre_tg4_f75         =  2.47500e+00
post_tg4_f75        =  2.48847e+00
end_tg4_f75         =  2.48847e+00
pre_tg4_f100        =  3.30000e+00
post_tg4_f100       =  3.32450e+00
end_tg4_f100        =  3.32450e+00
pre_tg4dum_f00      =  8.83067e-09
post_tg4dum_f00     =  -4.13531e-03
end_tg4dum_f00      =  -4.13434e-03
pre_tg4dum_f25      =  8.25000e-01
post_tg4dum_f25     =  8.22691e-01
end_tg4dum_f25      =  8.22692e-01
pre_tg4dum_f50      =  1.65000e+00
post_tg4dum_f50     =  1.65117e+00
end_tg4dum_f50      =  1.65117e+00
pre_tg4dum_f75      =  2.47500e+00
post_tg4dum_f75     =  2.47961e+00
end_tg4dum_f75      =  2.47961e+00
pre_tg4dum_f100     =  3.30000e+00
post_tg4dum_f100    =  3.30974e+00
end_tg4dum_f100     =  3.30974e+00
acq_tg1             =  3.30000e+00
pre_s20_f00         =  7.49905e-10
post_s20_f00        =  -2.57867e-04
end_s20_f00         =  -2.56901e-04
pre_s20_f25         =  8.25000e-01
post_s20_f25        =  8.25147e-01
pre_s20_f50         =  1.65000e+00
post_s20_f50        =  1.65014e+00
pre_s20_f75         =  2.47500e+00
post_s20_f75        =  2.47514e+00
pre_s20_f100        =  3.30000e+00
post_s20_f100       =  3.30007e+00
end_s20_f100        =  3.30007e+00
pre_s10_f00         =  5.81555e-10
post_s10_f00        =  1.97483e-04
pre_s10_f100        =  3.30000e+00
post_s10_f100       =  3.29911e+00
pre_s30_f00         =  9.18254e-10
post_s30_f00        =  -6.43988e-04
pre_s30_f100        =  3.30000e+00
post_s30_f100       =  3.30091e+00
pre_s50_f00         =  1.25495e-09
post_s50_f00        =  -1.25810e-03
pre_s50_f100        =  3.30000e+00
post_s50_f100       =  3.30226e+00
pre_s150_f00        =  2.93845e-09
post_s150_f00       =  -2.81382e-03
pre_s150_f100       =  3.30000e+00
post_s150_f100      =  3.30602e+00
pre_d70_f00         =  9.59369e-09
post_d70_f00        =  -2.00263e-03
pre_d70_f100        =  3.30000e+00
post_d70_f100       =  3.30395e+00
pre_d85_f00         =  1.01660e-08
post_d85_f00        =  -4.13247e-04
end_d85_f00         =  -4.12288e-04
pre_d85_f25         =  8.25000e-01
post_d85_f25        =  8.25052e-01
pre_d85_f50         =  1.65000e+00
post_d85_f50        =  1.65015e+00
pre_d85_f75         =  2.47500e+00
post_d85_f75        =  2.47357e+00
pre_d85_f100        =  3.30000e+00
post_d85_f100       =  3.29964e+00
end_d85_f100        =  3.29964e+00
pre_cx100p_f00      =  2.28477e-06
post_cx100p_f00     =  4.91301e-04
pre_cx100p_f100     =  3.29999e+00
post_cx100p_f100    =  3.29835e+00
pre_cx1n_f00        =  1.14619e-03
post_cx1n_f00       =  1.85581e-03
pre_cx1n_f100       =  3.29878e+00
post_cx1n_f100      =  3.29680e+00
pre_cxopt_f00       =  1.22273e-09
post_cxopt_f00      =  2.21929e-04
end_cxopt_f00       =  2.22894e-04
pre_cxopt_f25       =  8.25000e-01
post_cxopt_f25      =  8.25426e-01
pre_cxopt_f50       =  1.65000e+00
post_cxopt_f50      =  1.64998e+00
pre_cxopt_f75       =  2.47500e+00
post_cxopt_f75      =  2.47537e+00
pre_cxopt_f100      =  3.30000e+00
post_cxopt_f100     =  3.29966e+00
end_cxopt_f100      =  3.29966e+00
pre_cx100pl_f00     =  8.34079e-10
post_cx100pl_f00    =  5.11112e-04
pre_cx100pl_f100    =  3.30000e+00
post_cx100pl_f100   =  3.29832e+00
pre_cx1nl_f00       =  1.23414e-09
post_cx1nl_f00      =  7.10223e-04
pre_cx1nl_f100      =  3.30000e+00
post_cx1nl_f100     =  3.29801e+00
pre_cxoptl_f00      =  4.15861e-10
post_cxoptl_f00     =  2.27334e-04
pre_cxoptl_f100     =  3.30000e+00
post_cxoptl_f100    =  3.29965e+00
pre_cxopth_f00      =  1.14578e-03
post_cxopth_f00     =  1.36680e-03
end_cxopth_f00      =  1.36775e-03
pre_cxopth_f25      =  8.25585e-01
post_cxopth_f25     =  8.26010e-01
pre_cxopth_f50      =  1.64999e+00
post_cxopth_f50     =  1.64997e+00
pre_cxopth_f75      =  2.47439e+00
post_cxopth_f75     =  2.47476e+00
pre_cxopth_f100     =  3.29878e+00
post_cxopth_f100    =  3.29844e+00
end_cxopth_f100     =  3.29844e+00
acq_cxopt           =  3.30000e+00
pre_px1_f00         =  4.15861e-10
post_px1_f00        =  1.91635e-04
pre_px1_f100        =  3.30000e+00
post_px1_f100       =  3.29972e+00
pre_px500_f00       =  2.35374e-06
post_px500_f00      =  -3.16702e-06
pre_px500_f100      =  3.29999e+00
post_px500_f100     =  3.29999e+00
pre_px250_f00       =  1.35202e-08
post_px250_f00      =  -4.21093e-06
end_px250_f00       =  -3.24229e-06
pre_px250_f25       =  8.25000e-01
post_px250_f25      =  8.25341e-01
pre_px250_f50       =  1.65000e+00
post_px250_f50      =  1.65000e+00
pre_px250_f75       =  2.47500e+00
post_px250_f75      =  2.47544e+00
pre_px250_f100      =  3.30000e+00
post_px250_f100     =  3.30000e+00
end_px250_f100      =  3.30000e+00
acq_px250           =  3.30000e+00
m_ped_tg1_f00_mv = -2.220844715e+00
m_ped_tg1_f25_mv = -1.311600000e+00
m_ped_tg1_f50_mv = 5.9900000000e-01
m_ped_tg1_f75_mv = 2.9600000000e+00
m_ped_tg1_f100_mv = 5.4970000000e+00
m_gain_tg1_lsb = 2.3948706024e+00
m_nl_tg1_lsb = 3.2242894124e-01
m_nldiff_tg1_lsb = 1.2805512306e-01
m_droop_tg1_f00_uv = 3.0600000000e-01
m_droop_tg1_f100_uv = -1.000000000e+00
m_ped_tg4_f00_mv = -9.538590411e+00
m_ped_tg4_f25_mv = -5.741800000e+00
m_ped_tg4_f50_mv = 2.6570000000e+00
m_ped_tg4_f75_mv = 1.3474000000e+01
m_ped_tg4_f100_mv = 2.4499000000e+01
m_gain_tg4_lsb = 1.0561967449e+01
m_nl_tg4_lsb = 1.4966550635e+00
m_nldiff_tg4_lsb = 6.8173724530e-01
m_droop_tg4_f00_uv = 5.1000000000e-01
m_droop_tg4_f100_uv = 0.0000000000e+00
m_ped_tg4dum_f00_mv = -4.135322831e+00
m_ped_tg4dum_f25_mv = -2.308600000e+00
m_ped_tg4dum_f50_mv = 1.1670000000e+00
m_ped_tg4dum_f75_mv = 4.6110000000e+00
m_ped_tg4dum_f100_mv = 9.7390000000e+00
m_gain_tg4dum_lsb = 4.3052444178e+00
m_nl_tg4dum_lsb = 5.1492283495e-01
m_nldiff_tg4dum_lsb = 5.4493603958e-03
m_droop_tg4dum_f00_uv = 9.7100000000e-01
m_droop_tg4dum_f100_uv = -1.000000000e+00
m_acqerr_tg1_lsb = 0.0000000000e+00
m_gain_s20_lsb = 1.0266911027e-01
m_ped_s20_f00_mv = -2.578672499e-01
m_ped_s20_f25_mv = 1.4700000000e-01
m_ped_s20_f50_mv = 1.3900000000e-01
m_ped_s20_f75_mv = 1.4100000000e-01
m_ped_s20_f100_mv = 7.3000000000e-02
m_nl_s20_lsb = 9.9964256947e-02
m_nldiff_s20_lsb = 5.3196373319e-02
m_droop_s20_f00_uv = 9.6560000000e-01
m_droop_s20_f100_uv = 0.0000000000e+00
m_gain_s10_lsb = -3.377594860e-01
m_gain_s30_lsb = 4.8065589318e-01
m_gain_s50_lsb = 1.0929177615e+00
m_gain_s150_lsb = 2.7408511033e+00
m_gain_d70_lsb = 1.8458799612e+00
m_gain_d85_lsb = 1.7456831131e-02
m_ped_d85_f00_mv = -4.132573660e-01
m_ped_d85_f25_mv = 5.2400000000e-02
m_ped_d85_f50_mv = 1.5000000000e-01
m_ped_d85_f75_mv = -1.433000000e+00
m_ped_d85_f100_mv = -3.570000000e-01
m_nl_d85_lsb = 3.2952185282e-01
m_nldiff_d85_lsb = 4.6965253678e-01
m_droop_d85_f00_uv = 9.5930000000e-01
m_droop_d85_f100_uv = -1.000000000e+00
m_gain_cx100p_lsb = -6.628123099e-01
m_gain_cx1n_lsb = -8.367709091e-01
m_ped_cxopt_f00_mv = 2.2192817727e-01
m_ped_cxopt_f25_mv = 4.2600000000e-01
m_ped_cxopt_f50_mv = -1.800000000e-02
m_ped_cxopt_f75_mv = 3.7400000000e-01
m_ped_cxopt_f100_mv = -3.440000000e-01
m_gain_cxopt_lsb = -1.756092283e-01
m_nl_cxopt_lsb = 1.7889526867e-01
m_nldiff_cxopt_lsb = 7.1668856594e-02
m_droop_cxopt_f00_uv = 9.6510000000e-01
m_droop_cxopt_f100_uv = -1.000000000e+00
m_gain_cx100pl_lsb = -6.783568883e-01
m_gain_cx1nl_lsb = -8.375766313e-01
m_gain_cxoptl_lsb = -1.794586637e-01
m_ped_cxopth_f00_mv = 2.2102000000e-01
m_ped_cxopth_f25_mv = 4.2490000000e-01
m_ped_cxopth_f50_mv = -1.800000000e-02
m_ped_cxopth_f75_mv = 3.7500000000e-01
m_ped_cxopth_f100_mv = -3.420000000e-01
m_gain_cxopth_lsb = -1.747068121e-01
m_nl_cxopth_lsb = 1.7881056970e-01
m_nldiff_cxopth_lsb = 7.1869284848e-02
m_droop_cxopth_f00_uv = 9.4400000000e-01
m_droop_cxopth_f100_uv = -1.000000000e+00
m_acqerr_cxopt_lsb = 0.0000000000e+00
m_gain_px1_lsb = -1.454186385e-01
m_gain_px500_lsb = 2.0234118982e-03
m_ped_px250_f00_mv = -4.224450170e-03
m_ped_px250_f25_mv = 3.4130000000e-01
m_ped_px250_f50_mv = 1.0000000001e-03
m_ped_px250_f75_mv = 4.3900000000e-01
m_ped_px250_f100_mv = -9.999999997e-04
m_gain_px250_lsb = 1.0005566589e-03
m_nl_px250_lsb = 1.3678347250e-01
m_nldiff_px250_lsb = 2.9816327731e-02
m_droop_px250_f00_uv = 9.6863800000e-01
m_droop_px250_f100_uv = -1.000000000e+00
m_acqerr_px250_lsb = 1.5515151515e-03
Note: Simulation executed from .control section 

Warning: m=xx on .subckt line will override multiplier m hierarchy!

