
Note: Compatibility modes selected: hs a


Circuit: * track-switch-sampling @ tt_27c_3.63v -- generated by sim/harness, do not edit

Doing analysis at TEMP = 27.000000 and TNOM = 27.000000

Using SPARSE 1.3 as Direct Linear Solver

Initial Transient Solution
--------------------------

Node                                   Voltage
----                                   -------
vdd                                       3.63
nclk                                         0
nclkb                                     3.63
nin_f00                                      0
nin_f25                                 0.9075
nin_f50                                  1.815
nin_f75                                 2.7225
nin_f100                                  3.63
nin_step                                     0
ni_tg1_f00                          4.3275e-09
no_tg1_f00                              1.1212
ni_tg1_f25                              0.9075
no_tg1_f25                             1.80746
ni_tg1_f50                               1.815
no_tg1_f50                             1.80746
ni_tg1_f75                              2.7225
no_tg1_f75                             1.80746
ni_tg1_f100                               3.63
no_tg1_f100                            1.84168
ni_tg4_f00                         1.08596e-08
no_tg4_f00                            0.647889
ni_tg4_f25                              0.9075
no_tg4_f25                             1.80753
ni_tg4_f50                               1.815
no_tg4_f50                             1.80753
ni_tg4_f75                              2.7225
no_tg4_f75                             1.80753
ni_tg4_f100                               3.63
no_tg4_f100                            1.93873
ni_tg4dum_f00                      1.15764e-08
no_tg4dum_f00                          1.00381
ni_tg4dum_f25                           0.9075
no_tg4dum_f25                           1.8125
ni_tg4dum_f50                            1.815
no_tg4dum_f50                           1.8125
ni_tg4dum_f75                           2.7225
no_tg4dum_f75                           1.8125
ni_tg4dum_f100                            3.63
no_tg4dum_f100                         1.85791
ni_s20_f00                         4.63054e-10
no_s20_f00                             1.00381
ni_s20_f25                              0.9075
no_s20_f25                              1.8125
ni_s20_f50                               1.815
no_s20_f50                              1.8125
ni_s20_f75                              2.7225
no_s20_f75                              1.8125
ni_s20_f100                               3.63
no_s20_f100                            1.85791
ni_s10_f00                         2.31527e-10
no_s10_f00                             1.00381
ni_s10_f100                               3.63
no_s10_f100                            1.85791
ni_s30_f00                         6.94581e-10
no_s30_f00                             1.00381
ni_s30_f100                               3.63
no_s30_f100                            1.85791
ni_s50_f00                         1.15764e-09
no_s50_f00                             1.00381
ni_s50_f100                               3.63
no_s50_f100                            1.85791
ni_s150_f00                        3.47291e-09
no_s150_f00                            1.00381
ni_s150_f100                              3.63
no_s150_f100                           1.85791
ni_d70_f00                         1.15764e-08
no_d70_f00                             1.00381
ni_d70_f100                               3.63
no_d70_f100                            1.85791
ni_d85_f00                         1.15764e-08
no_d85_f00                             1.00381
ni_d85_f25                              0.9075
no_d85_f25                              1.8125
ni_d85_f50                               1.815
no_d85_f50                              1.8125
ni_d85_f75                              2.7225
no_d85_f75                              1.8125
ni_d85_f100                               3.63
no_d85_f100                            1.85791
ni_cx100p_f00                      1.15764e-08
no_cx100p_f00                          1.00381
ni_cx100p_f100                            3.63
no_cx100p_f100                         1.85791
ni_cx1n_f00                        1.15764e-08
no_cx1n_f00                            1.00381
ni_cx1n_f100                              3.63
no_cx1n_f100                           1.85791
ni_cxopt_f00                       5.78818e-10
no_cxopt_f00                           1.00381
ni_cxopt_f25                            0.9075
no_cxopt_f25                            1.8125
ni_cxopt_f50                             1.815
no_cxopt_f50                            1.8125
ni_cxopt_f75                            2.7225
no_cxopt_f75                            1.8125
ni_cxopt_f100                             3.63
no_cxopt_f100                          1.85791
ni_cx100pl_f00                     5.78818e-10
no_cx100pl_f00                         1.00381
ni_cx100pl_f100                           3.63
no_cx100pl_f100                        1.85791
ni_cx1nl_f00                       5.78818e-10
no_cx1nl_f00                           1.00381
ni_cx1nl_f100                             3.63
no_cx1nl_f100                          1.85791
ni_cxopth_f00                      1.15764e-08
no_cxopth_f00                          1.00381
ni_cxopth_f25                           0.9075
no_cxopth_f25                           1.8125
ni_cxopth_f50                            1.815
no_cxopth_f50                           1.8125
ni_cxopth_f75                           2.7225
no_cxopth_f75                           1.8125
ni_cxopth_f100                            3.63
no_cxopth_f100                         1.85791
ni_cxoptl_f00                      2.31527e-11
no_cxoptl_f00                          1.00381
ni_cxoptl_f100                            3.63
no_cxoptl_f100                         1.85791
ni_px250_f00                       5.78818e-09
no_px250_f00                           1.00381
ni_px250_f25                            0.9075
no_px250_f25                            1.8125
ni_px250_f50                             1.815
no_px250_f50                            1.8125
ni_px250_f75                            2.7225
no_px250_f75                            1.8125
ni_px250_f100                             3.63
no_px250_f100                          1.85791
ni_px1_f00                         2.31527e-11
no_px1_f00                             1.00381
ni_px1_f100                               3.63
no_px1_f100                            1.85791
ni_px500_f00                       1.15764e-08
no_px500_f00                           1.00381
ni_px500_f100                             3.63
no_px500_f100                          1.85791
ni_tg1_step                         4.3275e-09
no_tg1_step                             1.1212
ni_cxopt_step                      5.78818e-10
no_cxopt_step                          1.00381
ni_px250_step                      5.78818e-09
no_px250_step                          1.00381
vin_step#branch                    5.49604e-11
vin_f100#branch                   -7.92824e-11
vin_f75#branch                    -1.45202e-11
vin_f50#branch                     1.32856e-15
vin_f25#branch                     1.71111e-11
vin_f00#branch                     4.47123e-10
vclkb#branch                                 0
vclk#branch                                  0
vsup#branch                       -8.21835e-10

 Reference value :  0.00000e+00
 Reference value :  8.07889e-09
 Reference value :  4.10789e-08
 Reference value :  7.36789e-08
 Reference value :  1.07679e-07
 Reference value :  1.41479e-07
 Reference value :  1.74679e-07
 Reference value :  2.08679e-07
 Reference value :  2.42279e-07
 Reference value :  2.76479e-07
 Reference value :  3.00769e-07
 Reference value :  3.23914e-07
 Reference value :  3.57114e-07
 Reference value :  3.90714e-07
 Reference value :  4.23514e-07
 Reference value :  4.59314e-07
 Reference value :  4.93714e-07
 Reference value :  5.26314e-07
 Reference value :  5.59514e-07
 Reference value :  5.92314e-07
 Reference value :  6.25714e-07
 Reference value :  6.59914e-07
 Reference value :  6.93514e-07
 Reference value :  7.18589e-07
 Reference value :  7.52389e-07
 Reference value :  7.84989e-07
 Reference value :  8.18189e-07
 Reference value :  8.51389e-07
 Reference value :  8.85389e-07
 Reference value :  9.18789e-07
 Reference value :  9.52189e-07
 Reference value :  9.85389e-07
 Reference value :  1.00100e-06
 Reference value :  1.02761e-06
 Reference value :  1.06181e-06
 Reference value :  1.09541e-06
 Reference value :  1.12881e-06
 Reference value :  1.16301e-06
 Reference value :  1.19641e-06
 Reference value :  1.23061e-06
 Reference value :  1.26301e-06
 Reference value :  1.29621e-06
 Reference value :  1.30811e-06
 Reference value :  1.34031e-06
 Reference value :  1.37311e-06
 Reference value :  1.40631e-06
 Reference value :  1.43951e-06
 Reference value :  1.47331e-06
 Reference value :  1.50571e-06
 Reference value :  1.53971e-06
 Reference value :  1.57351e-06
 Reference value :  1.60371e-06
 Reference value :  1.63551e-06
 Reference value :  1.66791e-06
 Reference value :  1.69831e-06
 Reference value :  1.73171e-06
 Reference value :  1.76631e-06
 Reference value :  1.79851e-06
 Reference value :  1.83231e-06
 Reference value :  1.86531e-06
 Reference value :  1.89651e-06
 Reference value :  1.92651e-06
 Reference value :  1.95571e-06
 Reference value :  1.98471e-06
No. of Data Rows : 10277
vddm                =  3.63000e+00
pre_tg1_f00         =  4.18863e-09
post_tg1_f00        =  -2.64406e-03
end_tg1_f00         =  -2.64353e-03
pre_tg1_f25         =  9.07500e-01
post_tg1_f25        =  9.05892e-01
end_tg1_f25         =  9.05893e-01
pre_tg1_f50         =  1.81500e+00
post_tg1_f50        =  1.81592e+00
end_tg1_f50         =  1.81592e+00
pre_tg1_f75         =  2.72250e+00
post_tg1_f75        =  2.72608e+00
end_tg1_f75         =  2.72608e+00
pre_tg1_f100        =  3.63000e+00
post_tg1_f100       =  3.63632e+00
end_tg1_f100        =  3.63632e+00
pre_tg4_f00         =  3.77703e-09
post_tg4_f00        =  -1.15058e-02
end_tg4_f00         =  -1.15044e-02
pre_tg4_f25         =  9.07500e-01
post_tg4_f25        =  9.00373e-01
end_tg4_f25         =  9.00373e-01
pre_tg4_f50         =  1.81500e+00
post_tg4_f50        =  1.81918e+00
end_tg4_f50         =  1.81918e+00
pre_tg4_f75         =  2.72250e+00
post_tg4_f75        =  2.73883e+00
end_tg4_f75         =  2.73883e+00
pre_tg4_f100        =  3.63000e+00
post_tg4_f100       =  3.65818e+00
end_tg4_f100        =  3.65818e+00
pre_tg4dum_f00      =  1.54586e-08
post_tg4dum_f00     =  -4.90933e-03
end_tg4dum_f00      =  -4.90748e-03
pre_tg4dum_f25      =  9.07500e-01
post_tg4dum_f25     =  9.04760e-01
end_tg4dum_f25      =  9.04760e-01
pre_tg4dum_f50      =  1.81500e+00
post_tg4dum_f50     =  1.81678e+00
end_tg4dum_f50      =  1.81678e+00
pre_tg4dum_f75      =  2.72250e+00
post_tg4dum_f75     =  2.72834e+00
end_tg4dum_f75      =  2.72834e+00
pre_tg4dum_f100     =  3.63000e+00
post_tg4dum_f100    =  3.64147e+00
end_tg4dum_f100     =  3.64147e+00
acq_tg1             =  3.63000e+00
pre_s20_f00         =  1.53512e-09
post_s20_f00        =  -3.80583e-04
end_s20_f00         =  -3.78772e-04
pre_s20_f25         =  9.07500e-01
post_s20_f25        =  9.07592e-01
pre_s20_f50         =  1.81500e+00
post_s20_f50        =  1.81519e+00
pre_s20_f75         =  2.72250e+00
post_s20_f75        =  2.72250e+00
pre_s20_f100        =  3.63000e+00
post_s20_f100       =  3.63050e+00
end_s20_f100        =  3.63050e+00
pre_s10_f00         =  1.24505e-09
post_s10_f00        =  1.13003e-04
pre_s10_f100        =  3.63000e+00
post_s10_f100       =  3.62945e+00
pre_s30_f00         =  1.82519e-09
post_s30_f00        =  -8.02545e-04
pre_s30_f100        =  3.63000e+00
post_s30_f100       =  3.63142e+00
pre_s50_f00         =  2.40534e-09
post_s50_f00        =  -1.48339e-03
pre_s50_f100        =  3.63000e+00
post_s50_f100       =  3.63293e+00
pre_s150_f00        =  5.30605e-09
post_s150_f00       =  -3.28012e-03
pre_s150_f100       =  3.63000e+00
post_s150_f100      =  3.63718e+00
pre_d70_f00         =  1.85655e-08
post_d70_f00        =  -2.30514e-03
pre_d70_f100        =  3.63000e+00
post_d70_f100       =  3.63492e+00
pre_d85_f00         =  2.08958e-08
post_d85_f00        =  -3.64683e-04
end_d85_f00         =  -3.62886e-04
pre_d85_f25         =  9.07500e-01
post_d85_f25        =  9.07776e-01
pre_d85_f50         =  1.81500e+00
post_d85_f50        =  1.81515e+00
pre_d85_f75         =  2.72250e+00
post_d85_f75        =  2.72119e+00
pre_d85_f100        =  3.63000e+00
post_d85_f100       =  3.63004e+00
end_d85_f100        =  3.63004e+00
pre_cx100p_f00      =  2.64117e-06
post_cx100p_f00     =  4.43245e-04
pre_cx100p_f100     =  3.62999e+00
post_cx100p_f100    =  3.62867e+00
pre_cx1n_f00        =  7.24321e-04
post_cx1n_f00       =  1.39168e-03
pre_cx1n_f100       =  3.62869e+00
post_cx1n_f100      =  3.62695e+00
pre_cxopt_f00       =  2.06097e-09
post_cxopt_f00      =  4.67709e-05
end_cxopt_f00       =  4.85784e-05
pre_cxopt_f25       =  9.07500e-01
post_cxopt_f25      =  9.07763e-01
pre_cxopt_f50       =  1.81500e+00
post_cxopt_f50      =  1.81504e+00
pre_cxopt_f75       =  2.72250e+00
post_cxopt_f75      =  2.72267e+00
pre_cxopt_f100      =  3.63000e+00
post_cxopt_f100     =  3.63004e+00
end_cxopt_f100      =  3.63003e+00
pre_cx100pl_f00     =  1.68016e-09
post_cx100pl_f00    =  4.63056e-04
pre_cx100pl_f100    =  3.63000e+00
post_cx100pl_f100   =  3.62864e+00
pre_cx1nl_f00       =  2.15890e-09
post_cx1nl_f00      =  6.68150e-04
pre_cx1nl_f100      =  3.63000e+00
post_cx1nl_f100     =  3.62826e+00
pre_cxoptl_f00      =  9.14193e-10
post_cxoptl_f00     =  5.22119e-05
pre_cxoptl_f100     =  3.63000e+00
post_cxoptl_f100    =  3.63003e+00
pre_cxopth_f00      =  7.24840e-04
post_cxopth_f00     =  7.70543e-04
end_cxopth_f00      =  7.72297e-04
pre_cxopth_f25      =  9.08148e-01
post_cxopth_f25     =  9.08409e-01
pre_cxopth_f50      =  1.81499e+00
post_cxopth_f50     =  1.81503e+00
pre_cxopth_f75      =  2.72182e+00
post_cxopth_f75     =  2.72199e+00
pre_cxopth_f100     =  3.62869e+00
post_cxopth_f100    =  3.62873e+00
end_cxopth_f100     =  3.62872e+00
acq_cxopt           =  3.63000e+00
pre_px1_f00         =  9.14193e-10
post_px1_f00        =  1.39665e-05
pre_px1_f100        =  3.63000e+00
post_px1_f100       =  3.63011e+00
pre_px500_f00       =  2.71814e-06
post_px500_f00      =  -1.84420e-04
pre_px500_f100      =  3.62999e+00
post_px500_f100     =  3.63045e+00
pre_px250_f00       =  1.85456e-08
post_px250_f00      =  -1.85805e-04
end_px250_f00       =  -1.84002e-04
pre_px250_f25       =  9.07500e-01
post_px250_f25      =  9.07680e-01
pre_px250_f50       =  1.81500e+00
post_px250_f50      =  1.81507e+00
pre_px250_f75       =  2.72250e+00
post_px250_f75      =  2.72277e+00
pre_px250_f100      =  3.63000e+00
post_px250_f100     =  3.63045e+00
end_px250_f100      =  3.63045e+00
acq_px250           =  3.62999e+00
m_ped_tg1_f00_mv = -2.644067189e+00
m_ped_tg1_f25_mv = -1.607600000e+00
m_ped_tg1_f50_mv = 9.2200000000e-01
m_ped_tg1_f75_mv = 3.5760000000e+00
m_ped_tg1_f100_mv = 6.3190000000e+00
m_gain_tg1_lsb = 2.5284244631e+00
m_nl_tg1_lsb = 3.3972528902e-01
m_nldiff_tg1_lsb = 1.9804848469e-01
m_droop_tg1_f00_uv = 5.3000000000e-01
m_droop_tg1_f100_uv = 0.0000000000e+00
m_ped_tg4_f00_mv = -1.150582378e+01
m_ped_tg4_f25_mv = -7.126700000e+00
m_ped_tg4_f50_mv = 4.1810000000e+00
m_ped_tg4_f75_mv = 1.6325000000e+01
m_ped_tg4_f100_mv = 2.8181000000e+01
m_gain_tg4_lsb = 1.1195401528e+01
m_nl_tg4_lsb = 1.5635273111e+00
m_nldiff_tg4_lsb = 1.0178752138e+00
m_droop_tg4_f00_uv = 1.4000000000e+00
m_droop_tg4_f100_uv = -1.000000000e+00
m_ped_tg4dum_f00_mv = -4.909344459e+00
m_ped_tg4dum_f25_mv = -2.740100000e+00
m_ped_tg4dum_f50_mv = 1.7830000000e+00
m_ped_tg4dum_f75_mv = 5.8400000000e+00
m_ped_tg4dum_f100_mv = 1.1474000000e+01
m_gain_tg4dum_lsb = 4.6216376654e+00
m_nl_tg4dum_lsb = 5.4347929913e-01
m_nldiff_tg4dum_lsb = 1.0957301301e-01
m_droop_tg4dum_f00_uv = 1.8480000000e+00
m_droop_tg4dum_f100_uv = 0.0000000000e+00
m_acqerr_tg1_lsb = 0.0000000000e+00
m_gain_s20_lsb = 2.4897142060e-01
m_ped_s20_f00_mv = -3.805842351e-01
m_ped_s20_f25_mv = 9.2100000000e-02
m_ped_s20_f50_mv = 1.8900000000e-01
m_ped_s20_f75_mv = -2.000000000e-03
m_ped_s20_f100_mv = 5.0200000000e-01
m_nl_s20_lsb = 7.9932351463e-02
m_nldiff_s20_lsb = 1.5103072407e-01
m_droop_s20_f00_uv = 1.8102000000e+00
m_droop_s20_f100_uv = -1.000000000e+00
m_gain_s10_lsb = -1.881570253e-01
m_gain_s30_lsb = 6.2640213339e-01
m_gain_s50_lsb = 1.2447065298e+00
m_gain_s150_lsb = 2.9496058516e+00
m_gain_d70_lsb = 2.0373251711e+00
m_gain_d85_lsb = 1.1557492950e-01
m_ped_d85_f00_mv = -3.647040958e-01
m_ped_d85_f25_mv = 2.7610000000e-01
m_ped_d85_f50_mv = 1.4900000000e-01
m_ped_d85_f75_mv = -1.306000000e+00
m_ped_d85_f100_mv = 4.5000000000e-02
m_nl_d85_lsb = 3.5221480757e-01
m_nldiff_d85_lsb = 5.0408785042e-01
m_droop_d85_f00_uv = 1.7974000000e+00
m_droop_d85_f100_uv = -1.000000000e+00
m_gain_cx100p_lsb = -4.972193448e-01
m_gain_cx1n_lsb = -6.779718100e-01
m_ped_cxopt_f00_mv = 4.6768789029e-02
m_ped_cxopt_f25_mv = 2.6250000000e-01
m_ped_cxopt_f50_mv = 4.3000000000e-02
m_ped_cxopt_f75_mv = 1.7100000000e-01
m_ped_cxopt_f100_mv = 3.5000000000e-02
m_gain_cxopt_lsb = -3.319900817e-03
m_nl_cxopt_lsb = 6.1686382927e-02
m_nldiff_cxopt_lsb = 2.4151619839e-02
m_droop_cxopt_f00_uv = 1.8075400000e+00
m_droop_cxopt_f100_uv = -1.000000000e+00
m_gain_cx100pl_lsb = -5.142721008e-01
m_gain_cx1nl_lsb = -6.784769667e-01
m_gain_cxoptl_lsb = -7.393955842e-03
m_ped_cxopth_f00_mv = 4.5702400000e-02
m_ped_cxopth_f25_mv = 2.6140000000e-01
m_ped_cxopth_f50_mv = 4.3000000000e-02
m_ped_cxopth_f75_mv = 1.7300000000e-01
m_ped_cxopth_f100_mv = 3.6000000000e-02
m_gain_cxopth_lsb = -2.736985565e-03
m_nl_cxopth_lsb = 6.1531172672e-02
m_nldiff_cxopth_lsb = 2.3568587107e-02
m_droop_cxopth_f00_uv = 1.7539000000e+00
m_droop_cxopth_f100_uv = -9.999999997e-01
m_acqerr_cxopt_lsb = 0.0000000000e+00
m_gain_px1_lsb = 2.5962319464e-02
m_gain_px500_lsb = 1.8170737176e-01
m_ped_px250_f00_mv = -1.858232456e-01
m_ped_px250_f25_mv = 1.8040000000e-01
m_ped_px250_f50_mv = 6.5000000000e-02
m_ped_px250_f75_mv = 2.7300000000e-01
m_ped_px250_f100_mv = 4.5500000000e-01
m_gain_px250_lsb = 1.8077217728e-01
m_nl_px250_lsb = 5.8116212850e-02
m_nldiff_px250_lsb = 6.4264215362e-02
m_droop_px250_f00_uv = 1.8032000000e+00
m_droop_px250_f100_uv = -1.000000000e+00
m_acqerr_px250_lsb = 1.6925619835e-03
Note: Simulation executed from .control section 

Warning: m=xx on .subckt line will override multiplier m hierarchy!

