
Note: Compatibility modes selected: hs a


Circuit: * track-switch-sampling @ fs_27c_3.30v -- generated by sim/harness, do not edit

Doing analysis at TEMP = 27.000000 and TNOM = 27.000000

Using SPARSE 1.3 as Direct Linear Solver

Initial Transient Solution
--------------------------

Node                                   Voltage
----                                   -------
vdd                                        3.3
nclk                                         0
nclkb                                      3.3
nin_f00                                      0
nin_f25                                  0.825
nin_f50                                   1.65
nin_f75                                  2.475
nin_f100                                   3.3
nin_step                                     0
ni_tg1_f00                         3.95854e-09
no_tg1_f00                           0.0999792
ni_tg1_f25                               0.825
no_tg1_f25                             1.64312
ni_tg1_f50                                1.65
no_tg1_f50                             1.64312
ni_tg1_f75                               2.475
no_tg1_f75                             1.64312
ni_tg1_f100                                3.3
no_tg1_f100                            1.64621
ni_tg4_f00                          6.7578e-09
no_tg4_f00                           0.0190964
ni_tg4_f25                               0.825
no_tg4_f25                             1.64312
ni_tg4_f50                                1.65
no_tg4_f50                             1.64312
ni_tg4_f75                               2.475
no_tg4_f75                             1.64312
ni_tg4_f100                                3.3
no_tg4_f100                            1.65541
ni_tg4dum_f00                      9.69428e-09
no_tg4dum_f00                        0.0550687
ni_tg4dum_f25                            0.825
no_tg4dum_f25                           1.6477
ni_tg4dum_f50                             1.65
no_tg4dum_f50                           1.6477
ni_tg4dum_f75                            2.475
no_tg4dum_f75                           1.6477
ni_tg4dum_f100                             3.3
no_tg4dum_f100                         1.65181
ni_s20_f00                         3.87771e-10
no_s20_f00                           0.0550686
ni_s20_f25                               0.825
no_s20_f25                              1.6477
ni_s20_f50                                1.65
no_s20_f50                              1.6477
ni_s20_f75                               2.475
no_s20_f75                              1.6477
ni_s20_f100                                3.3
no_s20_f100                            1.65181
ni_s10_f00                         1.93886e-10
no_s10_f00                           0.0550686
ni_s10_f100                                3.3
no_s10_f100                            1.65181
ni_s30_f00                         5.81657e-10
no_s30_f00                           0.0550686
ni_s30_f100                                3.3
no_s30_f100                            1.65181
ni_s50_f00                         9.69428e-10
no_s50_f00                           0.0550686
ni_s50_f100                                3.3
no_s50_f100                            1.65181
ni_s150_f00                        2.90828e-09
no_s150_f00                          0.0550686
ni_s150_f100                               3.3
no_s150_f100                           1.65181
ni_d70_f00                         9.69428e-09
no_d70_f00                           0.0550687
ni_d70_f100                                3.3
no_d70_f100                            1.65181
ni_d85_f00                         9.69428e-09
no_d85_f00                           0.0550687
ni_d85_f25                               0.825
no_d85_f25                              1.6477
ni_d85_f50                                1.65
no_d85_f50                              1.6477
ni_d85_f75                               2.475
no_d85_f75                              1.6477
ni_d85_f100                                3.3
no_d85_f100                            1.65181
ni_cx100p_f00                      9.69428e-09
no_cx100p_f00                        0.0550687
ni_cx100p_f100                             3.3
no_cx100p_f100                         1.65181
ni_cx1n_f00                        9.69428e-09
no_cx1n_f00                          0.0550687
ni_cx1n_f100                               3.3
no_cx1n_f100                           1.65181
ni_cxopt_f00                       4.84714e-10
no_cxopt_f00                         0.0550686
ni_cxopt_f25                             0.825
no_cxopt_f25                            1.6477
ni_cxopt_f50                              1.65
no_cxopt_f50                            1.6477
ni_cxopt_f75                             2.475
no_cxopt_f75                            1.6477
ni_cxopt_f100                              3.3
no_cxopt_f100                          1.65181
ni_cx100pl_f00                     4.84714e-10
no_cx100pl_f00                       0.0550686
ni_cx100pl_f100                            3.3
no_cx100pl_f100                        1.65181
ni_cx1nl_f00                       4.84714e-10
no_cx1nl_f00                         0.0550686
ni_cx1nl_f100                              3.3
no_cx1nl_f100                          1.65181
ni_cxopth_f00                      9.69428e-09
no_cxopth_f00                        0.0550687
ni_cxopth_f25                            0.825
no_cxopth_f25                           1.6477
ni_cxopth_f50                             1.65
no_cxopth_f50                           1.6477
ni_cxopth_f75                            2.475
no_cxopth_f75                           1.6477
ni_cxopth_f100                             3.3
no_cxopth_f100                         1.65181
ni_cxoptl_f00                      1.93886e-11
no_cxoptl_f00                        0.0550686
ni_cxoptl_f100                             3.3
no_cxoptl_f100                         1.65181
ni_px250_f00                       4.84714e-09
no_px250_f00                         0.0550687
ni_px250_f25                             0.825
no_px250_f25                            1.6477
ni_px250_f50                              1.65
no_px250_f50                            1.6477
ni_px250_f75                             2.475
no_px250_f75                            1.6477
ni_px250_f100                              3.3
no_px250_f100                          1.65181
ni_px1_f00                         1.93886e-11
no_px1_f00                           0.0550686
ni_px1_f100                                3.3
no_px1_f100                            1.65181
ni_px500_f00                       9.69428e-09
no_px500_f00                         0.0550687
ni_px500_f100                              3.3
no_px500_f100                          1.65181
ni_tg1_step                        3.95854e-09
no_tg1_step                          0.0999792
ni_cxopt_step                      4.84714e-10
no_cxopt_step                        0.0550686
ni_px250_step                      4.84714e-09
no_px250_step                        0.0550687
vin_step#branch                    4.66942e-11
vin_f100#branch                   -6.68835e-11
vin_f75#branch                       -1.32e-11
vin_f50#branch                     5.20237e-17
vin_f25#branch                     1.35987e-11
vin_f00#branch                     3.70427e-10
vclkb#branch                                 0
vclk#branch                                  0
vsup#branch                       -6.54072e-10

 Reference value :  0.00000e+00
 Reference value :  6.54323e-09
 Reference value :  3.51432e-08
 Reference value :  6.41432e-08
 Reference value :  9.23432e-08
 Reference value :  1.21143e-07
 Reference value :  1.49943e-07
 Reference value :  1.77943e-07
 Reference value :  2.06543e-07
 Reference value :  2.34943e-07
 Reference value :  2.64143e-07
 Reference value :  2.92743e-07
 Reference value :  3.02650e-07
 Reference value :  3.32250e-07
 Reference value :  3.61050e-07
 Reference value :  3.89250e-07
 Reference value :  4.18450e-07
 Reference value :  4.46850e-07
 Reference value :  4.76250e-07
 Reference value :  5.05650e-07
 Reference value :  5.34450e-07
 Reference value :  5.64050e-07
 Reference value :  5.94250e-07
 Reference value :  6.24650e-07
 Reference value :  6.54250e-07
 Reference value :  6.82050e-07
 Reference value :  7.03546e-07
 Reference value :  7.31746e-07
 Reference value :  7.60746e-07
 Reference value :  7.89746e-07
 Reference value :  8.17746e-07
 Reference value :  8.46546e-07
 Reference value :  8.75146e-07
 Reference value :  9.04746e-07
 Reference value :  9.33946e-07
 Reference value :  9.63146e-07
 Reference value :  9.91946e-07
 Reference value :  1.00133e-06
 Reference value :  1.02751e-06
 Reference value :  1.05671e-06
 Reference value :  1.08471e-06
 Reference value :  1.11351e-06
 Reference value :  1.14211e-06
 Reference value :  1.16951e-06
 Reference value :  1.19911e-06
 Reference value :  1.22791e-06
 Reference value :  1.25711e-06
 Reference value :  1.28691e-06
 Reference value :  1.30128e-06
 Reference value :  1.33114e-06
 Reference value :  1.36194e-06
 Reference value :  1.39254e-06
 Reference value :  1.42114e-06
 Reference value :  1.45014e-06
 Reference value :  1.48074e-06
 Reference value :  1.50934e-06
 Reference value :  1.53794e-06
 Reference value :  1.56774e-06
 Reference value :  1.59694e-06
 Reference value :  1.62674e-06
 Reference value :  1.65614e-06
 Reference value :  1.68534e-06
 Reference value :  1.71394e-06
 Reference value :  1.74254e-06
 Reference value :  1.77154e-06
 Reference value :  1.80174e-06
 Reference value :  1.83094e-06
 Reference value :  1.86174e-06
 Reference value :  1.89114e-06
 Reference value :  1.92034e-06
 Reference value :  1.96394e-06
 Reference value :  1.99714e-06
No. of Data Rows : 10262
vddm                =  3.30000e+00
pre_tg1_f00         =  3.80036e-09
post_tg1_f00        =  -2.20089e-03
end_tg1_f00         =  -2.20057e-03
pre_tg1_f25         =  8.25000e-01
post_tg1_f25        =  8.23693e-01
end_tg1_f25         =  8.23694e-01
pre_tg1_f50         =  1.65000e+00
post_tg1_f50        =  1.65067e+00
end_tg1_f50         =  1.65067e+00
pre_tg1_f75         =  2.47500e+00
post_tg1_f75        =  2.47797e+00
end_tg1_f75         =  2.47797e+00
pre_tg1_f100        =  3.30000e+00
post_tg1_f100       =  3.30549e+00
end_tg1_f100        =  3.30549e+00
pre_tg4_f00         =  3.43252e-09
post_tg4_f00        =  -9.56852e-03
end_tg4_f00         =  -9.56763e-03
pre_tg4_f25         =  8.25000e-01
post_tg4_f25        =  8.19200e-01
end_tg4_f25         =  8.19200e-01
pre_tg4_f50         =  1.65000e+00
post_tg4_f50        =  1.65302e+00
end_tg4_f50         =  1.65302e+00
pre_tg4_f75         =  2.47500e+00
post_tg4_f75        =  2.48864e+00
end_tg4_f75         =  2.48864e+00
pre_tg4_f100        =  3.30000e+00
post_tg4_f100       =  3.32471e+00
end_tg4_f100        =  3.32471e+00
pre_tg4dum_f00      =  8.91812e-09
post_tg4dum_f00     =  -4.09654e-03
end_tg4dum_f00      =  -4.09543e-03
pre_tg4dum_f25      =  8.25000e-01
post_tg4dum_f25     =  8.22722e-01
end_tg4dum_f25      =  8.22722e-01
pre_tg4dum_f50      =  1.65000e+00
post_tg4dum_f50     =  1.65129e+00
end_tg4dum_f50      =  1.65129e+00
pre_tg4dum_f75      =  2.47500e+00
post_tg4dum_f75     =  2.47956e+00
end_tg4dum_f75      =  2.47956e+00
pre_tg4dum_f100     =  3.30000e+00
post_tg4dum_f100    =  3.30969e+00
end_tg4dum_f100     =  3.30969e+00
acq_tg1             =  3.30000e+00
pre_s20_f00         =  8.37345e-10
post_s20_f00        =  -3.14999e-04
end_s20_f00         =  -3.14026e-04
pre_s20_f25         =  8.25000e-01
post_s20_f25        =  8.25120e-01
pre_s20_f50         =  1.65000e+00
post_s20_f50        =  1.65013e+00
pre_s20_f75         =  2.47500e+00
post_s20_f75        =  2.47511e+00
pre_s20_f100        =  3.30000e+00
post_s20_f100       =  3.30020e+00
end_s20_f100        =  3.30020e+00
pre_s10_f00         =  6.68996e-10
post_s10_f00        =  9.71394e-05
pre_s10_f100        =  3.30000e+00
post_s10_f100       =  3.29933e+00
pre_s30_f00         =  1.00569e-09
post_s30_f00        =  -6.67302e-04
pre_s30_f100        =  3.30000e+00
post_s30_f100       =  3.30096e+00
pre_s50_f00         =  1.34239e-09
post_s50_f00        =  -1.23564e-03
pre_s50_f100        =  3.30000e+00
post_s50_f100       =  3.30222e+00
pre_s150_f00        =  3.02589e-09
post_s150_f00       =  -2.73532e-03
pre_s150_f100       =  3.30000e+00
post_s150_f100      =  3.30586e+00
pre_d70_f00         =  9.69043e-09
post_d70_f00        =  -1.93740e-03
pre_d70_f100        =  3.30000e+00
post_d70_f100       =  3.30380e+00
pre_d85_f00         =  1.02697e-08
post_d85_f00        =  -3.28552e-04
end_d85_f00         =  -3.27584e-04
pre_d85_f25         =  8.25000e-01
post_d85_f25        =  8.25143e-01
pre_d85_f50         =  1.65000e+00
post_d85_f50        =  1.65012e+00
pre_d85_f75         =  2.47500e+00
post_d85_f75        =  2.47336e+00
pre_d85_f100        =  3.30000e+00
post_d85_f100       =  3.29942e+00
end_d85_f100        =  3.29942e+00
pre_cx100p_f00      =  2.09688e-06
post_cx100p_f00     =  3.72028e-04
pre_cx100p_f100     =  3.29999e+00
post_cx100p_f100    =  3.29865e+00
pre_cx1n_f00        =  6.50343e-05
post_cx1n_f00       =  6.25377e-04
pre_cx1n_f100       =  3.29878e+00
post_cx1n_f100      =  3.29714e+00
pre_cxopt_f00       =  1.30387e-09
post_cxopt_f00      =  4.68611e-05
end_cxopt_f00       =  4.78241e-05
pre_cxopt_f25       =  8.25000e-01
post_cxopt_f25      =  8.25284e-01
pre_cxopt_f50       =  1.65000e+00
post_cxopt_f50      =  1.65002e+00
pre_cxopt_f75       =  2.47500e+00
post_cxopt_f75      =  2.47546e+00
pre_cxopt_f100      =  3.30000e+00
post_cxopt_f100     =  3.30004e+00
end_cxopt_f100      =  3.30004e+00
pre_cx100pl_f00     =  9.21520e-10
post_cx100pl_f00    =  3.88827e-04
pre_cx100pl_f100    =  3.30000e+00
post_cx100pl_f100   =  3.29864e+00
pre_cx1nl_f00       =  1.31902e-09
post_cx1nl_f00      =  5.60645e-04
pre_cx1nl_f100      =  3.30000e+00
post_cx1nl_f100     =  3.29836e+00
pre_cxoptl_f00      =  5.00395e-10
post_cxoptl_f00     =  5.14385e-05
pre_cxoptl_f100     =  3.30000e+00
post_cxoptl_f100    =  3.30003e+00
pre_cxopth_f00      =  6.61964e-05
post_cxopth_f00     =  1.12747e-04
end_cxopth_f00      =  1.13706e-04
pre_cxopth_f25      =  8.25586e-01
post_cxopth_f25     =  8.25870e-01
pre_cxopth_f50      =  1.64999e+00
post_cxopth_f50     =  1.65001e+00
pre_cxopth_f75      =  2.47438e+00
post_cxopth_f75     =  2.47485e+00
pre_cxopth_f100     =  3.29878e+00
post_cxopth_f100    =  3.29882e+00
end_cxopth_f100     =  3.29882e+00
acq_cxopt           =  3.30000e+00
pre_px1_f00         =  5.00395e-10
post_px1_f00        =  1.95117e-05
pre_px1_f100        =  3.30000e+00
post_px1_f100       =  3.30010e+00
pre_px500_f00       =  2.16221e-06
post_px500_f00      =  -1.47029e-04
pre_px500_f100      =  3.29999e+00
post_px500_f100     =  3.30034e+00
pre_px250_f00       =  1.35932e-08
post_px250_f00      =  -1.48070e-04
end_px250_f00       =  -1.47111e-04
pre_px250_f25       =  8.25000e-01
post_px250_f25      =  8.25214e-01
pre_px250_f50       =  1.65000e+00
post_px250_f50      =  1.65004e+00
pre_px250_f75       =  2.47500e+00
post_px250_f75      =  2.47552e+00
pre_px250_f100      =  3.30000e+00
post_px250_f100     =  3.30034e+00
end_px250_f100      =  3.30034e+00
acq_px250           =  3.29999e+00
m_ped_tg1_f00_mv = -2.200894800e+00
m_ped_tg1_f25_mv = -1.306600000e+00
m_ped_tg1_f50_mv = 6.6600000000e-01
m_ped_tg1_f75_mv = 2.9740000000e+00
m_ped_tg1_f100_mv = 5.4880000000e+00
m_gain_tg1_lsb = 2.3858873562e+00
m_nl_tg1_lsb = 3.1896945252e-01
m_nldiff_tg1_lsb = 1.3533947340e-01
m_droop_tg1_f00_uv = 3.2400000000e-01
m_droop_tg1_f100_uv = 0.0000000000e+00
m_ped_tg4_f00_mv = -9.568520433e+00
m_ped_tg4_f25_mv = -5.800000000e+00
m_ped_tg4_f50_mv = 3.0230000000e+00
m_ped_tg4_f75_mv = 1.3644000000e+01
m_ped_tg4_f100_mv = 2.4706000000e+01
m_gain_tg4_lsb = 1.0635487552e+01
m_nl_tg4_lsb = 1.4894885781e+00
m_nldiff_tg4_lsb = 7.1578834501e-01
m_droop_tg4_f00_uv = 8.8400000000e-01
m_droop_tg4_f100_uv = 0.0000000000e+00
m_ped_tg4dum_f00_mv = -4.096548918e+00
m_ped_tg4dum_f25_mv = -2.278300000e+00
m_ped_tg4dum_f50_mv = 1.2940000000e+00
m_ped_tg4dum_f75_mv = 4.5560000000e+00
m_ped_tg4dum_f100_mv = 9.6890000000e+00
m_gain_tg4dum_lsb = 4.2776976037e+00
m_nl_tg4dum_lsb = 5.2336105363e-01
m_nldiff_tg4dum_lsb = 1.8144801841e-02
m_droop_tg4dum_f00_uv = 1.1090000000e+00
m_droop_tg4dum_f100_uv = -1.000000000e+00
m_acqerr_tg1_lsb = 0.0000000000e+00
m_gain_s20_lsb = 1.6011637522e-01
m_ped_s20_f00_mv = -3.150000373e-01
m_ped_s20_f25_mv = 1.2010000000e-01
m_ped_s20_f50_mv = 1.2600000000e-01
m_ped_s20_f75_mv = 1.0800000000e-01
m_ped_s20_f100_mv = 2.0100000000e-01
m_nl_s20_lsb = 9.4983766267e-02
m_nldiff_s20_lsb = 8.3812854279e-02
m_droop_s20_f00_uv = 9.7370000000e-01
m_droop_s20_f100_uv = -1.000000000e+00
m_gain_s10_lsb = -2.377351668e-01
m_gain_s30_lsb = 5.0495711595e-01
m_gain_s50_lsb = 1.0729168965e+00
m_gain_s150_lsb = 2.6659132589e+00
m_gain_d70_lsb = 1.7794047039e+00
m_gain_d85_lsb = -7.740140772e-02
m_ped_d85_f00_mv = -3.285618697e-01
m_ped_d85_f25_mv = 1.4250000000e-01
m_ped_d85_f50_mv = 1.1500000000e-01
m_ped_d85_f75_mv = -1.638000000e+00
m_ped_d85_f100_mv = -5.780000000e-01
m_nl_d85_lsb = 3.4827156405e-01
m_nldiff_d85_lsb = 5.1379384160e-01
m_droop_d85_f00_uv = 9.6740000000e-01
m_droop_d85_f100_uv = -9.999999997e-01
m_gain_cx100p_lsb = -5.302863497e-01
m_gain_cx1n_lsb = -6.827730727e-01
m_ped_cxopt_f00_mv = 4.6859746129e-02
m_ped_cxopt_f25_mv = 2.8440000000e-01
m_ped_cxopt_f50_mv = 2.3000000000e-02
m_ped_cxopt_f75_mv = 4.6300000000e-01
m_ped_cxopt_f100_mv = 3.9000000000e-02
m_gain_cxopt_lsb = -2.438903041e-03
m_nl_cxopt_lsb = 1.3095875909e-01
m_nldiff_cxopt_lsb = 5.6639572733e-02
m_droop_cxopt_f00_uv = 9.6309000000e-01
m_droop_cxopt_f100_uv = -1.000000000e+00
m_gain_cx100pl_lsb = -5.442175157e-01
m_gain_cx1nl_lsb = -6.834869779e-01
m_gain_cxoptl_lsb = -5.721376459e-03
m_ped_cxopth_f00_mv = 4.6550390000e-02
m_ped_cxopth_f25_mv = 2.8340000000e-01
m_ped_cxopth_f50_mv = 2.3000000000e-02
m_ped_cxopth_f75_mv = 4.6400000000e-01
m_ped_cxopth_f100_mv = 4.1000000000e-02
m_gain_cxopth_lsb = -1.722302836e-03
m_nl_cxopth_lsb = 1.3082760611e-01
m_nldiff_cxopth_lsb = 5.6901878691e-02
m_droop_cxopth_f00_uv = 9.5870000000e-01
m_droop_cxopth_f100_uv = -1.000000000e+00
m_acqerr_cxopt_lsb = 0.0000000000e+00
m_gain_px1_lsb = 2.4045018886e-02
m_gain_px500_lsb = 1.5334903001e-01
m_ped_px250_f00_mv = -1.480837932e-01
m_ped_px250_f25_mv = 2.1400000000e-01
m_ped_px250_f50_mv = 4.0000000000e-02
m_ped_px250_f75_mv = 5.2300000000e-01
m_ped_px250_f100_mv = 3.4400000000e-01
m_gain_px250_lsb = 1.5269509221e-01
m_nl_px250_lsb = 9.3718015476e-02
m_nldiff_px250_lsb = 1.9536090261e-02
m_droop_px250_f00_uv = 9.5960000000e-01
m_droop_px250_f100_uv = -1.000000000e+00
m_acqerr_px250_lsb = 1.5515151515e-03
Note: Simulation executed from .control section 

Warning: m=xx on .subckt line will override multiplier m hierarchy!

