
Note: No compatibility mode selected!


Circuit: * comparator-kickback @ sf_125c_2.97v -- generated by sim/harness, do not edit

Doing analysis at TEMP = 125.000000 and TNOM = 27.000000

Using SPARSE 1.3 as Direct Linear Solver

Initial Transient Solution
--------------------------

Node                                   Voltage
----                                   -------
vdd                                       2.97
clk                                          0
sa_p                                   1.65081
sa_n                                   1.64919
tpa                                    1.65081
tna                                    1.64919
ibna                                  0.760492
xa.xpre.ptail                         0.768531
xa.pon                                 2.23998
xa.preamp_in1                          1.65081
xa.pop                                 2.25924
xa.preamp_in2                          1.64919
xa.xpre.xrlp.11                        2.96972
xa.xpre.xrlp.21                        2.25952
xa.xpre.xrln.11                        2.96972
xa.xpre.xrln.21                        2.24026
xa.xlat.ltail                          1.67807
xa.xlat.dip                               2.97
xa.xlat.din                               2.97
xa.outn                                   2.97
xa.outp                                   2.97
xa.sset                            7.27859e-08
xa.srst                            7.27859e-08
xa.xno1.ps                              2.7878
douta                                  1.35733
doutba                                 1.35733
xa.xno2.ps                              2.7878
sb_p                                       1.7
sb_n                                       1.6
tpb                                        1.7
tnb                                        1.6
ibnb                                  0.760492
xb.xpre.ptail                          0.78155
xb.pon                                 1.74925
xb.preamp_in1                              1.7
xb.pop                                 2.74955
xb.preamp_in2                              1.6
xb.xpre.xrlp.11                        2.96991
xb.xpre.xrlp.21                        2.74963
xb.xpre.xrln.11                        2.96953
xb.xpre.xrln.21                        1.74972
xb.xlat.ltail                          2.06016
xb.xlat.dip                               2.97
xb.xlat.din                               2.97
xb.outn                                   2.97
xb.outp                                   2.97
xb.sset                            7.27859e-08
xb.srst                            7.27859e-08
xb.xno1.ps                              2.7878
doutb                                  1.35733
doutbb                                 1.35733
xb.xno2.ps                              2.7878
dan                                   0.457014
dbn                                   0.457014
bdbn#branch                                  0
bdan#branch                                  0
v.xb.vpn#branch                              0
v.xb.vpp#branch                              0
vsb_n#branch                                 0
vsb_p#branch                                 0
v.xa.vpn#branch                              0
v.xa.vpp#branch                              0
vsa_n#branch                                 0
vsa_p#branch                                 0
vclk#branch                                  0
vsup#branch                       -0.000882685

 Reference value :  0.00000e+00
 Reference value :  4.00000e-11
 Reference value :  6.40000e-10
 Reference value :  4.28000e-09
 Reference value :  7.28000e-09
 Reference value :  1.00000e-08
 Reference value :  1.00012e-08
 Reference value :  1.00136e-08
 Reference value :  1.00381e-08
 Reference value :  1.00672e-08
 Reference value :  1.00804e-08
 Reference value :  1.01018e-08
 Reference value :  1.01150e-08
 Reference value :  1.01311e-08
 Reference value :  1.01355e-08
 Reference value :  1.01392e-08
 Reference value :  1.01408e-08
 Reference value :  1.01444e-08
 Reference value :  1.01484e-08
 Reference value :  1.01536e-08
 Reference value :  1.01598e-08
 Reference value :  1.01641e-08
 Reference value :  1.01659e-08
 Reference value :  1.01691e-08
 Reference value :  1.01708e-08
 Reference value :  1.01750e-08
 Reference value :  1.01768e-08
 Reference value :  1.01838e-08
 Reference value :  1.01949e-08
 Reference value :  1.02005e-08
 Reference value :  1.02080e-08
 Reference value :  1.02269e-08
 Reference value :  1.02483e-08
 Reference value :  1.02789e-08
 Reference value :  1.02867e-08
 Reference value :  1.02919e-08
 Reference value :  1.03046e-08
 Reference value :  1.03390e-08
 Reference value :  1.03786e-08
 Reference value :  1.04091e-08
 Reference value :  1.04406e-08
 Reference value :  1.04671e-08
 Reference value :  1.04775e-08
 Reference value :  1.04863e-08
 Reference value :  1.05213e-08
 Reference value :  1.05505e-08
 Reference value :  1.05767e-08
 Reference value :  1.05852e-08
 Reference value :  1.06000e-08
 Reference value :  1.06168e-08
 Reference value :  1.06390e-08
 Reference value :  1.06671e-08
 Reference value :  1.06781e-08
 Reference value :  1.06974e-08
 Reference value :  1.07181e-08
 Reference value :  1.07480e-08
 Reference value :  1.07922e-08
 Reference value :  1.08922e-08
 Reference value :  1.09850e-08
 Reference value :  1.12066e-08
 Reference value :  1.17149e-08
 Reference value :  1.31672e-08
 Reference value :  1.51672e-08
 Reference value :  1.81672e-08
 Reference value :  2.11672e-08
 Reference value :  2.41672e-08
 Reference value :  2.71672e-08
 Reference value :  3.01672e-08
 Reference value :  3.31672e-08
 Reference value :  3.61672e-08
 Reference value :  3.91672e-08
 Reference value :  4.12500e-08
 Reference value :  4.12508e-08
 Reference value :  4.12558e-08
 Reference value :  4.12608e-08
 Reference value :  4.12728e-08
 Reference value :  4.13006e-08
 Reference value :  4.13509e-08
 Reference value :  4.14166e-08
 Reference value :  4.14308e-08
 Reference value :  4.14501e-08
 Reference value :  4.14522e-08
 Reference value :  4.14682e-08
 Reference value :  4.15016e-08
 Reference value :  4.15552e-08
 Reference value :  4.15709e-08
 Reference value :  4.15810e-08
 Reference value :  4.15887e-08
 Reference value :  4.15955e-08
 Reference value :  4.16091e-08
 Reference value :  4.16256e-08
 Reference value :  4.16348e-08
 Reference value :  4.16542e-08
 Reference value :  4.16842e-08
 Reference value :  4.16986e-08
 Reference value :  4.17137e-08
 Reference value :  4.17642e-08
 Reference value :  4.18229e-08
 Reference value :  4.18382e-08
 Reference value :  4.18675e-08
 Reference value :  4.19193e-08
 Reference value :  4.19617e-08
 Reference value :  4.20119e-08
 Reference value :  4.20773e-08
 Reference value :  4.21683e-08
 Reference value :  4.23119e-08
 Reference value :  4.27489e-08
 Reference value :  4.35111e-08
 Reference value :  4.49100e-08
 Reference value :  4.78336e-08
 Reference value :  5.08336e-08
 Reference value :  5.28336e-08
 Reference value :  5.58336e-08
 Reference value :  5.88336e-08
 Reference value :  6.28336e-08
 Reference value :  6.68336e-08
 Reference value :  6.98336e-08
 Reference value :  7.25000e-08
 Reference value :  7.25012e-08
 Reference value :  7.25134e-08
 Reference value :  7.25379e-08
 Reference value :  7.25674e-08
 Reference value :  7.25812e-08
 Reference value :  7.26029e-08
 Reference value :  7.26090e-08
 Reference value :  7.26203e-08
 Reference value :  7.26301e-08
 Reference value :  7.26318e-08
 Reference value :  7.26340e-08
 Reference value :  7.26369e-08
 Reference value :  7.26400e-08
 Reference value :  7.26417e-08
 Reference value :  7.26461e-08
 Reference value :  7.26478e-08
 Reference value :  7.26518e-08
 Reference value :  7.26571e-08
 Reference value :  7.26616e-08
 Reference value :  7.26680e-08
 Reference value :  7.26701e-08
 Reference value :  7.26715e-08
 Reference value :  7.26735e-08
 Reference value :  7.26748e-08
 Reference value :  7.26798e-08
 Reference value :  7.26855e-08
 Reference value :  7.26908e-08
 Reference value :  7.27000e-08
 Reference value :  7.27012e-08
 Reference value :  7.27120e-08
 Reference value :  7.27222e-08
 Reference value :  7.27451e-08
 Reference value :  7.27543e-08
 Reference value :  7.27732e-08
 Reference value :  7.27828e-08
 Reference value :  7.27916e-08
 Reference value :  7.28028e-08
 Reference value :  7.28257e-08
 Reference value :  7.28715e-08
 Reference value :  7.28863e-08
 Reference value :  7.29163e-08
 Reference value :  7.29329e-08
 Reference value :  7.29592e-08
 Reference value :  7.29718e-08
 Reference value :  7.30344e-08
 Reference value :  7.30850e-08
 Reference value :  7.31039e-08
 Reference value :  7.31751e-08
 Reference value :  7.32276e-08
 Reference value :  7.32553e-08
 Reference value :  7.33172e-08
 Reference value :  7.34725e-08
 Reference value :  7.37740e-08
 Reference value :  7.47782e-08
 Reference value :  7.77782e-08
 Reference value :  8.07782e-08
 Reference value :  8.27782e-08
 Reference value :  8.57782e-08
 Reference value :  8.87782e-08
 Reference value :  9.17782e-08
 Reference value :  9.57782e-08
 Reference value :  9.87782e-08
 Reference value :  1.01778e-07
 Reference value :  1.03751e-07
 Reference value :  1.03766e-07
 Reference value :  1.03787e-07
 Reference value :  1.03814e-07
 Reference value :  1.03850e-07
 Reference value :  1.03915e-07
 Reference value :  1.03940e-07
 Reference value :  1.03950e-07
 Reference value :  1.03952e-07
 Reference value :  1.03970e-07
 Reference value :  1.04004e-07
 Reference value :  1.04060e-07
 Reference value :  1.04077e-07
 Reference value :  1.04085e-07
 Reference value :  1.04094e-07
 Reference value :  1.04101e-07
 Reference value :  1.04112e-07
 Reference value :  1.04138e-07
 Reference value :  1.04174e-07
 Reference value :  1.04189e-07
 Reference value :  1.04203e-07
 Reference value :  1.04235e-07
 Reference value :  1.04271e-07
 Reference value :  1.04310e-07
 Reference value :  1.04344e-07
 Reference value :  1.04374e-07
 Reference value :  1.04408e-07
 Reference value :  1.04471e-07
 Reference value :  1.04524e-07
 Reference value :  1.04593e-07
 Reference value :  1.04692e-07
 Reference value :  1.04989e-07
 Reference value :  1.05335e-07
 Reference value :  1.06149e-07
 Reference value :  1.07746e-07
 Reference value :  1.09746e-07
 Reference value :  1.12746e-07
 Reference value :  1.15746e-07
 Reference value :  1.19746e-07
 Reference value :  1.22746e-07
 Reference value :  1.25746e-07
 Reference value :  1.28746e-07
 Reference value :  1.31746e-07
 Reference value :  1.35000e-07
No. of Data Rows : 492
ap0                 =  1.65081e+00
an0                 =  1.64919e+00
ap1                 =  1.65081e+00
an1                 =  1.64920e+00
apmin               =  1.65043e+00 at=  1.06781e-08
bp0                 =  1.70000e+00
bn0                 =  1.60000e+00
bp1                 =  1.70000e+00
bn1                 =  1.60000e+00
va_end              =  1.00000e+00
vb_end              =  1.00000e+00
m_kick_diff_small_uv = -9.999999999e-01
m_kick_diff_big_uv = 1.0000000001e+00
m_kick_cm_small_uv = 1.5000000000e+00
m_kick_cm_big_uv = 1.5000000002e+00
m_kick_sigdep_uv = 2.0000000001e+00
m_kick_sigdep_lsb = 6.2059763554e-04
m_kick_diff_small_lsb = 3.1029881774e-04
m_peak_dip_uv = 3.8000000000e+02
m_q_diff_small_fc = -8.829999999e-03
m_dout_small_end = 1.0000000000e+00
m_dout_big_end = 1.0000000000e+00
Note: Simulation executed from .control section 

Note: Starting dynamic gmin stepping
Note: Dynamic gmin stepping completed
