
Note: No compatibility mode selected!


Circuit: * adc-inl-dnl @ cap_ff_27c_3.30v -- generated by sim/harness, do not edit

Reducing trtol to 1 for xspice 'A' devices
Doing analysis at TEMP = 27.000000 and TNOM = 27.000000

Using SPARSE 1.3 as Direct Linear Solver

Initial Transient Solution
--------------------------

Node                                   Voltage
----                                   -------
clk                                          0
cmpclk                                       0
cmpclkb                                    3.3
vddt                                       3.3
vddd                                       3.3
vddc                                       3.3
vrefs                                      3.3
vrefn                                      3.3
vcmn                                      1.65
se_vinp                             0.00402832
se_vinn                                   1.65
se_start                                     0
se_mode                                      0
se_cmp                                 1.36609
se_samp_tp_n                                 0
se_sel_in_n                                  0
se_drdy                                    3.3
se_c9                                        0
se_c8                                        0
se_c7                                        0
se_c6                                        0
se_c5                                        0
se_c4                                        0
se_c3                                        0
se_c2                                        0
se_c1                                        0
se_c0                                        0
se_rel_n_256p                              3.3
se_sel_hi_n_256p                             0
se_sel_lo_n_256p                             0
se_rel_n_128p                              3.3
se_sel_hi_n_128p                             0
se_sel_lo_n_128p                             0
se_rel_n_64p                               3.3
se_sel_hi_n_64p                              0
se_sel_lo_n_64p                              0
se_rel_n_32p                               3.3
se_sel_hi_n_32p                              0
se_sel_lo_n_32p                              0
se_rel_n_16p                               3.3
se_sel_hi_n_16p                              0
se_sel_lo_n_16p                              0
se_rel_n_8p                                3.3
se_sel_hi_n_8p                               0
se_sel_lo_n_8p                               0
se_rel_n_4p                                3.3
se_sel_hi_n_4p                               0
se_sel_lo_n_4p                               0
se_rel_n_2p                                3.3
se_sel_hi_n_2p                               0
se_sel_lo_n_2p                               0
se_rel_n_1p                                3.3
se_sel_hi_n_1p                               0
se_sel_lo_n_1p                               0
se_rel_n_256n                              3.3
se_sel_hi_n_256n                             0
se_sel_lo_n_256n                             0
se_rel_n_128n                              3.3
se_sel_hi_n_128n                             0
se_sel_lo_n_128n                             0
se_rel_n_64n                               3.3
se_sel_hi_n_64n                              0
se_sel_lo_n_64n                              0
se_rel_n_32n                               3.3
se_sel_hi_n_32n                              0
se_sel_lo_n_32n                              0
se_rel_n_16n                               3.3
se_sel_hi_n_16n                              0
se_sel_lo_n_16n                              0
se_rel_n_8n                                3.3
se_sel_hi_n_8n                               0
se_sel_lo_n_8n                               0
se_rel_n_4n                                3.3
se_sel_hi_n_4n                               0
se_sel_lo_n_4n                               0
se_rel_n_2n                                3.3
se_sel_hi_n_2n                               0
se_sel_lo_n_2n                               0
se_rel_n_1n                                3.3
se_sel_hi_n_1n                               0
se_sel_lo_n_1n                               0
se_pinp                             0.00402832
se_pinn                                   1.65
xsetswp.gp                                 3.3
se_topp                                   1.65
xsetswn.gp                                 3.3
se_topn                                   1.65
xsearrp.x256.bp                           1.65
xsearrp.x256.gp_in                         3.3
xsearrp.x256.gp_rel                1.72047e-09
xsearrp.x256.gp_hi                         3.3
xsearrp.x256.gp_lo                         3.3
xsearrp.x128.bp                           1.65
xsearrp.x128.gp_in                         3.3
xsearrp.x128.gp_rel                1.72047e-09
xsearrp.x128.gp_hi                         3.3
xsearrp.x128.gp_lo                         3.3
xsearrp.x64.bp                            1.65
xsearrp.x64.gp_in                          3.3
xsearrp.x64.gp_rel                 1.72047e-09
xsearrp.x64.gp_hi                          3.3
xsearrp.x64.gp_lo                          3.3
xsearrp.x32.bp                            1.65
xsearrp.x32.gp_in                          3.3
xsearrp.x32.gp_rel                 1.72047e-09
xsearrp.x32.gp_hi                          3.3
xsearrp.x32.gp_lo                          3.3
xsearrp.x16.bp                            1.65
xsearrp.x16.gp_in                          3.3
xsearrp.x16.gp_rel                 1.72047e-09
xsearrp.x16.gp_hi                          3.3
xsearrp.x16.gp_lo                          3.3
xsearrp.x8.bp                             1.65
xsearrp.x8.gp_in                           3.3
xsearrp.x8.gp_rel                  1.72047e-09
xsearrp.x8.gp_hi                           3.3
xsearrp.x8.gp_lo                           3.3
xsearrp.x4.bp                             1.65
xsearrp.x4.gp_in                           3.3
xsearrp.x4.gp_rel                  1.72047e-09
xsearrp.x4.gp_hi                           3.3
xsearrp.x4.gp_lo                           3.3
xsearrp.x2.bp                             1.65
xsearrp.x2.gp_in                           3.3
xsearrp.x2.gp_rel                  1.72047e-09
xsearrp.x2.gp_hi                           3.3
xsearrp.x2.gp_lo                           3.3
xsearrp.x1.bp                             1.65
xsearrp.x1.gp_in                           3.3
xsearrp.x1.gp_rel                  1.72047e-09
xsearrp.x1.gp_hi                           3.3
xsearrp.x1.gp_lo                           3.3
xsearrn.x256.bp                           1.65
xsearrn.x256.gp_in                         3.3
xsearrn.x256.gp_rel                1.72047e-09
xsearrn.x256.gp_hi                         3.3
xsearrn.x256.gp_lo                         3.3
xsearrn.x128.bp                           1.65
xsearrn.x128.gp_in                         3.3
xsearrn.x128.gp_rel                1.72047e-09
xsearrn.x128.gp_hi                         3.3
xsearrn.x128.gp_lo                         3.3
xsearrn.x64.bp                            1.65
xsearrn.x64.gp_in                          3.3
xsearrn.x64.gp_rel                 1.72047e-09
xsearrn.x64.gp_hi                          3.3
xsearrn.x64.gp_lo                          3.3
xsearrn.x32.bp                            1.65
xsearrn.x32.gp_in                          3.3
xsearrn.x32.gp_rel                 1.72047e-09
xsearrn.x32.gp_hi                          3.3
xsearrn.x32.gp_lo                          3.3
xsearrn.x16.bp                            1.65
xsearrn.x16.gp_in                          3.3
xsearrn.x16.gp_rel                 1.72047e-09
xsearrn.x16.gp_hi                          3.3
xsearrn.x16.gp_lo                          3.3
xsearrn.x8.bp                             1.65
xsearrn.x8.gp_in                           3.3
xsearrn.x8.gp_rel                  1.72047e-09
xsearrn.x8.gp_hi                           3.3
xsearrn.x8.gp_lo                           3.3
xsearrn.x4.bp                             1.65
xsearrn.x4.gp_in                           3.3
xsearrn.x4.gp_rel                  1.72047e-09
xsearrn.x4.gp_hi                           3.3
xsearrn.x4.gp_lo                           3.3
xsearrn.x2.bp                             1.65
xsearrn.x2.gp_in                           3.3
xsearrn.x2.gp_rel                  1.72047e-09
xsearrn.x2.gp_hi                           3.3
xsearrn.x2.gp_lo                           3.3
xsearrn.x1.bp                             1.65
xsearrn.x1.gp_in                           3.3
xsearrn.x1.gp_rel                  1.72047e-09
xsearrn.x1.gp_hi                           3.3
xsearrn.x1.gp_lo                           3.3
se_ibias                              0.753672
xsecmp.xpre.ptail                     0.759766
xsecmp.pon                             2.52755
xsecmp.preamp_in1                         1.65
xsecmp.pop                             2.52755
xsecmp.preamp_in2                         1.65
xsecmp.xpre.xrlp.11                    3.29957
xsecmp.xpre.xrlp.21                    2.52799
xsecmp.xpre.xrln.11                    3.29957
xsecmp.xpre.xrln.21                    2.52799
xsecmp.xlat.ltail                      1.87063
xsecmp.xlat.dip                            3.3
xsecmp.xlat.din                            3.3
xsecmp.outn                                3.3
xsecmp.outp                                3.3
xsecmp.sset                        6.32069e-09
xsecmp.srst                        6.32069e-09
xsecmp.xno1.ps                         3.08698
se_cmpb                                1.36609
xsecmp.xno2.ps                         3.08698
se_dacp                            1.11022e-16
se_dacn                            1.11022e-16
se_di                                  1.64597
se_err                                  510.75
se_aerrh                                     0
se_code                                      0
bsecode#branch                               0
bseea#branch                                 0
bsee#branch                                  0
bsedi#branch                                 0
bsedacn#branch                               0
bsedacp#branch                               0
lref#branch                        6.07771e-11
v.xsecmp.vpn#branch               -5.68221e-29
v.xsecmp.vpp#branch                7.43831e-28
vsemode#branch                               0
vsestart#branch                              0
vsevinn#branch                               0
vseinp#branch                      5.76163e-11
vcms#branch                       -5.62962e-11
vrefs#branch                      -6.07771e-11
vddc#branch                       -0.000614584
vddd#branch                       -5.47472e-10
vddt#branch                          -1.38e-11
vcmpclkb#branch                              0
vcmpclk#branch                               0
vclk#branch                                  0
a.xsectrl.a_gn#branch_1_0                    0
a.xsectrl.a_gn#branch_1_1                    0
a.xsectrl.a_gn#branch_1_2                    0
a.xsectrl.a_gn#branch_1_3                    0
a.xsectrl.a_gn#branch_1_4                    0
a.xsectrl.a_gn#branch_1_5                    0
a.xsectrl.a_gn#branch_1_6                    0
a.xsectrl.a_gn#branch_1_7                    0
a.xsectrl.a_gn#branch_1_8                    0
a.xsectrl.a_gn#branch_1_9                    0
a.xsectrl.a_gn#branch_1_10                   0
a.xsectrl.a_gn#branch_1_11                   0
a.xsectrl.a_gn#branch_1_12                   0
a.xsectrl.a_gn#branch_1_13                   0
a.xsectrl.a_gn#branch_1_14                   0
a.xsectrl.a_gn#branch_1_15                   0
a.xsectrl.a_gn#branch_1_16                   0
a.xsectrl.a_gn#branch_1_17                   0
a.xsectrl.a_gn#branch_1_18                   0
a.xsectrl.a_gn#branch_1_19                   0
a.xsectrl.a_gn#branch_1_20                   0
a.xsectrl.a_gn#branch_1_21                   0
a.xsectrl.a_gn#branch_1_22                   0
a.xsectrl.a_gn#branch_1_23                   0
a.xsectrl.a_gn#branch_1_24                   0
a.xsectrl.a_gn#branch_1_25                   0
a.xsectrl.a_gn#branch_1_26                   0
a.xsectrl.a_gn#branch_1_27                   0
a.xsectrl.a_gn#branch_1_28                   0
a.xsectrl.a_gn#branch_1_29                   0
a.xsectrl.a_gn#branch_1_30                   0
a.xsectrl.a_gn#branch_1_31                   0
a.xsectrl.a_gn#branch_1_32                   0
a.xsectrl.a_gn#branch_1_33                   0
a.xsectrl.a_gn#branch_1_34                   0
a.xsectrl.a_gn#branch_1_35                   0
a.xsectrl.a_gn#branch_1_36                   0
a.xsectrl.a_gn#branch_1_37                   0
a.xsectrl.a_gn#branch_1_38                   0
a.xsectrl.a_gn#branch_1_39                   0
a.xsectrl.a_gn#branch_1_40                   0
a.xsectrl.a_gn#branch_1_41                   0
a.xsectrl.a_gn#branch_1_42                   0
a.xsectrl.a_gn#branch_1_43                   0
a.xsectrl.a_gn#branch_1_44                   0
a.xsectrl.a_gn#branch_1_45                   0
a.xsectrl.a_gn#branch_1_46                   0
a.xsectrl.a_gn#branch_1_47                   0
a.xsectrl.a_gn#branch_1_48                   0
a.xsectrl.a_gn#branch_1_49                   0
a.xsectrl.a_gn#branch_1_50                   0
a.xsectrl.a_gn#branch_1_51                   0
a.xsectrl.a_gn#branch_1_52                   0
a.xsectrl.a_gn#branch_1_53                   0
a.xsectrl.a_dout#branch_1_0                  0
a.xsectrl.a_dout#branch_1_1                  0
a.xsectrl.a_dout#branch_1_2                  0
a.xsectrl.a_dout#branch_1_3                  0
a.xsectrl.a_dout#branch_1_4                  0
a.xsectrl.a_dout#branch_1_5                  0
a.xsectrl.a_dout#branch_1_6                  0
a.xsectrl.a_dout#branch_1_7                  0
a.xsectrl.a_dout#branch_1_8                  0
a.xsectrl.a_dout#branch_1_9                  0
a.xsectrl.a_dout#branch_1_10                 0
a.xsectrl.a_dout#branch_1_11                 0
a.xsectrl.a_dout#branch_1_12                 0

 Reference value :  5.03200e-10
 Reference value :  6.25650e-08
 Reference value :  1.26056e-07
 Reference value :  1.90020e-07
 Reference value :  2.52753e-07
 Reference value :  3.12510e-07
 Reference value :  3.75101e-07
 Reference value :  4.37809e-07
 Reference value :  5.01432e-07
 Reference value :  5.62770e-07
 Reference value :  6.02590e-07
 Reference value :  6.87600e-07
 Reference value :  7.39562e-07
 Reference value :  7.88434e-07
 Reference value :  8.45071e-07
 Reference value :  9.06463e-07
 Reference value :  1.00016e-06
 Reference value :  1.03172e-06
 Reference value :  1.12521e-06
 Reference value :  1.18794e-06
 Reference value :  1.25302e-06
 Reference value :  1.33181e-06
 Reference value :  1.40637e-06
 Reference value :  1.47358e-06
 Reference value :  1.56271e-06
 Reference value :  1.62803e-06
 Reference value :  1.71928e-06
 Reference value :  1.81272e-06
 Reference value :  1.87510e-06
 Reference value :  1.94635e-06
 Reference value :  2.02214e-06
 Reference value :  2.12510e-06
 Reference value :  2.20735e-06
 Reference value :  2.28132e-06
 Reference value :  2.34392e-06
 Reference value :  2.43756e-06
 Reference value :  2.50046e-06
 Reference value :  2.56288e-06
 Reference value :  2.62742e-06
 Reference value :  2.69034e-06
 Reference value :  2.78126e-06
 Reference value :  2.84390e-06
 Reference value :  2.92533e-06
 Reference value :  3.00227e-06
 Reference value :  3.06310e-06
 Reference value :  3.15665e-06
 Reference value :  3.23847e-06
 Reference value :  3.31262e-06
 Reference value :  3.37506e-06
 Reference value :  3.40658e-06
 Reference value :  3.46883e-06
 Reference value :  3.53137e-06
 Reference value :  3.59381e-06
 Reference value :  3.65647e-06
 Reference value :  3.71901e-06
 Reference value :  3.78164e-06
 Reference value :  3.84410e-06
 Reference value :  3.90675e-06
 Reference value :  3.97069e-06
 Reference value :  4.03137e-06
 Reference value :  4.12520e-06
 Reference value :  4.18977e-06
 Reference value :  4.25304e-06
 Reference value :  4.31512e-06
 Reference value :  4.37762e-06
 Reference value :  4.43998e-06
 Reference value :  4.50045e-06
 Reference value :  4.56257e-06
 Reference value :  4.62514e-06
 Reference value :  4.68750e-06
 Reference value :  4.71922e-06
 Reference value :  4.78140e-06
 Reference value :  4.84378e-06
 Reference value :  4.88108e-06
 Reference value :  4.98599e-06
 Reference value :  5.03125e-06
 Reference value :  5.09376e-06
 Reference value :  5.14601e-06
 Reference value :  5.19019e-06
 Reference value :  5.27484e-06
 Reference value :  5.31503e-06
 Reference value :  5.37584e-06
 Reference value :  5.43795e-06
 Reference value :  5.49394e-06
 Reference value :  5.55583e-06
 Reference value :  5.62549e-06
 Reference value :  5.68790e-06
 Reference value :  5.75088e-06
 Reference value :  5.81305e-06
 Reference value :  5.87506e-06
 Reference value :  5.90646e-06
 Reference value :  5.96919e-06
 Reference value :  6.00938e-06
 Reference value :  6.09389e-06
 Reference value :  6.18763e-06
 Reference value :  6.25034e-06
 Reference value :  6.31256e-06
 Reference value :  6.34461e-06
 Reference value :  6.40633e-06
 Reference value :  6.46903e-06
 Reference value :  6.56281e-06
 Reference value :  6.62511e-06
 Reference value :  6.65776e-06
 Reference value :  6.71955e-06
 Reference value :  6.81287e-06
 Reference value :  6.87749e-06
 Reference value :  6.93788e-06
 Reference value :  7.00264e-06
 Reference value :  7.06257e-06
 Reference value :  7.12520e-06
 Reference value :  7.18797e-06
 Reference value :  7.25044e-06
 Reference value :  7.31279e-06
 Reference value :  7.34695e-06
 Reference value :  7.40671e-06
 Reference value :  7.46897e-06
 Reference value :  7.56251e-06
 Reference value :  7.62727e-06
 Reference value :  7.68871e-06
 Reference value :  7.75239e-06
 Reference value :  7.81289e-06
 Reference value :  7.87542e-06
 Reference value :  7.93796e-06
 Reference value :  8.00273e-06
 Reference value :  8.06301e-06
 Reference value :  8.12565e-06
 Reference value :  8.18815e-06
 Reference value :  8.25055e-06
 Reference value :  8.31494e-06
 Reference value :  8.37750e-06
 Reference value :  8.43977e-06
 Reference value :  8.50489e-06
 Reference value :  8.59395e-06
 Reference value :  8.65739e-06
 Reference value :  8.71895e-06
 Reference value :  8.81260e-06
 Reference value :  8.87566e-06
 Reference value :  8.94158e-06
 Reference value :  9.03135e-06
 Reference value :  9.14806e-06
 Reference value :  9.21442e-06
 Reference value :  9.25299e-06
 Reference value :  9.31546e-06
 Reference value :  9.37727e-06
 Reference value :  9.43787e-06
 Reference value :  9.50040e-06
 Reference value :  9.56500e-06
 Reference value :  9.62769e-06
 Reference value :  9.69026e-06
 Reference value :  9.75253e-06
 Reference value :  9.84043e-06
 Reference value :  9.87823e-06
 Reference value :  1.00001e-05
 Reference value :  1.00313e-05
 Reference value :  1.00957e-05
 Reference value :  1.01882e-05
 Reference value :  1.02813e-05
 Reference value :  1.03450e-05
 Reference value :  1.04377e-05
 Reference value :  1.05025e-05
 Reference value :  1.05938e-05
 Reference value :  1.06876e-05
 Reference value :  1.07526e-05
 Reference value :  1.08441e-05
 Reference value :  1.09350e-05
 Reference value :  1.10001e-05
 Reference value :  1.10314e-05
 Reference value :  1.10942e-05
 Reference value :  1.11899e-05
 Reference value :  1.12813e-05
 Reference value :  1.13183e-05
 Reference value :  1.13981e-05
 Reference value :  1.14688e-05
 Reference value :  1.15030e-05
 Reference value :  1.15652e-05
 Reference value :  1.16275e-05
 Reference value :  1.16902e-05
 Reference value :  1.17574e-05
 Reference value :  1.18263e-05
 Reference value :  1.18776e-05
 Reference value :  1.19688e-05
 Reference value :  1.20029e-05
 Reference value :  1.20636e-05
 Reference value :  1.21563e-05
 Reference value :  1.22188e-05
 Reference value :  1.22531e-05
 Reference value :  1.23150e-05
 Reference value :  1.23773e-05
 Reference value :  1.24400e-05
 Reference value :  1.25313e-05
 Reference value :  1.25938e-05
 Reference value :  1.26283e-05
 Reference value :  1.26900e-05
 Reference value :  1.27794e-05
 Reference value :  1.28151e-05
 Reference value :  1.28754e-05
 Reference value :  1.29069e-05
 Reference value :  1.30001e-05
 Reference value :  1.30314e-05
 Reference value :  1.30940e-05
 Reference value :  1.31569e-05
 Reference value :  1.32459e-05
 Reference value :  1.32816e-05
 Reference value :  1.33442e-05
 Reference value :  1.34063e-05
 Reference value :  1.34401e-05
 Reference value :  1.35004e-05
 Reference value :  1.35625e-05
 Reference value :  1.35939e-05
 Reference value :  1.36564e-05
 Reference value :  1.37188e-05
 Reference value :  1.37813e-05
 Reference value :  1.38444e-05
 Reference value :  1.39064e-05
 Reference value :  1.39842e-05
 Reference value :  1.40315e-05
 Reference value :  1.40939e-05
 Reference value :  1.41567e-05
 Reference value :  1.42193e-05
 Reference value :  1.42816e-05
 Reference value :  1.43440e-05
 Reference value :  1.44067e-05
 Reference value :  1.45002e-05
 Reference value :  1.45440e-05
 Reference value :  1.45939e-05
 Reference value :  1.46536e-05
 Reference value :  1.47193e-05
 Reference value :  1.48127e-05
 Reference value :  1.48445e-05
 Reference value :  1.49067e-05
 Reference value :  1.49857e-05
 Reference value :  1.50318e-05
 Reference value :  1.51253e-05
 Reference value :  1.51901e-05
 Reference value :  1.52529e-05
 Reference value :  1.53149e-05
 Reference value :  1.53757e-05
 Reference value :  1.54400e-05
 Reference value :  1.55034e-05
 Reference value :  1.55781e-05
 Reference value :  1.56282e-05
 Reference value :  1.57190e-05
 Reference value :  1.57814e-05
 Reference value :  1.58750e-05
 Reference value :  1.59377e-05
 Reference value :  1.60024e-05
 Reference value :  1.60628e-05
 Reference value :  1.61255e-05
 Reference value :  1.62188e-05
 Reference value :  1.62530e-05
 Reference value :  1.63152e-05
 Reference value :  1.64063e-05
 Reference value :  1.64400e-05
 Reference value :  1.65024e-05
 Reference value :  1.65650e-05
 Reference value :  1.66275e-05
 Reference value :  1.67073e-05
 Reference value :  1.67526e-05
 Reference value :  1.68152e-05
 Reference value :  1.68776e-05
 Reference value :  1.69688e-05
 Reference value :  1.70313e-05
 Reference value :  1.70939e-05
 Reference value :  1.71568e-05
 Reference value :  1.72504e-05
 Reference value :  1.73150e-05
 Reference value :  1.74063e-05
 Reference value :  1.74445e-05
 Reference value :  1.75314e-05
 Reference value :  1.75938e-05
 Reference value :  1.76285e-05
 Reference value :  1.77188e-05
 Reference value :  1.77813e-05
 Reference value :  1.78439e-05
 Reference value :  1.79377e-05
 Reference value :  1.80027e-05
 Reference value :  1.80629e-05
 Reference value :  1.81563e-05
 Reference value :  1.82191e-05
 Reference value :  1.82817e-05
 Reference value :  1.83750e-05
 Reference value :  1.84378e-05
 Reference value :  1.85003e-05
 Reference value :  1.85633e-05
 Reference value :  1.86274e-05
 Reference value :  1.87188e-05
 Reference value :  1.87813e-05
 Reference value :  1.88281e-05
 Reference value :  1.89064e-05
 Reference value :  1.90001e-05
 Reference value :  1.90436e-05
 Reference value :  1.91253e-05
 Reference value :  1.91900e-05
 Reference value :  1.92529e-05
 Reference value :  1.93129e-05
 Reference value :  1.93775e-05
 Reference value :  1.94401e-05
 Reference value :  1.95032e-05
 Reference value :  1.95650e-05
 Reference value :  1.96273e-05
 Reference value :  1.96878e-05
 Reference value :  1.97525e-05
 Reference value :  1.98149e-05
 Reference value :  1.98752e-05
 Reference value :  1.99378e-05
No. of Data Rows : 49969
e1                  =  1.00729e+00
x1                  =  4.65088e+00 at=  2.28140e-06
cd1                 =  2.00000e+00
e2                  =  9.83801e-01
x2                  =  4.63866e+00 at=  3.28140e-06
cd2                 =  3.00000e+00
e128                =  6.66790e-01
x128                =  3.09727e+00 at=  4.28142e-06
cd128               =  1.28000e+02
e129                =  7.38141e-01
x129                =  3.16027e+00 at=  5.28142e-06
cd129               =  1.29000e+02
e255                =  4.25023e-01
x255                =  1.78342e+00 at=  6.28145e-06
cd255               =  2.55000e+02
e256                =  4.92485e-01
x256                =  1.84385e+00 at=  7.28145e-06
cd256               =  2.56000e+02
e257                =  4.94682e-01
x257                =  1.83075e+00 at=  8.28146e-06
cd257               =  2.57000e+02
e384                =  1.67907e-01
x384                =  9.21479e-01 at=  9.31262e-06
cd384               =  3.84000e+02
e511                =  -6.49153e-02
x511                =  1.38712e+00 at=  1.03439e-05
cd511               =  5.11000e+02
e512                =  -3.70569e-03
x512                =  1.34843e+00 at=  1.13440e-05
cd512               =  5.12000e+02
e513                =  5.61813e-03
x513                =  1.33714e+00 at=  1.23440e-05
cd513               =  5.13000e+02
e640                =  -3.17500e-01
x640                =  1.07435e+00 at=  1.33126e-05
cd640               =  6.39000e+02
e767                =  -5.62468e-01
x767                =  1.86907e+00 at=  1.43126e-05
cd767               =  7.66000e+02
e768                =  -4.99996e-01
x768                =  1.79749e+00 at=  1.53126e-05
cd768               =  7.67000e+02
e769                =  -4.88131e-01
x769                =  1.80385e+00 at=  1.63126e-05
cd769               =  7.68000e+02
e896                =  -8.15880e-01
x896                =  2.70658e+00 at=  1.73126e-05
cd896               =  8.95000e+02
e1022               =  -1.05034e+00
x1022               =  3.57535e+00 at=  1.83126e-05
cd1022              =  1.02100e+03
e1023               =  -9.94845e-01
x1023               =  3.50762e+00 at=  1.93126e-05
cd1023              =  1.02200e+03
vrefhi              =  3.30017e+00 at=  1.73149e-05
vreflo              =  3.29982e+00 at=  1.25690e-05
m_terr_t1_lsb = 1.0072890000e+00
m_decerr_t1_lsb = 4.6508780000e+00
m_code_t1 = 2.0000000000e+00
m_terr_t2_lsb = 9.8380110000e-01
m_decerr_t2_lsb = 4.6386650000e+00
m_code_t2 = 3.0000000000e+00
m_terr_t128_lsb = 6.6678950000e-01
m_decerr_t128_lsb = 3.0972660000e+00
m_code_t128 = 1.2800000000e+02
m_terr_t129_lsb = 7.3814100000e-01
m_decerr_t129_lsb = 3.1602730000e+00
m_code_t129 = 1.2900000000e+02
m_terr_t255_lsb = 4.2502300000e-01
m_decerr_t255_lsb = 1.7834180000e+00
m_code_t255 = 2.5500000000e+02
m_terr_t256_lsb = 4.9248520000e-01
m_decerr_t256_lsb = 1.8438520000e+00
m_code_t256 = 2.5600000000e+02
m_terr_t257_lsb = 4.9468160000e-01
m_decerr_t257_lsb = 1.8307470000e+00
m_code_t257 = 2.5700000000e+02
m_terr_t384_lsb = 1.6790660000e-01
m_decerr_t384_lsb = 9.2147950000e-01
m_code_t384 = 3.8400000000e+02
m_terr_t511_lsb = -6.491531000e-02
m_decerr_t511_lsb = 1.3871170000e+00
m_code_t511 = 5.1100000000e+02
m_terr_t512_lsb = -3.705686000e-03
m_decerr_t512_lsb = 1.3484320000e+00
m_code_t512 = 5.1200000000e+02
m_terr_t513_lsb = 5.6181330000e-03
m_decerr_t513_lsb = 1.3371370000e+00
m_code_t513 = 5.1300000000e+02
m_terr_t640_lsb = -3.175004000e-01
m_decerr_t640_lsb = 1.0743530000e+00
m_code_t640 = 6.3900000000e+02
m_terr_t767_lsb = -5.624680000e-01
m_decerr_t767_lsb = 1.8690700000e+00
m_code_t767 = 7.6600000000e+02
m_terr_t768_lsb = -4.999961000e-01
m_decerr_t768_lsb = 1.7974870000e+00
m_code_t768 = 7.6700000000e+02
m_terr_t769_lsb = -4.881308000e-01
m_decerr_t769_lsb = 1.8038520000e+00
m_code_t769 = 7.6800000000e+02
m_terr_t896_lsb = -8.158801000e-01
m_decerr_t896_lsb = 2.7065790000e+00
m_code_t896 = 8.9500000000e+02
m_terr_t1022_lsb = -1.050338000e+00
m_decerr_t1022_lsb = 3.5753480000e+00
m_code_t1022 = 1.0210000000e+03
m_terr_t1023_lsb = -9.948450000e-01
m_decerr_t1023_lsb = 3.5076190000e+00
m_code_t1023 = 1.0220000000e+03
m_inl_t1_lsb = 0.0000000000e+00
m_inl_t2_lsb = -2.152886477e-02
m_inl_t128_lsb = -9.170202642e-02
m_inl_t129_lsb = -1.839149119e-02
m_inl_t255_lsb = -8.467105284e-02
m_inl_t256_lsb = -1.524981761e-02
m_inl_t257_lsb = -1.109438239e-02
m_inl_t384_lsb = -8.907190881e-02
m_inl_t511_lsb = -7.309634523e-02
m_inl_t512_lsb = -9.927686000e-03
m_inl_t513_lsb = 1.3551682250e-03
m_inl_t640_lsb = -7.296589119e-02
m_inl_t767_lsb = -6.913601761e-02
m_inl_t768_lsb = -4.705082387e-03
m_inl_t769_lsb = 9.1192528376e-03
m_inl_t896_lsb = -6.983257358e-02
m_inl_t1022_lsb = -5.745203523e-02
m_inl_t1023_lsb = -2.220446049e-16
m_dnl_t1_t2_lsb = -2.348790000e-02
m_dnl_t128_t129_lsb = 7.1351500000e-02
m_dnl_t255_t256_lsb = 6.7462200000e-02
m_dnl_t256_t257_lsb = 2.1964000000e-03
m_dnl_t511_t512_lsb = 6.1209624000e-02
m_dnl_t512_t513_lsb = 9.3238190000e-03
m_dnl_t767_t768_lsb = 6.2471900000e-02
m_dnl_t768_t769_lsb = 1.1865300000e-02
m_dnl_t1022_t1023_lsb = 5.5493000000e-02
m_gain_err_lsb = -2.004093035e+00
m_vref_droop_mv = 3.5100000000e-01
Note: Simulation executed from .control section 

Note: Starting dynamic gmin stepping
Note: Dynamic gmin stepping completed
