
Note: No compatibility mode selected!


Circuit: * adc-inl-dnl @ mim_ff_125c_3.63v -- generated by sim/harness, do not edit

Reducing trtol to 1 for xspice 'A' devices
Doing analysis at TEMP = 125.000000 and TNOM = 27.000000

Using SPARSE 1.3 as Direct Linear Solver

Initial Transient Solution
--------------------------

Node                                   Voltage
----                                   -------
clk                                          0
cmpclk                                       0
cmpclkb                                   3.63
vddt                                      3.63
vddd                                      3.63
vddc                                      3.63
vrefs                                     3.63
vrefn                                     3.63
vcmn                                     1.815
se_vinp                             0.00443115
se_vinn                                  1.815
se_start                                     0
se_mode                                      0
se_cmp                                 1.49495
se_samp_tp_n                                 0
se_sel_in_n                                  0
se_drdy                                   3.63
se_c9                                        0
se_c8                                        0
se_c7                                        0
se_c6                                        0
se_c5                                        0
se_c4                                        0
se_c3                                        0
se_c2                                        0
se_c1                                        0
se_c0                                        0
se_rel_n_256p                             3.63
se_sel_hi_n_256p                             0
se_sel_lo_n_256p                             0
se_rel_n_128p                             3.63
se_sel_hi_n_128p                             0
se_sel_lo_n_128p                             0
se_rel_n_64p                              3.63
se_sel_hi_n_64p                              0
se_sel_lo_n_64p                              0
se_rel_n_32p                              3.63
se_sel_hi_n_32p                              0
se_sel_lo_n_32p                              0
se_rel_n_16p                              3.63
se_sel_hi_n_16p                              0
se_sel_lo_n_16p                              0
se_rel_n_8p                               3.63
se_sel_hi_n_8p                               0
se_sel_lo_n_8p                               0
se_rel_n_4p                               3.63
se_sel_hi_n_4p                               0
se_sel_lo_n_4p                               0
se_rel_n_2p                               3.63
se_sel_hi_n_2p                               0
se_sel_lo_n_2p                               0
se_rel_n_1p                               3.63
se_sel_hi_n_1p                               0
se_sel_lo_n_1p                               0
se_rel_n_256n                             3.63
se_sel_hi_n_256n                             0
se_sel_lo_n_256n                             0
se_rel_n_128n                             3.63
se_sel_hi_n_128n                             0
se_sel_lo_n_128n                             0
se_rel_n_64n                              3.63
se_sel_hi_n_64n                              0
se_sel_lo_n_64n                              0
se_rel_n_32n                              3.63
se_sel_hi_n_32n                              0
se_sel_lo_n_32n                              0
se_rel_n_16n                              3.63
se_sel_hi_n_16n                              0
se_sel_lo_n_16n                              0
se_rel_n_8n                               3.63
se_sel_hi_n_8n                               0
se_sel_lo_n_8n                               0
se_rel_n_4n                               3.63
se_sel_hi_n_4n                               0
se_sel_lo_n_4n                               0
se_rel_n_2n                               3.63
se_sel_hi_n_2n                               0
se_sel_lo_n_2n                               0
se_rel_n_1n                               3.63
se_sel_hi_n_1n                               0
se_sel_lo_n_1n                               0
se_pinp                             0.00443133
se_pinn                                  1.815
xsetswp.gp                                3.63
se_topp                                1.81502
xsetswn.gp                                3.63
se_topn                                1.81502
xsearrp.x256.bp                          1.815
xsearrp.x256.gp_in                        3.63
xsearrp.x256.gp_rel                1.08676e-08
xsearrp.x256.gp_hi                        3.63
xsearrp.x256.gp_lo                        3.63
xsearrp.x128.bp                          1.815
xsearrp.x128.gp_in                        3.63
xsearrp.x128.gp_rel                1.08676e-08
xsearrp.x128.gp_hi                        3.63
xsearrp.x128.gp_lo                        3.63
xsearrp.x64.bp                           1.815
xsearrp.x64.gp_in                         3.63
xsearrp.x64.gp_rel                 1.08676e-08
xsearrp.x64.gp_hi                         3.63
xsearrp.x64.gp_lo                         3.63
xsearrp.x32.bp                           1.815
xsearrp.x32.gp_in                         3.63
xsearrp.x32.gp_rel                 1.08676e-08
xsearrp.x32.gp_hi                         3.63
xsearrp.x32.gp_lo                         3.63
xsearrp.x16.bp                           1.815
xsearrp.x16.gp_in                         3.63
xsearrp.x16.gp_rel                 1.08676e-08
xsearrp.x16.gp_hi                         3.63
xsearrp.x16.gp_lo                         3.63
xsearrp.x8.bp                            1.815
xsearrp.x8.gp_in                          3.63
xsearrp.x8.gp_rel                  1.08676e-08
xsearrp.x8.gp_hi                          3.63
xsearrp.x8.gp_lo                          3.63
xsearrp.x4.bp                            1.815
xsearrp.x4.gp_in                          3.63
xsearrp.x4.gp_rel                  1.08676e-08
xsearrp.x4.gp_hi                          3.63
xsearrp.x4.gp_lo                          3.63
xsearrp.x2.bp                            1.815
xsearrp.x2.gp_in                          3.63
xsearrp.x2.gp_rel                  1.08676e-08
xsearrp.x2.gp_hi                          3.63
xsearrp.x2.gp_lo                          3.63
xsearrp.x1.bp                            1.815
xsearrp.x1.gp_in                          3.63
xsearrp.x1.gp_rel                  1.08676e-08
xsearrp.x1.gp_hi                          3.63
xsearrp.x1.gp_lo                          3.63
xsearrn.x256.bp                          1.815
xsearrn.x256.gp_in                        3.63
xsearrn.x256.gp_rel                1.08676e-08
xsearrn.x256.gp_hi                        3.63
xsearrn.x256.gp_lo                        3.63
xsearrn.x128.bp                          1.815
xsearrn.x128.gp_in                        3.63
xsearrn.x128.gp_rel                1.08676e-08
xsearrn.x128.gp_hi                        3.63
xsearrn.x128.gp_lo                        3.63
xsearrn.x64.bp                           1.815
xsearrn.x64.gp_in                         3.63
xsearrn.x64.gp_rel                 1.08676e-08
xsearrn.x64.gp_hi                         3.63
xsearrn.x64.gp_lo                         3.63
xsearrn.x32.bp                           1.815
xsearrn.x32.gp_in                         3.63
xsearrn.x32.gp_rel                 1.08676e-08
xsearrn.x32.gp_hi                         3.63
xsearrn.x32.gp_lo                         3.63
xsearrn.x16.bp                           1.815
xsearrn.x16.gp_in                         3.63
xsearrn.x16.gp_rel                 1.08676e-08
xsearrn.x16.gp_hi                         3.63
xsearrn.x16.gp_lo                         3.63
xsearrn.x8.bp                            1.815
xsearrn.x8.gp_in                          3.63
xsearrn.x8.gp_rel                  1.08676e-08
xsearrn.x8.gp_hi                          3.63
xsearrn.x8.gp_lo                          3.63
xsearrn.x4.bp                            1.815
xsearrn.x4.gp_in                          3.63
xsearrn.x4.gp_rel                  1.08676e-08
xsearrn.x4.gp_hi                          3.63
xsearrn.x4.gp_lo                          3.63
xsearrn.x2.bp                            1.815
xsearrn.x2.gp_in                          3.63
xsearrn.x2.gp_rel                  1.08676e-08
xsearrn.x2.gp_hi                          3.63
xsearrn.x2.gp_lo                          3.63
xsearrn.x1.bp                            1.815
xsearrn.x1.gp_in                          3.63
xsearrn.x1.gp_rel                  1.08676e-08
xsearrn.x1.gp_hi                          3.63
xsearrn.x1.gp_lo                          3.63
se_ibias                              0.678004
xsecmp.xpre.ptail                     0.965819
xsecmp.pon                             2.90521
xsecmp.preamp_in1                      1.81502
xsecmp.pop                             2.90521
xsecmp.preamp_in2                      1.81502
xsecmp.xpre.xrlp.11                    3.62972
xsecmp.xpre.xrlp.21                    2.90549
xsecmp.xpre.xrln.11                    3.62972
xsecmp.xpre.xrln.21                    2.90549
xsecmp.xlat.ltail                      2.23788
xsecmp.xlat.dip                           3.63
xsecmp.xlat.din                           3.63
xsecmp.outn                               3.63
xsecmp.outp                               3.63
xsecmp.sset                        1.89066e-08
xsecmp.srst                        1.89066e-08
xsecmp.xno1.ps                         3.35096
se_cmpb                                1.49495
xsecmp.xno2.ps                         3.35096
se_dacp                           -1.11022e-16
se_dacn                           -1.11022e-16
se_di                                  1.81057
se_err                                  510.75
se_aerrh                                     0
se_code                                      0
bsecode#branch                               0
bseea#branch                                 0
bsee#branch                                  0
bsedi#branch                                 0
bsedacn#branch                               0
bsedacp#branch                               0
lref#branch                        1.75461e-09
v.xsecmp.vpn#branch                1.63585e-27
v.xsecmp.vpp#branch                8.42264e-28
vsemode#branch                               0
vsestart#branch                              0
vsevinn#branch                       3.747e-16
vseinp#branch                      7.18618e-09
vcms#branch                       -2.15218e-08
vrefs#branch                      -1.75461e-09
vddc#branch                       -0.000701437
vddd#branch                       -8.51583e-09
vddt#branch                       -2.95773e-10
vcmpclkb#branch                              0
vcmpclk#branch                               0
vclk#branch                                  0
a.xsectrl.a_gn#branch_1_0                    0
a.xsectrl.a_gn#branch_1_1                    0
a.xsectrl.a_gn#branch_1_2                    0
a.xsectrl.a_gn#branch_1_3                    0
a.xsectrl.a_gn#branch_1_4                    0
a.xsectrl.a_gn#branch_1_5                    0
a.xsectrl.a_gn#branch_1_6                    0
a.xsectrl.a_gn#branch_1_7                    0
a.xsectrl.a_gn#branch_1_8                    0
a.xsectrl.a_gn#branch_1_9                    0
a.xsectrl.a_gn#branch_1_10                   0
a.xsectrl.a_gn#branch_1_11                   0
a.xsectrl.a_gn#branch_1_12                   0
a.xsectrl.a_gn#branch_1_13                   0
a.xsectrl.a_gn#branch_1_14                   0
a.xsectrl.a_gn#branch_1_15                   0
a.xsectrl.a_gn#branch_1_16                   0
a.xsectrl.a_gn#branch_1_17                   0
a.xsectrl.a_gn#branch_1_18                   0
a.xsectrl.a_gn#branch_1_19                   0
a.xsectrl.a_gn#branch_1_20                   0
a.xsectrl.a_gn#branch_1_21                   0
a.xsectrl.a_gn#branch_1_22                   0
a.xsectrl.a_gn#branch_1_23                   0
a.xsectrl.a_gn#branch_1_24                   0
a.xsectrl.a_gn#branch_1_25                   0
a.xsectrl.a_gn#branch_1_26                   0
a.xsectrl.a_gn#branch_1_27                   0
a.xsectrl.a_gn#branch_1_28                   0
a.xsectrl.a_gn#branch_1_29                   0
a.xsectrl.a_gn#branch_1_30                   0
a.xsectrl.a_gn#branch_1_31                   0
a.xsectrl.a_gn#branch_1_32                   0
a.xsectrl.a_gn#branch_1_33                   0
a.xsectrl.a_gn#branch_1_34                   0
a.xsectrl.a_gn#branch_1_35                   0
a.xsectrl.a_gn#branch_1_36                   0
a.xsectrl.a_gn#branch_1_37                   0
a.xsectrl.a_gn#branch_1_38                   0
a.xsectrl.a_gn#branch_1_39                   0
a.xsectrl.a_gn#branch_1_40                   0
a.xsectrl.a_gn#branch_1_41                   0
a.xsectrl.a_gn#branch_1_42                   0
a.xsectrl.a_gn#branch_1_43                   0
a.xsectrl.a_gn#branch_1_44                   0
a.xsectrl.a_gn#branch_1_45                   0
a.xsectrl.a_gn#branch_1_46                   0
a.xsectrl.a_gn#branch_1_47                   0
a.xsectrl.a_gn#branch_1_48                   0
a.xsectrl.a_gn#branch_1_49                   0
a.xsectrl.a_gn#branch_1_50                   0
a.xsectrl.a_gn#branch_1_51                   0
a.xsectrl.a_gn#branch_1_52                   0
a.xsectrl.a_gn#branch_1_53                   0
a.xsectrl.a_dout#branch_1_0                  0
a.xsectrl.a_dout#branch_1_1                  0
a.xsectrl.a_dout#branch_1_2                  0
a.xsectrl.a_dout#branch_1_3                  0
a.xsectrl.a_dout#branch_1_4                  0
a.xsectrl.a_dout#branch_1_5                  0
a.xsectrl.a_dout#branch_1_6                  0
a.xsectrl.a_dout#branch_1_7                  0
a.xsectrl.a_dout#branch_1_8                  0
a.xsectrl.a_dout#branch_1_9                  0
a.xsectrl.a_dout#branch_1_10                 0
a.xsectrl.a_dout#branch_1_11                 0
a.xsectrl.a_dout#branch_1_12                 0

 Reference value :  2.51068e-09
 Reference value :  6.30017e-08
 Reference value :  1.57018e-07
 Reference value :  2.19965e-07
 Reference value :  2.81609e-07
 Reference value :  3.44279e-07
 Reference value :  4.33445e-07
 Reference value :  5.00010e-07
 Reference value :  5.62565e-07
 Reference value :  5.94036e-07
 Reference value :  6.58001e-07
 Reference value :  7.50200e-07
 Reference value :  8.12913e-07
 Reference value :  8.77461e-07
 Reference value :  9.40263e-07
 Reference value :  1.00267e-06
 Reference value :  1.06262e-06
 Reference value :  1.12528e-06
 Reference value :  1.18914e-06
 Reference value :  1.25314e-06
 Reference value :  1.31502e-06
 Reference value :  1.37744e-06
 Reference value :  1.46880e-06
 Reference value :  1.53145e-06
 Reference value :  1.59526e-06
 Reference value :  1.65726e-06
 Reference value :  1.75003e-06
 Reference value :  1.81289e-06
 Reference value :  1.87556e-06
 Reference value :  1.93793e-06
 Reference value :  2.00267e-06
 Reference value :  2.06270e-06
 Reference value :  2.15631e-06
 Reference value :  2.22055e-06
 Reference value :  2.28213e-06
 Reference value :  2.37560e-06
 Reference value :  2.44060e-06
 Reference value :  2.50331e-06
 Reference value :  2.59395e-06
 Reference value :  2.65684e-06
 Reference value :  2.75077e-06
 Reference value :  2.81504e-06
 Reference value :  2.87787e-06
 Reference value :  2.96892e-06
 Reference value :  3.01421e-06
 Reference value :  3.09387e-06
 Reference value :  3.15639e-06
 Reference value :  3.21888e-06
 Reference value :  3.28167e-06
 Reference value :  3.35896e-06
 Reference value :  3.43756e-06
 Reference value :  3.50069e-06
 Reference value :  3.56477e-06
 Reference value :  3.62948e-06
 Reference value :  3.71895e-06
 Reference value :  3.78188e-06
 Reference value :  3.84383e-06
 Reference value :  3.90461e-06
 Reference value :  3.96882e-06
 Reference value :  4.03131e-06
 Reference value :  4.09416e-06
 Reference value :  4.18773e-06
 Reference value :  4.25288e-06
 Reference value :  4.34378e-06
 Reference value :  4.38088e-06
 Reference value :  4.43900e-06
 Reference value :  4.50034e-06
 Reference value :  4.56266e-06
 Reference value :  4.62515e-06
 Reference value :  4.68756e-06
 Reference value :  4.75000e-06
 Reference value :  4.81307e-06
 Reference value :  4.87516e-06
 Reference value :  4.93996e-06
 Reference value :  5.00251e-06
 Reference value :  5.03256e-06
 Reference value :  5.12516e-06
 Reference value :  5.18807e-06
 Reference value :  5.25292e-06
 Reference value :  5.31281e-06
 Reference value :  5.37534e-06
 Reference value :  5.43826e-06
 Reference value :  5.50251e-06
 Reference value :  5.59376e-06
 Reference value :  5.65628e-06
 Reference value :  5.71879e-06
 Reference value :  5.78206e-06
 Reference value :  5.87536e-06
 Reference value :  5.94919e-06
 Reference value :  6.00293e-06
 Reference value :  6.09418e-06
 Reference value :  6.18991e-06
 Reference value :  6.25267e-06
 Reference value :  6.31500e-06
 Reference value :  6.37523e-06
 Reference value :  6.43814e-06
 Reference value :  6.50829e-06
 Reference value :  6.59387e-06
 Reference value :  6.68766e-06
 Reference value :  6.75050e-06
 Reference value :  6.81494e-06
 Reference value :  6.87794e-06
 Reference value :  6.95744e-06
 Reference value :  7.03132e-06
 Reference value :  7.09428e-06
 Reference value :  7.16795e-06
 Reference value :  7.25001e-06
 Reference value :  7.31270e-06
 Reference value :  7.37520e-06
 Reference value :  7.41722e-06
 Reference value :  7.46954e-06
 Reference value :  7.53135e-06
 Reference value :  7.59381e-06
 Reference value :  7.65626e-06
 Reference value :  7.71881e-06
 Reference value :  7.78130e-06
 Reference value :  7.84485e-06
 Reference value :  7.93814e-06
 Reference value :  8.00251e-06
 Reference value :  8.06270e-06
 Reference value :  8.15646e-06
 Reference value :  8.21970e-06
 Reference value :  8.31286e-06
 Reference value :  8.37727e-06
 Reference value :  8.44003e-06
 Reference value :  8.50408e-06
 Reference value :  8.56538e-06
 Reference value :  8.62799e-06
 Reference value :  8.71881e-06
 Reference value :  8.78148e-06
 Reference value :  8.84422e-06
 Reference value :  8.90663e-06
 Reference value :  8.98593e-06
 Reference value :  9.03497e-06
 Reference value :  9.15632e-06
 Reference value :  9.21883e-06
 Reference value :  9.28145e-06
 Reference value :  9.34429e-06
 Reference value :  9.41938e-06
 Reference value :  9.50034e-06
 Reference value :  9.56515e-06
 Reference value :  9.65661e-06
 Reference value :  9.75065e-06
 Reference value :  9.84381e-06
 Reference value :  9.90676e-06
 Reference value :  1.00023e-05
 Reference value :  1.00939e-05
 Reference value :  1.01899e-05
 Reference value :  1.02815e-05
 Reference value :  1.03751e-05
 Reference value :  1.04395e-05
 Reference value :  1.05036e-05
 Reference value :  1.05940e-05
 Reference value :  1.06878e-05
 Reference value :  1.07526e-05
 Reference value :  1.08439e-05
 Reference value :  1.09090e-05
 Reference value :  1.10025e-05
 Reference value :  1.10938e-05
 Reference value :  1.11569e-05
 Reference value :  1.12502e-05
 Reference value :  1.13147e-05
 Reference value :  1.13777e-05
 Reference value :  1.14689e-05
 Reference value :  1.15627e-05
 Reference value :  1.16274e-05
 Reference value :  1.17189e-05
 Reference value :  1.18126e-05
 Reference value :  1.18778e-05
 Reference value :  1.19688e-05
 Reference value :  1.20317e-05
 Reference value :  1.21255e-05
 Reference value :  1.22189e-05
 Reference value :  1.23125e-05
 Reference value :  1.23754e-05
 Reference value :  1.24406e-05
 Reference value :  1.25316e-05
 Reference value :  1.26255e-05
 Reference value :  1.26914e-05
 Reference value :  1.27813e-05
 Reference value :  1.28441e-05
 Reference value :  1.29315e-05
 Reference value :  1.30029e-05
 Reference value :  1.30942e-05
 Reference value :  1.31900e-05
 Reference value :  1.32814e-05
 Reference value :  1.33439e-05
 Reference value :  1.34063e-05
 Reference value :  1.34692e-05
 Reference value :  1.35627e-05
 Reference value :  1.36276e-05
 Reference value :  1.37190e-05
 Reference value :  1.37820e-05
 Reference value :  1.38758e-05
 Reference value :  1.39688e-05
 Reference value :  1.40030e-05
 Reference value :  1.40942e-05
 Reference value :  1.41911e-05
 Reference value :  1.42817e-05
 Reference value :  1.43444e-05
 Reference value :  1.44378e-05
 Reference value :  1.45025e-05
 Reference value :  1.45817e-05
 Reference value :  1.46275e-05
 Reference value :  1.47037e-05
 Reference value :  1.47813e-05
 Reference value :  1.48150e-05
 Reference value :  1.48778e-05
 Reference value :  1.49695e-05
 Reference value :  1.50322e-05
 Reference value :  1.51564e-05
 Reference value :  1.52500e-05
 Reference value :  1.53141e-05
 Reference value :  1.53775e-05
 Reference value :  1.54415e-05
 Reference value :  1.55314e-05
 Reference value :  1.56252e-05
 Reference value :  1.56901e-05
 Reference value :  1.57815e-05
 Reference value :  1.58752e-05
 Reference value :  1.59688e-05
 Reference value :  1.60318e-05
 Reference value :  1.61563e-05
 Reference value :  1.62447e-05
 Reference value :  1.63145e-05
 Reference value :  1.64051e-05
 Reference value :  1.64689e-05
 Reference value :  1.65627e-05
 Reference value :  1.66275e-05
 Reference value :  1.67189e-05
 Reference value :  1.68127e-05
 Reference value :  1.68784e-05
 Reference value :  1.69783e-05
 Reference value :  1.70627e-05
 Reference value :  1.71643e-05
 Reference value :  1.72529e-05
 Reference value :  1.73265e-05
 Reference value :  1.74066e-05
 Reference value :  1.74840e-05
 Reference value :  1.75642e-05
 Reference value :  1.76563e-05
 Reference value :  1.77261e-05
 Reference value :  1.78149e-05
 Reference value :  1.79063e-05
 Reference value :  1.80004e-05
 Reference value :  1.80629e-05
 Reference value :  1.81484e-05
 Reference value :  1.82188e-05
 Reference value :  1.82912e-05
 Reference value :  1.83770e-05
 Reference value :  1.84537e-05
 Reference value :  1.85314e-05
 Reference value :  1.86251e-05
 Reference value :  1.86900e-05
 Reference value :  1.87813e-05
 Reference value :  1.88443e-05
 Reference value :  1.89065e-05
 Reference value :  1.90005e-05
 Reference value :  1.90630e-05
 Reference value :  1.91875e-05
 Reference value :  1.92501e-05
 Reference value :  1.93127e-05
 Reference value :  1.93775e-05
 Reference value :  1.94688e-05
 Reference value :  1.95625e-05
 Reference value :  1.96275e-05
 Reference value :  1.97188e-05
 Reference value :  1.98126e-05
 Reference value :  1.98773e-05
 Reference value :  1.99689e-05
No. of Data Rows : 49727
e1                  =  1.00612e+00
x1                  =  4.57417e+00 at=  2.28141e-06
cd1                 =  2.00000e+00
e2                  =  9.84986e-01
x2                  =  4.56506e+00 at=  3.28141e-06
cd2                 =  3.00000e+00
e128                =  6.64451e-01
x128                =  3.16859e+00 at=  4.28142e-06
cd128               =  1.28000e+02
e129                =  7.38714e-01
x129                =  3.23610e+00 at=  5.28142e-06
cd129               =  1.29000e+02
e255                =  4.22752e-01
x255                =  1.75499e+00 at=  6.28144e-06
cd255               =  2.55000e+02
e256                =  4.92663e-01
x256                =  1.81977e+00 at=  7.28144e-06
cd256               =  2.56000e+02
e257                =  4.95071e-01
x257                =  1.80907e+00 at=  8.28144e-06
cd257               =  2.57000e+02
e384                =  1.65714e-01
x384                =  9.31646e-01 at=  9.28142e-06
cd384               =  3.84000e+02
e511                =  -6.69145e-02
x511                =  1.39168e+00 at=  1.03439e-05
cd511               =  5.11000e+02
e512                =  -3.42713e-03
x512                =  1.32485e+00 at=  1.13439e-05
cd512               =  5.12000e+02
e513                =  6.28354e-03
x513                =  1.31584e+00 at=  1.23439e-05
cd513               =  5.13000e+02
e640                =  -3.19646e-01
x640                =  1.08057e+00 at=  1.32814e-05
cd640               =  6.39000e+02
e767                =  -5.63805e-01
x767                =  1.86912e+00 at=  1.42814e-05
cd767               =  7.66000e+02
e768                =  -4.99539e-01
x768                =  1.79550e+00 at=  1.52814e-05
cd768               =  7.67000e+02
e769                =  -4.87645e-01
x769                =  1.80191e+00 at=  1.62814e-05
cd769               =  7.68000e+02
e896                =  -8.19348e-01
x896                =  2.69624e+00 at=  1.72814e-05
cd896               =  8.95000e+02
e1022               =  -1.05391e+00
x1022               =  3.55288e+00 at=  1.82814e-05
cd1022              =  1.02100e+03
e1023               =  -9.96331e-01
x1023               =  3.48311e+00 at=  1.92814e-05
cd1023              =  1.02200e+03
vrefhi              =  3.63019e+00 at=  1.73149e-05
vreflo              =  3.62980e+00 at=  1.25691e-05
m_terr_t1_lsb = 1.0061200000e+00
m_decerr_t1_lsb = 4.5741690000e+00
m_code_t1 = 2.0000000000e+00
m_terr_t2_lsb = 9.8498620000e-01
m_decerr_t2_lsb = 4.5650620000e+00
m_code_t2 = 3.0000000000e+00
m_terr_t128_lsb = 6.6445120000e-01
m_decerr_t128_lsb = 3.1685850000e+00
m_code_t128 = 1.2800000000e+02
m_terr_t129_lsb = 7.3871440000e-01
m_decerr_t129_lsb = 3.2360980000e+00
m_code_t129 = 1.2900000000e+02
m_terr_t255_lsb = 4.2275150000e-01
m_decerr_t255_lsb = 1.7549930000e+00
m_code_t255 = 2.5500000000e+02
m_terr_t256_lsb = 4.9266320000e-01
m_decerr_t256_lsb = 1.8197660000e+00
m_code_t256 = 2.5600000000e+02
m_terr_t257_lsb = 4.9507070000e-01
m_decerr_t257_lsb = 1.8090710000e+00
m_code_t257 = 2.5700000000e+02
m_terr_t384_lsb = 1.6571380000e-01
m_decerr_t384_lsb = 9.3164640000e-01
m_code_t384 = 3.8400000000e+02
m_terr_t511_lsb = -6.691454000e-02
m_decerr_t511_lsb = 1.3916810000e+00
m_code_t511 = 5.1100000000e+02
m_terr_t512_lsb = -3.427133000e-03
m_decerr_t512_lsb = 1.3248470000e+00
m_code_t512 = 5.1200000000e+02
m_terr_t513_lsb = 6.2835360000e-03
m_decerr_t513_lsb = 1.3158400000e+00
m_code_t513 = 5.1300000000e+02
m_terr_t640_lsb = -3.196463000e-01
m_decerr_t640_lsb = 1.0805750000e+00
m_code_t640 = 6.3900000000e+02
m_terr_t767_lsb = -5.638054000e-01
m_decerr_t767_lsb = 1.8691210000e+00
m_code_t767 = 7.6600000000e+02
m_terr_t768_lsb = -4.995390000e-01
m_decerr_t768_lsb = 1.7955040000e+00
m_code_t768 = 7.6700000000e+02
m_terr_t769_lsb = -4.876446000e-01
m_decerr_t769_lsb = 1.8019100000e+00
m_code_t769 = 7.6800000000e+02
m_terr_t896_lsb = -8.193484000e-01
m_decerr_t896_lsb = 2.6962350000e+00
m_code_t896 = 8.9500000000e+02
m_terr_t1022_lsb = -1.053910000e+00
m_decerr_t1022_lsb = 3.5528790000e+00
m_code_t1022 = 1.0210000000e+03
m_terr_t1023_lsb = -9.963308000e-01
m_decerr_t1023_lsb = 3.4831150000e+00
m_code_t1023 = 1.0220000000e+03
m_inl_t1_lsb = 0.0000000000e+00
m_inl_t2_lsb = -1.917445479e-02
m_inl_t128_lsb = -9.283195890e-02
m_inl_t129_lsb = -1.660941370e-02
m_inl_t255_lsb = -8.569481781e-02
m_inl_t256_lsb = -1.382377260e-02
m_inl_t257_lsb = -9.456927397e-03
m_inl_t384_lsb = -8.997698630e-02
m_inl_t511_lsb = -7.376848521e-02
m_inl_t512_lsb = -8.321733000e-03
m_inl_t513_lsb = 3.3482812055e-03
m_inl_t640_lsb = -7.374471370e-02
m_inl_t767_lsb = -6.906697260e-02
m_inl_t768_lsb = -2.841227397e-03
m_inl_t769_lsb = 1.1012517808e-02
m_inl_t896_lsb = -7.185444110e-02
m_inl_t1022_lsb = -5.953854521e-02
m_inl_t1023_lsb = 2.2204460493e-16
m_dnl_t1_t2_lsb = -2.113380000e-02
m_dnl_t128_t129_lsb = 7.4263200000e-02
m_dnl_t255_t256_lsb = 6.9911700000e-02
m_dnl_t256_t257_lsb = 2.4075000000e-03
m_dnl_t511_t512_lsb = 6.3487407000e-02
m_dnl_t512_t513_lsb = 9.7106690000e-03
m_dnl_t767_t768_lsb = 6.4266400000e-02
m_dnl_t768_t769_lsb = 1.1894400000e-02
m_dnl_t1022_t1023_lsb = 5.7579200000e-02
m_gain_err_lsb = -2.004410145e+00
m_vref_droop_mv = 3.9100000000e-01
Note: Simulation executed from .control section 

Note: Starting dynamic gmin stepping
Note: Dynamic gmin stepping completed
