
Note: No compatibility mode selected!


Circuit: * adc-inl-dnl @ moscap_ff_-40c_3.30v -- generated by sim/harness, do not edit

Reducing trtol to 1 for xspice 'A' devices
Doing analysis at TEMP = -40.000000 and TNOM = 27.000000

Using SPARSE 1.3 as Direct Linear Solver

Initial Transient Solution
--------------------------

Node                                   Voltage
----                                   -------
clk                                          0
cmpclk                                       0
cmpclkb                                    3.3
vddt                                       3.3
vddd                                       3.3
vddc                                       3.3
vrefs                                      3.3
vrefn                                      3.3
vcmn                                      1.65
se_vinp                             0.00402832
se_vinn                                   1.65
se_start                                     0
se_mode                                      0
se_cmp                                 1.37235
se_samp_tp_n                                 0
se_sel_in_n                                  0
se_drdy                                    3.3
se_c9                                        0
se_c8                                        0
se_c7                                        0
se_c6                                        0
se_c5                                        0
se_c4                                        0
se_c3                                        0
se_c2                                        0
se_c1                                        0
se_c0                                        0
se_rel_n_256p                              3.3
se_sel_hi_n_256p                             0
se_sel_lo_n_256p                             0
se_rel_n_128p                              3.3
se_sel_hi_n_128p                             0
se_sel_lo_n_128p                             0
se_rel_n_64p                               3.3
se_sel_hi_n_64p                              0
se_sel_lo_n_64p                              0
se_rel_n_32p                               3.3
se_sel_hi_n_32p                              0
se_sel_lo_n_32p                              0
se_rel_n_16p                               3.3
se_sel_hi_n_16p                              0
se_sel_lo_n_16p                              0
se_rel_n_8p                                3.3
se_sel_hi_n_8p                               0
se_sel_lo_n_8p                               0
se_rel_n_4p                                3.3
se_sel_hi_n_4p                               0
se_sel_lo_n_4p                               0
se_rel_n_2p                                3.3
se_sel_hi_n_2p                               0
se_sel_lo_n_2p                               0
se_rel_n_1p                                3.3
se_sel_hi_n_1p                               0
se_sel_lo_n_1p                               0
se_rel_n_256n                              3.3
se_sel_hi_n_256n                             0
se_sel_lo_n_256n                             0
se_rel_n_128n                              3.3
se_sel_hi_n_128n                             0
se_sel_lo_n_128n                             0
se_rel_n_64n                               3.3
se_sel_hi_n_64n                              0
se_sel_lo_n_64n                              0
se_rel_n_32n                               3.3
se_sel_hi_n_32n                              0
se_sel_lo_n_32n                              0
se_rel_n_16n                               3.3
se_sel_hi_n_16n                              0
se_sel_lo_n_16n                              0
se_rel_n_8n                                3.3
se_sel_hi_n_8n                               0
se_sel_lo_n_8n                               0
se_rel_n_4n                                3.3
se_sel_hi_n_4n                               0
se_sel_lo_n_4n                               0
se_rel_n_2n                                3.3
se_sel_hi_n_2n                               0
se_sel_lo_n_2n                               0
se_rel_n_1n                                3.3
se_sel_hi_n_1n                               0
se_sel_lo_n_1n                               0
se_pinp                             0.00402832
se_pinn                                   1.65
xsetswp.gp                                 3.3
se_topp                                   1.65
xsetswn.gp                                 3.3
se_topn                                   1.65
xsearrp.x256.bp                           1.65
xsearrp.x256.gp_in                         3.3
xsearrp.x256.gp_rel                1.39063e-09
xsearrp.x256.gp_hi                         3.3
xsearrp.x256.gp_lo                         3.3
xsearrp.x128.bp                           1.65
xsearrp.x128.gp_in                         3.3
xsearrp.x128.gp_rel                1.39063e-09
xsearrp.x128.gp_hi                         3.3
xsearrp.x128.gp_lo                         3.3
xsearrp.x64.bp                            1.65
xsearrp.x64.gp_in                          3.3
xsearrp.x64.gp_rel                 1.39063e-09
xsearrp.x64.gp_hi                          3.3
xsearrp.x64.gp_lo                          3.3
xsearrp.x32.bp                            1.65
xsearrp.x32.gp_in                          3.3
xsearrp.x32.gp_rel                 1.39063e-09
xsearrp.x32.gp_hi                          3.3
xsearrp.x32.gp_lo                          3.3
xsearrp.x16.bp                            1.65
xsearrp.x16.gp_in                          3.3
xsearrp.x16.gp_rel                 1.39063e-09
xsearrp.x16.gp_hi                          3.3
xsearrp.x16.gp_lo                          3.3
xsearrp.x8.bp                             1.65
xsearrp.x8.gp_in                           3.3
xsearrp.x8.gp_rel                  1.39063e-09
xsearrp.x8.gp_hi                           3.3
xsearrp.x8.gp_lo                           3.3
xsearrp.x4.bp                             1.65
xsearrp.x4.gp_in                           3.3
xsearrp.x4.gp_rel                  1.39063e-09
xsearrp.x4.gp_hi                           3.3
xsearrp.x4.gp_lo                           3.3
xsearrp.x2.bp                             1.65
xsearrp.x2.gp_in                           3.3
xsearrp.x2.gp_rel                  1.39063e-09
xsearrp.x2.gp_hi                           3.3
xsearrp.x2.gp_lo                           3.3
xsearrp.x1.bp                             1.65
xsearrp.x1.gp_in                           3.3
xsearrp.x1.gp_rel                  1.39063e-09
xsearrp.x1.gp_hi                           3.3
xsearrp.x1.gp_lo                           3.3
xsearrn.x256.bp                           1.65
xsearrn.x256.gp_in                         3.3
xsearrn.x256.gp_rel                1.39063e-09
xsearrn.x256.gp_hi                         3.3
xsearrn.x256.gp_lo                         3.3
xsearrn.x128.bp                           1.65
xsearrn.x128.gp_in                         3.3
xsearrn.x128.gp_rel                1.39063e-09
xsearrn.x128.gp_hi                         3.3
xsearrn.x128.gp_lo                         3.3
xsearrn.x64.bp                            1.65
xsearrn.x64.gp_in                          3.3
xsearrn.x64.gp_rel                 1.39063e-09
xsearrn.x64.gp_hi                          3.3
xsearrn.x64.gp_lo                          3.3
xsearrn.x32.bp                            1.65
xsearrn.x32.gp_in                          3.3
xsearrn.x32.gp_rel                 1.39063e-09
xsearrn.x32.gp_hi                          3.3
xsearrn.x32.gp_lo                          3.3
xsearrn.x16.bp                            1.65
xsearrn.x16.gp_in                          3.3
xsearrn.x16.gp_rel                 1.39063e-09
xsearrn.x16.gp_hi                          3.3
xsearrn.x16.gp_lo                          3.3
xsearrn.x8.bp                             1.65
xsearrn.x8.gp_in                           3.3
xsearrn.x8.gp_rel                  1.39063e-09
xsearrn.x8.gp_hi                           3.3
xsearrn.x8.gp_lo                           3.3
xsearrn.x4.bp                             1.65
xsearrn.x4.gp_in                           3.3
xsearrn.x4.gp_rel                  1.39063e-09
xsearrn.x4.gp_hi                           3.3
xsearrn.x4.gp_lo                           3.3
xsearrn.x2.bp                             1.65
xsearrn.x2.gp_in                           3.3
xsearrn.x2.gp_rel                  1.39063e-09
xsearrn.x2.gp_hi                           3.3
xsearrn.x2.gp_lo                           3.3
xsearrn.x1.bp                             1.65
xsearrn.x1.gp_in                           3.3
xsearrn.x1.gp_rel                  1.39063e-09
xsearrn.x1.gp_hi                           3.3
xsearrn.x1.gp_lo                           3.3
se_ibias                              0.807378
xsecmp.xpre.ptail                     0.705602
xsecmp.pon                             2.47285
xsecmp.preamp_in1                         1.65
xsecmp.pop                             2.47285
xsecmp.preamp_in2                         1.65
xsecmp.xpre.xrlp.11                    3.29926
xsecmp.xpre.xrlp.21                    2.47359
xsecmp.xpre.xrln.11                    3.29926
xsecmp.xpre.xrln.21                    2.47359
xsecmp.xlat.ltail                      1.69608
xsecmp.xlat.dip                            3.3
xsecmp.xlat.din                            3.3
xsecmp.outn                                3.3
xsecmp.outp                                3.3
xsecmp.sset                        5.12728e-09
xsecmp.srst                        5.12728e-09
xsecmp.xno1.ps                         3.10376
se_cmpb                                1.37235
xsecmp.xno2.ps                         3.10376
se_dacp                            1.11022e-16
se_dacn                            1.11022e-16
se_di                                  1.64597
se_err                                  510.75
se_aerrh                                     0
se_code                                      0
bsecode#branch                               0
bseea#branch                                 0
bsee#branch                                  0
bsedi#branch                                 0
bsedacn#branch                               0
bsedacp#branch                               0
lref#branch                        5.96108e-11
v.xsecmp.vpn#branch                2.97097e-28
v.xsecmp.vpp#branch               -5.55424e-28
vsemode#branch                               0
vsestart#branch                              0
vsevinn#branch                               0
vseinp#branch                      4.03248e-11
vcms#branch                       -5.87707e-14
vrefs#branch                      -5.96108e-11
vddc#branch                        -0.00067689
vddd#branch                        -5.3279e-10
vddt#branch                       -1.32618e-11
vcmpclkb#branch                              0
vcmpclk#branch                               0
vclk#branch                                  0
a.xsectrl.a_gn#branch_1_0                    0
a.xsectrl.a_gn#branch_1_1                    0
a.xsectrl.a_gn#branch_1_2                    0
a.xsectrl.a_gn#branch_1_3                    0
a.xsectrl.a_gn#branch_1_4                    0
a.xsectrl.a_gn#branch_1_5                    0
a.xsectrl.a_gn#branch_1_6                    0
a.xsectrl.a_gn#branch_1_7                    0
a.xsectrl.a_gn#branch_1_8                    0
a.xsectrl.a_gn#branch_1_9                    0
a.xsectrl.a_gn#branch_1_10                   0
a.xsectrl.a_gn#branch_1_11                   0
a.xsectrl.a_gn#branch_1_12                   0
a.xsectrl.a_gn#branch_1_13                   0
a.xsectrl.a_gn#branch_1_14                   0
a.xsectrl.a_gn#branch_1_15                   0
a.xsectrl.a_gn#branch_1_16                   0
a.xsectrl.a_gn#branch_1_17                   0
a.xsectrl.a_gn#branch_1_18                   0
a.xsectrl.a_gn#branch_1_19                   0
a.xsectrl.a_gn#branch_1_20                   0
a.xsectrl.a_gn#branch_1_21                   0
a.xsectrl.a_gn#branch_1_22                   0
a.xsectrl.a_gn#branch_1_23                   0
a.xsectrl.a_gn#branch_1_24                   0
a.xsectrl.a_gn#branch_1_25                   0
a.xsectrl.a_gn#branch_1_26                   0
a.xsectrl.a_gn#branch_1_27                   0
a.xsectrl.a_gn#branch_1_28                   0
a.xsectrl.a_gn#branch_1_29                   0
a.xsectrl.a_gn#branch_1_30                   0
a.xsectrl.a_gn#branch_1_31                   0
a.xsectrl.a_gn#branch_1_32                   0
a.xsectrl.a_gn#branch_1_33                   0
a.xsectrl.a_gn#branch_1_34                   0
a.xsectrl.a_gn#branch_1_35                   0
a.xsectrl.a_gn#branch_1_36                   0
a.xsectrl.a_gn#branch_1_37                   0
a.xsectrl.a_gn#branch_1_38                   0
a.xsectrl.a_gn#branch_1_39                   0
a.xsectrl.a_gn#branch_1_40                   0
a.xsectrl.a_gn#branch_1_41                   0
a.xsectrl.a_gn#branch_1_42                   0
a.xsectrl.a_gn#branch_1_43                   0
a.xsectrl.a_gn#branch_1_44                   0
a.xsectrl.a_gn#branch_1_45                   0
a.xsectrl.a_gn#branch_1_46                   0
a.xsectrl.a_gn#branch_1_47                   0
a.xsectrl.a_gn#branch_1_48                   0
a.xsectrl.a_gn#branch_1_49                   0
a.xsectrl.a_gn#branch_1_50                   0
a.xsectrl.a_gn#branch_1_51                   0
a.xsectrl.a_gn#branch_1_52                   0
a.xsectrl.a_gn#branch_1_53                   0
a.xsectrl.a_dout#branch_1_0                  0
a.xsectrl.a_dout#branch_1_1                  0
a.xsectrl.a_dout#branch_1_2                  0
a.xsectrl.a_dout#branch_1_3                  0
a.xsectrl.a_dout#branch_1_4                  0
a.xsectrl.a_dout#branch_1_5                  0
a.xsectrl.a_dout#branch_1_6                  0
a.xsectrl.a_dout#branch_1_7                  0
a.xsectrl.a_dout#branch_1_8                  0
a.xsectrl.a_dout#branch_1_9                  0
a.xsectrl.a_dout#branch_1_10                 0
a.xsectrl.a_dout#branch_1_11                 0
a.xsectrl.a_dout#branch_1_12                 0

 Reference value :  3.12569e-08
 Reference value :  1.25101e-07
 Reference value :  2.18821e-07
 Reference value :  2.91472e-07
 Reference value :  3.75133e-07
 Reference value :  4.39990e-07
 Reference value :  5.31338e-07
 Reference value :  6.25143e-07
 Reference value :  6.90000e-07
 Reference value :  7.81379e-07
 Reference value :  8.45632e-07
 Reference value :  9.37715e-07
 Reference value :  1.00290e-06
 Reference value :  1.09392e-06
 Reference value :  1.18756e-06
 Reference value :  1.25274e-06
 Reference value :  1.31292e-06
 Reference value :  1.37742e-06
 Reference value :  1.46887e-06
 Reference value :  1.56271e-06
 Reference value :  1.62778e-06
 Reference value :  1.71919e-06
 Reference value :  1.81286e-06
 Reference value :  1.87759e-06
 Reference value :  2.00019e-06
 Reference value :  2.06278e-06
 Reference value :  2.15706e-06
 Reference value :  2.25033e-06
 Reference value :  2.31509e-06
 Reference value :  2.40663e-06
 Reference value :  2.50068e-06
 Reference value :  2.59232e-06
 Reference value :  2.68075e-06
 Reference value :  2.75243e-06
 Reference value :  2.84383e-06
 Reference value :  2.92974e-06
 Reference value :  3.00285e-06
 Reference value :  3.09409e-06
 Reference value :  3.18998e-06
 Reference value :  3.28144e-06
 Reference value :  3.37519e-06
 Reference value :  3.44012e-06
 Reference value :  3.53135e-06
 Reference value :  3.59420e-06
 Reference value :  3.68847e-06
 Reference value :  3.78131e-06
 Reference value :  3.84664e-06
 Reference value :  3.93793e-06
 Reference value :  4.00397e-06
 Reference value :  4.12525e-06
 Reference value :  4.21901e-06
 Reference value :  4.31299e-06
 Reference value :  4.38226e-06
 Reference value :  4.46887e-06
 Reference value :  4.56260e-06
 Reference value :  4.62745e-06
 Reference value :  4.71885e-06
 Reference value :  4.81275e-06
 Reference value :  4.87777e-06
 Reference value :  5.00019e-06
 Reference value :  5.06280e-06
 Reference value :  5.15666e-06
 Reference value :  5.25023e-06
 Reference value :  5.31507e-06
 Reference value :  5.40631e-06
 Reference value :  5.46914e-06
 Reference value :  5.56280e-06
 Reference value :  5.62751e-06
 Reference value :  5.71892e-06
 Reference value :  5.81269e-06
 Reference value :  5.87736e-06
 Reference value :  5.96882e-06
 Reference value :  6.03128e-06
 Reference value :  6.12536e-06
 Reference value :  6.21905e-06
 Reference value :  6.31279e-06
 Reference value :  6.37748e-06
 Reference value :  6.46875e-06
 Reference value :  6.55930e-06
 Reference value :  6.62743e-06
 Reference value :  6.71885e-06
 Reference value :  6.81269e-06
 Reference value :  6.87763e-06
 Reference value :  6.97009e-06
 Reference value :  7.06261e-06
 Reference value :  7.15661e-06
 Reference value :  7.25006e-06
 Reference value :  7.31478e-06
 Reference value :  7.37771e-06
 Reference value :  7.46885e-06
 Reference value :  7.56270e-06
 Reference value :  7.62731e-06
 Reference value :  7.71880e-06
 Reference value :  7.81251e-06
 Reference value :  7.87730e-06
 Reference value :  7.96938e-06
 Reference value :  8.04823e-06
 Reference value :  8.15655e-06
 Reference value :  8.21920e-06
 Reference value :  8.31277e-06
 Reference value :  8.37727e-06
 Reference value :  8.44010e-06
 Reference value :  8.53139e-06
 Reference value :  8.62513e-06
 Reference value :  8.69005e-06
 Reference value :  8.78164e-06
 Reference value :  8.87521e-06
 Reference value :  8.96219e-06
 Reference value :  9.03137e-06
 Reference value :  9.15629e-06
 Reference value :  9.25003e-06
 Reference value :  9.31505e-06
 Reference value :  9.39871e-06
 Reference value :  9.46902e-06
 Reference value :  9.56264e-06
 Reference value :  9.62572e-06
 Reference value :  9.71876e-06
 Reference value :  9.81251e-06
 Reference value :  9.87748e-06
 Reference value :  9.97773e-06
 Reference value :  1.00627e-05
 Reference value :  1.01566e-05
 Reference value :  1.02501e-05
 Reference value :  1.03150e-05
 Reference value :  1.04063e-05
 Reference value :  1.04695e-05
 Reference value :  1.05630e-05
 Reference value :  1.06274e-05
 Reference value :  1.06879e-05
 Reference value :  1.07531e-05
 Reference value :  1.08443e-05
 Reference value :  1.09067e-05
 Reference value :  1.10005e-05
 Reference value :  1.10938e-05
 Reference value :  1.11563e-05
 Reference value :  1.12189e-05
 Reference value :  1.12818e-05
 Reference value :  1.13752e-05
 Reference value :  1.14401e-05
 Reference value :  1.15315e-05
 Reference value :  1.16253e-05
 Reference value :  1.16901e-05
 Reference value :  1.17817e-05
 Reference value :  1.18757e-05
 Reference value :  1.19688e-05
 Reference value :  1.20317e-05
 Reference value :  1.21532e-05
 Reference value :  1.22192e-05
 Reference value :  1.23126e-05
 Reference value :  1.23760e-05
 Reference value :  1.24688e-05
 Reference value :  1.25625e-05
 Reference value :  1.26274e-05
 Reference value :  1.27188e-05
 Reference value :  1.27956e-05
 Reference value :  1.28754e-05
 Reference value :  1.29688e-05
 Reference value :  1.30316e-05
 Reference value :  1.31563e-05
 Reference value :  1.32502e-05
 Reference value :  1.33148e-05
 Reference value :  1.33778e-05
 Reference value :  1.34689e-05
 Reference value :  1.35318e-05
 Reference value :  1.36261e-05
 Reference value :  1.37188e-05
 Reference value :  1.38126e-05
 Reference value :  1.38775e-05
 Reference value :  1.40000e-05
 Reference value :  1.40626e-05
 Reference value :  1.41567e-05
 Reference value :  1.42506e-05
 Reference value :  1.43156e-05
 Reference value :  1.44063e-05
 Reference value :  1.44690e-05
 Reference value :  1.45628e-05
 Reference value :  1.46276e-05
 Reference value :  1.46913e-05
 Reference value :  1.47817e-05
 Reference value :  1.48442e-05
 Reference value :  1.49068e-05
 Reference value :  1.50003e-05
 Reference value :  1.50625e-05
 Reference value :  1.51253e-05
 Reference value :  1.51900e-05
 Reference value :  1.52505e-05
 Reference value :  1.53149e-05
 Reference value :  1.53752e-05
 Reference value :  1.54071e-05
 Reference value :  1.54690e-05
 Reference value :  1.55626e-05
 Reference value :  1.55941e-05
 Reference value :  1.56567e-05
 Reference value :  1.57500e-05
 Reference value :  1.58125e-05
 Reference value :  1.58440e-05
 Reference value :  1.59068e-05
 Reference value :  1.60026e-05
 Reference value :  1.60938e-05
 Reference value :  1.61878e-05
 Reference value :  1.62530e-05
 Reference value :  1.63438e-05
 Reference value :  1.64064e-05
 Reference value :  1.64688e-05
 Reference value :  1.65315e-05
 Reference value :  1.66252e-05
 Reference value :  1.66900e-05
 Reference value :  1.67814e-05
 Reference value :  1.68751e-05
 Reference value :  1.69380e-05
 Reference value :  1.70289e-05
 Reference value :  1.71250e-05
 Reference value :  1.72164e-05
 Reference value :  1.72814e-05
 Reference value :  1.73441e-05
 Reference value :  1.74067e-05
 Reference value :  1.74872e-05
 Reference value :  1.75629e-05
 Reference value :  1.76275e-05
 Reference value :  1.76907e-05
 Reference value :  1.77814e-05
 Reference value :  1.78752e-05
 Reference value :  1.79688e-05
 Reference value :  1.80302e-05
 Reference value :  1.80944e-05
 Reference value :  1.81900e-05
 Reference value :  1.82506e-05
 Reference value :  1.83127e-05
 Reference value :  1.83757e-05
 Reference value :  1.84400e-05
 Reference value :  1.85188e-05
 Reference value :  1.86017e-05
 Reference value :  1.86877e-05
 Reference value :  1.87525e-05
 Reference value :  1.88252e-05
 Reference value :  1.89064e-05
 Reference value :  1.90001e-05
 Reference value :  1.90313e-05
 Reference value :  1.90940e-05
 Reference value :  1.91884e-05
 Reference value :  1.92528e-05
 Reference value :  1.93148e-05
 Reference value :  1.93753e-05
 Reference value :  1.94218e-05
 Reference value :  1.94693e-05
 Reference value :  1.95314e-05
 Reference value :  1.96251e-05
 Reference value :  1.96876e-05
 Reference value :  1.97506e-05
 Reference value :  1.98223e-05
 Reference value :  1.99064e-05
No. of Data Rows : 51466
e1                  =  1.00735e+00
x1                  =  4.32669e+00 at=  2.28139e-06
cd1                 =  2.00000e+00
e2                  =  9.83884e-01
x2                  =  4.31358e+00 at=  3.28139e-06
cd2                 =  3.00000e+00
e128                =  6.67617e-01
x128                =  2.86590e+00 at=  4.28142e-06
cd128               =  1.28000e+02
e129                =  7.38278e-01
x129                =  2.93291e+00 at=  5.28142e-06
cd129               =  1.29000e+02
e255                =  4.25485e-01
x255                =  1.70284e+00 at=  6.28145e-06
cd255               =  2.55000e+02
e256                =  4.91954e-01
x256                =  1.76915e+00 at=  7.28145e-06
cd256               =  2.56000e+02
e257                =  4.94353e-01
x257                =  1.76101e+00 at=  8.28145e-06
cd257               =  2.57000e+02
e384                =  1.68292e-01
x384                =  8.47890e-01 at=  9.31261e-06
cd384               =  3.84000e+02
e511                =  -6.34035e-02
x511                =  1.24651e+00 at=  1.03439e-05
cd511               =  5.11000e+02
e512                =  -3.68130e-03
x512                =  1.27539e+00 at=  1.13439e-05
cd512               =  5.12000e+02
e513                =  6.28736e-03
x513                =  1.26937e+00 at=  1.23439e-05
cd513               =  5.13000e+02
e640                =  -3.15288e-01
x640                =  1.00099e+00 at=  1.33126e-05
cd640               =  6.39000e+02
e767                =  -5.60935e-01
x767                =  1.74224e+00 at=  1.43126e-05
cd767               =  7.66000e+02
e768                =  -4.99517e-01
x768                =  1.67110e+00 at=  1.53126e-05
cd768               =  7.67000e+02
e769                =  -4.86644e-01
x769                =  1.67704e+00 at=  1.63126e-05
cd769               =  7.68000e+02
e896                =  -8.14173e-01
x896                =  2.52554e+00 at=  1.73126e-05
cd896               =  8.95000e+02
e1022               =  -1.04858e+00
x1022               =  3.33922e+00 at=  1.83126e-05
cd1022              =  1.02100e+03
e1023               =  -9.96620e-01
x1023               =  3.27176e+00 at=  1.93126e-05
cd1023              =  1.02200e+03
vrefhi              =  3.30019e+00 at=  1.73149e-05
vreflo              =  3.29981e+00 at=  1.25684e-05
m_terr_t1_lsb = 1.0073490000e+00
m_decerr_t1_lsb = 4.3266900000e+00
m_code_t1 = 2.0000000000e+00
m_terr_t2_lsb = 9.8388420000e-01
m_decerr_t2_lsb = 4.3135830000e+00
m_code_t2 = 3.0000000000e+00
m_terr_t128_lsb = 6.6761730000e-01
m_decerr_t128_lsb = 2.8659020000e+00
m_code_t128 = 1.2800000000e+02
m_terr_t129_lsb = 7.3827800000e-01
m_decerr_t129_lsb = 2.9329050000e+00
m_code_t129 = 1.2900000000e+02
m_terr_t255_lsb = 4.2548490000e-01
m_decerr_t255_lsb = 1.7028380000e+00
m_code_t255 = 2.5500000000e+02
m_terr_t256_lsb = 4.9195350000e-01
m_decerr_t256_lsb = 1.7691520000e+00
m_code_t256 = 2.5600000000e+02
m_terr_t257_lsb = 4.9435260000e-01
m_decerr_t257_lsb = 1.7610120000e+00
m_code_t257 = 2.5700000000e+02
m_terr_t384_lsb = 1.6829200000e-01
m_decerr_t384_lsb = 8.4789040000e-01
m_code_t384 = 3.8400000000e+02
m_terr_t511_lsb = -6.340355000e-02
m_decerr_t511_lsb = 1.2465080000e+00
m_code_t511 = 5.1100000000e+02
m_terr_t512_lsb = -3.681300000e-03
m_decerr_t512_lsb = 1.2753920000e+00
m_code_t512 = 5.1200000000e+02
m_terr_t513_lsb = 6.2873630000e-03
m_decerr_t513_lsb = 1.2693670000e+00
m_code_t513 = 5.1300000000e+02
m_terr_t640_lsb = -3.152882000e-01
m_decerr_t640_lsb = 1.0009940000e+00
m_code_t640 = 6.3900000000e+02
m_terr_t767_lsb = -5.609355000e-01
m_decerr_t767_lsb = 1.7422430000e+00
m_code_t767 = 7.6600000000e+02
m_terr_t768_lsb = -4.995166000e-01
m_decerr_t768_lsb = 1.6710950000e+00
m_code_t768 = 7.6700000000e+02
m_terr_t769_lsb = -4.866442000e-01
m_decerr_t769_lsb = 1.6770360000e+00
m_code_t769 = 7.6800000000e+02
m_terr_t896_lsb = -8.141729000e-01
m_decerr_t896_lsb = 2.5255370000e+00
m_code_t896 = 8.9500000000e+02
m_terr_t1022_lsb = -1.048584000e+00
m_decerr_t1022_lsb = 3.3392150000e+00
m_code_t1022 = 1.0210000000e+03
m_terr_t1023_lsb = -9.966201000e-01
m_decerr_t1023_lsb = 3.2717620000e+00
m_code_t1023 = 1.0220000000e+03
m_inl_t1_lsb = 0.0000000000e+00
m_inl_t2_lsb = -2.150396918e-02
m_inl_t128_lsb = -9.070618562e-02
m_inl_t129_lsb = -1.808465479e-02
m_inl_t255_lsb = -8.381307123e-02
m_inl_t256_lsb = -1.538364041e-02
m_inl_t257_lsb = -1.102370959e-02
m_inl_t384_lsb = -8.805879521e-02
m_inl_t511_lsb = -7.072883082e-02
m_inl_t512_lsb = -9.045750000e-03
m_inl_t513_lsb = 2.8837438219e-03
m_inl_t640_lsb = -6.966630479e-02
m_inl_t767_lsb = -6.628809041e-02
m_inl_t768_lsb = -2.908359589e-03
m_inl_t769_lsb = 1.1924871233e-02
m_inl_t896_lsb = -6.657831438e-02
m_inl_t1022_lsb = -5.392473082e-02
m_inl_t1023_lsb = -1.110223025e-16
m_dnl_t1_t2_lsb = -2.346480000e-02
m_dnl_t128_t129_lsb = 7.0660700000e-02
m_dnl_t255_t256_lsb = 6.6468600000e-02
m_dnl_t256_t257_lsb = 2.3991000000e-03
m_dnl_t511_t512_lsb = 5.9722250000e-02
m_dnl_t512_t513_lsb = 9.9686630000e-03
m_dnl_t767_t768_lsb = 6.1418900000e-02
m_dnl_t768_t769_lsb = 1.2872400000e-02
m_dnl_t1022_t1023_lsb = 5.1963900000e-02
m_gain_err_lsb = -2.005929931e+00
m_vref_droop_mv = 3.8100000000e-01
Note: Simulation executed from .control section 

