
Note: No compatibility mode selected!


Circuit: * adc-inl-dnl @ moscap_ff_125c_3.30v -- generated by sim/harness, do not edit

Reducing trtol to 1 for xspice 'A' devices
Doing analysis at TEMP = 125.000000 and TNOM = 27.000000

Using SPARSE 1.3 as Direct Linear Solver

Initial Transient Solution
--------------------------

Node                                   Voltage
----                                   -------
clk                                          0
cmpclk                                       0
cmpclkb                                    3.3
vddt                                       3.3
vddd                                       3.3
vddc                                       3.3
vrefs                                      3.3
vrefn                                      3.3
vcmn                                      1.65
se_vinp                             0.00402832
se_vinn                                   1.65
se_start                                     0
se_mode                                      0
se_cmp                                 1.36517
se_samp_tp_n                                 0
se_sel_in_n                                  0
se_drdy                                    3.3
se_c9                                        0
se_c8                                        0
se_c7                                        0
se_c6                                        0
se_c5                                        0
se_c4                                        0
se_c3                                        0
se_c2                                        0
se_c1                                        0
se_c0                                        0
se_rel_n_256p                              3.3
se_sel_hi_n_256p                             0
se_sel_lo_n_256p                             0
se_rel_n_128p                              3.3
se_sel_hi_n_128p                             0
se_sel_lo_n_128p                             0
se_rel_n_64p                               3.3
se_sel_hi_n_64p                              0
se_sel_lo_n_64p                              0
se_rel_n_32p                               3.3
se_sel_hi_n_32p                              0
se_sel_lo_n_32p                              0
se_rel_n_16p                               3.3
se_sel_hi_n_16p                              0
se_sel_lo_n_16p                              0
se_rel_n_8p                                3.3
se_sel_hi_n_8p                               0
se_sel_lo_n_8p                               0
se_rel_n_4p                                3.3
se_sel_hi_n_4p                               0
se_sel_lo_n_4p                               0
se_rel_n_2p                                3.3
se_sel_hi_n_2p                               0
se_sel_lo_n_2p                               0
se_rel_n_1p                                3.3
se_sel_hi_n_1p                               0
se_sel_lo_n_1p                               0
se_rel_n_256n                              3.3
se_sel_hi_n_256n                             0
se_sel_lo_n_256n                             0
se_rel_n_128n                              3.3
se_sel_hi_n_128n                             0
se_sel_lo_n_128n                             0
se_rel_n_64n                               3.3
se_sel_hi_n_64n                              0
se_sel_lo_n_64n                              0
se_rel_n_32n                               3.3
se_sel_hi_n_32n                              0
se_sel_lo_n_32n                              0
se_rel_n_16n                               3.3
se_sel_hi_n_16n                              0
se_sel_lo_n_16n                              0
se_rel_n_8n                                3.3
se_sel_hi_n_8n                               0
se_sel_lo_n_8n                               0
se_rel_n_4n                                3.3
se_sel_hi_n_4n                               0
se_sel_lo_n_4n                               0
se_rel_n_2n                                3.3
se_sel_hi_n_2n                               0
se_sel_lo_n_2n                               0
se_rel_n_1n                                3.3
se_sel_hi_n_1n                               0
se_sel_lo_n_1n                               0
se_pinp                             0.00402848
se_pinn                                   1.65
xsetswp.gp                                 3.3
se_topp                                   1.65
xsetswn.gp                                 3.3
se_topn                                   1.65
xsearrp.x256.bp                           1.65
xsearrp.x256.gp_in                         3.3
xsearrp.x256.gp_rel                1.01835e-08
xsearrp.x256.gp_hi                         3.3
xsearrp.x256.gp_lo                         3.3
xsearrp.x128.bp                           1.65
xsearrp.x128.gp_in                         3.3
xsearrp.x128.gp_rel                1.01835e-08
xsearrp.x128.gp_hi                         3.3
xsearrp.x128.gp_lo                         3.3
xsearrp.x64.bp                            1.65
xsearrp.x64.gp_in                          3.3
xsearrp.x64.gp_rel                 1.01835e-08
xsearrp.x64.gp_hi                          3.3
xsearrp.x64.gp_lo                          3.3
xsearrp.x32.bp                            1.65
xsearrp.x32.gp_in                          3.3
xsearrp.x32.gp_rel                 1.01835e-08
xsearrp.x32.gp_hi                          3.3
xsearrp.x32.gp_lo                          3.3
xsearrp.x16.bp                            1.65
xsearrp.x16.gp_in                          3.3
xsearrp.x16.gp_rel                 1.01835e-08
xsearrp.x16.gp_hi                          3.3
xsearrp.x16.gp_lo                          3.3
xsearrp.x8.bp                             1.65
xsearrp.x8.gp_in                           3.3
xsearrp.x8.gp_rel                  1.01835e-08
xsearrp.x8.gp_hi                           3.3
xsearrp.x8.gp_lo                           3.3
xsearrp.x4.bp                             1.65
xsearrp.x4.gp_in                           3.3
xsearrp.x4.gp_rel                  1.01835e-08
xsearrp.x4.gp_hi                           3.3
xsearrp.x4.gp_lo                           3.3
xsearrp.x2.bp                             1.65
xsearrp.x2.gp_in                           3.3
xsearrp.x2.gp_rel                  1.01835e-08
xsearrp.x2.gp_hi                           3.3
xsearrp.x2.gp_lo                           3.3
xsearrp.x1.bp                             1.65
xsearrp.x1.gp_in                           3.3
xsearrp.x1.gp_rel                  1.01835e-08
xsearrp.x1.gp_hi                           3.3
xsearrp.x1.gp_lo                           3.3
xsearrn.x256.bp                           1.65
xsearrn.x256.gp_in                         3.3
xsearrn.x256.gp_rel                1.01835e-08
xsearrn.x256.gp_hi                         3.3
xsearrn.x256.gp_lo                         3.3
xsearrn.x128.bp                           1.65
xsearrn.x128.gp_in                         3.3
xsearrn.x128.gp_rel                1.01835e-08
xsearrn.x128.gp_hi                         3.3
xsearrn.x128.gp_lo                         3.3
xsearrn.x64.bp                            1.65
xsearrn.x64.gp_in                          3.3
xsearrn.x64.gp_rel                 1.01835e-08
xsearrn.x64.gp_hi                          3.3
xsearrn.x64.gp_lo                          3.3
xsearrn.x32.bp                            1.65
xsearrn.x32.gp_in                          3.3
xsearrn.x32.gp_rel                 1.01835e-08
xsearrn.x32.gp_hi                          3.3
xsearrn.x32.gp_lo                          3.3
xsearrn.x16.bp                            1.65
xsearrn.x16.gp_in                          3.3
xsearrn.x16.gp_rel                 1.01835e-08
xsearrn.x16.gp_hi                          3.3
xsearrn.x16.gp_lo                          3.3
xsearrn.x8.bp                             1.65
xsearrn.x8.gp_in                           3.3
xsearrn.x8.gp_rel                  1.01835e-08
xsearrn.x8.gp_hi                           3.3
xsearrn.x8.gp_lo                           3.3
xsearrn.x4.bp                             1.65
xsearrn.x4.gp_in                           3.3
xsearrn.x4.gp_rel                  1.01835e-08
xsearrn.x4.gp_hi                           3.3
xsearrn.x4.gp_lo                           3.3
xsearrn.x2.bp                             1.65
xsearrn.x2.gp_in                           3.3
xsearrn.x2.gp_rel                  1.01835e-08
xsearrn.x2.gp_hi                           3.3
xsearrn.x2.gp_lo                           3.3
xsearrn.x1.bp                             1.65
xsearrn.x1.gp_in                           3.3
xsearrn.x1.gp_rel                  1.01835e-08
xsearrn.x1.gp_hi                           3.3
xsearrn.x1.gp_lo                           3.3
se_ibias                              0.678004
xsecmp.xpre.ptail                     0.836436
xsecmp.pon                              2.5772
xsecmp.preamp_in1                         1.65
xsecmp.pop                              2.5772
xsecmp.preamp_in2                         1.65
xsecmp.xpre.xrlp.11                    3.29972
xsecmp.xpre.xrlp.21                    2.57748
xsecmp.xpre.xrln.11                    3.29972
xsecmp.xpre.xrln.21                    2.57748
xsecmp.xlat.ltail                      1.96566
xsecmp.xlat.dip                            3.3
xsecmp.xlat.din                            3.3
xsecmp.outn                                3.3
xsecmp.outp                                3.3
xsecmp.sset                        1.80548e-08
xsecmp.srst                        1.80548e-08
xsecmp.xno1.ps                         3.06465
se_cmpb                                1.36517
xsecmp.xno2.ps                         3.06465
se_dacp                            1.11022e-16
se_dacn                            1.11022e-16
se_di                                  1.64597
se_err                                  510.75
se_aerrh                                     0
se_code                                      0
bsecode#branch                               0
bseea#branch                                 0
bsee#branch                                  0
bsedi#branch                                 0
bsedacn#branch                               0
bsedacp#branch                               0
lref#branch                        1.65807e-09
v.xsecmp.vpn#branch                8.44922e-30
v.xsecmp.vpp#branch               -7.14002e-28
vsemode#branch                               0
vsestart#branch                              0
vsevinn#branch                               0
vseinp#branch                      6.49088e-09
vcms#branch                       -1.92671e-08
vrefs#branch                      -1.65807e-09
vddc#branch                       -0.000559365
vddd#branch                       -7.43256e-09
vddt#branch                       -2.59752e-10
vcmpclkb#branch                              0
vcmpclk#branch                               0
vclk#branch                                  0
a.xsectrl.a_gn#branch_1_0                    0
a.xsectrl.a_gn#branch_1_1                    0
a.xsectrl.a_gn#branch_1_2                    0
a.xsectrl.a_gn#branch_1_3                    0
a.xsectrl.a_gn#branch_1_4                    0
a.xsectrl.a_gn#branch_1_5                    0
a.xsectrl.a_gn#branch_1_6                    0
a.xsectrl.a_gn#branch_1_7                    0
a.xsectrl.a_gn#branch_1_8                    0
a.xsectrl.a_gn#branch_1_9                    0
a.xsectrl.a_gn#branch_1_10                   0
a.xsectrl.a_gn#branch_1_11                   0
a.xsectrl.a_gn#branch_1_12                   0
a.xsectrl.a_gn#branch_1_13                   0
a.xsectrl.a_gn#branch_1_14                   0
a.xsectrl.a_gn#branch_1_15                   0
a.xsectrl.a_gn#branch_1_16                   0
a.xsectrl.a_gn#branch_1_17                   0
a.xsectrl.a_gn#branch_1_18                   0
a.xsectrl.a_gn#branch_1_19                   0
a.xsectrl.a_gn#branch_1_20                   0
a.xsectrl.a_gn#branch_1_21                   0
a.xsectrl.a_gn#branch_1_22                   0
a.xsectrl.a_gn#branch_1_23                   0
a.xsectrl.a_gn#branch_1_24                   0
a.xsectrl.a_gn#branch_1_25                   0
a.xsectrl.a_gn#branch_1_26                   0
a.xsectrl.a_gn#branch_1_27                   0
a.xsectrl.a_gn#branch_1_28                   0
a.xsectrl.a_gn#branch_1_29                   0
a.xsectrl.a_gn#branch_1_30                   0
a.xsectrl.a_gn#branch_1_31                   0
a.xsectrl.a_gn#branch_1_32                   0
a.xsectrl.a_gn#branch_1_33                   0
a.xsectrl.a_gn#branch_1_34                   0
a.xsectrl.a_gn#branch_1_35                   0
a.xsectrl.a_gn#branch_1_36                   0
a.xsectrl.a_gn#branch_1_37                   0
a.xsectrl.a_gn#branch_1_38                   0
a.xsectrl.a_gn#branch_1_39                   0
a.xsectrl.a_gn#branch_1_40                   0
a.xsectrl.a_gn#branch_1_41                   0
a.xsectrl.a_gn#branch_1_42                   0
a.xsectrl.a_gn#branch_1_43                   0
a.xsectrl.a_gn#branch_1_44                   0
a.xsectrl.a_gn#branch_1_45                   0
a.xsectrl.a_gn#branch_1_46                   0
a.xsectrl.a_gn#branch_1_47                   0
a.xsectrl.a_gn#branch_1_48                   0
a.xsectrl.a_gn#branch_1_49                   0
a.xsectrl.a_gn#branch_1_50                   0
a.xsectrl.a_gn#branch_1_51                   0
a.xsectrl.a_gn#branch_1_52                   0
a.xsectrl.a_gn#branch_1_53                   0
a.xsectrl.a_dout#branch_1_0                  0
a.xsectrl.a_dout#branch_1_1                  0
a.xsectrl.a_dout#branch_1_2                  0
a.xsectrl.a_dout#branch_1_3                  0
a.xsectrl.a_dout#branch_1_4                  0
a.xsectrl.a_dout#branch_1_5                  0
a.xsectrl.a_dout#branch_1_6                  0
a.xsectrl.a_dout#branch_1_7                  0
a.xsectrl.a_dout#branch_1_8                  0
a.xsectrl.a_dout#branch_1_9                  0
a.xsectrl.a_dout#branch_1_10                 0
a.xsectrl.a_dout#branch_1_11                 0
a.xsectrl.a_dout#branch_1_12                 0

 Reference value :  3.05098e-09
 Reference value :  1.23669e-07
 Reference value :  2.18897e-07
 Reference value :  3.12600e-07
 Reference value :  3.78546e-07
 Reference value :  4.74513e-07
 Reference value :  5.64997e-07
 Reference value :  6.56623e-07
 Reference value :  7.50882e-07
 Reference value :  8.43773e-07
 Reference value :  9.26183e-07
 Reference value :  1.00057e-06
 Reference value :  1.08362e-06
 Reference value :  1.18770e-06
 Reference value :  1.25670e-06
 Reference value :  1.34430e-06
 Reference value :  1.43977e-06
 Reference value :  1.50333e-06
 Reference value :  1.59384e-06
 Reference value :  1.68770e-06
 Reference value :  1.75260e-06
 Reference value :  1.84395e-06
 Reference value :  1.93760e-06
 Reference value :  2.00313e-06
 Reference value :  2.11855e-06
 Reference value :  2.21875e-06
 Reference value :  2.28169e-06
 Reference value :  2.36929e-06
 Reference value :  2.44007e-06
 Reference value :  2.53166e-06
 Reference value :  2.62727e-06
 Reference value :  2.71886e-06
 Reference value :  2.81262e-06
 Reference value :  2.87745e-06
 Reference value :  2.97648e-06
 Reference value :  3.04936e-06
 Reference value :  3.15628e-06
 Reference value :  3.25003e-06
 Reference value :  3.31493e-06
 Reference value :  3.40666e-06
 Reference value :  3.50227e-06
 Reference value :  3.59381e-06
 Reference value :  3.68787e-06
 Reference value :  3.78126e-06
 Reference value :  3.85418e-06
 Reference value :  3.93832e-06
 Reference value :  4.03132e-06
 Reference value :  4.15436e-06
 Reference value :  4.25000e-06
 Reference value :  4.31507e-06
 Reference value :  4.40641e-06
 Reference value :  4.47753e-06
 Reference value :  4.56493e-06
 Reference value :  4.65645e-06
 Reference value :  4.75052e-06
 Reference value :  4.84381e-06
 Reference value :  4.93760e-06
 Reference value :  5.00320e-06
 Reference value :  5.09454e-06
 Reference value :  5.19017e-06
 Reference value :  5.28173e-06
 Reference value :  5.37563e-06
 Reference value :  5.44000e-06
 Reference value :  5.53131e-06
 Reference value :  5.62520e-06
 Reference value :  5.69531e-06
 Reference value :  5.78171e-06
 Reference value :  5.87520e-06
 Reference value :  5.96563e-06
 Reference value :  6.03156e-06
 Reference value :  6.15647e-06
 Reference value :  6.25018e-06
 Reference value :  6.31818e-06
 Reference value :  6.40662e-06
 Reference value :  6.46885e-06
 Reference value :  6.56260e-06
 Reference value :  6.62750e-06
 Reference value :  6.68988e-06
 Reference value :  6.78135e-06
 Reference value :  6.87517e-06
 Reference value :  6.93798e-06
 Reference value :  7.02511e-06
 Reference value :  7.09469e-06
 Reference value :  7.18978e-06
 Reference value :  7.28134e-06
 Reference value :  7.34391e-06
 Reference value :  7.40685e-06
 Reference value :  7.50077e-06
 Reference value :  7.59377e-06
 Reference value :  7.68770e-06
 Reference value :  7.75512e-06
 Reference value :  7.86212e-06
 Reference value :  7.96613e-06
 Reference value :  8.03167e-06
 Reference value :  8.12543e-06
 Reference value :  8.21886e-06
 Reference value :  8.31250e-06
 Reference value :  8.37543e-06
 Reference value :  8.44016e-06
 Reference value :  8.53157e-06
 Reference value :  8.62567e-06
 Reference value :  8.71881e-06
 Reference value :  8.81267e-06
 Reference value :  8.87749e-06
 Reference value :  8.96931e-06
 Reference value :  9.06269e-06
 Reference value :  9.17065e-06
 Reference value :  9.25294e-06
 Reference value :  9.34420e-06
 Reference value :  9.43764e-06
 Reference value :  9.50238e-06
 Reference value :  9.59385e-06
 Reference value :  9.68787e-06
 Reference value :  9.78127e-06
 Reference value :  9.87518e-06
 Reference value :  9.96883e-06
 Reference value :  1.00555e-05
 Reference value :  1.01574e-05
 Reference value :  1.02529e-05
 Reference value :  1.03442e-05
 Reference value :  1.04382e-05
 Reference value :  1.05313e-05
 Reference value :  1.06251e-05
 Reference value :  1.06901e-05
 Reference value :  1.07819e-05
 Reference value :  1.08766e-05
 Reference value :  1.09688e-05
 Reference value :  1.10536e-05
 Reference value :  1.11569e-05
 Reference value :  1.12527e-05
 Reference value :  1.13438e-05
 Reference value :  1.14180e-05
 Reference value :  1.15023e-05
 Reference value :  1.15938e-05
 Reference value :  1.16876e-05
 Reference value :  1.17506e-05
 Reference value :  1.18438e-05
 Reference value :  1.19071e-05
 Reference value :  1.20027e-05
 Reference value :  1.20943e-05
 Reference value :  1.21901e-05
 Reference value :  1.22819e-05
 Reference value :  1.23752e-05
 Reference value :  1.24401e-05
 Reference value :  1.25314e-05
 Reference value :  1.26254e-05
 Reference value :  1.27188e-05
 Reference value :  1.28126e-05
 Reference value :  1.28775e-05
 Reference value :  1.29795e-05
 Reference value :  1.30628e-05
 Reference value :  1.31877e-05
 Reference value :  1.32766e-05
 Reference value :  1.33442e-05
 Reference value :  1.34377e-05
 Reference value :  1.35024e-05
 Reference value :  1.35939e-05
 Reference value :  1.36879e-05
 Reference value :  1.37813e-05
 Reference value :  1.38751e-05
 Reference value :  1.39688e-05
 Reference value :  1.40318e-05
 Reference value :  1.41564e-05
 Reference value :  1.42505e-05
 Reference value :  1.43190e-05
 Reference value :  1.44064e-05
 Reference value :  1.45002e-05
 Reference value :  1.45653e-05
 Reference value :  1.46569e-05
 Reference value :  1.47524e-05
 Reference value :  1.48439e-05
 Reference value :  1.49155e-05
 Reference value :  1.50029e-05
 Reference value :  1.50961e-05
 Reference value :  1.52188e-05
 Reference value :  1.52831e-05
 Reference value :  1.53753e-05
 Reference value :  1.54401e-05
 Reference value :  1.55315e-05
 Reference value :  1.56256e-05
 Reference value :  1.57188e-05
 Reference value :  1.58127e-05
 Reference value :  1.58809e-05
 Reference value :  1.60004e-05
 Reference value :  1.60836e-05
 Reference value :  1.61879e-05
 Reference value :  1.62813e-05
 Reference value :  1.63444e-05
 Reference value :  1.64379e-05
 Reference value :  1.65157e-05
 Reference value :  1.66126e-05
 Reference value :  1.66900e-05
 Reference value :  1.67816e-05
 Reference value :  1.68755e-05
 Reference value :  1.69688e-05
 Reference value :  1.70317e-05
 Reference value :  1.71563e-05
 Reference value :  1.72500e-05
 Reference value :  1.73148e-05
 Reference value :  1.74063e-05
 Reference value :  1.74691e-05
 Reference value :  1.75627e-05
 Reference value :  1.76274e-05
 Reference value :  1.77189e-05
 Reference value :  1.77813e-05
 Reference value :  1.78750e-05
 Reference value :  1.79688e-05
 Reference value :  1.80318e-05
 Reference value :  1.81564e-05
 Reference value :  1.82504e-05
 Reference value :  1.83156e-05
 Reference value :  1.84104e-05
 Reference value :  1.85023e-05
 Reference value :  1.85938e-05
 Reference value :  1.86877e-05
 Reference value :  1.87531e-05
 Reference value :  1.88443e-05
 Reference value :  1.89379e-05
 Reference value :  1.90313e-05
 Reference value :  1.91255e-05
 Reference value :  1.92195e-05
 Reference value :  1.93130e-05
 Reference value :  1.94063e-05
 Reference value :  1.95002e-05
 Reference value :  1.95657e-05
 Reference value :  1.96573e-05
 Reference value :  1.97524e-05
 Reference value :  1.98440e-05
 Reference value :  1.99375e-05
No. of Data Rows : 49051
e1                  =  1.00566e+00
x1                  =  4.37366e+00 at=  2.28143e-06
cd1                 =  2.00000e+00
e2                  =  9.85785e-01
x2                  =  4.36205e+00 at=  3.28143e-06
cd2                 =  3.00000e+00
e128                =  6.57783e-01
x128                =  2.98210e+00 at=  4.28143e-06
cd128               =  1.28000e+02
e129                =  7.39374e-01
x129                =  3.06247e+00 at=  5.28143e-06
cd129               =  1.29000e+02
e255                =  4.15773e-01
x255                =  1.72747e+00 at=  6.28146e-06
cd255               =  2.55000e+02
e256                =  4.93061e-01
x256                =  1.79962e+00 at=  7.28147e-06
cd256               =  2.56000e+02
e257                =  4.95762e-01
x257                =  1.78637e+00 at=  8.28147e-06
cd257               =  2.57000e+02
e384                =  1.57887e-01
x384                =  8.54866e-01 at=  9.28145e-06
cd384               =  3.84000e+02
e511                =  -7.47739e-02
x511                =  1.30146e+00 at=  1.03439e-05
cd511               =  5.11000e+02
e512                =  -3.29748e-03
x512                =  1.30078e+00 at=  1.13440e-05
cd512               =  5.12000e+02
e513                =  6.95543e-03
x513                =  1.28935e+00 at=  1.23440e-05
cd513               =  5.13000e+02
e640                =  -3.27278e-01
x640                =  1.03098e+00 at=  1.32814e-05
cd640               =  6.39000e+02
e767                =  -5.72849e-01
x767                =  1.77566e+00 at=  1.42814e-05
cd767               =  7.66000e+02
e768                =  -4.98927e-01
x768                =  1.69173e+00 at=  1.52814e-05
cd768               =  7.67000e+02
e769                =  -4.86185e-01
x769                =  1.69760e+00 at=  1.62814e-05
cd769               =  7.68000e+02
e896                =  -8.26573e-01
x896                =  2.55269e+00 at=  1.72815e-05
cd896               =  8.95000e+02
e1022               =  -1.06047e+00
x1022               =  3.35418e+00 at=  1.82815e-05
cd1022              =  1.02100e+03
e1023               =  -9.97864e-01
x1023               =  3.27517e+00 at=  1.92815e-05
cd1023              =  1.02200e+03
vrefhi              =  3.30019e+00 at=  1.73149e-05
vreflo              =  3.29981e+00 at=  1.25696e-05
m_terr_t1_lsb = 1.0056590000e+00
m_decerr_t1_lsb = 4.3736570000e+00
m_code_t1 = 2.0000000000e+00
m_terr_t2_lsb = 9.8578540000e-01
m_decerr_t2_lsb = 4.3620490000e+00
m_code_t2 = 3.0000000000e+00
m_terr_t128_lsb = 6.5778340000e-01
m_decerr_t128_lsb = 2.9820950000e+00
m_code_t128 = 1.2800000000e+02
m_terr_t129_lsb = 7.3937410000e-01
m_decerr_t129_lsb = 3.0624730000e+00
m_code_t129 = 1.2900000000e+02
m_terr_t255_lsb = 4.1577260000e-01
m_decerr_t255_lsb = 1.7274710000e+00
m_code_t255 = 2.5500000000e+02
m_terr_t256_lsb = 4.9306130000e-01
m_decerr_t256_lsb = 1.7996190000e+00
m_code_t256 = 2.5600000000e+02
m_terr_t257_lsb = 4.9576250000e-01
m_decerr_t257_lsb = 1.7863750000e+00
m_code_t257 = 2.5700000000e+02
m_terr_t384_lsb = 1.5788720000e-01
m_decerr_t384_lsb = 8.5486640000e-01
m_code_t384 = 3.8400000000e+02
m_terr_t511_lsb = -7.477391000e-02
m_decerr_t511_lsb = 1.3014600000e+00
m_code_t511 = 5.1100000000e+02
m_terr_t512_lsb = -3.297480000e-03
m_decerr_t512_lsb = 1.3007800000e+00
m_code_t512 = 5.1200000000e+02
m_terr_t513_lsb = 6.9554310000e-03
m_decerr_t513_lsb = 1.2893470000e+00
m_code_t513 = 5.1300000000e+02
m_terr_t640_lsb = -3.272781000e-01
m_decerr_t640_lsb = 1.0309760000e+00
m_code_t640 = 6.3900000000e+02
m_terr_t767_lsb = -5.728489000e-01
m_decerr_t767_lsb = 1.7756620000e+00
m_code_t767 = 7.6600000000e+02
m_terr_t768_lsb = -4.989269000e-01
m_decerr_t768_lsb = 1.6917350000e+00
m_code_t768 = 7.6700000000e+02
m_terr_t769_lsb = -4.861851000e-01
m_decerr_t769_lsb = 1.6976040000e+00
m_code_t769 = 7.6800000000e+02
m_terr_t896_lsb = -8.265728000e-01
m_decerr_t896_lsb = 2.5526910000e+00
m_code_t896 = 8.9500000000e+02
m_terr_t1022_lsb = -1.060470000e+00
m_decerr_t1022_lsb = 3.3541770000e+00
m_code_t1022 = 1.0210000000e+03
m_terr_t1023_lsb = -9.978644000e-01
m_decerr_t1023_lsb = 3.2751750000e+00
m_code_t1023 = 1.0220000000e+03
m_inl_t1_lsb = 0.0000000000e+00
m_inl_t2_lsb = -1.791320528e-02
m_inl_t128_lsb = -9.890547104e-02
m_inl_t129_lsb = -1.535437632e-02
m_inl_t255_lsb = -9.194614207e-02
m_inl_t256_lsb = -1.269704736e-02
m_inl_t257_lsb = -8.035452642e-03
m_inl_t384_lsb = -9.694062368e-02
m_inl_t511_lsb = -8.063160472e-02
m_inl_t512_lsb = -7.194780000e-03
m_inl_t513_lsb = 5.0185257162e-03
m_inl_t640_lsb = -8.024487632e-02
m_inl_t767_lsb = -7.684554736e-02
m_inl_t768_lsb = -9.631526419e-04
m_inl_t769_lsb = 1.3739042074e-02
m_inl_t896_lsb = -7.767852896e-02
m_inl_t1022_lsb = -6.456599472e-02
m_inl_t1023_lsb = 1.1102230246e-16
m_dnl_t1_t2_lsb = -1.987360000e-02
m_dnl_t128_t129_lsb = 8.1590700000e-02
m_dnl_t255_t256_lsb = 7.7288700000e-02
m_dnl_t256_t257_lsb = 2.7012000000e-03
m_dnl_t511_t512_lsb = 7.1476430000e-02
m_dnl_t512_t513_lsb = 1.0252911000e-02
m_dnl_t767_t768_lsb = 7.3922000000e-02
m_dnl_t768_t769_lsb = 1.2741800000e-02
m_dnl_t1022_t1023_lsb = 6.2605600000e-02
m_gain_err_lsb = -2.005483795e+00
m_vref_droop_mv = 3.8400000000e-01
Note: Simulation executed from .control section 

Note: Starting dynamic gmin stepping
Note: Dynamic gmin stepping completed
