
Note: No compatibility mode selected!


Circuit: * adc-power @ tt_125c_2.97v -- generated by sim/harness, do not edit

Reducing trtol to 1 for xspice 'A' devices
Doing analysis at TEMP = 125.000000 and TNOM = 27.000000

Using SPARSE 1.3 as Direct Linear Solver

Initial Transient Solution
--------------------------

Node                                   Voltage
----                                   -------
clk                                          0
cmpclk                                       0
cmpclkb                                   2.97
vddt                                      2.97
vddd                                      2.97
vddc                                      2.97
vrefs                                     2.97
vrefn                                     2.97
vcmn                                     1.485
se_vinp                                      0
se_vinn                                  1.485
se_start                                     0
se_mode                                      0
se_cmp                                 1.23664
se_samp_tp_n                                 0
se_sel_in_n                                  0
se_drdy                                   2.97
se_c9                                        0
se_c8                                        0
se_c7                                        0
se_c6                                        0
se_c5                                        0
se_c4                                        0
se_c3                                        0
se_c2                                        0
se_c1                                        0
se_c0                                        0
se_rel_n_256p                             2.97
se_sel_hi_n_256p                             0
se_sel_lo_n_256p                             0
se_rel_n_128p                             2.97
se_sel_hi_n_128p                             0
se_sel_lo_n_128p                             0
se_rel_n_64p                              2.97
se_sel_hi_n_64p                              0
se_sel_lo_n_64p                              0
se_rel_n_32p                              2.97
se_sel_hi_n_32p                              0
se_sel_lo_n_32p                              0
se_rel_n_16p                              2.97
se_sel_hi_n_16p                              0
se_sel_lo_n_16p                              0
se_rel_n_8p                               2.97
se_sel_hi_n_8p                               0
se_sel_lo_n_8p                               0
se_rel_n_4p                               2.97
se_sel_hi_n_4p                               0
se_sel_lo_n_4p                               0
se_rel_n_2p                               2.97
se_sel_hi_n_2p                               0
se_sel_lo_n_2p                               0
se_rel_n_1p                               2.97
se_sel_hi_n_1p                               0
se_sel_lo_n_1p                               0
se_rel_n_256n                             2.97
se_sel_hi_n_256n                             0
se_sel_lo_n_256n                             0
se_rel_n_128n                             2.97
se_sel_hi_n_128n                             0
se_sel_lo_n_128n                             0
se_rel_n_64n                              2.97
se_sel_hi_n_64n                              0
se_sel_lo_n_64n                              0
se_rel_n_32n                              2.97
se_sel_hi_n_32n                              0
se_sel_lo_n_32n                              0
se_rel_n_16n                              2.97
se_sel_hi_n_16n                              0
se_sel_lo_n_16n                              0
se_rel_n_8n                               2.97
se_sel_hi_n_8n                               0
se_sel_lo_n_8n                               0
se_rel_n_4n                               2.97
se_sel_hi_n_4n                               0
se_sel_lo_n_4n                               0
se_rel_n_2n                               2.97
se_sel_hi_n_2n                               0
se_sel_lo_n_2n                               0
se_rel_n_1n                               2.97
se_sel_hi_n_1n                               0
se_sel_lo_n_1n                               0
se_pinp                            3.35071e-07
se_pinn                                  1.485
xsetswp.gp                                2.97
se_topp                                  1.485
xsetswn.gp                                2.97
se_topn                                  1.485
xsearrp.x256.bp                          1.485
xsearrp.x256.gp_in                        2.97
xsearrp.x256.gp_rel                9.97068e-09
xsearrp.x256.gp_hi                        2.97
xsearrp.x256.gp_lo                        2.97
xsearrp.x128.bp                          1.485
xsearrp.x128.gp_in                        2.97
xsearrp.x128.gp_rel                9.97068e-09
xsearrp.x128.gp_hi                        2.97
xsearrp.x128.gp_lo                        2.97
xsearrp.x64.bp                           1.485
xsearrp.x64.gp_in                         2.97
xsearrp.x64.gp_rel                 9.97068e-09
xsearrp.x64.gp_hi                         2.97
xsearrp.x64.gp_lo                         2.97
xsearrp.x32.bp                           1.485
xsearrp.x32.gp_in                         2.97
xsearrp.x32.gp_rel                 9.97068e-09
xsearrp.x32.gp_hi                         2.97
xsearrp.x32.gp_lo                         2.97
xsearrp.x16.bp                           1.485
xsearrp.x16.gp_in                         2.97
xsearrp.x16.gp_rel                 9.97068e-09
xsearrp.x16.gp_hi                         2.97
xsearrp.x16.gp_lo                         2.97
xsearrp.x8.bp                            1.485
xsearrp.x8.gp_in                          2.97
xsearrp.x8.gp_rel                  9.97068e-09
xsearrp.x8.gp_hi                          2.97
xsearrp.x8.gp_lo                          2.97
xsearrp.x4.bp                            1.485
xsearrp.x4.gp_in                          2.97
xsearrp.x4.gp_rel                  9.97068e-09
xsearrp.x4.gp_hi                          2.97
xsearrp.x4.gp_lo                          2.97
xsearrp.x2.bp                            1.485
xsearrp.x2.gp_in                          2.97
xsearrp.x2.gp_rel                  9.97068e-09
xsearrp.x2.gp_hi                          2.97
xsearrp.x2.gp_lo                          2.97
xsearrp.x1.bp                            1.485
xsearrp.x1.gp_in                          2.97
xsearrp.x1.gp_rel                  9.97068e-09
xsearrp.x1.gp_hi                          2.97
xsearrp.x1.gp_lo                          2.97
xsearrn.x256.bp                          1.485
xsearrn.x256.gp_in                        2.97
xsearrn.x256.gp_rel                9.97068e-09
xsearrn.x256.gp_hi                        2.97
xsearrn.x256.gp_lo                        2.97
xsearrn.x128.bp                          1.485
xsearrn.x128.gp_in                        2.97
xsearrn.x128.gp_rel                9.97068e-09
xsearrn.x128.gp_hi                        2.97
xsearrn.x128.gp_lo                        2.97
xsearrn.x64.bp                           1.485
xsearrn.x64.gp_in                         2.97
xsearrn.x64.gp_rel                 9.97068e-09
xsearrn.x64.gp_hi                         2.97
xsearrn.x64.gp_lo                         2.97
xsearrn.x32.bp                           1.485
xsearrn.x32.gp_in                         2.97
xsearrn.x32.gp_rel                 9.97068e-09
xsearrn.x32.gp_hi                         2.97
xsearrn.x32.gp_lo                         2.97
xsearrn.x16.bp                           1.485
xsearrn.x16.gp_in                         2.97
xsearrn.x16.gp_rel                 9.97068e-09
xsearrn.x16.gp_hi                         2.97
xsearrn.x16.gp_lo                         2.97
xsearrn.x8.bp                            1.485
xsearrn.x8.gp_in                          2.97
xsearrn.x8.gp_rel                  9.97068e-09
xsearrn.x8.gp_hi                          2.97
xsearrn.x8.gp_lo                          2.97
xsearrn.x4.bp                            1.485
xsearrn.x4.gp_in                          2.97
xsearrn.x4.gp_rel                  9.97068e-09
xsearrn.x4.gp_hi                          2.97
xsearrn.x4.gp_lo                          2.97
xsearrn.x2.bp                            1.485
xsearrn.x2.gp_in                          2.97
xsearrn.x2.gp_rel                  9.97068e-09
xsearrn.x2.gp_hi                          2.97
xsearrn.x2.gp_lo                          2.97
xsearrn.x1.bp                            1.485
xsearrn.x1.gp_in                          2.97
xsearrn.x1.gp_rel                  9.97068e-09
xsearrn.x1.gp_hi                          2.97
xsearrn.x1.gp_lo                          2.97
se_ibias                              0.678004
xsecmp.xpre.ptail                     0.708088
xsecmp.pon                             2.24924
xsecmp.preamp_in1                        1.485
xsecmp.pop                             2.24924
xsecmp.preamp_in2                        1.485
xsecmp.xpre.xrlp.11                    2.96972
xsecmp.xpre.xrlp.21                    2.24952
xsecmp.xpre.xrln.11                    2.96972
xsecmp.xpre.xrln.21                    2.24952
xsecmp.xlat.ltail                      1.69627
xsecmp.xlat.dip                           2.97
xsecmp.xlat.din                           2.97
xsecmp.outn                               2.97
xsecmp.outp                               2.97
xsecmp.sset                        1.77263e-08
xsecmp.srst                        1.77263e-08
xsecmp.xno1.ps                         2.77772
se_cmpb                                1.23664
xsecmp.xno2.ps                         2.77772
se_dacp                            1.11022e-16
se_dacn                            1.11022e-16
se_di                                    1.485
se_err                                     512
se_aerrh                                     0
se_code                                      0
bsecode#branch                               0
bseea#branch                                 0
bsee#branch                                  0
bsedi#branch                                 0
bsedacn#branch                               0
bsedacp#branch                               0
lref#branch                        1.56562e-09
v.xsecmp.vpn#branch               -6.39373e-29
v.xsecmp.vpp#branch                2.04676e-28
vsemode#branch                               0
vsestart#branch                              0
vsevinn#branch                               0
vseinp#branch                      1.34028e-08
vcms#branch                       -2.47559e-08
vrefs#branch                      -1.56562e-09
vddc#branch                       -0.000428397
vddd#branch                       -6.61343e-09
vddt#branch                       -2.31393e-10
vcmpclkb#branch                              0
vcmpclk#branch                               0
vclk#branch                                  0
a.xsectrl.a_gn#branch_1_0                    0
a.xsectrl.a_gn#branch_1_1                    0
a.xsectrl.a_gn#branch_1_2                    0
a.xsectrl.a_gn#branch_1_3                    0
a.xsectrl.a_gn#branch_1_4                    0
a.xsectrl.a_gn#branch_1_5                    0
a.xsectrl.a_gn#branch_1_6                    0
a.xsectrl.a_gn#branch_1_7                    0
a.xsectrl.a_gn#branch_1_8                    0
a.xsectrl.a_gn#branch_1_9                    0
a.xsectrl.a_gn#branch_1_10                   0
a.xsectrl.a_gn#branch_1_11                   0
a.xsectrl.a_gn#branch_1_12                   0
a.xsectrl.a_gn#branch_1_13                   0
a.xsectrl.a_gn#branch_1_14                   0
a.xsectrl.a_gn#branch_1_15                   0
a.xsectrl.a_gn#branch_1_16                   0
a.xsectrl.a_gn#branch_1_17                   0
a.xsectrl.a_gn#branch_1_18                   0
a.xsectrl.a_gn#branch_1_19                   0
a.xsectrl.a_gn#branch_1_20                   0
a.xsectrl.a_gn#branch_1_21                   0
a.xsectrl.a_gn#branch_1_22                   0
a.xsectrl.a_gn#branch_1_23                   0
a.xsectrl.a_gn#branch_1_24                   0
a.xsectrl.a_gn#branch_1_25                   0
a.xsectrl.a_gn#branch_1_26                   0
a.xsectrl.a_gn#branch_1_27                   0
a.xsectrl.a_gn#branch_1_28                   0
a.xsectrl.a_gn#branch_1_29                   0
a.xsectrl.a_gn#branch_1_30                   0
a.xsectrl.a_gn#branch_1_31                   0
a.xsectrl.a_gn#branch_1_32                   0
a.xsectrl.a_gn#branch_1_33                   0
a.xsectrl.a_gn#branch_1_34                   0
a.xsectrl.a_gn#branch_1_35                   0
a.xsectrl.a_gn#branch_1_36                   0
a.xsectrl.a_gn#branch_1_37                   0
a.xsectrl.a_gn#branch_1_38                   0
a.xsectrl.a_gn#branch_1_39                   0
a.xsectrl.a_gn#branch_1_40                   0
a.xsectrl.a_gn#branch_1_41                   0
a.xsectrl.a_gn#branch_1_42                   0
a.xsectrl.a_gn#branch_1_43                   0
a.xsectrl.a_gn#branch_1_44                   0
a.xsectrl.a_gn#branch_1_45                   0
a.xsectrl.a_gn#branch_1_46                   0
a.xsectrl.a_gn#branch_1_47                   0
a.xsectrl.a_gn#branch_1_48                   0
a.xsectrl.a_gn#branch_1_49                   0
a.xsectrl.a_gn#branch_1_50                   0
a.xsectrl.a_gn#branch_1_51                   0
a.xsectrl.a_gn#branch_1_52                   0
a.xsectrl.a_gn#branch_1_53                   0
a.xsectrl.a_dout#branch_1_0                  0
a.xsectrl.a_dout#branch_1_1                  0
a.xsectrl.a_dout#branch_1_2                  0
a.xsectrl.a_dout#branch_1_3                  0
a.xsectrl.a_dout#branch_1_4                  0
a.xsectrl.a_dout#branch_1_5                  0
a.xsectrl.a_dout#branch_1_6                  0
a.xsectrl.a_dout#branch_1_7                  0
a.xsectrl.a_dout#branch_1_8                  0
a.xsectrl.a_dout#branch_1_9                  0
a.xsectrl.a_dout#branch_1_10                 0
a.xsectrl.a_dout#branch_1_11                 0
a.xsectrl.a_dout#branch_1_12                 0

 Reference value :  2.72567e-09
 Reference value :  9.37946e-08
 Reference value :  1.85616e-07
 Reference value :  2.50285e-07
 Reference value :  3.12895e-07
 Reference value :  3.77429e-07
 Reference value :  4.41289e-07
 Reference value :  5.31321e-07
 Reference value :  5.94002e-07
 Reference value :  6.87500e-07
 Reference value :  7.50285e-07
 Reference value :  8.14870e-07
 Reference value :  8.77467e-07
 Reference value :  9.68755e-07
 Reference value :  1.00326e-06
 Reference value :  1.09395e-06
 Reference value :  1.18751e-06
 Reference value :  1.25021e-06
 Reference value :  1.31270e-06
 Reference value :  1.37727e-06
 Reference value :  1.44013e-06
 Reference value :  1.51516e-06
 Reference value :  1.59385e-06
 Reference value :  1.65691e-06
 Reference value :  1.75010e-06
 Reference value :  1.81299e-06
 Reference value :  1.87510e-06
 Reference value :  1.93764e-06
 Reference value :  2.00258e-06
 Reference value :  2.06305e-06
 Reference value :  2.15648e-06
 Reference value :  2.21950e-06
 Reference value :  2.28188e-06
 Reference value :  2.37510e-06
 Reference value :  2.43818e-06
 Reference value :  2.50252e-06
 Reference value :  2.56534e-06
 Reference value :  2.65631e-06
 Reference value :  2.71904e-06
 Reference value :  2.79473e-06
 Reference value :  2.84465e-06
 Reference value :  2.90683e-06
 Reference value :  3.00064e-06
 Reference value :  3.05275e-06
 Reference value :  3.13030e-06
 Reference value :  3.21881e-06
 Reference value :  3.28133e-06
 Reference value :  3.32834e-06
 Reference value :  3.39116e-06
 Reference value :  3.44355e-06
 Reference value :  3.50307e-06
 Reference value :  3.56556e-06
 Reference value :  3.65632e-06
 Reference value :  3.71919e-06
 Reference value :  3.81260e-06
 Reference value :  3.84854e-06
 Reference value :  3.92118e-06
 Reference value :  4.00244e-06
 Reference value :  4.06272e-06
 Reference value :  4.15637e-06
 Reference value :  4.21935e-06
 Reference value :  4.28179e-06
 Reference value :  4.36917e-06
 Reference value :  4.43784e-06
 Reference value :  4.50245e-06
 Reference value :  4.56556e-06
 Reference value :  4.65632e-06
 Reference value :  4.71909e-06
 Reference value :  4.81253e-06
 Reference value :  4.84562e-06
 Reference value :  4.91118e-06
 Reference value :  5.00160e-06
 Reference value :  5.06335e-06
 Reference value :  5.15757e-06
 Reference value :  5.25020e-06
 Reference value :  5.31381e-06
 Reference value :  5.37555e-06
 Reference value :  5.43841e-06
 Reference value :  5.50257e-06
 Reference value :  5.57935e-06
 Reference value :  5.65638e-06
 Reference value :  5.71949e-06
 Reference value :  5.81266e-06
 Reference value :  5.87605e-06
 Reference value :  5.96876e-06
 Reference value :  6.02555e-06
 Reference value :  6.09432e-06
 Reference value :  6.18792e-06
 Reference value :  6.25065e-06
 Reference value :  6.31325e-06
 Reference value :  6.37564e-06
 Reference value :  6.43812e-06
 Reference value :  6.50249e-06
 Reference value :  6.56576e-06
 Reference value :  6.65631e-06
 Reference value :  6.71911e-06
 Reference value :  6.81256e-06
 Reference value :  6.87542e-06
 Reference value :  6.94298e-06
 Reference value :  7.00500e-06
 Reference value :  7.09396e-06
 Reference value :  7.18756e-06
 Reference value :  7.23252e-06
 Reference value :  7.31260e-06
 Reference value :  7.37503e-06
 Reference value :  7.43365e-06
 Reference value :  7.50020e-06
 Reference value :  7.56317e-06
 Reference value :  7.62751e-06
 Reference value :  7.70031e-06
 Reference value :  7.78145e-06
 Reference value :  7.85087e-06
 Reference value :  7.93760e-06
 Reference value :  8.00258e-06
 Reference value :  8.09385e-06
 Reference value :  8.18770e-06
 Reference value :  8.25267e-06
 Reference value :  8.31536e-06
 Reference value :  8.39499e-06
 Reference value :  8.46894e-06
 Reference value :  8.53273e-06
 Reference value :  8.62514e-06
 Reference value :  8.68808e-06
 Reference value :  8.75250e-06
 Reference value :  8.84376e-06
 Reference value :  8.90634e-06
 Reference value :  8.97040e-06
 Reference value :  9.03182e-06
 Reference value :  9.12520e-06
 Reference value :  9.19029e-06
 Reference value :  9.27500e-06
 Reference value :  9.31732e-06
 Reference value :  9.40626e-06
 Reference value :  9.46895e-06
 Reference value :  9.53640e-06
 Reference value :  9.62519e-06
 Reference value :  9.68816e-06
 Reference value :  9.75250e-06
 Reference value :  9.83218e-06
 Reference value :  9.90633e-06
 Reference value :  1.00000e-05
 Reference value :  1.00322e-05
 Reference value :  1.01252e-05
 Reference value :  1.01904e-05
 Reference value :  1.02813e-05
 Reference value :  1.03439e-05
 Reference value :  1.04065e-05
 Reference value :  1.04916e-05
 Reference value :  1.05627e-05
 Reference value :  1.06270e-05
 Reference value :  1.06900e-05
 Reference value :  1.07813e-05
 Reference value :  1.08440e-05
 Reference value :  1.09068e-05
 Reference value :  1.10005e-05
 Reference value :  1.10627e-05
 Reference value :  1.11564e-05
 Reference value :  1.12337e-05
 Reference value :  1.13126e-05
 Reference value :  1.13750e-05
 Reference value :  1.14376e-05
 Reference value :  1.15005e-05
 Reference value :  1.15649e-05
 Reference value :  1.16278e-05
 Reference value :  1.17188e-05
 Reference value :  1.17816e-05
 Reference value :  1.18472e-05
 Reference value :  1.19376e-05
 Reference value :  1.20027e-05
 Reference value :  1.20633e-05
 Reference value :  1.21563e-05
 Reference value :  1.22193e-05
 Reference value :  1.22819e-05
 Reference value :  1.23444e-05
 Reference value :  1.24066e-05
 Reference value :  1.24689e-05
 Reference value :  1.25318e-05
 Reference value :  1.26182e-05
 Reference value :  1.26877e-05
 Reference value :  1.27504e-05
 Reference value :  1.28142e-05
 Reference value :  1.28776e-05
 Reference value :  1.29691e-05
 Reference value :  1.30317e-05
 Reference value :  1.31251e-05
 Reference value :  1.31900e-05
 Reference value :  1.32531e-05
 Reference value :  1.33218e-05
 Reference value :  1.33787e-05
 Reference value :  1.34464e-05
 Reference value :  1.35313e-05
 Reference value :  1.35942e-05
 Reference value :  1.36864e-05
 Reference value :  1.37502e-05
 Reference value :  1.38148e-05
 Reference value :  1.38780e-05
 Reference value :  1.39729e-05
 Reference value :  1.40318e-05
 Reference value :  1.41256e-05
 Reference value :  1.42188e-05
 Reference value :  1.42815e-05
 Reference value :  1.43444e-05
 Reference value :  1.44376e-05
 Reference value :  1.45004e-05
 Reference value :  1.45648e-05
 Reference value :  1.46276e-05
 Reference value :  1.47052e-05
 Reference value :  1.47814e-05
 Reference value :  1.48445e-05
 Reference value :  1.49069e-05
 Reference value :  1.50008e-05
 Reference value :  1.50627e-05
 Reference value :  1.51563e-05
 Reference value :  1.52191e-05
 Reference value :  1.52815e-05
 Reference value :  1.53750e-05
 Reference value :  1.54380e-05
 Reference value :  1.55024e-05
 Reference value :  1.55652e-05
 Reference value :  1.56421e-05
 Reference value :  1.57189e-05
 Reference value :  1.57821e-05
 Reference value :  1.58450e-05
 Reference value :  1.59084e-05
 Reference value :  1.60023e-05
 Reference value :  1.60626e-05
 Reference value :  1.61253e-05
 Reference value :  1.61898e-05
 Reference value :  1.62504e-05
 Reference value :  1.63149e-05
 Reference value :  1.63836e-05
 Reference value :  1.64688e-05
 Reference value :  1.65315e-05
 Reference value :  1.66157e-05
 Reference value :  1.66877e-05
 Reference value :  1.67507e-05
 Reference value :  1.68150e-05
 Reference value :  1.68991e-05
No. of Data Rows : 40809
icmpf000            =  -2.77306e-05 from=  3.00000e-06 to=  5.00001e-06
icdacf000           =  -5.81892e-06 from=  3.00000e-06 to=  5.00001e-06
itrkf000            =  -1.93037e-07 from=  3.00000e-06 to=  5.00001e-06
ireff000            =  -1.48275e-08 from=  3.00000e-06 to=  5.00001e-06
ivcmf000            =  -1.38608e-05 from=  3.00000e-06 to=  5.00001e-06
icmpf025            =  -2.77205e-05 from=  6.00000e-06 to=  8.00001e-06
icdacf025           =  -5.91891e-06 from=  6.00000e-06 to=  8.00001e-06
itrkf025            =  -1.94787e-07 from=  6.00000e-06 to=  8.00001e-06
ireff025            =  -6.89767e-06 from=  6.00000e-06 to=  8.00001e-06
ivcmf025            =  -8.32746e-06 from=  6.00000e-06 to=  8.00001e-06
icmpf050            =  -2.84237e-05 from=  9.00000e-06 to=  1.10000e-05
icdacf050           =  -6.46436e-06 from=  9.00000e-06 to=  1.10000e-05
itrkf050            =  -1.97079e-07 from=  9.00000e-06 to=  1.10000e-05
ireff050            =  -1.05966e-05 from=  9.00000e-06 to=  1.10000e-05
ivcmf050            =  -2.81982e-06 from=  9.00000e-06 to=  1.10000e-05
icmpf075            =  -2.76659e-05 from=  1.20000e-05 to=  1.40000e-05
icdacf075           =  -6.80565e-06 from=  1.20000e-05 to=  1.40000e-05
itrkf075            =  -1.98877e-07 from=  1.20000e-05 to=  1.40000e-05
ireff075            =  -1.37947e-05 from=  1.20000e-05 to=  1.40000e-05
ivcmf075            =  8.76478e-06 from=  1.20000e-05 to=  1.40000e-05
icmpf100            =  -2.75338e-05 from=  1.50000e-05 to=  1.70000e-05
icdacf100           =  -7.19386e-06 from=  1.50000e-05 to=  1.70000e-05
itrkf100            =  -2.00747e-07 from=  1.50000e-05 to=  1.70000e-05
ireff100            =  -1.09888e-05 from=  1.50000e-05 to=  1.70000e-05
ivcmf100            =  1.54243e-05 from=  1.50000e-05 to=  1.70000e-05
vddm                =  2.97000e+00
m_p_cmp_f000_uw = 8.2359763200e+01
m_p_cdac_f000_uw = 1.7282180520e+01
m_p_trk_f000_uw = 5.7331989000e-01
m_p_ref_f000_uw = 4.4037526500e-02
m_p_vcm_f000_uw = 2.0583362250e+01
m_p_total_f000_uw = 1.2084266339e+02
m_p_cmp_f025_uw = 8.2329914700e+01
m_p_cdac_f025_uw = 1.7579165670e+01
m_p_trk_f025_uw = 5.7851739000e-01
m_p_ref_f025_uw = 2.0486085840e+01
m_p_vcm_f025_uw = 1.2366276615e+01
m_p_total_f025_uw = 1.3333996021e+02
m_p_cmp_f050_uw = 8.4418478100e+01
m_p_cdac_f050_uw = 1.9199149200e+01
m_p_trk_f050_uw = 5.8532463000e-01
m_p_ref_f050_uw = 3.1471991100e+01
m_p_vcm_f050_uw = 4.1874312150e+00
m_p_total_f050_uw = 1.3986237424e+02
m_p_cmp_f075_uw = 8.2167693300e+01
m_p_cdac_f075_uw = 2.0212792380e+01
m_p_trk_f075_uw = 5.9066439300e-01
m_p_ref_f075_uw = 4.0970259000e+01
m_p_vcm_f075_uw = -1.301569384e+01
m_p_total_f075_uw = 1.3092571523e+02
m_p_cmp_f100_uw = 8.1775237500e+01
m_p_cdac_f100_uw = 2.1365758260e+01
m_p_trk_f100_uw = 5.9621829300e-01
m_p_ref_f100_uw = 3.2636884500e+01
m_p_vcm_f100_uw = -2.290504095e+01
m_p_total_f100_uw = 1.1346905760e+02
m_supply_v = 2.9700000000e+00
Note: Simulation executed from .control section 

Note: Starting dynamic gmin stepping
Note: Dynamic gmin stepping completed
