
Note: No compatibility mode selected!


Circuit: * comparator-preamp-noise @ ff_27c_3.30v -- generated by sim/harness, do not edit

Doing analysis at TEMP = 27.000000 and TNOM = 27.000000

Using SPARSE 1.3 as Direct Linear Solver
 Reference value :  0.00000e+00
No. of Data Rows : 1
Doing analysis at TEMP = 27.000000 and TNOM = 27.000000

Using SPARSE 1.3 as Direct Linear Solver
 Reference value :  1.00000e+00
No. of Data Rows : 181

No. of Data Rows : 1
Doing analysis at TEMP = 27.000000 and TNOM = 27.000000

Using SPARSE 1.3 as Direct Linear Solver
 Reference value :  1.00000e+03
No. of Data Rows : 121

No. of Data Rows : 1
Doing analysis at TEMP = 27.000000 and TNOM = 27.000000

Using SPARSE 1.3 as Direct Linear Solver
 Reference value :  1.00000e+03
No. of Data Rows : 121
m_vn_in_uv = 1.1644634971e+02
m_onoise_uv = 1.5434922414e+03
m_onoise_hf_uv = 1.5400134660e+03
m_flicker_frac_pct = 4.5025883634e-01
m_inoise_band_uv = 4.7307913886e+02
m_av_dc = 1.3254964584e+01
m_enbw_mhz = 5.1358070114e+01
m_white_nv_rthz = 2.1537738657e+02
Note: Simulation executed from .control section 

