
Note: No compatibility mode selected!


Circuit: * comparator-preamp-noise @ sf_27c_3.63v -- generated by sim/harness, do not edit

Doing analysis at TEMP = 27.000000 and TNOM = 27.000000

Using SPARSE 1.3 as Direct Linear Solver
 Reference value :  0.00000e+00
No. of Data Rows : 1
Doing analysis at TEMP = 27.000000 and TNOM = 27.000000

Using SPARSE 1.3 as Direct Linear Solver
 Reference value :  1.00000e+00
No. of Data Rows : 181

No. of Data Rows : 1
Doing analysis at TEMP = 27.000000 and TNOM = 27.000000

Using SPARSE 1.3 as Direct Linear Solver
 Reference value :  1.00000e+03
No. of Data Rows : 121

No. of Data Rows : 1
Doing analysis at TEMP = 27.000000 and TNOM = 27.000000

Using SPARSE 1.3 as Direct Linear Solver
 Reference value :  1.00000e+03
No. of Data Rows : 121
m_vn_in_uv = 1.0490299092e+02
m_onoise_uv = 1.6535852791e+03
m_onoise_hf_uv = 1.6483419345e+03
m_flicker_frac_pct = 6.3317345062e-01
m_inoise_band_uv = 4.7245217919e+02
m_av_dc = 1.5762994597e+01
m_enbw_mhz = 3.9541680113e+01
m_white_nv_rthz = 2.6296565960e+02
Note: Simulation executed from .control section 

