
Note: Compatibility modes selected: hs a


Circuit: * sar-logic-timing-gates-tie @ ss_125c_3.63v -- generated by sim/harness, do not edit

Doing analysis at TEMP = 125.000000 and TNOM = 27.000000

Using SPARSE 1.3 as Direct Linear Solver

Initial Transient Solution
--------------------------

Node                                   Voltage
----                                   -------
clk                                          0
tie_start                                 3.63
tie_mode                                     0
xtie._030_                         3.24585e-08
xtie.eng3                                 3.63
vdd_gate                                  3.63
xtie._031_                                3.63
xtie._032_                                3.63
xtie.ph_2                           1.8644e-08
xtie._033_                                3.63
xtie.ph_0                           1.8644e-08
xtie._034_                                3.63
xtie.ph_1                           1.8644e-08
xtie._035_                                3.63
xtie.ph_3                           1.8644e-08
xtie._036_                         3.24585e-08
xtie.eng4                                 3.63
xtie._037_                         3.24585e-08
xtie.eng5                                 3.63
xtie._038_                         3.24585e-08
xtie.eng6                                 3.63
xtie._039_                         3.24585e-08
xtie.eng7                                 3.63
xtie._040_                         3.24585e-08
xtie.eng8                                 3.63
xtie._041_                         3.24585e-08
xtie.eng9                                 3.63
xtie._042_                         3.24585e-08
xtie.eng2                                 3.63
xtie._043_                                3.63
xtie.ph_12                          1.8644e-08
xtie._044_                         3.24585e-08
xtie.eng1                                 3.63
xtie._045_                                3.63
xtie.ph_13                          1.8644e-08
xtie._046_                                3.63
xtie.ph_11                          1.8644e-08
xtie._047_                                3.63
xtie.ph_10                          1.8644e-08
xtie._048_                                3.63
xtie.ph_9                           1.8644e-08
xtie._049_                                3.63
xtie.ph_8                           1.8644e-08
xtie._050_                                3.63
xtie.ph_7                           1.8644e-08
xtie._051_                                3.63
xtie.ph_6                           1.8644e-08
xtie._052_                                3.63
xtie.ph_5                           1.8644e-08
xtie._053_                                3.63
xtie.ph_4                           1.8644e-08
xtie._054_                                3.63
xtie.ph_14                          1.8644e-08
tie_sel_lo_n_4p                    6.24547e-08
xtie.q3                                   3.63
xtie.x_090_.net_0                      1.13911
tie_sel_hi_n_4n                    3.80192e-08
xtie.x_091_.net_1                      3.61892
xtie.x_091_.net_0                      1.13903
xtie.x_092_.net_1                  5.55527e-08
xtie.x_092_.net_0                  1.11105e-07
tie_samp_tp_n                      1.66658e-07
xtie.x_093_.z_neg                      3.62999
tie_sel_in_n                        1.8644e-08
xtie.x_093_.net_0                         3.63
xtie.x_093_.net_1                         3.63
xtie.x_093_.net_2                         3.63
tie_rel_n_4p                       2.74859e-08
xtie.x_094_.net_0                         3.63
xtie.x_095_.net_0                      2.75224
tie_rel_n_4n                              3.63
xtie.x_095_.net_1                         3.63
xtie.x_096_.net_0                  8.30198e-08
xtie.x_096_.z_neg                   1.6604e-07
tie_sel_hi_n_4p                           3.63
xtie.x_097_.net_0                  8.30198e-08
xtie.q4                                   3.63
xtie.x_097_.z_neg                   1.6604e-07
tie_sel_hi_n_8p                           3.63
xtie.x_098_.net_0                  1.00731e-07
xtie.x_098_.z_neg                         3.63
tie_sel_lo_n_8n                    1.87608e-08
tie_sel_lo_n_8p                    2.74859e-08
xtie.x_099_.net_0                         3.63
tie_sel_hi_n_8n                    1.66869e-08
xtie.x_100_.net_1                         3.63
xtie.x_100_.net_0                      3.61728
tie_rel_n_8p                       2.74859e-08
xtie.x_101_.net_0                         3.63
xtie.x_102_.net_0                   1.0732e-08
tie_rel_n_8n                              3.63
xtie.x_102_.net_1                         3.63
xtie.x_103_.net_0                  8.30198e-08
xtie.q5                                   3.63
xtie.x_103_.z_neg                   1.6604e-07
tie_sel_hi_n_16p                          3.63
xtie.x_104_.net_0                  1.00731e-07
xtie.x_104_.z_neg                         3.63
tie_sel_lo_n_16n                   1.87608e-08
tie_sel_lo_n_16p                   2.74859e-08
xtie.x_105_.net_0                         3.63
tie_sel_hi_n_16n                   1.66869e-08
xtie.x_106_.net_1                         3.63
xtie.x_106_.net_0                      3.61728
tie_rel_n_16p                      2.74859e-08
xtie.x_107_.net_0                         3.63
xtie.x_108_.net_0                   1.0732e-08
tie_rel_n_16n                             3.63
xtie.x_108_.net_1                         3.63
xtie.x_109_.net_0                  8.30198e-08
xtie.q6                                   3.63
xtie.x_109_.z_neg                   1.6604e-07
tie_sel_hi_n_32p                          3.63
xtie.x_110_.net_0                  1.00731e-07
xtie.x_110_.z_neg                         3.63
tie_sel_lo_n_32n                   1.87608e-08
tie_sel_lo_n_32p                   2.74859e-08
xtie.x_111_.net_0                         3.63
tie_sel_hi_n_32n                   1.66869e-08
xtie.x_112_.net_1                         3.63
xtie.x_112_.net_0                      3.61728
tie_rel_n_32p                      2.74859e-08
xtie.x_113_.net_0                         3.63
xtie.x_114_.net_0                   1.0732e-08
tie_rel_n_32n                             3.63
xtie.x_114_.net_1                         3.63
xtie.x_115_.net_0                  8.30198e-08
xtie.q7                                   3.63
xtie.x_115_.z_neg                   1.6604e-07
tie_sel_hi_n_64p                          3.63
xtie.x_116_.net_0                  1.00731e-07
xtie.x_116_.z_neg                         3.63
tie_sel_lo_n_64n                   1.87608e-08
tie_sel_lo_n_64p                   2.74859e-08
xtie.x_117_.net_0                         3.63
tie_sel_hi_n_64n                   1.66869e-08
xtie.x_118_.net_1                         3.63
xtie.x_118_.net_0                      3.61728
tie_rel_n_64p                      2.74859e-08
xtie.x_119_.net_0                         3.63
xtie.x_120_.net_0                   1.0732e-08
tie_rel_n_64n                             3.63
xtie.x_120_.net_1                         3.63
xtie.x_121_.net_0                  8.30198e-08
xtie.q8                                   3.63
xtie.x_121_.z_neg                   1.6604e-07
tie_sel_hi_n_128p                         3.63
xtie.x_122_.net_0                  1.00731e-07
xtie.x_122_.z_neg                         3.63
tie_sel_lo_n_128n                  1.87608e-08
tie_sel_lo_n_128p                  2.74859e-08
xtie.x_123_.net_0                         3.63
tie_sel_hi_n_128n                  1.66869e-08
xtie.x_124_.net_1                         3.63
xtie.x_124_.net_0                      3.61728
tie_rel_n_128p                     2.74859e-08
xtie.x_125_.net_0                         3.63
xtie.x_126_.net_0                   1.0732e-08
tie_rel_n_128n                            3.63
xtie.x_126_.net_1                         3.63
xtie.x_127_.net_0                  1.00731e-07
xtie.x_127_.z_neg                         3.63
tie_sel_lo_n_4n                    1.87608e-08
xtie.x_128_.net_0                  8.30198e-08
xtie.q9                                   3.63
xtie.x_128_.z_neg                   1.6604e-07
tie_sel_hi_n_256p                         3.63
xtie.x_129_.net_0                  1.00731e-07
xtie.x_129_.z_neg                         3.63
tie_sel_lo_n_256n                  1.87608e-08
tie_sel_lo_n_256p                  2.74859e-08
xtie.x_130_.net_0                         3.63
tie_sel_hi_n_256n                  1.66869e-08
xtie.x_131_.net_1                         3.63
xtie.x_131_.net_0                      3.61728
tie_rel_n_256p                     2.74859e-08
xtie.x_132_.net_0                         3.63
xtie.x_133_.net_0                   1.0732e-08
tie_rel_n_256n                            3.63
xtie.x_133_.net_1                         3.63
tie_rel_n_2p                       2.74859e-08
xtie.x_134_.net_0                         3.63
xtie.x_135_.net_0                  8.30198e-08
xtie.x_135_.z_neg                   1.6604e-07
xtie.q2                                   3.63
tie_sel_hi_n_2p                           3.63
xtie.x_136_.net_0                      2.75227
xtie._000_                                3.63
xtie.x_136_.net_1                         3.63
xtie.x_137_.net_0                   1.0732e-08
xtie._001_                                3.63
xtie.x_137_.net_1                         3.63
tie_sel_lo_n_2p                    6.24547e-08
xtie.x_138_.net_0                      1.13911
xtie.x_139_.net_0                   1.0732e-08
xtie._002_                                3.63
xtie.x_139_.net_1                         3.63
xtie.x_140_.net_0                   1.0732e-08
xtie._003_                                3.63
xtie.x_140_.net_1                         3.63
xtie.x_141_.net_0                   1.0732e-08
xtie._004_                                3.63
xtie.x_141_.net_1                         3.63
xtie.x_142_.net_0                   1.0732e-08
xtie._005_                                3.63
xtie.x_142_.net_1                         3.63
xtie.x_143_.net_0                   1.0732e-08
tie_rel_n_2n                              3.63
xtie.x_143_.net_1                         3.63
xtie.x_144_.net_0                   1.0732e-08
xtie._006_                                3.63
xtie.x_144_.net_1                         3.63
xtie.x_145_.net_0                   1.0732e-08
xtie._007_                                3.63
xtie.x_145_.net_1                         3.63
xtie.x_146_.net_0                   1.0732e-08
xtie._008_                                3.63
xtie.x_146_.net_1                         3.63
tie_sel_hi_n_2n                    1.67076e-08
xtie.x_147_.net_1                      3.62176
xtie.x_147_.net_0                      3.62176
xtie._009__15                      1.36882e-08
xtie.x_148_.net_0                      3.61728
xtie._009__14                      1.36882e-08
xtie.x_149_.net_0                      3.61728
xtie.x_150_.net_0                  1.00731e-07
xtie.x_150_.z_neg                         3.63
tie_sel_lo_n_2n                    1.87608e-08
xtie._009__13                      1.36882e-08
xtie.x_151_.net_0                      3.61728
xtie._009__12                      1.36882e-08
xtie.x_152_.net_0                      3.61728
tie_rel_n_1p                       2.74859e-08
xtie.x_153_.net_0                         3.63
xtie._009__11                      1.36882e-08
xtie.x_154_.net_0                      3.61728
xtie.x_155_.net_0                  8.30198e-08
xtie.x_155_.z_neg                   1.6604e-07
xtie.q1                                   3.63
tie_sel_hi_n_1p                           3.63
xtie._009__10                      1.36882e-08
xtie.x_156_.net_0                      3.61728
xtie._009__9                       1.36882e-08
xtie.x_157_.net_0                      3.61728
tie_sel_lo_n_1p                    6.24547e-08
xtie.x_158_.net_0                      1.13911
xtie._009__8                       1.36882e-08
xtie.x_159_.net_0                      3.61728
xtie.x_160_.net_0                  1.00731e-07
xtie.x_160_.z_neg                         3.63
tie_sel_lo_n_1n                    1.87608e-08
xtie._009__7                       1.36882e-08
xtie.x_161_.net_0                      3.61728
xtie._009__6                       1.36882e-08
xtie.x_162_.net_0                      3.61728
tie_sel_hi_n_1n                    1.67076e-08
xtie.x_163_.net_1                      3.62176
xtie.x_163_.net_0                      3.62176
xtie._009__5                       1.36882e-08
xtie.x_164_.net_0                      3.61728
xtie._009__4                       1.36882e-08
xtie.x_165_.net_0                      3.61728
xtie._009__3                       1.36882e-08
xtie.x_166_.net_0                      3.61728
xtie.x_167_.net_0                   1.0732e-08
tie_rel_n_1n                              3.63
xtie.x_167_.net_1                         3.63
xtie._009__2                       1.36882e-08
xtie.x_168_.net_0                      3.61728
xtie._009__1                       1.36882e-08
xtie.x_169_.net_0                      3.61728
xtie.x_170_.z_neg                   4.1989e-08
tie_drdy                            1.8644e-08
xtie._009__0                              3.63
xtie.x_170_.net_0                         3.63
xtie.x_171_.int04                         3.63
xtie._010_                          1.8644e-08
xtie.x_171_.net_1                  1.12127e-07
xtie.x_171_.net_3                       2.8197
xtie.x_171_.sel1_n                        3.63
tie_c8                              1.8644e-08
xtie.x_171_.net_0                         3.63
xtie.x_171_.net_2                         3.63
xtie.x_172_.int04                         3.63
xtie._011_                          1.8644e-08
xtie.x_172_.net_1                  1.12127e-07
xtie.x_172_.net_3                       2.8197
xtie.x_172_.sel1_n                        3.63
tie_c9                              1.8644e-08
xtie.x_172_.net_0                         3.63
xtie.x_172_.net_2                         3.63
xtie._055_                         6.24547e-08
xtie.q0                                   3.63
xtie.x_173_.net_0                      1.13911
xtie.x_174_.net_0                   1.0732e-08
tie_cmpo                                  3.63
xtie._012_                                3.63
xtie.x_174_.net_1                         3.63
xtie.x_175_.int04                         3.63
xtie._013_                          1.8644e-08
xtie.x_175_.net_1                  1.12127e-07
xtie.x_175_.net_3                       2.8197
xtie.x_175_.sel1_n                        3.63
tie_c0                              1.8644e-08
xtie.x_175_.net_0                         3.63
xtie.x_175_.net_2                         3.63
xtie._056_                         2.74859e-08
xtie.x_176_.net_0                         3.63
xtie.x_177_.net_0                   1.0732e-08
xtie._014_                                3.63
xtie.x_177_.net_1                         3.63
xtie.x_178_.int04                         3.63
xtie._015_                          1.8644e-08
xtie.x_178_.net_1                  1.12127e-07
xtie.x_178_.net_3                       2.8197
xtie.x_178_.sel1_n                        3.63
tie_c1                              1.8644e-08
xtie.x_178_.net_0                         3.63
xtie.x_178_.net_2                         3.63
xtie.x_179_.int04                         3.63
xtie._016_                          1.8644e-08
xtie.x_179_.net_1                  1.12127e-07
xtie.x_179_.net_3                       2.8197
xtie.x_179_.sel1_n                        3.63
tie_c2                              1.8644e-08
xtie.x_179_.net_0                         3.63
xtie.x_179_.net_2                         3.63
xtie._057_                         2.74859e-08
xtie.x_180_.net_0                         3.63
xtie.x_181_.net_0                   1.0732e-08
xtie._017_                                3.63
xtie.x_181_.net_1                         3.63
xtie._058_                         2.74859e-08
xtie.x_182_.net_0                         3.63
xtie.x_183_.net_0                   1.0732e-08
xtie._018_                                3.63
xtie.x_183_.net_1                         3.63
xtie._059_                         2.74859e-08
xtie.x_184_.net_0                         3.63
xtie.x_185_.net_0                   1.0732e-08
xtie._019_                                3.63
xtie.x_185_.net_1                         3.63
xtie._060_                         6.24547e-08
xtie.x_186_.net_0                      1.13911
xtie.x_187_.net_0                   1.0732e-08
xtie._020_                                3.63
xtie.x_187_.net_1                         3.63
xtie.x_188_.int04                         3.63
xtie._021_                          1.8644e-08
xtie.x_188_.net_1                  1.12127e-07
xtie.x_188_.net_3                       2.8197
xtie.x_188_.sel1_n                        3.63
tie_c3                              1.8644e-08
xtie.x_188_.net_0                         3.63
xtie.x_188_.net_2                         3.63
xtie._061_                         2.74859e-08
xtie.x_189_.net_0                         3.63
xtie.x_190_.net_0                   1.0732e-08
xtie._022_                                3.63
xtie.x_190_.net_1                         3.63
xtie.x_191_.int04                         3.63
xtie._023_                          1.8644e-08
xtie.x_191_.net_1                  1.12127e-07
xtie.x_191_.net_3                       2.8197
xtie.x_191_.sel1_n                        3.63
tie_c4                              1.8644e-08
xtie.x_191_.net_0                         3.63
xtie.x_191_.net_2                         3.63
xtie.x_192_.int04                         3.63
xtie._024_                          1.8644e-08
xtie.x_192_.net_1                  1.12127e-07
xtie.x_192_.net_3                       2.8197
xtie.x_192_.sel1_n                        3.63
tie_c5                              1.8644e-08
xtie.x_192_.net_0                         3.63
xtie.x_192_.net_2                         3.63
xtie._062_                         2.74859e-08
xtie.x_193_.net_0                         3.63
xtie.x_194_.net_0                   1.0732e-08
xtie._025_                                3.63
xtie.x_194_.net_1                         3.63
xtie._063_                         2.74859e-08
xtie.x_195_.net_0                         3.63
xtie.x_196_.net_0                   1.0732e-08
xtie._026_                                3.63
xtie.x_196_.net_1                         3.63
xtie.x_197_.int04                         3.63
xtie._027_                          1.8644e-08
xtie.x_197_.net_1                  1.12127e-07
xtie.x_197_.net_3                       2.8197
xtie.x_197_.sel1_n                        3.63
tie_c6                              1.8644e-08
xtie.x_197_.net_0                         3.63
xtie.x_197_.net_2                         3.63
xtie.x_198_.int04                         3.63
xtie._028_                          1.8644e-08
xtie.x_198_.net_1                  1.12127e-07
xtie.x_198_.net_3                       2.8197
xtie.x_198_.sel1_n                        3.63
tie_c7                              1.8644e-08
xtie.x_198_.net_0                         3.63
xtie.x_198_.net_2                         3.63
xtie._064_                         2.74859e-08
xtie.x_199_.net_0                         3.63
xtie.x_200_.net_0                   1.0732e-08
xtie._029_                                3.63
xtie.x_200_.net_1                         3.63
xtie.x_201_.ncki                          3.63
xtie.x_201_.cki                    3.79621e-08
xtie.x_201_.net5                   8.34082e-08
xtie.x_201_.net4                   1.66816e-07
xtie.x_201_.net6                   1.32791e-13
xtie.x_201_.net0                          3.63
xtie.x_201_.net2                          3.63
xtie.x_201_.net1                        2.8197
xtie.x_201_.net3                   3.83414e-08
xtie.x_201_.net7                          3.63
xtie.x_201_.net8                       3.62215
xtie.x_201_.net1x                         3.63
xtie.x_202_.ncki                          3.63
xtie.x_202_.cki                    3.79621e-08
xtie.x_202_.net5                   8.34082e-08
xtie.x_202_.net4                   1.66816e-07
xtie.x_202_.net6                   1.32791e-13
xtie.x_202_.net0                          3.63
xtie.x_202_.net2                          3.63
xtie.x_202_.net1                        2.8197
xtie.x_202_.net3                   3.83414e-08
xtie.x_202_.net7                          3.63
xtie.x_202_.net8                       3.62215
xtie.x_202_.net1x                         3.63
xtie.x_203_.ncki                          3.63
xtie.x_203_.cki                    3.79621e-08
xtie.x_203_.net5                   8.34082e-08
xtie.x_203_.net4                   1.66816e-07
xtie.x_203_.net6                   1.32791e-13
xtie.x_203_.net0                          3.63
xtie.x_203_.net2                          3.63
xtie.x_203_.net1                        2.8197
xtie.x_203_.net3                   3.83414e-08
xtie.x_203_.net7                          3.63
xtie.x_203_.net8                       3.62215
xtie.x_203_.net1x                         3.63
xtie.x_204_.ncki                          3.63
xtie.x_204_.cki                    3.79621e-08
xtie.x_204_.net5                   8.34082e-08
xtie.x_204_.net4                   1.66816e-07
xtie.x_204_.net6                   1.32791e-13
xtie.x_204_.net0                          3.63
xtie.x_204_.net2                          3.63
xtie.x_204_.net1                        2.8197
xtie.x_204_.net3                   3.83414e-08
xtie.x_204_.net7                          3.63
xtie.x_204_.net8                       3.62215
xtie.x_204_.net1x                         3.63
xtie.x_205_.ncki                          3.63
xtie.x_205_.cki                    3.79621e-08
xtie.x_205_.net5                   8.34082e-08
xtie.x_205_.net4                   1.66816e-07
xtie.x_205_.net6                   1.32791e-13
xtie.x_205_.net0                          3.63
xtie.x_205_.net2                          3.63
xtie.x_205_.net1                        2.8197
xtie.x_205_.net3                   3.83414e-08
xtie.x_205_.net7                          3.63
xtie.x_205_.net8                       3.62215
xtie.x_205_.net1x                         3.63
xtie.x_206_.ncki                          3.63
xtie.x_206_.cki                    3.79621e-08
xtie.x_206_.net5                   8.34082e-08
xtie.x_206_.net4                   1.66816e-07
xtie.x_206_.net6                   1.32791e-13
xtie.x_206_.net0                          3.63
xtie.x_206_.net2                          3.63
xtie.x_206_.net1                        2.8197
xtie.x_206_.net3                   3.83414e-08
xtie.x_206_.net7                          3.63
xtie.x_206_.net8                       3.62215
xtie.x_206_.net1x                         3.63
xtie.x_207_.ncki                          3.63
xtie.x_207_.cki                    3.79621e-08
xtie.x_207_.net5                   8.34082e-08
xtie.x_207_.net4                   1.66816e-07
xtie.x_207_.net6                   1.32791e-13
xtie.x_207_.net0                          3.63
xtie.x_207_.net2                          3.63
xtie.x_207_.net1                        2.8197
xtie.x_207_.net3                   3.83414e-08
xtie.x_207_.net7                          3.63
xtie.x_207_.net8                       3.62215
xtie.x_207_.net1x                         3.63
xtie.x_208_.ncki                          3.63
xtie.x_208_.cki                    3.79621e-08
xtie.x_208_.net5                   8.34082e-08
xtie.x_208_.net4                   1.66816e-07
xtie.x_208_.net6                   1.32791e-13
xtie.x_208_.net0                          3.63
xtie.x_208_.net2                          3.63
xtie.x_208_.net1                        2.8197
xtie.x_208_.net3                   3.83414e-08
xtie.x_208_.net7                          3.63
xtie.x_208_.net8                       3.62215
xtie.x_208_.net1x                         3.63
xtie.x_209_.ncki                          3.63
xtie.x_209_.cki                    3.79621e-08
xtie.x_209_.net5                   8.34082e-08
xtie.x_209_.net4                   1.66816e-07
xtie.x_209_.net6                   1.32791e-13
xtie.x_209_.net0                          3.63
xtie.x_209_.net2                          3.63
xtie.x_209_.net1                        2.8197
xtie.x_209_.net3                   3.83414e-08
xtie.x_209_.net7                          3.63
xtie.x_209_.net8                       3.62215
xtie.x_209_.net1x                         3.63
xtie.x_210_.ncki                          3.63
xtie.x_210_.cki                    3.79621e-08
xtie.x_210_.net5                   8.34082e-08
xtie.x_210_.net4                   1.66816e-07
xtie.x_210_.net6                   1.32791e-13
xtie.x_210_.net0                          3.63
xtie.x_210_.net2                          3.63
xtie.x_210_.net1                        2.8197
xtie.x_210_.net3                   3.83414e-08
xtie.x_210_.net7                          3.63
xtie.x_210_.net8                       3.62215
xtie.x_210_.net1x                         3.63
xtie.x_211_.ncki                          3.63
xtie.x_211_.cki                    3.79621e-08
xtie.x_211_.net5                   1.12127e-07
xtie.x_211_.net4                          3.63
xtie.x_211_.net6                     0.0578353
xtie.x_211_.net0                   8.32007e-08
xtie.x_211_.net2                   2.76556e-07
xtie.x_211_.net1                   1.38278e-07
xtie.x_211_.net3                          3.63
xtie.x_211_.net7                          3.63
xtie.x_211_.net8                          3.63
xtie.x_211_.net1x                      1.12516
xtie.x_212_.ncki                          3.63
xtie.x_212_.cki                    3.79621e-08
xtie.x_212_.net5                   1.12127e-07
xtie.x_212_.net4                          3.63
xtie.x_212_.net6                     0.0578353
xtie.x_212_.net0                   8.32007e-08
xtie.x_212_.net2                   2.76556e-07
xtie.x_212_.net1                   1.38278e-07
xtie.x_212_.net3                          3.63
xtie.x_212_.net7                          3.63
xtie.x_212_.net8                          3.63
xtie.x_212_.net1x                      1.12516
xtie.x_213_.ncki                          3.63
xtie.x_213_.cki                    3.79621e-08
xtie.x_213_.net5                   1.12127e-07
xtie.x_213_.net4                          3.63
xtie.x_213_.net6                     0.0578353
xtie.x_213_.net0                   8.32007e-08
xtie.x_213_.net2                   2.76556e-07
xtie.x_213_.net1                   1.38278e-07
xtie.x_213_.net3                          3.63
xtie.x_213_.net7                          3.63
xtie.x_213_.net8                          3.63
xtie.x_213_.net1x                      1.12516
xtie.x_214_.ncki                          3.63
xtie.x_214_.cki                    3.79621e-08
xtie.x_214_.net5                   1.12127e-07
xtie.x_214_.net4                          3.63
xtie.x_214_.net6                     0.0578353
xtie.x_214_.net0                   8.32007e-08
xtie.x_214_.net2                   2.76556e-07
xtie.x_214_.net1                   1.38278e-07
xtie.x_214_.net3                          3.63
xtie.x_214_.net7                          3.63
xtie.x_214_.net8                          3.63
xtie.x_214_.net1x                      1.12516
xtie.x_215_.ncki                          3.63
xtie.x_215_.cki                    3.79621e-08
xtie.x_215_.net5                   1.12127e-07
xtie.x_215_.net4                          3.63
xtie.x_215_.net6                     0.0578353
xtie.x_215_.net0                   8.32007e-08
xtie.x_215_.net2                   2.76556e-07
xtie.x_215_.net1                   1.38278e-07
xtie.x_215_.net3                          3.63
xtie.x_215_.net7                          3.63
xtie.x_215_.net8                          3.63
xtie.x_215_.net1x                      1.12516
xtie.x_216_.ncki                          3.63
xtie.x_216_.cki                    3.79621e-08
xtie.x_216_.net5                   1.12127e-07
xtie.x_216_.net4                          3.63
xtie.x_216_.net6                     0.0578353
xtie.x_216_.net0                   8.32007e-08
xtie.x_216_.net2                   2.76556e-07
xtie.x_216_.net1                   1.38278e-07
xtie.x_216_.net3                          3.63
xtie.x_216_.net7                          3.63
xtie.x_216_.net8                          3.63
xtie.x_216_.net1x                      1.12516
xtie.x_217_.ncki                          3.63
xtie.x_217_.cki                    3.79621e-08
xtie.x_217_.net5                   1.12127e-07
xtie.x_217_.net4                          3.63
xtie.x_217_.net6                     0.0578353
xtie.x_217_.net0                   8.32007e-08
xtie.x_217_.net2                   2.76556e-07
xtie.x_217_.net1                   1.38278e-07
xtie.x_217_.net3                          3.63
xtie.x_217_.net7                          3.63
xtie.x_217_.net8                          3.63
xtie.x_217_.net1x                      1.12516
xtie.x_218_.ncki                          3.63
xtie.x_218_.cki                    3.79621e-08
xtie.x_218_.net5                   1.12127e-07
xtie.x_218_.net4                          3.63
xtie.x_218_.net6                     0.0578353
xtie.x_218_.net0                   8.32007e-08
xtie.x_218_.net2                   2.76556e-07
xtie.x_218_.net1                   1.38278e-07
xtie.x_218_.net3                          3.63
xtie.x_218_.net7                          3.63
xtie.x_218_.net8                          3.63
xtie.x_218_.net1x                      1.12516
xtie.x_219_.ncki                          3.63
xtie.x_219_.cki                    3.79621e-08
xtie.x_219_.net5                   1.12127e-07
xtie.x_219_.net4                          3.63
xtie.x_219_.net6                     0.0578353
xtie.x_219_.net0                   8.32007e-08
xtie.x_219_.net2                   2.76556e-07
xtie.x_219_.net1                   1.38278e-07
xtie.x_219_.net3                          3.63
xtie.x_219_.net7                          3.63
xtie.x_219_.net8                          3.63
xtie.x_219_.net1x                      1.12516
xtie.x_220_.ncki                          3.63
xtie.x_220_.cki                    3.79621e-08
xtie.x_220_.net5                   1.12127e-07
xtie.x_220_.net4                          3.63
xtie.x_220_.net6                     0.0578353
xtie.x_220_.net0                   8.32007e-08
xtie.x_220_.net2                   2.76556e-07
xtie.x_220_.net1                   1.38278e-07
xtie.x_220_.net3                          3.63
xtie.x_220_.net7                          3.63
xtie.x_220_.net8                          3.63
xtie.x_220_.net1x                      1.12516
xtie.x_221_.ncki                          3.63
xtie.x_221_.cki                    3.79621e-08
xtie.x_221_.net5                   8.34082e-08
xtie.x_221_.net4                   1.66816e-07
xtie.x_221_.net6                   1.32791e-13
xtie.x_221_.net0                          3.63
xtie.x_221_.net2                          3.63
xtie.x_221_.net1                        2.8197
xtie.x_221_.net3                   3.83414e-08
xtie.x_221_.net7                          3.63
xtie.x_221_.net8                       3.62215
xtie.x_221_.net1x                         3.63
xtie.x_222_.ncki                          3.63
xtie.x_222_.cki                    3.79621e-08
xtie.x_222_.net5                   8.34082e-08
xtie.x_222_.net4                   1.66816e-07
xtie.x_222_.net6                   1.32791e-13
xtie.x_222_.net0                          3.63
xtie.x_222_.net2                          3.63
xtie.x_222_.net1                        2.8197
xtie.x_222_.net3                   3.83414e-08
xtie.x_222_.net7                          3.63
xtie.x_222_.net8                       3.62215
xtie.x_222_.net1x                         3.63
xtie.x_223_.ncki                          3.63
xtie.x_223_.cki                    3.79621e-08
xtie.x_223_.net5                   8.34082e-08
xtie.x_223_.net4                   1.66816e-07
xtie.x_223_.net6                   1.32791e-13
xtie.x_223_.net0                          3.63
xtie.x_223_.net2                          3.63
xtie.x_223_.net1                        2.8197
xtie.x_223_.net3                   3.83414e-08
xtie.x_223_.net7                          3.63
xtie.x_223_.net8                       3.62215
xtie.x_223_.net1x                         3.63
xtie.x_224_.ncki                          3.63
xtie.x_224_.cki                    3.79621e-08
xtie.x_224_.net5                   8.34082e-08
xtie.x_224_.net4                   1.66816e-07
xtie.x_224_.net6                   1.32791e-13
xtie.x_224_.net0                          3.63
xtie.x_224_.net2                          3.63
xtie.x_224_.net1                        2.8197
xtie.x_224_.net3                   3.83414e-08
xtie.x_224_.net7                          3.63
xtie.x_224_.net8                       3.62215
xtie.x_224_.net1x                         3.63
xtie.x_225_.ncki                          3.63
xtie.x_225_.cki                    3.79621e-08
xtie.x_225_.net5                   8.34082e-08
xtie.x_225_.net4                   1.66816e-07
xtie.x_225_.net6                   1.32791e-13
xtie.x_225_.net0                          3.63
xtie.x_225_.net2                          3.63
xtie.x_225_.net1                        2.8197
xtie.x_225_.net3                   3.83414e-08
xtie.x_225_.net7                          3.63
xtie.x_225_.net8                       3.62215
xtie.x_225_.net1x                         3.63
xtie.x_226_.ncki                          3.63
xtie.x_226_.cki                    3.79621e-08
xtie.x_226_.net5                   8.34082e-08
xtie.x_226_.net4                   1.66816e-07
xtie.x_226_.net6                   1.32791e-13
xtie.x_226_.net0                          3.63
xtie.x_226_.net2                          3.63
xtie.x_226_.net1                        2.8197
xtie.x_226_.net3                   3.83414e-08
xtie.x_226_.net7                          3.63
xtie.x_226_.net8                       3.62215
xtie.x_226_.net1x                         3.63
xtie.x_227_.ncki                          3.63
xtie.x_227_.cki                    3.79621e-08
xtie.x_227_.net5                   8.34082e-08
xtie.x_227_.net4                   1.66816e-07
xtie.x_227_.net6                   1.32791e-13
xtie.x_227_.net0                          3.63
xtie.x_227_.net2                          3.63
xtie.x_227_.net1                        2.8197
xtie.x_227_.net3                   3.83414e-08
xtie.x_227_.net7                          3.63
xtie.x_227_.net8                       3.62215
xtie.x_227_.net1x                         3.63
xtie.x_228_.ncki                          3.63
xtie.x_228_.cki                    3.79621e-08
xtie.x_228_.net5                   8.34082e-08
xtie.x_228_.net4                   1.66816e-07
xtie.x_228_.net6                   1.32791e-13
xtie.x_228_.net0                          3.63
xtie.x_228_.net2                          3.63
xtie.x_228_.net1                        2.8197
xtie.x_228_.net3                   3.83414e-08
xtie.x_228_.net7                          3.63
xtie.x_228_.net8                       3.62215
xtie.x_228_.net1x                         3.63
xtie.x_229_.ncki                          3.63
xtie.x_229_.cki                    3.79621e-08
xtie.x_229_.net5                   8.34082e-08
xtie.x_229_.net4                   1.66816e-07
xtie.x_229_.net6                   1.32791e-13
xtie.x_229_.net0                          3.63
xtie.x_229_.net2                          3.63
xtie.x_229_.net1                        2.8197
xtie.x_229_.net3                   3.83414e-08
xtie.x_229_.net7                          3.63
xtie.x_229_.net8                       3.62215
xtie.x_229_.net1x                         3.63
xtie.x_230_.ncki                          3.63
xtie.x_230_.cki                    3.79621e-08
xtie.x_230_.net5                   8.34082e-08
xtie.x_230_.net4                   1.66816e-07
xtie.x_230_.net6                   1.32791e-13
xtie.x_230_.net0                          3.63
xtie.x_230_.net2                    5.0133e-07
xtie.x_230_.net1                   2.50665e-07
xtie.x_230_.net3                          3.63
xtie.x_230_.net7                          3.63
xtie.x_230_.net8                       3.62215
xtie.x_230_.net1x                      1.12516
xtie.x_231_.ncki                          3.63
xtie.x_231_.cki                    3.79621e-08
xtie.x_231_.net5                   1.12127e-07
xtie.x_231_.net4                          3.63
xtie.x_231_.net6                     0.0578353
xtie.x_231_.net0                   8.32007e-08
xtie.x_231_.net2                   2.76556e-07
xtie.x_231_.net1                   1.38278e-07
xtie.x_231_.net3                          3.63
xtie.x_231_.net7                          3.63
xtie.x_231_.net8                          3.63
xtie.x_231_.net1x                      1.12516
xtie.x_232_.ncki                          3.63
xtie.x_232_.cki                    3.79621e-08
xtie.x_232_.net5                   1.12127e-07
xtie.x_232_.net4                          3.63
xtie.x_232_.net6                     0.0578353
xtie.x_232_.net0                   8.32007e-08
xtie.x_232_.net2                   2.76556e-07
xtie.x_232_.net1                   1.38278e-07
xtie.x_232_.net3                          3.63
xtie.x_232_.net7                          3.63
xtie.x_232_.net8                          3.63
xtie.x_232_.net1x                      1.12516
xtie.x_233_.ncki                          3.63
xtie.x_233_.cki                    3.79621e-08
xtie.x_233_.net5                   1.12127e-07
xtie.x_233_.net4                          3.63
xtie.x_233_.net6                     0.0578353
xtie.x_233_.net0                   8.32007e-08
xtie.x_233_.net2                   2.76556e-07
xtie.x_233_.net1                   1.38278e-07
xtie.x_233_.net3                          3.63
xtie.x_233_.net7                          3.63
xtie.x_233_.net8                          3.63
xtie.x_233_.net1x                      1.12516
xtie.x_234_.ncki                          3.63
xtie.x_234_.cki                    3.79621e-08
xtie.x_234_.net5                   1.12127e-07
xtie.x_234_.net4                          3.63
xtie.x_234_.net6                     0.0578353
xtie.x_234_.net0                   8.32007e-08
xtie.x_234_.net2                   2.76556e-07
xtie.x_234_.net1                   1.38278e-07
xtie.x_234_.net3                          3.63
xtie.x_234_.net7                          3.63
xtie.x_234_.net8                          3.63
xtie.x_234_.net1x                      1.12516
xtie.x_235_.ncki                          3.63
xtie.x_235_.cki                    3.79621e-08
xtie.x_235_.net5                   1.12127e-07
xtie.x_235_.net4                          3.63
xtie.x_235_.net6                     0.0578353
xtie.x_235_.net0                   8.32007e-08
xtie.x_235_.net2                   2.76556e-07
xtie.x_235_.net1                   1.38278e-07
xtie.x_235_.net3                          3.63
xtie.x_235_.net7                          3.63
xtie.x_235_.net8                          3.63
xtie.x_235_.net1x                      1.12516
xtie.x_236_.ncki                          3.63
xtie.x_236_.cki                    3.79621e-08
xtie.x_236_.net5                   1.12127e-07
xtie.x_236_.net4                          3.63
xtie.x_236_.net6                     0.0578353
xtie.x_236_.net0                   8.32007e-08
xtie.x_236_.net2                   2.76556e-07
xtie.x_236_.net1                   1.38278e-07
xtie.x_236_.net3                          3.63
xtie.x_236_.net7                          3.63
xtie.x_236_.net8                          3.63
xtie.x_236_.net1x                      1.12516
xtie.x_237_.ncki                          3.63
xtie.x_237_.cki                    3.79621e-08
xtie.x_237_.net5                   1.12127e-07
xtie.x_237_.net4                          3.63
xtie.x_237_.net6                     0.0578353
xtie.x_237_.net0                   8.32007e-08
xtie.x_237_.net2                   2.76556e-07
xtie.x_237_.net1                   1.38278e-07
xtie.x_237_.net3                          3.63
xtie.x_237_.net7                          3.63
xtie.x_237_.net8                          3.63
xtie.x_237_.net1x                      1.12516
xtie.x_238_.ncki                          3.63
xtie.x_238_.cki                    3.79621e-08
xtie.x_238_.net5                   1.12127e-07
xtie.x_238_.net4                          3.63
xtie.x_238_.net6                     0.0578353
xtie.x_238_.net0                   8.32007e-08
xtie.x_238_.net2                   2.76556e-07
xtie.x_238_.net1                   1.38278e-07
xtie.x_238_.net3                          3.63
xtie.x_238_.net7                          3.63
xtie.x_238_.net8                          3.63
xtie.x_238_.net1x                      1.12516
xtie.x_239_.ncki                          3.63
xtie.x_239_.cki                    3.79621e-08
xtie.x_239_.net5                   1.12127e-07
xtie.x_239_.net4                          3.63
xtie.x_239_.net6                     0.0578353
xtie.x_239_.net0                   8.32007e-08
xtie.x_239_.net2                   2.76556e-07
xtie.x_239_.net1                   1.38278e-07
xtie.x_239_.net3                          3.63
xtie.x_239_.net7                          3.63
xtie.x_239_.net8                          3.63
xtie.x_239_.net1x                      1.12516
xtie.x_240_.ncki                          3.63
xtie.x_240_.cki                    3.79621e-08
xtie.x_240_.net5                   1.12127e-07
xtie.x_240_.net4                          3.63
xtie.x_240_.net6                     0.0578353
xtie.x_240_.net0                   8.32007e-08
xtie.x_240_.net2                   2.76556e-07
xtie.x_240_.net1                   1.38278e-07
xtie.x_240_.net3                          3.63
xtie.x_240_.net7                          3.63
xtie.x_240_.net8                          3.63
xtie.x_240_.net1x                      1.12516
xtie.x_241_.ncki                          3.63
xtie.x_241_.cki                    3.79621e-08
xtie.x_241_.net5                   1.12127e-07
xtie.x_241_.net4                          3.63
xtie.x_241_.net6                     0.0578353
xtie.x_241_.net0                   8.32007e-08
xtie.x_241_.net2                   2.76556e-07
xtie.x_241_.net1                   1.38278e-07
xtie.x_241_.net3                          3.63
xtie.x_241_.net7                          3.63
xtie.x_241_.net8                          3.63
xtie.x_241_.net1x                      1.12516
xtie.x_242_.ncki                          3.63
xtie.x_242_.cki                    3.79621e-08
xtie.x_242_.net5                   1.12127e-07
xtie.x_242_.net4                          3.63
xtie.x_242_.net6                     0.0578353
xtie.x_242_.net0                   8.32007e-08
xtie.x_242_.net2                   2.76556e-07
xtie.x_242_.net1                   1.38278e-07
xtie.x_242_.net3                          3.63
xtie.x_242_.net7                          3.63
xtie.x_242_.net8                          3.63
xtie.x_242_.net1x                      1.12516
xtie.x_243_.ncki                          3.63
xtie.x_243_.cki                    3.79621e-08
xtie.x_243_.net5                   1.12127e-07
xtie.x_243_.net4                          3.63
xtie.x_243_.net6                     0.0578353
xtie.x_243_.net0                   8.32007e-08
xtie.x_243_.net2                   2.76556e-07
xtie.x_243_.net1                   1.38278e-07
xtie.x_243_.net3                          3.63
xtie.x_243_.net7                          3.63
xtie.x_243_.net8                          3.63
xtie.x_243_.net1x                      1.12516
xtie.x_244_.ncki                          3.63
xtie.x_244_.cki                    3.79621e-08
xtie.x_244_.net5                   1.12127e-07
xtie.x_244_.net4                          3.63
xtie.x_244_.net6                     0.0578353
xtie.x_244_.net0                   8.32007e-08
xtie.x_244_.net2                   2.76556e-07
xtie.x_244_.net1                   1.38278e-07
xtie.x_244_.net3                          3.63
xtie.x_244_.net7                          3.63
xtie.x_244_.net8                          3.63
xtie.x_244_.net1x                      1.12516
xtie.x_245_.ncki                          3.63
xtie.x_245_.cki                    3.79621e-08
xtie.x_245_.net5                   1.12127e-07
xtie.x_245_.net4                          3.63
xtie.x_245_.net6                     0.0578353
xtie.x_245_.net0                   8.32007e-08
xtie.x_245_.net2                   2.76556e-07
xtie.x_245_.net1                   1.38278e-07
xtie.x_245_.net3                          3.63
xtie.x_245_.net7                          3.63
xtie.x_245_.net8                          3.63
xtie.x_245_.net1x                      1.12516
tie_vinp                                 1.815
tie_shp                                  1.815
tie_vinn                                 1.815
tie_shn                                  1.815
tie_sampd                          1.66658e-07
tie_shxp                                 1.815
tie_shxn                                 1.815
tie_topip                              3.62646
tie_topin                                1.815
tie_topp                               3.62646
tie_topn                                 1.815
tie_cmpd                                  3.63
tie_code                                     0
tie_conf                           6.49558e-07
tie_nside                          9.37751e-08
tie_acq                            4.59113e-08
tie_iso                           -4.07752e-08
tie_dev                                      0
btiedev#branch                               0
btieiso#branch                               0
btieacq#branch                               0
btienside#branch                             0
btieconf#branch                              0
btiecode#branch                              0
btiecmp#branch                    -7.63278e-22
btietopn#branch                   -3.25781e-20
btietopp#branch                    4.94093e-20
vvdd_gate#branch                   -4.5566e-09
vtiecm#branch                     -3.32989e-28
vtiein#branch                     -3.32989e-28
vtiemode#branch                              0
vtiestart#branch                             0
vclk#branch                                  0

 Reference value :  0.00000e+00
 Reference value :  2.96272e-10
 Reference value :  1.86204e-09
 Reference value :  8.77048e-09
 Reference value :  2.50635e-08
 Reference value :  3.15550e-08
 Reference value :  5.60571e-08
 Reference value :  6.29754e-08
 Reference value :  9.38500e-08
 Reference value :  9.44567e-08
 Reference value :  1.25010e-07
 Reference value :  1.25595e-07
 Reference value :  1.46985e-07
 Reference value :  1.56788e-07
 Reference value :  1.60517e-07
 Reference value :  1.87600e-07
 Reference value :  1.88355e-07
 Reference value :  1.91113e-07
 Reference value :  2.18860e-07
 Reference value :  2.19457e-07
 Reference value :  2.28294e-07
 Reference value :  2.50107e-07
 Reference value :  2.51055e-07
 Reference value :  2.53703e-07
 Reference value :  2.81380e-07
 Reference value :  2.82242e-07
 Reference value :  2.95791e-07
 Reference value :  3.12649e-07
 Reference value :  3.13555e-07
 Reference value :  3.17659e-07
 Reference value :  3.35994e-07
 Reference value :  3.43999e-07
 Reference value :  3.45951e-07
 Reference value :  3.75010e-07
 Reference value :  3.75470e-07
 Reference value :  3.77019e-07
 Reference value :  3.90261e-07
 Reference value :  4.06499e-07
 Reference value :  4.07878e-07
 Reference value :  4.34128e-07
 Reference value :  4.37970e-07
 Reference value :  4.39518e-07
 Reference value :  4.50065e-07
 Reference value :  4.56326e-07
 Reference value :  4.67403e-07
 Reference value :  4.69167e-07
 Reference value :  4.73002e-07
 Reference value :  5.00065e-07
 Reference value :  5.00855e-07
 Reference value :  5.05874e-07
 Reference value :  5.31499e-07
 Reference value :  5.33446e-07
 Reference value :  5.62510e-07
 Reference value :  5.62970e-07
 Reference value :  5.65450e-07
 Reference value :  5.93999e-07
 Reference value :  5.95377e-07
 Reference value :  6.21642e-07
 Reference value :  6.25470e-07
 Reference value :  6.27016e-07
 Reference value :  6.56380e-07
 Reference value :  6.57241e-07
 Reference value :  6.70784e-07
 Reference value :  6.87649e-07
 Reference value :  6.88791e-07
 Reference value :  7.12113e-07
 Reference value :  7.19167e-07
 Reference value :  7.23005e-07
 Reference value :  7.50065e-07
 Reference value :  7.51057e-07
 Reference value :  7.64622e-07
 Reference value :  7.81555e-07
 Reference value :  7.84163e-07
 Reference value :  8.12510e-07
 Reference value :  8.12970e-07
 Reference value :  8.14881e-07
 Reference value :  8.43950e-07
 Reference value :  8.45006e-07
 Reference value :  8.68284e-07
 Reference value :  8.75310e-07
 Reference value :  8.76502e-07
 Reference value :  9.06350e-07
 Reference value :  9.06957e-07
 Reference value :  9.15784e-07
 Reference value :  9.37649e-07
 Reference value :  9.38756e-07
 Reference value :  9.42443e-07
 Reference value :  9.68971e-07
 Reference value :  9.70376e-07
 Reference value :  9.96611e-07
 Reference value :  1.00047e-06
 Reference value :  1.00124e-06
 Reference value :  1.00288e-06
 Reference value :  1.02027e-06
 Reference value :  1.03155e-06
 Reference value :  1.03345e-06
 Reference value :  1.04872e-06
 Reference value :  1.06253e-06
 Reference value :  1.06283e-06
 Reference value :  1.06286e-06
 Reference value :  1.06287e-06
 Reference value :  1.06318e-06
 Reference value :  1.06382e-06
 Reference value :  1.07028e-06
 Reference value :  1.09396e-06
 Reference value :  1.09453e-06
 Reference value :  1.09521e-06
 Reference value :  1.12503e-06
 Reference value :  1.12538e-06
 Reference value :  1.12582e-06
 Reference value :  1.12635e-06
 Reference value :  1.12708e-06
 Reference value :  1.13383e-06
 Reference value :  1.14192e-06
 Reference value :  1.14946e-06
 Reference value :  1.15492e-06
 Reference value :  1.15665e-06
 Reference value :  1.16041e-06
 Reference value :  1.18762e-06
 Reference value :  1.18855e-06
 Reference value :  1.19230e-06
 Reference value :  1.21891e-06
 Reference value :  1.21974e-06
 Reference value :  1.23330e-06
 Reference value :  1.25015e-06
 Reference value :  1.25105e-06
 Reference value :  1.25370e-06
 Reference value :  1.28136e-06
 Reference value :  1.28176e-06
 Reference value :  1.28646e-06
 Reference value :  1.31261e-06
 Reference value :  1.31335e-06
 Reference value :  1.31635e-06
 Reference value :  1.33442e-06
 Reference value :  1.34396e-06
 Reference value :  1.34406e-06
 Reference value :  1.34409e-06
 Reference value :  1.34410e-06
 Reference value :  1.34410e-06
 Reference value :  1.34411e-06
 Reference value :  1.34411e-06
 Reference value :  1.34411e-06
 Reference value :  1.34413e-06
 Reference value :  1.34413e-06
 Reference value :  1.34427e-06
 Reference value :  1.34468e-06
 Reference value :  1.36969e-06
 Reference value :  1.37547e-06
 Reference value :  1.37633e-06
 Reference value :  1.37709e-06
 Reference value :  1.37787e-06
 Reference value :  1.40081e-06
 Reference value :  1.40645e-06
 Reference value :  1.40684e-06
 Reference value :  1.41363e-06
 Reference value :  1.43765e-06
 Reference value :  1.43801e-06
 Reference value :  1.43831e-06
 Reference value :  1.43868e-06
 Reference value :  1.43922e-06
 Reference value :  1.44075e-06
 Reference value :  1.46895e-06
 Reference value :  1.47000e-06
 Reference value :  1.49659e-06
 Reference value :  1.50047e-06
 Reference value :  1.50236e-06
 Reference value :  1.53136e-06
 Reference value :  1.53224e-06
 Reference value :  1.54569e-06
 Reference value :  1.56265e-06
 Reference value :  1.56356e-06
 Reference value :  1.56721e-06
 Reference value :  1.59396e-06
 Reference value :  1.59500e-06
 Reference value :  1.61819e-06
 Reference value :  1.62531e-06
 Reference value :  1.62650e-06
 Reference value :  1.64571e-06
 Reference value :  1.65667e-06
 Reference value :  1.65915e-06
 Reference value :  1.68751e-06
 Reference value :  1.68797e-06
 Reference value :  1.68950e-06
 Reference value :  1.71886e-06
 Reference value :  1.71946e-06
 Reference value :  1.72819e-06
 Reference value :  1.75012e-06
 Reference value :  1.75106e-06
 Reference value :  1.75471e-06
 Reference value :  1.78145e-06
 Reference value :  1.78250e-06
 Reference value :  1.80569e-06
 Reference value :  1.81281e-06
 Reference value :  1.81376e-06
 Reference value :  1.82314e-06
 Reference value :  1.84400e-06
 Reference value :  1.84537e-06
 Reference value :  1.87160e-06
 Reference value :  1.87547e-06
 Reference value :  1.87647e-06
 Reference value :  1.88500e-06
 Reference value :  1.90655e-06
 Reference value :  1.90844e-06
 Reference value :  1.93760e-06
 Reference value :  1.93844e-06
 Reference value :  1.93983e-06
 Reference value :  1.95786e-06
 Reference value :  1.96905e-06
 Reference value :  1.97166e-06
 Reference value :  2.00003e-06
 Reference value :  2.00064e-06
 Reference value :  2.00187e-06
 Reference value :  2.00755e-06
 Reference value :  2.02870e-06
 Reference value :  2.03179e-06
 Reference value :  2.03746e-06
 Reference value :  2.04760e-06
 Reference value :  2.06251e-06
 Reference value :  2.06283e-06
 Reference value :  2.06324e-06
 Reference value :  2.06404e-06
 Reference value :  2.08003e-06
 Reference value :  2.09405e-06
 Reference value :  2.09666e-06
 Reference value :  2.12510e-06
 Reference value :  2.12523e-06
 Reference value :  2.12568e-06
 Reference value :  2.12625e-06
 Reference value :  2.12699e-06
 Reference value :  2.13032e-06
 Reference value :  2.14185e-06
 Reference value :  2.14750e-06
 Reference value :  2.15077e-06
 Reference value :  2.15636e-06
 Reference value :  2.15672e-06
 Reference value :  2.15807e-06
 Reference value :  2.18753e-06
 Reference value :  2.18814e-06
 Reference value :  2.18984e-06
 Reference value :  2.21512e-06
 Reference value :  2.21929e-06
 Reference value :  2.22497e-06
 Reference value :  2.25010e-06
 Reference value :  2.25086e-06
 Reference value :  2.25337e-06
 Reference value :  2.28138e-06
 Reference value :  2.28196e-06
 Reference value :  2.29078e-06
 Reference value :  2.31262e-06
 Reference value :  2.31356e-06
 Reference value :  2.31766e-06
 Reference value :  2.33442e-06
 Reference value :  2.34396e-06
 Reference value :  2.34407e-06
 Reference value :  2.34410e-06
 Reference value :  2.34412e-06
 Reference value :  2.34412e-06
 Reference value :  2.34412e-06
 Reference value :  2.34413e-06
 Reference value :  2.34413e-06
 Reference value :  2.34413e-06
 Reference value :  2.34414e-06
 Reference value :  2.34414e-06
 Reference value :  2.34415e-06
 Reference value :  2.34416e-06
 Reference value :  2.34416e-06
 Reference value :  2.34416e-06
 Reference value :  2.34416e-06
 Reference value :  2.34416e-06
 Reference value :  2.34416e-06
 Reference value :  2.34416e-06
 Reference value :  2.34417e-06
 Reference value :  2.34417e-06
 Reference value :  2.34417e-06
 Reference value :  2.34417e-06
 Reference value :  2.34417e-06
 Reference value :  2.34417e-06
 Reference value :  2.34417e-06
 Reference value :  2.34417e-06
 Reference value :  2.34417e-06
 Reference value :  2.34417e-06
 Reference value :  2.34417e-06
 Reference value :  2.34417e-06
 Reference value :  2.34417e-06
 Reference value :  2.34417e-06
 Reference value :  2.34418e-06
 Reference value :  2.34418e-06
 Reference value :  2.34444e-06
 Reference value :  2.35569e-06
 Reference value :  2.37520e-06
 Reference value :  2.37625e-06
 Reference value :  2.37759e-06
 Reference value :  2.38362e-06
 Reference value :  2.40089e-06
 Reference value :  2.40552e-06
 Reference value :  2.40641e-06
 Reference value :  2.40672e-06
 Reference value :  2.40793e-06
 Reference value :  2.43757e-06
 Reference value :  2.43784e-06
 Reference value :  2.43815e-06
 Reference value :  2.43866e-06
 Reference value :  2.43917e-06
 Reference value :  2.44354e-06
 Reference value :  2.46897e-06
 Reference value :  2.47037e-06
 Reference value :  2.49662e-06
 Reference value :  2.50047e-06
 Reference value :  2.50148e-06
 Reference value :  2.51504e-06
 Reference value :  2.53167e-06
 Reference value :  2.53416e-06
 Reference value :  2.56260e-06
 Reference value :  2.56336e-06
 Reference value :  2.56633e-06
 Reference value :  2.59392e-06
 Reference value :  2.59474e-06
 Reference value :  2.61324e-06
 Reference value :  2.62531e-06
 Reference value :  2.62626e-06
 Reference value :  2.63504e-06
 Reference value :  2.65650e-06
 Reference value :  2.65844e-06
 Reference value :  2.68751e-06
 Reference value :  2.68797e-06
 Reference value :  2.68918e-06
 Reference value :  2.71253e-06
 Reference value :  2.71917e-06
 Reference value :  2.72300e-06
 Reference value :  2.75010e-06
 Reference value :  2.75086e-06
 Reference value :  2.75383e-06
 Reference value :  2.78145e-06
 Reference value :  2.78287e-06
 Reference value :  2.81253e-06
 Reference value :  2.81314e-06
 Reference value :  2.81473e-06
 Reference value :  2.84388e-06
 Reference value :  2.84474e-06
 Reference value :  2.86325e-06
 Reference value :  2.87510e-06
 Reference value :  2.87586e-06
 Reference value :  2.87782e-06
 Reference value :  2.90636e-06
 Reference value :  2.90696e-06
 Reference value :  2.91574e-06
 Reference value :  2.93765e-06
 Reference value :  2.93878e-06
 Reference value :  2.94042e-06
 Reference value :  2.96888e-06
 Reference value :  2.96974e-06
 Reference value :  2.98822e-06
 Reference value :  3.00031e-06
 Reference value :  3.00127e-06
 Reference value :  3.00381e-06
 Reference value :  3.02265e-06
 Reference value :  3.03150e-06
 Reference value :  3.03345e-06
 Reference value :  3.04870e-06
 Reference value :  3.06256e-06
 Reference value :  3.06271e-06
 Reference value :  3.06273e-06
 Reference value :  3.06291e-06
 Reference value :  3.06331e-06
 Reference value :  3.06509e-06
 Reference value :  3.09391e-06
 Reference value :  3.09501e-06
 Reference value :  3.11828e-06
 Reference value :  3.12526e-06
 Reference value :  3.12571e-06
 Reference value :  3.12629e-06
 Reference value :  3.12688e-06
 Reference value :  3.12857e-06
 Reference value :  3.13923e-06
 Reference value :  3.14970e-06
 Reference value :  3.15340e-06
 Reference value :  3.15650e-06
 Reference value :  3.15701e-06
 Reference value :  3.16901e-06
 Reference value :  3.18785e-06
 Reference value :  3.18876e-06
 Reference value :  3.19330e-06
 Reference value :  3.21896e-06
 Reference value :  3.22001e-06
 Reference value :  3.24664e-06
 Reference value :  3.25047e-06
 Reference value :  3.25174e-06
 Reference value :  3.26503e-06
 Reference value :  3.28155e-06
 Reference value :  3.28345e-06
 Reference value :  3.31250e-06
 Reference value :  3.31273e-06
 Reference value :  3.31378e-06
 Reference value :  3.32368e-06
 Reference value :  3.33754e-06
 Reference value :  3.34413e-06
 Reference value :  3.34743e-06
 Reference value :  3.37511e-06
 Reference value :  3.37585e-06
 Reference value :  3.37731e-06
 Reference value :  3.38004e-06
 Reference value :  3.40078e-06
 Reference value :  3.40549e-06
 Reference value :  3.40645e-06
 Reference value :  3.40679e-06
 Reference value :  3.40912e-06
 Reference value :  3.43761e-06
 Reference value :  3.43785e-06
 Reference value :  3.43823e-06
 Reference value :  3.43868e-06
 Reference value :  3.43930e-06
 Reference value :  3.44736e-06
 Reference value :  3.46900e-06
 Reference value :  3.47094e-06
 Reference value :  3.50000e-06
 Reference value :  3.50022e-06
 Reference value :  3.50129e-06
 Reference value :  3.50850e-06
 Reference value :  3.53146e-06
 Reference value :  3.53250e-06
 Reference value :  3.55912e-06
 Reference value :  3.56297e-06
 Reference value :  3.56418e-06
 Reference value :  3.59065e-06
 Reference value :  3.59429e-06
 Reference value :  3.59800e-06
 Reference value :  3.62510e-06
 Reference value :  3.62586e-06
 Reference value :  3.62883e-06
 Reference value :  3.65642e-06
 Reference value :  3.65750e-06
 Reference value :  3.68074e-06
 Reference value :  3.68797e-06
 Reference value :  3.68918e-06
 Reference value :  3.71246e-06
 Reference value :  3.71917e-06
 Reference value :  3.72166e-06
 Reference value :  3.75003e-06
 Reference value :  3.75064e-06
 Reference value :  3.75168e-06
 Reference value :  3.77495e-06
 Reference value :  3.78167e-06
 Reference value :  3.78550e-06
 Reference value :  3.81260e-06
 Reference value :  3.81336e-06
 Reference value :  3.81633e-06
 Reference value :  3.84391e-06
 Reference value :  3.84500e-06
 Reference value :  3.86824e-06
 Reference value :  3.87531e-06
 Reference value :  3.87626e-06
 Reference value :  3.88493e-06
 Reference value :  3.90650e-06
 Reference value :  3.90916e-06
 Reference value :  3.93757e-06
 Reference value :  3.93814e-06
 Reference value :  3.93950e-06
 Reference value :  3.95717e-06
 Reference value :  3.96917e-06
 Reference value :  3.97166e-06
 Reference value :  4.00007e-06
 Reference value :  4.00085e-06
 Reference value :  4.00235e-06
 Reference value :  4.01265e-06
 Reference value :  4.03141e-06
 Reference value :  4.03224e-06
 Reference value :  4.04456e-06
 Reference value :  4.05840e-06
 Reference value :  4.06271e-06
 Reference value :  4.06273e-06
 Reference value :  4.06291e-06
 Reference value :  4.06331e-06
 Reference value :  4.06460e-06
 Reference value :  4.09386e-06
 Reference value :  4.09446e-06
 Reference value :  4.10328e-06
 Reference value :  4.12512e-06
 Reference value :  4.12543e-06
 Reference value :  4.12586e-06
 Reference value :  4.12668e-06
 Reference value :  4.12747e-06
 Reference value :  4.13602e-06
 Reference value :  4.14680e-06
 Reference value :  4.15063e-06
 Reference value :  4.15636e-06
 Reference value :  4.15672e-06
 Reference value :  4.15860e-06
 Reference value :  4.18762e-06
 Reference value :  4.18856e-06
 Reference value :  4.19330e-06
 Reference value :  4.21895e-06
 Reference value :  4.22001e-06
 Reference value :  4.24329e-06
 Reference value :  4.25031e-06
 Reference value :  4.25174e-06
 Reference value :  4.26503e-06
 Reference value :  4.28167e-06
 Reference value :  4.28551e-06
 Reference value :  4.31256e-06
 Reference value :  4.31335e-06
 Reference value :  4.31636e-06
 Reference value :  4.33442e-06
 Reference value :  4.34397e-06
 Reference value :  4.34493e-06
 Reference value :  4.36575e-06
 Reference value :  4.37531e-06
 Reference value :  4.37649e-06
 Reference value :  4.37786e-06
 Reference value :  4.38787e-06
 Reference value :  4.40078e-06
 Reference value :  4.40610e-06
 Reference value :  4.40650e-06
 Reference value :  4.40698e-06
 Reference value :  4.41794e-06
 Reference value :  4.43776e-06
 Reference value :  4.43817e-06
 Reference value :  4.43868e-06
 Reference value :  4.43920e-06
 Reference value :  4.44358e-06
 Reference value :  4.46900e-06
 Reference value :  4.47094e-06
 Reference value :  4.50000e-06
 Reference value :  4.50016e-06
 Reference value :  4.50107e-06
 Reference value :  4.50549e-06
 Reference value :  4.53146e-06
 Reference value :  4.53287e-06
 Reference value :  4.56250e-06
 Reference value :  4.56297e-06
 Reference value :  4.56418e-06
 Reference value :  4.58746e-06
 Reference value :  4.59429e-06
 Reference value :  4.59994e-06
 Reference value :  4.62510e-06
 Reference value :  4.62585e-06
 Reference value :  4.62726e-06
 Reference value :  4.65636e-06
 Reference value :  4.65696e-06
 Reference value :  4.66575e-06
 Reference value :  4.68761e-06
 Reference value :  4.68835e-06
 Reference value :  4.69008e-06
 Reference value :  4.71888e-06
 Reference value :  4.71974e-06
 Reference value :  4.73825e-06
 Reference value :  4.75021e-06
 Reference value :  4.75126e-06
 Reference value :  4.75995e-06
 Reference value :  4.78150e-06
 Reference value :  4.78287e-06
 Reference value :  4.80912e-06
 Reference value :  4.81263e-06
 Reference value :  4.81357e-06
 Reference value :  4.82087e-06
 Reference value :  4.84396e-06
 Reference value :  4.84500e-06
 Reference value :  4.86824e-06
 Reference value :  4.87531e-06
 Reference value :  4.87626e-06
 Reference value :  4.88993e-06
 Reference value :  4.90656e-06
 Reference value :  4.90916e-06
 Reference value :  4.93753e-06
 Reference value :  4.93814e-06
 Reference value :  4.93950e-06
 Reference value :  4.95717e-06
 Reference value :  4.96917e-06
 Reference value :  4.97166e-06
 Reference value :  5.00003e-06
 Reference value :  5.00064e-06
 Reference value :  5.00202e-06
 Reference value :  5.01265e-06
 Reference value :  5.03142e-06
 Reference value :  5.03224e-06
 Reference value :  5.04456e-06
 Reference value :  5.05840e-06
 Reference value :  5.06271e-06
 Reference value :  5.06273e-06
 Reference value :  5.06291e-06
 Reference value :  5.06331e-06
 Reference value :  5.06460e-06
 Reference value :  5.09386e-06
 Reference value :  5.09474e-06
 Reference value :  5.11328e-06
 Reference value :  5.12510e-06
 Reference value :  5.12518e-06
 Reference value :  5.12519e-06
 Reference value :  5.12534e-06
 Reference value :  5.12571e-06
 Reference value :  5.12622e-06
 Reference value :  5.12693e-06
 Reference value :  5.12943e-06
 Reference value :  5.14675e-06
 Reference value :  5.15108e-06
 Reference value :  5.15638e-06
 Reference value :  5.15672e-06
 Reference value :  5.15861e-06
 Reference value :  5.18760e-06
 Reference value :  5.18835e-06
 Reference value :  5.19042e-06
 Reference value :  5.21885e-06
 Reference value :  5.21946e-06
 Reference value :  5.22829e-06
 Reference value :  5.25015e-06
 Reference value :  5.25105e-06
 Reference value :  5.25500e-06
 Reference value :  5.28141e-06
 Reference value :  5.28224e-06
 Reference value :  5.29579e-06
 Reference value :  5.31265e-06
 Reference value :  5.31355e-06
 Reference value :  5.31766e-06
 Reference value :  5.33442e-06
 Reference value :  5.34396e-06
 Reference value :  5.34468e-06
 Reference value :  5.35575e-06
 Reference value :  5.37521e-06
 Reference value :  5.37605e-06
 Reference value :  5.37731e-06
 Reference value :  5.38004e-06
 Reference value :  5.40078e-06
 Reference value :  5.40549e-06
 Reference value :  5.40643e-06
 Reference value :  5.40679e-06
 Reference value :  5.40912e-06
 Reference value :  5.43757e-06
 Reference value :  5.43784e-06
 Reference value :  5.43821e-06
 Reference value :  5.43865e-06
 Reference value :  5.43917e-06
 Reference value :  5.44355e-06
 Reference value :  5.46897e-06
 Reference value :  5.47037e-06
 Reference value :  5.49662e-06
 Reference value :  5.50047e-06
 Reference value :  5.50148e-06
 Reference value :  5.51495e-06
 Reference value :  5.53156e-06
 Reference value :  5.53416e-06
 Reference value :  5.56253e-06
 Reference value :  5.56314e-06
 Reference value :  5.56445e-06
 Reference value :  5.59065e-06
 Reference value :  5.59429e-06
 Reference value :  5.59800e-06
 Reference value :  5.62506e-06
 Reference value :  5.62564e-06
 Reference value :  5.62668e-06
 Reference value :  5.64995e-06
 Reference value :  5.65679e-06
 Reference value :  5.66050e-06
 Reference value :  5.68756e-06
 Reference value :  5.68814e-06
 Reference value :  5.68945e-06
 Reference value :  5.71885e-06
 Reference value :  5.71946e-06
 Reference value :  5.72825e-06
 Reference value :  5.75010e-06
 Reference value :  5.75086e-06
 Reference value :  5.75383e-06
 Reference value :  5.78141e-06
 Reference value :  5.78224e-06
 Reference value :  5.80074e-06
 Reference value :  5.81271e-06
 Reference value :  5.81376e-06
 Reference value :  5.82289e-06
 Reference value :  5.84400e-06
 Reference value :  5.84537e-06
 Reference value :  5.87162e-06
 Reference value :  5.87547e-06
 Reference value :  5.87670e-06
 Reference value :  5.89495e-06
 Reference value :  5.90667e-06
 Reference value :  5.91050e-06
 Reference value :  5.93760e-06
 Reference value :  5.93835e-06
 Reference value :  5.93977e-06
 Reference value :  5.96551e-06
 Reference value :  5.96929e-06
 Reference value :  5.97299e-06
 Reference value :  6.00006e-06
 Reference value :  6.00085e-06
 Reference value :  6.00235e-06
 Reference value :  6.01265e-06
 Reference value :  6.03142e-06
 Reference value :  6.03224e-06
 Reference value :  6.04456e-06
 Reference value :  6.06045e-06
 Reference value :  6.06271e-06
 Reference value :  6.06273e-06
 Reference value :  6.06291e-06
 Reference value :  6.06331e-06
 Reference value :  6.06460e-06
 Reference value :  6.09386e-06
 Reference value :  6.09446e-06
 Reference value :  6.10328e-06
 Reference value :  6.12512e-06
 Reference value :  6.12543e-06
 Reference value :  6.12586e-06
 Reference value :  6.12668e-06
 Reference value :  6.12747e-06
 Reference value :  6.13602e-06
 Reference value :  6.14680e-06
 Reference value :  6.15063e-06
 Reference value :  6.15636e-06
 Reference value :  6.15672e-06
 Reference value :  6.15860e-06
 Reference value :  6.18756e-06
 Reference value :  6.18814e-06
 Reference value :  6.18984e-06
 Reference value :  6.21512e-06
 Reference value :  6.21929e-06
 Reference value :  6.22301e-06
 Reference value :  6.25006e-06
 Reference value :  6.25064e-06
 Reference value :  6.25235e-06
 Reference value :  6.27503e-06
 Reference value :  6.28167e-06
 Reference value :  6.28551e-06
 Reference value :  6.31257e-06
 Reference value :  6.31335e-06
 Reference value :  6.31636e-06
 Reference value :  6.33442e-06
 Reference value :  6.34396e-06
 Reference value :  6.34493e-06
 Reference value :  6.37500e-06
 Reference value :  6.37547e-06
 Reference value :  6.37700e-06
 Reference value :  6.37813e-06
 Reference value :  6.39730e-06
 Reference value :  6.40290e-06
 Reference value :  6.40610e-06
 Reference value :  6.40656e-06
 Reference value :  6.40731e-06
 Reference value :  6.43750e-06
 Reference value :  6.43776e-06
 Reference value :  6.43817e-06
 Reference value :  6.43868e-06
 Reference value :  6.43930e-06
 Reference value :  6.45236e-06
 Reference value :  6.46906e-06
 Reference value :  6.47166e-06
 Reference value :  6.50003e-06
 Reference value :  6.50064e-06
 Reference value :  6.50323e-06
 Reference value :  6.53150e-06
 Reference value :  6.55075e-06
 Reference value :  6.56281e-06
 Reference value :  6.56376e-06
 Reference value :  6.57245e-06
 Reference value :  6.59400e-06
 Reference value :  6.59537e-06
 Reference value :  6.62510e-06
 Reference value :  6.62628e-06
 Reference value :  6.63845e-06
 Reference value :  6.65650e-06
 Reference value :  6.65845e-06
 Reference value :  6.68751e-06
 Reference value :  6.68797e-06
 Reference value :  6.68918e-06
 Reference value :  6.71892e-06
 Reference value :  6.72000e-06
 Reference value :  6.74662e-06
 Reference value :  6.75047e-06
 Reference value :  6.75168e-06
 Reference value :  6.77495e-06
 Reference value :  6.78179e-06
 Reference value :  6.79075e-06
 Reference value :  6.81262e-06
 Reference value :  6.81356e-06
 Reference value :  6.81580e-06
 Reference value :  6.84392e-06
 Reference value :  6.84474e-06
 Reference value :  6.86325e-06
 Reference value :  6.87531e-06
 Reference value :  6.87626e-06
 Reference value :  6.88134e-06
 Reference value :  6.90647e-06
 Reference value :  6.90787e-06
 Reference value :  6.93750e-06
 Reference value :  6.93766e-06
 Reference value :  6.93858e-06
 Reference value :  6.94061e-06
 Reference value :  6.96885e-06
 Reference value :  6.96946e-06
 Reference value :  6.97825e-06
 Reference value :  7.00011e-06
 Reference value :  7.00106e-06
 Reference value :  7.00270e-06
 Reference value :  7.02265e-06
 Reference value :  7.03150e-06
 Reference value :  7.03288e-06
 Reference value :  7.04456e-06
 Reference value :  7.05840e-06
 Reference value :  7.06271e-06
 Reference value :  7.06273e-06
 Reference value :  7.06291e-06
 Reference value :  7.06331e-06
 Reference value :  7.06509e-06
 Reference value :  7.09391e-06
 Reference value :  7.09474e-06
 Reference value :  7.11328e-06
 Reference value :  7.12521e-06
 Reference value :  7.12556e-06
 Reference value :  7.12618e-06
 Reference value :  7.12674e-06
 Reference value :  7.12812e-06
 Reference value :  7.13923e-06
 Reference value :  7.14970e-06
 Reference value :  7.15340e-06
 Reference value :  7.15664e-06
 Reference value :  7.15807e-06
 Reference value :  7.18761e-06
 Reference value :  7.18855e-06
 Reference value :  7.19685e-06
 Reference value :  7.21906e-06
 Reference value :  7.22301e-06
 Reference value :  7.25010e-06
 Reference value :  7.25086e-06
 Reference value :  7.25323e-06
 Reference value :  7.28142e-06
 Reference value :  7.28251e-06
 Reference value :  7.30914e-06
 Reference value :  7.31297e-06
 Reference value :  7.31553e-06
 Reference value :  7.33442e-06
 Reference value :  7.34397e-06
 Reference value :  7.34525e-06
 Reference value :  7.37503e-06
 Reference value :  7.37564e-06
 Reference value :  7.37731e-06
 Reference value :  7.38359e-06
 Reference value :  7.40078e-06
 Reference value :  7.40610e-06
 Reference value :  7.40664e-06
 Reference value :  7.40792e-06
 Reference value :  7.43761e-06
 Reference value :  7.43800e-06
 Reference value :  7.43830e-06
 Reference value :  7.43876e-06
 Reference value :  7.43930e-06
 Reference value :  7.45236e-06
 Reference value :  7.46974e-06
 Reference value :  7.48325e-06
 Reference value :  7.50015e-06
 Reference value :  7.50106e-06
 Reference value :  7.50323e-06
 Reference value :  7.53141e-06
 Reference value :  7.53250e-06
 Reference value :  7.55575e-06
 Reference value :  7.56263e-06
 Reference value :  7.56357e-06
 Reference value :  7.56795e-06
 Reference value :  7.59396e-06
 Reference value :  7.59500e-06
 Reference value :  7.62162e-06
 Reference value :  7.62547e-06
 Reference value :  7.62668e-06
 Reference value :  7.64996e-06
 Reference value :  7.65667e-06
 Reference value :  7.66050e-06
 Reference value :  7.68756e-06
 Reference value :  7.68835e-06
 Reference value :  7.69073e-06
 Reference value :  7.71896e-06
 Reference value :  7.72037e-06
 Reference value :  7.75010e-06
 Reference value :  7.75086e-06
 Reference value :  7.75546e-06
 Reference value :  7.78146e-06
 Reference value :  7.78287e-06
 Reference value :  7.81250e-06
 Reference value :  7.81297e-06
 Reference value :  7.81417e-06
 Reference value :  7.83289e-06
 Reference value :  7.84417e-06
 Reference value :  7.85825e-06
 Reference value :  7.87531e-06
 Reference value :  7.87626e-06
 Reference value :  7.88495e-06
 Reference value :  7.90650e-06
 Reference value :  7.90787e-06
 Reference value :  7.93751e-06
 Reference value :  7.93878e-06
 Reference value :  7.94111e-06
 Reference value :  7.96895e-06
 Reference value :  7.97001e-06
 Reference value :  7.99322e-06
 Reference value :  8.00031e-06
 Reference value :  8.00150e-06
 Reference value :  8.01265e-06
 Reference value :  8.03142e-06
 Reference value :  8.03224e-06
 Reference value :  8.04456e-06
 Reference value :  8.05840e-06
 Reference value :  8.06271e-06
 Reference value :  8.06273e-06
 Reference value :  8.06291e-06
 Reference value :  8.06331e-06
 Reference value :  8.07077e-06
 Reference value :  8.09400e-06
 Reference value :  8.09595e-06
 Reference value :  8.12500e-06
 Reference value :  8.12526e-06
 Reference value :  8.12571e-06
 Reference value :  8.12629e-06
 Reference value :  8.12688e-06
 Reference value :  8.12857e-06
 Reference value :  8.13923e-06
 Reference value :  8.14970e-06
 Reference value :  8.15340e-06
 Reference value :  8.15650e-06
 Reference value :  8.15701e-06
 Reference value :  8.16901e-06
 Reference value :  8.18770e-06
 Reference value :  8.18875e-06
 Reference value :  8.19408e-06
 Reference value :  8.21896e-06
 Reference value :  8.22001e-06
 Reference value :  8.24329e-06
 Reference value :  8.25031e-06
 Reference value :  8.25147e-06
 Reference value :  8.25695e-06
 Reference value :  8.28145e-06
 Reference value :  8.28224e-06
 Reference value :  8.30079e-06
 Reference value :  8.31271e-06
 Reference value :  8.31375e-06
 Reference value :  8.31963e-06
 Reference value :  8.33594e-06
 Reference value :  8.34400e-06
 Reference value :  8.34493e-06
 Reference value :  8.36575e-06
 Reference value :  8.37547e-06
 Reference value :  8.37700e-06
 Reference value :  8.37813e-06
 Reference value :  8.39730e-06
 Reference value :  8.40290e-06
 Reference value :  8.40610e-06
 Reference value :  8.40650e-06
 Reference value :  8.40698e-06
 Reference value :  8.41794e-06
 Reference value :  8.43771e-06
 Reference value :  8.43800e-06
 Reference value :  8.43830e-06
 Reference value :  8.43876e-06
 Reference value :  8.43930e-06
 Reference value :  8.45236e-06
 Reference value :  8.46905e-06
 Reference value :  8.47094e-06
No. of Data Rows : 7776
dev_tie             =  1.00000e+00 at=  1.12563e-06
tie_a               =  2.06326e-06
tie_b               =  7.06326e-06
m_tie_code_deviation = 1.0000000000e+00
m_tie_conv_period_ns = 9.9999880000e+02
Note: Simulation executed from .control section 

Warning: m=xx on .subckt line will override multiplier m hierarchy!

