
Note: Compatibility modes selected: hs a


Circuit: * adc-power @ ff_-40c_2.97v -- generated by sim/harness, do not edit

Reducing trtol to 1 for xspice 'A' devices
Doing analysis at TEMP = -40.000000 and TNOM = 27.000000

Using SPARSE 1.3 as Direct Linear Solver

Initial Transient Solution
--------------------------

Node                                   Voltage
----                                   -------
clk                                          0
cmpclk                                       0
cmpclkb                                   2.97
vddt                                      2.97
vddd                                      2.97
vddc                                      2.97
vrefs                                     2.97
vrefn                                     2.97
vcmn                                     1.485
se_vinp                                      0
se_vinn                                  1.485
se_start                                     0
se_mode                                      0
se_cmp                                 1.22578
se_samp_tp_n                                 0
se_sel_in_n                                  0
se_drdy                                   2.97
se_c9                                        0
se_c8                                        0
se_c7                                        0
se_c6                                        0
se_c5                                        0
se_c4                                        0
se_c3                                        0
se_c2                                        0
se_c1                                        0
se_c0                                        0
se_rel_n_256p                             2.97
se_sel_hi_n_256p                             0
se_sel_lo_n_256p                             0
se_rel_n_128p                             2.97
se_sel_hi_n_128p                             0
se_sel_lo_n_128p                             0
se_rel_n_64p                              2.97
se_sel_hi_n_64p                              0
se_sel_lo_n_64p                              0
se_rel_n_32p                              2.97
se_sel_hi_n_32p                              0
se_sel_lo_n_32p                              0
se_rel_n_16p                              2.97
se_sel_hi_n_16p                              0
se_sel_lo_n_16p                              0
se_rel_n_8p                               2.97
se_sel_hi_n_8p                               0
se_sel_lo_n_8p                               0
se_rel_n_4p                               2.97
se_sel_hi_n_4p                               0
se_sel_lo_n_4p                               0
se_rel_n_2p                               2.97
se_sel_hi_n_2p                               0
se_sel_lo_n_2p                               0
se_rel_n_1p                               2.97
se_sel_hi_n_1p                               0
se_sel_lo_n_1p                               0
se_rel_n_256n                             2.97
se_sel_hi_n_256n                             0
se_sel_lo_n_256n                             0
se_rel_n_128n                             2.97
se_sel_hi_n_128n                             0
se_sel_lo_n_128n                             0
se_rel_n_64n                              2.97
se_sel_hi_n_64n                              0
se_sel_lo_n_64n                              0
se_rel_n_32n                              2.97
se_sel_hi_n_32n                              0
se_sel_lo_n_32n                              0
se_rel_n_16n                              2.97
se_sel_hi_n_16n                              0
se_sel_lo_n_16n                              0
se_rel_n_8n                               2.97
se_sel_hi_n_8n                               0
se_sel_lo_n_8n                               0
se_rel_n_4n                               2.97
se_sel_hi_n_4n                               0
se_sel_lo_n_4n                               0
se_rel_n_2n                               2.97
se_sel_hi_n_2n                               0
se_sel_lo_n_2n                               0
se_rel_n_1n                               2.97
se_sel_hi_n_1n                               0
se_sel_lo_n_1n                               0
se_pinp                            8.16736e-10
se_pinn                                  1.485
xdut.\$65                                 2.97
xdut.\$27                          1.14088e-09
xdut.\$29                                 2.97
xdut.\$9                                  2.97
xdut.\$10                                1.485
xdut.\$67                                 2.97
xdut.\$31                          1.14088e-09
xdut.\$33                                 2.97
xdut.\$11                                 2.97
xdut.\$12                                1.485
xdut.\$69                                 2.97
xdut.\$35                          1.14088e-09
xdut.\$37                                 2.97
xdut.\$13                                 2.97
xdut.\$14                                1.485
xdut.\$71                                 2.97
xdut.\$39                          1.14088e-09
xdut.\$41                                 2.97
xdut.\$15                                 2.97
xdut.\$16                                1.485
xdut.\$73                                 2.97
xdut.\$43                          1.14088e-09
xdut.\$45                                 2.97
xdut.\$17                                 2.97
xdut.\$18                                1.485
xdut.\$75                                 2.97
xdut.\$47                          1.14088e-09
xdut.\$49                                 2.97
xdut.\$19                                 2.97
xdut.\$20                                1.485
xdut.\$77                                 2.97
xdut.\$51                          1.14088e-09
xdut.\$53                                 2.97
xdut.\$21                                 2.97
xdut.\$22                                1.485
xdut.\$79                                 2.97
xdut.\$55                          1.14088e-09
xdut.\$57                                 2.97
xdut.\$23                                 2.97
xdut.\$24                                1.485
xdut.\$81                                 2.97
xdut.\$59                          1.14088e-09
xdut.\$61                                 2.97
xdut.\$25                                 2.97
xdut.\$26                                1.485
xdut.\$83                                 2.97
xdut.\$85                          1.14088e-09
xdut.\$87                                 2.97
xdut.\$89                                 2.97
xdut.\$90                                1.485
xdut.\$92                                 2.97
xdut.\$94                          1.14088e-09
xdut.\$96                                 2.97
xdut.\$98                                 2.97
xdut.\$99                                1.485
xdut.\$100                                2.97
xdut.\$102                         1.14088e-09
xdut.\$104                                2.97
xdut.\$106                                2.97
xdut.\$107                               1.485
xdut.\$108                                2.97
xdut.\$110                         1.14088e-09
xdut.\$112                                2.97
xdut.\$114                                2.97
xdut.\$115                               1.485
xdut.\$116                                2.97
xdut.\$118                         1.14088e-09
xdut.\$120                                2.97
xdut.\$122                                2.97
xdut.\$123                               1.485
xdut.\$124                                2.97
xdut.\$126                         1.14088e-09
xdut.\$128                                2.97
xdut.\$130                                2.97
xdut.\$131                               1.485
xdut.\$132                                2.97
xdut.\$134                         1.14088e-09
xdut.\$136                                2.97
xdut.\$138                                2.97
xdut.\$139                               1.485
xdut.\$140                                2.97
xdut.\$142                         1.14088e-09
xdut.\$144                                2.97
xdut.\$146                                2.97
xdut.\$147                               1.485
xdut.\$166                                2.97
se_topp                                1.48506
xdut.\$167                                2.97
se_topn                                1.48506
xdut.\$148                                2.97
xdut.\$150                         1.14088e-09
xdut.\$152                                2.97
xdut.\$154                                2.97
xdut.\$155                               1.485
xdut.\$10__par                           1.485
xdut.\$100__par                           2.97
xdut.\$102__par                    1.14088e-09
xdut.\$104__par                           2.97
xdut.\$106__par                           2.97
xdut.\$107__par                          1.485
xdut.\$108__par                           2.97
xdut.\$11__par                            2.97
xdut.\$110__par                    1.14088e-09
xdut.\$112__par                           2.97
xdut.\$114__par                           2.97
xdut.\$115__par                          1.485
xdut.\$116__par                           2.97
xdut.\$118__par                    1.14088e-09
xdut.\$12__par                           1.485
xdut.\$120__par                           2.97
xdut.\$122__par                           2.97
xdut.\$123__par                          1.485
xdut.\$124__par                           2.97
xdut.\$126__par                    1.14088e-09
xdut.\$128__par                           2.97
xdut.\$13__par                            2.97
xdut.\$130__par                           2.97
xdut.\$131__par                          1.485
xdut.\$132__par                           2.97
xdut.\$134__par                    1.14088e-09
xdut.\$136__par                           2.97
xdut.\$138__par                           2.97
xdut.\$139__par                          1.485
xdut.\$14__par                           1.485
xdut.\$140__par                           2.97
xdut.\$142__par                    1.14088e-09
xdut.\$144__par                           2.97
xdut.\$146__par                           2.97
xdut.\$147__par                          1.485
xdut.\$148__par                           2.97
xdut.\$15__par                            2.97
xdut.\$150__par                    1.14088e-09
xdut.\$152__par                           2.97
xdut.\$154__par                           2.97
xdut.\$155__par                          1.485
xdut.\$16__par                           1.485
xdut.\$166__par                           2.97
xdut.\$167__par                           2.97
xdut.\$17__par                            2.97
xdut.\$18__par                           1.485
xdut.\$19__par                            2.97
xdut.\$20__par                           1.485
xdut.\$21__par                            2.97
xdut.\$22__par                           1.485
xdut.\$23__par                            2.97
xdut.\$24__par                           1.485
xdut.\$25__par                            2.97
xdut.\$26__par                           1.485
xdut.\$27__par                     1.14088e-09
xdut.\$29__par                            2.97
xdut.\$31__par                     1.14088e-09
xdut.\$33__par                            2.97
xdut.\$35__par                     1.14088e-09
xdut.\$37__par                            2.97
xdut.\$39__par                     1.14088e-09
xdut.\$41__par                            2.97
xdut.\$43__par                     1.14088e-09
xdut.\$45__par                            2.97
xdut.\$47__par                     1.14088e-09
xdut.\$49__par                            2.97
xdut.\$51__par                     1.14088e-09
xdut.\$53__par                            2.97
xdut.\$55__par                     1.14088e-09
xdut.\$57__par                            2.97
xdut.\$59__par                     1.14088e-09
xdut.\$61__par                            2.97
xdut.\$65__par                            2.97
xdut.\$67__par                            2.97
xdut.\$69__par                            2.97
xdut.\$71__par                            2.97
xdut.\$73__par                            2.97
xdut.\$75__par                            2.97
xdut.\$77__par                            2.97
xdut.\$79__par                            2.97
xdut.\$81__par                            2.97
xdut.\$83__par                            2.97
xdut.\$85__par                     1.14088e-09
xdut.\$87__par                            2.97
xdut.\$89__par                            2.97
xdut.\$9__par                             2.97
xdut.\$90__par                           1.485
xdut.\$92__par                            2.97
xdut.\$94__par                     1.14088e-09
xdut.\$96__par                            2.97
xdut.\$98__par                            2.97
xdut.\$99__par                           1.485
xdut.hi_128_n__par                           0
xdut.hi_128_p__par                           0
xdut.hi_16_n__par                            0
xdut.hi_16_p__par                            0
xdut.hi_1_n__par                             0
xdut.hi_1_p__par                             0
xdut.hi_256_n__par                           0
xdut.hi_256_p__par                           0
xdut.hi_2_n__par                             0
xdut.hi_2_p__par                             0
xdut.hi_32_n__par                            0
xdut.hi_32_p__par                            0
xdut.hi_4_n__par                             0
xdut.hi_4_p__par                             0
xdut.hi_64_n__par                            0
xdut.hi_64_p__par                            0
xdut.hi_8_n__par                             0
xdut.hi_8_p__par                             0
xdut.lo_128_n__par                           0
xdut.lo_128_p__par                           0
xdut.lo_16_n__par                            0
xdut.lo_16_p__par                            0
xdut.lo_1_n__par                             0
xdut.lo_1_p__par                             0
xdut.lo_256_n__par                           0
xdut.lo_256_p__par                           0
xdut.lo_2_n__par                             0
xdut.lo_2_p__par                             0
xdut.lo_32_n__par                            0
xdut.lo_32_p__par                            0
xdut.lo_4_n__par                             0
xdut.lo_4_p__par                             0
xdut.lo_64_n__par                            0
xdut.lo_64_p__par                            0
xdut.lo_8_n__par                             0
xdut.lo_8_p__par                             0
xdut.pinn__par                           1.485
xdut.pinp__par                     8.16736e-10
xdut.rel_128_n__par                       2.97
xdut.rel_128_p__par                       2.97
xdut.rel_16_n__par                        2.97
xdut.rel_16_p__par                        2.97
xdut.rel_1_n__par                         2.97
xdut.rel_1_p__par                         2.97
xdut.rel_256_n__par                       2.97
xdut.rel_256_p__par                       2.97
xdut.rel_2_n__par                         2.97
xdut.rel_2_p__par                         2.97
xdut.rel_32_n__par                        2.97
xdut.rel_32_p__par                        2.97
xdut.rel_4_n__par                         2.97
xdut.rel_4_p__par                         2.97
xdut.rel_64_n__par                        2.97
xdut.rel_64_p__par                        2.97
xdut.rel_8_n__par                         2.97
xdut.rel_8_p__par                         2.97
xdut.sel_in__par                             0
xdut.topn__par                         1.48506
xdut.topp__par                         1.48506
xdut.tp_gn__par                              0
xdut.vcm__par                            1.485
xdut.vdd__par                             2.97
xdut.vref__par                            2.97
xdut.vss__par                                0
se_ibias                               0.69564
xsecmp.xpre.ptail                      0.67091
xsecmp.pon                             2.26187
xsecmp.preamp_in1                      1.48506
xsecmp.pop                             2.26187
xsecmp.preamp_in2                      1.48506
xsecmp.xpre.xrlp.11                    2.96978
xsecmp.xpre.xrlp.21                    2.26209
xsecmp.xpre.xrln.11                    2.96978
xsecmp.xpre.xrln.21                    2.26209
xsecmp.xlat.ltail                      1.62602
xsecmp.xlat.dip                           2.97
xsecmp.xlat.din                           2.97
xsecmp.outn                               2.97
xsecmp.outp                               2.97
xsecmp.sset                        4.38943e-09
xsecmp.srst                        4.38943e-09
xsecmp.xno1.ps                         2.78114
se_cmpb                                1.22578
xsecmp.xno2.ps                         2.78114
se_code                                      0
bsecode#branch                               0
lref#branch                        5.36587e-11
v.xsecmp.vpn#branch                          0
v.xsecmp.vpp#branch                          0
vsemode#branch                               0
vsestart#branch                              0
vsevinn#branch                      2.3441e-17
vseinp#branch                      3.26694e-11
vcms#branch                        -1.8419e-12
vrefs#branch                      -5.36587e-11
vddc#branch                       -0.000675554
vddd#branch                       -4.75214e-10
vddt#branch                        8.99337e-26
vcmpclkb#branch                              0
vcmpclk#branch                               0
vclk#branch                                  0
a.xsectrl.a_gn#branch_1_0         -1.34019e-19
a.xsectrl.a_gn#branch_1_1                    0
a.xsectrl.a_gn#branch_1_2                    0
a.xsectrl.a_gn#branch_1_3         -1.34019e-19
a.xsectrl.a_gn#branch_1_4                    0
a.xsectrl.a_gn#branch_1_5                    0
a.xsectrl.a_gn#branch_1_6         -1.34019e-19
a.xsectrl.a_gn#branch_1_7                    0
a.xsectrl.a_gn#branch_1_8                    0
a.xsectrl.a_gn#branch_1_9         -1.34019e-19
a.xsectrl.a_gn#branch_1_10                   0
a.xsectrl.a_gn#branch_1_11                   0
a.xsectrl.a_gn#branch_1_12        -1.34019e-19
a.xsectrl.a_gn#branch_1_13                   0
a.xsectrl.a_gn#branch_1_14                   0
a.xsectrl.a_gn#branch_1_15        -1.34019e-19
a.xsectrl.a_gn#branch_1_16                   0
a.xsectrl.a_gn#branch_1_17                   0
a.xsectrl.a_gn#branch_1_18        -1.34019e-19
a.xsectrl.a_gn#branch_1_19                   0
a.xsectrl.a_gn#branch_1_20                   0
a.xsectrl.a_gn#branch_1_21        -1.34019e-19
a.xsectrl.a_gn#branch_1_22                   0
a.xsectrl.a_gn#branch_1_23                   0
a.xsectrl.a_gn#branch_1_24        -1.34019e-19
a.xsectrl.a_gn#branch_1_25                   0
a.xsectrl.a_gn#branch_1_26                   0
a.xsectrl.a_gn#branch_1_27        -1.34019e-19
a.xsectrl.a_gn#branch_1_28                   0
a.xsectrl.a_gn#branch_1_29                   0
a.xsectrl.a_gn#branch_1_30        -1.34019e-19
a.xsectrl.a_gn#branch_1_31                   0
a.xsectrl.a_gn#branch_1_32                   0
a.xsectrl.a_gn#branch_1_33        -1.34019e-19
a.xsectrl.a_gn#branch_1_34                   0
a.xsectrl.a_gn#branch_1_35                   0
a.xsectrl.a_gn#branch_1_36        -1.34019e-19
a.xsectrl.a_gn#branch_1_37                   0
a.xsectrl.a_gn#branch_1_38                   0
a.xsectrl.a_gn#branch_1_39        -1.34019e-19
a.xsectrl.a_gn#branch_1_40                   0
a.xsectrl.a_gn#branch_1_41                   0
a.xsectrl.a_gn#branch_1_42        -1.34019e-19
a.xsectrl.a_gn#branch_1_43                   0
a.xsectrl.a_gn#branch_1_44                   0
a.xsectrl.a_gn#branch_1_45        -1.34019e-19
a.xsectrl.a_gn#branch_1_46                   0
a.xsectrl.a_gn#branch_1_47                   0
a.xsectrl.a_gn#branch_1_48        -1.34019e-19
a.xsectrl.a_gn#branch_1_49                   0
a.xsectrl.a_gn#branch_1_50                   0
a.xsectrl.a_gn#branch_1_51        -1.34019e-19
a.xsectrl.a_gn#branch_1_52                   0
a.xsectrl.a_gn#branch_1_53                   0
a.xsectrl.a_dout#branch_1_0                  0
a.xsectrl.a_dout#branch_1_1                  0
a.xsectrl.a_dout#branch_1_2                  0
a.xsectrl.a_dout#branch_1_3                  0
a.xsectrl.a_dout#branch_1_4                  0
a.xsectrl.a_dout#branch_1_5                  0
a.xsectrl.a_dout#branch_1_6                  0
a.xsectrl.a_dout#branch_1_7                  0
a.xsectrl.a_dout#branch_1_8                  0
a.xsectrl.a_dout#branch_1_9                  0
a.xsectrl.a_dout#branch_1_10                 0
a.xsectrl.a_dout#branch_1_11                 0
a.xsectrl.a_dout#branch_1_12                 0

 Reference value :  0.00000e+00
 Reference value :  3.12575e-08
 Reference value :  6.28437e-08
 Reference value :  1.25150e-07
 Reference value :  1.57047e-07
 Reference value :  2.18800e-07
 Reference value :  2.52667e-07
 Reference value :  2.81506e-07
 Reference value :  3.14986e-07
 Reference value :  3.75065e-07
 Reference value :  4.06258e-07
 Reference value :  4.39553e-07
 Reference value :  4.70920e-07
 Reference value :  5.20819e-07
 Reference value :  5.63077e-07
 Reference value :  5.94208e-07
 Reference value :  6.28536e-07
 Reference value :  6.87893e-07
 Reference value :  7.19143e-07
 Reference value :  7.59078e-07
 Reference value :  8.12969e-07
 Reference value :  8.44197e-07
 Reference value :  8.77550e-07
 Reference value :  9.37565e-07
 Reference value :  9.69361e-07
 Reference value :  1.00276e-06
 Reference value :  1.03176e-06
 Reference value :  1.09385e-06
 Reference value :  1.15625e-06
 Reference value :  1.18784e-06
 Reference value :  1.21925e-06
 Reference value :  1.25303e-06
 Reference value :  1.31253e-06
 Reference value :  1.33556e-06
 Reference value :  1.37564e-06
 Reference value :  1.40661e-06
 Reference value :  1.44082e-06
 Reference value :  1.50030e-06
 Reference value :  1.53144e-06
 Reference value :  1.56508e-06
 Reference value :  1.62520e-06
 Reference value :  1.65637e-06
 Reference value :  1.69002e-06
 Reference value :  1.75018e-06
 Reference value :  1.78137e-06
 Reference value :  1.81509e-06
 Reference value :  1.87393e-06
 Reference value :  1.90629e-06
 Reference value :  1.93780e-06
 Reference value :  2.00015e-06
 Reference value :  2.00298e-06
 Reference value :  2.03378e-06
 Reference value :  2.09407e-06
 Reference value :  2.15634e-06
 Reference value :  2.18978e-06
 Reference value :  2.23538e-06
 Reference value :  2.25581e-06
 Reference value :  2.31270e-06
 Reference value :  2.34383e-06
 Reference value :  2.37748e-06
 Reference value :  2.43756e-06
 Reference value :  2.46877e-06
 Reference value :  2.50228e-06
 Reference value :  2.54557e-06
 Reference value :  2.58059e-06
 Reference value :  2.62553e-06
 Reference value :  2.65873e-06
 Reference value :  2.71020e-06
 Reference value :  2.75054e-06
 Reference value :  2.79395e-06
 Reference value :  2.84379e-06
 Reference value :  2.87536e-06
 Reference value :  2.90652e-06
 Reference value :  2.96881e-06
 Reference value :  3.00240e-06
 Reference value :  3.03134e-06
 Reference value :  3.06290e-06
 Reference value :  3.12514e-06
 Reference value :  3.15689e-06
 Reference value :  3.21879e-06
 Reference value :  3.25053e-06
 Reference value :  3.28151e-06
 Reference value :  3.31498e-06
 Reference value :  3.37500e-06
 Reference value :  3.39929e-06
 Reference value :  3.43868e-06
 Reference value :  3.47010e-06
 Reference value :  3.51482e-06
 Reference value :  3.56297e-06
 Reference value :  3.59400e-06
 Reference value :  3.62781e-06
 Reference value :  3.68780e-06
 Reference value :  3.71896e-06
 Reference value :  3.75267e-06
 Reference value :  3.81282e-06
 Reference value :  3.84416e-06
 Reference value :  3.87752e-06
 Reference value :  3.93433e-06
 Reference value :  3.96911e-06
 Reference value :  4.00273e-06
 Reference value :  4.03170e-06
 Reference value :  4.09382e-06
 Reference value :  4.13154e-06
 Reference value :  4.18771e-06
 Reference value :  4.21911e-06
 Reference value :  4.25299e-06
 Reference value :  4.31251e-06
 Reference value :  4.34156e-06
 Reference value :  4.37571e-06
 Reference value :  4.40661e-06
 Reference value :  4.44056e-06
 Reference value :  4.50027e-06
 Reference value :  4.53144e-06
 Reference value :  4.56508e-06
 Reference value :  4.62515e-06
 Reference value :  4.65635e-06
 Reference value :  4.68999e-06
 Reference value :  4.75015e-06
 Reference value :  4.78135e-06
 Reference value :  4.81502e-06
 Reference value :  4.86485e-06
 Reference value :  4.90629e-06
 Reference value :  4.93789e-06
 Reference value :  5.00015e-06
 Reference value :  5.00351e-06
 Reference value :  5.06282e-06
 Reference value :  5.12520e-06
 Reference value :  5.18751e-06
 Reference value :  5.21885e-06
 Reference value :  5.25290e-06
 Reference value :  5.31266e-06
 Reference value :  5.34381e-06
 Reference value :  5.37539e-06
 Reference value :  5.40654e-06
 Reference value :  5.44004e-06
 Reference value :  5.50014e-06
 Reference value :  5.53130e-06
 Reference value :  5.56482e-06
 Reference value :  5.62500e-06
 Reference value :  5.65629e-06
 Reference value :  5.68979e-06
 Reference value :  5.73294e-06
 Reference value :  5.78126e-06
 Reference value :  5.81477e-06
 Reference value :  5.87503e-06
 Reference value :  5.90630e-06
 Reference value :  5.94511e-06
 Reference value :  6.00071e-06
 Reference value :  6.03134e-06
 Reference value :  6.06288e-06
 Reference value :  6.09480e-06
 Reference value :  6.15655e-06
 Reference value :  6.19008e-06
 Reference value :  6.25020e-06
 Reference value :  6.28135e-06
 Reference value :  6.31478e-06
 Reference value :  6.34415e-06
 Reference value :  6.37767e-06
 Reference value :  6.43760e-06
 Reference value :  6.46887e-06
 Reference value :  6.50257e-06
 Reference value :  6.56270e-06
 Reference value :  6.59385e-06
 Reference value :  6.62753e-06
 Reference value :  6.68769e-06
 Reference value :  6.71885e-06
 Reference value :  6.75245e-06
 Reference value :  6.81265e-06
 Reference value :  6.84392e-06
 Reference value :  6.87754e-06
 Reference value :  6.93769e-06
 Reference value :  7.00007e-06
 Reference value :  7.00312e-06
 Reference value :  7.04787e-06
 Reference value :  7.09407e-06
 Reference value :  7.15633e-06
 Reference value :  7.18863e-06
 Reference value :  7.22749e-06
 Reference value :  7.27317e-06
 Reference value :  7.31277e-06
 Reference value :  7.34385e-06
 Reference value :  7.37604e-06
 Reference value :  7.40657e-06
 Reference value :  7.44008e-06
 Reference value :  7.50018e-06
 Reference value :  7.53133e-06
 Reference value :  7.56494e-06
 Reference value :  7.62503e-06
 Reference value :  7.65631e-06
 Reference value :  7.68995e-06
 Reference value :  7.75010e-06
 Reference value :  7.78133e-06
 Reference value :  7.81499e-06
 Reference value :  7.87519e-06
 Reference value :  7.90634e-06
 Reference value :  7.96880e-06
 Reference value :  8.00235e-06
 Reference value :  8.03144e-06
 Reference value :  8.09385e-06
 Reference value :  8.15632e-06
 Reference value :  8.18977e-06
 Reference value :  8.25003e-06
 Reference value :  8.28132e-06
 Reference value :  8.31477e-06
 Reference value :  8.34409e-06
 Reference value :  8.37771e-06
 Reference value :  8.43770e-06
 Reference value :  8.46886e-06
 Reference value :  8.50255e-06
 Reference value :  8.56265e-06
 Reference value :  8.59382e-06
 Reference value :  8.62744e-06
 Reference value :  8.68761e-06
 Reference value :  8.71884e-06
 Reference value :  8.75243e-06
 Reference value :  8.81266e-06
 Reference value :  8.84388e-06
 Reference value :  8.87751e-06
 Reference value :  8.91481e-06
 Reference value :  8.96899e-06
 Reference value :  9.00267e-06
 Reference value :  9.03220e-06
 Reference value :  9.07839e-06
 Reference value :  9.12516e-06
 Reference value :  9.15697e-06
 Reference value :  9.20942e-06
 Reference value :  9.25015e-06
 Reference value :  9.28134e-06
 Reference value :  9.31297e-06
 Reference value :  9.34401e-06
 Reference value :  9.37751e-06
 Reference value :  9.43760e-06
 Reference value :  9.46880e-06
 Reference value :  9.50243e-06
 Reference value :  9.56253e-06
 Reference value :  9.59380e-06
 Reference value :  9.62727e-06
 Reference value :  9.68751e-06
 Reference value :  9.71881e-06
 Reference value :  9.75239e-06
 Reference value :  9.81253e-06
 Reference value :  9.84383e-06
 Reference value :  9.87748e-06
 Reference value :  9.93607e-06
 Reference value :  9.96923e-06
 Reference value :  1.00027e-05
 Reference value :  1.00320e-05
 Reference value :  1.00939e-05
 Reference value :  1.01289e-05
 Reference value :  1.01876e-05
 Reference value :  1.02189e-05
 Reference value :  1.02528e-05
 Reference value :  1.02817e-05
 Reference value :  1.03153e-05
 Reference value :  1.03750e-05
 Reference value :  1.04049e-05
 Reference value :  1.04387e-05
 Reference value :  1.04798e-05
 Reference value :  1.05183e-05
 Reference value :  1.05630e-05
 Reference value :  1.05941e-05
 Reference value :  1.06353e-05
 Reference value :  1.06880e-05
 Reference value :  1.07194e-05
 Reference value :  1.07585e-05
 Reference value :  1.08129e-05
 Reference value :  1.08450e-05
 Reference value :  1.08810e-05
 Reference value :  1.09378e-05
 Reference value :  1.10001e-05
 Reference value :  1.10142e-05
 Reference value :  1.10628e-05
 Reference value :  1.11252e-05
 Reference value :  1.11875e-05
 Reference value :  1.12188e-05
 Reference value :  1.12529e-05
 Reference value :  1.12937e-05
 Reference value :  1.13378e-05
 Reference value :  1.13752e-05
 Reference value :  1.14064e-05
 Reference value :  1.14398e-05
 Reference value :  1.14700e-05
 Reference value :  1.15105e-05
 Reference value :  1.15629e-05
 Reference value :  1.15941e-05
 Reference value :  1.16290e-05
 Reference value :  1.16878e-05
 Reference value :  1.17190e-05
 Reference value :  1.17527e-05
 Reference value :  1.18128e-05
 Reference value :  1.18440e-05
 Reference value :  1.18777e-05
 Reference value :  1.19377e-05
 Reference value :  1.20001e-05
 Reference value :  1.20030e-05
 Reference value :  1.20554e-05
 Reference value :  1.20941e-05
 Reference value :  1.21563e-05
 Reference value :  1.21898e-05
 Reference value :  1.22335e-05
 Reference value :  1.22685e-05
 Reference value :  1.23127e-05
 Reference value :  1.23440e-05
 Reference value :  1.23774e-05
 Reference value :  1.24066e-05
 Reference value :  1.24403e-05
 Reference value :  1.25002e-05
 Reference value :  1.25314e-05
 Reference value :  1.25650e-05
 Reference value :  1.26251e-05
 Reference value :  1.26564e-05
 Reference value :  1.26901e-05
 Reference value :  1.27502e-05
 Reference value :  1.27814e-05
 Reference value :  1.28150e-05
 Reference value :  1.28752e-05
 Reference value :  1.29063e-05
 Reference value :  1.29688e-05
 Reference value :  1.30023e-05
 Reference value :  1.30314e-05
 Reference value :  1.30633e-05
 Reference value :  1.31252e-05
 Reference value :  1.31875e-05
 Reference value :  1.32188e-05
 Reference value :  1.32511e-05
 Reference value :  1.32816e-05
 Reference value :  1.33150e-05
 Reference value :  1.33522e-05
 Reference value :  1.33892e-05
 Reference value :  1.34377e-05
 Reference value :  1.34688e-05
 Reference value :  1.35024e-05
 Reference value :  1.35626e-05
 Reference value :  1.35938e-05
 Reference value :  1.36274e-05
 Reference value :  1.36876e-05
 Reference value :  1.37188e-05
 Reference value :  1.37523e-05
 Reference value :  1.38126e-05
 Reference value :  1.38439e-05
 Reference value :  1.38775e-05
 Reference value :  1.39376e-05
 Reference value :  1.39900e-05
 Reference value :  1.40029e-05
 Reference value :  1.40625e-05
 Reference value :  1.40973e-05
 Reference value :  1.41566e-05
 Reference value :  1.41902e-05
 Reference value :  1.42503e-05
 Reference value :  1.42814e-05
 Reference value :  1.43149e-05
 Reference value :  1.43751e-05
 Reference value :  1.44063e-05
 Reference value :  1.44399e-05
 Reference value :  1.45001e-05
 Reference value :  1.45313e-05
 Reference value :  1.45650e-05
 Reference value :  1.46251e-05
 Reference value :  1.46564e-05
 Reference value :  1.46900e-05
 Reference value :  1.47502e-05
 Reference value :  1.47814e-05
 Reference value :  1.48151e-05
 Reference value :  1.48750e-05
 Reference value :  1.49063e-05
 Reference value :  1.49383e-05
 Reference value :  1.50002e-05
 Reference value :  1.50313e-05
 Reference value :  1.50627e-05
 Reference value :  1.51045e-05
 Reference value :  1.51567e-05
 Reference value :  1.51900e-05
 Reference value :  1.52199e-05
 Reference value :  1.52598e-05
 Reference value :  1.53127e-05
 Reference value :  1.53439e-05
 Reference value :  1.53775e-05
 Reference value :  1.54376e-05
 Reference value :  1.54688e-05
 Reference value :  1.55023e-05
 Reference value :  1.55542e-05
 Reference value :  1.55938e-05
 Reference value :  1.56274e-05
 Reference value :  1.56876e-05
 Reference value :  1.57188e-05
 Reference value :  1.57523e-05
 Reference value :  1.58126e-05
 Reference value :  1.58438e-05
 Reference value :  1.58753e-05
 Reference value :  1.59065e-05
 Reference value :  1.59688e-05
 Reference value :  1.60023e-05
 Reference value :  1.60314e-05
 Reference value :  1.60635e-05
 Reference value :  1.61252e-05
 Reference value :  1.61570e-05
 Reference value :  1.62188e-05
 Reference value :  1.62502e-05
 Reference value :  1.62813e-05
 Reference value :  1.63137e-05
 Reference value :  1.63513e-05
 Reference value :  1.64049e-05
 Reference value :  1.64387e-05
 Reference value :  1.64760e-05
 Reference value :  1.65293e-05
 Reference value :  1.65630e-05
 Reference value :  1.65968e-05
 Reference value :  1.66563e-05
 Reference value :  1.66898e-05
 Reference value :  1.67461e-05
 Reference value :  1.67813e-05
 Reference value :  1.68148e-05
 Reference value :  1.68618e-05
 Reference value :  1.69063e-05
 Reference value :  1.69421e-05
No. of Data Rows : 43326
icmpf000            =  -2.72912e-05 from=  3.00000e-06 to=  5.00001e-06
icdacf000           =  -6.82981e-06 from=  3.00000e-06 to=  5.00001e-06
itrkf000            =  8.99337e-26 from=  3.00000e-06 to=  5.00001e-06
ireff000            =  -6.38744e-11 from=  3.00000e-06 to=  5.00001e-06
ivcmf000            =  -1.16622e-05 from=  3.00000e-06 to=  5.00001e-06
icmpf025            =  -2.73004e-05 from=  6.00000e-06 to=  8.00001e-06
icdacf025           =  -6.91955e-06 from=  6.00000e-06 to=  8.00001e-06
itrkf025            =  8.99337e-26 from=  6.00000e-06 to=  8.00001e-06
ireff025            =  -3.15801e-06 from=  6.00000e-06 to=  8.00001e-06
ivcmf025            =  -6.90038e-06 from=  6.00000e-06 to=  8.00001e-06
icmpf050            =  -2.88105e-05 from=  9.00000e-06 to=  1.10000e-05
icdacf050           =  -7.33402e-06 from=  9.00000e-06 to=  1.10000e-05
itrkf050            =  8.99337e-26 from=  9.00000e-06 to=  1.10000e-05
ireff050            =  -6.23708e-06 from=  9.00000e-06 to=  1.10000e-05
ivcmf050            =  -2.57816e-07 from=  9.00000e-06 to=  1.10000e-05
icmpf075            =  -2.71645e-05 from=  1.20000e-05 to=  1.40000e-05
icdacf075           =  -7.48498e-06 from=  1.20000e-05 to=  1.40000e-05
itrkf075            =  8.99337e-26 from=  1.20000e-05 to=  1.40000e-05
ireff075            =  -7.71090e-06 from=  1.20000e-05 to=  1.40000e-05
ivcmf075            =  6.52950e-06 from=  1.20000e-05 to=  1.40000e-05
icmpf100            =  -2.74282e-05 from=  1.50000e-05 to=  1.70000e-05
icdacf100           =  -7.69042e-06 from=  1.50000e-05 to=  1.70000e-05
itrkf100            =  8.99337e-26 from=  1.50000e-05 to=  1.70000e-05
ireff100            =  -7.03837e-06 from=  1.50000e-05 to=  1.70000e-05
ivcmf100            =  1.15214e-05 from=  1.50000e-05 to=  1.70000e-05
vddm                =  2.97000e+00
m_p_cmp_f000_uw = 8.1054893700e+01
m_p_cdac_f000_uw = 2.0284541640e+01
m_p_trk_f000_uw = -2.671031484e-19
m_p_ref_f000_uw = 1.8970702740e-04
m_p_vcm_f000_uw = 1.7318396700e+01
m_p_total_f000_uw = 1.1865802175e+02
m_p_cmp_f025_uw = 8.1082039500e+01
m_p_cdac_f025_uw = 2.0551066470e+01
m_p_trk_f025_uw = -2.671031484e-19
m_p_ref_f025_uw = 9.3792807900e+00
m_p_vcm_f025_uw = 1.0247064300e+01
m_p_total_f025_uw = 1.2125945106e+02
m_p_cmp_f050_uw = 8.5567303800e+01
m_p_cdac_f050_uw = 2.1782045340e+01
m_p_trk_f050_uw = -2.671031484e-19
m_p_ref_f050_uw = 1.8524130570e+01
m_p_vcm_f050_uw = 3.8285735400e-01
m_p_total_f050_uw = 1.2625633706e+02
m_p_cmp_f075_uw = 8.0678535300e+01
m_p_cdac_f075_uw = 2.2230390600e+01
m_p_trk_f075_uw = -2.671031484e-19
m_p_ref_f075_uw = 2.2901358150e+01
m_p_vcm_f075_uw = -9.696313440e+00
m_p_total_f075_uw = 1.1611397061e+02
m_p_cmp_f100_uw = 8.1461813400e+01
m_p_cdac_f100_uw = 2.2840547400e+01
m_p_trk_f100_uw = -2.671031484e-19
m_p_ref_f100_uw = 2.0903955930e+01
m_p_vcm_f100_uw = -1.710929385e+01
m_p_total_f100_uw = 1.0809702288e+02
m_supply_v = 2.9700000000e+00
Note: Simulation executed from .control section 

Warning: m=xx on .subckt line will override multiplier m hierarchy!

Note: Starting dynamic gmin stepping
Note: Dynamic gmin stepping completed
