
Note: Compatibility modes selected: hs a


Circuit: * adc-power @ ss_125c_3.30v -- generated by sim/harness, do not edit

Reducing trtol to 1 for xspice 'A' devices
Doing analysis at TEMP = 125.000000 and TNOM = 27.000000

Using SPARSE 1.3 as Direct Linear Solver

Initial Transient Solution
--------------------------

Node                                   Voltage
----                                   -------
clk                                          0
cmpclk                                       0
cmpclkb                                    3.3
vddt                                       3.3
vddd                                       3.3
vddc                                       3.3
vrefs                                      3.3
vrefn                                      3.3
vcmn                                      1.65
se_vinp                                      0
se_vinn                                   1.65
se_start                                     0
se_mode                                      0
se_cmp                                 1.38783
se_samp_tp_n                                 0
se_sel_in_n                                  0
se_drdy                                    3.3
se_c9                                        0
se_c8                                        0
se_c7                                        0
se_c6                                        0
se_c5                                        0
se_c4                                        0
se_c3                                        0
se_c2                                        0
se_c1                                        0
se_c0                                        0
se_rel_n_256p                              3.3
se_sel_hi_n_256p                             0
se_sel_lo_n_256p                             0
se_rel_n_128p                              3.3
se_sel_hi_n_128p                             0
se_sel_lo_n_128p                             0
se_rel_n_64p                               3.3
se_sel_hi_n_64p                              0
se_sel_lo_n_64p                              0
se_rel_n_32p                               3.3
se_sel_hi_n_32p                              0
se_sel_lo_n_32p                              0
se_rel_n_16p                               3.3
se_sel_hi_n_16p                              0
se_sel_lo_n_16p                              0
se_rel_n_8p                                3.3
se_sel_hi_n_8p                               0
se_sel_lo_n_8p                               0
se_rel_n_4p                                3.3
se_sel_hi_n_4p                               0
se_sel_lo_n_4p                               0
se_rel_n_2p                                3.3
se_sel_hi_n_2p                               0
se_sel_lo_n_2p                               0
se_rel_n_1p                                3.3
se_sel_hi_n_1p                               0
se_sel_lo_n_1p                               0
se_rel_n_256n                              3.3
se_sel_hi_n_256n                             0
se_sel_lo_n_256n                             0
se_rel_n_128n                              3.3
se_sel_hi_n_128n                             0
se_sel_lo_n_128n                             0
se_rel_n_64n                               3.3
se_sel_hi_n_64n                              0
se_sel_lo_n_64n                              0
se_rel_n_32n                               3.3
se_sel_hi_n_32n                              0
se_sel_lo_n_32n                              0
se_rel_n_16n                               3.3
se_sel_hi_n_16n                              0
se_sel_lo_n_16n                              0
se_rel_n_8n                                3.3
se_sel_hi_n_8n                               0
se_sel_lo_n_8n                               0
se_rel_n_4n                                3.3
se_sel_hi_n_4n                               0
se_sel_lo_n_4n                               0
se_rel_n_2n                                3.3
se_sel_hi_n_2n                               0
se_sel_lo_n_2n                               0
se_rel_n_1n                                3.3
se_sel_hi_n_1n                               0
se_sel_lo_n_1n                               0
se_pinp                            2.25927e-08
se_pinn                                   1.65
xdut.\$65                                  3.3
xdut.\$27                          3.16401e-09
xdut.\$29                                  3.3
xdut.\$9                                   3.3
xdut.\$10                                 1.65
xdut.\$67                                  3.3
xdut.\$31                          3.16401e-09
xdut.\$33                                  3.3
xdut.\$11                                  3.3
xdut.\$12                                 1.65
xdut.\$69                                  3.3
xdut.\$35                          3.16401e-09
xdut.\$37                                  3.3
xdut.\$13                                  3.3
xdut.\$14                                 1.65
xdut.\$71                                  3.3
xdut.\$39                          3.16401e-09
xdut.\$41                                  3.3
xdut.\$15                                  3.3
xdut.\$16                                 1.65
xdut.\$73                                  3.3
xdut.\$43                          3.16401e-09
xdut.\$45                                  3.3
xdut.\$17                                  3.3
xdut.\$18                                 1.65
xdut.\$75                                  3.3
xdut.\$47                          3.16401e-09
xdut.\$49                                  3.3
xdut.\$19                                  3.3
xdut.\$20                                 1.65
xdut.\$77                                  3.3
xdut.\$51                          3.16401e-09
xdut.\$53                                  3.3
xdut.\$21                                  3.3
xdut.\$22                                 1.65
xdut.\$79                                  3.3
xdut.\$55                          3.16401e-09
xdut.\$57                                  3.3
xdut.\$23                                  3.3
xdut.\$24                                 1.65
xdut.\$81                                  3.3
xdut.\$59                          3.16401e-09
xdut.\$61                                  3.3
xdut.\$25                                  3.3
xdut.\$26                                 1.65
xdut.\$83                                  3.3
xdut.\$85                          3.16401e-09
xdut.\$87                                  3.3
xdut.\$89                                  3.3
xdut.\$90                                 1.65
xdut.\$92                                  3.3
xdut.\$94                          3.16401e-09
xdut.\$96                                  3.3
xdut.\$98                                  3.3
xdut.\$99                                 1.65
xdut.\$100                                 3.3
xdut.\$102                         3.16401e-09
xdut.\$104                                 3.3
xdut.\$106                                 3.3
xdut.\$107                                1.65
xdut.\$108                                 3.3
xdut.\$110                         3.16401e-09
xdut.\$112                                 3.3
xdut.\$114                                 3.3
xdut.\$115                                1.65
xdut.\$116                                 3.3
xdut.\$118                         3.16401e-09
xdut.\$120                                 3.3
xdut.\$122                                 3.3
xdut.\$123                                1.65
xdut.\$124                                 3.3
xdut.\$126                         3.16401e-09
xdut.\$128                                 3.3
xdut.\$130                                 3.3
xdut.\$131                                1.65
xdut.\$132                                 3.3
xdut.\$134                         3.16401e-09
xdut.\$136                                 3.3
xdut.\$138                                 3.3
xdut.\$139                                1.65
xdut.\$140                                 3.3
xdut.\$142                         3.16401e-09
xdut.\$144                                 3.3
xdut.\$146                                 3.3
xdut.\$147                                1.65
xdut.\$166                                 3.3
se_topp                                1.65005
xdut.\$167                                 3.3
se_topn                                1.65005
xdut.\$148                                 3.3
xdut.\$150                         3.16401e-09
xdut.\$152                                 3.3
xdut.\$154                                 3.3
xdut.\$155                                1.65
xdut.\$10__par                            1.65
xdut.\$100__par                            3.3
xdut.\$102__par                    3.16401e-09
xdut.\$104__par                            3.3
xdut.\$106__par                            3.3
xdut.\$107__par                           1.65
xdut.\$108__par                            3.3
xdut.\$11__par                             3.3
xdut.\$110__par                    3.16401e-09
xdut.\$112__par                            3.3
xdut.\$114__par                            3.3
xdut.\$115__par                           1.65
xdut.\$116__par                            3.3
xdut.\$118__par                    3.16401e-09
xdut.\$12__par                            1.65
xdut.\$120__par                            3.3
xdut.\$122__par                            3.3
xdut.\$123__par                           1.65
xdut.\$124__par                            3.3
xdut.\$126__par                    3.16401e-09
xdut.\$128__par                            3.3
xdut.\$13__par                             3.3
xdut.\$130__par                            3.3
xdut.\$131__par                           1.65
xdut.\$132__par                            3.3
xdut.\$134__par                    3.16401e-09
xdut.\$136__par                            3.3
xdut.\$138__par                            3.3
xdut.\$139__par                           1.65
xdut.\$14__par                            1.65
xdut.\$140__par                            3.3
xdut.\$142__par                    3.16401e-09
xdut.\$144__par                            3.3
xdut.\$146__par                            3.3
xdut.\$147__par                           1.65
xdut.\$148__par                            3.3
xdut.\$15__par                             3.3
xdut.\$150__par                    3.16401e-09
xdut.\$152__par                            3.3
xdut.\$154__par                            3.3
xdut.\$155__par                           1.65
xdut.\$16__par                            1.65
xdut.\$166__par                            3.3
xdut.\$167__par                            3.3
xdut.\$17__par                             3.3
xdut.\$18__par                            1.65
xdut.\$19__par                             3.3
xdut.\$20__par                            1.65
xdut.\$21__par                             3.3
xdut.\$22__par                            1.65
xdut.\$23__par                             3.3
xdut.\$24__par                            1.65
xdut.\$25__par                             3.3
xdut.\$26__par                            1.65
xdut.\$27__par                     3.16401e-09
xdut.\$29__par                             3.3
xdut.\$31__par                     3.16401e-09
xdut.\$33__par                             3.3
xdut.\$35__par                     3.16401e-09
xdut.\$37__par                             3.3
xdut.\$39__par                     3.16401e-09
xdut.\$41__par                             3.3
xdut.\$43__par                     3.16401e-09
xdut.\$45__par                             3.3
xdut.\$47__par                     3.16401e-09
xdut.\$49__par                             3.3
xdut.\$51__par                     3.16401e-09
xdut.\$53__par                             3.3
xdut.\$55__par                     3.16401e-09
xdut.\$57__par                             3.3
xdut.\$59__par                     3.16401e-09
xdut.\$61__par                             3.3
xdut.\$65__par                             3.3
xdut.\$67__par                             3.3
xdut.\$69__par                             3.3
xdut.\$71__par                             3.3
xdut.\$73__par                             3.3
xdut.\$75__par                             3.3
xdut.\$77__par                             3.3
xdut.\$79__par                             3.3
xdut.\$81__par                             3.3
xdut.\$83__par                             3.3
xdut.\$85__par                     3.16401e-09
xdut.\$87__par                             3.3
xdut.\$89__par                             3.3
xdut.\$9__par                              3.3
xdut.\$90__par                            1.65
xdut.\$92__par                             3.3
xdut.\$94__par                     3.16401e-09
xdut.\$96__par                             3.3
xdut.\$98__par                             3.3
xdut.\$99__par                            1.65
xdut.hi_128_n__par                           0
xdut.hi_128_p__par                           0
xdut.hi_16_n__par                            0
xdut.hi_16_p__par                            0
xdut.hi_1_n__par                             0
xdut.hi_1_p__par                             0
xdut.hi_256_n__par                           0
xdut.hi_256_p__par                           0
xdut.hi_2_n__par                             0
xdut.hi_2_p__par                             0
xdut.hi_32_n__par                            0
xdut.hi_32_p__par                            0
xdut.hi_4_n__par                             0
xdut.hi_4_p__par                             0
xdut.hi_64_n__par                            0
xdut.hi_64_p__par                            0
xdut.hi_8_n__par                             0
xdut.hi_8_p__par                             0
xdut.lo_128_n__par                           0
xdut.lo_128_p__par                           0
xdut.lo_16_n__par                            0
xdut.lo_16_p__par                            0
xdut.lo_1_n__par                             0
xdut.lo_1_p__par                             0
xdut.lo_256_n__par                           0
xdut.lo_256_p__par                           0
xdut.lo_2_n__par                             0
xdut.lo_2_p__par                             0
xdut.lo_32_n__par                            0
xdut.lo_32_p__par                            0
xdut.lo_4_n__par                             0
xdut.lo_4_p__par                             0
xdut.lo_64_n__par                            0
xdut.lo_64_p__par                            0
xdut.lo_8_n__par                             0
xdut.lo_8_p__par                             0
xdut.pinn__par                            1.65
xdut.pinp__par                     2.25927e-08
xdut.rel_128_n__par                        3.3
xdut.rel_128_p__par                        3.3
xdut.rel_16_n__par                         3.3
xdut.rel_16_p__par                         3.3
xdut.rel_1_n__par                          3.3
xdut.rel_1_p__par                          3.3
xdut.rel_256_n__par                        3.3
xdut.rel_256_p__par                        3.3
xdut.rel_2_n__par                          3.3
xdut.rel_2_p__par                          3.3
xdut.rel_32_n__par                         3.3
xdut.rel_32_p__par                         3.3
xdut.rel_4_n__par                          3.3
xdut.rel_4_p__par                          3.3
xdut.rel_64_n__par                         3.3
xdut.rel_64_p__par                         3.3
xdut.rel_8_n__par                          3.3
xdut.rel_8_p__par                          3.3
xdut.sel_in__par                             0
xdut.topn__par                         1.65005
xdut.topp__par                         1.65005
xdut.tp_gn__par                              0
xdut.vcm__par                             1.65
xdut.vdd__par                              3.3
xdut.vref__par                             3.3
xdut.vss__par                                0
se_ibias                              0.792214
xsecmp.xpre.ptail                     0.741321
xsecmp.pon                             2.47818
xsecmp.preamp_in1                      1.65005
xsecmp.pop                             2.47818
xsecmp.preamp_in2                      1.65005
xsecmp.xpre.xrlp.11                    3.29987
xsecmp.xpre.xrlp.21                     2.4783
xsecmp.xpre.xrln.11                    3.29987
xsecmp.xpre.xrln.21                     2.4783
xsecmp.xlat.ltail                      1.84772
xsecmp.xlat.dip                            3.3
xsecmp.xlat.din                            3.3
xsecmp.outn                                3.3
xsecmp.outp                                3.3
xsecmp.sset                        9.98276e-09
xsecmp.srst                        9.98276e-09
xsecmp.xno1.ps                         3.10331
se_cmpb                                1.38783
xsecmp.xno2.ps                         3.10331
se_code                                      0
bsecode#branch                               0
lref#branch                          2.101e-10
v.xsecmp.vpn#branch                          0
v.xsecmp.vpp#branch                          0
vsemode#branch                               0
vsestart#branch                              0
vsevinn#branch                    -1.41692e-17
vseinp#branch                      9.03706e-10
vcms#branch                       -2.45304e-09
vrefs#branch                        -2.101e-10
vddc#branch                       -0.000426004
vddd#branch                       -1.37285e-09
vddt#branch                       -1.26457e-25
vcmpclkb#branch                              0
vcmpclk#branch                               0
vclk#branch                                  0
a.xsectrl.a_gn#branch_1_0          9.31977e-19
a.xsectrl.a_gn#branch_1_1                    0
a.xsectrl.a_gn#branch_1_2                    0
a.xsectrl.a_gn#branch_1_3          9.31977e-19
a.xsectrl.a_gn#branch_1_4                    0
a.xsectrl.a_gn#branch_1_5                    0
a.xsectrl.a_gn#branch_1_6          9.31977e-19
a.xsectrl.a_gn#branch_1_7                    0
a.xsectrl.a_gn#branch_1_8                    0
a.xsectrl.a_gn#branch_1_9          9.31977e-19
a.xsectrl.a_gn#branch_1_10                   0
a.xsectrl.a_gn#branch_1_11                   0
a.xsectrl.a_gn#branch_1_12         9.31977e-19
a.xsectrl.a_gn#branch_1_13                   0
a.xsectrl.a_gn#branch_1_14                   0
a.xsectrl.a_gn#branch_1_15         9.31977e-19
a.xsectrl.a_gn#branch_1_16                   0
a.xsectrl.a_gn#branch_1_17                   0
a.xsectrl.a_gn#branch_1_18         9.31977e-19
a.xsectrl.a_gn#branch_1_19                   0
a.xsectrl.a_gn#branch_1_20                   0
a.xsectrl.a_gn#branch_1_21         9.31977e-19
a.xsectrl.a_gn#branch_1_22                   0
a.xsectrl.a_gn#branch_1_23                   0
a.xsectrl.a_gn#branch_1_24         9.31977e-19
a.xsectrl.a_gn#branch_1_25                   0
a.xsectrl.a_gn#branch_1_26                   0
a.xsectrl.a_gn#branch_1_27         9.31977e-19
a.xsectrl.a_gn#branch_1_28                   0
a.xsectrl.a_gn#branch_1_29                   0
a.xsectrl.a_gn#branch_1_30         9.31977e-19
a.xsectrl.a_gn#branch_1_31                   0
a.xsectrl.a_gn#branch_1_32                   0
a.xsectrl.a_gn#branch_1_33         9.31977e-19
a.xsectrl.a_gn#branch_1_34                   0
a.xsectrl.a_gn#branch_1_35                   0
a.xsectrl.a_gn#branch_1_36         9.31977e-19
a.xsectrl.a_gn#branch_1_37                   0
a.xsectrl.a_gn#branch_1_38                   0
a.xsectrl.a_gn#branch_1_39         9.31977e-19
a.xsectrl.a_gn#branch_1_40                   0
a.xsectrl.a_gn#branch_1_41                   0
a.xsectrl.a_gn#branch_1_42         9.31977e-19
a.xsectrl.a_gn#branch_1_43                   0
a.xsectrl.a_gn#branch_1_44                   0
a.xsectrl.a_gn#branch_1_45         9.31977e-19
a.xsectrl.a_gn#branch_1_46                   0
a.xsectrl.a_gn#branch_1_47                   0
a.xsectrl.a_gn#branch_1_48         9.31977e-19
a.xsectrl.a_gn#branch_1_49                   0
a.xsectrl.a_gn#branch_1_50                   0
a.xsectrl.a_gn#branch_1_51         9.31977e-19
a.xsectrl.a_gn#branch_1_52                   0
a.xsectrl.a_gn#branch_1_53                   0
a.xsectrl.a_dout#branch_1_0                  0
a.xsectrl.a_dout#branch_1_1                  0
a.xsectrl.a_dout#branch_1_2                  0
a.xsectrl.a_dout#branch_1_3                  0
a.xsectrl.a_dout#branch_1_4                  0
a.xsectrl.a_dout#branch_1_5                  0
a.xsectrl.a_dout#branch_1_6                  0
a.xsectrl.a_dout#branch_1_7                  0
a.xsectrl.a_dout#branch_1_8                  0
a.xsectrl.a_dout#branch_1_9                  0
a.xsectrl.a_dout#branch_1_10                 0
a.xsectrl.a_dout#branch_1_11                 0
a.xsectrl.a_dout#branch_1_12                 0

 Reference value :  0.00000e+00
 Reference value :  2.29634e-08
 Reference value :  6.38677e-08
 Reference value :  1.25211e-07
 Reference value :  1.81344e-07
 Reference value :  2.18851e-07
 Reference value :  2.52727e-07
 Reference value :  2.81959e-07
 Reference value :  3.15624e-07
 Reference value :  3.75324e-07
 Reference value :  4.06589e-07
 Reference value :  4.40763e-07
 Reference value :  5.00329e-07
 Reference value :  5.31538e-07
 Reference value :  5.65501e-07
 Reference value :  6.25292e-07
 Reference value :  6.56531e-07
 Reference value :  6.90410e-07
 Reference value :  7.50292e-07
 Reference value :  7.81644e-07
 Reference value :  8.15245e-07
 Reference value :  8.75103e-07
 Reference value :  9.06325e-07
 Reference value :  9.38096e-07
 Reference value :  1.00020e-06
 Reference value :  1.00405e-06
 Reference value :  1.06260e-06
 Reference value :  1.09476e-06
 Reference value :  1.15667e-06
 Reference value :  1.19007e-06
 Reference value :  1.25011e-06
 Reference value :  1.28129e-06
 Reference value :  1.31301e-06
 Reference value :  1.34409e-06
 Reference value :  1.37779e-06
 Reference value :  1.43771e-06
 Reference value :  1.46886e-06
 Reference value :  1.50255e-06
 Reference value :  1.56253e-06
 Reference value :  1.59047e-06
 Reference value :  1.62677e-06
 Reference value :  1.65730e-06
 Reference value :  1.70524e-06
 Reference value :  1.75083e-06
 Reference value :  1.78317e-06
 Reference value :  1.84378e-06
 Reference value :  1.87529e-06
 Reference value :  1.90645e-06
 Reference value :  1.93845e-06
 Reference value :  2.00012e-06
 Reference value :  2.00289e-06
 Reference value :  2.03203e-06
 Reference value :  2.09377e-06
 Reference value :  2.12521e-06
 Reference value :  2.15726e-06
 Reference value :  2.19005e-06
 Reference value :  2.23174e-06
 Reference value :  2.25350e-06
 Reference value :  2.29174e-06
 Reference value :  2.31514e-06
 Reference value :  2.37501e-06
 Reference value :  2.38237e-06
 Reference value :  2.43772e-06
 Reference value :  2.46882e-06
 Reference value :  2.50077e-06
 Reference value :  2.53145e-06
 Reference value :  2.56484e-06
 Reference value :  2.59420e-06
 Reference value :  2.62751e-06
 Reference value :  2.65730e-06
 Reference value :  2.69035e-06
 Reference value :  2.75011e-06
 Reference value :  2.77760e-06
 Reference value :  2.81270e-06
 Reference value :  2.84387e-06
 Reference value :  2.87526e-06
 Reference value :  2.90635e-06
 Reference value :  2.93784e-06
 Reference value :  2.97045e-06
 Reference value :  3.00259e-06
 Reference value :  3.03144e-06
 Reference value :  3.06297e-06
 Reference value :  3.10668e-06
 Reference value :  3.15649e-06
 Reference value :  3.18977e-06
 Reference value :  3.21968e-06
 Reference value :  3.25295e-06
 Reference value :  3.28196e-06
 Reference value :  3.31506e-06
 Reference value :  3.36691e-06
 Reference value :  3.37976e-06
 Reference value :  3.43768e-06
 Reference value :  3.46448e-06
 Reference value :  3.50047e-06
 Reference value :  3.53136e-06
 Reference value :  3.56477e-06
 Reference value :  3.59425e-06
 Reference value :  3.62758e-06
 Reference value :  3.67324e-06
 Reference value :  3.69078e-06
 Reference value :  3.75015e-06
 Reference value :  3.78132e-06
 Reference value :  3.81320e-06
 Reference value :  3.84438e-06
 Reference value :  3.87561e-06
 Reference value :  3.90641e-06
 Reference value :  3.93787e-06
 Reference value :  3.98089e-06
 Reference value :  4.00267e-06
 Reference value :  4.03157e-06
 Reference value :  4.06308e-06
 Reference value :  4.11268e-06
 Reference value :  4.15646e-06
 Reference value :  4.18864e-06
 Reference value :  4.21941e-06
 Reference value :  4.25285e-06
 Reference value :  4.28182e-06
 Reference value :  4.31489e-06
 Reference value :  4.34431e-06
 Reference value :  4.37754e-06
 Reference value :  4.42019e-06
 Reference value :  4.44076e-06
 Reference value :  4.50012e-06
 Reference value :  4.51401e-06
 Reference value :  4.56271e-06
 Reference value :  4.59379e-06
 Reference value :  4.62562e-06
 Reference value :  4.65645e-06
 Reference value :  4.68999e-06
 Reference value :  4.72138e-06
 Reference value :  4.75293e-06
 Reference value :  4.81260e-06
 Reference value :  4.84377e-06
 Reference value :  4.87385e-06
 Reference value :  4.87877e-06
 Reference value :  4.93750e-06
 Reference value :  4.96894e-06
 Reference value :  5.00134e-06
 Reference value :  5.03128e-06
 Reference value :  5.06305e-06
 Reference value :  5.12506e-06
 Reference value :  5.15670e-06
 Reference value :  5.19004e-06
 Reference value :  5.24873e-06
 Reference value :  5.26539e-06
 Reference value :  5.31273e-06
 Reference value :  5.34380e-06
 Reference value :  5.37516e-06
 Reference value :  5.40626e-06
 Reference value :  5.43770e-06
 Reference value :  5.46875e-06
 Reference value :  5.50042e-06
 Reference value :  5.53134e-06
 Reference value :  5.56388e-06
 Reference value :  5.59404e-06
 Reference value :  5.62749e-06
 Reference value :  5.65831e-06
 Reference value :  5.69053e-06
 Reference value :  5.75011e-06
 Reference value :  5.78128e-06
 Reference value :  5.81274e-06
 Reference value :  5.84386e-06
 Reference value :  5.87683e-06
 Reference value :  5.90688e-06
 Reference value :  5.96884e-06
 Reference value :  6.00097e-06
 Reference value :  6.03130e-06
 Reference value :  6.06262e-06
 Reference value :  6.09437e-06
 Reference value :  6.15626e-06
 Reference value :  6.18761e-06
 Reference value :  6.21884e-06
 Reference value :  6.25043e-06
 Reference value :  6.28145e-06
 Reference value :  6.31313e-06
 Reference value :  6.34384e-06
 Reference value :  6.37520e-06
 Reference value :  6.40627e-06
 Reference value :  6.43770e-06
 Reference value :  6.46519e-06
 Reference value :  6.50033e-06
 Reference value :  6.53127e-06
 Reference value :  6.56290e-06
 Reference value :  6.59385e-06
 Reference value :  6.62727e-06
 Reference value :  6.65661e-06
 Reference value :  6.69012e-06
 Reference value :  6.74517e-06
 Reference value :  6.76382e-06
 Reference value :  6.81265e-06
 Reference value :  6.84378e-06
 Reference value :  6.87543e-06
 Reference value :  6.90643e-06
 Reference value :  6.95999e-06
 Reference value :  7.00022e-06
 Reference value :  7.00557e-06
 Reference value :  7.04377e-06
 Reference value :  7.09391e-06
 Reference value :  7.12599e-06
 Reference value :  7.15781e-06
 Reference value :  7.19526e-06
 Reference value :  7.25011e-06
 Reference value :  7.28126e-06
 Reference value :  7.31270e-06
 Reference value :  7.32906e-06
 Reference value :  7.37336e-06
 Reference value :  7.37804e-06
 Reference value :  7.40834e-06
 Reference value :  7.44016e-06
 Reference value :  7.50001e-06
 Reference value :  7.50544e-06
 Reference value :  7.56269e-06
 Reference value :  7.59378e-06
 Reference value :  7.62562e-06
 Reference value :  7.65645e-06
 Reference value :  7.68996e-06
 Reference value :  7.72016e-06
 Reference value :  7.75287e-06
 Reference value :  7.81260e-06
 Reference value :  7.84379e-06
 Reference value :  7.87550e-06
 Reference value :  7.90652e-06
 Reference value :  7.96737e-06
 Reference value :  8.00022e-06
 Reference value :  8.00473e-06
 Reference value :  8.06270e-06
 Reference value :  8.09473e-06
 Reference value :  8.15635e-06
 Reference value :  8.18820e-06
 Reference value :  8.21949e-06
 Reference value :  8.25305e-06
 Reference value :  8.31253e-06
 Reference value :  8.32036e-06
 Reference value :  8.37501e-06
 Reference value :  8.38121e-06
 Reference value :  8.43770e-06
 Reference value :  8.46880e-06
 Reference value :  8.50091e-06
 Reference value :  8.53147e-06
 Reference value :  8.56495e-06
 Reference value :  8.59487e-06
 Reference value :  8.62760e-06
 Reference value :  8.68147e-06
 Reference value :  8.70639e-06
 Reference value :  8.75039e-06
 Reference value :  8.78145e-06
 Reference value :  8.81477e-06
 Reference value :  8.84467e-06
 Reference value :  8.87766e-06
 Reference value :  8.92249e-06
 Reference value :  8.96893e-06
 Reference value :  9.00050e-06
 Reference value :  9.03127e-06
 Reference value :  9.06270e-06
 Reference value :  9.09465e-06
 Reference value :  9.15634e-06
 Reference value :  9.18797e-06
 Reference value :  9.21955e-06
 Reference value :  9.25296e-06
 Reference value :  9.28250e-06
 Reference value :  9.31518e-06
 Reference value :  9.34464e-06
 Reference value :  9.37759e-06
 Reference value :  9.43751e-06
 Reference value :  9.44475e-06
 Reference value :  9.50023e-06
 Reference value :  9.53132e-06
 Reference value :  9.56327e-06
 Reference value :  9.59396e-06
 Reference value :  9.62745e-06
 Reference value :  9.65963e-06
 Reference value :  9.69365e-06
 Reference value :  9.75021e-06
 Reference value :  9.78137e-06
 Reference value :  9.81447e-06
 Reference value :  9.84436e-06
 Reference value :  9.87757e-06
 Reference value :  9.90785e-06
 Reference value :  9.96886e-06
 Reference value :  1.00007e-05
 Reference value :  1.00313e-05
 Reference value :  1.00627e-05
 Reference value :  1.00944e-05
 Reference value :  1.01513e-05
 Reference value :  1.01875e-05
 Reference value :  1.02188e-05
 Reference value :  1.02502e-05
 Reference value :  1.02813e-05
 Reference value :  1.02969e-05
 Reference value :  1.03168e-05
 Reference value :  1.03675e-05
 Reference value :  1.03780e-05
 Reference value :  1.04375e-05
 Reference value :  1.04441e-05
 Reference value :  1.05002e-05
 Reference value :  1.05313e-05
 Reference value :  1.05635e-05
 Reference value :  1.05940e-05
 Reference value :  1.06275e-05
 Reference value :  1.06570e-05
 Reference value :  1.06902e-05
 Reference value :  1.07500e-05
 Reference value :  1.07797e-05
 Reference value :  1.08129e-05
 Reference value :  1.08439e-05
 Reference value :  1.08773e-05
 Reference value :  1.09067e-05
 Reference value :  1.09582e-05
 Reference value :  1.09701e-05
 Reference value :  1.10027e-05
 Reference value :  1.10324e-05
 Reference value :  1.10939e-05
 Reference value :  1.11474e-05
 Reference value :  1.11877e-05
 Reference value :  1.12189e-05
 Reference value :  1.12527e-05
 Reference value :  1.12817e-05
 Reference value :  1.13148e-05
 Reference value :  1.13444e-05
 Reference value :  1.13765e-05
 Reference value :  1.14064e-05
 Reference value :  1.14382e-05
 Reference value :  1.14690e-05
 Reference value :  1.15025e-05
 Reference value :  1.15394e-05
 Reference value :  1.15681e-05
 Reference value :  1.16252e-05
 Reference value :  1.16563e-05
 Reference value :  1.16898e-05
 Reference value :  1.17195e-05
 Reference value :  1.17528e-05
 Reference value :  1.18127e-05
 Reference value :  1.18438e-05
 Reference value :  1.18757e-05
 Reference value :  1.19065e-05
 Reference value :  1.19440e-05
 Reference value :  1.20002e-05
 Reference value :  1.20030e-05
 Reference value :  1.20324e-05
 Reference value :  1.20939e-05
 Reference value :  1.21257e-05
 Reference value :  1.21576e-05
 Reference value :  1.21905e-05
 Reference value :  1.22201e-05
 Reference value :  1.22531e-05
 Reference value :  1.22970e-05
 Reference value :  1.23171e-05
 Reference value :  1.23641e-05
 Reference value :  1.23793e-05
 Reference value :  1.24241e-05
 Reference value :  1.24406e-05
 Reference value :  1.25001e-05
 Reference value :  1.25189e-05
 Reference value :  1.25628e-05
 Reference value :  1.25939e-05
 Reference value :  1.26276e-05
 Reference value :  1.26877e-05
 Reference value :  1.27191e-05
 Reference value :  1.27528e-05
 Reference value :  1.28127e-05
 Reference value :  1.28442e-05
 Reference value :  1.28780e-05
 Reference value :  1.29379e-05
 Reference value :  1.30002e-05
 Reference value :  1.30313e-05
 Reference value :  1.30628e-05
 Reference value :  1.31251e-05
 Reference value :  1.31571e-05
 Reference value :  1.32093e-05
 Reference value :  1.32501e-05
 Reference value :  1.32813e-05
 Reference value :  1.33136e-05
 Reference value :  1.33445e-05
 Reference value :  1.33777e-05
 Reference value :  1.34376e-05
 Reference value :  1.34688e-05
 Reference value :  1.35024e-05
 Reference value :  1.35625e-05
 Reference value :  1.35938e-05
 Reference value :  1.36274e-05
 Reference value :  1.36875e-05
 Reference value :  1.37189e-05
 Reference value :  1.37525e-05
 Reference value :  1.38126e-05
 Reference value :  1.38439e-05
 Reference value :  1.38776e-05
 Reference value :  1.39377e-05
 Reference value :  1.40001e-05
 Reference value :  1.40034e-05
 Reference value :  1.40627e-05
 Reference value :  1.41201e-05
 Reference value :  1.41570e-05
 Reference value :  1.42188e-05
 Reference value :  1.42508e-05
 Reference value :  1.42819e-05
 Reference value :  1.43162e-05
 Reference value :  1.43756e-05
 Reference value :  1.44117e-05
 Reference value :  1.44688e-05
 Reference value :  1.45023e-05
 Reference value :  1.45594e-05
 Reference value :  1.45938e-05
 Reference value :  1.46275e-05
 Reference value :  1.46876e-05
 Reference value :  1.47190e-05
 Reference value :  1.47527e-05
 Reference value :  1.48127e-05
 Reference value :  1.48441e-05
 Reference value :  1.48773e-05
 Reference value :  1.49074e-05
 Reference value :  1.49689e-05
 Reference value :  1.50026e-05
 Reference value :  1.50321e-05
 Reference value :  1.50939e-05
 Reference value :  1.51563e-05
 Reference value :  1.51877e-05
 Reference value :  1.52193e-05
 Reference value :  1.52530e-05
 Reference value :  1.53127e-05
 Reference value :  1.53443e-05
 Reference value :  1.53810e-05
 Reference value :  1.54382e-05
 Reference value :  1.54772e-05
 Reference value :  1.55313e-05
 Reference value :  1.55649e-05
 Reference value :  1.56251e-05
 Reference value :  1.56564e-05
 Reference value :  1.56900e-05
 Reference value :  1.57502e-05
 Reference value :  1.57815e-05
 Reference value :  1.58151e-05
 Reference value :  1.58751e-05
 Reference value :  1.59064e-05
 Reference value :  1.59688e-05
 Reference value :  1.60023e-05
 Reference value :  1.60317e-05
 Reference value :  1.60938e-05
 Reference value :  1.61255e-05
 Reference value :  1.61689e-05
 Reference value :  1.62188e-05
 Reference value :  1.62503e-05
 Reference value :  1.62814e-05
 Reference value :  1.63153e-05
 Reference value :  1.63754e-05
 Reference value :  1.64073e-05
 Reference value :  1.64562e-05
 Reference value :  1.65009e-05
 Reference value :  1.65395e-05
 Reference value :  1.65938e-05
 Reference value :  1.66274e-05
 Reference value :  1.66875e-05
 Reference value :  1.67189e-05
 Reference value :  1.67525e-05
 Reference value :  1.68126e-05
 Reference value :  1.68439e-05
 Reference value :  1.68775e-05
 Reference value :  1.69377e-05
No. of Data Rows : 42375
icmpf000            =  -2.85606e-05 from=  3.00000e-06 to=  5.00001e-06
icdacf000           =  -6.84511e-06 from=  3.00000e-06 to=  5.00001e-06
itrkf000            =  -1.26457e-25 from=  3.00000e-06 to=  5.00001e-06
ireff000            =  -1.86805e-09 from=  3.00000e-06 to=  5.00001e-06
ivcmf000            =  -1.24261e-05 from=  3.00000e-06 to=  5.00001e-06
icmpf025            =  -2.85646e-05 from=  6.00000e-06 to=  8.00001e-06
icdacf025           =  -6.92880e-06 from=  6.00000e-06 to=  8.00001e-06
itrkf025            =  -1.26457e-25 from=  6.00000e-06 to=  8.00001e-06
ireff025            =  -4.29124e-06 from=  6.00000e-06 to=  8.00001e-06
ivcmf025            =  -7.60932e-06 from=  6.00000e-06 to=  8.00001e-06
icmpf050            =  -2.91701e-05 from=  9.00000e-06 to=  1.10000e-05
icdacf050           =  -7.21358e-06 from=  9.00000e-06 to=  1.10000e-05
itrkf050            =  -1.26457e-25 from=  9.00000e-06 to=  1.10000e-05
ireff050            =  -9.50856e-06 from=  9.00000e-06 to=  1.10000e-05
ivcmf050            =  -1.72120e-07 from=  9.00000e-06 to=  1.10000e-05
icmpf075            =  -2.85008e-05 from=  1.20000e-05 to=  1.40000e-05
icdacf075           =  -7.55377e-06 from=  1.20000e-05 to=  1.40000e-05
itrkf075            =  -1.26457e-25 from=  1.20000e-05 to=  1.40000e-05
ireff075            =  -9.98651e-06 from=  1.20000e-05 to=  1.40000e-05
ivcmf075            =  7.39973e-06 from=  1.20000e-05 to=  1.40000e-05
icmpf100            =  -2.81998e-05 from=  1.50000e-05 to=  1.70000e-05
icdacf100           =  -7.78915e-06 from=  1.50000e-05 to=  1.70000e-05
itrkf100            =  -1.26457e-25 from=  1.50000e-05 to=  1.70000e-05
ireff100            =  -8.47424e-06 from=  1.50000e-05 to=  1.70000e-05
ivcmf100            =  1.26985e-05 from=  1.50000e-05 to=  1.70000e-05
vddm                =  3.30000e+00
m_p_cmp_f000_uw = 9.4249815000e+01
m_p_cdac_f000_uw = 2.2588853100e+01
m_p_trk_f000_uw = 4.1730909000e-19
m_p_ref_f000_uw = 6.1645716000e-03
m_p_vcm_f000_uw = 2.0502982500e+01
m_p_total_f000_uw = 1.3734781517e+02
m_p_cmp_f025_uw = 9.4263015000e+01
m_p_cdac_f025_uw = 2.2865056500e+01
m_p_trk_f025_uw = 4.1730909000e-19
m_p_ref_f025_uw = 1.4161078800e+01
m_p_vcm_f025_uw = 1.2555379650e+01
m_p_total_f025_uw = 1.4384452995e+02
m_p_cmp_f050_uw = 9.6261495000e+01
m_p_cdac_f050_uw = 2.3804807400e+01
m_p_trk_f050_uw = 4.1730909000e-19
m_p_ref_f050_uw = 3.1378244700e+01
m_p_vcm_f050_uw = 2.8399833000e-01
m_p_total_f050_uw = 1.5172854543e+02
m_p_cmp_f075_uw = 9.4052772000e+01
m_p_cdac_f075_uw = 2.4927431100e+01
m_p_trk_f075_uw = 4.1730909000e-19
m_p_ref_f075_uw = 3.2955499500e+01
m_p_vcm_f075_uw = -1.220954790e+01
m_p_total_f075_uw = 1.3972615470e+02
m_p_cmp_f100_uw = 9.3059406000e+01
m_p_cdac_f100_uw = 2.5704204900e+01
m_p_trk_f100_uw = 4.1730909000e-19
m_p_ref_f100_uw = 2.7964982100e+01
m_p_vcm_f100_uw = -2.095245900e+01
m_p_total_f100_uw = 1.2577613400e+02
m_supply_v = 3.3000000000e+00
Note: Simulation executed from .control section 

Warning: m=xx on .subckt line will override multiplier m hierarchy!

Note: Starting dynamic gmin stepping
Note: Dynamic gmin stepping completed
