
Note: Compatibility modes selected: hs a


Circuit: * adc-power @ tt_-40c_2.97v -- generated by sim/harness, do not edit

Reducing trtol to 1 for xspice 'A' devices
Doing analysis at TEMP = -40.000000 and TNOM = 27.000000

Using SPARSE 1.3 as Direct Linear Solver

Initial Transient Solution
--------------------------

Node                                   Voltage
----                                   -------
clk                                          0
cmpclk                                       0
cmpclkb                                   2.97
vddt                                      2.97
vddd                                      2.97
vddc                                      2.97
vrefs                                     2.97
vrefn                                     2.97
vcmn                                     1.485
se_vinp                                      0
se_vinn                                  1.485
se_start                                     0
se_mode                                      0
se_cmp                                 1.24826
se_samp_tp_n                                 0
se_sel_in_n                                  0
se_drdy                                   2.97
se_c9                                        0
se_c8                                        0
se_c7                                        0
se_c6                                        0
se_c5                                        0
se_c4                                        0
se_c3                                        0
se_c2                                        0
se_c1                                        0
se_c0                                        0
se_rel_n_256p                             2.97
se_sel_hi_n_256p                             0
se_sel_lo_n_256p                             0
se_rel_n_128p                             2.97
se_sel_hi_n_128p                             0
se_sel_lo_n_128p                             0
se_rel_n_64p                              2.97
se_sel_hi_n_64p                              0
se_sel_lo_n_64p                              0
se_rel_n_32p                              2.97
se_sel_hi_n_32p                              0
se_sel_lo_n_32p                              0
se_rel_n_16p                              2.97
se_sel_hi_n_16p                              0
se_sel_lo_n_16p                              0
se_rel_n_8p                               2.97
se_sel_hi_n_8p                               0
se_sel_lo_n_8p                               0
se_rel_n_4p                               2.97
se_sel_hi_n_4p                               0
se_sel_lo_n_4p                               0
se_rel_n_2p                               2.97
se_sel_hi_n_2p                               0
se_sel_lo_n_2p                               0
se_rel_n_1p                               2.97
se_sel_hi_n_1p                               0
se_sel_lo_n_1p                               0
se_rel_n_256n                             2.97
se_sel_hi_n_256n                             0
se_sel_lo_n_256n                             0
se_rel_n_128n                             2.97
se_sel_hi_n_128n                             0
se_sel_lo_n_128n                             0
se_rel_n_64n                              2.97
se_sel_hi_n_64n                              0
se_sel_lo_n_64n                              0
se_rel_n_32n                              2.97
se_sel_hi_n_32n                              0
se_sel_lo_n_32n                              0
se_rel_n_16n                              2.97
se_sel_hi_n_16n                              0
se_sel_lo_n_16n                              0
se_rel_n_8n                               2.97
se_sel_hi_n_8n                               0
se_sel_lo_n_8n                               0
se_rel_n_4n                               2.97
se_sel_hi_n_4n                               0
se_sel_lo_n_4n                               0
se_rel_n_2n                               2.97
se_sel_hi_n_2n                               0
se_sel_lo_n_2n                               0
se_rel_n_1n                               2.97
se_sel_hi_n_1n                               0
se_sel_lo_n_1n                               0
se_pinp                            7.40314e-10
se_pinn                                  1.485
xdut.\$65                                 2.97
xdut.\$27                          1.18886e-09
xdut.\$29                                 2.97
xdut.\$9                                  2.97
xdut.\$10                                1.485
xdut.\$67                                 2.97
xdut.\$31                          1.18886e-09
xdut.\$33                                 2.97
xdut.\$11                                 2.97
xdut.\$12                                1.485
xdut.\$69                                 2.97
xdut.\$35                          1.18886e-09
xdut.\$37                                 2.97
xdut.\$13                                 2.97
xdut.\$14                                1.485
xdut.\$71                                 2.97
xdut.\$39                          1.18886e-09
xdut.\$41                                 2.97
xdut.\$15                                 2.97
xdut.\$16                                1.485
xdut.\$73                                 2.97
xdut.\$43                          1.18886e-09
xdut.\$45                                 2.97
xdut.\$17                                 2.97
xdut.\$18                                1.485
xdut.\$75                                 2.97
xdut.\$47                          1.18886e-09
xdut.\$49                                 2.97
xdut.\$19                                 2.97
xdut.\$20                                1.485
xdut.\$77                                 2.97
xdut.\$51                          1.18886e-09
xdut.\$53                                 2.97
xdut.\$21                                 2.97
xdut.\$22                                1.485
xdut.\$79                                 2.97
xdut.\$55                          1.18886e-09
xdut.\$57                                 2.97
xdut.\$23                                 2.97
xdut.\$24                                1.485
xdut.\$81                                 2.97
xdut.\$59                          1.18886e-09
xdut.\$61                                 2.97
xdut.\$25                                 2.97
xdut.\$26                                1.485
xdut.\$83                                 2.97
xdut.\$85                          1.18886e-09
xdut.\$87                                 2.97
xdut.\$89                                 2.97
xdut.\$90                                1.485
xdut.\$92                                 2.97
xdut.\$94                          1.18886e-09
xdut.\$96                                 2.97
xdut.\$98                                 2.97
xdut.\$99                                1.485
xdut.\$100                                2.97
xdut.\$102                         1.18886e-09
xdut.\$104                                2.97
xdut.\$106                                2.97
xdut.\$107                               1.485
xdut.\$108                                2.97
xdut.\$110                         1.18886e-09
xdut.\$112                                2.97
xdut.\$114                                2.97
xdut.\$115                               1.485
xdut.\$116                                2.97
xdut.\$118                         1.18886e-09
xdut.\$120                                2.97
xdut.\$122                                2.97
xdut.\$123                               1.485
xdut.\$124                                2.97
xdut.\$126                         1.18886e-09
xdut.\$128                                2.97
xdut.\$130                                2.97
xdut.\$131                               1.485
xdut.\$132                                2.97
xdut.\$134                         1.18886e-09
xdut.\$136                                2.97
xdut.\$138                                2.97
xdut.\$139                               1.485
xdut.\$140                                2.97
xdut.\$142                         1.18886e-09
xdut.\$144                                2.97
xdut.\$146                                2.97
xdut.\$147                               1.485
xdut.\$166                                2.97
se_topp                                1.48506
xdut.\$167                                2.97
se_topn                                1.48506
xdut.\$148                                2.97
xdut.\$150                         1.18886e-09
xdut.\$152                                2.97
xdut.\$154                                2.97
xdut.\$155                               1.485
xdut.\$10__par                           1.485
xdut.\$100__par                           2.97
xdut.\$102__par                    1.18886e-09
xdut.\$104__par                           2.97
xdut.\$106__par                           2.97
xdut.\$107__par                          1.485
xdut.\$108__par                           2.97
xdut.\$11__par                            2.97
xdut.\$110__par                    1.18886e-09
xdut.\$112__par                           2.97
xdut.\$114__par                           2.97
xdut.\$115__par                          1.485
xdut.\$116__par                           2.97
xdut.\$118__par                    1.18886e-09
xdut.\$12__par                           1.485
xdut.\$120__par                           2.97
xdut.\$122__par                           2.97
xdut.\$123__par                          1.485
xdut.\$124__par                           2.97
xdut.\$126__par                    1.18886e-09
xdut.\$128__par                           2.97
xdut.\$13__par                            2.97
xdut.\$130__par                           2.97
xdut.\$131__par                          1.485
xdut.\$132__par                           2.97
xdut.\$134__par                    1.18886e-09
xdut.\$136__par                           2.97
xdut.\$138__par                           2.97
xdut.\$139__par                          1.485
xdut.\$14__par                           1.485
xdut.\$140__par                           2.97
xdut.\$142__par                    1.18886e-09
xdut.\$144__par                           2.97
xdut.\$146__par                           2.97
xdut.\$147__par                          1.485
xdut.\$148__par                           2.97
xdut.\$15__par                            2.97
xdut.\$150__par                    1.18886e-09
xdut.\$152__par                           2.97
xdut.\$154__par                           2.97
xdut.\$155__par                          1.485
xdut.\$16__par                           1.485
xdut.\$166__par                           2.97
xdut.\$167__par                           2.97
xdut.\$17__par                            2.97
xdut.\$18__par                           1.485
xdut.\$19__par                            2.97
xdut.\$20__par                           1.485
xdut.\$21__par                            2.97
xdut.\$22__par                           1.485
xdut.\$23__par                            2.97
xdut.\$24__par                           1.485
xdut.\$25__par                            2.97
xdut.\$26__par                           1.485
xdut.\$27__par                     1.18886e-09
xdut.\$29__par                            2.97
xdut.\$31__par                     1.18886e-09
xdut.\$33__par                            2.97
xdut.\$35__par                     1.18886e-09
xdut.\$37__par                            2.97
xdut.\$39__par                     1.18886e-09
xdut.\$41__par                            2.97
xdut.\$43__par                     1.18886e-09
xdut.\$45__par                            2.97
xdut.\$47__par                     1.18886e-09
xdut.\$49__par                            2.97
xdut.\$51__par                     1.18886e-09
xdut.\$53__par                            2.97
xdut.\$55__par                     1.18886e-09
xdut.\$57__par                            2.97
xdut.\$59__par                     1.18886e-09
xdut.\$61__par                            2.97
xdut.\$65__par                            2.97
xdut.\$67__par                            2.97
xdut.\$69__par                            2.97
xdut.\$71__par                            2.97
xdut.\$73__par                            2.97
xdut.\$75__par                            2.97
xdut.\$77__par                            2.97
xdut.\$79__par                            2.97
xdut.\$81__par                            2.97
xdut.\$83__par                            2.97
xdut.\$85__par                     1.18886e-09
xdut.\$87__par                            2.97
xdut.\$89__par                            2.97
xdut.\$9__par                             2.97
xdut.\$90__par                           1.485
xdut.\$92__par                            2.97
xdut.\$94__par                     1.18886e-09
xdut.\$96__par                            2.97
xdut.\$98__par                            2.97
xdut.\$99__par                           1.485
xdut.hi_128_n__par                           0
xdut.hi_128_p__par                           0
xdut.hi_16_n__par                            0
xdut.hi_16_p__par                            0
xdut.hi_1_n__par                             0
xdut.hi_1_p__par                             0
xdut.hi_256_n__par                           0
xdut.hi_256_p__par                           0
xdut.hi_2_n__par                             0
xdut.hi_2_p__par                             0
xdut.hi_32_n__par                            0
xdut.hi_32_p__par                            0
xdut.hi_4_n__par                             0
xdut.hi_4_p__par                             0
xdut.hi_64_n__par                            0
xdut.hi_64_p__par                            0
xdut.hi_8_n__par                             0
xdut.hi_8_p__par                             0
xdut.lo_128_n__par                           0
xdut.lo_128_p__par                           0
xdut.lo_16_n__par                            0
xdut.lo_16_p__par                            0
xdut.lo_1_n__par                             0
xdut.lo_1_p__par                             0
xdut.lo_256_n__par                           0
xdut.lo_256_p__par                           0
xdut.lo_2_n__par                             0
xdut.lo_2_p__par                             0
xdut.lo_32_n__par                            0
xdut.lo_32_p__par                            0
xdut.lo_4_n__par                             0
xdut.lo_4_p__par                             0
xdut.lo_64_n__par                            0
xdut.lo_64_p__par                            0
xdut.lo_8_n__par                             0
xdut.lo_8_p__par                             0
xdut.pinn__par                           1.485
xdut.pinp__par                     7.40314e-10
xdut.rel_128_n__par                       2.97
xdut.rel_128_p__par                       2.97
xdut.rel_16_n__par                        2.97
xdut.rel_16_p__par                        2.97
xdut.rel_1_n__par                         2.97
xdut.rel_1_p__par                         2.97
xdut.rel_256_n__par                       2.97
xdut.rel_256_p__par                       2.97
xdut.rel_2_n__par                         2.97
xdut.rel_2_p__par                         2.97
xdut.rel_32_n__par                        2.97
xdut.rel_32_p__par                        2.97
xdut.rel_4_n__par                         2.97
xdut.rel_4_p__par                         2.97
xdut.rel_64_n__par                        2.97
xdut.rel_64_p__par                        2.97
xdut.rel_8_n__par                         2.97
xdut.rel_8_p__par                         2.97
xdut.sel_in__par                             0
xdut.topn__par                         1.48506
xdut.topp__par                         1.48506
xdut.tp_gn__par                              0
xdut.vcm__par                            1.485
xdut.vdd__par                             2.97
xdut.vref__par                            2.97
xdut.vss__par                                0
se_ibias                              0.807378
xsecmp.xpre.ptail                     0.577445
xsecmp.pon                              2.0907
xsecmp.preamp_in1                      1.48506
xsecmp.pop                              2.0907
xsecmp.preamp_in2                      1.48506
xsecmp.xpre.xrlp.11                    2.96978
xsecmp.xpre.xrlp.21                    2.09092
xsecmp.xpre.xrln.11                    2.96978
xsecmp.xpre.xrln.21                    2.09092
xsecmp.xlat.ltail                      1.38361
xsecmp.xlat.dip                           2.97
xsecmp.xlat.din                           2.97
xsecmp.outn                               2.97
xsecmp.outp                               2.97
xsecmp.sset                        4.74319e-09
xsecmp.srst                        4.74319e-09
xsecmp.xno1.ps                         2.81897
se_cmpb                                1.24826
xsecmp.xno2.ps                         2.81897
se_code                                      0
bsecode#branch                               0
lref#branch                        5.36419e-11
v.xsecmp.vpn#branch                          0
v.xsecmp.vpp#branch                          0
vsemode#branch                               0
vsestart#branch                              0
vsevinn#branch                    -3.20438e-18
vseinp#branch                      2.96126e-11
vcms#branch                       -5.21622e-14
vrefs#branch                      -5.36419e-11
vddc#branch                       -0.000492344
vddd#branch                       -4.65522e-10
vddt#branch                        8.99337e-26
vcmpclkb#branch                              0
vcmpclk#branch                               0
vclk#branch                                  0
a.xsectrl.a_gn#branch_1_0         -1.34019e-19
a.xsectrl.a_gn#branch_1_1                    0
a.xsectrl.a_gn#branch_1_2                    0
a.xsectrl.a_gn#branch_1_3         -1.34019e-19
a.xsectrl.a_gn#branch_1_4                    0
a.xsectrl.a_gn#branch_1_5                    0
a.xsectrl.a_gn#branch_1_6         -1.34019e-19
a.xsectrl.a_gn#branch_1_7                    0
a.xsectrl.a_gn#branch_1_8                    0
a.xsectrl.a_gn#branch_1_9         -1.34019e-19
a.xsectrl.a_gn#branch_1_10                   0
a.xsectrl.a_gn#branch_1_11                   0
a.xsectrl.a_gn#branch_1_12        -1.34019e-19
a.xsectrl.a_gn#branch_1_13                   0
a.xsectrl.a_gn#branch_1_14                   0
a.xsectrl.a_gn#branch_1_15        -1.34019e-19
a.xsectrl.a_gn#branch_1_16                   0
a.xsectrl.a_gn#branch_1_17                   0
a.xsectrl.a_gn#branch_1_18        -1.34019e-19
a.xsectrl.a_gn#branch_1_19                   0
a.xsectrl.a_gn#branch_1_20                   0
a.xsectrl.a_gn#branch_1_21        -1.34019e-19
a.xsectrl.a_gn#branch_1_22                   0
a.xsectrl.a_gn#branch_1_23                   0
a.xsectrl.a_gn#branch_1_24        -1.34019e-19
a.xsectrl.a_gn#branch_1_25                   0
a.xsectrl.a_gn#branch_1_26                   0
a.xsectrl.a_gn#branch_1_27        -1.34019e-19
a.xsectrl.a_gn#branch_1_28                   0
a.xsectrl.a_gn#branch_1_29                   0
a.xsectrl.a_gn#branch_1_30        -1.34019e-19
a.xsectrl.a_gn#branch_1_31                   0
a.xsectrl.a_gn#branch_1_32                   0
a.xsectrl.a_gn#branch_1_33        -1.34019e-19
a.xsectrl.a_gn#branch_1_34                   0
a.xsectrl.a_gn#branch_1_35                   0
a.xsectrl.a_gn#branch_1_36        -1.34019e-19
a.xsectrl.a_gn#branch_1_37                   0
a.xsectrl.a_gn#branch_1_38                   0
a.xsectrl.a_gn#branch_1_39        -1.34019e-19
a.xsectrl.a_gn#branch_1_40                   0
a.xsectrl.a_gn#branch_1_41                   0
a.xsectrl.a_gn#branch_1_42        -1.34019e-19
a.xsectrl.a_gn#branch_1_43                   0
a.xsectrl.a_gn#branch_1_44                   0
a.xsectrl.a_gn#branch_1_45        -1.34019e-19
a.xsectrl.a_gn#branch_1_46                   0
a.xsectrl.a_gn#branch_1_47                   0
a.xsectrl.a_gn#branch_1_48        -1.34019e-19
a.xsectrl.a_gn#branch_1_49                   0
a.xsectrl.a_gn#branch_1_50                   0
a.xsectrl.a_gn#branch_1_51        -1.34019e-19
a.xsectrl.a_gn#branch_1_52                   0
a.xsectrl.a_gn#branch_1_53                   0
a.xsectrl.a_dout#branch_1_0                  0
a.xsectrl.a_dout#branch_1_1                  0
a.xsectrl.a_dout#branch_1_2                  0
a.xsectrl.a_dout#branch_1_3                  0
a.xsectrl.a_dout#branch_1_4                  0
a.xsectrl.a_dout#branch_1_5                  0
a.xsectrl.a_dout#branch_1_6                  0
a.xsectrl.a_dout#branch_1_7                  0
a.xsectrl.a_dout#branch_1_8                  0
a.xsectrl.a_dout#branch_1_9                  0
a.xsectrl.a_dout#branch_1_10                 0
a.xsectrl.a_dout#branch_1_11                 0
a.xsectrl.a_dout#branch_1_12                 0

 Reference value :  0.00000e+00
 Reference value :  3.33799e-09
 Reference value :  3.18565e-08
 Reference value :  9.38201e-08
 Reference value :  1.25408e-07
 Reference value :  1.87510e-07
 Reference value :  2.18785e-07
 Reference value :  2.50245e-07
 Reference value :  2.81258e-07
 Reference value :  3.12659e-07
 Reference value :  3.43773e-07
 Reference value :  3.75364e-07
 Reference value :  4.06329e-07
 Reference value :  4.38116e-07
 Reference value :  4.68860e-07
 Reference value :  5.02255e-07
 Reference value :  5.31452e-07
 Reference value :  5.64961e-07
 Reference value :  5.95527e-07
 Reference value :  6.27828e-07
 Reference value :  6.87601e-07
 Reference value :  7.02489e-07
 Reference value :  7.50211e-07
 Reference value :  7.81340e-07
 Reference value :  8.13072e-07
 Reference value :  8.44118e-07
 Reference value :  8.75735e-07
 Reference value :  9.06642e-07
 Reference value :  9.68790e-07
 Reference value :  1.00041e-06
 Reference value :  1.00299e-06
 Reference value :  1.03193e-06
 Reference value :  1.09381e-06
 Reference value :  1.12545e-06
 Reference value :  1.18750e-06
 Reference value :  1.21878e-06
 Reference value :  1.25022e-06
 Reference value :  1.26778e-06
 Reference value :  1.31260e-06
 Reference value :  1.32072e-06
 Reference value :  1.37520e-06
 Reference value :  1.40626e-06
 Reference value :  1.43782e-06
 Reference value :  1.46883e-06
 Reference value :  1.50081e-06
 Reference value :  1.53140e-06
 Reference value :  1.56489e-06
 Reference value :  1.59440e-06
 Reference value :  1.62778e-06
 Reference value :  1.68760e-06
 Reference value :  1.71877e-06
 Reference value :  1.75048e-06
 Reference value :  1.78154e-06
 Reference value :  1.81501e-06
 Reference value :  1.84442e-06
 Reference value :  1.87743e-06
 Reference value :  1.90663e-06
 Reference value :  1.96875e-06
 Reference value :  2.00039e-06
 Reference value :  2.00309e-06
 Reference value :  2.03198e-06
 Reference value :  2.09381e-06
 Reference value :  2.12535e-06
 Reference value :  2.15853e-06
 Reference value :  2.19037e-06
 Reference value :  2.25010e-06
 Reference value :  2.25390e-06
 Reference value :  2.30434e-06
 Reference value :  2.31549e-06
 Reference value :  2.37503e-06
 Reference value :  2.37916e-06
 Reference value :  2.43764e-06
 Reference value :  2.45055e-06
 Reference value :  2.50014e-06
 Reference value :  2.50473e-06
 Reference value :  2.56264e-06
 Reference value :  2.57781e-06
 Reference value :  2.62519e-06
 Reference value :  2.65628e-06
 Reference value :  2.68784e-06
 Reference value :  2.71883e-06
 Reference value :  2.75061e-06
 Reference value :  2.78171e-06
 Reference value :  2.81512e-06
 Reference value :  2.84466e-06
 Reference value :  2.87753e-06
 Reference value :  2.90668e-06
 Reference value :  2.96879e-06
 Reference value :  3.00044e-06
 Reference value :  3.00301e-06
 Reference value :  3.03193e-06
 Reference value :  3.09381e-06
 Reference value :  3.12541e-06
 Reference value :  3.18175e-06
 Reference value :  3.21481e-06
 Reference value :  3.25020e-06
 Reference value :  3.26978e-06
 Reference value :  3.31264e-06
 Reference value :  3.32454e-06
 Reference value :  3.37518e-06
 Reference value :  3.40367e-06
 Reference value :  3.43776e-06
 Reference value :  3.46882e-06
 Reference value :  3.50043e-06
 Reference value :  3.53133e-06
 Reference value :  3.56295e-06
 Reference value :  3.59389e-06
 Reference value :  3.62727e-06
 Reference value :  3.65681e-06
 Reference value :  3.69006e-06
 Reference value :  3.73352e-06
 Reference value :  3.75289e-06
 Reference value :  3.81270e-06
 Reference value :  3.84382e-06
 Reference value :  3.87520e-06
 Reference value :  3.90630e-06
 Reference value :  3.93770e-06
 Reference value :  3.96912e-06
 Reference value :  4.00252e-06
 Reference value :  4.03132e-06
 Reference value :  4.06270e-06
 Reference value :  4.09427e-06
 Reference value :  4.15630e-06
 Reference value :  4.18785e-06
 Reference value :  4.21891e-06
 Reference value :  4.25050e-06
 Reference value :  4.28133e-06
 Reference value :  4.31280e-06
 Reference value :  4.34383e-06
 Reference value :  4.37561e-06
 Reference value :  4.40637e-06
 Reference value :  4.43986e-06
 Reference value :  4.46910e-06
 Reference value :  4.50257e-06
 Reference value :  4.55947e-06
 Reference value :  4.56601e-06
 Reference value :  4.62520e-06
 Reference value :  4.65628e-06
 Reference value :  4.68780e-06
 Reference value :  4.71885e-06
 Reference value :  4.75227e-06
 Reference value :  4.78196e-06
 Reference value :  4.81524e-06
 Reference value :  4.84472e-06
 Reference value :  4.87753e-06
 Reference value :  4.90685e-06
 Reference value :  4.96883e-06
 Reference value :  5.00044e-06
 Reference value :  5.00375e-06
 Reference value :  5.06262e-06
 Reference value :  5.09425e-06
 Reference value :  5.15634e-06
 Reference value :  5.18791e-06
 Reference value :  5.21895e-06
 Reference value :  5.25267e-06
 Reference value :  5.28149e-06
 Reference value :  5.31499e-06
 Reference value :  5.34424e-06
 Reference value :  5.37728e-06
 Reference value :  5.40653e-06
 Reference value :  5.43929e-06
 Reference value :  5.46896e-06
 Reference value :  5.50251e-06
 Reference value :  5.53763e-06
 Reference value :  5.56525e-06
 Reference value :  5.62501e-06
 Reference value :  5.63257e-06
 Reference value :  5.68770e-06
 Reference value :  5.71884e-06
 Reference value :  5.75057e-06
 Reference value :  5.78143e-06
 Reference value :  5.81477e-06
 Reference value :  5.84408e-06
 Reference value :  5.87749e-06
 Reference value :  5.91060e-06
 Reference value :  5.96882e-06
 Reference value :  6.00040e-06
 Reference value :  6.00536e-06
 Reference value :  6.06264e-06
 Reference value :  6.09425e-06
 Reference value :  6.12657e-06
 Reference value :  6.18760e-06
 Reference value :  6.21875e-06
 Reference value :  6.25016e-06
 Reference value :  6.26929e-06
 Reference value :  6.31262e-06
 Reference value :  6.32249e-06
 Reference value :  6.37500e-06
 Reference value :  6.37920e-06
 Reference value :  6.42306e-06
 Reference value :  6.44049e-06
 Reference value :  6.48881e-06
 Reference value :  6.50330e-06
 Reference value :  6.56262e-06
 Reference value :  6.58571e-06
 Reference value :  6.62520e-06
 Reference value :  6.65631e-06
 Reference value :  6.68791e-06
 Reference value :  6.71895e-06
 Reference value :  6.75243e-06
 Reference value :  6.78196e-06
 Reference value :  6.81508e-06
 Reference value :  6.87510e-06
 Reference value :  6.88366e-06
 Reference value :  6.93771e-06
 Reference value :  6.96930e-06
 Reference value :  7.00250e-06
 Reference value :  7.03139e-06
 Reference value :  7.06295e-06
 Reference value :  7.09463e-06
 Reference value :  7.15634e-06
 Reference value :  7.18785e-06
 Reference value :  7.21895e-06
 Reference value :  7.25267e-06
 Reference value :  7.28149e-06
 Reference value :  7.31300e-06
 Reference value :  7.34389e-06
 Reference value :  7.37544e-06
 Reference value :  7.40636e-06
 Reference value :  7.43977e-06
 Reference value :  7.46930e-06
 Reference value :  7.50262e-06
 Reference value :  7.53760e-06
 Reference value :  7.56517e-06
 Reference value :  7.62063e-06
 Reference value :  7.62825e-06
 Reference value :  7.68764e-06
 Reference value :  7.71882e-06
 Reference value :  7.75057e-06
 Reference value :  7.78151e-06
 Reference value :  7.81498e-06
 Reference value :  7.85976e-06
 Reference value :  7.87820e-06
 Reference value :  7.93765e-06
 Reference value :  7.96906e-06
 Reference value :  8.00248e-06
 Reference value :  8.03139e-06
 Reference value :  8.08222e-06
 Reference value :  8.12521e-06
 Reference value :  8.15706e-06
 Reference value :  8.19025e-06
 Reference value :  8.25010e-06
 Reference value :  8.26840e-06
 Reference value :  8.31262e-06
 Reference value :  8.32043e-06
 Reference value :  8.37501e-06
 Reference value :  8.38031e-06
 Reference value :  8.43768e-06
 Reference value :  8.46287e-06
 Reference value :  8.50039e-06
 Reference value :  8.53136e-06
 Reference value :  8.56479e-06
 Reference value :  8.59403e-06
 Reference value :  8.62743e-06
 Reference value :  8.65669e-06
 Reference value :  8.69008e-06
 Reference value :  8.75010e-06
 Reference value :  8.76899e-06
 Reference value :  8.81270e-06
 Reference value :  8.84385e-06
 Reference value :  8.87550e-06
 Reference value :  8.90635e-06
 Reference value :  8.93770e-06
 Reference value :  8.96912e-06
 Reference value :  9.00246e-06
 Reference value :  9.03139e-06
 Reference value :  9.06298e-06
 Reference value :  9.09635e-06
 Reference value :  9.15635e-06
 Reference value :  9.18795e-06
 Reference value :  9.21893e-06
 Reference value :  9.25057e-06
 Reference value :  9.28142e-06
 Reference value :  9.31316e-06
 Reference value :  9.34388e-06
 Reference value :  9.37550e-06
 Reference value :  9.40634e-06
 Reference value :  9.43815e-06
 Reference value :  9.46884e-06
 Reference value :  9.50062e-06
 Reference value :  9.53142e-06
 Reference value :  9.56491e-06
 Reference value :  9.59415e-06
 Reference value :  9.62751e-06
 Reference value :  9.66681e-06
 Reference value :  9.69076e-06
 Reference value :  9.75020e-06
 Reference value :  9.78128e-06
 Reference value :  9.81285e-06
 Reference value :  9.84385e-06
 Reference value :  9.87550e-06
 Reference value :  9.90635e-06
 Reference value :  9.93800e-06
 Reference value :  9.96943e-06
 Reference value :  1.00024e-05
 Reference value :  1.00314e-05
 Reference value :  1.00630e-05
 Reference value :  1.01251e-05
 Reference value :  1.01568e-05
 Reference value :  1.01900e-05
 Reference value :  1.02462e-05
 Reference value :  1.02569e-05
 Reference value :  1.03126e-05
 Reference value :  1.03438e-05
 Reference value :  1.03752e-05
 Reference value :  1.04063e-05
 Reference value :  1.04377e-05
 Reference value :  1.04688e-05
 Reference value :  1.05006e-05
 Reference value :  1.05314e-05
 Reference value :  1.05649e-05
 Reference value :  1.05942e-05
 Reference value :  1.06276e-05
 Reference value :  1.06876e-05
 Reference value :  1.07187e-05
 Reference value :  1.07503e-05
 Reference value :  1.07813e-05
 Reference value :  1.08132e-05
 Reference value :  1.08440e-05
 Reference value :  1.08775e-05
 Reference value :  1.09067e-05
 Reference value :  1.09688e-05
 Reference value :  1.09950e-05
 Reference value :  1.10028e-05
 Reference value :  1.10318e-05
 Reference value :  1.10939e-05
 Reference value :  1.11370e-05
 Reference value :  1.11877e-05
 Reference value :  1.12188e-05
 Reference value :  1.12503e-05
 Reference value :  1.12813e-05
 Reference value :  1.13129e-05
 Reference value :  1.13439e-05
 Reference value :  1.13753e-05
 Reference value :  1.14063e-05
 Reference value :  1.14378e-05
 Reference value :  1.14688e-05
 Reference value :  1.15005e-05
 Reference value :  1.15314e-05
 Reference value :  1.15648e-05
 Reference value :  1.15940e-05
 Reference value :  1.16275e-05
 Reference value :  1.16570e-05
 Reference value :  1.16901e-05
 Reference value :  1.17501e-05
 Reference value :  1.17813e-05
 Reference value :  1.18128e-05
 Reference value :  1.18439e-05
 Reference value :  1.18759e-05
 Reference value :  1.19066e-05
 Reference value :  1.19688e-05
 Reference value :  1.20003e-05
 Reference value :  1.20039e-05
 Reference value :  1.20322e-05
 Reference value :  1.20938e-05
 Reference value :  1.21255e-05
 Reference value :  1.21737e-05
 Reference value :  1.22027e-05
 Reference value :  1.22502e-05
 Reference value :  1.22813e-05
 Reference value :  1.23127e-05
 Reference value :  1.23438e-05
 Reference value :  1.23752e-05
 Reference value :  1.24063e-05
 Reference value :  1.24377e-05
 Reference value :  1.24688e-05
 Reference value :  1.25005e-05
 Reference value :  1.25314e-05
 Reference value :  1.25648e-05
 Reference value :  1.25941e-05
 Reference value :  1.26275e-05
 Reference value :  1.26875e-05
 Reference value :  1.27188e-05
 Reference value :  1.27503e-05
 Reference value :  1.27813e-05
 Reference value :  1.28130e-05
 Reference value :  1.28439e-05
 Reference value :  1.28773e-05
 Reference value :  1.29065e-05
 Reference value :  1.29688e-05
 Reference value :  1.30004e-05
 Reference value :  1.30039e-05
 Reference value :  1.30323e-05
 Reference value :  1.30938e-05
 Reference value :  1.31254e-05
 Reference value :  1.31597e-05
 Reference value :  1.31902e-05
 Reference value :  1.32501e-05
 Reference value :  1.32580e-05
 Reference value :  1.33125e-05
 Reference value :  1.33206e-05
 Reference value :  1.33695e-05
 Reference value :  1.33793e-05
 Reference value :  1.34375e-05
 Reference value :  1.34410e-05
 Reference value :  1.35001e-05
 Reference value :  1.35314e-05
 Reference value :  1.35648e-05
 Reference value :  1.35941e-05
 Reference value :  1.36275e-05
 Reference value :  1.36875e-05
 Reference value :  1.37187e-05
 Reference value :  1.37503e-05
 Reference value :  1.37813e-05
 Reference value :  1.38131e-05
 Reference value :  1.38440e-05
 Reference value :  1.38774e-05
 Reference value :  1.39066e-05
 Reference value :  1.39688e-05
 Reference value :  1.40002e-05
 Reference value :  1.40031e-05
 Reference value :  1.40591e-05
 Reference value :  1.40940e-05
 Reference value :  1.41430e-05
 Reference value :  1.41876e-05
 Reference value :  1.42189e-05
 Reference value :  1.42529e-05
 Reference value :  1.42817e-05
 Reference value :  1.43150e-05
 Reference value :  1.43478e-05
 Reference value :  1.43776e-05
 Reference value :  1.44375e-05
 Reference value :  1.44412e-05
 Reference value :  1.45001e-05
 Reference value :  1.45313e-05
 Reference value :  1.45629e-05
 Reference value :  1.45939e-05
 Reference value :  1.46259e-05
 Reference value :  1.46567e-05
 Reference value :  1.46901e-05
 Reference value :  1.47501e-05
 Reference value :  1.47563e-05
 Reference value :  1.48126e-05
 Reference value :  1.48438e-05
 Reference value :  1.48750e-05
 Reference value :  1.48865e-05
 Reference value :  1.49376e-05
 Reference value :  1.49688e-05
 Reference value :  1.50006e-05
 Reference value :  1.50107e-05
 Reference value :  1.50395e-05
 Reference value :  1.50939e-05
 Reference value :  1.51254e-05
 Reference value :  1.51569e-05
 Reference value :  1.51891e-05
 Reference value :  1.52192e-05
 Reference value :  1.52529e-05
 Reference value :  1.52817e-05
 Reference value :  1.53150e-05
 Reference value :  1.53638e-05
 Reference value :  1.53777e-05
 Reference value :  1.54376e-05
 Reference value :  1.54445e-05
 Reference value :  1.55002e-05
 Reference value :  1.55313e-05
 Reference value :  1.55633e-05
 Reference value :  1.55940e-05
 Reference value :  1.56274e-05
 Reference value :  1.56571e-05
 Reference value :  1.56901e-05
 Reference value :  1.57501e-05
 Reference value :  1.57701e-05
 Reference value :  1.58127e-05
 Reference value :  1.58439e-05
 Reference value :  1.58753e-05
 Reference value :  1.59064e-05
 Reference value :  1.59688e-05
 Reference value :  1.60004e-05
 Reference value :  1.60071e-05
 Reference value :  1.60556e-05
 Reference value :  1.60939e-05
 Reference value :  1.61275e-05
 Reference value :  1.61570e-05
 Reference value :  1.61900e-05
 Reference value :  1.62342e-05
 Reference value :  1.62535e-05
 Reference value :  1.63126e-05
 Reference value :  1.63328e-05
 Reference value :  1.63752e-05
 Reference value :  1.64063e-05
 Reference value :  1.64382e-05
 Reference value :  1.64689e-05
 Reference value :  1.65025e-05
 Reference value :  1.65329e-05
 Reference value :  1.65651e-05
 Reference value :  1.66251e-05
 Reference value :  1.66519e-05
 Reference value :  1.66877e-05
 Reference value :  1.67189e-05
 Reference value :  1.67507e-05
 Reference value :  1.67815e-05
 Reference value :  1.68148e-05
 Reference value :  1.68441e-05
 Reference value :  1.68774e-05
 Reference value :  1.69070e-05
 Reference value :  1.69688e-05
No. of Data Rows : 43179
icmpf000            =  -2.67781e-05 from=  3.00000e-06 to=  5.00001e-06
icdacf000           =  -5.98969e-06 from=  3.00000e-06 to=  5.00001e-06
itrkf000            =  8.99337e-26 from=  3.00000e-06 to=  5.00001e-06
ireff000            =  -5.46216e-11 from=  3.00000e-06 to=  5.00001e-06
ivcmf000            =  -1.10966e-05 from=  3.00000e-06 to=  5.00001e-06
icmpf025            =  -2.66996e-05 from=  6.00000e-06 to=  8.00001e-06
icdacf025           =  -6.07436e-06 from=  6.00000e-06 to=  8.00001e-06
itrkf025            =  8.99337e-26 from=  6.00000e-06 to=  8.00001e-06
ireff025            =  -3.49828e-06 from=  6.00000e-06 to=  8.00001e-06
ivcmf025            =  -6.68540e-06 from=  6.00000e-06 to=  8.00001e-06
icmpf050            =  -2.72443e-05 from=  9.00000e-06 to=  1.10000e-05
icdacf050           =  -6.45727e-06 from=  9.00000e-06 to=  1.10000e-05
itrkf050            =  8.99337e-26 from=  9.00000e-06 to=  1.10000e-05
ireff050            =  -6.57609e-06 from=  9.00000e-06 to=  1.10000e-05
ivcmf050            =  -5.57093e-07 from=  9.00000e-06 to=  1.10000e-05
icmpf075            =  -2.67251e-05 from=  1.20000e-05 to=  1.40000e-05
icdacf075           =  -6.62025e-06 from=  1.20000e-05 to=  1.40000e-05
itrkf075            =  8.99337e-26 from=  1.20000e-05 to=  1.40000e-05
ireff075            =  -8.22028e-06 from=  1.20000e-05 to=  1.40000e-05
ivcmf075            =  6.52807e-06 from=  1.20000e-05 to=  1.40000e-05
icmpf100            =  -2.66300e-05 from=  1.50000e-05 to=  1.70000e-05
icdacf100           =  -6.81888e-06 from=  1.50000e-05 to=  1.70000e-05
itrkf100            =  8.99337e-26 from=  1.50000e-05 to=  1.70000e-05
ireff100            =  -7.35687e-06 from=  1.50000e-05 to=  1.70000e-05
ivcmf100            =  1.13830e-05 from=  1.50000e-05 to=  1.70000e-05
vddm                =  2.97000e+00
m_p_cmp_f000_uw = 7.9530838200e+01
m_p_cdac_f000_uw = 1.7789376330e+01
m_p_trk_f000_uw = -2.671031484e-19
m_p_ref_f000_uw = 1.6222624110e-04
m_p_vcm_f000_uw = 1.6478480700e+01
m_p_total_f000_uw = 1.1379885746e+02
m_p_cmp_f025_uw = 7.9297663500e+01
m_p_cdac_f025_uw = 1.8040843260e+01
m_p_trk_f025_uw = -2.671031484e-19
m_p_ref_f025_uw = 1.0389879720e+01
m_p_vcm_f025_uw = 9.9278204850e+00
m_p_total_f025_uw = 1.1765620696e+02
m_p_cmp_f050_uw = 8.0915660100e+01
m_p_cdac_f050_uw = 1.9178103780e+01
m_p_trk_f050_uw = -2.671031484e-19
m_p_ref_f050_uw = 1.9530978390e+01
m_p_vcm_f050_uw = 8.2728310500e-01
m_p_total_f050_uw = 1.2045202538e+02
m_p_cmp_f075_uw = 7.9373576700e+01
m_p_cdac_f075_uw = 1.9662136560e+01
m_p_trk_f075_uw = -2.671031484e-19
m_p_ref_f075_uw = 2.4414219720e+01
m_p_vcm_f075_uw = -9.694183950e+00
m_p_total_f075_uw = 1.1375574903e+02
m_p_cmp_f100_uw = 7.9091070300e+01
m_p_cdac_f100_uw = 2.0252061720e+01
m_p_trk_f100_uw = -2.671031484e-19
m_p_ref_f100_uw = 2.1849897960e+01
m_p_vcm_f100_uw = -1.690372530e+01
m_p_total_f100_uw = 1.0428930468e+02
m_supply_v = 2.9700000000e+00
Note: Simulation executed from .control section 

Warning: m=xx on .subckt line will override multiplier m hierarchy!

Note: Starting dynamic gmin stepping
Warning: Dynamic gmin stepping failed
Note: Starting true gmin stepping
Note: True gmin stepping completed
