
Note: Compatibility modes selected: hs a


Circuit: * adc-inl-dnl @ ss_-40c_3.63v -- generated by sim/harness, do not edit

Reducing trtol to 1 for xspice 'A' devices
Doing analysis at TEMP = -40.000000 and TNOM = 27.000000

Using SPARSE 1.3 as Direct Linear Solver

Initial Transient Solution
--------------------------

Node                                   Voltage
----                                   -------
clk                                          0
cmpclk                                       0
cmpclkb                                   3.63
vddt                                      3.63
vddd                                      3.63
vddc                                      3.63
vrefs                                     3.63
vrefn                                     3.63
vcmn                                     1.815
se_vinp                             0.00443115
se_vinn                                  1.815
se_start                                     0
se_mode                                      0
se_cmp                                    3.63
se_samp                                      0
se_drdy                                   3.63
se_c9                                        0
se_c8                                        0
se_c7                                        0
se_c6                                        0
se_c5                                        0
se_c4                                        0
se_c3                                        0
se_c2                                        0
se_c1                                        0
se_c0                                        0
se_rel_n_256p                             3.63
se_sel_hi_n_256p                             0
se_sel_lo_n_256p                             0
se_rel_n_128p                             3.63
se_sel_hi_n_128p                             0
se_sel_lo_n_128p                             0
se_rel_n_64p                              3.63
se_sel_hi_n_64p                              0
se_sel_lo_n_64p                              0
se_rel_n_32p                              3.63
se_sel_hi_n_32p                              0
se_sel_lo_n_32p                              0
se_rel_n_16p                              3.63
se_sel_hi_n_16p                              0
se_sel_lo_n_16p                              0
se_rel_n_8p                               3.63
se_sel_hi_n_8p                               0
se_sel_lo_n_8p                               0
se_rel_n_4p                               3.63
se_sel_hi_n_4p                               0
se_sel_lo_n_4p                               0
se_rel_n_2p                               3.63
se_sel_hi_n_2p                               0
se_sel_lo_n_2p                               0
se_rel_n_1p                               3.63
se_sel_hi_n_1p                               0
se_sel_lo_n_1p                               0
se_rel_n_256n                             3.63
se_sel_hi_n_256n                             0
se_sel_lo_n_256n                             0
se_rel_n_128n                             3.63
se_sel_hi_n_128n                             0
se_sel_lo_n_128n                             0
se_rel_n_64n                              3.63
se_sel_hi_n_64n                              0
se_sel_lo_n_64n                              0
se_rel_n_32n                              3.63
se_sel_hi_n_32n                              0
se_sel_lo_n_32n                              0
se_rel_n_16n                              3.63
se_sel_hi_n_16n                              0
se_sel_lo_n_16n                              0
se_rel_n_8n                               3.63
se_sel_hi_n_8n                               0
se_sel_lo_n_8n                               0
se_rel_n_4n                               3.63
se_sel_hi_n_4n                               0
se_sel_lo_n_4n                               0
se_rel_n_2n                               3.63
se_sel_hi_n_2n                               0
se_sel_lo_n_2n                               0
se_rel_n_1n                               3.63
se_sel_hi_n_1n                               0
se_sel_lo_n_1n                               0
se_pinp                             0.00443115
se_topp                                1.81496
se_sampb                                  3.63
se_pinn                                  1.815
se_topn                                1.81501
xsearrp.x256.bp                          1.815
xsearrp.x256.gp_rel                1.70679e-09
xsearrp.x256.gp_hi                        3.63
xsearrp.x256.gp_lo                        3.63
xsearrp.x128.bp                          1.815
xsearrp.x128.gp_rel                1.70679e-09
xsearrp.x128.gp_hi                        3.63
xsearrp.x128.gp_lo                        3.63
xsearrp.x64.bp                           1.815
xsearrp.x64.gp_rel                 1.70679e-09
xsearrp.x64.gp_hi                         3.63
xsearrp.x64.gp_lo                         3.63
xsearrp.x32.bp                           1.815
xsearrp.x32.gp_rel                 1.70679e-09
xsearrp.x32.gp_hi                         3.63
xsearrp.x32.gp_lo                         3.63
xsearrp.x16.bp                           1.815
xsearrp.x16.gp_rel                 1.70679e-09
xsearrp.x16.gp_hi                         3.63
xsearrp.x16.gp_lo                         3.63
xsearrp.x8.bp                            1.815
xsearrp.x8.gp_rel                  1.70679e-09
xsearrp.x8.gp_hi                          3.63
xsearrp.x8.gp_lo                          3.63
xsearrp.x4.bp                            1.815
xsearrp.x4.gp_rel                  1.70679e-09
xsearrp.x4.gp_hi                          3.63
xsearrp.x4.gp_lo                          3.63
xsearrp.x2.bp                            1.815
xsearrp.x2.gp_rel                  1.70679e-09
xsearrp.x2.gp_hi                          3.63
xsearrp.x2.gp_lo                          3.63
xsearrp.x1.bp                            1.815
xsearrp.x1.gp_rel                  1.70679e-09
xsearrp.x1.gp_hi                          3.63
xsearrp.x1.gp_lo                          3.63
xsearrn.x256.bp                          1.815
xsearrn.x256.gp_rel                1.70679e-09
xsearrn.x256.gp_hi                        3.63
xsearrn.x256.gp_lo                        3.63
xsearrn.x128.bp                          1.815
xsearrn.x128.gp_rel                1.70679e-09
xsearrn.x128.gp_hi                        3.63
xsearrn.x128.gp_lo                        3.63
xsearrn.x64.bp                           1.815
xsearrn.x64.gp_rel                 1.70679e-09
xsearrn.x64.gp_hi                         3.63
xsearrn.x64.gp_lo                         3.63
xsearrn.x32.bp                           1.815
xsearrn.x32.gp_rel                 1.70679e-09
xsearrn.x32.gp_hi                         3.63
xsearrn.x32.gp_lo                         3.63
xsearrn.x16.bp                           1.815
xsearrn.x16.gp_rel                 1.70679e-09
xsearrn.x16.gp_hi                         3.63
xsearrn.x16.gp_lo                         3.63
xsearrn.x8.bp                            1.815
xsearrn.x8.gp_rel                  1.70679e-09
xsearrn.x8.gp_hi                          3.63
xsearrn.x8.gp_lo                          3.63
xsearrn.x4.bp                            1.815
xsearrn.x4.gp_rel                  1.70679e-09
xsearrn.x4.gp_hi                          3.63
xsearrn.x4.gp_lo                          3.63
xsearrn.x2.bp                            1.815
xsearrn.x2.gp_rel                  1.70679e-09
xsearrn.x2.gp_hi                          3.63
xsearrn.x2.gp_lo                          3.63
xsearrn.x1.bp                            1.815
xsearrn.x1.gp_rel                  1.70679e-09
xsearrn.x1.gp_hi                          3.63
xsearrn.x1.gp_lo                          3.63
se_ibias                              0.919234
xsecmp.xpre.ptail                     0.739404
xsecmp.pon                             2.57336
xsecmp.preamp_in1                      1.81496
xsecmp.pop                             2.57225
xsecmp.preamp_in2                      1.81501
xsecmp.xpre.xrlp.11                    3.62978
xsecmp.xpre.xrlp.21                    2.57247
xsecmp.xpre.xrln.11                    3.62978
xsecmp.xpre.xrln.21                    2.57358
xsecmp.xlat.ltail                      1.67466
xsecmp.xlat.dip                           3.63
xsecmp.xlat.din                           3.63
xsecmp.outn                               3.63
xsecmp.outp                               3.63
xsecmp.sset                        5.96735e-09
xsecmp.srst                        5.96735e-09
xsecmp.xno1.ps                            3.63
se_cmpb                            1.70679e-09
xsecmp.xno2.ps                            3.63
se_dacp                           -1.11022e-16
se_dacn                           -1.11022e-16
se_di                                 -1.81057
se_err                                 510.737
se_aerrh                                     0
se_code                                      0
bsecode#branch                               0
bseea#branch                                 0
bsee#branch                                  0
bsedi#branch                                 0
bsedacn#branch                               0
bsedacp#branch                               0
lref#branch                        6.56433e-11
v.xsecmp.vpn#branch                4.97248e-28
v.xsecmp.vpp#branch                1.56399e-29
vsemode#branch                               0
vsestart#branch                              0
vsevinn#branch                     5.86878e-17
vseinp#branch                      1.20796e-11
vcms#branch                       -9.59017e-16
vrefs#branch                      -6.56433e-11
vddc#branch                       -1.99472e-05
vddd#branch                       -4.47539e-10
vddt#branch                        -2.4861e-11
vcmpclkb#branch                              0
vcmpclk#branch                               0
vclk#branch                                  0
asesd#branch_1_0                             0
a.xsectrl.a_gn#branch_1_0                    0
a.xsectrl.a_gn#branch_1_1                    0
a.xsectrl.a_gn#branch_1_2                    0
a.xsectrl.a_gn#branch_1_3                    0
a.xsectrl.a_gn#branch_1_4                    0
a.xsectrl.a_gn#branch_1_5                    0
a.xsectrl.a_gn#branch_1_6                    0
a.xsectrl.a_gn#branch_1_7                    0
a.xsectrl.a_gn#branch_1_8                    0
a.xsectrl.a_gn#branch_1_9                    0
a.xsectrl.a_gn#branch_1_10                   0
a.xsectrl.a_gn#branch_1_11                   0
a.xsectrl.a_gn#branch_1_12                   0
a.xsectrl.a_gn#branch_1_13                   0
a.xsectrl.a_gn#branch_1_14                   0
a.xsectrl.a_gn#branch_1_15                   0
a.xsectrl.a_gn#branch_1_16                   0
a.xsectrl.a_gn#branch_1_17                   0
a.xsectrl.a_gn#branch_1_18                   0
a.xsectrl.a_gn#branch_1_19                   0
a.xsectrl.a_gn#branch_1_20                   0
a.xsectrl.a_gn#branch_1_21                   0
a.xsectrl.a_gn#branch_1_22                   0
a.xsectrl.a_gn#branch_1_23                   0
a.xsectrl.a_gn#branch_1_24                   0
a.xsectrl.a_gn#branch_1_25                   0
a.xsectrl.a_gn#branch_1_26                   0
a.xsectrl.a_gn#branch_1_27                   0
a.xsectrl.a_gn#branch_1_28                   0
a.xsectrl.a_gn#branch_1_29                   0
a.xsectrl.a_gn#branch_1_30                   0
a.xsectrl.a_gn#branch_1_31                   0
a.xsectrl.a_gn#branch_1_32                   0
a.xsectrl.a_gn#branch_1_33                   0
a.xsectrl.a_gn#branch_1_34                   0
a.xsectrl.a_gn#branch_1_35                   0
a.xsectrl.a_gn#branch_1_36                   0
a.xsectrl.a_gn#branch_1_37                   0
a.xsectrl.a_gn#branch_1_38                   0
a.xsectrl.a_gn#branch_1_39                   0
a.xsectrl.a_gn#branch_1_40                   0
a.xsectrl.a_gn#branch_1_41                   0
a.xsectrl.a_gn#branch_1_42                   0
a.xsectrl.a_gn#branch_1_43                   0
a.xsectrl.a_gn#branch_1_44                   0
a.xsectrl.a_gn#branch_1_45                   0
a.xsectrl.a_gn#branch_1_46                   0
a.xsectrl.a_gn#branch_1_47                   0
a.xsectrl.a_gn#branch_1_48                   0
a.xsectrl.a_gn#branch_1_49                   0
a.xsectrl.a_gn#branch_1_50                   0
a.xsectrl.a_gn#branch_1_51                   0
a.xsectrl.a_gn#branch_1_52                   0
a.xsectrl.a_gn#branch_1_53                   0
a.xsectrl.a_dout#branch_1_0                  0
a.xsectrl.a_dout#branch_1_1                  0
a.xsectrl.a_dout#branch_1_2                  0
a.xsectrl.a_dout#branch_1_3                  0
a.xsectrl.a_dout#branch_1_4                  0
a.xsectrl.a_dout#branch_1_5                  0
a.xsectrl.a_dout#branch_1_6                  0
a.xsectrl.a_dout#branch_1_7                  0
a.xsectrl.a_dout#branch_1_8                  0
a.xsectrl.a_dout#branch_1_9                  0
a.xsectrl.a_dout#branch_1_10                 0
a.xsectrl.a_dout#branch_1_11                 0

 Reference value :  0.00000e+00
 Reference value :  3.85397e-09
 Reference value :  3.15444e-08
 Reference value :  6.28901e-08
 Reference value :  9.39956e-08
 Reference value :  1.25913e-07
 Reference value :  1.68281e-07
 Reference value :  2.18815e-07
 Reference value :  2.50189e-07
 Reference value :  2.53652e-07
 Reference value :  2.81520e-07
 Reference value :  3.13571e-07
 Reference value :  3.43807e-07
 Reference value :  3.75159e-07
 Reference value :  3.77626e-07
 Reference value :  4.06674e-07
 Reference value :  4.39768e-07
 Reference value :  4.68843e-07
 Reference value :  5.00244e-07
 Reference value :  5.03815e-07
 Reference value :  5.47262e-07
 Reference value :  5.64937e-07
 Reference value :  5.93883e-07
 Reference value :  6.25396e-07
 Reference value :  6.56309e-07
 Reference value :  6.87700e-07
 Reference value :  7.18750e-07
 Reference value :  7.50101e-07
 Reference value :  7.52574e-07
 Reference value :  7.82199e-07
 Reference value :  8.14938e-07
 Reference value :  8.44251e-07
 Reference value :  8.77484e-07
 Reference value :  9.06536e-07
 Reference value :  9.38852e-07
 Reference value :  9.71047e-07
 Reference value :  1.00237e-06
 Reference value :  1.02059e-06
 Reference value :  1.06256e-06
 Reference value :  1.09384e-06
 Reference value :  1.12522e-06
 Reference value :  1.15650e-06
 Reference value :  1.18829e-06
 Reference value :  1.22278e-06
 Reference value :  1.25251e-06
 Reference value :  1.28129e-06
 Reference value :  1.31264e-06
 Reference value :  1.31519e-06
 Reference value :  1.34430e-06
 Reference value :  1.37737e-06
 Reference value :  1.40635e-06
 Reference value :  1.43772e-06
 Reference value :  1.44300e-06
 Reference value :  1.49065e-06
 Reference value :  1.50248e-06
 Reference value :  1.53141e-06
 Reference value :  1.56289e-06
 Reference value :  1.58288e-06
 Reference value :  1.62510e-06
 Reference value :  1.62757e-06
 Reference value :  1.65707e-06
 Reference value :  1.68993e-06
 Reference value :  1.71907e-06
 Reference value :  1.75227e-06
 Reference value :  1.78143e-06
 Reference value :  1.81300e-06
 Reference value :  1.84385e-06
 Reference value :  1.87559e-06
 Reference value :  1.90640e-06
 Reference value :  1.93933e-06
 Reference value :  2.00003e-06
 Reference value :  2.00361e-06
 Reference value :  2.03158e-06
 Reference value :  2.09381e-06
 Reference value :  2.12522e-06
 Reference value :  2.15665e-06
 Reference value :  2.21877e-06
 Reference value :  2.25019e-06
 Reference value :  2.25379e-06
 Reference value :  2.28186e-06
 Reference value :  2.31499e-06
 Reference value :  2.34414e-06
 Reference value :  2.37744e-06
 Reference value :  2.40650e-06
 Reference value :  2.43982e-06
 Reference value :  2.46898e-06
 Reference value :  2.50234e-06
 Reference value :  2.53141e-06
 Reference value :  2.56341e-06
 Reference value :  2.59385e-06
 Reference value :  2.62552e-06
 Reference value :  2.65638e-06
 Reference value :  2.68976e-06
 Reference value :  2.71899e-06
 Reference value :  2.75243e-06
 Reference value :  2.78174e-06
 Reference value :  2.81499e-06
 Reference value :  2.85305e-06
 Reference value :  2.87760e-06
 Reference value :  2.93750e-06
 Reference value :  2.96885e-06
 Reference value :  3.00060e-06
 Reference value :  3.00494e-06
 Reference value :  3.06262e-06
 Reference value :  3.09395e-06
 Reference value :  3.12950e-06
 Reference value :  3.18760e-06
 Reference value :  3.21888e-06
 Reference value :  3.25065e-06
 Reference value :  3.27472e-06
 Reference value :  3.31264e-06
 Reference value :  3.31982e-06
 Reference value :  3.37503e-06
 Reference value :  3.37765e-06
 Reference value :  3.41812e-06
 Reference value :  3.44004e-06
 Reference value :  3.47260e-06
 Reference value :  3.50253e-06
 Reference value :  3.53277e-06
 Reference value :  3.56504e-06
 Reference value :  3.59449e-06
 Reference value :  3.62754e-06
 Reference value :  3.65836e-06
 Reference value :  3.69003e-06
 Reference value :  3.74408e-06
 Reference value :  3.75279e-06
 Reference value :  3.81264e-06
 Reference value :  3.84376e-06
 Reference value :  3.87529e-06
 Reference value :  3.90632e-06
 Reference value :  3.93784e-06
 Reference value :  3.97105e-06
 Reference value :  4.00250e-06
 Reference value :  4.03132e-06
 Reference value :  4.06280e-06
 Reference value :  4.09460e-06
 Reference value :  4.15633e-06
 Reference value :  4.18784e-06
 Reference value :  4.22673e-06
 Reference value :  4.25258e-06
 Reference value :  4.28137e-06
 Reference value :  4.31310e-06
 Reference value :  4.34388e-06
 Reference value :  4.37607e-06
 Reference value :  4.40631e-06
 Reference value :  4.43779e-06
 Reference value :  4.46881e-06
 Reference value :  4.50015e-06
 Reference value :  4.50392e-06
 Reference value :  4.56262e-06
 Reference value :  4.57775e-06
 Reference value :  4.62518e-06
 Reference value :  4.65625e-06
 Reference value :  4.68750e-06
 Reference value :  4.69013e-06
 Reference value :  4.71949e-06
 Reference value :  4.75248e-06
 Reference value :  4.78173e-06
 Reference value :  4.81485e-06
 Reference value :  4.84403e-06
 Reference value :  4.87558e-06
 Reference value :  4.90635e-06
 Reference value :  4.93784e-06
 Reference value :  4.96917e-06
 Reference value :  5.00242e-06
 Reference value :  5.03132e-06
 Reference value :  5.06278e-06
 Reference value :  5.09437e-06
 Reference value :  5.15631e-06
 Reference value :  5.18776e-06
 Reference value :  5.21918e-06
 Reference value :  5.25253e-06
 Reference value :  5.28133e-06
 Reference value :  5.31284e-06
 Reference value :  5.34383e-06
 Reference value :  5.37539e-06
 Reference value :  5.39814e-06
 Reference value :  5.43769e-06
 Reference value :  5.45580e-06
 Reference value :  5.50000e-06
 Reference value :  5.50262e-06
 Reference value :  5.53249e-06
 Reference value :  5.56507e-06
 Reference value :  5.62500e-06
 Reference value :  5.62979e-06
 Reference value :  5.67041e-06
 Reference value :  5.69008e-06
 Reference value :  5.72880e-06
 Reference value :  5.75257e-06
 Reference value :  5.81250e-06
 Reference value :  5.81516e-06
 Reference value :  5.84470e-06
 Reference value :  5.87754e-06
 Reference value :  5.90708e-06
 Reference value :  5.96914e-06
 Reference value :  6.00239e-06
 Reference value :  6.03133e-06
 Reference value :  6.06296e-06
 Reference value :  6.10768e-06
 Reference value :  6.15634e-06
 Reference value :  6.18796e-06
 Reference value :  6.24062e-06
 Reference value :  6.25262e-06
 Reference value :  6.28141e-06
 Reference value :  6.31477e-06
 Reference value :  6.34389e-06
 Reference value :  6.37728e-06
 Reference value :  6.40645e-06
 Reference value :  6.43804e-06
 Reference value :  6.46888e-06
 Reference value :  6.50108e-06
 Reference value :  6.53143e-06
 Reference value :  6.56479e-06
 Reference value :  6.59409e-06
 Reference value :  6.62736e-06
 Reference value :  6.65666e-06
 Reference value :  6.68986e-06
 Reference value :  6.71909e-06
 Reference value :  6.75056e-06
 Reference value :  6.78145e-06
 Reference value :  6.81477e-06
 Reference value :  6.84405e-06
 Reference value :  6.87743e-06
 Reference value :  6.90644e-06
 Reference value :  6.93796e-06
 Reference value :  6.97460e-06
 Reference value :  7.00251e-06
 Reference value :  7.03135e-06
 Reference value :  7.06298e-06
 Reference value :  7.10362e-06
 Reference value :  7.15634e-06
 Reference value :  7.18815e-06
 Reference value :  7.24462e-06
 Reference value :  7.25345e-06
 Reference value :  7.28146e-06
 Reference value :  7.31487e-06
 Reference value :  7.34395e-06
 Reference value :  7.37739e-06
 Reference value :  7.40655e-06
 Reference value :  7.43808e-06
 Reference value :  7.46884e-06
 Reference value :  7.50051e-06
 Reference value :  7.53134e-06
 Reference value :  7.56477e-06
 Reference value :  7.59393e-06
 Reference value :  7.62727e-06
 Reference value :  7.65649e-06
 Reference value :  7.68978e-06
 Reference value :  7.71896e-06
 Reference value :  7.75049e-06
 Reference value :  7.78142e-06
 Reference value :  7.81320e-06
 Reference value :  7.84395e-06
 Reference value :  7.87731e-06
 Reference value :  7.90640e-06
 Reference value :  7.93957e-06
 Reference value :  7.99850e-06
 Reference value :  8.00261e-06
 Reference value :  8.03139e-06
 Reference value :  8.06903e-06
 Reference value :  8.12513e-06
 Reference value :  8.15643e-06
 Reference value :  8.20403e-06
 Reference value :  8.25024e-06
 Reference value :  8.25389e-06
 Reference value :  8.28710e-06
 Reference value :  8.31502e-06
 Reference value :  8.34432e-06
 Reference value :  8.37750e-06
 Reference value :  8.40666e-06
 Reference value :  8.43994e-06
 Reference value :  8.46905e-06
 Reference value :  8.50239e-06
 Reference value :  8.53150e-06
 Reference value :  8.56493e-06
 Reference value :  8.59417e-06
 Reference value :  8.62752e-06
 Reference value :  8.66311e-06
 Reference value :  8.69007e-06
 Reference value :  8.72038e-06
 Reference value :  8.75252e-06
 Reference value :  8.80895e-06
 Reference value :  8.81551e-06
 Reference value :  8.84461e-06
 Reference value :  8.87754e-06
 Reference value :  8.90660e-06
 Reference value :  8.93899e-06
 Reference value :  8.99300e-06
 Reference value :  9.00278e-06
 Reference value :  9.03141e-06
 Reference value :  9.06703e-06
 Reference value :  9.12510e-06
 Reference value :  9.15644e-06
 Reference value :  9.21875e-06
 Reference value :  9.25020e-06
 Reference value :  9.25387e-06
 Reference value :  9.28229e-06
 Reference value :  9.31501e-06
 Reference value :  9.34410e-06
 Reference value :  9.37599e-06
 Reference value :  9.40635e-06
 Reference value :  9.43771e-06
 Reference value :  9.46877e-06
 Reference value :  9.50019e-06
 Reference value :  9.52299e-06
 Reference value :  9.56269e-06
 Reference value :  9.59377e-06
 Reference value :  9.62527e-06
 Reference value :  9.65629e-06
 Reference value :  9.68777e-06
 Reference value :  9.71881e-06
 Reference value :  9.75019e-06
 Reference value :  9.78127e-06
 Reference value :  9.81260e-06
 Reference value :  9.81550e-06
 Reference value :  9.84805e-06
 Reference value :  9.87756e-06
 Reference value :  9.90648e-06
 Reference value :  9.94426e-06
 Reference value :  1.00001e-05
 Reference value :  1.00037e-05
 Reference value :  1.00316e-05
 Reference value :  1.00938e-05
 Reference value :  1.01253e-05
 Reference value :  1.01711e-05
 Reference value :  1.02189e-05
 Reference value :  1.02513e-05
 Reference value :  1.02772e-05
 Reference value :  1.03127e-05
 Reference value :  1.03342e-05
 Reference value :  1.03514e-05
 Reference value :  1.03775e-05
 Reference value :  1.04066e-05
 Reference value :  1.04398e-05
 Reference value :  1.04689e-05
 Reference value :  1.05005e-05
 Reference value :  1.05313e-05
 Reference value :  1.05627e-05
 Reference value :  1.05938e-05
 Reference value :  1.06253e-05
 Reference value :  1.06563e-05
 Reference value :  1.06878e-05
 Reference value :  1.07188e-05
 Reference value :  1.07502e-05
 Reference value :  1.07813e-05
 Reference value :  1.08127e-05
 Reference value :  1.08438e-05
 Reference value :  1.08753e-05
 Reference value :  1.09064e-05
 Reference value :  1.09379e-05
 Reference value :  1.09693e-05
 Reference value :  1.10025e-05
 Reference value :  1.10313e-05
 Reference value :  1.10629e-05
 Reference value :  1.10943e-05
 Reference value :  1.11563e-05
 Reference value :  1.11877e-05
 Reference value :  1.12193e-05
 Reference value :  1.12526e-05
 Reference value :  1.12814e-05
 Reference value :  1.13130e-05
 Reference value :  1.13439e-05
 Reference value :  1.13753e-05
 Reference value :  1.14063e-05
 Reference value :  1.14377e-05
 Reference value :  1.14474e-05
 Reference value :  1.15001e-05
 Reference value :  1.15028e-05
 Reference value :  1.15575e-05
 Reference value :  1.15651e-05
 Reference value :  1.15945e-05
 Reference value :  1.16275e-05
 Reference value :  1.16684e-05
 Reference value :  1.16901e-05
 Reference value :  1.17235e-05
 Reference value :  1.17525e-05
 Reference value :  1.17836e-05
 Reference value :  1.18150e-05
 Reference value :  1.18674e-05
 Reference value :  1.18776e-05
 Reference value :  1.19067e-05
 Reference value :  1.19384e-05
 Reference value :  1.19914e-05
 Reference value :  1.20036e-05
 Reference value :  1.20315e-05
 Reference value :  1.20938e-05
 Reference value :  1.21252e-05
 Reference value :  1.21567e-05
 Reference value :  1.22188e-05
 Reference value :  1.22502e-05
 Reference value :  1.22539e-05
 Reference value :  1.22906e-05
 Reference value :  1.23152e-05
 Reference value :  1.23443e-05
 Reference value :  1.23774e-05
 Reference value :  1.24065e-05
 Reference value :  1.24398e-05
 Reference value :  1.24689e-05
 Reference value :  1.25009e-05
 Reference value :  1.25314e-05
 Reference value :  1.25630e-05
 Reference value :  1.25938e-05
 Reference value :  1.26253e-05
 Reference value :  1.26563e-05
 Reference value :  1.26878e-05
 Reference value :  1.27188e-05
 Reference value :  1.27502e-05
 Reference value :  1.27813e-05
 Reference value :  1.28127e-05
 Reference value :  1.28438e-05
 Reference value :  1.28752e-05
 Reference value :  1.28802e-05
 Reference value :  1.29310e-05
 Reference value :  1.29688e-05
 Reference value :  1.30005e-05
 Reference value :  1.30039e-05
 Reference value :  1.30626e-05
 Reference value :  1.30939e-05
 Reference value :  1.31259e-05
 Reference value :  1.31876e-05
 Reference value :  1.32189e-05
 Reference value :  1.32519e-05
 Reference value :  1.32564e-05
 Reference value :  1.33127e-05
 Reference value :  1.33438e-05
 Reference value :  1.33754e-05
 Reference value :  1.34028e-05
 Reference value :  1.34359e-05
 Reference value :  1.34402e-05
 Reference value :  1.34692e-05
 Reference value :  1.35024e-05
 Reference value :  1.35316e-05
 Reference value :  1.35649e-05
 Reference value :  1.35940e-05
 Reference value :  1.36273e-05
 Reference value :  1.36565e-05
 Reference value :  1.36898e-05
 Reference value :  1.37190e-05
 Reference value :  1.37504e-05
 Reference value :  1.37814e-05
 Reference value :  1.38127e-05
 Reference value :  1.38438e-05
 Reference value :  1.38752e-05
 Reference value :  1.38823e-05
 Reference value :  1.39139e-05
 Reference value :  1.39688e-05
 Reference value :  1.40002e-05
 Reference value :  1.40037e-05
 Reference value :  1.40316e-05
 Reference value :  1.40938e-05
 Reference value :  1.41252e-05
 Reference value :  1.41565e-05
 Reference value :  1.41915e-05
 Reference value :  1.42501e-05
 Reference value :  1.42536e-05
 Reference value :  1.42814e-05
 Reference value :  1.43149e-05
 Reference value :  1.43440e-05
 Reference value :  1.43773e-05
 Reference value :  1.44064e-05
 Reference value :  1.44379e-05
 Reference value :  1.44688e-05
 Reference value :  1.45002e-05
 Reference value :  1.45234e-05
 Reference value :  1.45627e-05
 Reference value :  1.45807e-05
 Reference value :  1.46252e-05
 Reference value :  1.46481e-05
 Reference value :  1.46876e-05
 Reference value :  1.47188e-05
 Reference value :  1.47448e-05
 Reference value :  1.47526e-05
 Reference value :  1.47950e-05
 Reference value :  1.48151e-05
 Reference value :  1.48750e-05
 Reference value :  1.48777e-05
 Reference value :  1.49183e-05
 Reference value :  1.49688e-05
 Reference value :  1.50003e-05
 Reference value :  1.50039e-05
 Reference value :  1.50424e-05
 Reference value :  1.50938e-05
 Reference value :  1.51253e-05
 Reference value :  1.51566e-05
 Reference value :  1.52188e-05
 Reference value :  1.52502e-05
 Reference value :  1.52536e-05
 Reference value :  1.52815e-05
 Reference value :  1.53148e-05
 Reference value :  1.53439e-05
 Reference value :  1.53755e-05
 Reference value :  1.54063e-05
 Reference value :  1.54378e-05
 Reference value :  1.54688e-05
 Reference value :  1.55003e-05
 Reference value :  1.55313e-05
 Reference value :  1.55630e-05
 Reference value :  1.55939e-05
 Reference value :  1.56255e-05
 Reference value :  1.56563e-05
 Reference value :  1.56877e-05
 Reference value :  1.57177e-05
 Reference value :  1.57389e-05
 Reference value :  1.57525e-05
 Reference value :  1.57986e-05
 Reference value :  1.58151e-05
 Reference value :  1.58750e-05
 Reference value :  1.58777e-05
 Reference value :  1.59067e-05
 Reference value :  1.59541e-05
 Reference value :  1.60002e-05
 Reference value :  1.60037e-05
 Reference value :  1.60315e-05
 Reference value :  1.60653e-05
 Reference value :  1.61251e-05
 Reference value :  1.61564e-05
 Reference value :  1.61880e-05
 Reference value :  1.62456e-05
 Reference value :  1.62526e-05
 Reference value :  1.62813e-05
 Reference value :  1.63129e-05
 Reference value :  1.63438e-05
 Reference value :  1.63752e-05
 Reference value :  1.64063e-05
 Reference value :  1.64376e-05
 Reference value :  1.64402e-05
 Reference value :  1.64868e-05
 Reference value :  1.65025e-05
 Reference value :  1.65326e-05
 Reference value :  1.65650e-05
 Reference value :  1.65944e-05
 Reference value :  1.66275e-05
 Reference value :  1.66567e-05
 Reference value :  1.66898e-05
 Reference value :  1.67189e-05
 Reference value :  1.67504e-05
 Reference value :  1.67814e-05
 Reference value :  1.68136e-05
 Reference value :  1.68440e-05
 Reference value :  1.68755e-05
 Reference value :  1.69063e-05
 Reference value :  1.69378e-05
 Reference value :  1.69692e-05
 Reference value :  1.70024e-05
 Reference value :  1.70313e-05
 Reference value :  1.70627e-05
 Reference value :  1.70940e-05
 Reference value :  1.71356e-05
 Reference value :  1.71876e-05
 Reference value :  1.72189e-05
 Reference value :  1.72506e-05
 Reference value :  1.72562e-05
 Reference value :  1.73126e-05
 Reference value :  1.73172e-05
 Reference value :  1.73750e-05
 Reference value :  1.73777e-05
 Reference value :  1.74074e-05
 Reference value :  1.74401e-05
 Reference value :  1.74692e-05
 Reference value :  1.75028e-05
 Reference value :  1.75466e-05
 Reference value :  1.75651e-05
 Reference value :  1.76136e-05
 Reference value :  1.76276e-05
 Reference value :  1.76567e-05
 Reference value :  1.76900e-05
 Reference value :  1.77193e-05
 Reference value :  1.77525e-05
 Reference value :  1.77817e-05
 Reference value :  1.78149e-05
 Reference value :  1.78442e-05
 Reference value :  1.78756e-05
 Reference value :  1.79064e-05
 Reference value :  1.79380e-05
 Reference value :  1.79759e-05
 Reference value :  1.80026e-05
 Reference value :  1.80313e-05
 Reference value :  1.80629e-05
 Reference value :  1.80977e-05
 Reference value :  1.81563e-05
 Reference value :  1.81879e-05
 Reference value :  1.82198e-05
 Reference value :  1.82525e-05
 Reference value :  1.82782e-05
 Reference value :  1.83125e-05
 Reference value :  1.83150e-05
 Reference value :  1.83440e-05
 Reference value :  1.83755e-05
 Reference value :  1.84063e-05
 Reference value :  1.84377e-05
 Reference value :  1.84403e-05
 Reference value :  1.84693e-05
 Reference value :  1.85023e-05
 Reference value :  1.85314e-05
 Reference value :  1.85627e-05
 Reference value :  1.85819e-05
 Reference value :  1.86251e-05
 Reference value :  1.86276e-05
 Reference value :  1.86876e-05
 Reference value :  1.86901e-05
 Reference value :  1.87202e-05
 Reference value :  1.87525e-05
 Reference value :  1.87816e-05
 Reference value :  1.88148e-05
 Reference value :  1.88439e-05
 Reference value :  1.88754e-05
 Reference value :  1.89063e-05
 Reference value :  1.89377e-05
 Reference value :  1.89689e-05
 Reference value :  1.90002e-05
 Reference value :  1.90036e-05
 Reference value :  1.90313e-05
 Reference value :  1.90627e-05
 Reference value :  1.90939e-05
 Reference value :  1.91255e-05
 Reference value :  1.91566e-05
 Reference value :  1.91930e-05
 Reference value :  1.92442e-05
 Reference value :  1.92526e-05
 Reference value :  1.92813e-05
 Reference value :  1.93126e-05
 Reference value :  1.93151e-05
 Reference value :  1.93441e-05
 Reference value :  1.93773e-05
 Reference value :  1.94064e-05
 Reference value :  1.94377e-05
 Reference value :  1.94483e-05
 Reference value :  1.94963e-05
 Reference value :  1.95025e-05
 Reference value :  1.95315e-05
 Reference value :  1.95630e-05
 Reference value :  1.95938e-05
 Reference value :  1.96252e-05
 Reference value :  1.96276e-05
 Reference value :  1.96574e-05
 Reference value :  1.96899e-05
 Reference value :  1.97189e-05
 Reference value :  1.97504e-05
 Reference value :  1.97813e-05
 Reference value :  1.98126e-05
 Reference value :  1.98151e-05
 Reference value :  1.98446e-05
 Reference value :  1.98773e-05
 Reference value :  1.99064e-05
 Reference value :  1.99377e-05
 Reference value :  1.99689e-05
No. of Data Rows : 52682
e1                  =  -1.24694e+01
x1                  =  1.28818e+01 at=  2.84381e-06
cd1                 =  0.00000e+00
e2                  =  -1.24717e+01
x2                  =  1.28972e+01 at=  3.84381e-06
cd2                 =  0.00000e+00
e128                =  -1.00971e+01
x128                =  1.23563e+01 at=  4.50013e-06
cd128               =  1.17000e+02
e129                =  -1.04775e+01
x129                =  1.23328e+01 at=  5.50013e-06
cd129               =  1.18000e+02
e255                =  -8.09591e+00
x255                =  1.15803e+01 at=  6.43763e-06
cd255               =  2.47000e+02
e256                =  -7.73002e+00
x256                =  1.15572e+01 at=  7.43763e-06
cd256               =  2.48000e+02
e257                =  -8.05303e+00
x257                =  1.15849e+01 at=  8.43763e-06
cd257               =  2.49000e+02
e384                =  -5.30565e+00
x384                =  9.07122e+00 at=  9.37513e-06
cd384               =  3.78000e+02
e511                =  -5.28240e-02
x511                =  7.06949e+00 at=  1.03440e-05
cd511               =  5.11000e+02
e512                =  3.24920e-03
x512                =  6.41609e+00 at=  1.13751e-05
cd512               =  5.12000e+02
e513                =  6.49028e-02
x513                =  6.45167e+00 at=  1.23751e-05
cd513               =  5.13000e+02
e640                =  4.54312e+00
x640                =  8.26855e+00 at=  1.33751e-05
cd640               =  6.44000e+02
e767                =  8.40466e+00
x767                =  1.18895e+01 at=  1.44376e-05
cd767               =  7.75000e+02
e768                =  8.09946e+00
x768                =  1.18991e+01 at=  1.54376e-05
cd768               =  7.76000e+02
e769                =  8.46787e+00
x769                =  1.19054e+01 at=  1.64376e-05
cd769               =  7.77000e+02
e896                =  1.24478e+01
x896                =  1.47377e+01 at=  1.75001e-05
cd896               =  9.09000e+02
e1022               =  1.71366e+01
x1022               =  1.77181e+01 at=  1.87813e-05
cd1022              =  1.02300e+03
e1023               =  1.72031e+01
x1023               =  1.77731e+01 at=  1.97813e-05
cd1023              =  1.02300e+03
vrefhi              =  3.63018e+00 at=  7.28911e-06
vreflo              =  3.62986e+00 at=  6.50409e-06
m_terr_t1_lsb = -1.246937000e+01
m_decerr_t1_lsb = 1.2881770000e+01
m_code_t1 = 0.0000000000e+00
m_terr_t2_lsb = -1.247169000e+01
m_decerr_t2_lsb = 1.2897150000e+01
m_code_t2 = 0.0000000000e+00
m_terr_t128_lsb = -1.009713000e+01
m_decerr_t128_lsb = 1.2356250000e+01
m_code_t128 = 1.1700000000e+02
m_terr_t129_lsb = -1.047750000e+01
m_decerr_t129_lsb = 1.2332780000e+01
m_code_t129 = 1.1800000000e+02
m_terr_t255_lsb = -8.095910000e+00
m_decerr_t255_lsb = 1.1580330000e+01
m_code_t255 = 2.4700000000e+02
m_terr_t256_lsb = -7.730018000e+00
m_decerr_t256_lsb = 1.1557240000e+01
m_code_t256 = 2.4800000000e+02
m_terr_t257_lsb = -8.053027000e+00
m_decerr_t257_lsb = 1.1584920000e+01
m_code_t257 = 2.4900000000e+02
m_terr_t384_lsb = -5.305651000e+00
m_decerr_t384_lsb = 9.0712250000e+00
m_code_t384 = 3.7800000000e+02
m_terr_t511_lsb = -5.282400000e-02
m_decerr_t511_lsb = 7.0694930000e+00
m_code_t511 = 5.1100000000e+02
m_terr_t512_lsb = 3.2492030000e-03
m_decerr_t512_lsb = 6.4160850000e+00
m_code_t512 = 5.1200000000e+02
m_terr_t513_lsb = 6.4902820000e-02
m_decerr_t513_lsb = 6.4516680000e+00
m_code_t513 = 5.1300000000e+02
m_terr_t640_lsb = 4.5431150000e+00
m_decerr_t640_lsb = 8.2685540000e+00
m_code_t640 = 6.4400000000e+02
m_terr_t767_lsb = 8.4046560000e+00
m_decerr_t767_lsb = 1.1889490000e+01
m_code_t767 = 7.7500000000e+02
m_terr_t768_lsb = 8.0994650000e+00
m_decerr_t768_lsb = 1.1899140000e+01
m_code_t768 = 7.7600000000e+02
m_terr_t769_lsb = 8.4678670000e+00
m_decerr_t769_lsb = 1.1905430000e+01
m_code_t769 = 7.7700000000e+02
m_terr_t896_lsb = 1.2447760000e+01
m_decerr_t896_lsb = 1.4737680000e+01
m_code_t896 = 9.0900000000e+02
m_terr_t1022_lsb = 1.7136560000e+01
m_decerr_t1022_lsb = 1.7718120000e+01
m_code_t1022 = 1.0230000000e+03
m_terr_t1023_lsb = 1.7203070000e+01
m_decerr_t1023_lsb = 1.7773060000e+01
m_code_t1023 = 1.0230000000e+03
m_inl_t1_lsb = 0.0000000000e+00
m_inl_t2_lsb = -3.135369863e-02
m_inl_t128_lsb = -1.315039726e+00
m_inl_t129_lsb = -1.724443425e+00
m_inl_t255_lsb = -3.001099452e+00
m_inl_t256_lsb = -2.664241151e+00
m_inl_t257_lsb = -3.016283849e+00
m_inl_t384_lsb = -3.956187575e+00
m_inl_t511_lsb = -2.390640301e+00
m_inl_t512_lsb = -2.363600797e+00
m_inl_t513_lsb = -2.330980879e+00
m_inl_t640_lsb = -1.540048425e+00
m_inl_t767_lsb = -1.365787151e+00
m_inl_t768_lsb = -1.700011849e+00
m_inl_t769_lsb = -1.360643548e+00
m_inl_t896_lsb = -1.068030274e+00
m_inl_t1022_lsb = -3.747630137e-02
m_inl_t1023_lsb = -3.552713679e-15
m_dnl_t1_t2_lsb = -2.320000000e-03
m_dnl_t128_t129_lsb = -3.803700000e-01
m_dnl_t255_t256_lsb = 3.6589200000e-01
m_dnl_t256_t257_lsb = -3.230090000e-01
m_dnl_t511_t512_lsb = 5.6073203000e-02
m_dnl_t512_t513_lsb = 6.1653617000e-02
m_dnl_t767_t768_lsb = -3.051910000e-01
m_dnl_t768_t769_lsb = 3.6840200000e-01
m_dnl_t1022_t1023_lsb = 6.6510000000e-02
m_gain_err_lsb = 2.9701473699e+01
m_vref_droop_mv = 3.2100000000e-01
Note: Simulation executed from .control section 

Warning: m=xx on .subckt line will override multiplier m hierarchy!

