
Note: Compatibility modes selected: hs a


Circuit: * adc-inl-dnl @ tt_125c_3.63v -- generated by sim/harness, do not edit

Reducing trtol to 1 for xspice 'A' devices
Doing analysis at TEMP = 125.000000 and TNOM = 27.000000

Using SPARSE 1.3 as Direct Linear Solver

Initial Transient Solution
--------------------------

Node                                   Voltage
----                                   -------
clk                                          0
cmpclk                                       0
cmpclkb                                   3.63
vddt                                      3.63
vddd                                      3.63
vddc                                      3.63
vrefs                                     3.63
vrefn                                     3.63
vcmn                                     1.815
se_vinp                             0.00443115
se_vinn                                  1.815
se_start                                     0
se_mode                                      0
se_cmp                                 1.49495
se_samp                                      0
se_drdy                                   3.63
se_c9                                        0
se_c8                                        0
se_c7                                        0
se_c6                                        0
se_c5                                        0
se_c4                                        0
se_c3                                        0
se_c2                                        0
se_c1                                        0
se_c0                                        0
se_rel_n_256p                             3.63
se_sel_hi_n_256p                             0
se_sel_lo_n_256p                             0
se_rel_n_128p                             3.63
se_sel_hi_n_128p                             0
se_sel_lo_n_128p                             0
se_rel_n_64p                              3.63
se_sel_hi_n_64p                              0
se_sel_lo_n_64p                              0
se_rel_n_32p                              3.63
se_sel_hi_n_32p                              0
se_sel_lo_n_32p                              0
se_rel_n_16p                              3.63
se_sel_hi_n_16p                              0
se_sel_lo_n_16p                              0
se_rel_n_8p                               3.63
se_sel_hi_n_8p                               0
se_sel_lo_n_8p                               0
se_rel_n_4p                               3.63
se_sel_hi_n_4p                               0
se_sel_lo_n_4p                               0
se_rel_n_2p                               3.63
se_sel_hi_n_2p                               0
se_sel_lo_n_2p                               0
se_rel_n_1p                               3.63
se_sel_hi_n_1p                               0
se_sel_lo_n_1p                               0
se_rel_n_256n                             3.63
se_sel_hi_n_256n                             0
se_sel_lo_n_256n                             0
se_rel_n_128n                             3.63
se_sel_hi_n_128n                             0
se_sel_lo_n_128n                             0
se_rel_n_64n                              3.63
se_sel_hi_n_64n                              0
se_sel_lo_n_64n                              0
se_rel_n_32n                              3.63
se_sel_hi_n_32n                              0
se_sel_lo_n_32n                              0
se_rel_n_16n                              3.63
se_sel_hi_n_16n                              0
se_sel_lo_n_16n                              0
se_rel_n_8n                               3.63
se_sel_hi_n_8n                               0
se_sel_lo_n_8n                               0
se_rel_n_4n                               3.63
se_sel_hi_n_4n                               0
se_sel_lo_n_4n                               0
se_rel_n_2n                               3.63
se_sel_hi_n_2n                               0
se_sel_lo_n_2n                               0
se_rel_n_1n                               3.63
se_sel_hi_n_1n                               0
se_sel_lo_n_1n                               0
se_pinp                             0.00443115
se_topp                             0.00565245
se_sampb                                  3.63
se_pinn                                  1.815
se_topn                                1.81503
xsearrp.x256.bp                          1.815
xsearrp.x256.gp_rel                1.08676e-08
xsearrp.x256.gp_hi                        3.63
xsearrp.x256.gp_lo                        3.63
xsearrp.x128.bp                          1.815
xsearrp.x128.gp_rel                1.08676e-08
xsearrp.x128.gp_hi                        3.63
xsearrp.x128.gp_lo                        3.63
xsearrp.x64.bp                           1.815
xsearrp.x64.gp_rel                 1.08676e-08
xsearrp.x64.gp_hi                         3.63
xsearrp.x64.gp_lo                         3.63
xsearrp.x32.bp                           1.815
xsearrp.x32.gp_rel                 1.08676e-08
xsearrp.x32.gp_hi                         3.63
xsearrp.x32.gp_lo                         3.63
xsearrp.x16.bp                           1.815
xsearrp.x16.gp_rel                 1.08676e-08
xsearrp.x16.gp_hi                         3.63
xsearrp.x16.gp_lo                         3.63
xsearrp.x8.bp                            1.815
xsearrp.x8.gp_rel                  1.08676e-08
xsearrp.x8.gp_hi                          3.63
xsearrp.x8.gp_lo                          3.63
xsearrp.x4.bp                            1.815
xsearrp.x4.gp_rel                  1.08676e-08
xsearrp.x4.gp_hi                          3.63
xsearrp.x4.gp_lo                          3.63
xsearrp.x2.bp                            1.815
xsearrp.x2.gp_rel                  1.08676e-08
xsearrp.x2.gp_hi                          3.63
xsearrp.x2.gp_lo                          3.63
xsearrp.x1.bp                            1.815
xsearrp.x1.gp_rel                  1.08676e-08
xsearrp.x1.gp_hi                          3.63
xsearrp.x1.gp_lo                          3.63
xsearrn.x256.bp                          1.815
xsearrn.x256.gp_rel                1.08676e-08
xsearrn.x256.gp_hi                        3.63
xsearrn.x256.gp_lo                        3.63
xsearrn.x128.bp                          1.815
xsearrn.x128.gp_rel                1.08676e-08
xsearrn.x128.gp_hi                        3.63
xsearrn.x128.gp_lo                        3.63
xsearrn.x64.bp                           1.815
xsearrn.x64.gp_rel                 1.08676e-08
xsearrn.x64.gp_hi                         3.63
xsearrn.x64.gp_lo                         3.63
xsearrn.x32.bp                           1.815
xsearrn.x32.gp_rel                 1.08676e-08
xsearrn.x32.gp_hi                         3.63
xsearrn.x32.gp_lo                         3.63
xsearrn.x16.bp                           1.815
xsearrn.x16.gp_rel                 1.08676e-08
xsearrn.x16.gp_hi                         3.63
xsearrn.x16.gp_lo                         3.63
xsearrn.x8.bp                            1.815
xsearrn.x8.gp_rel                  1.08676e-08
xsearrn.x8.gp_hi                          3.63
xsearrn.x8.gp_lo                          3.63
xsearrn.x4.bp                            1.815
xsearrn.x4.gp_rel                  1.08676e-08
xsearrn.x4.gp_hi                          3.63
xsearrn.x4.gp_lo                          3.63
xsearrn.x2.bp                            1.815
xsearrn.x2.gp_rel                  1.08676e-08
xsearrn.x2.gp_hi                          3.63
xsearrn.x2.gp_lo                          3.63
xsearrn.x1.bp                            1.815
xsearrn.x1.gp_rel                  1.08676e-08
xsearrn.x1.gp_hi                          3.63
xsearrn.x1.gp_lo                          3.63
se_ibias                              0.678004
xsecmp.xpre.ptail                     0.931866
xsecmp.pon                                3.63
xsecmp.preamp_in1                   0.00565245
xsecmp.pop                             2.25119
xsecmp.preamp_in2                      1.81503
xsecmp.xpre.xrlp.11                    3.62975
xsecmp.xpre.xrlp.21                    2.25144
xsecmp.xpre.xrln.11                       3.63
xsecmp.xpre.xrln.21                       3.63
xsecmp.xlat.ltail                      2.82018
xsecmp.xlat.dip                           3.63
xsecmp.xlat.din                           3.63
xsecmp.outn                               3.63
xsecmp.outp                               3.63
xsecmp.sset                        1.89066e-08
xsecmp.srst                        1.89066e-08
xsecmp.xno1.ps                         3.35096
se_cmpb                                1.49495
xsecmp.xno2.ps                         3.35096
se_dacp                           -1.11022e-16
se_dacn                           -1.11022e-16
se_di                                 -1.81057
se_err                                0.336003
se_aerrh                                     0
se_code                                      0
bsecode#branch                               0
bseea#branch                                 0
bsee#branch                                  0
bsedi#branch                                 0
bsedacn#branch                               0
bsedacp#branch                               0
lref#branch                        1.75461e-09
v.xsecmp.vpn#branch                5.22271e-28
v.xsecmp.vpp#branch                1.06721e-26
vsemode#branch                               0
vsestart#branch                              0
vsevinn#branch                     1.83033e-16
vseinp#branch                      4.29807e-11
vcms#branch                          -1.44e-08
vrefs#branch                      -1.75461e-09
vddc#branch                        -0.00070143
vddd#branch                        -5.8055e-09
vddt#branch                        -5.0293e-11
vcmpclkb#branch                              0
vcmpclk#branch                               0
vclk#branch                                  0
asesd#branch_1_0                             0
a.xsectrl.a_gn#branch_1_0                    0
a.xsectrl.a_gn#branch_1_1                    0
a.xsectrl.a_gn#branch_1_2                    0
a.xsectrl.a_gn#branch_1_3                    0
a.xsectrl.a_gn#branch_1_4                    0
a.xsectrl.a_gn#branch_1_5                    0
a.xsectrl.a_gn#branch_1_6                    0
a.xsectrl.a_gn#branch_1_7                    0
a.xsectrl.a_gn#branch_1_8                    0
a.xsectrl.a_gn#branch_1_9                    0
a.xsectrl.a_gn#branch_1_10                   0
a.xsectrl.a_gn#branch_1_11                   0
a.xsectrl.a_gn#branch_1_12                   0
a.xsectrl.a_gn#branch_1_13                   0
a.xsectrl.a_gn#branch_1_14                   0
a.xsectrl.a_gn#branch_1_15                   0
a.xsectrl.a_gn#branch_1_16                   0
a.xsectrl.a_gn#branch_1_17                   0
a.xsectrl.a_gn#branch_1_18                   0
a.xsectrl.a_gn#branch_1_19                   0
a.xsectrl.a_gn#branch_1_20                   0
a.xsectrl.a_gn#branch_1_21                   0
a.xsectrl.a_gn#branch_1_22                   0
a.xsectrl.a_gn#branch_1_23                   0
a.xsectrl.a_gn#branch_1_24                   0
a.xsectrl.a_gn#branch_1_25                   0
a.xsectrl.a_gn#branch_1_26                   0
a.xsectrl.a_gn#branch_1_27                   0
a.xsectrl.a_gn#branch_1_28                   0
a.xsectrl.a_gn#branch_1_29                   0
a.xsectrl.a_gn#branch_1_30                   0
a.xsectrl.a_gn#branch_1_31                   0
a.xsectrl.a_gn#branch_1_32                   0
a.xsectrl.a_gn#branch_1_33                   0
a.xsectrl.a_gn#branch_1_34                   0
a.xsectrl.a_gn#branch_1_35                   0
a.xsectrl.a_gn#branch_1_36                   0
a.xsectrl.a_gn#branch_1_37                   0
a.xsectrl.a_gn#branch_1_38                   0
a.xsectrl.a_gn#branch_1_39                   0
a.xsectrl.a_gn#branch_1_40                   0
a.xsectrl.a_gn#branch_1_41                   0
a.xsectrl.a_gn#branch_1_42                   0
a.xsectrl.a_gn#branch_1_43                   0
a.xsectrl.a_gn#branch_1_44                   0
a.xsectrl.a_gn#branch_1_45                   0
a.xsectrl.a_gn#branch_1_46                   0
a.xsectrl.a_gn#branch_1_47                   0
a.xsectrl.a_gn#branch_1_48                   0
a.xsectrl.a_gn#branch_1_49                   0
a.xsectrl.a_gn#branch_1_50                   0
a.xsectrl.a_gn#branch_1_51                   0
a.xsectrl.a_gn#branch_1_52                   0
a.xsectrl.a_gn#branch_1_53                   0
a.xsectrl.a_dout#branch_1_0                  0
a.xsectrl.a_dout#branch_1_1                  0
a.xsectrl.a_dout#branch_1_2                  0
a.xsectrl.a_dout#branch_1_3                  0
a.xsectrl.a_dout#branch_1_4                  0
a.xsectrl.a_dout#branch_1_5                  0
a.xsectrl.a_dout#branch_1_6                  0
a.xsectrl.a_dout#branch_1_7                  0
a.xsectrl.a_dout#branch_1_8                  0
a.xsectrl.a_dout#branch_1_9                  0
a.xsectrl.a_dout#branch_1_10                 0
a.xsectrl.a_dout#branch_1_11                 0

 Reference value :  0.00000e+00
 Reference value :  2.89530e-09
 Reference value :  3.12890e-08
 Reference value :  6.25100e-08
 Reference value :  9.38206e-08
 Reference value :  1.25283e-07
 Reference value :  1.56758e-07
 Reference value :  2.14356e-07
 Reference value :  2.50121e-07
 Reference value :  2.53604e-07
 Reference value :  2.81423e-07
 Reference value :  3.13317e-07
 Reference value :  3.43894e-07
 Reference value :  3.76590e-07
 Reference value :  4.06351e-07
 Reference value :  4.37987e-07
 Reference value :  4.68779e-07
 Reference value :  5.00191e-07
 Reference value :  5.05291e-07
 Reference value :  5.60696e-07
 Reference value :  5.65094e-07
 Reference value :  5.94644e-07
 Reference value :  6.27486e-07
 Reference value :  6.56512e-07
 Reference value :  6.89766e-07
 Reference value :  7.18903e-07
 Reference value :  7.50776e-07
 Reference value :  7.81342e-07
 Reference value :  8.12825e-07
 Reference value :  8.43770e-07
 Reference value :  8.75161e-07
 Reference value :  8.78825e-07
 Reference value :  9.33114e-07
 Reference value :  9.68819e-07
 Reference value :  1.00025e-06
 Reference value :  1.00375e-06
 Reference value :  1.03154e-06
 Reference value :  1.06596e-06
 Reference value :  1.11453e-06
 Reference value :  1.15633e-06
 Reference value :  1.18786e-06
 Reference value :  1.21926e-06
 Reference value :  1.25236e-06
 Reference value :  1.28125e-06
 Reference value :  1.31263e-06
 Reference value :  1.31590e-06
 Reference value :  1.35640e-06
 Reference value :  1.37753e-06
 Reference value :  1.40665e-06
 Reference value :  1.43979e-06
 Reference value :  1.46884e-06
 Reference value :  1.50038e-06
 Reference value :  1.53125e-06
 Reference value :  1.56260e-06
 Reference value :  1.56545e-06
 Reference value :  1.59662e-06
 Reference value :  1.62749e-06
 Reference value :  1.65651e-06
 Reference value :  1.68977e-06
 Reference value :  1.71889e-06
 Reference value :  1.75058e-06
 Reference value :  1.78133e-06
 Reference value :  1.81290e-06
 Reference value :  1.84381e-06
 Reference value :  1.87536e-06
 Reference value :  1.90628e-06
 Reference value :  1.93791e-06
 Reference value :  1.96933e-06
 Reference value :  2.00237e-06
 Reference value :  2.02353e-06
 Reference value :  2.06260e-06
 Reference value :  2.09387e-06
 Reference value :  2.12552e-06
 Reference value :  2.15753e-06
 Reference value :  2.21875e-06
 Reference value :  2.25012e-06
 Reference value :  2.25365e-06
 Reference value :  2.28145e-06
 Reference value :  2.31378e-06
 Reference value :  2.34383e-06
 Reference value :  2.37536e-06
 Reference value :  2.40625e-06
 Reference value :  2.43765e-06
 Reference value :  2.44065e-06
 Reference value :  2.48722e-06
 Reference value :  2.50255e-06
 Reference value :  2.53165e-06
 Reference value :  2.56484e-06
 Reference value :  2.59391e-06
 Reference value :  2.62561e-06
 Reference value :  2.65632e-06
 Reference value :  2.68772e-06
 Reference value :  2.71875e-06
 Reference value :  2.75010e-06
 Reference value :  2.75276e-06
 Reference value :  2.79706e-06
 Reference value :  2.81505e-06
 Reference value :  2.84528e-06
 Reference value :  2.87750e-06
 Reference value :  2.90680e-06
 Reference value :  2.95814e-06
 Reference value :  3.00010e-06
 Reference value :  3.00359e-06
 Reference value :  3.03145e-06
 Reference value :  3.06526e-06
 Reference value :  3.12501e-06
 Reference value :  3.15635e-06
 Reference value :  3.18791e-06
 Reference value :  3.21935e-06
 Reference value :  3.25250e-06
 Reference value :  3.28132e-06
 Reference value :  3.31278e-06
 Reference value :  3.34195e-06
 Reference value :  3.37516e-06
 Reference value :  3.38205e-06
 Reference value :  3.43762e-06
 Reference value :  3.44043e-06
 Reference value :  3.47703e-06
 Reference value :  3.50252e-06
 Reference value :  3.53166e-06
 Reference value :  3.56493e-06
 Reference value :  3.59393e-06
 Reference value :  3.62677e-06
 Reference value :  3.65635e-06
 Reference value :  3.68797e-06
 Reference value :  3.71881e-06
 Reference value :  3.75023e-06
 Reference value :  3.77993e-06
 Reference value :  3.81263e-06
 Reference value :  3.81586e-06
 Reference value :  3.87148e-06
 Reference value :  3.87764e-06
 Reference value :  3.90830e-06
 Reference value :  3.96877e-06
 Reference value :  4.00015e-06
 Reference value :  4.00367e-06
 Reference value :  4.03162e-06
 Reference value :  4.08536e-06
 Reference value :  4.12511e-06
 Reference value :  4.15640e-06
 Reference value :  4.18818e-06
 Reference value :  4.22070e-06
 Reference value :  4.25253e-06
 Reference value :  4.28130e-06
 Reference value :  4.31270e-06
 Reference value :  4.32325e-06
 Reference value :  4.37506e-06
 Reference value :  4.37773e-06
 Reference value :  4.40680e-06
 Reference value :  4.43994e-06
 Reference value :  4.46896e-06
 Reference value :  4.50038e-06
 Reference value :  4.51027e-06
 Reference value :  4.56257e-06
 Reference value :  4.56520e-06
 Reference value :  4.59474e-06
 Reference value :  4.62748e-06
 Reference value :  4.65646e-06
 Reference value :  4.68778e-06
 Reference value :  4.70501e-06
 Reference value :  4.71956e-06
 Reference value :  4.75227e-06
 Reference value :  4.78139e-06
 Reference value :  4.81270e-06
 Reference value :  4.82971e-06
 Reference value :  4.87241e-06
 Reference value :  4.87773e-06
 Reference value :  4.91578e-06
 Reference value :  4.96876e-06
 Reference value :  5.00016e-06
 Reference value :  5.00366e-06
 Reference value :  5.03145e-06
 Reference value :  5.06359e-06
 Reference value :  5.11684e-06
 Reference value :  5.15634e-06
 Reference value :  5.18788e-06
 Reference value :  5.21961e-06
 Reference value :  5.25253e-06
 Reference value :  5.28129e-06
 Reference value :  5.31270e-06
 Reference value :  5.33520e-06
 Reference value :  5.37513e-06
 Reference value :  5.37835e-06
 Reference value :  5.40973e-06
 Reference value :  5.44004e-06
 Reference value :  5.46913e-06
 Reference value :  5.50046e-06
 Reference value :  5.52470e-06
 Reference value :  5.56266e-06
 Reference value :  5.56832e-06
 Reference value :  5.62501e-06
 Reference value :  5.62759e-06
 Reference value :  5.65670e-06
 Reference value :  5.68806e-06
 Reference value :  5.71881e-06
 Reference value :  5.75020e-06
 Reference value :  5.76029e-06
 Reference value :  5.78222e-06
 Reference value :  5.81494e-06
 Reference value :  5.84423e-06
 Reference value :  5.87544e-06
 Reference value :  5.89113e-06
 Reference value :  5.92358e-06
 Reference value :  5.96877e-06
 Reference value :  6.00018e-06
 Reference value :  6.00363e-06
 Reference value :  6.03161e-06
 Reference value :  6.08336e-06
 Reference value :  6.12510e-06
 Reference value :  6.15640e-06
 Reference value :  6.18842e-06
 Reference value :  6.24017e-06
 Reference value :  6.25257e-06
 Reference value :  6.28134e-06
 Reference value :  6.31302e-06
 Reference value :  6.34376e-06
 Reference value :  6.37516e-06
 Reference value :  6.38288e-06
 Reference value :  6.41063e-06
 Reference value :  6.43994e-06
 Reference value :  6.46892e-06
 Reference value :  6.50227e-06
 Reference value :  6.53135e-06
 Reference value :  6.56303e-06
 Reference value :  6.59381e-06
 Reference value :  6.62521e-06
 Reference value :  6.64701e-06
 Reference value :  6.66683e-06
 Reference value :  6.68996e-06
 Reference value :  6.71905e-06
 Reference value :  6.75032e-06
 Reference value :  6.78125e-06
 Reference value :  6.79191e-06
 Reference value :  6.81497e-06
 Reference value :  6.84418e-06
 Reference value :  6.87548e-06
 Reference value :  6.89923e-06
 Reference value :  6.92558e-06
 Reference value :  6.96875e-06
 Reference value :  7.00012e-06
 Reference value :  7.00360e-06
 Reference value :  7.03139e-06
 Reference value :  7.06318e-06
 Reference value :  7.10518e-06
 Reference value :  7.15632e-06
 Reference value :  7.18786e-06
 Reference value :  7.21952e-06
 Reference value :  7.25252e-06
 Reference value :  7.28125e-06
 Reference value :  7.31269e-06
 Reference value :  7.31779e-06
 Reference value :  7.37178e-06
 Reference value :  7.37768e-06
 Reference value :  7.40674e-06
 Reference value :  7.43923e-06
 Reference value :  7.46884e-06
 Reference value :  7.50033e-06
 Reference value :  7.52317e-06
 Reference value :  7.56261e-06
 Reference value :  7.56610e-06
 Reference value :  7.62500e-06
 Reference value :  7.62758e-06
 Reference value :  7.65680e-06
 Reference value :  7.68862e-06
 Reference value :  7.71884e-06
 Reference value :  7.75011e-06
 Reference value :  7.75263e-06
 Reference value :  7.78363e-06
 Reference value :  7.81501e-06
 Reference value :  7.84423e-06
 Reference value :  7.87547e-06
 Reference value :  7.89486e-06
 Reference value :  7.93760e-06
 Reference value :  7.96886e-06
 Reference value :  8.00052e-06
 Reference value :  8.00390e-06
 Reference value :  8.04044e-06
 Reference value :  8.09381e-06
 Reference value :  8.12528e-06
 Reference value :  8.15682e-06
 Reference value :  8.21756e-06
 Reference value :  8.25036e-06
 Reference value :  8.25381e-06
 Reference value :  8.28183e-06
 Reference value :  8.31494e-06
 Reference value :  8.34390e-06
 Reference value :  8.37570e-06
 Reference value :  8.40634e-06
 Reference value :  8.43762e-06
 Reference value :  8.44082e-06
 Reference value :  8.48090e-06
 Reference value :  8.50254e-06
 Reference value :  8.53154e-06
 Reference value :  8.56479e-06
 Reference value :  8.59390e-06
 Reference value :  8.62565e-06
 Reference value :  8.65633e-06
 Reference value :  8.68760e-06
 Reference value :  8.69009e-06
 Reference value :  8.71926e-06
 Reference value :  8.75082e-06
 Reference value :  8.78138e-06
 Reference value :  8.81300e-06
 Reference value :  8.84383e-06
 Reference value :  8.87520e-06
 Reference value :  8.88477e-06
 Reference value :  8.92065e-06
 Reference value :  8.96876e-06
 Reference value :  9.00018e-06
 Reference value :  9.00375e-06
 Reference value :  9.03167e-06
 Reference value :  9.08937e-06
 Reference value :  9.12515e-06
 Reference value :  9.15645e-06
 Reference value :  9.18909e-06
 Reference value :  9.24387e-06
 Reference value :  9.25294e-06
 Reference value :  9.28136e-06
 Reference value :  9.31324e-06
 Reference value :  9.34381e-06
 Reference value :  9.37510e-06
 Reference value :  9.37784e-06
 Reference value :  9.40673e-06
 Reference value :  9.43832e-06
 Reference value :  9.46881e-06
 Reference value :  9.50003e-06
 Reference value :  9.50260e-06
 Reference value :  9.54337e-06
 Reference value :  9.56505e-06
 Reference value :  9.59522e-06
 Reference value :  9.62748e-06
 Reference value :  9.65665e-06
 Reference value :  9.68984e-06
 Reference value :  9.71903e-06
 Reference value :  9.75041e-06
 Reference value :  9.78127e-06
 Reference value :  9.79492e-06
 Reference value :  9.81500e-06
 Reference value :  9.84421e-06
 Reference value :  9.87731e-06
 Reference value :  9.90635e-06
 Reference value :  9.93770e-06
 Reference value :  9.96887e-06
 Reference value :  1.00006e-05
 Reference value :  1.00040e-05
 Reference value :  1.00360e-05
 Reference value :  1.00938e-05
 Reference value :  1.01252e-05
 Reference value :  1.01566e-05
 Reference value :  1.02009e-05
 Reference value :  1.02500e-05
 Reference value :  1.02528e-05
 Reference value :  1.02814e-05
 Reference value :  1.03129e-05
 Reference value :  1.03438e-05
 Reference value :  1.03751e-05
 Reference value :  1.03776e-05
 Reference value :  1.04074e-05
 Reference value :  1.04400e-05
 Reference value :  1.04690e-05
 Reference value :  1.05023e-05
 Reference value :  1.05314e-05
 Reference value :  1.05629e-05
 Reference value :  1.05938e-05
 Reference value :  1.06252e-05
 Reference value :  1.06373e-05
 Reference value :  1.06876e-05
 Reference value :  1.06902e-05
 Reference value :  1.07216e-05
 Reference value :  1.07525e-05
 Reference value :  1.07817e-05
 Reference value :  1.08150e-05
 Reference value :  1.08444e-05
 Reference value :  1.08776e-05
 Reference value :  1.09067e-05
 Reference value :  1.09396e-05
 Reference value :  1.09930e-05
 Reference value :  1.10038e-05
 Reference value :  1.10319e-05
 Reference value :  1.10938e-05
 Reference value :  1.11252e-05
 Reference value :  1.11567e-05
 Reference value :  1.12188e-05
 Reference value :  1.12505e-05
 Reference value :  1.12564e-05
 Reference value :  1.13126e-05
 Reference value :  1.13375e-05
 Reference value :  1.13751e-05
 Reference value :  1.13802e-05
 Reference value :  1.14377e-05
 Reference value :  1.14688e-05
 Reference value :  1.15005e-05
 Reference value :  1.15313e-05
 Reference value :  1.15636e-05
 Reference value :  1.15939e-05
 Reference value :  1.16274e-05
 Reference value :  1.16567e-05
 Reference value :  1.16900e-05
 Reference value :  1.17282e-05
 Reference value :  1.17530e-05
 Reference value :  1.18126e-05
 Reference value :  1.18438e-05
 Reference value :  1.18754e-05
 Reference value :  1.19063e-05
 Reference value :  1.19376e-05
 Reference value :  1.19690e-05
 Reference value :  1.20024e-05
 Reference value :  1.20313e-05
 Reference value :  1.20630e-05
 Reference value :  1.21250e-05
 Reference value :  1.21565e-05
 Reference value :  1.22149e-05
 Reference value :  1.22502e-05
 Reference value :  1.22546e-05
 Reference value :  1.23126e-05
 Reference value :  1.23438e-05
 Reference value :  1.23751e-05
 Reference value :  1.24012e-05
 Reference value :  1.24377e-05
 Reference value :  1.24688e-05
 Reference value :  1.25005e-05
 Reference value :  1.25314e-05
 Reference value :  1.25648e-05
 Reference value :  1.25940e-05
 Reference value :  1.26275e-05
 Reference value :  1.26575e-05
 Reference value :  1.26901e-05
 Reference value :  1.27501e-05
 Reference value :  1.27744e-05
 Reference value :  1.28127e-05
 Reference value :  1.28438e-05
 Reference value :  1.28752e-05
 Reference value :  1.28841e-05
 Reference value :  1.29376e-05
 Reference value :  1.29691e-05
 Reference value :  1.30025e-05
 Reference value :  1.30314e-05
 Reference value :  1.30938e-05
 Reference value :  1.31254e-05
 Reference value :  1.31876e-05
 Reference value :  1.32191e-05
 Reference value :  1.32525e-05
 Reference value :  1.32813e-05
 Reference value :  1.33148e-05
 Reference value :  1.33441e-05
 Reference value :  1.33774e-05
 Reference value :  1.34065e-05
 Reference value :  1.34382e-05
 Reference value :  1.34689e-05
 Reference value :  1.35023e-05
 Reference value :  1.35315e-05
 Reference value :  1.35650e-05
 Reference value :  1.35948e-05
 Reference value :  1.36277e-05
 Reference value :  1.36875e-05
 Reference value :  1.36954e-05
 Reference value :  1.37354e-05
 Reference value :  1.37526e-05
 Reference value :  1.37889e-05
 Reference value :  1.38152e-05
 Reference value :  1.38751e-05
 Reference value :  1.38794e-05
 Reference value :  1.39214e-05
 Reference value :  1.39688e-05
 Reference value :  1.40007e-05
 Reference value :  1.40071e-05
 Reference value :  1.40627e-05
 Reference value :  1.40952e-05
 Reference value :  1.41563e-05
 Reference value :  1.41889e-05
 Reference value :  1.42502e-05
 Reference value :  1.42539e-05
 Reference value :  1.43040e-05
 Reference value :  1.43166e-05
 Reference value :  1.43751e-05
 Reference value :  1.43964e-05
 Reference value :  1.44376e-05
 Reference value :  1.44497e-05
 Reference value :  1.45002e-05
 Reference value :  1.45313e-05
 Reference value :  1.45632e-05
 Reference value :  1.45939e-05
 Reference value :  1.46274e-05
 Reference value :  1.46567e-05
 Reference value :  1.46900e-05
 Reference value :  1.47193e-05
 Reference value :  1.47524e-05
 Reference value :  1.47817e-05
 Reference value :  1.48150e-05
 Reference value :  1.48640e-05
 Reference value :  1.48789e-05
 Reference value :  1.49376e-05
 Reference value :  1.49690e-05
 Reference value :  1.50025e-05
 Reference value :  1.50314e-05
 Reference value :  1.50721e-05
 Reference value :  1.51252e-05
 Reference value :  1.51713e-05
 Reference value :  1.52190e-05
 Reference value :  1.52525e-05
 Reference value :  1.52814e-05
 Reference value :  1.53139e-05
 Reference value :  1.53439e-05
 Reference value :  1.53774e-05
 Reference value :  1.54067e-05
 Reference value :  1.54399e-05
 Reference value :  1.54691e-05
 Reference value :  1.55025e-05
 Reference value :  1.55392e-05
 Reference value :  1.55698e-05
 Reference value :  1.56252e-05
 Reference value :  1.56563e-05
 Reference value :  1.56878e-05
 Reference value :  1.57189e-05
 Reference value :  1.57506e-05
 Reference value :  1.57814e-05
 Reference value :  1.58148e-05
 Reference value :  1.58442e-05
 Reference value :  1.58775e-05
 Reference value :  1.59067e-05
 Reference value :  1.59466e-05
 Reference value :  1.60002e-05
 Reference value :  1.60038e-05
 Reference value :  1.60376e-05
 Reference value :  1.60939e-05
 Reference value :  1.61261e-05
 Reference value :  1.61877e-05
 Reference value :  1.62193e-05
 Reference value :  1.62526e-05
 Reference value :  1.62814e-05
 Reference value :  1.63149e-05
 Reference value :  1.63441e-05
 Reference value :  1.63775e-05
 Reference value :  1.64068e-05
 Reference value :  1.64400e-05
 Reference value :  1.64787e-05
 Reference value :  1.65030e-05
 Reference value :  1.65626e-05
 Reference value :  1.65753e-05
 Reference value :  1.66252e-05
 Reference value :  1.66563e-05
 Reference value :  1.66876e-05
 Reference value :  1.67188e-05
 Reference value :  1.67501e-05
 Reference value :  1.67710e-05
 Reference value :  1.68127e-05
 Reference value :  1.68438e-05
 Reference value :  1.68752e-05
 Reference value :  1.68904e-05
 Reference value :  1.69377e-05
 Reference value :  1.69693e-05
 Reference value :  1.70025e-05
 Reference value :  1.70314e-05
 Reference value :  1.70648e-05
 Reference value :  1.71252e-05
 Reference value :  1.71568e-05
 Reference value :  1.72188e-05
 Reference value :  1.72506e-05
 Reference value :  1.72559e-05
 Reference value :  1.73126e-05
 Reference value :  1.73438e-05
 Reference value :  1.73756e-05
 Reference value :  1.74063e-05
 Reference value :  1.74398e-05
 Reference value :  1.74690e-05
 Reference value :  1.75013e-05
 Reference value :  1.75314e-05
 Reference value :  1.75649e-05
 Reference value :  1.75943e-05
 Reference value :  1.76275e-05
 Reference value :  1.76568e-05
 Reference value :  1.76899e-05
 Reference value :  1.77197e-05
 Reference value :  1.77526e-05
 Reference value :  1.77826e-05
 Reference value :  1.78151e-05
 Reference value :  1.78732e-05
 Reference value :  1.78798e-05
 Reference value :  1.79343e-05
 Reference value :  1.79689e-05
 Reference value :  1.80008e-05
 Reference value :  1.80067e-05
 Reference value :  1.80627e-05
 Reference value :  1.80947e-05
 Reference value :  1.81563e-05
 Reference value :  1.81885e-05
 Reference value :  1.82501e-05
 Reference value :  1.82538e-05
 Reference value :  1.82861e-05
 Reference value :  1.83156e-05
 Reference value :  1.83751e-05
 Reference value :  1.84063e-05
 Reference value :  1.84380e-05
 Reference value :  1.84689e-05
 Reference value :  1.85023e-05
 Reference value :  1.85316e-05
 Reference value :  1.85650e-05
 Reference value :  1.86003e-05
 Reference value :  1.86276e-05
 Reference value :  1.86875e-05
 Reference value :  1.86954e-05
 Reference value :  1.87502e-05
 Reference value :  1.87813e-05
 Reference value :  1.88130e-05
 Reference value :  1.88439e-05
 Reference value :  1.88773e-05
 Reference value :  1.89068e-05
 Reference value :  1.89688e-05
 Reference value :  1.90003e-05
 Reference value :  1.90039e-05
 Reference value :  1.90540e-05
 Reference value :  1.90939e-05
 Reference value :  1.91258e-05
 Reference value :  1.91852e-05
 Reference value :  1.92188e-05
 Reference value :  1.92504e-05
 Reference value :  1.92539e-05
 Reference value :  1.92918e-05
 Reference value :  1.93152e-05
 Reference value :  1.93751e-05
 Reference value :  1.93989e-05
 Reference value :  1.94377e-05
 Reference value :  1.94688e-05
 Reference value :  1.95005e-05
 Reference value :  1.95313e-05
 Reference value :  1.95638e-05
 Reference value :  1.95943e-05
 Reference value :  1.96274e-05
 Reference value :  1.96565e-05
 Reference value :  1.96898e-05
 Reference value :  1.97189e-05
 Reference value :  1.97512e-05
 Reference value :  1.97814e-05
 Reference value :  1.98131e-05
 Reference value :  1.98438e-05
 Reference value :  1.98754e-05
 Reference value :  1.99063e-05
 Reference value :  1.99377e-05
 Reference value :  1.99690e-05
No. of Data Rows : 49217
e1                  =  -1.45123e+01
x1                  =  1.47116e+01 at=  2.84381e-06
cd1                 =  0.00000e+00
e2                  =  -1.44929e+01
x2                  =  1.47142e+01 at=  3.84381e-06
cd2                 =  0.00000e+00
e128                =  -1.18098e+01
x128                =  1.39927e+01 at=  4.46892e-06
cd128               =  1.16000e+02
e129                =  -1.22028e+01
x129                =  1.39714e+01 at=  5.46892e-06
cd129               =  1.17000e+02
e255                =  -9.52451e+00
x255                =  1.30981e+01 at=  6.40642e-06
cd255               =  2.45000e+02
e256                =  -9.13366e+00
x256                =  1.30754e+01 at=  7.40642e-06
cd256               =  2.46000e+02
e257                =  -9.47448e+00
x257                =  1.31020e+01 at=  8.40642e-06
cd257               =  2.47000e+02
e384                =  -5.00350e+00
x384                =  8.89451e+00 at=  9.34392e-06
cd384               =  3.79000e+02
e511                =  -4.26251e-02
x511                =  7.39081e+00 at=  1.03439e-05
cd511               =  5.11000e+02
e512                =  1.89007e-03
x512                =  7.21862e+00 at=  1.13439e-05
cd512               =  5.12000e+02
e513                =  5.17555e-02
x513                =  7.23955e+00 at=  1.23439e-05
cd513               =  5.13000e+02
e640                =  4.45809e+00
x640                =  8.35262e+00 at=  1.33439e-05
cd640               =  6.44000e+02
e767                =  8.53215e+00
x767                =  1.22254e+01 at=  1.44064e-05
cd767               =  7.75000e+02
e768                =  8.27574e+00
x768                =  1.22320e+01 at=  1.54064e-05
cd768               =  7.76000e+02
e769                =  8.59488e+00
x769                =  1.22345e+01 at=  1.64064e-05
cd769               =  7.77000e+02
e896                =  1.19291e+01
x896                =  1.41633e+01 at=  1.74689e-05
cd896               =  9.08000e+02
e1022               =  1.59173e+01
x1022               =  1.61902e+01 at=  1.88438e-05
cd1022              =  1.02300e+03
e1023               =  1.59645e+01
x1023               =  1.62159e+01 at=  1.98438e-05
cd1023              =  1.02300e+03
vrefhi              =  3.63017e+00 at=  7.28918e-06
vreflo              =  3.62987e+00 at=  2.44054e-06
m_terr_t1_lsb = -1.451226000e+01
m_decerr_t1_lsb = 1.4711590000e+01
m_code_t1 = 0.0000000000e+00
m_terr_t2_lsb = -1.449287000e+01
m_decerr_t2_lsb = 1.4714190000e+01
m_code_t2 = 0.0000000000e+00
m_terr_t128_lsb = -1.180977000e+01
m_decerr_t128_lsb = 1.3992700000e+01
m_code_t128 = 1.1600000000e+02
m_terr_t129_lsb = -1.220280000e+01
m_decerr_t129_lsb = 1.3971380000e+01
m_code_t129 = 1.1700000000e+02
m_terr_t255_lsb = -9.524515000e+00
m_decerr_t255_lsb = 1.3098110000e+01
m_code_t255 = 2.4500000000e+02
m_terr_t256_lsb = -9.133661000e+00
m_decerr_t256_lsb = 1.3075420000e+01
m_code_t256 = 2.4600000000e+02
m_terr_t257_lsb = -9.474482000e+00
m_decerr_t257_lsb = 1.3102010000e+01
m_code_t257 = 2.4700000000e+02
m_terr_t384_lsb = -5.003501000e+00
m_decerr_t384_lsb = 8.8945150000e+00
m_code_t384 = 3.7900000000e+02
m_terr_t511_lsb = -4.262509000e-02
m_decerr_t511_lsb = 7.3908110000e+00
m_code_t511 = 5.1100000000e+02
m_terr_t512_lsb = 1.8900680000e-03
m_decerr_t512_lsb = 7.2186230000e+00
m_code_t512 = 5.1200000000e+02
m_terr_t513_lsb = 5.1755460000e-02
m_decerr_t513_lsb = 7.2395460000e+00
m_code_t513 = 5.1300000000e+02
m_terr_t640_lsb = 4.4580910000e+00
m_decerr_t640_lsb = 8.3526230000e+00
m_code_t640 = 6.4400000000e+02
m_terr_t767_lsb = 8.5321450000e+00
m_decerr_t767_lsb = 1.2225390000e+01
m_code_t767 = 7.7500000000e+02
m_terr_t768_lsb = 8.2757360000e+00
m_decerr_t768_lsb = 1.2232040000e+01
m_code_t768 = 7.7600000000e+02
m_terr_t769_lsb = 8.5948770000e+00
m_decerr_t769_lsb = 1.2234500000e+01
m_code_t769 = 7.7700000000e+02
m_terr_t896_lsb = 1.1929060000e+01
m_decerr_t896_lsb = 1.4163330000e+01
m_code_t896 = 9.0800000000e+02
m_terr_t1022_lsb = 1.5917310000e+01
m_decerr_t1022_lsb = 1.6190250000e+01
m_code_t1022 = 1.0230000000e+03
m_terr_t1023_lsb = 1.5964460000e+01
m_decerr_t1023_lsb = 1.6215890000e+01
m_code_t1023 = 1.0230000000e+03
m_inl_t1_lsb = 0.0000000000e+00
m_inl_t2_lsb = -1.043066536e-02
m_inl_t128_lsb = -1.084734501e+00
m_inl_t129_lsb = -1.507585166e+00
m_inl_t255_lsb = -2.586704002e+00
m_inl_t256_lsb = -2.225670667e+00
m_inl_t257_lsb = -2.596312333e+00
m_inl_t384_lsb = -1.912555834e+00
m_inl_t511_lsb = -7.389044246e-01
m_inl_t512_lsb = -7.242099320e-01
m_inl_t513_lsb = -7.041652054e-01
m_inl_t640_lsb = -8.505416634e-02
m_inl_t767_lsb = 2.0177533268e-01
m_inl_t768_lsb = -8.445433268e-02
m_inl_t769_lsb = 2.0486600196e-01
m_inl_t896_lsb = -2.481754990e-01
m_inl_t1022_lsb = -1.732933464e-02
m_inl_t1023_lsb = 0.0000000000e+00
m_dnl_t1_t2_lsb = 1.9390000000e-02
m_dnl_t128_t129_lsb = -3.930300000e-01
m_dnl_t255_t256_lsb = 3.9085400000e-01
m_dnl_t256_t257_lsb = -3.408210000e-01
m_dnl_t511_t512_lsb = 4.4515158000e-02
m_dnl_t512_t513_lsb = 4.9865392000e-02
m_dnl_t767_t768_lsb = -2.564090000e-01
m_dnl_t768_t769_lsb = 3.1914100000e-01
m_dnl_t1022_t1023_lsb = 4.7150000000e-02
m_gain_err_lsb = 3.0506540665e+01
m_vref_droop_mv = 2.9500000000e-01
Note: Simulation executed from .control section 

Warning: m=xx on .subckt line will override multiplier m hierarchy!

Note: Starting dynamic gmin stepping
Note: Dynamic gmin stepping completed
