
Note: Compatibility modes selected: hs a


Circuit: * dr0019-cu-sweep @ tt_125c_3.63v -- generated by sim/harness, do not edit

Reducing trtol to 1 for xspice 'A' devices
Doing analysis at TEMP = 125.000000 and TNOM = 27.000000

Using SPARSE 1.3 as Direct Linear Solver

Initial Transient Solution
--------------------------

Node                                   Voltage
----                                   -------
clk                                          0
cmpclk                                       0
cmpclkb                                   3.63
vddt                                      3.63
vddd                                      3.63
vddc                                      3.63
vrefs                                     3.63
vrefn                                     3.63
vcmn                                     1.815
se_vinp                                  1.815
se_vinn                                  1.815
se_start                                     0
se_mode                                      0
se_cmp                                 1.49495
se_samp_tp_n                                 0
se_sel_in_n                                  0
se_drdy                                   3.63
se_c9                                        0
se_c8                                        0
se_c7                                        0
se_c6                                        0
se_c5                                        0
se_c4                                        0
se_c3                                        0
se_c2                                        0
se_c1                                        0
se_c0                                        0
se_rel_n_256p                             3.63
se_sel_hi_n_256p                             0
se_sel_lo_n_256p                             0
se_rel_n_128p                             3.63
se_sel_hi_n_128p                             0
se_sel_lo_n_128p                             0
se_rel_n_64p                              3.63
se_sel_hi_n_64p                              0
se_sel_lo_n_64p                              0
se_rel_n_32p                              3.63
se_sel_hi_n_32p                              0
se_sel_lo_n_32p                              0
se_rel_n_16p                              3.63
se_sel_hi_n_16p                              0
se_sel_lo_n_16p                              0
se_rel_n_8p                               3.63
se_sel_hi_n_8p                               0
se_sel_lo_n_8p                               0
se_rel_n_4p                               3.63
se_sel_hi_n_4p                               0
se_sel_lo_n_4p                               0
se_rel_n_2p                               3.63
se_sel_hi_n_2p                               0
se_sel_lo_n_2p                               0
se_rel_n_1p                               3.63
se_sel_hi_n_1p                               0
se_sel_lo_n_1p                               0
se_rel_n_256n                             3.63
se_sel_hi_n_256n                             0
se_sel_lo_n_256n                             0
se_rel_n_128n                             3.63
se_sel_hi_n_128n                             0
se_sel_lo_n_128n                             0
se_rel_n_64n                              3.63
se_sel_hi_n_64n                              0
se_sel_lo_n_64n                              0
se_rel_n_32n                              3.63
se_sel_hi_n_32n                              0
se_sel_lo_n_32n                              0
se_rel_n_16n                              3.63
se_sel_hi_n_16n                              0
se_sel_lo_n_16n                              0
se_rel_n_8n                               3.63
se_sel_hi_n_8n                               0
se_sel_lo_n_8n                               0
se_rel_n_4n                               3.63
se_sel_hi_n_4n                               0
se_sel_lo_n_4n                               0
se_rel_n_2n                               3.63
se_sel_hi_n_2n                               0
se_sel_lo_n_2n                               0
se_rel_n_1n                               3.63
se_sel_hi_n_1n                               0
se_sel_lo_n_1n                               0
se_pinp                                  1.815
se_pinn                                  1.815
xsetswp.gp                                3.63
se_topp                                1.81502
xsetswn.gp                                3.63
se_topn                                1.81502
xsearrp.x256.bp                          1.815
xsearrp.x256.gp_in                        3.63
xsearrp.x256.gp_rel                1.08676e-08
xsearrp.x256.gp_hi                        3.63
xsearrp.x256.gp_lo                        3.63
xsearrp.x128.bp                          1.815
xsearrp.x128.gp_in                        3.63
xsearrp.x128.gp_rel                1.08676e-08
xsearrp.x128.gp_hi                        3.63
xsearrp.x128.gp_lo                        3.63
xsearrp.x64.bp                           1.815
xsearrp.x64.gp_in                         3.63
xsearrp.x64.gp_rel                 1.08676e-08
xsearrp.x64.gp_hi                         3.63
xsearrp.x64.gp_lo                         3.63
xsearrp.x32.bp                           1.815
xsearrp.x32.gp_in                         3.63
xsearrp.x32.gp_rel                 1.08676e-08
xsearrp.x32.gp_hi                         3.63
xsearrp.x32.gp_lo                         3.63
xsearrp.x16.bp                           1.815
xsearrp.x16.gp_in                         3.63
xsearrp.x16.gp_rel                 1.08676e-08
xsearrp.x16.gp_hi                         3.63
xsearrp.x16.gp_lo                         3.63
xsearrp.x8.bp                            1.815
xsearrp.x8.gp_in                          3.63
xsearrp.x8.gp_rel                  1.08676e-08
xsearrp.x8.gp_hi                          3.63
xsearrp.x8.gp_lo                          3.63
xsearrp.x4.bp                            1.815
xsearrp.x4.gp_in                          3.63
xsearrp.x4.gp_rel                  1.08676e-08
xsearrp.x4.gp_hi                          3.63
xsearrp.x4.gp_lo                          3.63
xsearrp.x2.bp                            1.815
xsearrp.x2.gp_in                          3.63
xsearrp.x2.gp_rel                  1.08676e-08
xsearrp.x2.gp_hi                          3.63
xsearrp.x2.gp_lo                          3.63
xsearrp.x1.bp                            1.815
xsearrp.x1.gp_in                          3.63
xsearrp.x1.gp_rel                  1.08676e-08
xsearrp.x1.gp_hi                          3.63
xsearrp.x1.gp_lo                          3.63
xsearrn.x256.bp                          1.815
xsearrn.x256.gp_in                        3.63
xsearrn.x256.gp_rel                1.08676e-08
xsearrn.x256.gp_hi                        3.63
xsearrn.x256.gp_lo                        3.63
xsearrn.x128.bp                          1.815
xsearrn.x128.gp_in                        3.63
xsearrn.x128.gp_rel                1.08676e-08
xsearrn.x128.gp_hi                        3.63
xsearrn.x128.gp_lo                        3.63
xsearrn.x64.bp                           1.815
xsearrn.x64.gp_in                         3.63
xsearrn.x64.gp_rel                 1.08676e-08
xsearrn.x64.gp_hi                         3.63
xsearrn.x64.gp_lo                         3.63
xsearrn.x32.bp                           1.815
xsearrn.x32.gp_in                         3.63
xsearrn.x32.gp_rel                 1.08676e-08
xsearrn.x32.gp_hi                         3.63
xsearrn.x32.gp_lo                         3.63
xsearrn.x16.bp                           1.815
xsearrn.x16.gp_in                         3.63
xsearrn.x16.gp_rel                 1.08676e-08
xsearrn.x16.gp_hi                         3.63
xsearrn.x16.gp_lo                         3.63
xsearrn.x8.bp                            1.815
xsearrn.x8.gp_in                          3.63
xsearrn.x8.gp_rel                  1.08676e-08
xsearrn.x8.gp_hi                          3.63
xsearrn.x8.gp_lo                          3.63
xsearrn.x4.bp                            1.815
xsearrn.x4.gp_in                          3.63
xsearrn.x4.gp_rel                  1.08676e-08
xsearrn.x4.gp_hi                          3.63
xsearrn.x4.gp_lo                          3.63
xsearrn.x2.bp                            1.815
xsearrn.x2.gp_in                          3.63
xsearrn.x2.gp_rel                  1.08676e-08
xsearrn.x2.gp_hi                          3.63
xsearrn.x2.gp_lo                          3.63
xsearrn.x1.bp                            1.815
xsearrn.x1.gp_in                          3.63
xsearrn.x1.gp_rel                  1.08676e-08
xsearrn.x1.gp_hi                          3.63
xsearrn.x1.gp_lo                          3.63
se_ibias                              0.678004
xsecmp.xpre.ptail                     0.965819
xsecmp.pon                             2.90521
xsecmp.preamp_in1                      1.81502
xsecmp.pop                             2.90521
xsecmp.preamp_in2                      1.81502
xsecmp.xpre.xrlp.11                    3.62972
xsecmp.xpre.xrlp.21                    2.90549
xsecmp.xpre.xrln.11                    3.62972
xsecmp.xpre.xrln.21                    2.90549
xsecmp.xlat.ltail                      2.23788
xsecmp.xlat.dip                           3.63
xsecmp.xlat.din                           3.63
xsecmp.outn                               3.63
xsecmp.outp                               3.63
xsecmp.sset                        1.89066e-08
xsecmp.srst                        1.89066e-08
xsecmp.xno1.ps                         3.35096
se_cmpb                                1.49495
xsecmp.xno2.ps                         3.35096
se_dacp                           -1.11022e-16
se_dacn                           -1.11022e-16
se_di                                        0
se_err                             4.65472e-14
se_aerrh                                     0
se_code                                      0
seph                                      3.63
bseph#branch                                 0
bsecode#branch                               0
bseea#branch                                 0
bsee#branch                                  0
bsedi#branch                                 0
bsedacn#branch                               0
bsedacp#branch                               0
lref#branch                        1.75461e-09
v.xsecmp.vpn#branch               -8.75009e-28
v.xsecmp.vpp#branch               -6.87003e-28
vsemode#branch                               0
vsestart#branch                              0
vsevinn#branch                     3.60668e-16
vsein#branch                       3.60668e-16
vcms#branch                          -1.44e-08
vrefs#branch                      -1.75461e-09
vddc#branch                       -0.000701437
vddd#branch                       -8.46747e-09
vddt#branch                       -2.95773e-10
vcmpclkb#branch                              0
vcmpclk#branch                               0
vclk#branch                                  0
a.xsectrl.a_gn#branch_1_0                    0
a.xsectrl.a_gn#branch_1_1                    0
a.xsectrl.a_gn#branch_1_2                    0
a.xsectrl.a_gn#branch_1_3                    0
a.xsectrl.a_gn#branch_1_4                    0
a.xsectrl.a_gn#branch_1_5                    0
a.xsectrl.a_gn#branch_1_6                    0
a.xsectrl.a_gn#branch_1_7                    0
a.xsectrl.a_gn#branch_1_8                    0
a.xsectrl.a_gn#branch_1_9                    0
a.xsectrl.a_gn#branch_1_10                   0
a.xsectrl.a_gn#branch_1_11                   0
a.xsectrl.a_gn#branch_1_12                   0
a.xsectrl.a_gn#branch_1_13                   0
a.xsectrl.a_gn#branch_1_14                   0
a.xsectrl.a_gn#branch_1_15                   0
a.xsectrl.a_gn#branch_1_16                   0
a.xsectrl.a_gn#branch_1_17                   0
a.xsectrl.a_gn#branch_1_18                   0
a.xsectrl.a_gn#branch_1_19                   0
a.xsectrl.a_gn#branch_1_20                   0
a.xsectrl.a_gn#branch_1_21                   0
a.xsectrl.a_gn#branch_1_22                   0
a.xsectrl.a_gn#branch_1_23                   0
a.xsectrl.a_gn#branch_1_24                   0
a.xsectrl.a_gn#branch_1_25                   0
a.xsectrl.a_gn#branch_1_26                   0
a.xsectrl.a_gn#branch_1_27                   0
a.xsectrl.a_gn#branch_1_28                   0
a.xsectrl.a_gn#branch_1_29                   0
a.xsectrl.a_gn#branch_1_30                   0
a.xsectrl.a_gn#branch_1_31                   0
a.xsectrl.a_gn#branch_1_32                   0
a.xsectrl.a_gn#branch_1_33                   0
a.xsectrl.a_gn#branch_1_34                   0
a.xsectrl.a_gn#branch_1_35                   0
a.xsectrl.a_gn#branch_1_36                   0
a.xsectrl.a_gn#branch_1_37                   0
a.xsectrl.a_gn#branch_1_38                   0
a.xsectrl.a_gn#branch_1_39                   0
a.xsectrl.a_gn#branch_1_40                   0
a.xsectrl.a_gn#branch_1_41                   0
a.xsectrl.a_gn#branch_1_42                   0
a.xsectrl.a_gn#branch_1_43                   0
a.xsectrl.a_gn#branch_1_44                   0
a.xsectrl.a_gn#branch_1_45                   0
a.xsectrl.a_gn#branch_1_46                   0
a.xsectrl.a_gn#branch_1_47                   0
a.xsectrl.a_gn#branch_1_48                   0
a.xsectrl.a_gn#branch_1_49                   0
a.xsectrl.a_gn#branch_1_50                   0
a.xsectrl.a_gn#branch_1_51                   0
a.xsectrl.a_gn#branch_1_52                   0
a.xsectrl.a_gn#branch_1_53                   0
a.xsectrl.a_dout#branch_1_0                  0
a.xsectrl.a_dout#branch_1_1                  0
a.xsectrl.a_dout#branch_1_2                  0
a.xsectrl.a_dout#branch_1_3                  0
a.xsectrl.a_dout#branch_1_4                  0
a.xsectrl.a_dout#branch_1_5                  0
a.xsectrl.a_dout#branch_1_6                  0
a.xsectrl.a_dout#branch_1_7                  0
a.xsectrl.a_dout#branch_1_8                  0
a.xsectrl.a_dout#branch_1_9                  0
a.xsectrl.a_dout#branch_1_10                 0
a.xsectrl.a_dout#branch_1_11                 0
a.xsectrl.a_dout#branch_1_12                 0

 Reference value :  0.00000e+00
 Reference value :  3.12862e-08
 Reference value :  6.29839e-08
 Reference value :  1.25215e-07
 Reference value :  1.72642e-07
 Reference value :  2.18852e-07
 Reference value :  2.52866e-07
 Reference value :  3.12681e-07
 Reference value :  3.43950e-07
 Reference value :  3.77521e-07
 Reference value :  4.37700e-07
 Reference value :  4.68955e-07
 Reference value :  5.02783e-07
 Reference value :  5.62916e-07
 Reference value :  5.95261e-07
 Reference value :  6.56270e-07
 Reference value :  6.89931e-07
 Reference value :  7.50200e-07
 Reference value :  7.81569e-07
 Reference value :  8.33806e-07
 Reference value :  8.77287e-07
 Reference value :  9.15489e-07
 Reference value :  9.69416e-07
 Reference value :  1.00267e-06
 Reference value :  1.03216e-06
 Reference value :  1.09450e-06
 Reference value :  1.15677e-06
 Reference value :  1.18999e-06
 Reference value :  1.22000e-06
 Reference value :  1.28135e-06
 Reference value :  1.31333e-06
 Reference value :  1.34431e-06
 Reference value :  1.38194e-06
 Reference value :  1.43977e-06
 Reference value :  1.50001e-06
 Reference value :  1.53136e-06
 Reference value :  1.56700e-06
 Reference value :  1.62748e-06
 Reference value :  1.68765e-06
 Reference value :  1.71912e-06
 Reference value :  1.77683e-06
 Reference value :  1.81493e-06
 Reference value :  1.87577e-06
 Reference value :  1.90695e-06
 Reference value :  1.96929e-06
 Reference value :  2.00247e-06
 Reference value :  2.03179e-06
 Reference value :  2.09406e-06
 Reference value :  2.15653e-06
 Reference value :  2.21879e-06
 Reference value :  2.25285e-06
 Reference value :  2.31263e-06
 Reference value :  2.34385e-06
 Reference value :  2.37727e-06
 Reference value :  2.42170e-06
 Reference value :  2.46883e-06
 Reference value :  2.50273e-06
 Reference value :  2.56300e-06
 Reference value :  2.59421e-06
 Reference value :  2.62768e-06
 Reference value :  2.68811e-06
 Reference value :  2.75003e-06
 Reference value :  2.78139e-06
 Reference value :  2.83739e-06
 Reference value :  2.87755e-06
 Reference value :  2.93760e-06
 Reference value :  2.99808e-06
 Reference value :  3.00896e-06
 Reference value :  3.07373e-06
 Reference value :  3.13824e-06
 Reference value :  3.18978e-06
 Reference value :  3.25010e-06
 Reference value :  3.28145e-06
 Reference value :  3.31507e-06
 Reference value :  3.37519e-06
 Reference value :  3.40646e-06
 Reference value :  3.44003e-06
 Reference value :  3.50003e-06
 Reference value :  3.53134e-06
 Reference value :  3.56490e-06
 Reference value :  3.62510e-06
 Reference value :  3.65645e-06
 Reference value :  3.68994e-06
 Reference value :  3.72295e-06
 Reference value :  3.78134e-06
 Reference value :  3.81512e-06
 Reference value :  3.87519e-06
 Reference value :  3.90646e-06
 Reference value :  3.96881e-06
 Reference value :  4.00257e-06
 Reference value :  4.06263e-06
 Reference value :  4.12520e-06
 Reference value :  4.18835e-06
 Reference value :  4.25016e-06
 Reference value :  4.28162e-06
 Reference value :  4.31520e-06
 Reference value :  4.37519e-06
 Reference value :  4.40641e-06
 Reference value :  4.44012e-06
 Reference value :  4.50019e-06
 Reference value :  4.53148e-06
 Reference value :  4.57701e-06
 Reference value :  4.62744e-06
 Reference value :  4.67479e-06
 Reference value :  4.71883e-06
 Reference value :  4.75117e-06
 Reference value :  4.78218e-06
 Reference value :  4.84375e-06
 Reference value :  4.87548e-06
 Reference value :  4.90663e-06
 Reference value :  4.96884e-06
 Reference value :  5.00261e-06
 Reference value :  5.06260e-06
 Reference value :  5.12506e-06
 Reference value :  5.18760e-06
 Reference value :  5.21896e-06
 Reference value :  5.26583e-06
 Reference value :  5.31299e-06
 Reference value :  5.34429e-06
 Reference value :  5.38998e-06
 Reference value :  5.43977e-06
 Reference value :  5.46970e-06
 Reference value :  5.50752e-06
 Reference value :  5.56286e-06
 Reference value :  5.59395e-06
 Reference value :  5.62745e-06
 Reference value :  5.68770e-06
 Reference value :  5.71909e-06
 Reference value :  5.76293e-06
 Reference value :  5.81282e-06
 Reference value :  5.84495e-06
 Reference value :  5.88201e-06
 Reference value :  5.93789e-06
 Reference value :  6.00031e-06
 Reference value :  6.03135e-06
 Reference value :  6.09383e-06
 Reference value :  6.15634e-06
 Reference value :  6.19032e-06
 Reference value :  6.25267e-06
 Reference value :  6.29665e-06
 Reference value :  6.34380e-06
 Reference value :  6.37592e-06
 Reference value :  6.42920e-06
 Reference value :  6.46881e-06
 Reference value :  6.50255e-06
 Reference value :  6.56262e-06
 Reference value :  6.59385e-06
 Reference value :  6.62731e-06
 Reference value :  6.65723e-06
 Reference value :  6.70178e-06
 Reference value :  6.75226e-06
 Reference value :  6.81067e-06
 Reference value :  6.84387e-06
 Reference value :  6.87727e-06
 Reference value :  6.90671e-06
 Reference value :  6.96886e-06
 Reference value :  7.00257e-06
 Reference value :  7.03197e-06
 Reference value :  7.09429e-06
 Reference value :  7.15670e-06
 Reference value :  7.21883e-06
 Reference value :  7.25303e-06
 Reference value :  7.31297e-06
 Reference value :  7.34413e-06
 Reference value :  7.37760e-06
 Reference value :  7.43792e-06
 Reference value :  7.46985e-06
 Reference value :  7.51809e-06
 Reference value :  7.56477e-06
 Reference value :  7.60488e-06
 Reference value :  7.65631e-06
 Reference value :  7.69002e-06
 Reference value :  7.75028e-06
 Reference value :  7.78212e-06
 Reference value :  7.84383e-06
 Reference value :  7.87751e-06
 Reference value :  7.92102e-06
 Reference value :  7.96940e-06
 Reference value :  8.00295e-06
 Reference value :  8.06260e-06
 Reference value :  8.12501e-06
 Reference value :  8.17565e-06
 Reference value :  8.21885e-06
 Reference value :  8.25297e-06
 Reference value :  8.31272e-06
 Reference value :  8.34403e-06
 Reference value :  8.37749e-06
 Reference value :  8.43769e-06
 Reference value :  8.46886e-06
 Reference value :  8.50262e-06
 Reference value :  8.56256e-06
 Reference value :  8.59381e-06
 Reference value :  8.62575e-06
 Reference value :  8.65680e-06
 Reference value :  8.69063e-06
 Reference value :  8.75227e-06
 Reference value :  8.81253e-06
 Reference value :  8.84400e-06
 Reference value :  8.87764e-06
 Reference value :  8.93765e-06
 Reference value :  8.98711e-06
 Reference value :  9.00301e-06
 Reference value :  9.06260e-06
 Reference value :  9.11928e-06
 Reference value :  9.16372e-06
 Reference value :  9.21884e-06
 Reference value :  9.25293e-06
 Reference value :  9.31270e-06
 Reference value :  9.34396e-06
 Reference value :  9.37752e-06
 Reference value :  9.43768e-06
 Reference value :  9.46889e-06
 Reference value :  9.50244e-06
 Reference value :  9.53229e-06
 Reference value :  9.57637e-06
 Reference value :  9.62553e-06
 Reference value :  9.65704e-06
 Reference value :  9.71880e-06
 Reference value :  9.75244e-06
 Reference value :  9.81263e-06
 Reference value :  9.84393e-06
 Reference value :  9.87727e-06
 Reference value :  9.90667e-06
 Reference value :  9.96885e-06
 Reference value :  1.00026e-05
 Reference value :  1.00318e-05
 Reference value :  1.00939e-05
 Reference value :  1.01564e-05
 Reference value :  1.01936e-05
 Reference value :  1.02509e-05
 Reference value :  1.03125e-05
 Reference value :  1.03438e-05
 Reference value :  1.03756e-05
 Reference value :  1.04067e-05
 Reference value :  1.04403e-05
 Reference value :  1.05002e-05
 Reference value :  1.05314e-05
 Reference value :  1.05765e-05
 Reference value :  1.06273e-05
 Reference value :  1.06568e-05
 Reference value :  1.07004e-05
 Reference value :  1.07504e-05
 Reference value :  1.07817e-05
 Reference value :  1.08151e-05
 Reference value :  1.08757e-05
 Reference value :  1.09069e-05
 Reference value :  1.09692e-05
 Reference value :  1.10029e-05
 Reference value :  1.10626e-05
 Reference value :  1.11250e-05
 Reference value :  1.11856e-05
 Reference value :  1.12189e-05
 Reference value :  1.12534e-05
 Reference value :  1.13148e-05
 Reference value :  1.13446e-05
 Reference value :  1.14063e-05
 Reference value :  1.14386e-05
 Reference value :  1.14692e-05
 Reference value :  1.15026e-05
 Reference value :  1.15626e-05
 Reference value :  1.15939e-05
 Reference value :  1.16276e-05
 Reference value :  1.16880e-05
 Reference value :  1.17192e-05
 Reference value :  1.17527e-05
 Reference value :  1.18131e-05
 Reference value :  1.18551e-05
 Reference value :  1.19063e-05
 Reference value :  1.19384e-05
 Reference value :  1.20005e-05
 Reference value :  1.20313e-05
 Reference value :  1.20939e-05
 Reference value :  1.21563e-05
 Reference value :  1.22131e-05
 Reference value :  1.22527e-05
 Reference value :  1.23126e-05
 Reference value :  1.23438e-05
 Reference value :  1.23763e-05
 Reference value :  1.24068e-05
 Reference value :  1.24484e-05
 Reference value :  1.25011e-05
 Reference value :  1.25338e-05
 Reference value :  1.25938e-05
 Reference value :  1.26256e-05
 Reference value :  1.26573e-05
 Reference value :  1.27189e-05
 Reference value :  1.27525e-05
 Reference value :  1.28125e-05
 Reference value :  1.28440e-05
 Reference value :  1.28776e-05
 Reference value :  1.29378e-05
 Reference value :  1.30002e-05
 Reference value :  1.30313e-05
 Reference value :  1.30938e-05
 Reference value :  1.31260e-05
 Reference value :  1.31879e-05
 Reference value :  1.32317e-05
 Reference value :  1.32813e-05
 Reference value :  1.33151e-05
 Reference value :  1.33773e-05
 Reference value :  1.34376e-05
 Reference value :  1.34694e-05
 Reference value :  1.35313e-05
 Reference value :  1.35650e-05
 Reference value :  1.36256e-05
 Reference value :  1.36577e-05
 Reference value :  1.37191e-05
 Reference value :  1.37813e-05
 Reference value :  1.38151e-05
 Reference value :  1.38757e-05
 Reference value :  1.39376e-05
 Reference value :  1.40000e-05
 Reference value :  1.40146e-05
 Reference value :  1.40719e-05
 Reference value :  1.41273e-05
 Reference value :  1.41898e-05
 Reference value :  1.42503e-05
 Reference value :  1.42819e-05
 Reference value :  1.43438e-05
 Reference value :  1.43775e-05
 Reference value :  1.44377e-05
 Reference value :  1.44690e-05
 Reference value :  1.45210e-05
 Reference value :  1.45648e-05
 Reference value :  1.46250e-05
 Reference value :  1.46568e-05
 Reference value :  1.47188e-05
 Reference value :  1.47528e-05
 Reference value :  1.48148e-05
 Reference value :  1.48750e-05
 Reference value :  1.49063e-05
 Reference value :  1.49390e-05
 Reference value :  1.50005e-05
 Reference value :  1.50314e-05
 Reference value :  1.50939e-05
 Reference value :  1.51563e-05
 Reference value :  1.51899e-05
 Reference value :  1.52516e-05
 Reference value :  1.53125e-05
 Reference value :  1.53439e-05
 Reference value :  1.53775e-05
 Reference value :  1.54356e-05
 Reference value :  1.54688e-05
 Reference value :  1.55007e-05
 Reference value :  1.55320e-05
 Reference value :  1.55870e-05
 Reference value :  1.56266e-05
 Reference value :  1.56760e-05
 Reference value :  1.57189e-05
 Reference value :  1.57526e-05
 Reference value :  1.58128e-05
 Reference value :  1.58750e-05
 Reference value :  1.59064e-05
 Reference value :  1.59692e-05
 Reference value :  1.60029e-05
 Reference value :  1.60627e-05
 Reference value :  1.61228e-05
 Reference value :  1.61717e-05
 Reference value :  1.62189e-05
 Reference value :  1.62533e-05
 Reference value :  1.63131e-05
 Reference value :  1.63627e-05
 Reference value :  1.64064e-05
 Reference value :  1.64399e-05
 Reference value :  1.64906e-05
 Reference value :  1.65315e-05
 Reference value :  1.65938e-05
 Reference value :  1.66276e-05
 Reference value :  1.66879e-05
 Reference value :  1.67380e-05
 Reference value :  1.67816e-05
 Reference value :  1.68150e-05
 Reference value :  1.68752e-05
 Reference value :  1.69065e-05
 Reference value :  1.69688e-05
 Reference value :  1.70026e-05
 Reference value :  1.70625e-05
 Reference value :  1.71251e-05
 Reference value :  1.71877e-05
 Reference value :  1.72277e-05
 Reference value :  1.72813e-05
 Reference value :  1.73150e-05
 Reference value :  1.73753e-05
 Reference value :  1.74064e-05
 Reference value :  1.74414e-05
 Reference value :  1.75002e-05
 Reference value :  1.75314e-05
 Reference value :  1.75651e-05
 Reference value :  1.76252e-05
 Reference value :  1.76565e-05
 Reference value :  1.76901e-05
 Reference value :  1.77503e-05
 Reference value :  1.77816e-05
 Reference value :  1.78184e-05
 Reference value :  1.78752e-05
 Reference value :  1.79064e-05
 Reference value :  1.79535e-05
 Reference value :  1.80023e-05
 Reference value :  1.80315e-05
 Reference value :  1.80940e-05
 Reference value :  1.81563e-05
 Reference value :  1.81900e-05
 Reference value :  1.82503e-05
 Reference value :  1.82818e-05
 Reference value :  1.83438e-05
 Reference value :  1.83774e-05
 Reference value :  1.84376e-05
 Reference value :  1.84689e-05
 Reference value :  1.85023e-05
 Reference value :  1.85318e-05
 Reference value :  1.85656e-05
 Reference value :  1.86252e-05
 Reference value :  1.86566e-05
 Reference value :  1.87006e-05
 Reference value :  1.87504e-05
 Reference value :  1.87821e-05
 Reference value :  1.88438e-05
 Reference value :  1.88756e-05
 Reference value :  1.89067e-05
 Reference value :  1.89689e-05
 Reference value :  1.90025e-05
 Reference value :  1.90322e-05
 Reference value :  1.90943e-05
 Reference value :  1.91564e-05
 Reference value :  1.91902e-05
 Reference value :  1.92516e-05
 Reference value :  1.93126e-05
 Reference value :  1.93439e-05
 Reference value :  1.93775e-05
 Reference value :  1.94377e-05
 Reference value :  1.94690e-05
 Reference value :  1.95025e-05
 Reference value :  1.95626e-05
 Reference value :  1.95938e-05
 Reference value :  1.96275e-05
 Reference value :  1.96877e-05
 Reference value :  1.97189e-05
 Reference value :  1.97524e-05
 Reference value :  1.97895e-05
 Reference value :  1.98438e-05
 Reference value :  1.98754e-05
 Reference value :  1.99080e-05
 Reference value :  2.00001e-05
 Reference value :  2.00313e-05
 Reference value :  2.00939e-05
 Reference value :  2.01563e-05
 Reference value :  2.01897e-05
 Reference value :  2.02501e-05
 Reference value :  2.02814e-05
 Reference value :  2.03153e-05
 Reference value :  2.03754e-05
 Reference value :  2.04069e-05
 Reference value :  2.04429e-05
 Reference value :  2.05009e-05
 Reference value :  2.05318e-05
 Reference value :  2.05770e-05
 Reference value :  2.06273e-05
 Reference value :  2.06568e-05
 Reference value :  2.06903e-05
 Reference value :  2.07502e-05
 Reference value :  2.07815e-05
 Reference value :  2.08148e-05
 Reference value :  2.08521e-05
 Reference value :  2.09063e-05
 Reference value :  2.09380e-05
 Reference value :  2.10003e-05
 Reference value :  2.10313e-05
 Reference value :  2.10938e-05
 Reference value :  2.11563e-05
 Reference value :  2.11881e-05
 Reference value :  2.12222e-05
 Reference value :  2.12814e-05
 Reference value :  2.13151e-05
 Reference value :  2.13754e-05
 Reference value :  2.14067e-05
 Reference value :  2.14408e-05
 Reference value :  2.15005e-05
 Reference value :  2.15316e-05
 Reference value :  2.15650e-05
 Reference value :  2.16221e-05
 Reference value :  2.16563e-05
 Reference value :  2.16882e-05
 Reference value :  2.17194e-05
 Reference value :  2.17574e-05
 Reference value :  2.18127e-05
 Reference value :  2.18441e-05
 Reference value :  2.18775e-05
 Reference value :  2.19377e-05
 Reference value :  2.20000e-05
 Reference value :  2.20043e-05
 Reference value :  2.20641e-05
 Reference value :  2.21260e-05
 Reference value :  2.21882e-05
 Reference value :  2.22196e-05
 Reference value :  2.22813e-05
 Reference value :  2.23139e-05
 Reference value :  2.23631e-05
 Reference value :  2.24064e-05
 Reference value :  2.24401e-05
 Reference value :  2.25001e-05
 Reference value :  2.25314e-05
 Reference value :  2.25650e-05
 Reference value :  2.25946e-05
 Reference value :  2.26544e-05
 Reference value :  2.26898e-05
 Reference value :  2.27500e-05
 Reference value :  2.27813e-05
 Reference value :  2.28148e-05
 Reference value :  2.28708e-05
 Reference value :  2.29063e-05
 Reference value :  2.29382e-05
 Reference value :  2.30003e-05
 Reference value :  2.30313e-05
 Reference value :  2.30938e-05
 Reference value :  2.31563e-05
 Reference value :  2.31899e-05
 Reference value :  2.32500e-05
 Reference value :  2.32814e-05
 Reference value :  2.33150e-05
 Reference value :  2.33753e-05
 Reference value :  2.34066e-05
 Reference value :  2.34409e-05
 Reference value :  2.35006e-05
 Reference value :  2.35316e-05
 Reference value :  2.35650e-05
 Reference value :  2.36251e-05
 Reference value :  2.36563e-05
 Reference value :  2.36901e-05
 Reference value :  2.37506e-05
 Reference value :  2.37934e-05
 Reference value :  2.38438e-05
 Reference value :  2.38758e-05
 Reference value :  2.39069e-05
 Reference value :  2.39689e-05
 Reference value :  2.40026e-05
 Reference value :  2.40626e-05
 Reference value :  2.41251e-05
 Reference value :  2.41875e-05
 Reference value :  2.42190e-05
 Reference value :  2.42632e-05
 Reference value :  2.43129e-05
 Reference value :  2.43529e-05
 Reference value :  2.44063e-05
 Reference value :  2.44400e-05
 Reference value :  2.45002e-05
 Reference value :  2.45316e-05
 Reference value :  2.45651e-05
 Reference value :  2.46250e-05
 Reference value :  2.46563e-05
 Reference value :  2.46902e-05
 Reference value :  2.47506e-05
 Reference value :  2.47818e-05
 Reference value :  2.48306e-05
 Reference value :  2.48760e-05
 Reference value :  2.49068e-05
 Reference value :  2.49689e-05
 Reference value :  2.50027e-05
 Reference value :  2.50625e-05
 Reference value :  2.51222e-05
 Reference value :  2.51875e-05
 Reference value :  2.52190e-05
 Reference value :  2.52757e-05
 Reference value :  2.53131e-05
 Reference value :  2.53750e-05
 Reference value :  2.54064e-05
 Reference value :  2.54400e-05
 Reference value :  2.55002e-05
 Reference value :  2.55314e-05
 Reference value :  2.55648e-05
 Reference value :  2.55948e-05
 Reference value :  2.56563e-05
 Reference value :  2.56881e-05
 Reference value :  2.57194e-05
 Reference value :  2.57813e-05
 Reference value :  2.58130e-05
 Reference value :  2.58444e-05
 Reference value :  2.58782e-05
 Reference value :  2.59381e-05
 Reference value :  2.60003e-05
 Reference value :  2.60313e-05
 Reference value :  2.60939e-05
 Reference value :  2.61565e-05
 Reference value :  2.62151e-05
 Reference value :  2.62529e-05
 Reference value :  2.63126e-05
 Reference value :  2.63440e-05
 Reference value :  2.63809e-05
 Reference value :  2.64377e-05
 Reference value :  2.64690e-05
 Reference value :  2.65042e-05
 Reference value :  2.65628e-05
 Reference value :  2.65940e-05
 Reference value :  2.66299e-05
 Reference value :  2.66877e-05
 Reference value :  2.67192e-05
 Reference value :  2.67527e-05
 Reference value :  2.68126e-05
 Reference value :  2.68441e-05
 Reference value :  2.68776e-05
 Reference value :  2.69377e-05
 Reference value :  2.70001e-05
 Reference value :  2.70256e-05
 Reference value :  2.70938e-05
 Reference value :  2.71563e-05
 Reference value :  2.72169e-05
 Reference value :  2.72528e-05
 Reference value :  2.73126e-05
 Reference value :  2.73440e-05
 Reference value :  2.73864e-05
 Reference value :  2.74398e-05
 Reference value :  2.74695e-05
 Reference value :  2.75204e-05
 Reference value :  2.75630e-05
 Reference value :  2.75987e-05
 Reference value :  2.76563e-05
 Reference value :  2.76900e-05
 Reference value :  2.77500e-05
 Reference value :  2.77815e-05
 Reference value :  2.78151e-05
 Reference value :  2.78752e-05
 Reference value :  2.79065e-05
 Reference value :  2.79689e-05
 Reference value :  2.80029e-05
 Reference value :  2.80628e-05
 Reference value :  2.81254e-05
 Reference value :  2.81880e-05
 Reference value :  2.82500e-05
 Reference value :  2.82814e-05
 Reference value :  2.83149e-05
 Reference value :  2.83751e-05
 Reference value :  2.84064e-05
 Reference value :  2.84403e-05
 Reference value :  2.85002e-05
 Reference value :  2.85314e-05
 Reference value :  2.85650e-05
 Reference value :  2.86199e-05
 Reference value :  2.86563e-05
 Reference value :  2.86900e-05
 Reference value :  2.87501e-05
 Reference value :  2.87814e-05
 Reference value :  2.88151e-05
 Reference value :  2.88752e-05
 Reference value :  2.89065e-05
 Reference value :  2.89655e-05
 Reference value :  2.90023e-05
 Reference value :  2.90318e-05
 Reference value :  2.90944e-05
 Reference value :  2.91567e-05
 Reference value :  2.92189e-05
 Reference value :  2.92813e-05
 Reference value :  2.93151e-05
 Reference value :  2.93754e-05
 Reference value :  2.94216e-05
 Reference value :  2.94690e-05
 Reference value :  2.95026e-05
 Reference value :  2.95628e-05
 Reference value :  2.95943e-05
 Reference value :  2.96490e-05
 Reference value :  2.96881e-05
 Reference value :  2.97360e-05
 Reference value :  2.97815e-05
 Reference value :  2.98150e-05
 Reference value :  2.98751e-05
 Reference value :  2.99064e-05
 Reference value :  2.99689e-05
 Reference value :  3.00028e-05
 Reference value :  3.00626e-05
 Reference value :  3.01251e-05
 Reference value :  3.01876e-05
 Reference value :  3.02193e-05
 Reference value :  3.02813e-05
 Reference value :  3.03137e-05
 Reference value :  3.03751e-05
 Reference value :  3.04064e-05
 Reference value :  3.04400e-05
 Reference value :  3.04924e-05
 Reference value :  3.05313e-05
 Reference value :  3.05650e-05
 Reference value :  3.06251e-05
 Reference value :  3.06566e-05
 Reference value :  3.06901e-05
 Reference value :  3.07504e-05
 Reference value :  3.07819e-05
 Reference value :  3.08421e-05
 Reference value :  3.08755e-05
 Reference value :  3.09068e-05
 Reference value :  3.09690e-05
 Reference value :  3.10029e-05
 Reference value :  3.10630e-05
 Reference value :  3.11257e-05
 Reference value :  3.11901e-05
 Reference value :  3.12529e-05
 Reference value :  3.13127e-05
 Reference value :  3.13751e-05
 Reference value :  3.14065e-05
 Reference value :  3.14404e-05
 Reference value :  3.15007e-05
 Reference value :  3.15322e-05
 Reference value :  3.15920e-05
 Reference value :  3.16266e-05
 Reference value :  3.16876e-05
 Reference value :  3.17190e-05
 Reference value :  3.17814e-05
 Reference value :  3.18358e-05
 Reference value :  3.18775e-05
 Reference value :  3.19382e-05
 Reference value :  3.20025e-05
 Reference value :  3.20625e-05
 Reference value :  3.21254e-05
 Reference value :  3.21900e-05
 Reference value :  3.22506e-05
 Reference value :  3.22827e-05
 Reference value :  3.23438e-05
 Reference value :  3.23775e-05
 Reference value :  3.24376e-05
 Reference value :  3.24688e-05
 Reference value :  3.25027e-05
 Reference value :  3.25626e-05
 Reference value :  3.25939e-05
 Reference value :  3.26274e-05
 Reference value :  3.26688e-05
 Reference value :  3.27189e-05
 Reference value :  3.27532e-05
 Reference value :  3.28148e-05
 Reference value :  3.28751e-05
 Reference value :  3.29064e-05
 Reference value :  3.29688e-05
 Reference value :  3.30027e-05
 Reference value :  3.30626e-05
 Reference value :  3.31252e-05
 Reference value :  3.31879e-05
 Reference value :  3.32500e-05
 Reference value :  3.32814e-05
 Reference value :  3.33150e-05
 Reference value :  3.33754e-05
 Reference value :  3.34067e-05
 Reference value :  3.34415e-05
 Reference value :  3.35011e-05
 Reference value :  3.35586e-05
 Reference value :  3.35939e-05
 Reference value :  3.36277e-05
 Reference value :  3.36878e-05
 Reference value :  3.37192e-05
 Reference value :  3.37747e-05
 Reference value :  3.38150e-05
 Reference value :  3.38754e-05
 Reference value :  3.39068e-05
 Reference value :  3.39689e-05
 Reference value :  3.40029e-05
 Reference value :  3.40631e-05
 Reference value :  3.41382e-05
 Reference value :  3.41898e-05
 Reference value :  3.42503e-05
 Reference value :  3.42817e-05
 Reference value :  3.43186e-05
 Reference value :  3.43754e-05
 Reference value :  3.44067e-05
 Reference value :  3.44498e-05
 Reference value :  3.45023e-05
 Reference value :  3.45396e-05
 Reference value :  3.45938e-05
 Reference value :  3.46274e-05
 Reference value :  3.46876e-05
 Reference value :  3.47189e-05
 Reference value :  3.47543e-05
 Reference value :  3.48137e-05
 Reference value :  3.48532e-05
 Reference value :  3.49063e-05
 Reference value :  3.49535e-05
 Reference value :  3.50025e-05
 Reference value :  3.50570e-05
 Reference value :  3.51250e-05
 Reference value :  3.51876e-05
 Reference value :  3.52192e-05
 Reference value :  3.52813e-05
 Reference value :  3.53148e-05
 Reference value :  3.53540e-05
 Reference value :  3.54063e-05
 Reference value :  3.54398e-05
 Reference value :  3.54696e-05
 Reference value :  3.55214e-05
 Reference value :  3.55631e-05
 Reference value :  3.56082e-05
 Reference value :  3.56563e-05
 Reference value :  3.56899e-05
 Reference value :  3.57501e-05
 Reference value :  3.57815e-05
 Reference value :  3.58203e-05
 Reference value :  3.58754e-05
 Reference value :  3.59066e-05
 Reference value :  3.59688e-05
 Reference value :  3.60026e-05
 Reference value :  3.60625e-05
 Reference value :  3.61251e-05
 Reference value :  3.61876e-05
 Reference value :  3.62190e-05
 Reference value :  3.62570e-05
 Reference value :  3.63129e-05
 Reference value :  3.63442e-05
 Reference value :  3.63778e-05
 Reference value :  3.64377e-05
 Reference value :  3.64690e-05
 Reference value :  3.65119e-05
 Reference value :  3.65650e-05
 Reference value :  3.66254e-05
 Reference value :  3.66567e-05
 Reference value :  3.66901e-05
 Reference value :  3.67502e-05
 Reference value :  3.67816e-05
 Reference value :  3.68151e-05
 Reference value :  3.68752e-05
 Reference value :  3.69065e-05
 Reference value :  3.69688e-05
 Reference value :  3.70025e-05
 Reference value :  3.70489e-05
 Reference value :  3.71212e-05
 Reference value :  3.71876e-05
 Reference value :  3.72220e-05
 Reference value :  3.72813e-05
 Reference value :  3.73148e-05
 Reference value :  3.73452e-05
 Reference value :  3.74063e-05
 Reference value :  3.74401e-05
 Reference value :  3.75000e-05
 Reference value :  3.75313e-05
 Reference value :  3.75648e-05
 Reference value :  3.76251e-05
 Reference value :  3.76563e-05
 Reference value :  3.76965e-05
 Reference value :  3.77524e-05
 Reference value :  3.78009e-05
 Reference value :  3.78439e-05
 Reference value :  3.78779e-05
 Reference value :  3.79376e-05
 Reference value :  3.79861e-05
 Reference value :  3.80031e-05
 Reference value :  3.80697e-05
 Reference value :  3.81462e-05
 Reference value :  3.81900e-05
 Reference value :  3.82504e-05
 Reference value :  3.82821e-05
 Reference value :  3.83438e-05
 Reference value :  3.83756e-05
 Reference value :  3.84355e-05
 Reference value :  3.84688e-05
 Reference value :  3.85026e-05
 Reference value :  3.85626e-05
 Reference value :  3.85939e-05
 Reference value :  3.86274e-05
 Reference value :  3.86743e-05
 Reference value :  3.87190e-05
 Reference value :  3.87814e-05
 Reference value :  3.88438e-05
 Reference value :  3.88775e-05
 Reference value :  3.89319e-05
 Reference value :  3.89724e-05
 Reference value :  3.90034e-05
 Reference value :  3.90717e-05
 Reference value :  3.91462e-05
 Reference value :  3.91899e-05
 Reference value :  3.92504e-05
 Reference value :  3.93028e-05
 Reference value :  3.93440e-05
 Reference value :  3.93777e-05
 Reference value :  3.94382e-05
 Reference value :  3.95002e-05
 Reference value :  3.95318e-05
 Reference value :  3.95938e-05
 Reference value :  3.96275e-05
 Reference value :  3.96877e-05
 Reference value :  3.97190e-05
 Reference value :  3.97598e-05
 Reference value :  3.98148e-05
 Reference value :  3.98750e-05
 Reference value :  3.99064e-05
 Reference value :  3.99537e-05
 Reference value :  4.00023e-05
 Reference value :  4.00317e-05
 Reference value :  4.00939e-05
 Reference value :  4.01564e-05
 Reference value :  4.01911e-05
 Reference value :  4.02511e-05
 Reference value :  4.03126e-05
 Reference value :  4.03439e-05
 Reference value :  4.03775e-05
 Reference value :  4.04377e-05
 Reference value :  4.04689e-05
 Reference value :  4.05034e-05
 Reference value :  4.05627e-05
 Reference value :  4.05940e-05
 Reference value :  4.06274e-05
 Reference value :  4.06805e-05
 Reference value :  4.07188e-05
 Reference value :  4.07525e-05
 Reference value :  4.08127e-05
 Reference value :  4.08445e-05
 Reference value :  4.09036e-05
 Reference value :  4.09396e-05
 Reference value :  4.10007e-05
 Reference value :  4.10314e-05
 Reference value :  4.10938e-05
 Reference value :  4.11563e-05
 Reference value :  4.11901e-05
 Reference value :  4.12527e-05
 Reference value :  4.13127e-05
 Reference value :  4.13441e-05
 Reference value :  4.13776e-05
 Reference value :  4.14379e-05
 Reference value :  4.14691e-05
 Reference value :  4.15026e-05
 Reference value :  4.15625e-05
 Reference value :  4.15939e-05
 Reference value :  4.16274e-05
 Reference value :  4.16877e-05
 Reference value :  4.17190e-05
 Reference value :  4.17588e-05
 Reference value :  4.18134e-05
 Reference value :  4.18449e-05
 Reference value :  4.18785e-05
 Reference value :  4.19377e-05
 Reference value :  4.20001e-05
 Reference value :  4.20114e-05
 Reference value :  4.20630e-05
 Reference value :  4.21254e-05
 Reference value :  4.21879e-05
 Reference value :  4.22221e-05
 Reference value :  4.22813e-05
 Reference value :  4.23151e-05
 Reference value :  4.23751e-05
 Reference value :  4.24063e-05
 Reference value :  4.24400e-05
 Reference value :  4.25000e-05
 Reference value :  4.25313e-05
 Reference value :  4.25651e-05
 Reference value :  4.26252e-05
 Reference value :  4.26565e-05
 Reference value :  4.26900e-05
 Reference value :  4.27502e-05
 Reference value :  4.27816e-05
 Reference value :  4.28150e-05
 Reference value :  4.28753e-05
 Reference value :  4.29064e-05
 Reference value :  4.29575e-05
 Reference value :  4.30023e-05
 Reference value :  4.30315e-05
 Reference value :  4.30939e-05
 Reference value :  4.31564e-05
 Reference value :  4.32187e-05
 Reference value :  4.32528e-05
 Reference value :  4.33127e-05
 Reference value :  4.33440e-05
 Reference value :  4.33776e-05
 Reference value :  4.34376e-05
 Reference value :  4.34688e-05
 Reference value :  4.35023e-05
 Reference value :  4.35321e-05
 Reference value :  4.35826e-05
 Reference value :  4.36273e-05
 Reference value :  4.36857e-05
 Reference value :  4.37189e-05
 Reference value :  4.37524e-05
 Reference value :  4.38126e-05
 Reference value :  4.38441e-05
 Reference value :  4.38830e-05
 Reference value :  4.39380e-05
 Reference value :  4.40005e-05
 Reference value :  4.40314e-05
 Reference value :  4.40939e-05
 Reference value :  4.41440e-05
 Reference value :  4.41898e-05
 Reference value :  4.42502e-05
 Reference value :  4.42817e-05
 Reference value :  4.43193e-05
 Reference value :  4.43752e-05
 Reference value :  4.44066e-05
 Reference value :  4.44405e-05
 Reference value :  4.45024e-05
 Reference value :  4.45628e-05
 Reference value :  4.45942e-05
 Reference value :  4.46562e-05
 Reference value :  4.46925e-05
 Reference value :  4.47523e-05
 Reference value :  4.47820e-05
 Reference value :  4.48439e-05
 Reference value :  4.48775e-05
 Reference value :  4.49378e-05
 Reference value :  4.50011e-05
 Reference value :  4.50625e-05
 Reference value :  4.51251e-05
 Reference value :  4.51877e-05
 Reference value :  4.52198e-05
 Reference value :  4.52813e-05
 Reference value :  4.53150e-05
 Reference value :  4.53752e-05
 Reference value :  4.54067e-05
 Reference value :  4.54402e-05
 Reference value :  4.55005e-05
 Reference value :  4.55350e-05
 Reference value :  4.55938e-05
 Reference value :  4.56276e-05
 Reference value :  4.56876e-05
 Reference value :  4.57191e-05
 Reference value :  4.57526e-05
 Reference value :  4.58127e-05
 Reference value :  4.58443e-05
 Reference value :  4.58781e-05
 Reference value :  4.59377e-05
 Reference value :  4.60001e-05
 Reference value :  4.60230e-05
 Reference value :  4.60679e-05
 Reference value :  4.61258e-05
 Reference value :  4.61881e-05
 Reference value :  4.62501e-05
 Reference value :  4.62814e-05
 Reference value :  4.63166e-05
 Reference value :  4.63757e-05
 Reference value :  4.64068e-05
 Reference value :  4.64415e-05
 Reference value :  4.65023e-05
 Reference value :  4.65322e-05
 Reference value :  4.65765e-05
 Reference value :  4.66273e-05
 Reference value :  4.66781e-05
 Reference value :  4.67188e-05
 Reference value :  4.67525e-05
 Reference value :  4.68149e-05
 Reference value :  4.68773e-05
 Reference value :  4.69377e-05
 Reference value :  4.70002e-05
 Reference value :  4.70313e-05
 Reference value :  4.70938e-05
 Reference value :  4.71266e-05
 Reference value :  4.71898e-05
 Reference value :  4.72502e-05
 Reference value :  4.72818e-05
 Reference value :  4.73438e-05
 Reference value :  4.73775e-05
 Reference value :  4.74376e-05
 Reference value :  4.74689e-05
 Reference value :  4.75023e-05
 Reference value :  4.75411e-05
 Reference value :  4.75938e-05
 Reference value :  4.76258e-05
 Reference value :  4.76570e-05
 Reference value :  4.77018e-05
 Reference value :  4.77523e-05
 Reference value :  4.77821e-05
 Reference value :  4.78438e-05
 Reference value :  4.78774e-05
 Reference value :  4.79375e-05
 Reference value :  4.79801e-05
 Reference value :  4.80030e-05
 Reference value :  4.80632e-05
 Reference value :  4.81254e-05
 Reference value :  4.81877e-05
 Reference value :  4.82277e-05
 Reference value :  4.82813e-05
 Reference value :  4.83151e-05
 Reference value :  4.83753e-05
 Reference value :  4.84065e-05
 Reference value :  4.84400e-05
 Reference value :  4.85001e-05
 Reference value :  4.85314e-05
 Reference value :  4.85658e-05
 Reference value :  4.86257e-05
 Reference value :  4.86568e-05
 Reference value :  4.86961e-05
 Reference value :  4.87524e-05
 Reference value :  4.88126e-05
 Reference value :  4.88441e-05
 Reference value :  4.88776e-05
 Reference value :  4.89377e-05
 Reference value :  4.90003e-05
 Reference value :  4.90314e-05
 Reference value :  4.90940e-05
 Reference value :  4.91564e-05
 Reference value :  4.91908e-05
 Reference value :  4.92528e-05
 Reference value :  4.93127e-05
 Reference value :  4.93449e-05
 Reference value :  4.94049e-05
 Reference value :  4.94400e-05
 Reference value :  4.95002e-05
 Reference value :  4.95314e-05
 Reference value :  4.95696e-05
 Reference value :  4.96274e-05
 Reference value :  4.96570e-05
 Reference value :  4.97188e-05
 Reference value :  4.97526e-05
 Reference value :  4.98150e-05
 Reference value :  4.98751e-05
 Reference value :  4.99064e-05
 Reference value :  4.99688e-05
 Reference value :  5.00025e-05
 Reference value :  5.00526e-05
 Reference value :  5.01251e-05
 Reference value :  5.01877e-05
 Reference value :  5.02477e-05
 Reference value :  5.02814e-05
 Reference value :  5.03159e-05
 Reference value :  5.03766e-05
 Reference value :  5.04247e-05
 Reference value :  5.04689e-05
 Reference value :  5.05025e-05
 Reference value :  5.05626e-05
 Reference value :  5.05940e-05
 Reference value :  5.06275e-05
 Reference value :  5.06879e-05
 Reference value :  5.07193e-05
 Reference value :  5.07634e-05
 Reference value :  5.08148e-05
 Reference value :  5.08452e-05
 Reference value :  5.09063e-05
 Reference value :  5.09396e-05
 Reference value :  5.10023e-05
 Reference value :  5.10317e-05
 Reference value :  5.10943e-05
 Reference value :  5.11564e-05
 Reference value :  5.12169e-05
 Reference value :  5.12529e-05
 Reference value :  5.13129e-05
 Reference value :  5.13588e-05
 Reference value :  5.14063e-05
 Reference value :  5.14401e-05
 Reference value :  5.15002e-05
 Reference value :  5.15314e-05
 Reference value :  5.15651e-05
 Reference value :  5.16262e-05
 Reference value :  5.16876e-05
 Reference value :  5.17190e-05
 Reference value :  5.17525e-05
 Reference value :  5.18127e-05
 Reference value :  5.18441e-05
 Reference value :  5.18776e-05
 Reference value :  5.19377e-05
 Reference value :  5.20001e-05
 Reference value :  5.20058e-05
 Reference value :  5.20678e-05
 Reference value :  5.21288e-05
 Reference value :  5.21880e-05
 Reference value :  5.22501e-05
 Reference value :  5.22815e-05
 Reference value :  5.23437e-05
 Reference value :  5.23774e-05
 Reference value :  5.24377e-05
 Reference value :  5.24689e-05
 Reference value :  5.25040e-05
 Reference value :  5.25629e-05
 Reference value :  5.25943e-05
 Reference value :  5.26563e-05
 Reference value :  5.26882e-05
 Reference value :  5.27195e-05
 Reference value :  5.27813e-05
 Reference value :  5.28148e-05
 Reference value :  5.28449e-05
 Reference value :  5.29063e-05
 Reference value :  5.29388e-05
 Reference value :  5.30009e-05
 Reference value :  5.30315e-05
 Reference value :  5.30943e-05
 Reference value :  5.31568e-05
 Reference value :  5.31953e-05
 Reference value :  5.32529e-05
 Reference value :  5.33128e-05
 Reference value :  5.33453e-05
 Reference value :  5.34064e-05
 Reference value :  5.34406e-05
 Reference value :  5.35006e-05
 Reference value :  5.35318e-05
 Reference value :  5.35703e-05
 Reference value :  5.36254e-05
 Reference value :  5.36567e-05
 Reference value :  5.36901e-05
 Reference value :  5.37503e-05
 Reference value :  5.37818e-05
 Reference value :  5.38153e-05
 Reference value :  5.38754e-05
 Reference value :  5.39069e-05
 Reference value :  5.39692e-05
 Reference value :  5.40029e-05
 Reference value :  5.40629e-05
 Reference value :  5.41255e-05
 Reference value :  5.41883e-05
 Reference value :  5.42371e-05
 Reference value :  5.42813e-05
 Reference value :  5.43159e-05
 Reference value :  5.43759e-05
 Reference value :  5.44316e-05
 Reference value :  5.44688e-05
 Reference value :  5.45026e-05
 Reference value :  5.45626e-05
 Reference value :  5.45939e-05
 Reference value :  5.46275e-05
 Reference value :  5.46877e-05
 Reference value :  5.47192e-05
 Reference value :  5.47813e-05
 Reference value :  5.48131e-05
 Reference value :  5.48727e-05
 Reference value :  5.49064e-05
 Reference value :  5.49688e-05
 Reference value :  5.50026e-05
 Reference value :  5.50626e-05
 Reference value :  5.51252e-05
 Reference value :  5.51879e-05
 Reference value :  5.52199e-05
 Reference value :  5.52813e-05
 Reference value :  5.53150e-05
 Reference value :  5.53754e-05
 Reference value :  5.54294e-05
 Reference value :  5.54688e-05
 Reference value :  5.55026e-05
 Reference value :  5.55627e-05
 Reference value :  5.55940e-05
 Reference value :  5.56275e-05
 Reference value :  5.56880e-05
 Reference value :  5.57401e-05
 Reference value :  5.57814e-05
 Reference value :  5.58158e-05
 Reference value :  5.58754e-05
 Reference value :  5.59067e-05
 Reference value :  5.59689e-05
 Reference value :  5.60028e-05
 Reference value :  5.60627e-05
 Reference value :  5.61253e-05
 Reference value :  5.61878e-05
 Reference value :  5.62264e-05
 Reference value :  5.62814e-05
 Reference value :  5.63150e-05
 Reference value :  5.63753e-05
 Reference value :  5.64216e-05
 Reference value :  5.64688e-05
 Reference value :  5.65025e-05
 Reference value :  5.65625e-05
 Reference value :  5.65938e-05
 Reference value :  5.66274e-05
 Reference value :  5.66877e-05
 Reference value :  5.67438e-05
 Reference value :  5.67814e-05
 Reference value :  5.68148e-05
 Reference value :  5.68751e-05
 Reference value :  5.69065e-05
 Reference value :  5.69689e-05
 Reference value :  5.70030e-05
 Reference value :  5.70637e-05
 Reference value :  5.71563e-05
 Reference value :  5.71915e-05
 Reference value :  5.72530e-05
 Reference value :  5.73128e-05
 Reference value :  5.73444e-05
 Reference value :  5.74063e-05
 Reference value :  5.74400e-05
 Reference value :  5.75002e-05
 Reference value :  5.75314e-05
 Reference value :  5.75650e-05
 Reference value :  5.76251e-05
 Reference value :  5.76564e-05
 Reference value :  5.76900e-05
 Reference value :  5.77501e-05
 Reference value :  5.77816e-05
 Reference value :  5.78150e-05
 Reference value :  5.78750e-05
 Reference value :  5.79064e-05
 Reference value :  5.79688e-05
 Reference value :  5.80025e-05
 Reference value :  5.80367e-05
 Reference value :  5.81250e-05
 Reference value :  5.81876e-05
 Reference value :  5.82193e-05
 Reference value :  5.82813e-05
 Reference value :  5.83141e-05
 Reference value :  5.83751e-05
 Reference value :  5.84064e-05
 Reference value :  5.84420e-05
 Reference value :  5.85016e-05
 Reference value :  5.85321e-05
 Reference value :  5.85938e-05
 Reference value :  5.86275e-05
 Reference value :  5.86876e-05
 Reference value :  5.87190e-05
 Reference value :  5.87526e-05
 Reference value :  5.88128e-05
 Reference value :  5.88562e-05
 Reference value :  5.89063e-05
 Reference value :  5.89688e-05
 Reference value :  5.90026e-05
 Reference value :  5.90625e-05
 Reference value :  5.91251e-05
 Reference value :  5.91877e-05
 Reference value :  5.92224e-05
 Reference value :  5.92816e-05
 Reference value :  5.93304e-05
 Reference value :  5.93775e-05
 Reference value :  5.94381e-05
 Reference value :  5.94693e-05
 Reference value :  5.95029e-05
 Reference value :  5.95627e-05
 Reference value :  5.95939e-05
 Reference value :  5.96276e-05
 Reference value :  5.96881e-05
 Reference value :  5.97193e-05
 Reference value :  5.97541e-05
 Reference value :  5.98127e-05
 Reference value :  5.98441e-05
 Reference value :  5.98776e-05
 Reference value :  5.99376e-05
 Reference value :  5.99852e-05
 Reference value :  6.00031e-05
 Reference value :  6.00629e-05
 Reference value :  6.01252e-05
 Reference value :  6.01877e-05
 Reference value :  6.02321e-05
 Reference value :  6.02816e-05
 Reference value :  6.03152e-05
 Reference value :  6.03773e-05
 Reference value :  6.04376e-05
 Reference value :  6.04692e-05
 Reference value :  6.05065e-05
 Reference value :  6.05635e-05
 Reference value :  6.05945e-05
 Reference value :  6.06531e-05
 Reference value :  6.06900e-05
 Reference value :  6.07504e-05
 Reference value :  6.07866e-05
 Reference value :  6.08440e-05
 Reference value :  6.08786e-05
 Reference value :  6.09535e-05
 Reference value :  6.10025e-05
 Reference value :  6.10627e-05
 Reference value :  6.11259e-05
 Reference value :  6.11900e-05
 Reference value :  6.12506e-05
 Reference value :  6.12819e-05
 Reference value :  6.13438e-05
 Reference value :  6.13775e-05
 Reference value :  6.14377e-05
 Reference value :  6.14692e-05
 Reference value :  6.15316e-05
 Reference value :  6.15938e-05
 Reference value :  6.16275e-05
 Reference value :  6.16880e-05
 Reference value :  6.17500e-05
 Reference value :  6.17817e-05
 Reference value :  6.18155e-05
 Reference value :  6.18756e-05
 Reference value :  6.19375e-05
 Reference value :  6.20001e-05
 Reference value :  6.20218e-05
 Reference value :  6.20938e-05
 Reference value :  6.21563e-05
 Reference value :  6.21924e-05
 Reference value :  6.22529e-05
 Reference value :  6.23126e-05
 Reference value :  6.23440e-05
 Reference value :  6.23787e-05
 Reference value :  6.24378e-05
 Reference value :  6.24691e-05
 Reference value :  6.25047e-05
 Reference value :  6.25648e-05
 Reference value :  6.26252e-05
 Reference value :  6.26568e-05
 Reference value :  6.27190e-05
 Reference value :  6.27813e-05
 Reference value :  6.28418e-05
 Reference value :  6.28773e-05
 Reference value :  6.29377e-05
 Reference value :  6.30005e-05
 Reference value :  6.30331e-05
 Reference value :  6.31252e-05
 Reference value :  6.31898e-05
 Reference value :  6.32505e-05
 Reference value :  6.33127e-05
 Reference value :  6.33445e-05
 Reference value :  6.34064e-05
 Reference value :  6.34401e-05
 Reference value :  6.35002e-05
 Reference value :  6.35317e-05
 Reference value :  6.35938e-05
 Reference value :  6.36275e-05
 Reference value :  6.36877e-05
 Reference value :  6.37403e-05
 Reference value :  6.37817e-05
 Reference value :  6.38275e-05
 Reference value :  6.38773e-05
 Reference value :  6.39376e-05
 Reference value :  6.40002e-05
 Reference value :  6.40314e-05
 Reference value :  6.40944e-05
 Reference value :  6.41776e-05
 Reference value :  6.42221e-05
 Reference value :  6.42814e-05
 Reference value :  6.43151e-05
 Reference value :  6.43773e-05
 Reference value :  6.44294e-05
 Reference value :  6.44689e-05
 Reference value :  6.45029e-05
 Reference value :  6.45630e-05
 Reference value :  6.46250e-05
 Reference value :  6.46567e-05
 Reference value :  6.47188e-05
 Reference value :  6.47618e-05
 Reference value :  6.48150e-05
 Reference value :  6.48752e-05
 Reference value :  6.49067e-05
 Reference value :  6.50001e-05
 Reference value :  6.50313e-05
 Reference value :  6.50942e-05
 Reference value :  6.51876e-05
 Reference value :  6.52502e-05
 Reference value :  6.52819e-05
 Reference value :  6.53438e-05
 Reference value :  6.53788e-05
 Reference value :  6.54395e-05
 Reference value :  6.55002e-05
 Reference value :  6.55318e-05
 Reference value :  6.55938e-05
 Reference value :  6.56276e-05
 Reference value :  6.56878e-05
 Reference value :  6.57194e-05
 Reference value :  6.57813e-05
 Reference value :  6.58150e-05
 Reference value :  6.58773e-05
 Reference value :  6.59378e-05
No. of Data Rows : 165228
s000                =  7.36000e+02
s001                =  3.29000e+02
s002                =  6.50000e+02
s003                =  4.19000e+02
s004                =  5.58000e+02
s005                =  5.12000e+02
s006                =  4.64000e+02
s007                =  6.06000e+02
s008                =  3.72000e+02
s009                =  6.96000e+02
s010                =  2.85000e+02
s011                =  7.79000e+02
s012                =  2.07000e+02
s013                =  8.51000e+02
s014                =  1.41000e+02
s015                =  9.10000e+02
s016                =  8.90000e+01
s017                =  9.54000e+02
s018                =  5.30000e+01
s019                =  9.81000e+02
s020                =  3.50000e+01
s021                =  9.90000e+02
s022                =  3.50000e+01
s023                =  9.81000e+02
s024                =  5.30000e+01
s025                =  9.53000e+02
s026                =  8.90000e+01
s027                =  9.09000e+02
s028                =  1.42000e+02
s029                =  8.49000e+02
s030                =  2.08000e+02
s031                =  7.76000e+02
s032                =  2.87000e+02
s033                =  6.94000e+02
s034                =  3.73000e+02
s035                =  6.04000e+02
s036                =  4.65000e+02
s037                =  5.11000e+02
s038                =  5.59000e+02
s039                =  4.17000e+02
s040                =  6.52000e+02
s041                =  3.27000e+02
s042                =  7.38000e+02
s043                =  2.45000e+02
s044                =  8.16000e+02
s045                =  1.72000e+02
s046                =  8.82000e+02
s047                =  1.13000e+02
s048                =  9.34000e+02
s049                =  6.90000e+01
s050                =  9.70000e+02
s051                =  4.20000e+01
s052                =  9.88000e+02
s053                =  3.30000e+01
s054                =  9.88000e+02
s055                =  4.20000e+01
s056                =  9.69000e+02
s057                =  6.90000e+01
s058                =  9.33000e+02
s059                =  1.14000e+02
s060                =  8.81000e+02
s061                =  1.73000e+02
s062                =  8.14000e+02
s063                =  2.46000e+02
cmax                =  9.90000e+02 at=  2.49396e-05
cmin                =  3.30000e+01 at=  5.69396e-05
d000                =  2.56352e+02 at=  2.50012e-06
d008                =  6.20986e+02 at=  1.07813e-05
d016                =  8.49880e+02 at=  1.88751e-05
d024                =  6.03681e+02 at=  2.68751e-05
d032                =  2.56049e+02 at=  3.45001e-05
d040                =  6.21301e+02 at=  4.27815e-05
d048                =  8.50063e+02 at=  5.08751e-05
d056                =  6.03381e+02 at=  5.88751e-05
vrefhi              =  3.63121e+00 at=  6.31212e-05
vreflo              =  3.62888e+00 at=  6.40697e-05
m_code_s000 = 7.3600000000e+02
m_code_s001 = 3.2900000000e+02
m_code_s002 = 6.5000000000e+02
m_code_s003 = 4.1900000000e+02
m_code_s004 = 5.5800000000e+02
m_code_s005 = 5.1200000000e+02
m_code_s006 = 4.6400000000e+02
m_code_s007 = 6.0600000000e+02
m_code_s008 = 3.7200000000e+02
m_code_s009 = 6.9600000000e+02
m_code_s010 = 2.8500000000e+02
m_code_s011 = 7.7900000000e+02
m_code_s012 = 2.0700000000e+02
m_code_s013 = 8.5100000000e+02
m_code_s014 = 1.4100000000e+02
m_code_s015 = 9.1000000000e+02
m_code_s016 = 8.9000000000e+01
m_code_s017 = 9.5400000000e+02
m_code_s018 = 5.3000000000e+01
m_code_s019 = 9.8100000000e+02
m_code_s020 = 3.5000000000e+01
m_code_s021 = 9.9000000000e+02
m_code_s022 = 3.5000000000e+01
m_code_s023 = 9.8100000000e+02
m_code_s024 = 5.3000000000e+01
m_code_s025 = 9.5300000000e+02
m_code_s026 = 8.9000000000e+01
m_code_s027 = 9.0900000000e+02
m_code_s028 = 1.4200000000e+02
m_code_s029 = 8.4900000000e+02
m_code_s030 = 2.0800000000e+02
m_code_s031 = 7.7600000000e+02
m_code_s032 = 2.8700000000e+02
m_code_s033 = 6.9400000000e+02
m_code_s034 = 3.7300000000e+02
m_code_s035 = 6.0400000000e+02
m_code_s036 = 4.6500000000e+02
m_code_s037 = 5.1100000000e+02
m_code_s038 = 5.5900000000e+02
m_code_s039 = 4.1700000000e+02
m_code_s040 = 6.5200000000e+02
m_code_s041 = 3.2700000000e+02
m_code_s042 = 7.3800000000e+02
m_code_s043 = 2.4500000000e+02
m_code_s044 = 8.1600000000e+02
m_code_s045 = 1.7200000000e+02
m_code_s046 = 8.8200000000e+02
m_code_s047 = 1.1300000000e+02
m_code_s048 = 9.3400000000e+02
m_code_s049 = 6.9000000000e+01
m_code_s050 = 9.7000000000e+02
m_code_s051 = 4.2000000000e+01
m_code_s052 = 9.8800000000e+02
m_code_s053 = 3.3000000000e+01
m_code_s054 = 9.8800000000e+02
m_code_s055 = 4.2000000000e+01
m_code_s056 = 9.6900000000e+02
m_code_s057 = 6.9000000000e+01
m_code_s058 = 9.3300000000e+02
m_code_s059 = 1.1400000000e+02
m_code_s060 = 8.8100000000e+02
m_code_s061 = 1.7300000000e+02
m_code_s062 = 8.1400000000e+02
m_code_s063 = 2.4600000000e+02
m_decerr_c000_lsb = 2.5635230000e+02
m_decerr_c008_lsb = 6.2098630000e+02
m_decerr_c016_lsb = 8.4987990000e+02
m_decerr_c024_lsb = 6.0368120000e+02
m_decerr_c032_lsb = 2.5604860000e+02
m_decerr_c040_lsb = 6.2130090000e+02
m_decerr_c048_lsb = 8.5006350000e+02
m_decerr_c056_lsb = 6.0338090000e+02
m_code_max = 9.9000000000e+02
m_code_min = 3.3000000000e+01
m_vref_droop_mv = 2.3360000000e+00
Note: Simulation executed from .control section 

Warning: m=xx on .subckt line will override multiplier m hierarchy!

Note: Starting dynamic gmin stepping
Note: Dynamic gmin stepping completed
