
Note: No compatibility mode selected!


Circuit: * comparator-offset @ ss_-40c_3.63v -- generated by sim/harness, do not edit

Doing analysis at TEMP = -40.000000 and TNOM = 27.000000

Using SPARSE 1.3 as Direct Linear Solver

No. of Data Rows : 1
m_av_nom = 2.2469078698e+01
m_av_dn = 2.2430378722e+01
m_av_up = 2.2506747473e+01
m_av_cmlo = 1.1407215061e+01
m_av_cmhi = 2.3022227269e+01
m_av_ratio_dn = 9.9827763402e-01
m_av_ratio_up = 1.0016764717e+00
m_sym_uv = -1.776356839e-09
m_pre_cm_v = 2.6436469602e+00
m_pre_drop_v = 9.8635303983e-01
m_ptail_v = 6.1325046053e-01
m_vbias_v = 9.1923404500e-01
m_vdg_nom_v = 9.9364696017e-01
m_vdg_cmhi_v = 1.5012471782e-01
m_rload_kohm = 1.9907731094e+02
m_gm_us = 1.1286609505e+02
m_itail_ua = 9.9092461637e+00
m_pstat_uw = 3.5970563574e+01
Note: Simulation executed from .control section 

Note: Starting dynamic gmin stepping
Note: Dynamic gmin stepping completed
