
Note: No compatibility mode selected!


Circuit: * comparator-offset @ ss_125c_3.63v -- generated by sim/harness, do not edit

Doing analysis at TEMP = 125.000000 and TNOM = 27.000000

Using SPARSE 1.3 as Direct Linear Solver

No. of Data Rows : 1
m_av_nom = 1.4112814746e+01
m_av_dn = 1.4082635009e+01
m_av_up = 1.4142066004e+01
m_av_cmlo = 1.2729960183e+01
m_av_cmhi = 1.4514561087e+01
m_av_ratio_dn = 9.9786153666e-01
m_av_ratio_up = 1.0020726735e+00
m_sym_uv = -5.329070518e-09
m_pre_cm_v = 2.7666053495e+00
m_pre_drop_v = 8.6339465049e-01
m_ptail_v = 7.4181669403e-01
m_vbias_v = 7.9221452897e-01
m_vdg_nom_v = 1.1166053495e+00
m_vdg_cmhi_v = 2.8076244024e-01
m_rload_kohm = 1.7284016247e+02
m_gm_us = 8.1652403844e+01
m_itail_ua = 9.9906715913e+00
m_pstat_uw = 3.6266137876e+01
Note: Simulation executed from .control section 

