
Note: No compatibility mode selected!


Circuit: * comparator-offset @ tt_125c_3.63v -- generated by sim/harness, do not edit

Doing analysis at TEMP = 125.000000 and TNOM = 27.000000

Using SPARSE 1.3 as Direct Linear Solver

No. of Data Rows : 1
m_av_nom = 1.2114234204e+01
m_av_dn = 1.2089611305e+01
m_av_up = 1.2138173009e+01
m_av_cmlo = 1.1532521371e+01
m_av_cmhi = 1.2448255244e+01
m_av_ratio_dn = 9.9796744076e-01
m_av_ratio_up = 1.0019760890e+00
m_sym_uv = -8.881784197e-10
m_pre_cm_v = 2.9070596943e+00
m_pre_drop_v = 7.2294030573e-01
m_ptail_v = 8.3703996582e-01
m_vbias_v = 6.7800496717e-01
m_vdg_nom_v = 1.2570596943e+00
m_vdg_cmhi_v = 4.2295210661e-01
m_rload_kohm = 1.4405204864e+02
m_gm_us = 8.4096229926e+01
m_itail_ua = 1.0037209641e+01
m_pstat_uw = 3.6435070999e+01
Note: Simulation executed from .control section 

