
Note: Compatibility modes selected: hs a


Circuit: * comparator-offset-mc @ sf_27c_3.63v -- generated by sim/harness, do not edit

Reset re-loads circuit * comparator-offset-mc @ sf_27c_3.63v -- generated by sim/harness, do not edit

Circuit: * comparator-offset-mc @ sf_27c_3.63v -- generated by sim/harness, do not edit

Doing analysis at TEMP = 27.000000 and TNOM = 27.000000

Using SPARSE 1.3 as Direct Linear Solver

No. of Data Rows : 6
voa = 4.5548601211e-04
ddc = -9.000204085e-08
dde = 8.7479173249e-08
Reset re-loads circuit * comparator-offset-mc @ sf_27c_3.63v -- generated by sim/harness, do not edit

Circuit: * comparator-offset-mc @ sf_27c_3.63v -- generated by sim/harness, do not edit

Doing analysis at TEMP = 27.000000 and TNOM = 27.000000

Using SPARSE 1.3 as Direct Linear Solver

No. of Data Rows : 6
voa = -5.074797125e-04
ddc = 1.6690889584e-07
dde = -1.614359895e-07
Reset re-loads circuit * comparator-offset-mc @ sf_27c_3.63v -- generated by sim/harness, do not edit

Circuit: * comparator-offset-mc @ sf_27c_3.63v -- generated by sim/harness, do not edit

Doing analysis at TEMP = 27.000000 and TNOM = 27.000000

Using SPARSE 1.3 as Direct Linear Solver

No. of Data Rows : 6
voa = 1.5418744376e-04
ddc = -4.090123548e-08
dde = 3.9627827695e-08
Reset re-loads circuit * comparator-offset-mc @ sf_27c_3.63v -- generated by sim/harness, do not edit

Circuit: * comparator-offset-mc @ sf_27c_3.63v -- generated by sim/harness, do not edit

Doing analysis at TEMP = 27.000000 and TNOM = 27.000000

Using SPARSE 1.3 as Direct Linear Solver

No. of Data Rows : 6
voa = -2.299510237e-04
ddc = 2.2841946517e-08
dde = -2.249218664e-08
Reset re-loads circuit * comparator-offset-mc @ sf_27c_3.63v -- generated by sim/harness, do not edit

Circuit: * comparator-offset-mc @ sf_27c_3.63v -- generated by sim/harness, do not edit

Doing analysis at TEMP = 27.000000 and TNOM = 27.000000

Using SPARSE 1.3 as Direct Linear Solver

No. of Data Rows : 6
voa = -1.362877596e-03
ddc = 1.6436957178e-07
dde = -1.610853616e-07
Reset re-loads circuit * comparator-offset-mc @ sf_27c_3.63v -- generated by sim/harness, do not edit

Circuit: * comparator-offset-mc @ sf_27c_3.63v -- generated by sim/harness, do not edit

Doing analysis at TEMP = 27.000000 and TNOM = 27.000000

Using SPARSE 1.3 as Direct Linear Solver

No. of Data Rows : 6
voa = -9.904043359e-05
ddc = 4.6594034962e-08
dde = -4.494221128e-08
Reset re-loads circuit * comparator-offset-mc @ sf_27c_3.63v -- generated by sim/harness, do not edit

Circuit: * comparator-offset-mc @ sf_27c_3.63v -- generated by sim/harness, do not edit

Doing analysis at TEMP = 27.000000 and TNOM = 27.000000

Using SPARSE 1.3 as Direct Linear Solver

No. of Data Rows : 6
voa = 1.3310771731e-03
ddc = -1.955123612e-07
dde = 1.9092323553e-07
Reset re-loads circuit * comparator-offset-mc @ sf_27c_3.63v -- generated by sim/harness, do not edit

Circuit: * comparator-offset-mc @ sf_27c_3.63v -- generated by sim/harness, do not edit

Doing analysis at TEMP = 27.000000 and TNOM = 27.000000

Using SPARSE 1.3 as Direct Linear Solver

No. of Data Rows : 6
voa = -4.764705395e-04
ddc = 7.5755322962e-10
dde = -1.897643761e-09
Reset re-loads circuit * comparator-offset-mc @ sf_27c_3.63v -- generated by sim/harness, do not edit

Circuit: * comparator-offset-mc @ sf_27c_3.63v -- generated by sim/harness, do not edit

Doing analysis at TEMP = 27.000000 and TNOM = 27.000000

Using SPARSE 1.3 as Direct Linear Solver

No. of Data Rows : 6
voa = 2.4433338236e-05
ddc = 1.1403436791e-07
dde = -1.093410483e-07
Reset re-loads circuit * comparator-offset-mc @ sf_27c_3.63v -- generated by sim/harness, do not edit

Circuit: * comparator-offset-mc @ sf_27c_3.63v -- generated by sim/harness, do not edit

Doing analysis at TEMP = 27.000000 and TNOM = 27.000000

Using SPARSE 1.3 as Direct Linear Solver

No. of Data Rows : 6
voa = -3.749578418e-04
ddc = 2.3414587387e-08
dde = -2.339867354e-08
Reset re-loads circuit * comparator-offset-mc @ sf_27c_3.63v -- generated by sim/harness, do not edit

Circuit: * comparator-offset-mc @ sf_27c_3.63v -- generated by sim/harness, do not edit

Doing analysis at TEMP = 27.000000 and TNOM = 27.000000

Using SPARSE 1.3 as Direct Linear Solver

No. of Data Rows : 6
voa = 3.0426000424e-04
ddc = 3.0221729171e-08
dde = -2.823252983e-08
Reset re-loads circuit * comparator-offset-mc @ sf_27c_3.63v -- generated by sim/harness, do not edit

Circuit: * comparator-offset-mc @ sf_27c_3.63v -- generated by sim/harness, do not edit

Doing analysis at TEMP = 27.000000 and TNOM = 27.000000

Using SPARSE 1.3 as Direct Linear Solver

No. of Data Rows : 6
voa = -7.378995834e-05
ddc = 1.4010272569e-09
dde = -1.526549049e-09
Reset re-loads circuit * comparator-offset-mc @ sf_27c_3.63v -- generated by sim/harness, do not edit

Circuit: * comparator-offset-mc @ sf_27c_3.63v -- generated by sim/harness, do not edit

Doing analysis at TEMP = 27.000000 and TNOM = 27.000000

Using SPARSE 1.3 as Direct Linear Solver
 Reference value :  0.00000e+00
No. of Data Rows : 6
voa = -1.724216638e-03
ddc = 1.6505009886e-07
dde = -1.629170983e-07
Reset re-loads circuit * comparator-offset-mc @ sf_27c_3.63v -- generated by sim/harness, do not edit

Circuit: * comparator-offset-mc @ sf_27c_3.63v -- generated by sim/harness, do not edit

Doing analysis at TEMP = 27.000000 and TNOM = 27.000000

Using SPARSE 1.3 as Direct Linear Solver

No. of Data Rows : 6
voa = -4.060528733e-04
ddc = 8.0761131837e-08
dde = -7.851679879e-08
Reset re-loads circuit * comparator-offset-mc @ sf_27c_3.63v -- generated by sim/harness, do not edit

Circuit: * comparator-offset-mc @ sf_27c_3.63v -- generated by sim/harness, do not edit

Doing analysis at TEMP = 27.000000 and TNOM = 27.000000

Using SPARSE 1.3 as Direct Linear Solver

No. of Data Rows : 6
voa = -3.653967184e-03
ddc = 3.9154211417e-07
dde = -3.851630829e-07
Reset re-loads circuit * comparator-offset-mc @ sf_27c_3.63v -- generated by sim/harness, do not edit

Circuit: * comparator-offset-mc @ sf_27c_3.63v -- generated by sim/harness, do not edit

Doing analysis at TEMP = 27.000000 and TNOM = 27.000000

Using SPARSE 1.3 as Direct Linear Solver

No. of Data Rows : 6
voa = -1.392113332e-03
ddc = 9.8839527182e-08
dde = -9.829235421e-08
Reset re-loads circuit * comparator-offset-mc @ sf_27c_3.63v -- generated by sim/harness, do not edit

Circuit: * comparator-offset-mc @ sf_27c_3.63v -- generated by sim/harness, do not edit

Doing analysis at TEMP = 27.000000 and TNOM = 27.000000

Using SPARSE 1.3 as Direct Linear Solver

No. of Data Rows : 6
voa = 5.8934927876e-04
ddc = -2.432826191e-08
dde = 2.4794476319e-08
Reset re-loads circuit * comparator-offset-mc @ sf_27c_3.63v -- generated by sim/harness, do not edit

Circuit: * comparator-offset-mc @ sf_27c_3.63v -- generated by sim/harness, do not edit

Doing analysis at TEMP = 27.000000 and TNOM = 27.000000

Using SPARSE 1.3 as Direct Linear Solver

No. of Data Rows : 6
voa = -8.349577654e-04
ddc = 1.1041888861e-07
dde = -1.080111713e-07
Reset re-loads circuit * comparator-offset-mc @ sf_27c_3.63v -- generated by sim/harness, do not edit

Circuit: * comparator-offset-mc @ sf_27c_3.63v -- generated by sim/harness, do not edit

Doing analysis at TEMP = 27.000000 and TNOM = 27.000000

Using SPARSE 1.3 as Direct Linear Solver

No. of Data Rows : 6
voa = -8.974088672e-04
ddc = 1.2266801428e-07
dde = -1.199150051e-07
Reset re-loads circuit * comparator-offset-mc @ sf_27c_3.63v -- generated by sim/harness, do not edit

Circuit: * comparator-offset-mc @ sf_27c_3.63v -- generated by sim/harness, do not edit

Doing analysis at TEMP = 27.000000 and TNOM = 27.000000

Using SPARSE 1.3 as Direct Linear Solver

No. of Data Rows : 6
voa = -2.022901800e-03
ddc = 1.4680556010e-07
dde = -1.460955485e-07
Reset re-loads circuit * comparator-offset-mc @ sf_27c_3.63v -- generated by sim/harness, do not edit

Circuit: * comparator-offset-mc @ sf_27c_3.63v -- generated by sim/harness, do not edit

Doing analysis at TEMP = 27.000000 and TNOM = 27.000000

Using SPARSE 1.3 as Direct Linear Solver

No. of Data Rows : 6
voa = 4.2737907179e-04
ddc = -4.627553595e-08
dde = 4.5464775930e-08
Reset re-loads circuit * comparator-offset-mc @ sf_27c_3.63v -- generated by sim/harness, do not edit

Circuit: * comparator-offset-mc @ sf_27c_3.63v -- generated by sim/harness, do not edit

Doing analysis at TEMP = 27.000000 and TNOM = 27.000000

Using SPARSE 1.3 as Direct Linear Solver

No. of Data Rows : 6
voa = 1.5452835019e-04
ddc = 3.4606558491e-08
dde = -3.287086047e-08
Reset re-loads circuit * comparator-offset-mc @ sf_27c_3.63v -- generated by sim/harness, do not edit

Circuit: * comparator-offset-mc @ sf_27c_3.63v -- generated by sim/harness, do not edit

Doing analysis at TEMP = 27.000000 and TNOM = 27.000000

Using SPARSE 1.3 as Direct Linear Solver

No. of Data Rows : 6
voa = 2.0963287810e-03
ddc = -2.767665377e-07
dde = 2.7074709107e-07
Reset re-loads circuit * comparator-offset-mc @ sf_27c_3.63v -- generated by sim/harness, do not edit

Circuit: * comparator-offset-mc @ sf_27c_3.63v -- generated by sim/harness, do not edit

Doing analysis at TEMP = 27.000000 and TNOM = 27.000000

Using SPARSE 1.3 as Direct Linear Solver

No. of Data Rows : 6
voa = 2.1377667517e-03
ddc = -2.635097585e-07
dde = 2.5812540705e-07
Reset re-loads circuit * comparator-offset-mc @ sf_27c_3.63v -- generated by sim/harness, do not edit

Circuit: * comparator-offset-mc @ sf_27c_3.63v -- generated by sim/harness, do not edit

Doing analysis at TEMP = 27.000000 and TNOM = 27.000000

Using SPARSE 1.3 as Direct Linear Solver

No. of Data Rows : 6
voa = -6.809944809e-04
ddc = 5.0715143752e-08
dde = -5.036055599e-08
Reset re-loads circuit * comparator-offset-mc @ sf_27c_3.63v -- generated by sim/harness, do not edit

Circuit: * comparator-offset-mc @ sf_27c_3.63v -- generated by sim/harness, do not edit

Doing analysis at TEMP = 27.000000 and TNOM = 27.000000

Using SPARSE 1.3 as Direct Linear Solver

No. of Data Rows : 6
voa = 1.2195334575e-03
ddc = -1.633210494e-07
dde = 1.5973602723e-07
Reset re-loads circuit * comparator-offset-mc @ sf_27c_3.63v -- generated by sim/harness, do not edit

Circuit: * comparator-offset-mc @ sf_27c_3.63v -- generated by sim/harness, do not edit

Doing analysis at TEMP = 27.000000 and TNOM = 27.000000

Using SPARSE 1.3 as Direct Linear Solver

No. of Data Rows : 6
voa = -1.935573661e-03
ddc = 2.0877647498e-07
dde = -2.052903765e-07
Reset re-loads circuit * comparator-offset-mc @ sf_27c_3.63v -- generated by sim/harness, do not edit

Circuit: * comparator-offset-mc @ sf_27c_3.63v -- generated by sim/harness, do not edit

Doing analysis at TEMP = 27.000000 and TNOM = 27.000000

Using SPARSE 1.3 as Direct Linear Solver

No. of Data Rows : 6
voa = -2.224192222e-04
ddc = 2.0542432632e-08
dde = -2.026685136e-08
Reset re-loads circuit * comparator-offset-mc @ sf_27c_3.63v -- generated by sim/harness, do not edit

Circuit: * comparator-offset-mc @ sf_27c_3.63v -- generated by sim/harness, do not edit

Doing analysis at TEMP = 27.000000 and TNOM = 27.000000

Using SPARSE 1.3 as Direct Linear Solver

No. of Data Rows : 6
voa = -2.299251489e-03
ddc = 2.5817943671e-07
dde = -2.537104939e-07
Reset re-loads circuit * comparator-offset-mc @ sf_27c_3.63v -- generated by sim/harness, do not edit

Circuit: * comparator-offset-mc @ sf_27c_3.63v -- generated by sim/harness, do not edit

Doing analysis at TEMP = 27.000000 and TNOM = 27.000000

Using SPARSE 1.3 as Direct Linear Solver

No. of Data Rows : 6
voa = 6.4378757301e-04
ddc = -1.118702042e-07
dde = 1.0893339942e-07
Reset re-loads circuit * comparator-offset-mc @ sf_27c_3.63v -- generated by sim/harness, do not edit

Circuit: * comparator-offset-mc @ sf_27c_3.63v -- generated by sim/harness, do not edit

Doing analysis at TEMP = 27.000000 and TNOM = 27.000000

Using SPARSE 1.3 as Direct Linear Solver

No. of Data Rows : 6
voa = 1.2614158253e-03
ddc = -9.251527691e-08
dde = 9.1904342216e-08
Reset re-loads circuit * comparator-offset-mc @ sf_27c_3.63v -- generated by sim/harness, do not edit

Circuit: * comparator-offset-mc @ sf_27c_3.63v -- generated by sim/harness, do not edit

Doing analysis at TEMP = 27.000000 and TNOM = 27.000000

Using SPARSE 1.3 as Direct Linear Solver

No. of Data Rows : 6
voa = 5.7675525720e-04
ddc = -2.533034667e-08
dde = 2.5712272656e-08
Reset re-loads circuit * comparator-offset-mc @ sf_27c_3.63v -- generated by sim/harness, do not edit

Circuit: * comparator-offset-mc @ sf_27c_3.63v -- generated by sim/harness, do not edit

Doing analysis at TEMP = 27.000000 and TNOM = 27.000000

Using SPARSE 1.3 as Direct Linear Solver

No. of Data Rows : 6
voa = 1.6663900710e-03
ddc = -2.834485826e-07
dde = 2.7609786588e-07
Reset re-loads circuit * comparator-offset-mc @ sf_27c_3.63v -- generated by sim/harness, do not edit

Circuit: * comparator-offset-mc @ sf_27c_3.63v -- generated by sim/harness, do not edit

Doing analysis at TEMP = 27.000000 and TNOM = 27.000000

Using SPARSE 1.3 as Direct Linear Solver

No. of Data Rows : 6
voa = 8.1252204741e-05
ddc = -3.323009701e-08
dde = 3.2082689792e-08
Reset re-loads circuit * comparator-offset-mc @ sf_27c_3.63v -- generated by sim/harness, do not edit

Circuit: * comparator-offset-mc @ sf_27c_3.63v -- generated by sim/harness, do not edit

Doing analysis at TEMP = 27.000000 and TNOM = 27.000000

Using SPARSE 1.3 as Direct Linear Solver

No. of Data Rows : 6
voa = -3.568915994e-04
ddc = 5.9036067776e-08
dde = -5.757771192e-08
Reset re-loads circuit * comparator-offset-mc @ sf_27c_3.63v -- generated by sim/harness, do not edit

Circuit: * comparator-offset-mc @ sf_27c_3.63v -- generated by sim/harness, do not edit

Doing analysis at TEMP = 27.000000 and TNOM = 27.000000

Using SPARSE 1.3 as Direct Linear Solver

No. of Data Rows : 6
voa = 1.4818629784e-03
ddc = -1.597576574e-07
dde = 1.5698848991e-07
Reset re-loads circuit * comparator-offset-mc @ sf_27c_3.63v -- generated by sim/harness, do not edit

Circuit: * comparator-offset-mc @ sf_27c_3.63v -- generated by sim/harness, do not edit

Doing analysis at TEMP = 27.000000 and TNOM = 27.000000

Using SPARSE 1.3 as Direct Linear Solver

No. of Data Rows : 6
voa = 8.9056668271e-04
ddc = -6.009008728e-08
dde = 5.9877155298e-08
Reset re-loads circuit * comparator-offset-mc @ sf_27c_3.63v -- generated by sim/harness, do not edit

Circuit: * comparator-offset-mc @ sf_27c_3.63v -- generated by sim/harness, do not edit

Doing analysis at TEMP = 27.000000 and TNOM = 27.000000

Using SPARSE 1.3 as Direct Linear Solver

No. of Data Rows : 6
voa = 1.0799969180e-03
ddc = -1.061471974e-07
dde = 1.0451891152e-07
Reset re-loads circuit * comparator-offset-mc @ sf_27c_3.63v -- generated by sim/harness, do not edit

Circuit: * comparator-offset-mc @ sf_27c_3.63v -- generated by sim/harness, do not edit

Doing analysis at TEMP = 27.000000 and TNOM = 27.000000

Using SPARSE 1.3 as Direct Linear Solver

No. of Data Rows : 6
voa = -8.973806855e-04
ddc = 1.6630469145e-07
dde = -1.617867267e-07
Reset re-loads circuit * comparator-offset-mc @ sf_27c_3.63v -- generated by sim/harness, do not edit

Circuit: * comparator-offset-mc @ sf_27c_3.63v -- generated by sim/harness, do not edit

Doing analysis at TEMP = 27.000000 and TNOM = 27.000000

Using SPARSE 1.3 as Direct Linear Solver

No. of Data Rows : 6
voa = 2.0438835257e-03
ddc = -2.341218375e-07
dde = 2.2973559849e-07
Reset re-loads circuit * comparator-offset-mc @ sf_27c_3.63v -- generated by sim/harness, do not edit

Circuit: * comparator-offset-mc @ sf_27c_3.63v -- generated by sim/harness, do not edit

Doing analysis at TEMP = 27.000000 and TNOM = 27.000000

Using SPARSE 1.3 as Direct Linear Solver
 Reference value :  2.00000e-03
No. of Data Rows : 6
voa = 1.7138278262e-03
ddc = -1.572436365e-07
dde = 1.5514894024e-07
Reset re-loads circuit * comparator-offset-mc @ sf_27c_3.63v -- generated by sim/harness, do not edit

Circuit: * comparator-offset-mc @ sf_27c_3.63v -- generated by sim/harness, do not edit

Doing analysis at TEMP = 27.000000 and TNOM = 27.000000

Using SPARSE 1.3 as Direct Linear Solver

No. of Data Rows : 6
voa = -1.309613071e-03
ddc = 1.5462445724e-07
dde = -1.517276935e-07
Reset re-loads circuit * comparator-offset-mc @ sf_27c_3.63v -- generated by sim/harness, do not edit

Circuit: * comparator-offset-mc @ sf_27c_3.63v -- generated by sim/harness, do not edit

Doing analysis at TEMP = 27.000000 and TNOM = 27.000000

Using SPARSE 1.3 as Direct Linear Solver

No. of Data Rows : 6
voa = 1.0789973899e-03
ddc = -6.801042144e-08
dde = 6.7941826035e-08
Reset re-loads circuit * comparator-offset-mc @ sf_27c_3.63v -- generated by sim/harness, do not edit

Circuit: * comparator-offset-mc @ sf_27c_3.63v -- generated by sim/harness, do not edit

Doing analysis at TEMP = 27.000000 and TNOM = 27.000000

Using SPARSE 1.3 as Direct Linear Solver

No. of Data Rows : 6
voa = -2.639183201e-04
ddc = 1.5721243886e-08
dde = -1.574082304e-08
Reset re-loads circuit * comparator-offset-mc @ sf_27c_3.63v -- generated by sim/harness, do not edit

Circuit: * comparator-offset-mc @ sf_27c_3.63v -- generated by sim/harness, do not edit

Doing analysis at TEMP = 27.000000 and TNOM = 27.000000

Using SPARSE 1.3 as Direct Linear Solver

No. of Data Rows : 6
voa = 2.3247424136e-04
ddc = 1.0709556395e-09
dde = -4.515766105e-10
Reset re-loads circuit * comparator-offset-mc @ sf_27c_3.63v -- generated by sim/harness, do not edit

Circuit: * comparator-offset-mc @ sf_27c_3.63v -- generated by sim/harness, do not edit

Doing analysis at TEMP = 27.000000 and TNOM = 27.000000

Using SPARSE 1.3 as Direct Linear Solver

No. of Data Rows : 6
voa = -3.002337078e-04
ddc = 5.1046523897e-08
dde = -4.972873328e-08
Reset re-loads circuit * comparator-offset-mc @ sf_27c_3.63v -- generated by sim/harness, do not edit

Circuit: * comparator-offset-mc @ sf_27c_3.63v -- generated by sim/harness, do not edit

Doing analysis at TEMP = 27.000000 and TNOM = 27.000000

Using SPARSE 1.3 as Direct Linear Solver

No. of Data Rows : 6
voa = 6.5280797645e-04
ddc = -5.503086117e-08
dde = 5.4428213891e-08
Reset re-loads circuit * comparator-offset-mc @ sf_27c_3.63v -- generated by sim/harness, do not edit

Circuit: * comparator-offset-mc @ sf_27c_3.63v -- generated by sim/harness, do not edit

Doing analysis at TEMP = 27.000000 and TNOM = 27.000000

Using SPARSE 1.3 as Direct Linear Solver

No. of Data Rows : 6
voa = -3.299113021e-03
ddc = 4.0965666218e-07
dde = -4.011133870e-07
Reset re-loads circuit * comparator-offset-mc @ sf_27c_3.63v -- generated by sim/harness, do not edit

Circuit: * comparator-offset-mc @ sf_27c_3.63v -- generated by sim/harness, do not edit

Doing analysis at TEMP = 27.000000 and TNOM = 27.000000

Using SPARSE 1.3 as Direct Linear Solver

No. of Data Rows : 6
voa = 4.2946549898e-04
ddc = -8.265728193e-08
dde = 8.0417343704e-08
Reset re-loads circuit * comparator-offset-mc @ sf_27c_3.63v -- generated by sim/harness, do not edit

Circuit: * comparator-offset-mc @ sf_27c_3.63v -- generated by sim/harness, do not edit

Doing analysis at TEMP = 27.000000 and TNOM = 27.000000

Using SPARSE 1.3 as Direct Linear Solver

No. of Data Rows : 6
voa = 1.7118139951e-04
ddc = -5.519882370e-08
dde = 5.3384865026e-08
Reset re-loads circuit * comparator-offset-mc @ sf_27c_3.63v -- generated by sim/harness, do not edit

Circuit: * comparator-offset-mc @ sf_27c_3.63v -- generated by sim/harness, do not edit

Doing analysis at TEMP = 27.000000 and TNOM = 27.000000

Using SPARSE 1.3 as Direct Linear Solver

No. of Data Rows : 6
voa = -1.423055559e-03
ddc = 1.6154864311e-07
dde = -1.585455293e-07
Reset re-loads circuit * comparator-offset-mc @ sf_27c_3.63v -- generated by sim/harness, do not edit

Circuit: * comparator-offset-mc @ sf_27c_3.63v -- generated by sim/harness, do not edit

Doing analysis at TEMP = 27.000000 and TNOM = 27.000000

Using SPARSE 1.3 as Direct Linear Solver

No. of Data Rows : 6
voa = 6.9878525490e-04
ddc = -1.386975231e-07
dde = 1.3480860684e-07
Reset re-loads circuit * comparator-offset-mc @ sf_27c_3.63v -- generated by sim/harness, do not edit

Circuit: * comparator-offset-mc @ sf_27c_3.63v -- generated by sim/harness, do not edit

Doing analysis at TEMP = 27.000000 and TNOM = 27.000000

Using SPARSE 1.3 as Direct Linear Solver

No. of Data Rows : 6
voa = -3.787960501e-04
ddc = 6.5573947613e-08
dde = -6.384926063e-08
Reset re-loads circuit * comparator-offset-mc @ sf_27c_3.63v -- generated by sim/harness, do not edit

Circuit: * comparator-offset-mc @ sf_27c_3.63v -- generated by sim/harness, do not edit

Doing analysis at TEMP = 27.000000 and TNOM = 27.000000

Using SPARSE 1.3 as Direct Linear Solver

No. of Data Rows : 6
voa = 1.0842904496e-03
ddc = -4.777515488e-08
dde = 4.8539988659e-08
Reset re-loads circuit * comparator-offset-mc @ sf_27c_3.63v -- generated by sim/harness, do not edit

Circuit: * comparator-offset-mc @ sf_27c_3.63v -- generated by sim/harness, do not edit

Doing analysis at TEMP = 27.000000 and TNOM = 27.000000

Using SPARSE 1.3 as Direct Linear Solver

No. of Data Rows : 6
voa = -7.146886821e-04
ddc = 7.0110309304e-08
dde = -6.904468735e-08
Reset re-loads circuit * comparator-offset-mc @ sf_27c_3.63v -- generated by sim/harness, do not edit

Circuit: * comparator-offset-mc @ sf_27c_3.63v -- generated by sim/harness, do not edit

Doing analysis at TEMP = 27.000000 and TNOM = 27.000000

Using SPARSE 1.3 as Direct Linear Solver

No. of Data Rows : 6
voa = -3.550871436e-06
ddc = -7.653229213e-08
dde = 7.3401206395e-08
Reset re-loads circuit * comparator-offset-mc @ sf_27c_3.63v -- generated by sim/harness, do not edit

Circuit: * comparator-offset-mc @ sf_27c_3.63v -- generated by sim/harness, do not edit

Doing analysis at TEMP = 27.000000 and TNOM = 27.000000

Using SPARSE 1.3 as Direct Linear Solver

No. of Data Rows : 6
voa = -3.150227997e-03
ddc = 3.4003746336e-07
dde = -3.340276364e-07
Reset re-loads circuit * comparator-offset-mc @ sf_27c_3.63v -- generated by sim/harness, do not edit

Circuit: * comparator-offset-mc @ sf_27c_3.63v -- generated by sim/harness, do not edit

Doing analysis at TEMP = 27.000000 and TNOM = 27.000000

Using SPARSE 1.3 as Direct Linear Solver

No. of Data Rows : 6
voa = 8.2971862740e-04
ddc = -8.625251445e-08
dde = 8.4813495282e-08
Reset re-loads circuit * comparator-offset-mc @ sf_27c_3.63v -- generated by sim/harness, do not edit

Circuit: * comparator-offset-mc @ sf_27c_3.63v -- generated by sim/harness, do not edit

Doing analysis at TEMP = 27.000000 and TNOM = 27.000000

Using SPARSE 1.3 as Direct Linear Solver

No. of Data Rows : 6
voa = -4.827701095e-04
ddc = 1.3915215488e-07
dde = -1.347139594e-07
Reset re-loads circuit * comparator-offset-mc @ sf_27c_3.63v -- generated by sim/harness, do not edit

Circuit: * comparator-offset-mc @ sf_27c_3.63v -- generated by sim/harness, do not edit

Doing analysis at TEMP = 27.000000 and TNOM = 27.000000

Using SPARSE 1.3 as Direct Linear Solver

No. of Data Rows : 6
voa = -3.233286774e-03
ddc = 4.1157038934e-07
dde = -4.030950369e-07
Reset re-loads circuit * comparator-offset-mc @ sf_27c_3.63v -- generated by sim/harness, do not edit

Circuit: * comparator-offset-mc @ sf_27c_3.63v -- generated by sim/harness, do not edit

Doing analysis at TEMP = 27.000000 and TNOM = 27.000000

Using SPARSE 1.3 as Direct Linear Solver

No. of Data Rows : 6
voa = -1.832617877e-03
ddc = 2.5212849930e-07
dde = -2.464582237e-07
Reset re-loads circuit * comparator-offset-mc @ sf_27c_3.63v -- generated by sim/harness, do not edit

Circuit: * comparator-offset-mc @ sf_27c_3.63v -- generated by sim/harness, do not edit

Doing analysis at TEMP = 27.000000 and TNOM = 27.000000

Using SPARSE 1.3 as Direct Linear Solver

No. of Data Rows : 6
voa = -7.754739401e-04
ddc = 6.2806744678e-08
dde = -6.218034708e-08
Reset re-loads circuit * comparator-offset-mc @ sf_27c_3.63v -- generated by sim/harness, do not edit

Circuit: * comparator-offset-mc @ sf_27c_3.63v -- generated by sim/harness, do not edit

Doing analysis at TEMP = 27.000000 and TNOM = 27.000000

Using SPARSE 1.3 as Direct Linear Solver

No. of Data Rows : 6
voa = 9.9134505000e-04
ddc = -1.971469898e-07
dde = 1.9163350542e-07
Reset re-loads circuit * comparator-offset-mc @ sf_27c_3.63v -- generated by sim/harness, do not edit

Circuit: * comparator-offset-mc @ sf_27c_3.63v -- generated by sim/harness, do not edit

Doing analysis at TEMP = 27.000000 and TNOM = 27.000000

Using SPARSE 1.3 as Direct Linear Solver

No. of Data Rows : 6
voa = -6.248629658e-04
ddc = 1.0644955679e-07
dde = -1.036965737e-07
Reset re-loads circuit * comparator-offset-mc @ sf_27c_3.63v -- generated by sim/harness, do not edit

Circuit: * comparator-offset-mc @ sf_27c_3.63v -- generated by sim/harness, do not edit

Doing analysis at TEMP = 27.000000 and TNOM = 27.000000

Using SPARSE 1.3 as Direct Linear Solver
 Reference value :  0.00000e+00
No. of Data Rows : 6
voa = 1.7244432771e-03
ddc = -1.921901302e-07
dde = 1.8868065858e-07
Reset re-loads circuit * comparator-offset-mc @ sf_27c_3.63v -- generated by sim/harness, do not edit

Circuit: * comparator-offset-mc @ sf_27c_3.63v -- generated by sim/harness, do not edit

Doing analysis at TEMP = 27.000000 and TNOM = 27.000000

Using SPARSE 1.3 as Direct Linear Solver

No. of Data Rows : 6
voa = 1.2061965298e-03
ddc = -9.976592936e-08
dde = 9.8702707590e-08
Reset re-loads circuit * comparator-offset-mc @ sf_27c_3.63v -- generated by sim/harness, do not edit

Circuit: * comparator-offset-mc @ sf_27c_3.63v -- generated by sim/harness, do not edit

Doing analysis at TEMP = 27.000000 and TNOM = 27.000000

Using SPARSE 1.3 as Direct Linear Solver

No. of Data Rows : 6
voa = -6.538507874e-04
ddc = 4.4343854993e-08
dde = -4.417710809e-08
Reset re-loads circuit * comparator-offset-mc @ sf_27c_3.63v -- generated by sim/harness, do not edit

Circuit: * comparator-offset-mc @ sf_27c_3.63v -- generated by sim/harness, do not edit

Doing analysis at TEMP = 27.000000 and TNOM = 27.000000

Using SPARSE 1.3 as Direct Linear Solver

No. of Data Rows : 6
voa = -6.898493318e-04
ddc = 1.3456991869e-07
dde = -1.308855043e-07
Reset re-loads circuit * comparator-offset-mc @ sf_27c_3.63v -- generated by sim/harness, do not edit

Circuit: * comparator-offset-mc @ sf_27c_3.63v -- generated by sim/harness, do not edit

Doing analysis at TEMP = 27.000000 and TNOM = 27.000000

Using SPARSE 1.3 as Direct Linear Solver

No. of Data Rows : 6
voa = 1.2694770238e-03
ddc = -1.149909265e-07
dde = 1.1348027362e-07
Reset re-loads circuit * comparator-offset-mc @ sf_27c_3.63v -- generated by sim/harness, do not edit

Circuit: * comparator-offset-mc @ sf_27c_3.63v -- generated by sim/harness, do not edit

Doing analysis at TEMP = 27.000000 and TNOM = 27.000000

Using SPARSE 1.3 as Direct Linear Solver

No. of Data Rows : 6
voa = 9.3490263539e-04
ddc = -1.393600253e-07
dde = 1.3608901476e-07
Reset re-loads circuit * comparator-offset-mc @ sf_27c_3.63v -- generated by sim/harness, do not edit

Circuit: * comparator-offset-mc @ sf_27c_3.63v -- generated by sim/harness, do not edit

Doing analysis at TEMP = 27.000000 and TNOM = 27.000000

Using SPARSE 1.3 as Direct Linear Solver

No. of Data Rows : 6
voa = -1.028486449e-03
ddc = 9.3848073054e-08
dde = -9.258925108e-08
Reset re-loads circuit * comparator-offset-mc @ sf_27c_3.63v -- generated by sim/harness, do not edit

Circuit: * comparator-offset-mc @ sf_27c_3.63v -- generated by sim/harness, do not edit

Doing analysis at TEMP = 27.000000 and TNOM = 27.000000

Using SPARSE 1.3 as Direct Linear Solver

No. of Data Rows : 6
voa = 1.6354444882e-03
ddc = -2.505337756e-07
dde = 2.4443739235e-07
Reset re-loads circuit * comparator-offset-mc @ sf_27c_3.63v -- generated by sim/harness, do not edit

Circuit: * comparator-offset-mc @ sf_27c_3.63v -- generated by sim/harness, do not edit

Doing analysis at TEMP = 27.000000 and TNOM = 27.000000

Using SPARSE 1.3 as Direct Linear Solver

No. of Data Rows : 6
voa = 8.9841595135e-04
ddc = -6.970115687e-08
dde = 6.9097540710e-08
Reset re-loads circuit * comparator-offset-mc @ sf_27c_3.63v -- generated by sim/harness, do not edit

Circuit: * comparator-offset-mc @ sf_27c_3.63v -- generated by sim/harness, do not edit

Doing analysis at TEMP = 27.000000 and TNOM = 27.000000

Using SPARSE 1.3 as Direct Linear Solver

No. of Data Rows : 6
voa = 1.8146640289e-03
ddc = -1.846004223e-07
dde = 1.8163834275e-07
Reset re-loads circuit * comparator-offset-mc @ sf_27c_3.63v -- generated by sim/harness, do not edit

Circuit: * comparator-offset-mc @ sf_27c_3.63v -- generated by sim/harness, do not edit

Doing analysis at TEMP = 27.000000 and TNOM = 27.000000

Using SPARSE 1.3 as Direct Linear Solver

No. of Data Rows : 6
voa = -1.184667802e-03
ddc = 1.4648545771e-07
dde = -1.435342589e-07
Reset re-loads circuit * comparator-offset-mc @ sf_27c_3.63v -- generated by sim/harness, do not edit

Circuit: * comparator-offset-mc @ sf_27c_3.63v -- generated by sim/harness, do not edit

Doing analysis at TEMP = 27.000000 and TNOM = 27.000000

Using SPARSE 1.3 as Direct Linear Solver

No. of Data Rows : 6
voa = 1.8285086419e-03
ddc = -1.751857031e-07
dde = 1.7263140729e-07
Reset re-loads circuit * comparator-offset-mc @ sf_27c_3.63v -- generated by sim/harness, do not edit

Circuit: * comparator-offset-mc @ sf_27c_3.63v -- generated by sim/harness, do not edit

Doing analysis at TEMP = 27.000000 and TNOM = 27.000000

Using SPARSE 1.3 as Direct Linear Solver

No. of Data Rows : 6
voa = -4.567808558e-04
ddc = 7.2902703318e-08
dde = -7.108858001e-08
Reset re-loads circuit * comparator-offset-mc @ sf_27c_3.63v -- generated by sim/harness, do not edit

Circuit: * comparator-offset-mc @ sf_27c_3.63v -- generated by sim/harness, do not edit

Doing analysis at TEMP = 27.000000 and TNOM = 27.000000

Using SPARSE 1.3 as Direct Linear Solver

No. of Data Rows : 6
voa = -1.502163952e-03
ddc = 2.1584825995e-07
dde = -2.109400234e-07
Reset re-loads circuit * comparator-offset-mc @ sf_27c_3.63v -- generated by sim/harness, do not edit

Circuit: * comparator-offset-mc @ sf_27c_3.63v -- generated by sim/harness, do not edit

Doing analysis at TEMP = 27.000000 and TNOM = 27.000000

Using SPARSE 1.3 as Direct Linear Solver

No. of Data Rows : 6
voa = -1.213031166e-04
ddc = -3.004096735e-08
dde = 2.8571021773e-08
Reset re-loads circuit * comparator-offset-mc @ sf_27c_3.63v -- generated by sim/harness, do not edit

Circuit: * comparator-offset-mc @ sf_27c_3.63v -- generated by sim/harness, do not edit

Doing analysis at TEMP = 27.000000 and TNOM = 27.000000

Using SPARSE 1.3 as Direct Linear Solver

No. of Data Rows : 6
voa = 4.4441694085e-04
ddc = -1.369266795e-07
dde = 1.3246296793e-07
Reset re-loads circuit * comparator-offset-mc @ sf_27c_3.63v -- generated by sim/harness, do not edit

Circuit: * comparator-offset-mc @ sf_27c_3.63v -- generated by sim/harness, do not edit

Doing analysis at TEMP = 27.000000 and TNOM = 27.000000

Using SPARSE 1.3 as Direct Linear Solver

No. of Data Rows : 6
voa = 2.4535954820e-04
ddc = -2.942450962e-08
dde = 2.8841068452e-08
Reset re-loads circuit * comparator-offset-mc @ sf_27c_3.63v -- generated by sim/harness, do not edit

Circuit: * comparator-offset-mc @ sf_27c_3.63v -- generated by sim/harness, do not edit

Doing analysis at TEMP = 27.000000 and TNOM = 27.000000

Using SPARSE 1.3 as Direct Linear Solver

No. of Data Rows : 6
voa = 1.1449104486e-03
ddc = -1.157722018e-07
dde = 1.1392856480e-07
Reset re-loads circuit * comparator-offset-mc @ sf_27c_3.63v -- generated by sim/harness, do not edit

Circuit: * comparator-offset-mc @ sf_27c_3.63v -- generated by sim/harness, do not edit

Doing analysis at TEMP = 27.000000 and TNOM = 27.000000

Using SPARSE 1.3 as Direct Linear Solver

No. of Data Rows : 6
voa = -2.464422729e-03
ddc = 3.2391183244e-07
dde = -3.171068447e-07
Reset re-loads circuit * comparator-offset-mc @ sf_27c_3.63v -- generated by sim/harness, do not edit

Circuit: * comparator-offset-mc @ sf_27c_3.63v -- generated by sim/harness, do not edit

Doing analysis at TEMP = 27.000000 and TNOM = 27.000000

Using SPARSE 1.3 as Direct Linear Solver

No. of Data Rows : 6
voa = -7.780093707e-04
ddc = 1.1150814261e-07
dde = -1.089230201e-07
Reset re-loads circuit * comparator-offset-mc @ sf_27c_3.63v -- generated by sim/harness, do not edit

Circuit: * comparator-offset-mc @ sf_27c_3.63v -- generated by sim/harness, do not edit

Doing analysis at TEMP = 27.000000 and TNOM = 27.000000

Using SPARSE 1.3 as Direct Linear Solver

No. of Data Rows : 6
voa = -7.002217888e-04
ddc = 7.7257451797e-08
dde = -7.586726331e-08
Reset re-loads circuit * comparator-offset-mc @ sf_27c_3.63v -- generated by sim/harness, do not edit

Circuit: * comparator-offset-mc @ sf_27c_3.63v -- generated by sim/harness, do not edit

Doing analysis at TEMP = 27.000000 and TNOM = 27.000000

Using SPARSE 1.3 as Direct Linear Solver

No. of Data Rows : 6
voa = 1.7972071914e-03
ddc = -2.188965626e-07
dde = 2.1451981380e-07
Reset re-loads circuit * comparator-offset-mc @ sf_27c_3.63v -- generated by sim/harness, do not edit

Circuit: * comparator-offset-mc @ sf_27c_3.63v -- generated by sim/harness, do not edit

Doing analysis at TEMP = 27.000000 and TNOM = 27.000000

Using SPARSE 1.3 as Direct Linear Solver
 Reference value :  0.00000e+00
No. of Data Rows : 6
voa = -6.028894302e-04
ddc = -3.620814045e-10
dde = -1.142408702e-09
Reset re-loads circuit * comparator-offset-mc @ sf_27c_3.63v -- generated by sim/harness, do not edit

Circuit: * comparator-offset-mc @ sf_27c_3.63v -- generated by sim/harness, do not edit

Doing analysis at TEMP = 27.000000 and TNOM = 27.000000

Using SPARSE 1.3 as Direct Linear Solver

No. of Data Rows : 6
voa = 9.8062730150e-04
ddc = -1.526108709e-07
dde = 1.4888931086e-07
Reset re-loads circuit * comparator-offset-mc @ sf_27c_3.63v -- generated by sim/harness, do not edit

Circuit: * comparator-offset-mc @ sf_27c_3.63v -- generated by sim/harness, do not edit

Doing analysis at TEMP = 27.000000 and TNOM = 27.000000

Using SPARSE 1.3 as Direct Linear Solver

No. of Data Rows : 6
voa = -7.721783116e-04
ddc = 1.9939230019e-08
dde = -2.100440580e-08
Reset re-loads circuit * comparator-offset-mc @ sf_27c_3.63v -- generated by sim/harness, do not edit

Circuit: * comparator-offset-mc @ sf_27c_3.63v -- generated by sim/harness, do not edit

Doing analysis at TEMP = 27.000000 and TNOM = 27.000000

Using SPARSE 1.3 as Direct Linear Solver

No. of Data Rows : 6
voa = 2.8081624073e-03
ddc = -2.663584692e-07
dde = 2.6253019783e-07
Reset re-loads circuit * comparator-offset-mc @ sf_27c_3.63v -- generated by sim/harness, do not edit

Circuit: * comparator-offset-mc @ sf_27c_3.63v -- generated by sim/harness, do not edit

Doing analysis at TEMP = 27.000000 and TNOM = 27.000000

Using SPARSE 1.3 as Direct Linear Solver

No. of Data Rows : 6
voa = -1.004616682e-03
ddc = 1.4194187496e-07
dde = -1.387152225e-07
Reset re-loads circuit * comparator-offset-mc @ sf_27c_3.63v -- generated by sim/harness, do not edit

Circuit: * comparator-offset-mc @ sf_27c_3.63v -- generated by sim/harness, do not edit

Doing analysis at TEMP = 27.000000 and TNOM = 27.000000

Using SPARSE 1.3 as Direct Linear Solver

No. of Data Rows : 6
voa = -3.090819053e-03
ddc = 3.5617270423e-07
dde = -3.495998053e-07
Reset re-loads circuit * comparator-offset-mc @ sf_27c_3.63v -- generated by sim/harness, do not edit

Circuit: * comparator-offset-mc @ sf_27c_3.63v -- generated by sim/harness, do not edit

Doing analysis at TEMP = 27.000000 and TNOM = 27.000000

Using SPARSE 1.3 as Direct Linear Solver

No. of Data Rows : 6
voa = -2.427130193e-03
ddc = 2.9670020957e-07
dde = -2.906886198e-07
Reset re-loads circuit * comparator-offset-mc @ sf_27c_3.63v -- generated by sim/harness, do not edit

Circuit: * comparator-offset-mc @ sf_27c_3.63v -- generated by sim/harness, do not edit

Doing analysis at TEMP = 27.000000 and TNOM = 27.000000

Using SPARSE 1.3 as Direct Linear Solver

No. of Data Rows : 6
voa = -2.027517175e-03
ddc = 2.3812567604e-07
dde = -2.335316280e-07
Reset re-loads circuit * comparator-offset-mc @ sf_27c_3.63v -- generated by sim/harness, do not edit

Circuit: * comparator-offset-mc @ sf_27c_3.63v -- generated by sim/harness, do not edit

Doing analysis at TEMP = 27.000000 and TNOM = 27.000000

Using SPARSE 1.3 as Direct Linear Solver

No. of Data Rows : 6
voa = 1.1381474684e-04
ddc = -5.641509054e-09
dde = 5.6962018115e-09
Reset re-loads circuit * comparator-offset-mc @ sf_27c_3.63v -- generated by sim/harness, do not edit

Circuit: * comparator-offset-mc @ sf_27c_3.63v -- generated by sim/harness, do not edit

Doing analysis at TEMP = 27.000000 and TNOM = 27.000000

Using SPARSE 1.3 as Direct Linear Solver

No. of Data Rows : 6
voa = -1.152428370e-04
ddc = 5.7105999569e-08
dde = -5.506961055e-08
Reset re-loads circuit * comparator-offset-mc @ sf_27c_3.63v -- generated by sim/harness, do not edit

Circuit: * comparator-offset-mc @ sf_27c_3.63v -- generated by sim/harness, do not edit

Doing analysis at TEMP = 27.000000 and TNOM = 27.000000

Using SPARSE 1.3 as Direct Linear Solver

No. of Data Rows : 6
voa = -2.901710231e-03
ddc = 3.4608525636e-07
dde = -3.396507916e-07
Reset re-loads circuit * comparator-offset-mc @ sf_27c_3.63v -- generated by sim/harness, do not edit

Circuit: * comparator-offset-mc @ sf_27c_3.63v -- generated by sim/harness, do not edit

Doing analysis at TEMP = 27.000000 and TNOM = 27.000000

Using SPARSE 1.3 as Direct Linear Solver

No. of Data Rows : 6
voa = 2.2920415959e-03
ddc = -2.693438689e-07
dde = 2.6415115669e-07
Reset re-loads circuit * comparator-offset-mc @ sf_27c_3.63v -- generated by sim/harness, do not edit

Circuit: * comparator-offset-mc @ sf_27c_3.63v -- generated by sim/harness, do not edit

Doing analysis at TEMP = 27.000000 and TNOM = 27.000000

Using SPARSE 1.3 as Direct Linear Solver

No. of Data Rows : 6
voa = 3.0172764982e-04
ddc = 1.3453210028e-08
dde = -1.214931857e-08
Reset re-loads circuit * comparator-offset-mc @ sf_27c_3.63v -- generated by sim/harness, do not edit

Circuit: * comparator-offset-mc @ sf_27c_3.63v -- generated by sim/harness, do not edit

Doing analysis at TEMP = 27.000000 and TNOM = 27.000000

Using SPARSE 1.3 as Direct Linear Solver

No. of Data Rows : 6
voa = -1.063140429e-04
ddc = -6.008925832e-09
dde = 5.4980788044e-09
Reset re-loads circuit * comparator-offset-mc @ sf_27c_3.63v -- generated by sim/harness, do not edit

Circuit: * comparator-offset-mc @ sf_27c_3.63v -- generated by sim/harness, do not edit

Doing analysis at TEMP = 27.000000 and TNOM = 27.000000

Using SPARSE 1.3 as Direct Linear Solver

No. of Data Rows : 6
voa = -2.900895576e-04
ddc = 3.5711845987e-08
dde = -3.498547033e-08
Reset re-loads circuit * comparator-offset-mc @ sf_27c_3.63v -- generated by sim/harness, do not edit

Circuit: * comparator-offset-mc @ sf_27c_3.63v -- generated by sim/harness, do not edit

Doing analysis at TEMP = 27.000000 and TNOM = 27.000000

Using SPARSE 1.3 as Direct Linear Solver

No. of Data Rows : 6
voa = -3.689918810e-04
ddc = 6.4943375017e-08
dde = -6.323220613e-08
Reset re-loads circuit * comparator-offset-mc @ sf_27c_3.63v -- generated by sim/harness, do not edit

Circuit: * comparator-offset-mc @ sf_27c_3.63v -- generated by sim/harness, do not edit

Doing analysis at TEMP = 27.000000 and TNOM = 27.000000

Using SPARSE 1.3 as Direct Linear Solver

No. of Data Rows : 6
voa = -1.160610675e-03
ddc = 1.0144788654e-07
dde = -1.002223924e-07
Reset re-loads circuit * comparator-offset-mc @ sf_27c_3.63v -- generated by sim/harness, do not edit

Circuit: * comparator-offset-mc @ sf_27c_3.63v -- generated by sim/harness, do not edit

Doing analysis at TEMP = 27.000000 and TNOM = 27.000000

Using SPARSE 1.3 as Direct Linear Solver

No. of Data Rows : 6
voa = -6.635519060e-04
ddc = 7.5766493764e-08
dde = -7.433202507e-08
Reset re-loads circuit * comparator-offset-mc @ sf_27c_3.63v -- generated by sim/harness, do not edit

Circuit: * comparator-offset-mc @ sf_27c_3.63v -- generated by sim/harness, do not edit

Doing analysis at TEMP = 27.000000 and TNOM = 27.000000

Using SPARSE 1.3 as Direct Linear Solver

No. of Data Rows : 6
voa = 1.3370295378e-03
ddc = -1.023856864e-07
dde = 1.0155022370e-07
Reset re-loads circuit * comparator-offset-mc @ sf_27c_3.63v -- generated by sim/harness, do not edit

Circuit: * comparator-offset-mc @ sf_27c_3.63v -- generated by sim/harness, do not edit

Doing analysis at TEMP = 27.000000 and TNOM = 27.000000

Using SPARSE 1.3 as Direct Linear Solver
 Reference value :  0.00000e+00
No. of Data Rows : 6
voa = 7.5277952457e-05
ddc = -2.168363724e-08
dde = 2.0998705199e-08
Reset re-loads circuit * comparator-offset-mc @ sf_27c_3.63v -- generated by sim/harness, do not edit

Circuit: * comparator-offset-mc @ sf_27c_3.63v -- generated by sim/harness, do not edit

Doing analysis at TEMP = 27.000000 and TNOM = 27.000000

Using SPARSE 1.3 as Direct Linear Solver

No. of Data Rows : 6
voa = -2.369602313e-03
ddc = 2.5738736360e-07
dde = -2.528436142e-07
Reset re-loads circuit * comparator-offset-mc @ sf_27c_3.63v -- generated by sim/harness, do not edit

Circuit: * comparator-offset-mc @ sf_27c_3.63v -- generated by sim/harness, do not edit

Doing analysis at TEMP = 27.000000 and TNOM = 27.000000

Using SPARSE 1.3 as Direct Linear Solver

No. of Data Rows : 6
voa = 1.4089188238e-05
ddc = 6.8001137207e-08
dde = -6.520405755e-08
Reset re-loads circuit * comparator-offset-mc @ sf_27c_3.63v -- generated by sim/harness, do not edit

Circuit: * comparator-offset-mc @ sf_27c_3.63v -- generated by sim/harness, do not edit

Doing analysis at TEMP = 27.000000 and TNOM = 27.000000

Using SPARSE 1.3 as Direct Linear Solver

No. of Data Rows : 6
voa = -4.385874467e-04
ddc = 4.6428108249e-08
dde = -4.563684824e-08
Reset re-loads circuit * comparator-offset-mc @ sf_27c_3.63v -- generated by sim/harness, do not edit

Circuit: * comparator-offset-mc @ sf_27c_3.63v -- generated by sim/harness, do not edit

Doing analysis at TEMP = 27.000000 and TNOM = 27.000000

Using SPARSE 1.3 as Direct Linear Solver

No. of Data Rows : 6
voa = 3.9927416995e-06
ddc = -7.632846976e-08
dde = 7.3265036150e-08
Reset re-loads circuit * comparator-offset-mc @ sf_27c_3.63v -- generated by sim/harness, do not edit

Circuit: * comparator-offset-mc @ sf_27c_3.63v -- generated by sim/harness, do not edit

Doing analysis at TEMP = 27.000000 and TNOM = 27.000000

Using SPARSE 1.3 as Direct Linear Solver

No. of Data Rows : 6
voa = -1.096342910e-03
ddc = 1.4232022783e-07
dde = -1.393137486e-07
Reset re-loads circuit * comparator-offset-mc @ sf_27c_3.63v -- generated by sim/harness, do not edit

Circuit: * comparator-offset-mc @ sf_27c_3.63v -- generated by sim/harness, do not edit

Doing analysis at TEMP = 27.000000 and TNOM = 27.000000

Using SPARSE 1.3 as Direct Linear Solver

No. of Data Rows : 6
voa = 1.0817060522e-03
ddc = -8.797148892e-08
dde = 8.7072055210e-08
Reset re-loads circuit * comparator-offset-mc @ sf_27c_3.63v -- generated by sim/harness, do not edit

Circuit: * comparator-offset-mc @ sf_27c_3.63v -- generated by sim/harness, do not edit

Doing analysis at TEMP = 27.000000 and TNOM = 27.000000

Using SPARSE 1.3 as Direct Linear Solver

No. of Data Rows : 6
voa = 7.0323536257e-04
ddc = -1.214595404e-07
dde = 1.1827813200e-07
Reset re-loads circuit * comparator-offset-mc @ sf_27c_3.63v -- generated by sim/harness, do not edit

Circuit: * comparator-offset-mc @ sf_27c_3.63v -- generated by sim/harness, do not edit

Doing analysis at TEMP = 27.000000 and TNOM = 27.000000

Using SPARSE 1.3 as Direct Linear Solver

No. of Data Rows : 6
voa = -3.768612803e-04
ddc = 2.4274780049e-08
dde = -2.422841556e-08
Reset re-loads circuit * comparator-offset-mc @ sf_27c_3.63v -- generated by sim/harness, do not edit

Circuit: * comparator-offset-mc @ sf_27c_3.63v -- generated by sim/harness, do not edit

Doing analysis at TEMP = 27.000000 and TNOM = 27.000000

Using SPARSE 1.3 as Direct Linear Solver

No. of Data Rows : 6
voa = 4.6563996506e-04
ddc = -6.781842676e-09
dde = 7.6515963844e-09
Reset re-loads circuit * comparator-offset-mc @ sf_27c_3.63v -- generated by sim/harness, do not edit

Circuit: * comparator-offset-mc @ sf_27c_3.63v -- generated by sim/harness, do not edit

Doing analysis at TEMP = 27.000000 and TNOM = 27.000000

Using SPARSE 1.3 as Direct Linear Solver

No. of Data Rows : 6
voa = 1.3661239187e-04
ddc = -8.260421101e-08
dde = 7.9605682755e-08
Reset re-loads circuit * comparator-offset-mc @ sf_27c_3.63v -- generated by sim/harness, do not edit

Circuit: * comparator-offset-mc @ sf_27c_3.63v -- generated by sim/harness, do not edit

Doing analysis at TEMP = 27.000000 and TNOM = 27.000000

Using SPARSE 1.3 as Direct Linear Solver

No. of Data Rows : 6
voa = 9.5636423352e-04
ddc = -4.408306360e-08
dde = 4.4686386366e-08
Reset re-loads circuit * comparator-offset-mc @ sf_27c_3.63v -- generated by sim/harness, do not edit

Circuit: * comparator-offset-mc @ sf_27c_3.63v -- generated by sim/harness, do not edit

Doing analysis at TEMP = 27.000000 and TNOM = 27.000000

Using SPARSE 1.3 as Direct Linear Solver

No. of Data Rows : 6
voa = 1.1708183003e-03
ddc = -5.340076184e-08
dde = 5.4140953714e-08
Reset re-loads circuit * comparator-offset-mc @ sf_27c_3.63v -- generated by sim/harness, do not edit

Circuit: * comparator-offset-mc @ sf_27c_3.63v -- generated by sim/harness, do not edit

Doing analysis at TEMP = 27.000000 and TNOM = 27.000000

Using SPARSE 1.3 as Direct Linear Solver

No. of Data Rows : 6
voa = 4.9016491494e-04
ddc = -9.230016534e-08
dde = 8.9838820873e-08
Reset re-loads circuit * comparator-offset-mc @ sf_27c_3.63v -- generated by sim/harness, do not edit

Circuit: * comparator-offset-mc @ sf_27c_3.63v -- generated by sim/harness, do not edit

Doing analysis at TEMP = 27.000000 and TNOM = 27.000000

Using SPARSE 1.3 as Direct Linear Solver

No. of Data Rows : 6
voa = 4.1365611952e-04
ddc = -2.381713251e-08
dde = 2.3869657986e-08
Reset re-loads circuit * comparator-offset-mc @ sf_27c_3.63v -- generated by sim/harness, do not edit

Circuit: * comparator-offset-mc @ sf_27c_3.63v -- generated by sim/harness, do not edit

Doing analysis at TEMP = 27.000000 and TNOM = 27.000000

Using SPARSE 1.3 as Direct Linear Solver

No. of Data Rows : 6
voa = 3.2395288856e-05
ddc = -1.202945517e-08
dde = 1.1621612619e-08
Reset re-loads circuit * comparator-offset-mc @ sf_27c_3.63v -- generated by sim/harness, do not edit

Circuit: * comparator-offset-mc @ sf_27c_3.63v -- generated by sim/harness, do not edit

Doing analysis at TEMP = 27.000000 and TNOM = 27.000000

Using SPARSE 1.3 as Direct Linear Solver

No. of Data Rows : 6
voa = 7.2203599773e-04
ddc = -1.065642748e-07
dde = 1.0404388629e-07
Reset re-loads circuit * comparator-offset-mc @ sf_27c_3.63v -- generated by sim/harness, do not edit

Circuit: * comparator-offset-mc @ sf_27c_3.63v -- generated by sim/harness, do not edit

Doing analysis at TEMP = 27.000000 and TNOM = 27.000000

Using SPARSE 1.3 as Direct Linear Solver

No. of Data Rows : 6
voa = 6.7688015106e-04
ddc = -1.064842049e-07
dde = 1.0383421395e-07
Reset re-loads circuit * comparator-offset-mc @ sf_27c_3.63v -- generated by sim/harness, do not edit

Circuit: * comparator-offset-mc @ sf_27c_3.63v -- generated by sim/harness, do not edit

Doing analysis at TEMP = 27.000000 and TNOM = 27.000000

Using SPARSE 1.3 as Direct Linear Solver
 Reference value :  0.00000e+00
No. of Data Rows : 6
voa = -2.690916383e-03
ddc = 3.6139179820e-07
dde = -3.536223238e-07
Reset re-loads circuit * comparator-offset-mc @ sf_27c_3.63v -- generated by sim/harness, do not edit

Circuit: * comparator-offset-mc @ sf_27c_3.63v -- generated by sim/harness, do not edit

Doing analysis at TEMP = 27.000000 and TNOM = 27.000000

Using SPARSE 1.3 as Direct Linear Solver

No. of Data Rows : 6
voa = 4.6250767738e-04
ddc = 7.6444150799e-08
dde = -7.221691285e-08
Reset re-loads circuit * comparator-offset-mc @ sf_27c_3.63v -- generated by sim/harness, do not edit

Circuit: * comparator-offset-mc @ sf_27c_3.63v -- generated by sim/harness, do not edit

Doing analysis at TEMP = 27.000000 and TNOM = 27.000000

Using SPARSE 1.3 as Direct Linear Solver

No. of Data Rows : 6
voa = 1.5476943060e-03
ddc = -1.935255642e-07
dde = 1.8953784872e-07
Reset re-loads circuit * comparator-offset-mc @ sf_27c_3.63v -- generated by sim/harness, do not edit

Circuit: * comparator-offset-mc @ sf_27c_3.63v -- generated by sim/harness, do not edit

Doing analysis at TEMP = 27.000000 and TNOM = 27.000000

Using SPARSE 1.3 as Direct Linear Solver

No. of Data Rows : 6
voa = -5.869672636e-04
ddc = 6.0885924322e-08
dde = -5.990001638e-08
Reset re-loads circuit * comparator-offset-mc @ sf_27c_3.63v -- generated by sim/harness, do not edit

Circuit: * comparator-offset-mc @ sf_27c_3.63v -- generated by sim/harness, do not edit

Doing analysis at TEMP = 27.000000 and TNOM = 27.000000

Using SPARSE 1.3 as Direct Linear Solver

No. of Data Rows : 6
voa = -1.018516988e-03
ddc = 3.1372680990e-08
dde = -3.261071575e-08
Reset re-loads circuit * comparator-offset-mc @ sf_27c_3.63v -- generated by sim/harness, do not edit

Circuit: * comparator-offset-mc @ sf_27c_3.63v -- generated by sim/harness, do not edit

Doing analysis at TEMP = 27.000000 and TNOM = 27.000000

Using SPARSE 1.3 as Direct Linear Solver

No. of Data Rows : 6
voa = 2.4180722910e-03
ddc = -2.801092470e-07
dde = 2.7476550033e-07
Reset re-loads circuit * comparator-offset-mc @ sf_27c_3.63v -- generated by sim/harness, do not edit

Circuit: * comparator-offset-mc @ sf_27c_3.63v -- generated by sim/harness, do not edit

Doing analysis at TEMP = 27.000000 and TNOM = 27.000000

Using SPARSE 1.3 as Direct Linear Solver

No. of Data Rows : 6
voa = 9.7334445337e-04
ddc = -1.070322420e-07
dde = 1.0511420160e-07
Reset re-loads circuit * comparator-offset-mc @ sf_27c_3.63v -- generated by sim/harness, do not edit

Circuit: * comparator-offset-mc @ sf_27c_3.63v -- generated by sim/harness, do not edit

Doing analysis at TEMP = 27.000000 and TNOM = 27.000000

Using SPARSE 1.3 as Direct Linear Solver

No. of Data Rows : 6
voa = 6.7983845052e-04
ddc = -6.217832643e-08
dde = 6.1351554501e-08
Reset re-loads circuit * comparator-offset-mc @ sf_27c_3.63v -- generated by sim/harness, do not edit

Circuit: * comparator-offset-mc @ sf_27c_3.63v -- generated by sim/harness, do not edit

Doing analysis at TEMP = 27.000000 and TNOM = 27.000000

Using SPARSE 1.3 as Direct Linear Solver

No. of Data Rows : 6
voa = 2.3565073207e-03
ddc = -2.700056536e-07
dde = 2.6493669403e-07
Reset re-loads circuit * comparator-offset-mc @ sf_27c_3.63v -- generated by sim/harness, do not edit

Circuit: * comparator-offset-mc @ sf_27c_3.63v -- generated by sim/harness, do not edit

Doing analysis at TEMP = 27.000000 and TNOM = 27.000000

Using SPARSE 1.3 as Direct Linear Solver

No. of Data Rows : 6
voa = -1.328428529e-03
ddc = 1.6809658302e-07
dde = -1.646141602e-07
Reset re-loads circuit * comparator-offset-mc @ sf_27c_3.63v -- generated by sim/harness, do not edit

Circuit: * comparator-offset-mc @ sf_27c_3.63v -- generated by sim/harness, do not edit

Doing analysis at TEMP = 27.000000 and TNOM = 27.000000

Using SPARSE 1.3 as Direct Linear Solver

No. of Data Rows : 6
voa = 8.5934743223e-04
ddc = -9.570906406e-08
dde = 9.3954355956e-08
Reset re-loads circuit * comparator-offset-mc @ sf_27c_3.63v -- generated by sim/harness, do not edit

Circuit: * comparator-offset-mc @ sf_27c_3.63v -- generated by sim/harness, do not edit

Doing analysis at TEMP = 27.000000 and TNOM = 27.000000

Using SPARSE 1.3 as Direct Linear Solver

No. of Data Rows : 6
voa = -2.167602409e-04
ddc = 2.7127093864e-08
dde = -2.657540318e-08
Reset re-loads circuit * comparator-offset-mc @ sf_27c_3.63v -- generated by sim/harness, do not edit

Circuit: * comparator-offset-mc @ sf_27c_3.63v -- generated by sim/harness, do not edit

Doing analysis at TEMP = 27.000000 and TNOM = 27.000000

Using SPARSE 1.3 as Direct Linear Solver

No. of Data Rows : 6
voa = -2.149201952e-04
ddc = 5.5120677699e-08
dde = -5.341542682e-08
Reset re-loads circuit * comparator-offset-mc @ sf_27c_3.63v -- generated by sim/harness, do not edit

Circuit: * comparator-offset-mc @ sf_27c_3.63v -- generated by sim/harness, do not edit

Doing analysis at TEMP = 27.000000 and TNOM = 27.000000

Using SPARSE 1.3 as Direct Linear Solver

No. of Data Rows : 6
voa = -9.911978392e-04
ddc = 1.0911899929e-07
dde = -1.071861610e-07
Reset re-loads circuit * comparator-offset-mc @ sf_27c_3.63v -- generated by sim/harness, do not edit

Circuit: * comparator-offset-mc @ sf_27c_3.63v -- generated by sim/harness, do not edit

Doing analysis at TEMP = 27.000000 and TNOM = 27.000000

Using SPARSE 1.3 as Direct Linear Solver

No. of Data Rows : 6
voa = 1.6299918262e-03
ddc = -1.511888639e-07
dde = 1.4909574226e-07
Reset re-loads circuit * comparator-offset-mc @ sf_27c_3.63v -- generated by sim/harness, do not edit

Circuit: * comparator-offset-mc @ sf_27c_3.63v -- generated by sim/harness, do not edit

Doing analysis at TEMP = 27.000000 and TNOM = 27.000000

Using SPARSE 1.3 as Direct Linear Solver

No. of Data Rows : 6
voa = -7.015897036e-04
ddc = 4.7422606196e-08
dde = -4.724054151e-08
Reset re-loads circuit * comparator-offset-mc @ sf_27c_3.63v -- generated by sim/harness, do not edit

Circuit: * comparator-offset-mc @ sf_27c_3.63v -- generated by sim/harness, do not edit

Doing analysis at TEMP = 27.000000 and TNOM = 27.000000

Using SPARSE 1.3 as Direct Linear Solver

No. of Data Rows : 6
voa = -2.261170600e-04
ddc = 5.0886468330e-08
dde = -4.939059585e-08
Reset re-loads circuit * comparator-offset-mc @ sf_27c_3.63v -- generated by sim/harness, do not edit

Circuit: * comparator-offset-mc @ sf_27c_3.63v -- generated by sim/harness, do not edit

Doing analysis at TEMP = 27.000000 and TNOM = 27.000000

Using SPARSE 1.3 as Direct Linear Solver
 Reference value :  0.00000e+00
No. of Data Rows : 6
voa = 5.4434266372e-04
ddc = -3.679679210e-09
dde = 4.8797354364e-09
Reset re-loads circuit * comparator-offset-mc @ sf_27c_3.63v -- generated by sim/harness, do not edit

Circuit: * comparator-offset-mc @ sf_27c_3.63v -- generated by sim/harness, do not edit

Doing analysis at TEMP = 27.000000 and TNOM = 27.000000

Using SPARSE 1.3 as Direct Linear Solver

No. of Data Rows : 6
voa = -2.546823751e-04
ddc = 2.9743522954e-08
dde = -2.917091966e-08
Reset re-loads circuit * comparator-offset-mc @ sf_27c_3.63v -- generated by sim/harness, do not edit

Circuit: * comparator-offset-mc @ sf_27c_3.63v -- generated by sim/harness, do not edit

Doing analysis at TEMP = 27.000000 and TNOM = 27.000000

Using SPARSE 1.3 as Direct Linear Solver

No. of Data Rows : 6
voa = 2.5418292277e-04
ddc = -7.787379524e-08
dde = 7.5364258311e-08
Reset re-loads circuit * comparator-offset-mc @ sf_27c_3.63v -- generated by sim/harness, do not edit

Circuit: * comparator-offset-mc @ sf_27c_3.63v -- generated by sim/harness, do not edit

Doing analysis at TEMP = 27.000000 and TNOM = 27.000000

Using SPARSE 1.3 as Direct Linear Solver

No. of Data Rows : 6
voa = -2.381771048e-07
ddc = 5.5611906119e-08
dde = -5.336299120e-08
Reset re-loads circuit * comparator-offset-mc @ sf_27c_3.63v -- generated by sim/harness, do not edit

Circuit: * comparator-offset-mc @ sf_27c_3.63v -- generated by sim/harness, do not edit

Doing analysis at TEMP = 27.000000 and TNOM = 27.000000

Using SPARSE 1.3 as Direct Linear Solver

No. of Data Rows : 6
voa = -2.342520359e-04
ddc = -7.253377689e-09
dde = 6.3749265498e-09
Reset re-loads circuit * comparator-offset-mc @ sf_27c_3.63v -- generated by sim/harness, do not edit

Circuit: * comparator-offset-mc @ sf_27c_3.63v -- generated by sim/harness, do not edit

Doing analysis at TEMP = 27.000000 and TNOM = 27.000000

Using SPARSE 1.3 as Direct Linear Solver

No. of Data Rows : 6
voa = -4.641805970e-04
ddc = 8.3993175403e-08
dde = -8.174419132e-08
Reset re-loads circuit * comparator-offset-mc @ sf_27c_3.63v -- generated by sim/harness, do not edit

Circuit: * comparator-offset-mc @ sf_27c_3.63v -- generated by sim/harness, do not edit

Doing analysis at TEMP = 27.000000 and TNOM = 27.000000

Using SPARSE 1.3 as Direct Linear Solver

No. of Data Rows : 6
voa = 1.0104023687e-04
ddc = -4.926515244e-10
dde = 7.1894476955e-10
Reset re-loads circuit * comparator-offset-mc @ sf_27c_3.63v -- generated by sim/harness, do not edit

Circuit: * comparator-offset-mc @ sf_27c_3.63v -- generated by sim/harness, do not edit

Doing analysis at TEMP = 27.000000 and TNOM = 27.000000

Using SPARSE 1.3 as Direct Linear Solver

No. of Data Rows : 6
voa = 4.1335237883e-04
ddc = 4.6301353723e-09
dde = -3.416289668e-09
Reset re-loads circuit * comparator-offset-mc @ sf_27c_3.63v -- generated by sim/harness, do not edit

Circuit: * comparator-offset-mc @ sf_27c_3.63v -- generated by sim/harness, do not edit

Doing analysis at TEMP = 27.000000 and TNOM = 27.000000

Using SPARSE 1.3 as Direct Linear Solver

No. of Data Rows : 6
voa = 2.2879377915e-03
ddc = -2.431175104e-07
dde = 2.3896800403e-07
Reset re-loads circuit * comparator-offset-mc @ sf_27c_3.63v -- generated by sim/harness, do not edit

Circuit: * comparator-offset-mc @ sf_27c_3.63v -- generated by sim/harness, do not edit

Doing analysis at TEMP = 27.000000 and TNOM = 27.000000

Using SPARSE 1.3 as Direct Linear Solver

No. of Data Rows : 6
voa = 1.2203956707e-03
ddc = -5.992122723e-08
dde = 6.0537401936e-08
m_n_samples = 1.5000000000e+02
m_sig_vos_mv = 1.2805416654e+00
m_sig_vos_dn_mv = 1.2803968718e+00
m_sig_vos_up_mv = 1.2806838086e+00
m_mean_vos_uv = -3.060384470e+01
m_sig_dvos_dn_uv = 1.5075437486e-01
m_sig_dvos_up_uv = 1.4773736094e-01
m_mean_dvos_dn_uv = 8.5016318847e-03
m_mean_dvos_up_uv = -8.249738711e-03
m_vos_3sig_mv = 3.8416249962e+00
m_vos_3sig_lsb = 1.1920516946e+00
m_avt_back_mv_um = 7.4761044504e+00
m_av_mean = 1.5524040821e+01
m_av_sigma_pct = 1.3234189995e+00
m_sig_rpair_uv = 0.0000000000e+00
m_ptail_anchor_mv = 6.9559470345e+02
Note: Simulation executed from .control section 

Warning: m=xx on .subckt line will override multiplier m hierarchy!

