
Note: No compatibility mode selected!


Circuit: * adc-inl-dnl @ cap_ff_27c_2.97v -- generated by sim/harness, do not edit

Reducing trtol to 1 for xspice 'A' devices
Doing analysis at TEMP = 27.000000 and TNOM = 27.000000

Using SPARSE 1.3 as Direct Linear Solver

Initial Transient Solution
--------------------------

Node                                   Voltage
----                                   -------
clk                                          0
cmpclk                                       0
cmpclkb                                   2.97
vddt                                      2.97
vddd                                      2.97
vddc                                      2.97
vrefs                                     2.97
vrefn                                     2.97
vcmi                                     1.485
vcmn                                     1.485
se_vinp                             0.00362549
se_vinn                                  1.485
se_start                                     0
se_mode                                      0
se_cmp                                 1.24105
se_samp_tp_n                                 0
se_sel_in_n                                  0
se_drdy                                   2.97
se_c9                                        0
se_c8                                        0
se_c7                                        0
se_c6                                        0
se_c5                                        0
se_c4                                        0
se_c3                                        0
se_c2                                        0
se_c1                                        0
se_c0                                        0
se_rel_n_256p                             2.97
se_sel_hi_n_256p                             0
se_sel_lo_n_256p                             0
se_rel_n_128p                             2.97
se_sel_hi_n_128p                             0
se_sel_lo_n_128p                             0
se_rel_n_64p                              2.97
se_sel_hi_n_64p                              0
se_sel_lo_n_64p                              0
se_rel_n_32p                              2.97
se_sel_hi_n_32p                              0
se_sel_lo_n_32p                              0
se_rel_n_16p                              2.97
se_sel_hi_n_16p                              0
se_sel_lo_n_16p                              0
se_rel_n_8p                               2.97
se_sel_hi_n_8p                               0
se_sel_lo_n_8p                               0
se_rel_n_4p                               2.97
se_sel_hi_n_4p                               0
se_sel_lo_n_4p                               0
se_rel_n_2p                               2.97
se_sel_hi_n_2p                               0
se_sel_lo_n_2p                               0
se_rel_n_1p                               2.97
se_sel_hi_n_1p                               0
se_sel_lo_n_1p                               0
se_rel_n_256n                             2.97
se_sel_hi_n_256n                             0
se_sel_lo_n_256n                             0
se_rel_n_128n                             2.97
se_sel_hi_n_128n                             0
se_sel_lo_n_128n                             0
se_rel_n_64n                              2.97
se_sel_hi_n_64n                              0
se_sel_lo_n_64n                              0
se_rel_n_32n                              2.97
se_sel_hi_n_32n                              0
se_sel_lo_n_32n                              0
se_rel_n_16n                              2.97
se_sel_hi_n_16n                              0
se_sel_lo_n_16n                              0
se_rel_n_8n                               2.97
se_sel_hi_n_8n                               0
se_sel_lo_n_8n                               0
se_rel_n_4n                               2.97
se_sel_hi_n_4n                               0
se_sel_lo_n_4n                               0
se_rel_n_2n                               2.97
se_sel_hi_n_2n                               0
se_sel_lo_n_2n                               0
se_rel_n_1n                               2.97
se_sel_hi_n_1n                               0
se_sel_lo_n_1n                               0
se_pinp                             0.00362549
se_pinn                                  1.485
xsetswp.gp                                2.97
se_topp                                  1.485
xsetswn.gp                                2.97
se_topn                                  1.485
xsearrp.x256.bp                          1.485
xsearrp.x256.gp_in                        2.97
xsearrp.x256.gp_rel                1.48424e-09
xsearrp.x256.gp_hi                        2.97
xsearrp.x256.gp_lo                        2.97
xsearrp.x128.bp                          1.485
xsearrp.x128.gp_in                        2.97
xsearrp.x128.gp_rel                1.48424e-09
xsearrp.x128.gp_hi                        2.97
xsearrp.x128.gp_lo                        2.97
xsearrp.x64.bp                           1.485
xsearrp.x64.gp_in                         2.97
xsearrp.x64.gp_rel                 1.48424e-09
xsearrp.x64.gp_hi                         2.97
xsearrp.x64.gp_lo                         2.97
xsearrp.x32.bp                           1.485
xsearrp.x32.gp_in                         2.97
xsearrp.x32.gp_rel                 1.48424e-09
xsearrp.x32.gp_hi                         2.97
xsearrp.x32.gp_lo                         2.97
xsearrp.x16.bp                           1.485
xsearrp.x16.gp_in                         2.97
xsearrp.x16.gp_rel                 1.48424e-09
xsearrp.x16.gp_hi                         2.97
xsearrp.x16.gp_lo                         2.97
xsearrp.x8.bp                            1.485
xsearrp.x8.gp_in                          2.97
xsearrp.x8.gp_rel                  1.48424e-09
xsearrp.x8.gp_hi                          2.97
xsearrp.x8.gp_lo                          2.97
xsearrp.x4.bp                            1.485
xsearrp.x4.gp_in                          2.97
xsearrp.x4.gp_rel                  1.48424e-09
xsearrp.x4.gp_hi                          2.97
xsearrp.x4.gp_lo                          2.97
xsearrp.x2.bp                            1.485
xsearrp.x2.gp_in                          2.97
xsearrp.x2.gp_rel                  1.48424e-09
xsearrp.x2.gp_hi                          2.97
xsearrp.x2.gp_lo                          2.97
xsearrp.x1.bp                            1.485
xsearrp.x1.gp_in                          2.97
xsearrp.x1.gp_rel                  1.48424e-09
xsearrp.x1.gp_hi                          2.97
xsearrp.x1.gp_lo                          2.97
xsearrn.x256.bp                          1.485
xsearrn.x256.gp_in                        2.97
xsearrn.x256.gp_rel                1.48424e-09
xsearrn.x256.gp_hi                        2.97
xsearrn.x256.gp_lo                        2.97
xsearrn.x128.bp                          1.485
xsearrn.x128.gp_in                        2.97
xsearrn.x128.gp_rel                1.48424e-09
xsearrn.x128.gp_hi                        2.97
xsearrn.x128.gp_lo                        2.97
xsearrn.x64.bp                           1.485
xsearrn.x64.gp_in                         2.97
xsearrn.x64.gp_rel                 1.48424e-09
xsearrn.x64.gp_hi                         2.97
xsearrn.x64.gp_lo                         2.97
xsearrn.x32.bp                           1.485
xsearrn.x32.gp_in                         2.97
xsearrn.x32.gp_rel                 1.48424e-09
xsearrn.x32.gp_hi                         2.97
xsearrn.x32.gp_lo                         2.97
xsearrn.x16.bp                           1.485
xsearrn.x16.gp_in                         2.97
xsearrn.x16.gp_rel                 1.48424e-09
xsearrn.x16.gp_hi                         2.97
xsearrn.x16.gp_lo                         2.97
xsearrn.x8.bp                            1.485
xsearrn.x8.gp_in                          2.97
xsearrn.x8.gp_rel                  1.48424e-09
xsearrn.x8.gp_hi                          2.97
xsearrn.x8.gp_lo                          2.97
xsearrn.x4.bp                            1.485
xsearrn.x4.gp_in                          2.97
xsearrn.x4.gp_rel                  1.48424e-09
xsearrn.x4.gp_hi                          2.97
xsearrn.x4.gp_lo                          2.97
xsearrn.x2.bp                            1.485
xsearrn.x2.gp_in                          2.97
xsearrn.x2.gp_rel                  1.48424e-09
xsearrn.x2.gp_hi                          2.97
xsearrn.x2.gp_lo                          2.97
xsearrn.x1.bp                            1.485
xsearrn.x1.gp_in                          2.97
xsearrn.x1.gp_rel                  1.48424e-09
xsearrn.x1.gp_hi                          2.97
xsearrn.x1.gp_lo                          2.97
se_ibias                              0.753672
xsecmp.xpre.ptail                      0.63152
xsecmp.pon                             2.20024
xsecmp.preamp_in1                        1.485
xsecmp.pop                             2.20024
xsecmp.preamp_in2                        1.485
xsecmp.xpre.xrlp.11                    2.96957
xsecmp.xpre.xrlp.21                    2.20067
xsecmp.xpre.xrln.11                    2.96957
xsecmp.xpre.xrln.21                    2.20067
xsecmp.xlat.ltail                      1.60244
xsecmp.xlat.dip                           2.97
xsecmp.xlat.din                           2.97
xsecmp.outn                               2.97
xsecmp.outp                               2.97
xsecmp.sset                        5.89548e-09
xsecmp.srst                        5.89548e-09
xsecmp.xno1.ps                         2.80172
se_cmpb                                1.24105
xsecmp.xno2.ps                         2.80172
se_dacp                            1.11022e-16
se_dacn                            1.11022e-16
se_di                                  1.48137
se_err                                  510.75
se_aerrh                                     0
se_code                                      0
bsecode#branch                               0
bseea#branch                                 0
bsee#branch                                  0
bsedi#branch                                 0
bsedacn#branch                               0
bsedacp#branch                               0
lvcm#branch                        4.89754e-11
lref#branch                        5.47281e-11
v.xsecmp.vpn#branch               -1.34137e-28
v.xsecmp.vpp#branch               -1.34137e-28
vsemode#branch                               0
vsestart#branch                              0
vsevinn#branch                               0
vseinp#branch                      4.47037e-11
vcmi#branch                       -4.89754e-11
vrefs#branch                      -5.47281e-11
vddc#branch                       -0.000457301
vddd#branch                       -4.66241e-10
vddt#branch                        -1.2407e-11
vcmpclkb#branch                              0
vcmpclk#branch                               0
vclk#branch                                  0
a.xsectrl.a_gn#branch_1_0                    0
a.xsectrl.a_gn#branch_1_1                    0
a.xsectrl.a_gn#branch_1_2                    0
a.xsectrl.a_gn#branch_1_3                    0
a.xsectrl.a_gn#branch_1_4                    0
a.xsectrl.a_gn#branch_1_5                    0
a.xsectrl.a_gn#branch_1_6                    0
a.xsectrl.a_gn#branch_1_7                    0
a.xsectrl.a_gn#branch_1_8                    0
a.xsectrl.a_gn#branch_1_9                    0
a.xsectrl.a_gn#branch_1_10                   0
a.xsectrl.a_gn#branch_1_11                   0
a.xsectrl.a_gn#branch_1_12                   0
a.xsectrl.a_gn#branch_1_13                   0
a.xsectrl.a_gn#branch_1_14                   0
a.xsectrl.a_gn#branch_1_15                   0
a.xsectrl.a_gn#branch_1_16                   0
a.xsectrl.a_gn#branch_1_17                   0
a.xsectrl.a_gn#branch_1_18                   0
a.xsectrl.a_gn#branch_1_19                   0
a.xsectrl.a_gn#branch_1_20                   0
a.xsectrl.a_gn#branch_1_21                   0
a.xsectrl.a_gn#branch_1_22                   0
a.xsectrl.a_gn#branch_1_23                   0
a.xsectrl.a_gn#branch_1_24                   0
a.xsectrl.a_gn#branch_1_25                   0
a.xsectrl.a_gn#branch_1_26                   0
a.xsectrl.a_gn#branch_1_27                   0
a.xsectrl.a_gn#branch_1_28                   0
a.xsectrl.a_gn#branch_1_29                   0
a.xsectrl.a_gn#branch_1_30                   0
a.xsectrl.a_gn#branch_1_31                   0
a.xsectrl.a_gn#branch_1_32                   0
a.xsectrl.a_gn#branch_1_33                   0
a.xsectrl.a_gn#branch_1_34                   0
a.xsectrl.a_gn#branch_1_35                   0
a.xsectrl.a_gn#branch_1_36                   0
a.xsectrl.a_gn#branch_1_37                   0
a.xsectrl.a_gn#branch_1_38                   0
a.xsectrl.a_gn#branch_1_39                   0
a.xsectrl.a_gn#branch_1_40                   0
a.xsectrl.a_gn#branch_1_41                   0
a.xsectrl.a_gn#branch_1_42                   0
a.xsectrl.a_gn#branch_1_43                   0
a.xsectrl.a_gn#branch_1_44                   0
a.xsectrl.a_gn#branch_1_45                   0
a.xsectrl.a_gn#branch_1_46                   0
a.xsectrl.a_gn#branch_1_47                   0
a.xsectrl.a_gn#branch_1_48                   0
a.xsectrl.a_gn#branch_1_49                   0
a.xsectrl.a_gn#branch_1_50                   0
a.xsectrl.a_gn#branch_1_51                   0
a.xsectrl.a_gn#branch_1_52                   0
a.xsectrl.a_gn#branch_1_53                   0
a.xsectrl.a_dout#branch_1_0                  0
a.xsectrl.a_dout#branch_1_1                  0
a.xsectrl.a_dout#branch_1_2                  0
a.xsectrl.a_dout#branch_1_3                  0
a.xsectrl.a_dout#branch_1_4                  0
a.xsectrl.a_dout#branch_1_5                  0
a.xsectrl.a_dout#branch_1_6                  0
a.xsectrl.a_dout#branch_1_7                  0
a.xsectrl.a_dout#branch_1_8                  0
a.xsectrl.a_dout#branch_1_9                  0
a.xsectrl.a_dout#branch_1_10                 0
a.xsectrl.a_dout#branch_1_11                 0
a.xsectrl.a_dout#branch_1_12                 0

 Reference value :  5.93568e-09
 Reference value :  9.44398e-08
 Reference value :  1.87828e-07
 Reference value :  2.50421e-07
 Reference value :  3.14766e-07
 Reference value :  3.76255e-07
 Reference value :  4.45140e-07
 Reference value :  5.03834e-07
 Reference value :  5.93950e-07
 Reference value :  6.56549e-07
 Reference value :  7.50504e-07
 Reference value :  8.14992e-07
 Reference value :  8.77597e-07
 Reference value :  9.70252e-07
 Reference value :  1.03133e-06
 Reference value :  1.09415e-06
 Reference value :  1.18772e-06
 Reference value :  1.25053e-06
 Reference value :  1.31265e-06
 Reference value :  1.37515e-06
 Reference value :  1.43793e-06
 Reference value :  1.50243e-06
 Reference value :  1.56302e-06
 Reference value :  1.62537e-06
 Reference value :  1.68985e-06
 Reference value :  1.75228e-06
 Reference value :  1.81295e-06
 Reference value :  1.87500e-06
 Reference value :  1.90661e-06
 Reference value :  2.00020e-06
 Reference value :  2.03146e-06
 Reference value :  2.10655e-06
 Reference value :  2.18765e-06
 Reference value :  2.25003e-06
 Reference value :  2.28178e-06
 Reference value :  2.34389e-06
 Reference value :  2.40634e-06
 Reference value :  2.46885e-06
 Reference value :  2.53157e-06
 Reference value :  2.59427e-06
 Reference value :  2.68771e-06
 Reference value :  2.75033e-06
 Reference value :  2.81283e-06
 Reference value :  2.87515e-06
 Reference value :  2.93791e-06
 Reference value :  3.00247e-06
 Reference value :  3.03347e-06
 Reference value :  3.11604e-06
 Reference value :  3.19005e-06
 Reference value :  3.28127e-06
 Reference value :  3.34070e-06
 Reference value :  3.38291e-06
 Reference value :  3.46877e-06
 Reference value :  3.53137e-06
 Reference value :  3.59427e-06
 Reference value :  3.68756e-06
 Reference value :  3.72625e-06
 Reference value :  3.78154e-06
 Reference value :  3.84390e-06
 Reference value :  3.90632e-06
 Reference value :  3.96883e-06
 Reference value :  4.00291e-06
 Reference value :  4.09385e-06
 Reference value :  4.15642e-06
 Reference value :  4.21895e-06
 Reference value :  4.28150e-06
 Reference value :  4.34453e-06
 Reference value :  4.40673e-06
 Reference value :  4.46886e-06
 Reference value :  4.50919e-06
 Reference value :  4.56767e-06
 Reference value :  4.62745e-06
 Reference value :  4.68999e-06
 Reference value :  4.75238e-06
 Reference value :  4.81320e-06
 Reference value :  4.87520e-06
 Reference value :  4.93750e-06
 Reference value :  5.00227e-06
 Reference value :  5.05338e-06
 Reference value :  5.12533e-06
 Reference value :  5.18993e-06
 Reference value :  5.25269e-06
 Reference value :  5.31303e-06
 Reference value :  5.37540e-06
 Reference value :  5.40681e-06
 Reference value :  5.46893e-06
 Reference value :  5.53127e-06
 Reference value :  5.59381e-06
 Reference value :  5.62818e-06
 Reference value :  5.69012e-06
 Reference value :  5.76685e-06
 Reference value :  5.81626e-06
 Reference value :  5.87750e-06
 Reference value :  5.93803e-06
 Reference value :  6.00255e-06
 Reference value :  6.09402e-06
 Reference value :  6.18764e-06
 Reference value :  6.23568e-06
 Reference value :  6.28170e-06
 Reference value :  6.34386e-06
 Reference value :  6.39053e-06
 Reference value :  6.43985e-06
 Reference value :  6.50250e-06
 Reference value :  6.56360e-06
 Reference value :  6.62516e-06
 Reference value :  6.68753e-06
 Reference value :  6.71935e-06
 Reference value :  6.78149e-06
 Reference value :  6.84383e-06
 Reference value :  6.88694e-06
 Reference value :  6.94566e-06
 Reference value :  7.00266e-06
 Reference value :  7.06276e-06
 Reference value :  7.12526e-06
 Reference value :  7.18765e-06
 Reference value :  7.24628e-06
 Reference value :  7.28158e-06
 Reference value :  7.31734e-06
 Reference value :  7.37542e-06
 Reference value :  7.40693e-06
 Reference value :  7.46883e-06
 Reference value :  7.51383e-06
 Reference value :  7.56637e-06
 Reference value :  7.62759e-06
 Reference value :  7.68980e-06
 Reference value :  7.75040e-06
 Reference value :  7.81260e-06
 Reference value :  7.84413e-06
 Reference value :  7.90630e-06
 Reference value :  7.96910e-06
 Reference value :  8.02151e-06
 Reference value :  8.09385e-06
 Reference value :  8.15638e-06
 Reference value :  8.19007e-06
 Reference value :  8.25283e-06
 Reference value :  8.31295e-06
 Reference value :  8.34543e-06
 Reference value :  8.40646e-06
 Reference value :  8.45898e-06
 Reference value :  8.50263e-06
 Reference value :  8.56493e-06
 Reference value :  8.62547e-06
 Reference value :  8.68779e-06
 Reference value :  8.72544e-06
 Reference value :  8.78159e-06
 Reference value :  8.84385e-06
 Reference value :  8.87759e-06
 Reference value :  8.93801e-06
 Reference value :  9.00247e-06
 Reference value :  9.06270e-06
 Reference value :  9.14756e-06
 Reference value :  9.19010e-06
 Reference value :  9.25286e-06
 Reference value :  9.31493e-06
 Reference value :  9.37545e-06
 Reference value :  9.40748e-06
 Reference value :  9.46884e-06
 Reference value :  9.50275e-06
 Reference value :  9.56478e-06
 Reference value :  9.62552e-06
 Reference value :  9.68790e-06
 Reference value :  9.75037e-06
 Reference value :  9.81273e-06
 Reference value :  9.87510e-06
 Reference value :  9.90651e-06
 Reference value :  9.99060e-06
 Reference value :  1.00313e-05
 Reference value :  1.00941e-05
 Reference value :  1.01604e-05
 Reference value :  1.02192e-05
 Reference value :  1.02814e-05
 Reference value :  1.03440e-05
 Reference value :  1.04063e-05
 Reference value :  1.04688e-05
 Reference value :  1.05313e-05
 Reference value :  1.05915e-05
 Reference value :  1.06468e-05
 Reference value :  1.07188e-05
 Reference value :  1.07813e-05
 Reference value :  1.08151e-05
 Reference value :  1.08775e-05
 Reference value :  1.09379e-05
 Reference value :  1.10026e-05
 Reference value :  1.10629e-05
 Reference value :  1.11563e-05
 Reference value :  1.12188e-05
 Reference value :  1.12777e-05
 Reference value :  1.13150e-05
 Reference value :  1.13752e-05
 Reference value :  1.14376e-05
 Reference value :  1.14904e-05
 Reference value :  1.15315e-05
 Reference value :  1.15938e-05
 Reference value :  1.16276e-05
 Reference value :  1.16898e-05
 Reference value :  1.17506e-05
 Reference value :  1.18127e-05
 Reference value :  1.18606e-05
 Reference value :  1.19064e-05
 Reference value :  1.19689e-05
 Reference value :  1.20063e-05
 Reference value :  1.20643e-05
 Reference value :  1.21476e-05
 Reference value :  1.21901e-05
 Reference value :  1.22529e-05
 Reference value :  1.23151e-05
 Reference value :  1.23773e-05
 Reference value :  1.24382e-05
 Reference value :  1.25005e-05
 Reference value :  1.25630e-05
 Reference value :  1.26252e-05
 Reference value :  1.26860e-05
 Reference value :  1.27192e-05
 Reference value :  1.27814e-05
 Reference value :  1.28439e-05
 Reference value :  1.29064e-05
 Reference value :  1.29691e-05
 Reference value :  1.30091e-05
 Reference value :  1.30938e-05
 Reference value :  1.31564e-05
 Reference value :  1.32188e-05
 Reference value :  1.32813e-05
 Reference value :  1.33438e-05
 Reference value :  1.33776e-05
 Reference value :  1.34400e-05
 Reference value :  1.35003e-05
 Reference value :  1.35626e-05
 Reference value :  1.35942e-05
 Reference value :  1.36565e-05
 Reference value :  1.37189e-05
 Reference value :  1.37813e-05
 Reference value :  1.38162e-05
 Reference value :  1.38775e-05
 Reference value :  1.39378e-05
 Reference value :  1.40023e-05
 Reference value :  1.40626e-05
 Reference value :  1.41257e-05
 Reference value :  1.41901e-05
 Reference value :  1.42529e-05
 Reference value :  1.43131e-05
 Reference value :  1.43751e-05
 Reference value :  1.44068e-05
 Reference value :  1.44690e-05
 Reference value :  1.45315e-05
 Reference value :  1.45938e-05
 Reference value :  1.46430e-05
 Reference value :  1.46905e-05
 Reference value :  1.47525e-05
 Reference value :  1.48148e-05
 Reference value :  1.48751e-05
 Reference value :  1.49064e-05
 Reference value :  1.49689e-05
 Reference value :  1.50041e-05
 Reference value :  1.50938e-05
 Reference value :  1.51564e-05
 Reference value :  1.52006e-05
 Reference value :  1.52529e-05
 Reference value :  1.53132e-05
 Reference value :  1.53733e-05
 Reference value :  1.54067e-05
 Reference value :  1.54688e-05
 Reference value :  1.55026e-05
 Reference value :  1.55648e-05
 Reference value :  1.56252e-05
 Reference value :  1.56841e-05
 Reference value :  1.57191e-05
 Reference value :  1.57815e-05
 Reference value :  1.58441e-05
 Reference value :  1.59064e-05
 Reference value :  1.59697e-05
 Reference value :  1.60313e-05
 Reference value :  1.60939e-05
 Reference value :  1.61568e-05
 Reference value :  1.62191e-05
 Reference value :  1.62814e-05
 Reference value :  1.63154e-05
 Reference value :  1.63775e-05
 Reference value :  1.64377e-05
 Reference value :  1.64699e-05
 Reference value :  1.65315e-05
 Reference value :  1.65938e-05
 Reference value :  1.66547e-05
 Reference value :  1.66968e-05
 Reference value :  1.67526e-05
 Reference value :  1.68150e-05
 Reference value :  1.68755e-05
 Reference value :  1.69067e-05
 Reference value :  1.69700e-05
 Reference value :  1.70037e-05
 Reference value :  1.70938e-05
 Reference value :  1.71564e-05
 Reference value :  1.72188e-05
 Reference value :  1.72532e-05
 Reference value :  1.73131e-05
 Reference value :  1.73752e-05
 Reference value :  1.74068e-05
 Reference value :  1.74688e-05
 Reference value :  1.75024e-05
 Reference value :  1.75630e-05
 Reference value :  1.76251e-05
 Reference value :  1.76875e-05
 Reference value :  1.77348e-05
 Reference value :  1.77972e-05
 Reference value :  1.78598e-05
 Reference value :  1.79065e-05
 Reference value :  1.80001e-05
 Reference value :  1.80314e-05
 Reference value :  1.80941e-05
 Reference value :  1.81573e-05
 Reference value :  1.82190e-05
 Reference value :  1.82813e-05
 Reference value :  1.83154e-05
 Reference value :  1.83775e-05
 Reference value :  1.84398e-05
 Reference value :  1.85005e-05
 Reference value :  1.85628e-05
 Reference value :  1.86251e-05
 Reference value :  1.86876e-05
 Reference value :  1.87192e-05
 Reference value :  1.87814e-05
 Reference value :  1.88152e-05
 Reference value :  1.88773e-05
 Reference value :  1.89380e-05
 Reference value :  1.90025e-05
 Reference value :  1.90625e-05
 Reference value :  1.91255e-05
 Reference value :  1.91880e-05
 Reference value :  1.92501e-05
 Reference value :  1.92820e-05
 Reference value :  1.93439e-05
 Reference value :  1.93963e-05
 Reference value :  1.94400e-05
 Reference value :  1.95006e-05
 Reference value :  1.95626e-05
 Reference value :  1.95947e-05
 Reference value :  1.96565e-05
 Reference value :  1.97188e-05
 Reference value :  1.97528e-05
 Reference value :  1.98150e-05
 Reference value :  1.98774e-05
 Reference value :  1.99377e-05
No. of Data Rows : 49272
e1                  =  1.20986e+00
x1                  =  4.62953e+00 at=  2.28144e-06
cd1                 =  2.00000e+00
e2                  =  8.06384e-01
x2                  =  4.61927e+00 at=  3.28144e-06
cd2                 =  3.00000e+00
e128                =  7.20411e-01
x128                =  3.09742e+00 at=  4.28147e-06
cd128               =  1.29000e+02
e129                =  6.77357e-01
x129                =  3.16183e+00 at=  5.28147e-06
cd129               =  1.29000e+02
e255                =  4.28674e-01
x255                =  1.91264e+00 at=  6.28153e-06
cd255               =  2.55000e+02
e256                =  4.10172e-01
x256                =  1.97877e+00 at=  7.28153e-06
cd256               =  2.56000e+02
e257                =  4.63071e-01
x257                =  1.96980e+00 at=  8.28153e-06
cd257               =  2.57000e+02
e384                =  9.43353e-02
x384                =  9.60640e-01 at=  9.31263e-06
cd384               =  3.84000e+02
e511                =  -1.39504e-01
x511                =  1.40428e+00 at=  1.03751e-05
cd511               =  5.11000e+02
e512                =  -3.79512e-03
x512                =  1.47210e+00 at=  1.13440e-05
cd512               =  5.12000e+02
e513                =  -4.85657e-02
x513                =  1.49402e+00 at=  1.23440e-05
cd513               =  5.13000e+02
e640                =  -2.91165e-01
x640                =  1.12446e+00 at=  1.33126e-05
cd640               =  6.39000e+02
e767                =  -6.33359e-01
x767                =  1.92851e+00 at=  1.43126e-05
cd767               =  7.66000e+02
e768                =  -4.78453e-01
x768                =  1.85206e+00 at=  1.53126e-05
cd768               =  7.67000e+02
e769                =  -5.45776e-01
x769                =  1.85865e+00 at=  1.63126e-05
cd769               =  7.68000e+02
e896                =  -7.54342e-01
x896                =  2.77607e+00 at=  1.73126e-05
cd896               =  8.95000e+02
e1022               =  -1.10796e+00
x1022               =  3.65151e+00 at=  1.83126e-05
cd1022              =  1.02100e+03
e1023               =  -9.71022e-01
x1023               =  3.57975e+00 at=  1.93126e-05
cd1023              =  1.02200e+03
vrefhi              =  2.97016e+00 at=  1.73149e-05
vreflo              =  2.96984e+00 at=  1.25690e-05
m_terr_t1_lsb = 1.2098570000e+00
m_decerr_t1_lsb = 4.6295270000e+00
m_code_t1 = 2.0000000000e+00
m_terr_t2_lsb = 8.0638440000e-01
m_decerr_t2_lsb = 4.6192690000e+00
m_code_t2 = 3.0000000000e+00
m_terr_t128_lsb = 7.2041140000e-01
m_decerr_t128_lsb = 3.0974160000e+00
m_code_t128 = 1.2900000000e+02
m_terr_t129_lsb = 6.7735710000e-01
m_decerr_t129_lsb = 3.1618290000e+00
m_code_t129 = 1.2900000000e+02
m_terr_t255_lsb = 4.2867440000e-01
m_decerr_t255_lsb = 1.9126360000e+00
m_code_t255 = 2.5500000000e+02
m_terr_t256_lsb = 4.1017150000e-01
m_decerr_t256_lsb = 1.9787710000e+00
m_code_t256 = 2.5600000000e+02
m_terr_t257_lsb = 4.6307100000e-01
m_decerr_t257_lsb = 1.9698010000e+00
m_code_t257 = 2.5700000000e+02
m_terr_t384_lsb = 9.4335330000e-02
m_decerr_t384_lsb = 9.6064030000e-01
m_code_t384 = 3.8400000000e+02
m_terr_t511_lsb = -1.395044000e-01
m_decerr_t511_lsb = 1.4042750000e+00
m_code_t511 = 5.1100000000e+02
m_terr_t512_lsb = -3.795117000e-03
m_decerr_t512_lsb = 1.4720960000e+00
m_code_t512 = 5.1200000000e+02
m_terr_t513_lsb = -4.856573000e-02
m_decerr_t513_lsb = 1.4940230000e+00
m_code_t513 = 5.1300000000e+02
m_terr_t640_lsb = -2.911651000e-01
m_decerr_t640_lsb = 1.1244620000e+00
m_code_t640 = 6.3900000000e+02
m_terr_t767_lsb = -6.333585000e-01
m_decerr_t767_lsb = 1.9285080000e+00
m_code_t767 = 7.6600000000e+02
m_terr_t768_lsb = -4.784528000e-01
m_decerr_t768_lsb = 1.8520570000e+00
m_code_t768 = 7.6700000000e+02
m_terr_t769_lsb = -5.457760000e-01
m_decerr_t769_lsb = 1.8586450000e+00
m_code_t769 = 7.6800000000e+02
m_terr_t896_lsb = -7.543419000e-01
m_decerr_t896_lsb = 2.7760670000e+00
m_code_t896 = 8.9500000000e+02
m_terr_t1022_lsb = -1.107959000e+00
m_decerr_t1022_lsb = 3.6515100000e+00
m_code_t1022 = 1.0210000000e+03
m_terr_t1023_lsb = -9.710222000e-01
m_decerr_t1023_lsb = 3.5797460000e+00
m_code_t1023 = 1.0220000000e+03
m_inl_t1_lsb = 0.0000000000e+00
m_inl_t2_lsb = -4.013386673e-01
m_inl_t128_lsb = -2.184361495e-01
m_inl_t129_lsb = -2.593565168e-01
m_inl_t255_lsb = -2.391636990e-01
m_inl_t256_lsb = -2.555326663e-01
m_inl_t257_lsb = -2.004992337e-01
m_inl_t384_lsb = -2.982254532e-01
m_inl_t511_lsb = -2.610557327e-01
m_inl_t512_lsb = -1.232125170e-01
m_inl_t513_lsb = -1.658491973e-01
m_inl_t640_lsb = -1.374391168e-01
m_inl_t767_lsb = -2.086230663e-01
m_inl_t768_lsb = -5.158343366e-02
m_inl_t769_lsb = -1.167727010e-01
m_inl_t896_lsb = -5.432915049e-02
m_inl_t1022_lsb = -1.390707327e-01
m_inl_t1023_lsb = 1.1102230246e-16
m_dnl_t1_t2_lsb = -4.034726000e-01
m_dnl_t128_t129_lsb = -4.305430000e-02
m_dnl_t255_t256_lsb = -1.850290000e-02
m_dnl_t256_t257_lsb = 5.2899500000e-02
m_dnl_t511_t512_lsb = 1.3570928300e-01
m_dnl_t512_t513_lsb = -4.477061300e-02
m_dnl_t767_t768_lsb = 1.5490570000e-01
m_dnl_t768_t769_lsb = -6.732320000e-02
m_dnl_t1022_t1023_lsb = 1.3693680000e-01
m_gain_err_lsb = -2.183013133e+00
m_vref_droop_mv = 3.1400000000e-01
Note: Simulation executed from .control section 

