
Note: No compatibility mode selected!


Circuit: * adc-power @ ff_-40c_2.97v -- generated by sim/harness, do not edit

Reducing trtol to 1 for xspice 'A' devices
Doing analysis at TEMP = -40.000000 and TNOM = 27.000000

Using SPARSE 1.3 as Direct Linear Solver

Initial Transient Solution
--------------------------

Node                                   Voltage
----                                   -------
clk                                          0
cmpclk                                       0
cmpclkb                                   2.97
vddt                                      2.97
vddd                                      2.97
vddc                                      2.97
vrefs                                     2.97
vrefn                                     2.97
vcmn                                     1.485
se_vinp                                      0
se_vinn                                  1.485
se_start                                     0
se_mode                                      0
se_cmp                                 1.22578
se_samp_tp_n                                 0
se_sel_in_n                                  0
se_drdy                                   2.97
se_c9                                        0
se_c8                                        0
se_c7                                        0
se_c6                                        0
se_c5                                        0
se_c4                                        0
se_c3                                        0
se_c2                                        0
se_c1                                        0
se_c0                                        0
se_rel_n_256p                             2.97
se_sel_hi_n_256p                             0
se_sel_lo_n_256p                             0
se_rel_n_128p                             2.97
se_sel_hi_n_128p                             0
se_sel_lo_n_128p                             0
se_rel_n_64p                              2.97
se_sel_hi_n_64p                              0
se_sel_lo_n_64p                              0
se_rel_n_32p                              2.97
se_sel_hi_n_32p                              0
se_sel_lo_n_32p                              0
se_rel_n_16p                              2.97
se_sel_hi_n_16p                              0
se_sel_lo_n_16p                              0
se_rel_n_8p                               2.97
se_sel_hi_n_8p                               0
se_sel_lo_n_8p                               0
se_rel_n_4p                               2.97
se_sel_hi_n_4p                               0
se_sel_lo_n_4p                               0
se_rel_n_2p                               2.97
se_sel_hi_n_2p                               0
se_sel_lo_n_2p                               0
se_rel_n_1p                               2.97
se_sel_hi_n_1p                               0
se_sel_lo_n_1p                               0
se_rel_n_256n                             2.97
se_sel_hi_n_256n                             0
se_sel_lo_n_256n                             0
se_rel_n_128n                             2.97
se_sel_hi_n_128n                             0
se_sel_lo_n_128n                             0
se_rel_n_64n                              2.97
se_sel_hi_n_64n                              0
se_sel_lo_n_64n                              0
se_rel_n_32n                              2.97
se_sel_hi_n_32n                              0
se_sel_lo_n_32n                              0
se_rel_n_16n                              2.97
se_sel_hi_n_16n                              0
se_sel_lo_n_16n                              0
se_rel_n_8n                               2.97
se_sel_hi_n_8n                               0
se_sel_lo_n_8n                               0
se_rel_n_4n                               2.97
se_sel_hi_n_4n                               0
se_sel_lo_n_4n                               0
se_rel_n_2n                               2.97
se_sel_hi_n_2n                               0
se_sel_lo_n_2n                               0
se_rel_n_1n                               2.97
se_sel_hi_n_1n                               0
se_sel_lo_n_1n                               0
se_pinp                            8.16736e-10
se_pinn                                  1.485
xdut.\$65                                 2.97
xdut.\$27                          1.14088e-09
xdut.\$29                                 2.97
xdut.\$9                                  2.97
xdut.\$10                                1.485
xdut.\$67                                 2.97
xdut.\$31                          1.14088e-09
xdut.\$33                                 2.97
xdut.\$11                                 2.97
xdut.\$12                                1.485
xdut.\$69                                 2.97
xdut.\$35                          1.14088e-09
xdut.\$37                                 2.97
xdut.\$13                                 2.97
xdut.\$14                                1.485
xdut.\$71                                 2.97
xdut.\$39                          1.14088e-09
xdut.\$41                                 2.97
xdut.\$15                                 2.97
xdut.\$16                                1.485
xdut.\$73                                 2.97
xdut.\$43                          1.14088e-09
xdut.\$45                                 2.97
xdut.\$17                                 2.97
xdut.\$18                                1.485
xdut.\$75                                 2.97
xdut.\$47                          1.14088e-09
xdut.\$49                                 2.97
xdut.\$19                                 2.97
xdut.\$20                                1.485
xdut.\$77                                 2.97
xdut.\$51                          1.14088e-09
xdut.\$53                                 2.97
xdut.\$21                                 2.97
xdut.\$22                                1.485
xdut.\$79                                 2.97
xdut.\$55                          1.14088e-09
xdut.\$57                                 2.97
xdut.\$23                                 2.97
xdut.\$24                                1.485
xdut.\$81                                 2.97
xdut.\$59                          1.14088e-09
xdut.\$61                                 2.97
xdut.\$25                                 2.97
xdut.\$26                                1.485
xdut.\$83                                 2.97
xdut.\$85                          1.14088e-09
xdut.\$87                                 2.97
xdut.\$89                                 2.97
xdut.\$90                                1.485
xdut.\$92                                 2.97
xdut.\$94                          1.14088e-09
xdut.\$96                                 2.97
xdut.\$98                                 2.97
xdut.\$99                                1.485
xdut.\$100                                2.97
xdut.\$102                         1.14088e-09
xdut.\$104                                2.97
xdut.\$106                                2.97
xdut.\$107                               1.485
xdut.\$108                                2.97
xdut.\$110                         1.14088e-09
xdut.\$112                                2.97
xdut.\$114                                2.97
xdut.\$115                               1.485
xdut.\$116                                2.97
xdut.\$118                         1.14088e-09
xdut.\$120                                2.97
xdut.\$122                                2.97
xdut.\$123                               1.485
xdut.\$124                                2.97
xdut.\$126                         1.14088e-09
xdut.\$128                                2.97
xdut.\$130                                2.97
xdut.\$131                               1.485
xdut.\$132                                2.97
xdut.\$134                         1.14088e-09
xdut.\$136                                2.97
xdut.\$138                                2.97
xdut.\$139                               1.485
xdut.\$140                                2.97
xdut.\$142                         1.14088e-09
xdut.\$144                                2.97
xdut.\$146                                2.97
xdut.\$147                               1.485
xdut.\$166                                2.97
se_topp                                1.48506
xdut.\$167                                2.97
se_topn                                1.48506
xdut.\$148                                2.97
xdut.\$150                         1.14088e-09
xdut.\$152                                2.97
xdut.\$154                                2.97
xdut.\$155                               1.485
xdut.\$10__par                           1.485
xdut.\$100__par                           2.97
xdut.\$102__par                    1.14088e-09
xdut.\$104__par                           2.97
xdut.\$106__par                           2.97
xdut.\$107__par                          1.485
xdut.\$108__par                           2.97
xdut.\$11__par                            2.97
xdut.\$110__par                    1.14088e-09
xdut.\$112__par                           2.97
xdut.\$114__par                           2.97
xdut.\$115__par                          1.485
xdut.\$116__par                           2.97
xdut.\$118__par                    1.14088e-09
xdut.\$12__par                           1.485
xdut.\$120__par                           2.97
xdut.\$122__par                           2.97
xdut.\$123__par                          1.485
xdut.\$124__par                           2.97
xdut.\$126__par                    1.14088e-09
xdut.\$128__par                           2.97
xdut.\$13__par                            2.97
xdut.\$130__par                           2.97
xdut.\$131__par                          1.485
xdut.\$132__par                           2.97
xdut.\$134__par                    1.14088e-09
xdut.\$136__par                           2.97
xdut.\$138__par                           2.97
xdut.\$139__par                          1.485
xdut.\$14__par                           1.485
xdut.\$140__par                           2.97
xdut.\$142__par                    1.14088e-09
xdut.\$144__par                           2.97
xdut.\$146__par                           2.97
xdut.\$147__par                          1.485
xdut.\$148__par                           2.97
xdut.\$15__par                            2.97
xdut.\$150__par                    1.14088e-09
xdut.\$152__par                           2.97
xdut.\$154__par                           2.97
xdut.\$155__par                          1.485
xdut.\$16__par                           1.485
xdut.\$166__par                           2.97
xdut.\$167__par                           2.97
xdut.\$17__par                            2.97
xdut.\$18__par                           1.485
xdut.\$19__par                            2.97
xdut.\$20__par                           1.485
xdut.\$21__par                            2.97
xdut.\$22__par                           1.485
xdut.\$23__par                            2.97
xdut.\$24__par                           1.485
xdut.\$25__par                            2.97
xdut.\$26__par                           1.485
xdut.\$27__par                     1.14088e-09
xdut.\$29__par                            2.97
xdut.\$31__par                     1.14088e-09
xdut.\$33__par                            2.97
xdut.\$35__par                     1.14088e-09
xdut.\$37__par                            2.97
xdut.\$39__par                     1.14088e-09
xdut.\$41__par                            2.97
xdut.\$43__par                     1.14088e-09
xdut.\$45__par                            2.97
xdut.\$47__par                     1.14088e-09
xdut.\$49__par                            2.97
xdut.\$51__par                     1.14088e-09
xdut.\$53__par                            2.97
xdut.\$55__par                     1.14088e-09
xdut.\$57__par                            2.97
xdut.\$59__par                     1.14088e-09
xdut.\$61__par                            2.97
xdut.\$65__par                            2.97
xdut.\$67__par                            2.97
xdut.\$69__par                            2.97
xdut.\$71__par                            2.97
xdut.\$73__par                            2.97
xdut.\$75__par                            2.97
xdut.\$77__par                            2.97
xdut.\$79__par                            2.97
xdut.\$81__par                            2.97
xdut.\$83__par                            2.97
xdut.\$85__par                     1.14088e-09
xdut.\$87__par                            2.97
xdut.\$89__par                            2.97
xdut.\$9__par                             2.97
xdut.\$90__par                           1.485
xdut.\$92__par                            2.97
xdut.\$94__par                     1.14088e-09
xdut.\$96__par                            2.97
xdut.\$98__par                            2.97
xdut.\$99__par                           1.485
xdut.hi_128_n__par                           0
xdut.hi_128_p__par                           0
xdut.hi_16_n__par                            0
xdut.hi_16_p__par                            0
xdut.hi_1_n__par                             0
xdut.hi_1_p__par                             0
xdut.hi_256_n__par                           0
xdut.hi_256_p__par                           0
xdut.hi_2_n__par                             0
xdut.hi_2_p__par                             0
xdut.hi_32_n__par                            0
xdut.hi_32_p__par                            0
xdut.hi_4_n__par                             0
xdut.hi_4_p__par                             0
xdut.hi_64_n__par                            0
xdut.hi_64_p__par                            0
xdut.hi_8_n__par                             0
xdut.hi_8_p__par                             0
xdut.lo_128_n__par                           0
xdut.lo_128_p__par                           0
xdut.lo_16_n__par                            0
xdut.lo_16_p__par                            0
xdut.lo_1_n__par                             0
xdut.lo_1_p__par                             0
xdut.lo_256_n__par                           0
xdut.lo_256_p__par                           0
xdut.lo_2_n__par                             0
xdut.lo_2_p__par                             0
xdut.lo_32_n__par                            0
xdut.lo_32_p__par                            0
xdut.lo_4_n__par                             0
xdut.lo_4_p__par                             0
xdut.lo_64_n__par                            0
xdut.lo_64_p__par                            0
xdut.lo_8_n__par                             0
xdut.lo_8_p__par                             0
xdut.pinn__par                           1.485
xdut.pinp__par                     8.16736e-10
xdut.rel_128_n__par                       2.97
xdut.rel_128_p__par                       2.97
xdut.rel_16_n__par                        2.97
xdut.rel_16_p__par                        2.97
xdut.rel_1_n__par                         2.97
xdut.rel_1_p__par                         2.97
xdut.rel_256_n__par                       2.97
xdut.rel_256_p__par                       2.97
xdut.rel_2_n__par                         2.97
xdut.rel_2_p__par                         2.97
xdut.rel_32_n__par                        2.97
xdut.rel_32_p__par                        2.97
xdut.rel_4_n__par                         2.97
xdut.rel_4_p__par                         2.97
xdut.rel_64_n__par                        2.97
xdut.rel_64_p__par                        2.97
xdut.rel_8_n__par                         2.97
xdut.rel_8_p__par                         2.97
xdut.sel_in__par                             0
xdut.topn__par                         1.48506
xdut.topp__par                         1.48506
xdut.tp_gn__par                              0
xdut.vcm__par                            1.485
xdut.vdd__par                             2.97
xdut.vref__par                            2.97
xdut.vss__par                                0
se_ibias                               0.69564
xsecmp.xpre.ptail                      0.67091
xsecmp.pon                             2.26187
xsecmp.preamp_in1                      1.48506
xsecmp.pop                             2.26187
xsecmp.preamp_in2                      1.48506
xsecmp.xpre.xrlp.11                    2.96978
xsecmp.xpre.xrlp.21                    2.26209
xsecmp.xpre.xrln.11                    2.96978
xsecmp.xpre.xrln.21                    2.26209
xsecmp.xlat.ltail                      1.62602
xsecmp.xlat.dip                           2.97
xsecmp.xlat.din                           2.97
xsecmp.outn                               2.97
xsecmp.outp                               2.97
xsecmp.sset                        4.38943e-09
xsecmp.srst                        4.38943e-09
xsecmp.xno1.ps                         2.78114
se_cmpb                                1.22578
xsecmp.xno2.ps                         2.78114
se_code                                      0
bsecode#branch                               0
lref#branch                        5.36587e-11
v.xsecmp.vpn#branch                          0
v.xsecmp.vpp#branch                          0
vsemode#branch                               0
vsestart#branch                              0
vsevinn#branch                     3.46945e-17
vseinp#branch                      3.26694e-11
vcms#branch                       -1.84189e-12
vrefs#branch                      -5.36587e-11
vddc#branch                       -0.000675554
vddd#branch                       -4.75214e-10
vddt#branch                                  0
vcmpclkb#branch                              0
vcmpclk#branch                               0
vclk#branch                                  0
a.xsectrl.a_gn#branch_1_0                    0
a.xsectrl.a_gn#branch_1_1                    0
a.xsectrl.a_gn#branch_1_2                    0
a.xsectrl.a_gn#branch_1_3                    0
a.xsectrl.a_gn#branch_1_4                    0
a.xsectrl.a_gn#branch_1_5                    0
a.xsectrl.a_gn#branch_1_6                    0
a.xsectrl.a_gn#branch_1_7                    0
a.xsectrl.a_gn#branch_1_8                    0
a.xsectrl.a_gn#branch_1_9                    0
a.xsectrl.a_gn#branch_1_10                   0
a.xsectrl.a_gn#branch_1_11                   0
a.xsectrl.a_gn#branch_1_12                   0
a.xsectrl.a_gn#branch_1_13                   0
a.xsectrl.a_gn#branch_1_14                   0
a.xsectrl.a_gn#branch_1_15                   0
a.xsectrl.a_gn#branch_1_16                   0
a.xsectrl.a_gn#branch_1_17                   0
a.xsectrl.a_gn#branch_1_18                   0
a.xsectrl.a_gn#branch_1_19                   0
a.xsectrl.a_gn#branch_1_20                   0
a.xsectrl.a_gn#branch_1_21                   0
a.xsectrl.a_gn#branch_1_22                   0
a.xsectrl.a_gn#branch_1_23                   0
a.xsectrl.a_gn#branch_1_24                   0
a.xsectrl.a_gn#branch_1_25                   0
a.xsectrl.a_gn#branch_1_26                   0
a.xsectrl.a_gn#branch_1_27                   0
a.xsectrl.a_gn#branch_1_28                   0
a.xsectrl.a_gn#branch_1_29                   0
a.xsectrl.a_gn#branch_1_30                   0
a.xsectrl.a_gn#branch_1_31                   0
a.xsectrl.a_gn#branch_1_32                   0
a.xsectrl.a_gn#branch_1_33                   0
a.xsectrl.a_gn#branch_1_34                   0
a.xsectrl.a_gn#branch_1_35                   0
a.xsectrl.a_gn#branch_1_36                   0
a.xsectrl.a_gn#branch_1_37                   0
a.xsectrl.a_gn#branch_1_38                   0
a.xsectrl.a_gn#branch_1_39                   0
a.xsectrl.a_gn#branch_1_40                   0
a.xsectrl.a_gn#branch_1_41                   0
a.xsectrl.a_gn#branch_1_42                   0
a.xsectrl.a_gn#branch_1_43                   0
a.xsectrl.a_gn#branch_1_44                   0
a.xsectrl.a_gn#branch_1_45                   0
a.xsectrl.a_gn#branch_1_46                   0
a.xsectrl.a_gn#branch_1_47                   0
a.xsectrl.a_gn#branch_1_48                   0
a.xsectrl.a_gn#branch_1_49                   0
a.xsectrl.a_gn#branch_1_50                   0
a.xsectrl.a_gn#branch_1_51                   0
a.xsectrl.a_gn#branch_1_52                   0
a.xsectrl.a_gn#branch_1_53                   0
a.xsectrl.a_dout#branch_1_0                  0
a.xsectrl.a_dout#branch_1_1                  0
a.xsectrl.a_dout#branch_1_2                  0
a.xsectrl.a_dout#branch_1_3                  0
a.xsectrl.a_dout#branch_1_4                  0
a.xsectrl.a_dout#branch_1_5                  0
a.xsectrl.a_dout#branch_1_6                  0
a.xsectrl.a_dout#branch_1_7                  0
a.xsectrl.a_dout#branch_1_8                  0
a.xsectrl.a_dout#branch_1_9                  0
a.xsectrl.a_dout#branch_1_10                 0
a.xsectrl.a_dout#branch_1_11                 0
a.xsectrl.a_dout#branch_1_12                 0

 Reference value :  0.00000e+00
 Reference value :  3.13062e-08
 Reference value :  7.83507e-08
 Reference value :  1.25531e-07
 Reference value :  1.87682e-07
 Reference value :  2.19159e-07
 Reference value :  2.54941e-07
 Reference value :  3.12713e-07
 Reference value :  3.43950e-07
 Reference value :  3.78713e-07
 Reference value :  4.38197e-07
 Reference value :  4.98103e-07
 Reference value :  5.31327e-07
 Reference value :  5.65048e-07
 Reference value :  6.25276e-07
 Reference value :  6.56757e-07
 Reference value :  7.18776e-07
 Reference value :  7.52468e-07
 Reference value :  8.12748e-07
 Reference value :  8.44197e-07
 Reference value :  8.77822e-07
 Reference value :  9.37738e-07
 Reference value :  1.00020e-06
 Reference value :  1.02198e-06
 Reference value :  1.06290e-06
 Reference value :  1.12530e-06
 Reference value :  1.18770e-06
 Reference value :  1.21925e-06
 Reference value :  1.25523e-06
 Reference value :  1.31280e-06
 Reference value :  1.34405e-06
 Reference value :  1.38048e-06
 Reference value :  1.43977e-06
 Reference value :  1.50010e-06
 Reference value :  1.53136e-06
 Reference value :  1.56528e-06
 Reference value :  1.62542e-06
 Reference value :  1.67223e-06
 Reference value :  1.71883e-06
 Reference value :  1.75258e-06
 Reference value :  1.81297e-06
 Reference value :  1.84438e-06
 Reference value :  1.90629e-06
 Reference value :  1.93841e-06
 Reference value :  2.00083e-06
 Reference value :  2.03134e-06
 Reference value :  2.07438e-06
 Reference value :  2.12553e-06
 Reference value :  2.18782e-06
 Reference value :  2.22338e-06
 Reference value :  2.28125e-06
 Reference value :  2.31299e-06
 Reference value :  2.34729e-06
 Reference value :  2.40626e-06
 Reference value :  2.43998e-06
 Reference value :  2.50020e-06
 Reference value :  2.53153e-06
 Reference value :  2.59442e-06
 Reference value :  2.68766e-06
 Reference value :  2.75089e-06
 Reference value :  2.82230e-06
 Reference value :  2.89150e-06
 Reference value :  2.96911e-06
 Reference value :  3.03145e-06
 Reference value :  3.12514e-06
 Reference value :  3.19027e-06
 Reference value :  3.26286e-06
 Reference value :  3.32956e-06
 Reference value :  3.40635e-06
 Reference value :  3.48021e-06
 Reference value :  3.56275e-06
 Reference value :  3.62741e-06
 Reference value :  3.69434e-06
 Reference value :  3.78145e-06
 Reference value :  3.84685e-06
 Reference value :  3.93764e-06
 Reference value :  4.00267e-06
 Reference value :  4.06306e-06
 Reference value :  4.13154e-06
 Reference value :  4.18813e-06
 Reference value :  4.25006e-06
 Reference value :  4.28132e-06
 Reference value :  4.31482e-06
 Reference value :  4.37510e-06
 Reference value :  4.40633e-06
 Reference value :  4.44010e-06
 Reference value :  4.50039e-06
 Reference value :  4.53390e-06
 Reference value :  4.59379e-06
 Reference value :  4.62750e-06
 Reference value :  4.68771e-06
 Reference value :  4.71914e-06
 Reference value :  4.78127e-06
 Reference value :  4.81500e-06
 Reference value :  4.87510e-06
 Reference value :  4.90638e-06
 Reference value :  4.96879e-06
 Reference value :  5.00242e-06
 Reference value :  5.03176e-06
 Reference value :  5.09479e-06
 Reference value :  5.15678e-06
 Reference value :  5.21883e-06
 Reference value :  5.25297e-06
 Reference value :  5.31289e-06
 Reference value :  5.34405e-06
 Reference value :  5.37780e-06
 Reference value :  5.43770e-06
 Reference value :  5.46893e-06
 Reference value :  5.50369e-06
 Reference value :  5.56313e-06
 Reference value :  5.62501e-06
 Reference value :  5.65635e-06
 Reference value :  5.69023e-06
 Reference value :  5.75039e-06
 Reference value :  5.80595e-06
 Reference value :  5.84390e-06
 Reference value :  5.87785e-06
 Reference value :  5.93791e-06
 Reference value :  6.00243e-06
 Reference value :  6.06265e-06
 Reference value :  6.12545e-06
 Reference value :  6.21879e-06
 Reference value :  6.28132e-06
 Reference value :  6.31505e-06
 Reference value :  6.37503e-06
 Reference value :  6.40632e-06
 Reference value :  6.43986e-06
 Reference value :  6.50010e-06
 Reference value :  6.56269e-06
 Reference value :  6.62540e-06
 Reference value :  6.68824e-06
 Reference value :  6.75020e-06
 Reference value :  6.78168e-06
 Reference value :  6.84379e-06
 Reference value :  6.87742e-06
 Reference value :  6.93764e-06
 Reference value :  7.00013e-06
 Reference value :  7.01899e-06
 Reference value :  7.06270e-06
 Reference value :  7.10457e-06
 Reference value :  7.15670e-06
 Reference value :  7.21879e-06
 Reference value :  7.25273e-06
 Reference value :  7.28272e-06
 Reference value :  7.32952e-06
 Reference value :  7.37727e-06
 Reference value :  7.43977e-06
 Reference value :  7.50248e-06
 Reference value :  7.56548e-06
 Reference value :  7.65632e-06
 Reference value :  7.71914e-06
 Reference value :  7.81270e-06
 Reference value :  7.87732e-06
 Reference value :  7.96885e-06
 Reference value :  8.03137e-06
 Reference value :  8.12553e-06
 Reference value :  8.21885e-06
 Reference value :  8.28182e-06
 Reference value :  8.35598e-06
 Reference value :  8.43770e-06
 Reference value :  8.50227e-06
 Reference value :  8.56512e-06
 Reference value :  8.65631e-06
 Reference value :  8.71916e-06
 Reference value :  8.81266e-06
 Reference value :  8.87732e-06
 Reference value :  8.94021e-06
 Reference value :  9.00236e-06
 Reference value :  9.03227e-06
 Reference value :  9.09383e-06
 Reference value :  9.12578e-06
 Reference value :  9.18770e-06
 Reference value :  9.21915e-06
 Reference value :  9.25377e-06
 Reference value :  9.31260e-06
 Reference value :  9.34383e-06
 Reference value :  9.37731e-06
 Reference value :  9.43753e-06
 Reference value :  9.46883e-06
 Reference value :  9.50257e-06
 Reference value :  9.56277e-06
 Reference value :  9.59407e-06
 Reference value :  9.65130e-06
 Reference value :  9.68984e-06
 Reference value :  9.75014e-06
 Reference value :  9.78141e-06
 Reference value :  9.81727e-06
 Reference value :  9.87678e-06
 Reference value :  9.91264e-06
 Reference value :  9.96925e-06
 Reference value :  1.00029e-05
 Reference value :  1.00625e-05
 Reference value :  1.00945e-05
 Reference value :  1.01565e-05
 Reference value :  1.01900e-05
 Reference value :  1.02463e-05
 Reference value :  1.02813e-05
 Reference value :  1.03150e-05
 Reference value :  1.03640e-05
 Reference value :  1.04063e-05
 Reference value :  1.04399e-05
 Reference value :  1.05002e-05
 Reference value :  1.05314e-05
 Reference value :  1.05658e-05
 Reference value :  1.06254e-05
 Reference value :  1.06727e-05
 Reference value :  1.07188e-05
 Reference value :  1.07525e-05
 Reference value :  1.08127e-05
 Reference value :  1.08444e-05
 Reference value :  1.09000e-05
 Reference value :  1.09401e-05
 Reference value :  1.10003e-05
 Reference value :  1.10314e-05
 Reference value :  1.10938e-05
 Reference value :  1.11563e-05
 Reference value :  1.11898e-05
 Reference value :  1.12502e-05
 Reference value :  1.12815e-05
 Reference value :  1.13151e-05
 Reference value :  1.13752e-05
 Reference value :  1.14064e-05
 Reference value :  1.14399e-05
 Reference value :  1.15001e-05
 Reference value :  1.15314e-05
 Reference value :  1.15654e-05
 Reference value :  1.16254e-05
 Reference value :  1.16666e-05
 Reference value :  1.17188e-05
 Reference value :  1.17525e-05
 Reference value :  1.18128e-05
 Reference value :  1.18443e-05
 Reference value :  1.18937e-05
 Reference value :  1.19405e-05
 Reference value :  1.20007e-05
 Reference value :  1.20315e-05
 Reference value :  1.20938e-05
 Reference value :  1.21337e-05
 Reference value :  1.21879e-05
 Reference value :  1.22235e-05
 Reference value :  1.22813e-05
 Reference value :  1.23132e-05
 Reference value :  1.23442e-05
 Reference value :  1.23832e-05
 Reference value :  1.24378e-05
 Reference value :  1.24690e-05
 Reference value :  1.25105e-05
 Reference value :  1.25643e-05
 Reference value :  1.26250e-05
 Reference value :  1.26564e-05
 Reference value :  1.26901e-05
 Reference value :  1.27503e-05
 Reference value :  1.27955e-05
 Reference value :  1.28438e-05
 Reference value :  1.28775e-05
 Reference value :  1.29377e-05
 Reference value :  1.30002e-05
 Reference value :  1.30313e-05
 Reference value :  1.30629e-05
 Reference value :  1.31252e-05
 Reference value :  1.31876e-05
 Reference value :  1.32190e-05
 Reference value :  1.32533e-05
 Reference value :  1.33127e-05
 Reference value :  1.33440e-05
 Reference value :  1.33775e-05
 Reference value :  1.34376e-05
 Reference value :  1.34688e-05
 Reference value :  1.35025e-05
 Reference value :  1.35627e-05
 Reference value :  1.35941e-05
 Reference value :  1.36545e-05
 Reference value :  1.36899e-05
 Reference value :  1.37501e-05
 Reference value :  1.37815e-05
 Reference value :  1.38438e-05
 Reference value :  1.38774e-05
 Reference value :  1.39376e-05
 Reference value :  1.40001e-05
 Reference value :  1.40269e-05
 Reference value :  1.40630e-05
 Reference value :  1.41257e-05
 Reference value :  1.41879e-05
 Reference value :  1.42500e-05
 Reference value :  1.42813e-05
 Reference value :  1.43150e-05
 Reference value :  1.43752e-05
 Reference value :  1.44067e-05
 Reference value :  1.44688e-05
 Reference value :  1.45025e-05
 Reference value :  1.45627e-05
 Reference value :  1.45941e-05
 Reference value :  1.46563e-05
 Reference value :  1.46900e-05
 Reference value :  1.47503e-05
 Reference value :  1.47956e-05
 Reference value :  1.48439e-05
 Reference value :  1.48774e-05
 Reference value :  1.49376e-05
 Reference value :  1.49904e-05
 Reference value :  1.50037e-05
 Reference value :  1.50627e-05
 Reference value :  1.51251e-05
 Reference value :  1.51570e-05
 Reference value :  1.52188e-05
 Reference value :  1.52504e-05
 Reference value :  1.52816e-05
 Reference value :  1.53291e-05
 Reference value :  1.53773e-05
 Reference value :  1.54376e-05
 Reference value :  1.54690e-05
 Reference value :  1.55173e-05
 Reference value :  1.55648e-05
 Reference value :  1.56252e-05
 Reference value :  1.56565e-05
 Reference value :  1.57118e-05
 Reference value :  1.57523e-05
 Reference value :  1.58127e-05
 Reference value :  1.58441e-05
 Reference value :  1.58776e-05
 Reference value :  1.59377e-05
 Reference value :  1.60002e-05
 Reference value :  1.60313e-05
 Reference value :  1.60633e-05
 Reference value :  1.61254e-05
 Reference value :  1.61876e-05
 Reference value :  1.62191e-05
 Reference value :  1.62529e-05
 Reference value :  1.63126e-05
 Reference value :  1.63439e-05
 Reference value :  1.63777e-05
 Reference value :  1.64380e-05
 Reference value :  1.65000e-05
 Reference value :  1.65313e-05
 Reference value :  1.65651e-05
 Reference value :  1.66258e-05
 Reference value :  1.66876e-05
 Reference value :  1.67189e-05
 Reference value :  1.67574e-05
 Reference value :  1.68148e-05
 Reference value :  1.68751e-05
 Reference value :  1.69064e-05
 Reference value :  1.69689e-05
No. of Data Rows : 43323
icmpf000            =  -2.72912e-05 from=  3.00000e-06 to=  5.00001e-06
icdacf000           =  -6.82981e-06 from=  3.00000e-06 to=  5.00001e-06
itrkf000            =  0.00000e+00 from=  3.00000e-06 to=  5.00001e-06
ireff000            =  -6.38710e-11 from=  3.00000e-06 to=  5.00001e-06
ivcmf000            =  -1.16622e-05 from=  3.00000e-06 to=  5.00001e-06
icmpf025            =  -2.73000e-05 from=  6.00000e-06 to=  8.00001e-06
icdacf025           =  -6.91955e-06 from=  6.00000e-06 to=  8.00001e-06
itrkf025            =  0.00000e+00 from=  6.00000e-06 to=  8.00001e-06
ireff025            =  -3.15801e-06 from=  6.00000e-06 to=  8.00001e-06
ivcmf025            =  -6.90038e-06 from=  6.00000e-06 to=  8.00001e-06
icmpf050            =  -2.88180e-05 from=  9.00000e-06 to=  1.10000e-05
icdacf050           =  -7.32962e-06 from=  9.00000e-06 to=  1.10000e-05
itrkf050            =  0.00000e+00 from=  9.00000e-06 to=  1.10000e-05
ireff050            =  -6.23708e-06 from=  9.00000e-06 to=  1.10000e-05
ivcmf050            =  -2.60073e-07 from=  9.00000e-06 to=  1.10000e-05
icmpf075            =  -2.71645e-05 from=  1.20000e-05 to=  1.40000e-05
icdacf075           =  -7.48498e-06 from=  1.20000e-05 to=  1.40000e-05
itrkf075            =  0.00000e+00 from=  1.20000e-05 to=  1.40000e-05
ireff075            =  -7.71090e-06 from=  1.20000e-05 to=  1.40000e-05
ivcmf075            =  6.52950e-06 from=  1.20000e-05 to=  1.40000e-05
icmpf100            =  -2.74282e-05 from=  1.50000e-05 to=  1.70000e-05
icdacf100           =  -7.69042e-06 from=  1.50000e-05 to=  1.70000e-05
itrkf100            =  0.00000e+00 from=  1.50000e-05 to=  1.70000e-05
ireff100            =  -7.03837e-06 from=  1.50000e-05 to=  1.70000e-05
ivcmf100            =  1.15214e-05 from=  1.50000e-05 to=  1.70000e-05
vddm                =  2.97000e+00
m_p_cmp_f000_uw = 8.1054893700e+01
m_p_cdac_f000_uw = 2.0284541640e+01
m_p_trk_f000_uw = -0.0000000000e+00
m_p_ref_f000_uw = 1.8969692940e-04
m_p_vcm_f000_uw = 1.7318396700e+01
m_p_total_f000_uw = 1.1865802174e+02
m_p_cmp_f025_uw = 8.1081089100e+01
m_p_cdac_f025_uw = 2.0551066470e+01
m_p_trk_f025_uw = -0.0000000000e+00
m_p_ref_f025_uw = 9.3792807900e+00
m_p_vcm_f025_uw = 1.0247062815e+01
m_p_total_f025_uw = 1.2125849917e+02
m_p_cmp_f050_uw = 8.5589519400e+01
m_p_cdac_f050_uw = 2.1768974370e+01
m_p_trk_f050_uw = -0.0000000000e+00
m_p_ref_f050_uw = 1.8524133540e+01
m_p_vcm_f050_uw = 3.8620795950e-01
m_p_total_f050_uw = 1.2626883527e+02
m_p_cmp_f075_uw = 8.0678535300e+01
m_p_cdac_f075_uw = 2.2230390600e+01
m_p_trk_f075_uw = -0.0000000000e+00
m_p_ref_f075_uw = 2.2901358150e+01
m_p_vcm_f075_uw = -9.696313440e+00
m_p_total_f075_uw = 1.1611397061e+02
m_p_cmp_f100_uw = 8.1461813400e+01
m_p_cdac_f100_uw = 2.2840547400e+01
m_p_trk_f100_uw = -0.0000000000e+00
m_p_ref_f100_uw = 2.0903955930e+01
m_p_vcm_f100_uw = -1.710929385e+01
m_p_total_f100_uw = 1.0809702288e+02
m_supply_v = 2.9700000000e+00
Note: Simulation executed from .control section 

Note: Starting dynamic gmin stepping
Note: Dynamic gmin stepping completed
