
Note: No compatibility mode selected!


Circuit: * adc-power @ tt_-40c_3.63v -- generated by sim/harness, do not edit

Reducing trtol to 1 for xspice 'A' devices
Doing analysis at TEMP = -40.000000 and TNOM = 27.000000

Using SPARSE 1.3 as Direct Linear Solver

Initial Transient Solution
--------------------------

Node                                   Voltage
----                                   -------
clk                                          0
cmpclk                                       0
cmpclkb                                   3.63
vddt                                      3.63
vddd                                      3.63
vddc                                      3.63
vrefs                                     3.63
vrefn                                     3.63
vcmn                                     1.815
se_vinp                                      0
se_vinn                                  1.815
se_start                                     0
se_mode                                      0
se_cmp                                 1.49859
se_samp_tp_n                                 0
se_sel_in_n                                  0
se_drdy                                   3.63
se_c9                                        0
se_c8                                        0
se_c7                                        0
se_c6                                        0
se_c5                                        0
se_c4                                        0
se_c3                                        0
se_c2                                        0
se_c1                                        0
se_c0                                        0
se_rel_n_256p                             3.63
se_sel_hi_n_256p                             0
se_sel_lo_n_256p                             0
se_rel_n_128p                             3.63
se_sel_hi_n_128p                             0
se_sel_lo_n_128p                             0
se_rel_n_64p                              3.63
se_sel_hi_n_64p                              0
se_sel_lo_n_64p                              0
se_rel_n_32p                              3.63
se_sel_hi_n_32p                              0
se_sel_lo_n_32p                              0
se_rel_n_16p                              3.63
se_sel_hi_n_16p                              0
se_sel_lo_n_16p                              0
se_rel_n_8p                               3.63
se_sel_hi_n_8p                               0
se_sel_lo_n_8p                               0
se_rel_n_4p                               3.63
se_sel_hi_n_4p                               0
se_sel_lo_n_4p                               0
se_rel_n_2p                               3.63
se_sel_hi_n_2p                               0
se_sel_lo_n_2p                               0
se_rel_n_1p                               3.63
se_sel_hi_n_1p                               0
se_sel_lo_n_1p                               0
se_rel_n_256n                             3.63
se_sel_hi_n_256n                             0
se_sel_lo_n_256n                             0
se_rel_n_128n                             3.63
se_sel_hi_n_128n                             0
se_sel_lo_n_128n                             0
se_rel_n_64n                              3.63
se_sel_hi_n_64n                              0
se_sel_lo_n_64n                              0
se_rel_n_32n                              3.63
se_sel_hi_n_32n                              0
se_sel_lo_n_32n                              0
se_rel_n_16n                              3.63
se_sel_hi_n_16n                              0
se_sel_lo_n_16n                              0
se_rel_n_8n                               3.63
se_sel_hi_n_8n                               0
se_sel_lo_n_8n                               0
se_rel_n_4n                               3.63
se_sel_hi_n_4n                               0
se_sel_lo_n_4n                               0
se_rel_n_2n                               3.63
se_sel_hi_n_2n                               0
se_sel_lo_n_2n                               0
se_rel_n_1n                               3.63
se_sel_hi_n_1n                               0
se_sel_lo_n_1n                               0
se_pinp                            1.63228e-09
se_pinn                                  1.815
xdut.\$65                                 3.63
xdut.\$27                          1.80945e-09
xdut.\$29                                 3.63
xdut.\$9                                  3.63
xdut.\$10                                1.815
xdut.\$67                                 3.63
xdut.\$31                          1.80945e-09
xdut.\$33                                 3.63
xdut.\$11                                 3.63
xdut.\$12                                1.815
xdut.\$69                                 3.63
xdut.\$35                          1.80945e-09
xdut.\$37                                 3.63
xdut.\$13                                 3.63
xdut.\$14                                1.815
xdut.\$71                                 3.63
xdut.\$39                          1.80945e-09
xdut.\$41                                 3.63
xdut.\$15                                 3.63
xdut.\$16                                1.815
xdut.\$73                                 3.63
xdut.\$43                          1.80945e-09
xdut.\$45                                 3.63
xdut.\$17                                 3.63
xdut.\$18                                1.815
xdut.\$75                                 3.63
xdut.\$47                          1.80945e-09
xdut.\$49                                 3.63
xdut.\$19                                 3.63
xdut.\$20                                1.815
xdut.\$77                                 3.63
xdut.\$51                          1.80945e-09
xdut.\$53                                 3.63
xdut.\$21                                 3.63
xdut.\$22                                1.815
xdut.\$79                                 3.63
xdut.\$55                          1.80945e-09
xdut.\$57                                 3.63
xdut.\$23                                 3.63
xdut.\$24                                1.815
xdut.\$81                                 3.63
xdut.\$59                          1.80945e-09
xdut.\$61                                 3.63
xdut.\$25                                 3.63
xdut.\$26                                1.815
xdut.\$83                                 3.63
xdut.\$85                          1.80945e-09
xdut.\$87                                 3.63
xdut.\$89                                 3.63
xdut.\$90                                1.815
xdut.\$92                                 3.63
xdut.\$94                          1.80945e-09
xdut.\$96                                 3.63
xdut.\$98                                 3.63
xdut.\$99                                1.815
xdut.\$100                                3.63
xdut.\$102                         1.80945e-09
xdut.\$104                                3.63
xdut.\$106                                3.63
xdut.\$107                               1.815
xdut.\$108                                3.63
xdut.\$110                         1.80945e-09
xdut.\$112                                3.63
xdut.\$114                                3.63
xdut.\$115                               1.815
xdut.\$116                                3.63
xdut.\$118                         1.80945e-09
xdut.\$120                                3.63
xdut.\$122                                3.63
xdut.\$123                               1.815
xdut.\$124                                3.63
xdut.\$126                         1.80945e-09
xdut.\$128                                3.63
xdut.\$130                                3.63
xdut.\$131                               1.815
xdut.\$132                                3.63
xdut.\$134                         1.80945e-09
xdut.\$136                                3.63
xdut.\$138                                3.63
xdut.\$139                               1.815
xdut.\$140                                3.63
xdut.\$142                         1.80945e-09
xdut.\$144                                3.63
xdut.\$146                                3.63
xdut.\$147                               1.815
xdut.\$166                                3.63
se_topp                                1.81509
xdut.\$167                                3.63
se_topn                                1.81509
xdut.\$148                                3.63
xdut.\$150                         1.80945e-09
xdut.\$152                                3.63
xdut.\$154                                3.63
xdut.\$155                               1.815
xdut.\$10__par                           1.815
xdut.\$100__par                           3.63
xdut.\$102__par                    1.80945e-09
xdut.\$104__par                           3.63
xdut.\$106__par                           3.63
xdut.\$107__par                          1.815
xdut.\$108__par                           3.63
xdut.\$11__par                            3.63
xdut.\$110__par                    1.80945e-09
xdut.\$112__par                           3.63
xdut.\$114__par                           3.63
xdut.\$115__par                          1.815
xdut.\$116__par                           3.63
xdut.\$118__par                    1.80945e-09
xdut.\$12__par                           1.815
xdut.\$120__par                           3.63
xdut.\$122__par                           3.63
xdut.\$123__par                          1.815
xdut.\$124__par                           3.63
xdut.\$126__par                    1.80945e-09
xdut.\$128__par                           3.63
xdut.\$13__par                            3.63
xdut.\$130__par                           3.63
xdut.\$131__par                          1.815
xdut.\$132__par                           3.63
xdut.\$134__par                    1.80945e-09
xdut.\$136__par                           3.63
xdut.\$138__par                           3.63
xdut.\$139__par                          1.815
xdut.\$14__par                           1.815
xdut.\$140__par                           3.63
xdut.\$142__par                    1.80945e-09
xdut.\$144__par                           3.63
xdut.\$146__par                           3.63
xdut.\$147__par                          1.815
xdut.\$148__par                           3.63
xdut.\$15__par                            3.63
xdut.\$150__par                    1.80945e-09
xdut.\$152__par                           3.63
xdut.\$154__par                           3.63
xdut.\$155__par                          1.815
xdut.\$16__par                           1.815
xdut.\$166__par                           3.63
xdut.\$167__par                           3.63
xdut.\$17__par                            3.63
xdut.\$18__par                           1.815
xdut.\$19__par                            3.63
xdut.\$20__par                           1.815
xdut.\$21__par                            3.63
xdut.\$22__par                           1.815
xdut.\$23__par                            3.63
xdut.\$24__par                           1.815
xdut.\$25__par                            3.63
xdut.\$26__par                           1.815
xdut.\$27__par                     1.80945e-09
xdut.\$29__par                            3.63
xdut.\$31__par                     1.80945e-09
xdut.\$33__par                            3.63
xdut.\$35__par                     1.80945e-09
xdut.\$37__par                            3.63
xdut.\$39__par                     1.80945e-09
xdut.\$41__par                            3.63
xdut.\$43__par                     1.80945e-09
xdut.\$45__par                            3.63
xdut.\$47__par                     1.80945e-09
xdut.\$49__par                            3.63
xdut.\$51__par                     1.80945e-09
xdut.\$53__par                            3.63
xdut.\$55__par                     1.80945e-09
xdut.\$57__par                            3.63
xdut.\$59__par                     1.80945e-09
xdut.\$61__par                            3.63
xdut.\$65__par                            3.63
xdut.\$67__par                            3.63
xdut.\$69__par                            3.63
xdut.\$71__par                            3.63
xdut.\$73__par                            3.63
xdut.\$75__par                            3.63
xdut.\$77__par                            3.63
xdut.\$79__par                            3.63
xdut.\$81__par                            3.63
xdut.\$83__par                            3.63
xdut.\$85__par                     1.80945e-09
xdut.\$87__par                            3.63
xdut.\$89__par                            3.63
xdut.\$9__par                             3.63
xdut.\$90__par                           1.815
xdut.\$92__par                            3.63
xdut.\$94__par                     1.80945e-09
xdut.\$96__par                            3.63
xdut.\$98__par                            3.63
xdut.\$99__par                           1.815
xdut.hi_128_n__par                           0
xdut.hi_128_p__par                           0
xdut.hi_16_n__par                            0
xdut.hi_16_p__par                            0
xdut.hi_1_n__par                             0
xdut.hi_1_p__par                             0
xdut.hi_256_n__par                           0
xdut.hi_256_p__par                           0
xdut.hi_2_n__par                             0
xdut.hi_2_p__par                             0
xdut.hi_32_n__par                            0
xdut.hi_32_p__par                            0
xdut.hi_4_n__par                             0
xdut.hi_4_p__par                             0
xdut.hi_64_n__par                            0
xdut.hi_64_p__par                            0
xdut.hi_8_n__par                             0
xdut.hi_8_p__par                             0
xdut.lo_128_n__par                           0
xdut.lo_128_p__par                           0
xdut.lo_16_n__par                            0
xdut.lo_16_p__par                            0
xdut.lo_1_n__par                             0
xdut.lo_1_p__par                             0
xdut.lo_256_n__par                           0
xdut.lo_256_p__par                           0
xdut.lo_2_n__par                             0
xdut.lo_2_p__par                             0
xdut.lo_32_n__par                            0
xdut.lo_32_p__par                            0
xdut.lo_4_n__par                             0
xdut.lo_4_p__par                             0
xdut.lo_64_n__par                            0
xdut.lo_64_p__par                            0
xdut.lo_8_n__par                             0
xdut.lo_8_p__par                             0
xdut.pinn__par                           1.815
xdut.pinp__par                     1.63228e-09
xdut.rel_128_n__par                       3.63
xdut.rel_128_p__par                       3.63
xdut.rel_16_n__par                        3.63
xdut.rel_16_p__par                        3.63
xdut.rel_1_n__par                         3.63
xdut.rel_1_p__par                         3.63
xdut.rel_256_n__par                       3.63
xdut.rel_256_p__par                       3.63
xdut.rel_2_n__par                         3.63
xdut.rel_2_p__par                         3.63
xdut.rel_32_n__par                        3.63
xdut.rel_32_p__par                        3.63
xdut.rel_4_n__par                         3.63
xdut.rel_4_p__par                         3.63
xdut.rel_64_n__par                        3.63
xdut.rel_64_p__par                        3.63
xdut.rel_8_n__par                         3.63
xdut.rel_8_p__par                         3.63
xdut.sel_in__par                             0
xdut.topn__par                         1.81509
xdut.topp__par                         1.81509
xdut.tp_gn__par                              0
xdut.vcm__par                            1.815
xdut.vdd__par                             3.63
xdut.vref__par                            3.63
xdut.vss__par                                0
se_ibias                              0.807378
xsecmp.xpre.ptail                     0.834815
xsecmp.pon                             2.74342
xsecmp.preamp_in1                      1.81509
xsecmp.pop                             2.74342
xsecmp.preamp_in2                      1.81509
xsecmp.xpre.xrlp.11                    3.62978
xsecmp.xpre.xrlp.21                    2.74365
xsecmp.xpre.xrln.11                    3.62978
xsecmp.xpre.xrln.21                    2.74365
xsecmp.xlat.ltail                      1.92079
xsecmp.xlat.dip                           3.63
xsecmp.xlat.din                           3.63
xsecmp.outn                               3.63
xsecmp.outp                               3.63
xsecmp.sset                        5.74698e-09
xsecmp.srst                        5.74698e-09
xsecmp.xno1.ps                         3.38743
se_cmpb                                1.49859
xsecmp.xno2.ps                         3.38743
se_code                                      0
bsecode#branch                               0
lref#branch                        6.58098e-11
v.xsecmp.vpn#branch                          0
v.xsecmp.vpp#branch                          0
vsemode#branch                               0
vsestart#branch                              0
vsevinn#branch                       3.747e-16
vseinp#branch                      6.52911e-11
vcms#branch                        -7.1843e-14
vrefs#branch                      -6.58098e-11
vddc#branch                       -0.000876553
vddd#branch                       -6.79514e-10
vddt#branch                                  0
vcmpclkb#branch                              0
vcmpclk#branch                               0
vclk#branch                                  0
a.xsectrl.a_gn#branch_1_0                    0
a.xsectrl.a_gn#branch_1_1                    0
a.xsectrl.a_gn#branch_1_2                    0
a.xsectrl.a_gn#branch_1_3                    0
a.xsectrl.a_gn#branch_1_4                    0
a.xsectrl.a_gn#branch_1_5                    0
a.xsectrl.a_gn#branch_1_6                    0
a.xsectrl.a_gn#branch_1_7                    0
a.xsectrl.a_gn#branch_1_8                    0
a.xsectrl.a_gn#branch_1_9                    0
a.xsectrl.a_gn#branch_1_10                   0
a.xsectrl.a_gn#branch_1_11                   0
a.xsectrl.a_gn#branch_1_12                   0
a.xsectrl.a_gn#branch_1_13                   0
a.xsectrl.a_gn#branch_1_14                   0
a.xsectrl.a_gn#branch_1_15                   0
a.xsectrl.a_gn#branch_1_16                   0
a.xsectrl.a_gn#branch_1_17                   0
a.xsectrl.a_gn#branch_1_18                   0
a.xsectrl.a_gn#branch_1_19                   0
a.xsectrl.a_gn#branch_1_20                   0
a.xsectrl.a_gn#branch_1_21                   0
a.xsectrl.a_gn#branch_1_22                   0
a.xsectrl.a_gn#branch_1_23                   0
a.xsectrl.a_gn#branch_1_24                   0
a.xsectrl.a_gn#branch_1_25                   0
a.xsectrl.a_gn#branch_1_26                   0
a.xsectrl.a_gn#branch_1_27                   0
a.xsectrl.a_gn#branch_1_28                   0
a.xsectrl.a_gn#branch_1_29                   0
a.xsectrl.a_gn#branch_1_30                   0
a.xsectrl.a_gn#branch_1_31                   0
a.xsectrl.a_gn#branch_1_32                   0
a.xsectrl.a_gn#branch_1_33                   0
a.xsectrl.a_gn#branch_1_34                   0
a.xsectrl.a_gn#branch_1_35                   0
a.xsectrl.a_gn#branch_1_36                   0
a.xsectrl.a_gn#branch_1_37                   0
a.xsectrl.a_gn#branch_1_38                   0
a.xsectrl.a_gn#branch_1_39                   0
a.xsectrl.a_gn#branch_1_40                   0
a.xsectrl.a_gn#branch_1_41                   0
a.xsectrl.a_gn#branch_1_42                   0
a.xsectrl.a_gn#branch_1_43                   0
a.xsectrl.a_gn#branch_1_44                   0
a.xsectrl.a_gn#branch_1_45                   0
a.xsectrl.a_gn#branch_1_46                   0
a.xsectrl.a_gn#branch_1_47                   0
a.xsectrl.a_gn#branch_1_48                   0
a.xsectrl.a_gn#branch_1_49                   0
a.xsectrl.a_gn#branch_1_50                   0
a.xsectrl.a_gn#branch_1_51                   0
a.xsectrl.a_gn#branch_1_52                   0
a.xsectrl.a_gn#branch_1_53                   0
a.xsectrl.a_dout#branch_1_0                  0
a.xsectrl.a_dout#branch_1_1                  0
a.xsectrl.a_dout#branch_1_2                  0
a.xsectrl.a_dout#branch_1_3                  0
a.xsectrl.a_dout#branch_1_4                  0
a.xsectrl.a_dout#branch_1_5                  0
a.xsectrl.a_dout#branch_1_6                  0
a.xsectrl.a_dout#branch_1_7                  0
a.xsectrl.a_dout#branch_1_8                  0
a.xsectrl.a_dout#branch_1_9                  0
a.xsectrl.a_dout#branch_1_10                 0
a.xsectrl.a_dout#branch_1_11                 0
a.xsectrl.a_dout#branch_1_12                 0

 Reference value :  0.00000e+00
 Reference value :  3.12545e-08
 Reference value :  9.37632e-08
 Reference value :  1.39960e-07
 Reference value :  1.87957e-07
 Reference value :  2.31011e-07
 Reference value :  2.81256e-07
 Reference value :  3.12909e-07
 Reference value :  3.43993e-07
 Reference value :  3.79636e-07
 Reference value :  4.37980e-07
 Reference value :  4.69307e-07
 Reference value :  5.23340e-07
 Reference value :  5.64787e-07
 Reference value :  6.21144e-07
 Reference value :  6.56351e-07
 Reference value :  6.90084e-07
 Reference value :  7.50276e-07
 Reference value :  7.81509e-07
 Reference value :  8.16168e-07
 Reference value :  8.75149e-07
 Reference value :  9.06392e-07
 Reference value :  9.52493e-07
 Reference value :  1.00159e-06
 Reference value :  1.03131e-06
 Reference value :  1.08946e-06
 Reference value :  1.12528e-06
 Reference value :  1.18770e-06
 Reference value :  1.25046e-06
 Reference value :  1.31274e-06
 Reference value :  1.37528e-06
 Reference value :  1.43794e-06
 Reference value :  1.50098e-06
 Reference value :  1.56477e-06
 Reference value :  1.62541e-06
 Reference value :  1.65746e-06
 Reference value :  1.71876e-06
 Reference value :  1.75229e-06
 Reference value :  1.81286e-06
 Reference value :  1.85238e-06
 Reference value :  1.90691e-06
 Reference value :  2.00040e-06
 Reference value :  2.03181e-06
 Reference value :  2.09410e-06
 Reference value :  2.15636e-06
 Reference value :  2.21877e-06
 Reference value :  2.25301e-06
 Reference value :  2.31260e-06
 Reference value :  2.34382e-06
 Reference value :  2.39221e-06
 Reference value :  2.43994e-06
 Reference value :  2.50253e-06
 Reference value :  2.56530e-06
 Reference value :  2.65626e-06
 Reference value :  2.71887e-06
 Reference value :  2.78171e-06
 Reference value :  2.84426e-06
 Reference value :  2.90661e-06
 Reference value :  3.00040e-06
 Reference value :  3.06027e-06
 Reference value :  3.12549e-06
 Reference value :  3.21875e-06
 Reference value :  3.26594e-06
 Reference value :  3.31779e-06
 Reference value :  3.39421e-06
 Reference value :  3.46880e-06
 Reference value :  3.53135e-06
 Reference value :  3.59398e-06
 Reference value :  3.68750e-06
 Reference value :  3.75021e-06
 Reference value :  3.81301e-06
 Reference value :  3.87520e-06
 Reference value :  3.93774e-06
 Reference value :  4.00267e-06
 Reference value :  4.07346e-06
 Reference value :  4.15657e-06
 Reference value :  4.21928e-06
 Reference value :  4.28160e-06
 Reference value :  4.34405e-06
 Reference value :  4.40861e-06
 Reference value :  4.50010e-06
 Reference value :  4.56270e-06
 Reference value :  4.60131e-06
 Reference value :  4.68765e-06
 Reference value :  4.75038e-06
 Reference value :  4.81482e-06
 Reference value :  4.87541e-06
 Reference value :  4.93798e-06
 Reference value :  5.00288e-06
 Reference value :  5.09384e-06
 Reference value :  5.18765e-06
 Reference value :  5.25048e-06
 Reference value :  5.31490e-06
 Reference value :  5.37732e-06
 Reference value :  5.43983e-06
 Reference value :  5.50255e-06
 Reference value :  5.56556e-06
 Reference value :  5.65626e-06
 Reference value :  5.71887e-06
 Reference value :  5.78198e-06
 Reference value :  5.87512e-06
 Reference value :  5.93778e-06
 Reference value :  6.00266e-06
 Reference value :  6.09375e-06
 Reference value :  6.15657e-06
 Reference value :  6.21925e-06
 Reference value :  6.28174e-06
 Reference value :  6.34427e-06
 Reference value :  6.40664e-06
 Reference value :  6.46913e-06
 Reference value :  6.55248e-06
 Reference value :  6.62512e-06
 Reference value :  6.68790e-06
 Reference value :  6.75244e-06
 Reference value :  6.81538e-06
 Reference value :  6.90629e-06
 Reference value :  7.00003e-06
 Reference value :  7.03174e-06
 Reference value :  7.12520e-06
 Reference value :  7.19000e-06
 Reference value :  7.25452e-06
 Reference value :  7.31679e-06
 Reference value :  7.37784e-06
 Reference value :  7.44025e-06
 Reference value :  7.50676e-06
 Reference value :  7.59380e-06
 Reference value :  7.65640e-06
 Reference value :  7.72124e-06
 Reference value :  7.81251e-06
 Reference value :  7.87517e-06
 Reference value :  7.92222e-06
 Reference value :  7.99850e-06
 Reference value :  8.01234e-06
 Reference value :  8.06316e-06
 Reference value :  8.15634e-06
 Reference value :  8.21880e-06
 Reference value :  8.26032e-06
 Reference value :  8.31370e-06
 Reference value :  8.34630e-06
 Reference value :  8.40632e-06
 Reference value :  8.43997e-06
 Reference value :  8.50013e-06
 Reference value :  8.53134e-06
 Reference value :  8.56505e-06
 Reference value :  8.62520e-06
 Reference value :  8.65644e-06
 Reference value :  8.69242e-06
 Reference value :  8.75064e-06
 Reference value :  8.79659e-06
 Reference value :  8.84380e-06
 Reference value :  8.87744e-06
 Reference value :  8.90676e-06
 Reference value :  8.96895e-06
 Reference value :  9.00268e-06
 Reference value :  9.03771e-06
 Reference value :  9.09430e-06
 Reference value :  9.15630e-06
 Reference value :  9.18770e-06
 Reference value :  9.21924e-06
 Reference value :  9.25289e-06
 Reference value :  9.31253e-06
 Reference value :  9.34385e-06
 Reference value :  9.40632e-06
 Reference value :  9.46891e-06
 Reference value :  9.53168e-06
 Reference value :  9.62510e-06
 Reference value :  9.68780e-06
 Reference value :  9.75227e-06
 Reference value :  9.81503e-06
 Reference value :  9.88147e-06
 Reference value :  9.96926e-06
 Reference value :  1.00315e-05
 Reference value :  1.00944e-05
 Reference value :  1.01834e-05
 Reference value :  1.02502e-05
 Reference value :  1.03129e-05
 Reference value :  1.03752e-05
 Reference value :  1.04376e-05
 Reference value :  1.05001e-05
 Reference value :  1.05627e-05
 Reference value :  1.06255e-05
 Reference value :  1.06900e-05
 Reference value :  1.07530e-05
 Reference value :  1.08438e-05
 Reference value :  1.09063e-05
 Reference value :  1.10000e-05
 Reference value :  1.10529e-05
 Reference value :  1.11563e-05
 Reference value :  1.12188e-05
 Reference value :  1.12813e-05
 Reference value :  1.13163e-05
 Reference value :  1.13754e-05
 Reference value :  1.14066e-05
 Reference value :  1.14687e-05
 Reference value :  1.15023e-05
 Reference value :  1.15585e-05
 Reference value :  1.15938e-05
 Reference value :  1.16275e-05
 Reference value :  1.16877e-05
 Reference value :  1.17192e-05
 Reference value :  1.17813e-05
 Reference value :  1.18149e-05
 Reference value :  1.18751e-05
 Reference value :  1.19063e-05
 Reference value :  1.19688e-05
 Reference value :  1.20025e-05
 Reference value :  1.20316e-05
 Reference value :  1.20940e-05
 Reference value :  1.21563e-05
 Reference value :  1.21898e-05
 Reference value :  1.22410e-05
 Reference value :  1.22813e-05
 Reference value :  1.23130e-05
 Reference value :  1.23441e-05
 Reference value :  1.23776e-05
 Reference value :  1.24376e-05
 Reference value :  1.24688e-05
 Reference value :  1.25025e-05
 Reference value :  1.25627e-05
 Reference value :  1.25939e-05
 Reference value :  1.26283e-05
 Reference value :  1.26883e-05
 Reference value :  1.27469e-05
 Reference value :  1.27813e-05
 Reference value :  1.28150e-05
 Reference value :  1.28753e-05
 Reference value :  1.29064e-05
 Reference value :  1.29689e-05
 Reference value :  1.30027e-05
 Reference value :  1.30470e-05
 Reference value :  1.30943e-05
 Reference value :  1.31564e-05
 Reference value :  1.31900e-05
 Reference value :  1.32502e-05
 Reference value :  1.32814e-05
 Reference value :  1.33149e-05
 Reference value :  1.33457e-05
 Reference value :  1.33942e-05
 Reference value :  1.34378e-05
 Reference value :  1.34690e-05
 Reference value :  1.35042e-05
 Reference value :  1.35630e-05
 Reference value :  1.35971e-05
 Reference value :  1.36563e-05
 Reference value :  1.36900e-05
 Reference value :  1.37502e-05
 Reference value :  1.37815e-05
 Reference value :  1.38173e-05
 Reference value :  1.38757e-05
 Reference value :  1.39069e-05
 Reference value :  1.39691e-05
 Reference value :  1.40029e-05
 Reference value :  1.40625e-05
 Reference value :  1.41091e-05
 Reference value :  1.41568e-05
 Reference value :  1.42188e-05
 Reference value :  1.42529e-05
 Reference value :  1.42957e-05
 Reference value :  1.43438e-05
 Reference value :  1.43774e-05
 Reference value :  1.44377e-05
 Reference value :  1.44990e-05
 Reference value :  1.45627e-05
 Reference value :  1.46252e-05
 Reference value :  1.46679e-05
 Reference value :  1.47188e-05
 Reference value :  1.47525e-05
 Reference value :  1.48127e-05
 Reference value :  1.48441e-05
 Reference value :  1.49052e-05
 Reference value :  1.49688e-05
 Reference value :  1.50023e-05
 Reference value :  1.50316e-05
 Reference value :  1.50944e-05
 Reference value :  1.51566e-05
 Reference value :  1.52146e-05
 Reference value :  1.52503e-05
 Reference value :  1.52815e-05
 Reference value :  1.53151e-05
 Reference value :  1.53775e-05
 Reference value :  1.54379e-05
 Reference value :  1.55001e-05
 Reference value :  1.55315e-05
 Reference value :  1.55938e-05
 Reference value :  1.56285e-05
 Reference value :  1.57188e-05
 Reference value :  1.57633e-05
 Reference value :  1.58151e-05
 Reference value :  1.58751e-05
 Reference value :  1.59064e-05
 Reference value :  1.59688e-05
 Reference value :  1.60025e-05
 Reference value :  1.60316e-05
 Reference value :  1.60938e-05
 Reference value :  1.61551e-05
 Reference value :  1.61881e-05
 Reference value :  1.62195e-05
 Reference value :  1.62768e-05
 Reference value :  1.63129e-05
 Reference value :  1.63442e-05
 Reference value :  1.64063e-05
 Reference value :  1.64399e-05
 Reference value :  1.65001e-05
 Reference value :  1.65314e-05
 Reference value :  1.65657e-05
 Reference value :  1.66256e-05
 Reference value :  1.66875e-05
 Reference value :  1.67189e-05
 Reference value :  1.67525e-05
 Reference value :  1.68127e-05
 Reference value :  1.68441e-05
 Reference value :  1.68794e-05
 Reference value :  1.69380e-05
No. of Data Rows : 44719
icmpf000            =  -2.91759e-05 from=  3.00000e-06 to=  5.00001e-06
icdacf000           =  -8.88743e-06 from=  3.00000e-06 to=  5.00001e-06
itrkf000            =  0.00000e+00 from=  3.00000e-06 to=  5.00001e-06
ireff000            =  -7.08424e-11 from=  3.00000e-06 to=  5.00001e-06
ivcmf000            =  -1.50753e-05 from=  3.00000e-06 to=  5.00001e-06
icmpf025            =  -2.91484e-05 from=  6.00000e-06 to=  8.00001e-06
icdacf025           =  -8.94604e-06 from=  6.00000e-06 to=  8.00001e-06
itrkf025            =  0.00000e+00 from=  6.00000e-06 to=  8.00001e-06
ireff025            =  -4.26363e-06 from=  6.00000e-06 to=  8.00001e-06
ivcmf025            =  -8.93968e-06 from=  6.00000e-06 to=  8.00001e-06
icmpf050            =  -3.11143e-05 from=  9.00000e-06 to=  1.10000e-05
icdacf050           =  -8.93334e-06 from=  9.00000e-06 to=  1.10000e-05
itrkf050            =  0.00000e+00 from=  9.00000e-06 to=  1.10000e-05
ireff050            =  -8.55748e-06 from=  9.00000e-06 to=  1.10000e-05
ivcmf050            =  -3.47832e-07 from=  9.00000e-06 to=  1.10000e-05
icmpf075            =  -2.90288e-05 from=  1.20000e-05 to=  1.40000e-05
icdacf075           =  -9.67725e-06 from=  1.20000e-05 to=  1.40000e-05
itrkf075            =  0.00000e+00 from=  1.20000e-05 to=  1.40000e-05
ireff075            =  -1.01296e-05 from=  1.20000e-05 to=  1.40000e-05
ivcmf075            =  8.33001e-06 from=  1.20000e-05 to=  1.40000e-05
icmpf100            =  -2.89401e-05 from=  1.50000e-05 to=  1.70000e-05
icdacf100           =  -9.93333e-06 from=  1.50000e-05 to=  1.70000e-05
itrkf100            =  0.00000e+00 from=  1.50000e-05 to=  1.70000e-05
ireff100            =  -9.12114e-06 from=  1.50000e-05 to=  1.70000e-05
ivcmf100            =  1.45711e-05 from=  1.50000e-05 to=  1.70000e-05
vddm                =  3.63000e+00
m_p_cmp_f000_uw = 1.0590844440e+02
m_p_cdac_f000_uw = 3.2261374530e+01
m_p_trk_f000_uw = -0.0000000000e+00
m_p_ref_f000_uw = 2.5715791200e-04
m_p_vcm_f000_uw = 2.7361760250e+01
m_p_total_f000_uw = 1.6553183634e+02
m_p_cmp_f025_uw = 1.0580883720e+02
m_p_cdac_f025_uw = 3.2474136090e+01
m_p_trk_f025_uw = -0.0000000000e+00
m_p_ref_f025_uw = 1.5476987790e+01
m_p_vcm_f025_uw = 1.6225521015e+01
m_p_total_f025_uw = 1.6998548210e+02
m_p_cmp_f050_uw = 1.1294487270e+02
m_p_cdac_f050_uw = 3.2428038720e+01
m_p_trk_f050_uw = -0.0000000000e+00
m_p_ref_f050_uw = 3.1063648770e+01
m_p_vcm_f050_uw = 6.3131508000e-01
m_p_total_f050_uw = 1.7706787527e+02
m_p_cmp_f075_uw = 1.0537436250e+02
m_p_cdac_f075_uw = 3.5128410240e+01
m_p_trk_f075_uw = -0.0000000000e+00
m_p_ref_f075_uw = 3.6770593200e+01
m_p_vcm_f075_uw = -1.511896270e+01
m_p_total_f075_uw = 1.6215440324e+02
m_p_cmp_f100_uw = 1.0505249040e+02
m_p_cdac_f100_uw = 3.6057998790e+01
m_p_trk_f100_uw = -0.0000000000e+00
m_p_ref_f100_uw = 3.3109741830e+01
m_p_vcm_f100_uw = -2.644651020e+01
m_p_total_f100_uw = 1.4777372082e+02
m_supply_v = 3.6300000000e+00
Note: Simulation executed from .control section 

