
Note: No compatibility mode selected!


Circuit: * cdac-bit-settling @ mim_ss_-40c_2.97v -- generated by sim/harness, do not edit

Doing analysis at TEMP = -40.000000 and TNOM = 27.000000

Using SPARSE 1.3 as Direct Linear Solver

Initial Transient Solution
--------------------------

Node                                   Voltage
----                                   -------
vdd                                       2.97
nvcm                                     1.485
nclk_hi                                   2.97
nclk_lo                                      0
vbot_w1                                  1.485
vtop_w1                                  1.485
vbot_w16                                 1.485
vtop_w16                                 1.485
vbot_w64                                 1.485
vtop_w64                                 1.485
vbot_w256u                               1.485
vtop_w256u                               1.485
vbot_w256d                               1.485
vtop_w256d                               1.485
vclk_lo#branch                               0
vclk_hi#branch                               0
vvcm#branch                       -1.88998e-15
vsup#branch                       -3.76338e-11

 Reference value :  3.80150e-08
 Reference value :  8.34550e-08
 Reference value :  1.28965e-07
 Reference value :  1.74355e-07
 Reference value :  2.19805e-07
 Reference value :  2.64915e-07
 Reference value :  3.09635e-07
 Reference value :  3.54725e-07
 Reference value :  3.99965e-07
 Reference value :  4.44935e-07
 Reference value :  4.89835e-07
No. of Data Rows : 50013
vpre_w1             =  1.48500e+00
vearly_w1           =  1.48790e+00
v1msps_w1           =  1.48790e+00
v2msps_w1           =  1.48790e+00
vsettled_w1         =  1.48790e+00
vpre_w16            =  1.48500e+00
vearly_w16          =  1.52615e+00
v1msps_w16          =  1.53141e+00
v2msps_w16          =  1.53141e+00
vsettled_w16        =  1.53141e+00
vpre_w64            =  1.48500e+00
vearly_w64          =  1.56206e+00
v1msps_w64          =  1.67063e+00
v2msps_w64          =  1.67063e+00
vsettled_w64        =  1.67063e+00
vpre_w256u          =  1.48500e+00
vearly_w256u        =  1.63939e+00
v1msps_w256u        =  2.22750e+00
v2msps_w256u        =  2.22750e+00
vsettled_w256u      =  2.22750e+00
vpre_w256d          =  1.48500e+00
vearly_w256d        =  1.31816e+00
v1msps_w256d        =  7.42500e-01
v2msps_w256d        =  7.42500e-01
vsettled_w256d      =  7.42500e-01
m_step_w1_mv = 2.9000000000e+00
m_step_w16_mv = 4.6406000000e+01
m_step_w64_mv = 1.8562500000e+02
m_step_w256u_mv = 7.4250000000e+02
m_step_w256d_mv = -7.425000000e+02
m_err_1msps_w1_mv = 0.0000000000e+00
m_err_1msps_w16_mv = 0.0000000000e+00
m_err_1msps_w64_mv = 0.0000000000e+00
m_err_1msps_w256u_mv = 0.0000000000e+00
m_err_1msps_w256d_mv = 0.0000000000e+00
m_err_2msps_w1_mv = 0.0000000000e+00
m_err_2msps_w16_mv = 0.0000000000e+00
m_err_2msps_w64_mv = 0.0000000000e+00
m_err_2msps_w256u_mv = 0.0000000000e+00
m_err_2msps_w256d_mv = 0.0000000000e+00
m_lag_early_w1 = 0.0000000000e+00
m_lag_early_w16 = 1.1315347153e-01
m_lag_early_w64 = 5.8488350168e-01
m_lag_early_w256u = 7.9207003367e-01
m_lag_early_w256d = 7.7529562290e-01
m_lag_ord_256_64 = 2.0718653199e-01
m_lag_ord_64_16 = 4.7173003015e-01
m_lag_ord_16_1 = 1.1315347153e-01
Note: Simulation executed from .control section 

