
Note: No compatibility mode selected!


Circuit: * cdac-bit-settling @ tt_125c_3.63v -- generated by sim/harness, do not edit

Doing analysis at TEMP = 125.000000 and TNOM = 27.000000

Using SPARSE 1.3 as Direct Linear Solver

Initial Transient Solution
--------------------------

Node                                   Voltage
----                                   -------
vdd                                       3.63
nvcm                                     1.815
nclk_hi                                   3.63
nclk_lo                                      0
vbot_w1                                  1.815
vtop_w1                                  1.815
vbot_w16                                 1.815
vtop_w16                                 1.815
vbot_w64                                 1.815
vtop_w64                                 1.815
vbot_w256u                               1.815
vtop_w256u                               1.815
vbot_w256d                               1.815
vtop_w256d                               1.815
vclk_lo#branch                               0
vclk_hi#branch                               0
vvcm#branch                       -5.18533e-10
vsup#branch                       -4.24539e-10

 Reference value :  2.99650e-08
 Reference value :  6.87350e-08
 Reference value :  1.07845e-07
 Reference value :  1.46925e-07
 Reference value :  1.86545e-07
 Reference value :  2.25755e-07
 Reference value :  2.65405e-07
 Reference value :  3.04875e-07
 Reference value :  3.44405e-07
 Reference value :  3.83715e-07
 Reference value :  4.23455e-07
 Reference value :  4.63435e-07
No. of Data Rows : 50013
vpre_w1             =  1.81500e+00
vearly_w1           =  1.81854e+00
v1msps_w1           =  1.81854e+00
v2msps_w1           =  1.81854e+00
vsettled_w1         =  1.81854e+00
vpre_w16            =  1.81500e+00
vearly_w16          =  1.86435e+00
v1msps_w16          =  1.87172e+00
v2msps_w16          =  1.87172e+00
vsettled_w16        =  1.87172e+00
vpre_w64            =  1.81500e+00
vearly_w64          =  1.91134e+00
v1msps_w64          =  2.04188e+00
v2msps_w64          =  2.04188e+00
vsettled_w64        =  2.04188e+00
vpre_w256u          =  1.81500e+00
vearly_w256u        =  2.01161e+00
v1msps_w256u        =  2.72250e+00
v2msps_w256u        =  2.72250e+00
vsettled_w256u      =  2.72250e+00
vpre_w256d          =  1.81500e+00
vearly_w256d        =  1.61733e+00
v1msps_w256d        =  9.07500e-01
v2msps_w256d        =  9.07500e-01
vsettled_w256d      =  9.07500e-01
m_step_w1_mv = 3.5450000000e+00
m_step_w16_mv = 5.6719000000e+01
m_step_w64_mv = 2.2687500000e+02
m_step_w256u_mv = 9.0750000000e+02
m_step_w256d_mv = -9.074998000e+02
m_err_1msps_w1_mv = 0.0000000000e+00
m_err_1msps_w16_mv = 0.0000000000e+00
m_err_1msps_w64_mv = 0.0000000000e+00
m_err_1msps_w256u_mv = 0.0000000000e+00
m_err_1msps_w256d_mv = 0.0000000000e+00
m_err_2msps_w1_mv = 0.0000000000e+00
m_err_2msps_w16_mv = 0.0000000000e+00
m_err_2msps_w64_mv = 0.0000000000e+00
m_err_2msps_w256u_mv = 0.0000000000e+00
m_err_2msps_w256d_mv = 0.0000000000e+00
m_lag_early_w1 = 0.0000000000e+00
m_lag_early_w16 = 1.2990355965e-01
m_lag_early_w64 = 5.7534325069e-01
m_lag_early_w256u = 7.8335316804e-01
m_lag_early_w256d = 7.8218507596e-01
m_lag_ord_256_64 = 2.0800991736e-01
m_lag_ord_64_16 = 4.4543969103e-01
m_lag_ord_16_1 = 1.2990355965e-01
Note: Simulation executed from .control section 

