
Note: Compatibility modes selected: hs a


Circuit: * extracted-core full inl/dnl sweep -- issue #89 scope items 1/3/8

Reducing trtol to 1 for xspice 'A' devices
Doing analysis at TEMP = -40.000000 and TNOM = 27.000000

Using SPARSE 1.3 as Direct Linear Solver

Initial Transient Solution
--------------------------

Node                                   Voltage
----                                   -------
clk                                          0
cmpclk                                       0
cmpclkb                                    3.3
vddt                                       3.3
vddd                                       3.3
vddc                                       3.3
vrefs                                      3.3
vrefn                                      3.3
vcmn                                      1.65
ex_vinp                             0.00402832
ex_vinn                                   1.65
ex_start                                     0
ex_mode                                      0
ex_cmp                                 1.37235
ex_samp_tp_n                                 0
ex_sel_in_n                                  0
ex_drdy                                    3.3
ex_c9                                        0
ex_c8                                        0
ex_c7                                        0
ex_c6                                        0
ex_c5                                        0
ex_c4                                        0
ex_c3                                        0
ex_c2                                        0
ex_c1                                        0
ex_c0                                        0
ex_rel_n_256p                              3.3
ex_sel_hi_n_256p                             0
ex_sel_lo_n_256p                             0
ex_rel_n_128p                              3.3
ex_sel_hi_n_128p                             0
ex_sel_lo_n_128p                             0
ex_rel_n_64p                               3.3
ex_sel_hi_n_64p                              0
ex_sel_lo_n_64p                              0
ex_rel_n_32p                               3.3
ex_sel_hi_n_32p                              0
ex_sel_lo_n_32p                              0
ex_rel_n_16p                               3.3
ex_sel_hi_n_16p                              0
ex_sel_lo_n_16p                              0
ex_rel_n_8p                                3.3
ex_sel_hi_n_8p                               0
ex_sel_lo_n_8p                               0
ex_rel_n_4p                                3.3
ex_sel_hi_n_4p                               0
ex_sel_lo_n_4p                               0
ex_rel_n_2p                                3.3
ex_sel_hi_n_2p                               0
ex_sel_lo_n_2p                               0
ex_rel_n_1p                                3.3
ex_sel_hi_n_1p                               0
ex_sel_lo_n_1p                               0
ex_rel_n_256n                              3.3
ex_sel_hi_n_256n                             0
ex_sel_lo_n_256n                             0
ex_rel_n_128n                              3.3
ex_sel_hi_n_128n                             0
ex_sel_lo_n_128n                             0
ex_rel_n_64n                               3.3
ex_sel_hi_n_64n                              0
ex_sel_lo_n_64n                              0
ex_rel_n_32n                               3.3
ex_sel_hi_n_32n                              0
ex_sel_lo_n_32n                              0
ex_rel_n_16n                               3.3
ex_sel_hi_n_16n                              0
ex_sel_lo_n_16n                              0
ex_rel_n_8n                                3.3
ex_sel_hi_n_8n                               0
ex_sel_lo_n_8n                               0
ex_rel_n_4n                                3.3
ex_sel_hi_n_4n                               0
ex_sel_lo_n_4n                               0
ex_rel_n_2n                                3.3
ex_sel_hi_n_2n                               0
ex_sel_lo_n_2n                               0
ex_rel_n_1n                                3.3
ex_sel_hi_n_1n                               0
ex_sel_lo_n_1n                               0
ex_pinp                             0.00402832
ex_pinn                                   1.65
xdut.\$65                                  3.3
xdut.\$27                          1.39063e-09
xdut.\$29                                  3.3
xdut.\$9                                   3.3
xdut.\$10                                 1.65
xdut.\$67                                  3.3
xdut.\$31                          1.39063e-09
xdut.\$33                                  3.3
xdut.\$11                                  3.3
xdut.\$12                                 1.65
xdut.\$69                                  3.3
xdut.\$35                          1.39063e-09
xdut.\$37                                  3.3
xdut.\$13                                  3.3
xdut.\$14                                 1.65
xdut.\$71                                  3.3
xdut.\$39                          1.39063e-09
xdut.\$41                                  3.3
xdut.\$15                                  3.3
xdut.\$16                                 1.65
xdut.\$73                                  3.3
xdut.\$43                          1.39063e-09
xdut.\$45                                  3.3
xdut.\$17                                  3.3
xdut.\$18                                 1.65
xdut.\$75                                  3.3
xdut.\$47                          1.39063e-09
xdut.\$49                                  3.3
xdut.\$19                                  3.3
xdut.\$20                                 1.65
xdut.\$77                                  3.3
xdut.\$51                          1.39063e-09
xdut.\$53                                  3.3
xdut.\$21                                  3.3
xdut.\$22                                 1.65
xdut.\$79                                  3.3
xdut.\$55                          1.39063e-09
xdut.\$57                                  3.3
xdut.\$23                                  3.3
xdut.\$24                                 1.65
xdut.\$81                                  3.3
xdut.\$59                          1.39063e-09
xdut.\$61                                  3.3
xdut.\$25                                  3.3
xdut.\$26                                 1.65
xdut.\$83                                  3.3
xdut.\$85                          1.39063e-09
xdut.\$87                                  3.3
xdut.\$89                                  3.3
xdut.\$90                                 1.65
xdut.\$92                                  3.3
xdut.\$94                          1.39063e-09
xdut.\$96                                  3.3
xdut.\$98                                  3.3
xdut.\$99                                 1.65
xdut.\$100                                 3.3
xdut.\$102                         1.39063e-09
xdut.\$104                                 3.3
xdut.\$106                                 3.3
xdut.\$107                                1.65
xdut.\$108                                 3.3
xdut.\$110                         1.39063e-09
xdut.\$112                                 3.3
xdut.\$114                                 3.3
xdut.\$115                                1.65
xdut.\$116                                 3.3
xdut.\$118                         1.39063e-09
xdut.\$120                                 3.3
xdut.\$122                                 3.3
xdut.\$123                                1.65
xdut.\$124                                 3.3
xdut.\$126                         1.39063e-09
xdut.\$128                                 3.3
xdut.\$130                                 3.3
xdut.\$131                                1.65
xdut.\$132                                 3.3
xdut.\$134                         1.39063e-09
xdut.\$136                                 3.3
xdut.\$138                                 3.3
xdut.\$139                                1.65
xdut.\$140                                 3.3
xdut.\$142                         1.39063e-09
xdut.\$144                                 3.3
xdut.\$146                                 3.3
xdut.\$147                                1.65
xdut.\$166                                 3.3
ex_topp                                1.65006
xdut.\$167                                 3.3
ex_topn                                1.65006
xdut.\$148                                 3.3
xdut.\$150                         1.39063e-09
xdut.\$152                                 3.3
xdut.\$154                                 3.3
xdut.\$155                                1.65
xdut.\$10__par                            1.65
xdut.\$100__par                            3.3
xdut.\$102__par                    1.39063e-09
xdut.\$104__par                            3.3
xdut.\$106__par                            3.3
xdut.\$107__par                           1.65
xdut.\$108__par                            3.3
xdut.\$11__par                             3.3
xdut.\$110__par                    1.39063e-09
xdut.\$112__par                            3.3
xdut.\$114__par                            3.3
xdut.\$115__par                           1.65
xdut.\$116__par                            3.3
xdut.\$118__par                    1.39063e-09
xdut.\$12__par                            1.65
xdut.\$120__par                            3.3
xdut.\$122__par                            3.3
xdut.\$123__par                           1.65
xdut.\$124__par                            3.3
xdut.\$126__par                    1.39063e-09
xdut.\$128__par                            3.3
xdut.\$13__par                             3.3
xdut.\$130__par                            3.3
xdut.\$131__par                           1.65
xdut.\$132__par                            3.3
xdut.\$134__par                    1.39063e-09
xdut.\$136__par                            3.3
xdut.\$138__par                            3.3
xdut.\$139__par                           1.65
xdut.\$14__par                            1.65
xdut.\$140__par                            3.3
xdut.\$142__par                    1.39063e-09
xdut.\$144__par                            3.3
xdut.\$146__par                            3.3
xdut.\$147__par                           1.65
xdut.\$148__par                            3.3
xdut.\$15__par                             3.3
xdut.\$150__par                    1.39063e-09
xdut.\$152__par                            3.3
xdut.\$154__par                            3.3
xdut.\$155__par                           1.65
xdut.\$16__par                            1.65
xdut.\$166__par                            3.3
xdut.\$167__par                            3.3
xdut.\$17__par                             3.3
xdut.\$18__par                            1.65
xdut.\$19__par                             3.3
xdut.\$20__par                            1.65
xdut.\$21__par                             3.3
xdut.\$22__par                            1.65
xdut.\$23__par                             3.3
xdut.\$24__par                            1.65
xdut.\$25__par                             3.3
xdut.\$26__par                            1.65
xdut.\$27__par                     1.39063e-09
xdut.\$29__par                             3.3
xdut.\$31__par                     1.39063e-09
xdut.\$33__par                             3.3
xdut.\$35__par                     1.39063e-09
xdut.\$37__par                             3.3
xdut.\$39__par                     1.39063e-09
xdut.\$41__par                             3.3
xdut.\$43__par                     1.39063e-09
xdut.\$45__par                             3.3
xdut.\$47__par                     1.39063e-09
xdut.\$49__par                             3.3
xdut.\$51__par                     1.39063e-09
xdut.\$53__par                             3.3
xdut.\$55__par                     1.39063e-09
xdut.\$57__par                             3.3
xdut.\$59__par                     1.39063e-09
xdut.\$61__par                             3.3
xdut.\$65__par                             3.3
xdut.\$67__par                             3.3
xdut.\$69__par                             3.3
xdut.\$71__par                             3.3
xdut.\$73__par                             3.3
xdut.\$75__par                             3.3
xdut.\$77__par                             3.3
xdut.\$79__par                             3.3
xdut.\$81__par                             3.3
xdut.\$83__par                             3.3
xdut.\$85__par                     1.39063e-09
xdut.\$87__par                             3.3
xdut.\$89__par                             3.3
xdut.\$9__par                              3.3
xdut.\$90__par                            1.65
xdut.\$92__par                             3.3
xdut.\$94__par                     1.39063e-09
xdut.\$96__par                             3.3
xdut.\$98__par                             3.3
xdut.\$99__par                            1.65
xdut.hi_128_n__par                           0
xdut.hi_128_p__par                           0
xdut.hi_16_n__par                            0
xdut.hi_16_p__par                            0
xdut.hi_1_n__par                             0
xdut.hi_1_p__par                             0
xdut.hi_256_n__par                           0
xdut.hi_256_p__par                           0
xdut.hi_2_n__par                             0
xdut.hi_2_p__par                             0
xdut.hi_32_n__par                            0
xdut.hi_32_p__par                            0
xdut.hi_4_n__par                             0
xdut.hi_4_p__par                             0
xdut.hi_64_n__par                            0
xdut.hi_64_p__par                            0
xdut.hi_8_n__par                             0
xdut.hi_8_p__par                             0
xdut.lo_128_n__par                           0
xdut.lo_128_p__par                           0
xdut.lo_16_n__par                            0
xdut.lo_16_p__par                            0
xdut.lo_1_n__par                             0
xdut.lo_1_p__par                             0
xdut.lo_256_n__par                           0
xdut.lo_256_p__par                           0
xdut.lo_2_n__par                             0
xdut.lo_2_p__par                             0
xdut.lo_32_n__par                            0
xdut.lo_32_p__par                            0
xdut.lo_4_n__par                             0
xdut.lo_4_p__par                             0
xdut.lo_64_n__par                            0
xdut.lo_64_p__par                            0
xdut.lo_8_n__par                             0
xdut.lo_8_p__par                             0
xdut.pinn__par                            1.65
xdut.pinp__par                      0.00402832
xdut.rel_128_n__par                        3.3
xdut.rel_128_p__par                        3.3
xdut.rel_16_n__par                         3.3
xdut.rel_16_p__par                         3.3
xdut.rel_1_n__par                          3.3
xdut.rel_1_p__par                          3.3
xdut.rel_256_n__par                        3.3
xdut.rel_256_p__par                        3.3
xdut.rel_2_n__par                          3.3
xdut.rel_2_p__par                          3.3
xdut.rel_32_n__par                         3.3
xdut.rel_32_p__par                         3.3
xdut.rel_4_n__par                          3.3
xdut.rel_4_p__par                          3.3
xdut.rel_64_n__par                         3.3
xdut.rel_64_p__par                         3.3
xdut.rel_8_n__par                          3.3
xdut.rel_8_p__par                          3.3
xdut.sel_in__par                             0
xdut.topn__par                         1.65006
xdut.topp__par                         1.65006
xdut.tp_gn__par                              0
xdut.vcm__par                             1.65
xdut.vdd__par                              3.3
xdut.vref__par                             3.3
xdut.vss__par                                0
ex_ibias                              0.807378
xexcmp.xpre.ptail                     0.705536
xexcmp.pon                             2.41702
xexcmp.preamp_in1                      1.65006
xexcmp.pop                             2.41702
xexcmp.preamp_in2                      1.65006
xexcmp.xpre.xrlp.11                    3.29978
xexcmp.xpre.xrlp.21                    2.41724
xexcmp.xpre.xrln.11                    3.29978
xexcmp.xpre.xrln.21                    2.41724
xexcmp.xlat.ltail                      1.65028
xexcmp.xlat.dip                            3.3
xexcmp.xlat.din                            3.3
xexcmp.outn                                3.3
xexcmp.outp                                3.3
xexcmp.sset                        5.12728e-09
xexcmp.srst                        5.12728e-09
xexcmp.xno1.ps                         3.10376
ex_cmpb                                1.37235
xexcmp.xno2.ps                         3.10376
ex_code                                      0
ex_dacp                            1.11022e-16
ex_dacn                            1.11022e-16
ex_di                                  1.64597
ex_err                                  510.75
ex_aerrh                                     0
bexea#branch                                 0
bexe#branch                                  0
bexdi#branch                                 0
bexdacn#branch                               0
bexdacp#branch                               0
bexcode#branch                               0
lref#branch                        5.96108e-11
v.xexcmp.vpn#branch                 -3.422e-28
v.xexcmp.vpp#branch               -5.74064e-28
vexmode#branch                               0
vexstart#branch                              0
vexvinn#branch                    -5.28744e-18
vexvinp#branch                     4.03248e-11
vcms#branch                       -5.84941e-14
vrefs#branch                      -5.96108e-11
vddc#branch                        -0.00067689
vddd#branch                       -5.46052e-10
vddt#branch                                  0
vcmpclkb#branch                              0
vcmpclk#branch                               0
vclk#branch                                  0
a.xexctrl.a_gn#branch_1_0          9.31977e-19
a.xexctrl.a_gn#branch_1_1                    0
a.xexctrl.a_gn#branch_1_2                    0
a.xexctrl.a_gn#branch_1_3          9.31977e-19
a.xexctrl.a_gn#branch_1_4                    0
a.xexctrl.a_gn#branch_1_5                    0
a.xexctrl.a_gn#branch_1_6          9.31977e-19
a.xexctrl.a_gn#branch_1_7                    0
a.xexctrl.a_gn#branch_1_8                    0
a.xexctrl.a_gn#branch_1_9          9.31977e-19
a.xexctrl.a_gn#branch_1_10                   0
a.xexctrl.a_gn#branch_1_11                   0
a.xexctrl.a_gn#branch_1_12         9.31977e-19
a.xexctrl.a_gn#branch_1_13                   0
a.xexctrl.a_gn#branch_1_14                   0
a.xexctrl.a_gn#branch_1_15         9.31977e-19
a.xexctrl.a_gn#branch_1_16                   0
a.xexctrl.a_gn#branch_1_17                   0
a.xexctrl.a_gn#branch_1_18         9.31977e-19
a.xexctrl.a_gn#branch_1_19                   0
a.xexctrl.a_gn#branch_1_20                   0
a.xexctrl.a_gn#branch_1_21         9.31977e-19
a.xexctrl.a_gn#branch_1_22                   0
a.xexctrl.a_gn#branch_1_23                   0
a.xexctrl.a_gn#branch_1_24         9.31977e-19
a.xexctrl.a_gn#branch_1_25                   0
a.xexctrl.a_gn#branch_1_26                   0
a.xexctrl.a_gn#branch_1_27         9.31977e-19
a.xexctrl.a_gn#branch_1_28                   0
a.xexctrl.a_gn#branch_1_29                   0
a.xexctrl.a_gn#branch_1_30         9.31977e-19
a.xexctrl.a_gn#branch_1_31                   0
a.xexctrl.a_gn#branch_1_32                   0
a.xexctrl.a_gn#branch_1_33         9.31977e-19
a.xexctrl.a_gn#branch_1_34                   0
a.xexctrl.a_gn#branch_1_35                   0
a.xexctrl.a_gn#branch_1_36         9.31977e-19
a.xexctrl.a_gn#branch_1_37                   0
a.xexctrl.a_gn#branch_1_38                   0
a.xexctrl.a_gn#branch_1_39         9.31977e-19
a.xexctrl.a_gn#branch_1_40                   0
a.xexctrl.a_gn#branch_1_41                   0
a.xexctrl.a_gn#branch_1_42         9.31977e-19
a.xexctrl.a_gn#branch_1_43                   0
a.xexctrl.a_gn#branch_1_44                   0
a.xexctrl.a_gn#branch_1_45         9.31977e-19
a.xexctrl.a_gn#branch_1_46                   0
a.xexctrl.a_gn#branch_1_47                   0
a.xexctrl.a_gn#branch_1_48         9.31977e-19
a.xexctrl.a_gn#branch_1_49                   0
a.xexctrl.a_gn#branch_1_50                   0
a.xexctrl.a_gn#branch_1_51         9.31977e-19
a.xexctrl.a_gn#branch_1_52                   0
a.xexctrl.a_gn#branch_1_53                   0
a.xexctrl.a_dout#branch_1_0                  0
a.xexctrl.a_dout#branch_1_1                  0
a.xexctrl.a_dout#branch_1_2                  0
a.xexctrl.a_dout#branch_1_3                  0
a.xexctrl.a_dout#branch_1_4                  0
a.xexctrl.a_dout#branch_1_5                  0
a.xexctrl.a_dout#branch_1_6                  0
a.xexctrl.a_dout#branch_1_7                  0
a.xexctrl.a_dout#branch_1_8                  0
a.xexctrl.a_dout#branch_1_9                  0
a.xexctrl.a_dout#branch_1_10                 0
a.xexctrl.a_dout#branch_1_11                 0
a.xexctrl.a_dout#branch_1_12                 0

 Reference value :  0.00000e+00
 Reference value :  3.14979e-08
 Reference value :  9.44504e-08
 Reference value :  1.87614e-07
 Reference value :  2.19038e-07
 Reference value :  2.81325e-07
 Reference value :  3.15027e-07
 Reference value :  3.75185e-07
 Reference value :  4.06450e-07
 Reference value :  4.40861e-07
 Reference value :  5.00460e-07
 Reference value :  5.62565e-07
 Reference value :  5.93854e-07
 Reference value :  6.56290e-07
 Reference value :  6.91978e-07
 Reference value :  7.52582e-07
 Reference value :  8.12601e-07
 Reference value :  8.43850e-07
 Reference value :  8.77410e-07
 Reference value :  9.37622e-07
 Reference value :  9.74754e-07
 Reference value :  1.00297e-06
 Reference value :  1.06270e-06
 Reference value :  1.12506e-06
 Reference value :  1.17039e-06
 Reference value :  1.21883e-06
 Reference value :  1.25282e-06
 Reference value :  1.30580e-06
 Reference value :  1.34383e-06
 Reference value :  1.37750e-06
 Reference value :  1.43763e-06
 Reference value :  1.46885e-06
 Reference value :  1.50260e-06
 Reference value :  1.56275e-06
 Reference value :  1.59391e-06
 Reference value :  1.62757e-06
 Reference value :  1.68769e-06
 Reference value :  1.71895e-06
 Reference value :  1.75258e-06
 Reference value :  1.81269e-06
 Reference value :  1.84389e-06
 Reference value :  1.87751e-06
 Reference value :  1.93760e-06
 Reference value :  1.96956e-06
 Reference value :  2.00284e-06
 Reference value :  2.04385e-06
 Reference value :  2.09413e-06
 Reference value :  2.15632e-06
 Reference value :  2.18810e-06
 Reference value :  2.21919e-06
 Reference value :  2.25417e-06
 Reference value :  2.31269e-06
 Reference value :  2.34384e-06
 Reference value :  2.37752e-06
 Reference value :  2.43770e-06
 Reference value :  2.46888e-06
 Reference value :  2.50254e-06
 Reference value :  2.56270e-06
 Reference value :  2.59388e-06
 Reference value :  2.62772e-06
 Reference value :  2.68787e-06
 Reference value :  2.72034e-06
 Reference value :  2.78125e-06
 Reference value :  2.81270e-06
 Reference value :  2.84396e-06
 Reference value :  2.87752e-06
 Reference value :  2.93764e-06
 Reference value :  3.00003e-06
 Reference value :  3.00807e-06
 Reference value :  3.07143e-06
 Reference value :  3.12546e-06
 Reference value :  3.19001e-06
 Reference value :  3.25056e-06
 Reference value :  3.31269e-06
 Reference value :  3.34426e-06
 Reference value :  3.40631e-06
 Reference value :  3.44010e-06
 Reference value :  3.50231e-06
 Reference value :  3.56260e-06
 Reference value :  3.59385e-06
 Reference value :  3.63082e-06
 Reference value :  3.69113e-06
 Reference value :  3.75252e-06
 Reference value :  3.81288e-06
 Reference value :  3.84436e-06
 Reference value :  3.88649e-06
 Reference value :  3.93792e-06
 Reference value :  4.00026e-06
 Reference value :  4.03131e-06
 Reference value :  4.09381e-06
 Reference value :  4.13994e-06
 Reference value :  4.18802e-06
 Reference value :  4.23498e-06
 Reference value :  4.28133e-06
 Reference value :  4.31508e-06
 Reference value :  4.37526e-06
 Reference value :  4.40652e-06
 Reference value :  4.44025e-06
 Reference value :  4.50017e-06
 Reference value :  4.53138e-06
 Reference value :  4.56510e-06
 Reference value :  4.62520e-06
 Reference value :  4.65647e-06
 Reference value :  4.70800e-06
 Reference value :  4.75070e-06
 Reference value :  4.81251e-06
 Reference value :  4.84387e-06
 Reference value :  4.87752e-06
 Reference value :  4.93770e-06
 Reference value :  5.00010e-06
 Reference value :  5.01413e-06
 Reference value :  5.06316e-06
 Reference value :  5.12519e-06
 Reference value :  5.18751e-06
 Reference value :  5.21888e-06
 Reference value :  5.25300e-06
 Reference value :  5.31270e-06
 Reference value :  5.34388e-06
 Reference value :  5.37945e-06
 Reference value :  5.43778e-06
 Reference value :  5.46893e-06
 Reference value :  5.50248e-06
 Reference value :  5.56269e-06
 Reference value :  5.59386e-06
 Reference value :  5.62776e-06
 Reference value :  5.68817e-06
 Reference value :  5.73796e-06
 Reference value :  5.78135e-06
 Reference value :  5.81488e-06
 Reference value :  5.85129e-06
 Reference value :  5.89701e-06
 Reference value :  5.93788e-06
 Reference value :  6.00020e-06
 Reference value :  6.00604e-06
 Reference value :  6.06285e-06
 Reference value :  6.12525e-06
 Reference value :  6.18760e-06
 Reference value :  6.21890e-06
 Reference value :  6.25532e-06
 Reference value :  6.31483e-06
 Reference value :  6.37519e-06
 Reference value :  6.40645e-06
 Reference value :  6.44051e-06
 Reference value :  6.50042e-06
 Reference value :  6.53162e-06
 Reference value :  6.58399e-06
 Reference value :  6.62748e-06
 Reference value :  6.68778e-06
 Reference value :  6.71913e-06
 Reference value :  6.78126e-06
 Reference value :  6.81480e-06
 Reference value :  6.87510e-06
 Reference value :  6.90635e-06
 Reference value :  6.94163e-06
 Reference value :  7.00054e-06
 Reference value :  7.03143e-06
 Reference value :  7.09382e-06
 Reference value :  7.12525e-06
 Reference value :  7.18760e-06
 Reference value :  7.21888e-06
 Reference value :  7.25279e-06
 Reference value :  7.28175e-06
 Reference value :  7.31748e-06
 Reference value :  7.37520e-06
 Reference value :  7.40641e-06
 Reference value :  7.43993e-06
 Reference value :  7.50003e-06
 Reference value :  7.53133e-06
 Reference value :  7.56501e-06
 Reference value :  7.62520e-06
 Reference value :  7.65645e-06
 Reference value :  7.69035e-06
 Reference value :  7.75021e-06
 Reference value :  7.78159e-06
 Reference value :  7.81561e-06
 Reference value :  7.87536e-06
 Reference value :  7.90657e-06
 Reference value :  7.96896e-06
 Reference value :  8.00276e-06
 Reference value :  8.06260e-06
 Reference value :  8.09438e-06
 Reference value :  8.15645e-06
 Reference value :  8.18995e-06
 Reference value :  8.24697e-06
 Reference value :  8.28132e-06
 Reference value :  8.31494e-06
 Reference value :  8.37559e-06
 Reference value :  8.44002e-06
 Reference value :  8.50019e-06
 Reference value :  8.53144e-06
 Reference value :  8.56524e-06
 Reference value :  8.62520e-06
 Reference value :  8.65670e-06
 Reference value :  8.71885e-06
 Reference value :  8.78133e-06
 Reference value :  8.83026e-06
 Reference value :  8.87533e-06
 Reference value :  8.90651e-06
 Reference value :  8.96880e-06
 Reference value :  9.00244e-06
 Reference value :  9.03178e-06
 Reference value :  9.09416e-06
 Reference value :  9.16052e-06
 Reference value :  9.21895e-06
 Reference value :  9.25444e-06
 Reference value :  9.31494e-06
 Reference value :  9.34427e-06
 Reference value :  9.38005e-06
 Reference value :  9.43792e-06
 Reference value :  9.46911e-06
 Reference value :  9.50294e-06
 Reference value :  9.56450e-06
 Reference value :  9.60566e-06
 Reference value :  9.65631e-06
 Reference value :  9.69000e-06
 Reference value :  9.75020e-06
 Reference value :  9.78157e-06
 Reference value :  9.84375e-06
 Reference value :  9.87687e-06
 Reference value :  9.93441e-06
 Reference value :  9.96910e-06
 Reference value :  1.00029e-05
 Reference value :  1.00627e-05
 Reference value :  1.01250e-05
 Reference value :  1.01572e-05
 Reference value :  1.01998e-05
 Reference value :  1.02505e-05
 Reference value :  1.02822e-05
 Reference value :  1.03168e-05
 Reference value :  1.03751e-05
 Reference value :  1.04063e-05
 Reference value :  1.04400e-05
 Reference value :  1.05001e-05
 Reference value :  1.05313e-05
 Reference value :  1.05650e-05
 Reference value :  1.06252e-05
 Reference value :  1.06565e-05
 Reference value :  1.07188e-05
 Reference value :  1.07784e-05
 Reference value :  1.08150e-05
 Reference value :  1.08773e-05
 Reference value :  1.09099e-05
 Reference value :  1.10000e-05
 Reference value :  1.10057e-05
 Reference value :  1.10629e-05
 Reference value :  1.11252e-05
 Reference value :  1.11766e-05
 Reference value :  1.12188e-05
 Reference value :  1.12502e-05
 Reference value :  1.12814e-05
 Reference value :  1.13151e-05
 Reference value :  1.13751e-05
 Reference value :  1.14063e-05
 Reference value :  1.14381e-05
 Reference value :  1.14690e-05
 Reference value :  1.15029e-05
 Reference value :  1.15628e-05
 Reference value :  1.15941e-05
 Reference value :  1.16322e-05
 Reference value :  1.16884e-05
 Reference value :  1.17500e-05
 Reference value :  1.17813e-05
 Reference value :  1.18150e-05
 Reference value :  1.18752e-05
 Reference value :  1.19064e-05
 Reference value :  1.19380e-05
 Reference value :  1.20002e-05
 Reference value :  1.20313e-05
 Reference value :  1.20630e-05
 Reference value :  1.21253e-05
 Reference value :  1.21878e-05
 Reference value :  1.22194e-05
 Reference value :  1.22530e-05
 Reference value :  1.23128e-05
 Reference value :  1.23441e-05
 Reference value :  1.23781e-05
 Reference value :  1.24383e-05
 Reference value :  1.25000e-05
 Reference value :  1.25314e-05
 Reference value :  1.25702e-05
 Reference value :  1.26274e-05
 Reference value :  1.26877e-05
 Reference value :  1.27192e-05
 Reference value :  1.27813e-05
 Reference value :  1.28149e-05
 Reference value :  1.28750e-05
 Reference value :  1.29063e-05
 Reference value :  1.29688e-05
 Reference value :  1.30026e-05
 Reference value :  1.30411e-05
 Reference value :  1.30954e-05
 Reference value :  1.31566e-05
 Reference value :  1.32173e-05
 Reference value :  1.32528e-05
 Reference value :  1.33126e-05
 Reference value :  1.33438e-05
 Reference value :  1.33775e-05
 Reference value :  1.34376e-05
 Reference value :  1.34689e-05
 Reference value :  1.35028e-05
 Reference value :  1.35630e-05
 Reference value :  1.35962e-05
 Reference value :  1.36563e-05
 Reference value :  1.36900e-05
 Reference value :  1.37505e-05
 Reference value :  1.37942e-05
 Reference value :  1.38439e-05
 Reference value :  1.38776e-05
 Reference value :  1.39377e-05
 Reference value :  1.40003e-05
 Reference value :  1.40314e-05
 Reference value :  1.40938e-05
 Reference value :  1.41563e-05
 Reference value :  1.41898e-05
 Reference value :  1.42500e-05
 Reference value :  1.42813e-05
 Reference value :  1.43149e-05
 Reference value :  1.43750e-05
 Reference value :  1.44063e-05
 Reference value :  1.44398e-05
 Reference value :  1.45000e-05
 Reference value :  1.45313e-05
 Reference value :  1.45649e-05
 Reference value :  1.46251e-05
 Reference value :  1.46565e-05
 Reference value :  1.47067e-05
 Reference value :  1.47503e-05
 Reference value :  1.47817e-05
 Reference value :  1.48438e-05
 Reference value :  1.48755e-05
 Reference value :  1.49066e-05
 Reference value :  1.49691e-05
 Reference value :  1.50029e-05
 Reference value :  1.50626e-05
 Reference value :  1.51250e-05
 Reference value :  1.51569e-05
 Reference value :  1.51978e-05
 Reference value :  1.52504e-05
 Reference value :  1.52820e-05
 Reference value :  1.53438e-05
 Reference value :  1.53754e-05
 Reference value :  1.54066e-05
 Reference value :  1.54688e-05
 Reference value :  1.55028e-05
 Reference value :  1.55649e-05
 Reference value :  1.56255e-05
 Reference value :  1.56576e-05
 Reference value :  1.57188e-05
 Reference value :  1.57526e-05
 Reference value :  1.58129e-05
 Reference value :  1.58443e-05
 Reference value :  1.58911e-05
 Reference value :  1.59689e-05
 Reference value :  1.60029e-05
 Reference value :  1.60627e-05
 Reference value :  1.61252e-05
 Reference value :  1.61876e-05
 Reference value :  1.62190e-05
 Reference value :  1.62529e-05
 Reference value :  1.63004e-05
 Reference value :  1.63438e-05
 Reference value :  1.63762e-05
 Reference value :  1.64066e-05
 Reference value :  1.64401e-05
 Reference value :  1.65001e-05
 Reference value :  1.65313e-05
 Reference value :  1.65650e-05
 Reference value :  1.66251e-05
 Reference value :  1.66564e-05
 Reference value :  1.66901e-05
 Reference value :  1.67502e-05
 Reference value :  1.67815e-05
 Reference value :  1.68164e-05
 Reference value :  1.68755e-05
 Reference value :  1.69065e-05
 Reference value :  1.69688e-05
 Reference value :  1.70025e-05
 Reference value :  1.70316e-05
 Reference value :  1.70939e-05
 Reference value :  1.71563e-05
 Reference value :  1.71898e-05
 Reference value :  1.72449e-05
 Reference value :  1.72813e-05
 Reference value :  1.73129e-05
 Reference value :  1.73446e-05
 Reference value :  1.74047e-05
 Reference value :  1.74379e-05
 Reference value :  1.74690e-05
 Reference value :  1.75026e-05
 Reference value :  1.75629e-05
 Reference value :  1.75941e-05
 Reference value :  1.76563e-05
 Reference value :  1.76898e-05
 Reference value :  1.77501e-05
 Reference value :  1.77814e-05
 Reference value :  1.78150e-05
 Reference value :  1.78752e-05
 Reference value :  1.79064e-05
 Reference value :  1.79688e-05
 Reference value :  1.80023e-05
 Reference value :  1.80314e-05
 Reference value :  1.80938e-05
 Reference value :  1.81268e-05
 Reference value :  1.81878e-05
 Reference value :  1.82191e-05
 Reference value :  1.82552e-05
 Reference value :  1.83127e-05
 Reference value :  1.83439e-05
 Reference value :  1.83776e-05
 Reference value :  1.84379e-05
 Reference value :  1.84691e-05
 Reference value :  1.85313e-05
 Reference value :  1.85649e-05
 Reference value :  1.86252e-05
 Reference value :  1.86565e-05
 Reference value :  1.87066e-05
 Reference value :  1.87519e-05
 Reference value :  1.87849e-05
 Reference value :  1.88438e-05
 Reference value :  1.88756e-05
 Reference value :  1.89072e-05
 Reference value :  1.89690e-05
 Reference value :  1.90026e-05
 Reference value :  1.90317e-05
 Reference value :  1.90938e-05
 Reference value :  1.91255e-05
 Reference value :  1.91815e-05
 Reference value :  1.92189e-05
 Reference value :  1.92527e-05
 Reference value :  1.92822e-05
 Reference value :  1.93438e-05
 Reference value :  1.93773e-05
 Reference value :  1.94376e-05
 Reference value :  1.94688e-05
 Reference value :  1.95025e-05
 Reference value :  1.95627e-05
 Reference value :  1.95940e-05
 Reference value :  1.96563e-05
 Reference value :  1.96901e-05
 Reference value :  1.97524e-05
 Reference value :  1.98128e-05
 Reference value :  1.98440e-05
 Reference value :  1.98777e-05
 Reference value :  1.99376e-05
 Reference value :  1.99981e-05
No. of Data Rows : 51935
e1                  =  1.02014e+00
x1                  =  7.63600e+00 at=  2.28140e-06
cd1                 =  2.00000e+00
e2                  =  9.72012e-01
x2                  =  7.60567e+00 at=  3.28140e-06
cd2                 =  3.00000e+00
e128                =  6.71137e-01
x128                =  5.17565e+00 at=  4.28142e-06
cd128               =  1.28000e+02
e129                =  7.28837e-01
x129                =  5.20629e+00 at=  5.28142e-06
cd129               =  1.29000e+02
e255                =  4.30060e-01
x255                =  3.21872e+00 at=  6.28147e-06
cd255               =  2.55000e+02
e256                =  4.85491e-01
x256                =  3.26591e+00 at=  7.28147e-06
cd256               =  2.56000e+02
e257                =  4.86031e-01
x257                =  3.25042e+00 at=  8.28147e-06
cd257               =  2.57000e+02
e384                =  1.73975e-01
x384                =  1.68766e+00 at=  9.31262e-06
cd384               =  3.84000e+02
e511                =  -5.45675e-02
x511                =  2.66620e+00 at=  1.03751e-05
cd511               =  5.11000e+02
e512                =  -6.57050e-03
x512                =  2.76880e+00 at=  1.13440e-05
cd512               =  5.12000e+02
e513                =  1.43348e-03
x513                =  2.76691e+00 at=  1.23440e-05
cd513               =  5.13000e+02
e640                =  -3.14046e-01
x640                =  1.81495e+00 at=  1.33126e-05
cd640               =  6.39000e+02
e767                =  -5.48520e-01
x767                =  3.16665e+00 at=  1.43126e-05
cd767               =  7.66000e+02
e768                =  -5.06837e-01
x768                =  3.11494e+00 at=  1.53126e-05
cd768               =  7.67000e+02
e769                =  -4.96809e-01
x769                =  3.12580e+00 at=  1.63126e-05
cd769               =  7.68000e+02
e896                =  -8.01394e-01
x896                =  4.60357e+00 at=  1.73126e-05
cd896               =  8.95000e+02
e1022               =  -1.03581e+00
x1022               =  6.10485e+00 at=  1.83126e-05
cd1022              =  1.02100e+03
e1023               =  -9.73824e-01
x1023               =  6.05614e+00 at=  1.93126e-05
cd1023              =  1.02200e+03
Note: Simulation executed from .control section 

Warning: m=xx on .subckt line will override multiplier m hierarchy!

