
Note: Compatibility modes selected: hs a


Circuit: * adc-inl-dnl @ ff_125c_2.97v -- generated by sim/harness, do not edit

Reducing trtol to 1 for xspice 'A' devices
Doing analysis at TEMP = 125.000000 and TNOM = 27.000000

Using SPARSE 1.3 as Direct Linear Solver

Initial Transient Solution
--------------------------

Node                                   Voltage
----                                   -------
clk                                          0
cmpclk                                       0
cmpclkb                                   2.97
vddt                                      2.97
vddd                                      2.97
vddc                                      2.97
vrefs                                     2.97
vrefn                                     2.97
vcmn                                     1.485
se_vinp                             0.00362549
se_vinn                                  1.485
se_start                                     0
se_mode                                      0
se_cmp                                 1.21557
se_samp_tp_n                                 0
se_sel_in_n                                  0
se_drdy                                   2.97
se_c9                                        0
se_c8                                        0
se_c7                                        0
se_c6                                        0
se_c5                                        0
se_c4                                        0
se_c3                                        0
se_c2                                        0
se_c1                                        0
se_c0                                        0
se_rel_n_256p                             2.97
se_sel_hi_n_256p                             0
se_sel_lo_n_256p                             0
se_rel_n_128p                             2.97
se_sel_hi_n_128p                             0
se_sel_lo_n_128p                             0
se_rel_n_64p                              2.97
se_sel_hi_n_64p                              0
se_sel_lo_n_64p                              0
se_rel_n_32p                              2.97
se_sel_hi_n_32p                              0
se_sel_lo_n_32p                              0
se_rel_n_16p                              2.97
se_sel_hi_n_16p                              0
se_sel_lo_n_16p                              0
se_rel_n_8p                               2.97
se_sel_hi_n_8p                               0
se_sel_lo_n_8p                               0
se_rel_n_4p                               2.97
se_sel_hi_n_4p                               0
se_sel_lo_n_4p                               0
se_rel_n_2p                               2.97
se_sel_hi_n_2p                               0
se_sel_lo_n_2p                               0
se_rel_n_1p                               2.97
se_sel_hi_n_1p                               0
se_sel_lo_n_1p                               0
se_rel_n_256n                             2.97
se_sel_hi_n_256n                             0
se_sel_lo_n_256n                             0
se_rel_n_128n                             2.97
se_sel_hi_n_128n                             0
se_sel_lo_n_128n                             0
se_rel_n_64n                              2.97
se_sel_hi_n_64n                              0
se_sel_lo_n_64n                              0
se_rel_n_32n                              2.97
se_sel_hi_n_32n                              0
se_sel_lo_n_32n                              0
se_rel_n_16n                              2.97
se_sel_hi_n_16n                              0
se_sel_lo_n_16n                              0
se_rel_n_8n                               2.97
se_sel_hi_n_8n                               0
se_sel_lo_n_8n                               0
se_rel_n_4n                               2.97
se_sel_hi_n_4n                               0
se_sel_lo_n_4n                               0
se_rel_n_2n                               2.97
se_sel_hi_n_2n                               0
se_sel_lo_n_2n                               0
se_rel_n_1n                               2.97
se_sel_hi_n_1n                               0
se_sel_lo_n_1n                               0
se_pinp                             0.00362677
se_pinn                                  1.485
xsetswp.gp                                2.97
se_topp                                  1.485
xsetswn.gp                                2.97
se_topn                                  1.485
xsearrp.x256.bp                          1.485
xsearrp.x256.gp_in                        2.97
xsearrp.x256.gp_rel                8.11995e-08
xsearrp.x256.gp_hi                        2.97
xsearrp.x256.gp_lo                        2.97
xsearrp.x128.bp                          1.485
xsearrp.x128.gp_in                        2.97
xsearrp.x128.gp_rel                8.11995e-08
xsearrp.x128.gp_hi                        2.97
xsearrp.x128.gp_lo                        2.97
xsearrp.x64.bp                           1.485
xsearrp.x64.gp_in                         2.97
xsearrp.x64.gp_rel                 8.11995e-08
xsearrp.x64.gp_hi                         2.97
xsearrp.x64.gp_lo                         2.97
xsearrp.x32.bp                           1.485
xsearrp.x32.gp_in                         2.97
xsearrp.x32.gp_rel                 8.11995e-08
xsearrp.x32.gp_hi                         2.97
xsearrp.x32.gp_lo                         2.97
xsearrp.x16.bp                           1.485
xsearrp.x16.gp_in                         2.97
xsearrp.x16.gp_rel                 8.11995e-08
xsearrp.x16.gp_hi                         2.97
xsearrp.x16.gp_lo                         2.97
xsearrp.x8.bp                            1.485
xsearrp.x8.gp_in                          2.97
xsearrp.x8.gp_rel                  8.11995e-08
xsearrp.x8.gp_hi                          2.97
xsearrp.x8.gp_lo                          2.97
xsearrp.x4.bp                            1.485
xsearrp.x4.gp_in                          2.97
xsearrp.x4.gp_rel                  8.11995e-08
xsearrp.x4.gp_hi                          2.97
xsearrp.x4.gp_lo                          2.97
xsearrp.x2.bp                            1.485
xsearrp.x2.gp_in                          2.97
xsearrp.x2.gp_rel                  8.11995e-08
xsearrp.x2.gp_hi                          2.97
xsearrp.x2.gp_lo                          2.97
xsearrp.x1.bp                            1.485
xsearrp.x1.gp_in                          2.97
xsearrp.x1.gp_rel                  8.11995e-08
xsearrp.x1.gp_hi                          2.97
xsearrp.x1.gp_lo                          2.97
xsearrn.x256.bp                          1.485
xsearrn.x256.gp_in                        2.97
xsearrn.x256.gp_rel                8.11995e-08
xsearrn.x256.gp_hi                        2.97
xsearrn.x256.gp_lo                        2.97
xsearrn.x128.bp                          1.485
xsearrn.x128.gp_in                        2.97
xsearrn.x128.gp_rel                8.11995e-08
xsearrn.x128.gp_hi                        2.97
xsearrn.x128.gp_lo                        2.97
xsearrn.x64.bp                           1.485
xsearrn.x64.gp_in                         2.97
xsearrn.x64.gp_rel                 8.11995e-08
xsearrn.x64.gp_hi                         2.97
xsearrn.x64.gp_lo                         2.97
xsearrn.x32.bp                           1.485
xsearrn.x32.gp_in                         2.97
xsearrn.x32.gp_rel                 8.11995e-08
xsearrn.x32.gp_hi                         2.97
xsearrn.x32.gp_lo                         2.97
xsearrn.x16.bp                           1.485
xsearrn.x16.gp_in                         2.97
xsearrn.x16.gp_rel                 8.11995e-08
xsearrn.x16.gp_hi                         2.97
xsearrn.x16.gp_lo                         2.97
xsearrn.x8.bp                            1.485
xsearrn.x8.gp_in                          2.97
xsearrn.x8.gp_rel                  8.11995e-08
xsearrn.x8.gp_hi                          2.97
xsearrn.x8.gp_lo                          2.97
xsearrn.x4.bp                            1.485
xsearrn.x4.gp_in                          2.97
xsearrn.x4.gp_rel                  8.11995e-08
xsearrn.x4.gp_hi                          2.97
xsearrn.x4.gp_lo                          2.97
xsearrn.x2.bp                            1.485
xsearrn.x2.gp_in                          2.97
xsearrn.x2.gp_rel                  8.11995e-08
xsearrn.x2.gp_hi                          2.97
xsearrn.x2.gp_lo                          2.97
xsearrn.x1.bp                            1.485
xsearrn.x1.gp_in                          2.97
xsearrn.x1.gp_rel                  8.11995e-08
xsearrn.x1.gp_hi                          2.97
xsearrn.x1.gp_lo                          2.97
se_ibias                              0.563892
xsecmp.xpre.ptail                     0.803856
xsecmp.pon                             2.41836
xsecmp.preamp_in1                        1.485
xsecmp.pop                             2.41836
xsecmp.preamp_in2                        1.485
xsecmp.xpre.xrlp.11                    2.96987
xsecmp.xpre.xrlp.21                    2.41849
xsecmp.xpre.xrln.11                    2.96987
xsecmp.xpre.xrln.21                    2.41849
xsecmp.xlat.ltail                      1.86638
xsecmp.xlat.dip                           2.97
xsecmp.xlat.din                           2.97
xsecmp.outn                               2.97
xsecmp.outp                               2.97
xsecmp.sset                        1.05634e-07
xsecmp.srst                        1.05634e-07
xsecmp.xno1.ps                         2.73939
se_cmpb                                1.21557
xsecmp.xno2.ps                         2.73939
se_dacp                            1.11022e-16
se_dacn                            1.11022e-16
se_di                                  1.48137
se_err                                  510.75
se_aerrh                                     0
se_code                                      0
bsecode#branch                               0
bseea#branch                                 0
bsee#branch                                  0
bsedi#branch                                 0
bsedacn#branch                               0
bsedacp#branch                               0
lref#branch                          1.758e-08
v.xsecmp.vpn#branch                7.63685e-28
v.xsecmp.vpp#branch                5.85487e-28
vsemode#branch                               0
vsestart#branch                              0
vsevinn#branch                      2.3441e-17
vseinp#branch                      5.11967e-08
vcms#branch                       -1.46575e-07
vrefs#branch                        -1.758e-08
vddc#branch                       -0.000566908
vddd#branch                       -5.55012e-08
vddt#branch                         -1.957e-09
vcmpclkb#branch                              0
vcmpclk#branch                               0
vclk#branch                                  0
a.xsectrl.a_gn#branch_1_0                    0
a.xsectrl.a_gn#branch_1_1                    0
a.xsectrl.a_gn#branch_1_2                    0
a.xsectrl.a_gn#branch_1_3                    0
a.xsectrl.a_gn#branch_1_4                    0
a.xsectrl.a_gn#branch_1_5                    0
a.xsectrl.a_gn#branch_1_6                    0
a.xsectrl.a_gn#branch_1_7                    0
a.xsectrl.a_gn#branch_1_8                    0
a.xsectrl.a_gn#branch_1_9                    0
a.xsectrl.a_gn#branch_1_10                   0
a.xsectrl.a_gn#branch_1_11                   0
a.xsectrl.a_gn#branch_1_12                   0
a.xsectrl.a_gn#branch_1_13                   0
a.xsectrl.a_gn#branch_1_14                   0
a.xsectrl.a_gn#branch_1_15                   0
a.xsectrl.a_gn#branch_1_16                   0
a.xsectrl.a_gn#branch_1_17                   0
a.xsectrl.a_gn#branch_1_18                   0
a.xsectrl.a_gn#branch_1_19                   0
a.xsectrl.a_gn#branch_1_20                   0
a.xsectrl.a_gn#branch_1_21                   0
a.xsectrl.a_gn#branch_1_22                   0
a.xsectrl.a_gn#branch_1_23                   0
a.xsectrl.a_gn#branch_1_24                   0
a.xsectrl.a_gn#branch_1_25                   0
a.xsectrl.a_gn#branch_1_26                   0
a.xsectrl.a_gn#branch_1_27                   0
a.xsectrl.a_gn#branch_1_28                   0
a.xsectrl.a_gn#branch_1_29                   0
a.xsectrl.a_gn#branch_1_30                   0
a.xsectrl.a_gn#branch_1_31                   0
a.xsectrl.a_gn#branch_1_32                   0
a.xsectrl.a_gn#branch_1_33                   0
a.xsectrl.a_gn#branch_1_34                   0
a.xsectrl.a_gn#branch_1_35                   0
a.xsectrl.a_gn#branch_1_36                   0
a.xsectrl.a_gn#branch_1_37                   0
a.xsectrl.a_gn#branch_1_38                   0
a.xsectrl.a_gn#branch_1_39                   0
a.xsectrl.a_gn#branch_1_40                   0
a.xsectrl.a_gn#branch_1_41                   0
a.xsectrl.a_gn#branch_1_42                   0
a.xsectrl.a_gn#branch_1_43                   0
a.xsectrl.a_gn#branch_1_44                   0
a.xsectrl.a_gn#branch_1_45                   0
a.xsectrl.a_gn#branch_1_46                   0
a.xsectrl.a_gn#branch_1_47                   0
a.xsectrl.a_gn#branch_1_48                   0
a.xsectrl.a_gn#branch_1_49                   0
a.xsectrl.a_gn#branch_1_50                   0
a.xsectrl.a_gn#branch_1_51                   0
a.xsectrl.a_gn#branch_1_52                   0
a.xsectrl.a_gn#branch_1_53                   0
a.xsectrl.a_dout#branch_1_0                  0
a.xsectrl.a_dout#branch_1_1                  0
a.xsectrl.a_dout#branch_1_2                  0
a.xsectrl.a_dout#branch_1_3                  0
a.xsectrl.a_dout#branch_1_4                  0
a.xsectrl.a_dout#branch_1_5                  0
a.xsectrl.a_dout#branch_1_6                  0
a.xsectrl.a_dout#branch_1_7                  0
a.xsectrl.a_dout#branch_1_8                  0
a.xsectrl.a_dout#branch_1_9                  0
a.xsectrl.a_dout#branch_1_10                 0
a.xsectrl.a_dout#branch_1_11                 0
a.xsectrl.a_dout#branch_1_12                 0

 Reference value :  0.00000e+00
 Reference value :  3.04732e-09
 Reference value :  3.16384e-08
 Reference value :  6.29675e-08
 Reference value :  9.42595e-08
 Reference value :  1.30735e-07
 Reference value :  1.57289e-07
 Reference value :  1.90031e-07
 Reference value :  2.19257e-07
 Reference value :  2.52665e-07
 Reference value :  2.81353e-07
 Reference value :  3.12638e-07
 Reference value :  3.17809e-07
 Reference value :  3.67766e-07
 Reference value :  3.77587e-07
 Reference value :  4.07471e-07
 Reference value :  4.39963e-07
 Reference value :  4.68955e-07
 Reference value :  5.01204e-07
 Reference value :  5.31350e-07
 Reference value :  5.63105e-07
 Reference value :  5.93828e-07
 Reference value :  6.25293e-07
 Reference value :  6.56257e-07
 Reference value :  6.87601e-07
 Reference value :  6.90568e-07
 Reference value :  7.31515e-07
 Reference value :  7.52528e-07
 Reference value :  7.81764e-07
 Reference value :  8.12985e-07
 Reference value :  8.43820e-07
 Reference value :  8.75010e-07
 Reference value :  8.77566e-07
 Reference value :  9.06834e-07
 Reference value :  9.41133e-07
 Reference value :  9.89059e-07
 Reference value :  1.00249e-06
 Reference value :  1.03131e-06
 Reference value :  1.03897e-06
 Reference value :  1.09379e-06
 Reference value :  1.12501e-06
 Reference value :  1.15635e-06
 Reference value :  1.18763e-06
 Reference value :  1.19438e-06
 Reference value :  1.22641e-06
 Reference value :  1.25294e-06
 Reference value :  1.28161e-06
 Reference value :  1.31295e-06
 Reference value :  1.34378e-06
 Reference value :  1.37520e-06
 Reference value :  1.38972e-06
 Reference value :  1.43760e-06
 Reference value :  1.44041e-06
 Reference value :  1.47657e-06
 Reference value :  1.50251e-06
 Reference value :  1.53152e-06
 Reference value :  1.56477e-06
 Reference value :  1.59391e-06
 Reference value :  1.62565e-06
 Reference value :  1.65634e-06
 Reference value :  1.68770e-06
 Reference value :  1.71876e-06
 Reference value :  1.75012e-06
 Reference value :  1.75305e-06
 Reference value :  1.78193e-06
 Reference value :  1.81477e-06
 Reference value :  1.84397e-06
 Reference value :  1.87520e-06
 Reference value :  1.89949e-06
 Reference value :  1.93816e-06
 Reference value :  1.99707e-06
 Reference value :  2.00257e-06
 Reference value :  2.03192e-06
 Reference value :  2.06311e-06
 Reference value :  2.09456e-06
 Reference value :  2.15640e-06
 Reference value :  2.18770e-06
 Reference value :  2.21876e-06
 Reference value :  2.23841e-06
 Reference value :  2.25298e-06
 Reference value :  2.28166e-06
 Reference value :  2.31295e-06
 Reference value :  2.34378e-06
 Reference value :  2.37518e-06
 Reference value :  2.38372e-06
 Reference value :  2.43760e-06
 Reference value :  2.44027e-06
 Reference value :  2.47039e-06
 Reference value :  2.50244e-06
 Reference value :  2.53145e-06
 Reference value :  2.56369e-06
 Reference value :  2.59385e-06
 Reference value :  2.62556e-06
 Reference value :  2.65631e-06
 Reference value :  2.68770e-06
 Reference value :  2.70708e-06
 Reference value :  2.75003e-06
 Reference value :  2.75270e-06
 Reference value :  2.78190e-06
 Reference value :  2.81429e-06
 Reference value :  2.84392e-06
 Reference value :  2.87520e-06
 Reference value :  2.87813e-06
 Reference value :  2.92236e-06
 Reference value :  2.96878e-06
 Reference value :  3.00010e-06
 Reference value :  3.00267e-06
 Reference value :  3.03136e-06
 Reference value :  3.06251e-06
 Reference value :  3.09383e-06
 Reference value :  3.12511e-06
 Reference value :  3.15643e-06
 Reference value :  3.19027e-06
 Reference value :  3.25013e-06
 Reference value :  3.25333e-06
 Reference value :  3.28178e-06
 Reference value :  3.31353e-06
 Reference value :  3.34385e-06
 Reference value :  3.37539e-06
 Reference value :  3.40631e-06
 Reference value :  3.43770e-06
 Reference value :  3.46352e-06
 Reference value :  3.50006e-06
 Reference value :  3.50260e-06
 Reference value :  3.53249e-06
 Reference value :  3.56495e-06
 Reference value :  3.59413e-06
 Reference value :  3.62729e-06
 Reference value :  3.65641e-06
 Reference value :  3.68874e-06
 Reference value :  3.71893e-06
 Reference value :  3.75053e-06
 Reference value :  3.78133e-06
 Reference value :  3.81253e-06
 Reference value :  3.81507e-06
 Reference value :  3.84437e-06
 Reference value :  3.87738e-06
 Reference value :  3.90639e-06
 Reference value :  3.93770e-06
 Reference value :  3.96887e-06
 Reference value :  4.00029e-06
 Reference value :  4.00289e-06
 Reference value :  4.03192e-06
 Reference value :  4.09375e-06
 Reference value :  4.12503e-06
 Reference value :  4.15635e-06
 Reference value :  4.18770e-06
 Reference value :  4.21876e-06
 Reference value :  4.25012e-06
 Reference value :  4.25432e-06
 Reference value :  4.30136e-06
 Reference value :  4.31504e-06
 Reference value :  4.34417e-06
 Reference value :  4.37727e-06
 Reference value :  4.40633e-06
 Reference value :  4.43756e-06
 Reference value :  4.44007e-06
 Reference value :  4.46916e-06
 Reference value :  4.50049e-06
 Reference value :  4.53129e-06
 Reference value :  4.56269e-06
 Reference value :  4.56825e-06
 Reference value :  4.62503e-06
 Reference value :  4.62767e-06
 Reference value :  4.65890e-06
 Reference value :  4.68994e-06
 Reference value :  4.71900e-06
 Reference value :  4.75086e-06
 Reference value :  4.78136e-06
 Reference value :  4.81273e-06
 Reference value :  4.84376e-06
 Reference value :  4.87506e-06
 Reference value :  4.87804e-06
 Reference value :  4.90748e-06
 Reference value :  4.95454e-06
 Reference value :  5.00000e-06
 Reference value :  5.00259e-06
 Reference value :  5.03132e-06
 Reference value :  5.04042e-06
 Reference value :  5.09379e-06
 Reference value :  5.12506e-06
 Reference value :  5.15637e-06
 Reference value :  5.18770e-06
 Reference value :  5.21876e-06
 Reference value :  5.25000e-06
 Reference value :  5.25303e-06
 Reference value :  5.28169e-06
 Reference value :  5.31305e-06
 Reference value :  5.34381e-06
 Reference value :  5.37520e-06
 Reference value :  5.37957e-06
 Reference value :  5.40682e-06
 Reference value :  5.43929e-06
 Reference value :  5.46882e-06
 Reference value :  5.50010e-06
 Reference value :  5.50257e-06
 Reference value :  5.53179e-06
 Reference value :  5.56487e-06
 Reference value :  5.60887e-06
 Reference value :  5.62750e-06
 Reference value :  5.66635e-06
 Reference value :  5.71883e-06
 Reference value :  5.75020e-06
 Reference value :  5.78134e-06
 Reference value :  5.78264e-06
 Reference value :  5.81494e-06
 Reference value :  5.85381e-06
 Reference value :  5.87754e-06
 Reference value :  5.90647e-06
 Reference value :  5.93868e-06
 Reference value :  5.96998e-06
 Reference value :  6.00246e-06
 Reference value :  6.03127e-06
 Reference value :  6.06261e-06
 Reference value :  6.09393e-06
 Reference value :  6.12553e-06
 Reference value :  6.15688e-06
 Reference value :  6.18993e-06
 Reference value :  6.21917e-06
 Reference value :  6.25086e-06
 Reference value :  6.28143e-06
 Reference value :  6.31510e-06
 Reference value :  6.34414e-06
 Reference value :  6.37726e-06
 Reference value :  6.40646e-06
 Reference value :  6.43792e-06
 Reference value :  6.46879e-06
 Reference value :  6.50020e-06
 Reference value :  6.50594e-06
 Reference value :  6.56260e-06
 Reference value :  6.56641e-06
 Reference value :  6.62560e-06
 Reference value :  6.65631e-06
 Reference value :  6.68771e-06
 Reference value :  6.71878e-06
 Reference value :  6.75019e-06
 Reference value :  6.76479e-06
 Reference value :  6.80272e-06
 Reference value :  6.81505e-06
 Reference value :  6.84455e-06
 Reference value :  6.87746e-06
 Reference value :  6.90642e-06
 Reference value :  6.93782e-06
 Reference value :  6.96906e-06
 Reference value :  7.00227e-06
 Reference value :  7.01230e-06
 Reference value :  7.04476e-06
 Reference value :  7.09385e-06
 Reference value :  7.15629e-06
 Reference value :  7.16068e-06
 Reference value :  7.19003e-06
 Reference value :  7.21961e-06
 Reference value :  7.27584e-06
 Reference value :  7.30113e-06
 Reference value :  7.31501e-06
 Reference value :  7.34407e-06
 Reference value :  7.37547e-06
 Reference value :  7.40629e-06
 Reference value :  7.43807e-06
 Reference value :  7.46885e-06
 Reference value :  7.50043e-06
 Reference value :  7.53131e-06
 Reference value :  7.56272e-06
 Reference value :  7.59377e-06
 Reference value :  7.62522e-06
 Reference value :  7.65628e-06
 Reference value :  7.68769e-06
 Reference value :  7.70206e-06
 Reference value :  7.75001e-06
 Reference value :  7.75266e-06
 Reference value :  7.78437e-06
 Reference value :  7.81500e-06
 Reference value :  7.84422e-06
 Reference value :  7.87955e-06
 Reference value :  7.93760e-06
 Reference value :  7.96884e-06
 Reference value :  8.00036e-06
 Reference value :  8.03133e-06
 Reference value :  8.06269e-06
 Reference value :  8.09420e-06
 Reference value :  8.12510e-06
 Reference value :  8.15645e-06
 Reference value :  8.18765e-06
 Reference value :  8.21922e-06
 Reference value :  8.25078e-06
 Reference value :  8.28135e-06
 Reference value :  8.31268e-06
 Reference value :  8.31611e-06
 Reference value :  8.34431e-06
 Reference value :  8.37728e-06
 Reference value :  8.40634e-06
 Reference value :  8.43765e-06
 Reference value :  8.44085e-06
 Reference value :  8.48309e-06
 Reference value :  8.50253e-06
 Reference value :  8.53175e-06
 Reference value :  8.56485e-06
 Reference value :  8.59396e-06
 Reference value :  8.62771e-06
 Reference value :  8.67451e-06
 Reference value :  8.69004e-06
 Reference value :  8.75010e-06
 Reference value :  8.78131e-06
 Reference value :  8.81269e-06
 Reference value :  8.84377e-06
 Reference value :  8.86536e-06
 Reference value :  8.87761e-06
 Reference value :  8.93760e-06
 Reference value :  8.96886e-06
 Reference value :  9.00061e-06
 Reference value :  9.00450e-06
 Reference value :  9.06250e-06
 Reference value :  9.09386e-06
 Reference value :  9.12534e-06
 Reference value :  9.15694e-06
 Reference value :  9.19000e-06
 Reference value :  9.21944e-06
 Reference value :  9.25285e-06
 Reference value :  9.28177e-06
 Reference value :  9.31499e-06
 Reference value :  9.34410e-06
 Reference value :  9.37603e-06
 Reference value :  9.40637e-06
 Reference value :  9.43776e-06
 Reference value :  9.46882e-06
 Reference value :  9.50014e-06
 Reference value :  9.50311e-06
 Reference value :  9.55140e-06
 Reference value :  9.56505e-06
 Reference value :  9.59551e-06
 Reference value :  9.62761e-06
 Reference value :  9.68788e-06
 Reference value :  9.71881e-06
 Reference value :  9.75020e-06
 Reference value :  9.78129e-06
 Reference value :  9.81269e-06
 Reference value :  9.84259e-06
 Reference value :  9.87510e-06
 Reference value :  9.87802e-06
 Reference value :  9.91203e-06
 Reference value :  9.96876e-06
 Reference value :  1.00001e-05
 Reference value :  1.00028e-05
 Reference value :  1.00316e-05
 Reference value :  1.00742e-05
 Reference value :  1.01250e-05
 Reference value :  1.01564e-05
 Reference value :  1.01877e-05
 Reference value :  1.02188e-05
 Reference value :  1.02502e-05
 Reference value :  1.02728e-05
 Reference value :  1.03126e-05
 Reference value :  1.03155e-05
 Reference value :  1.03444e-05
 Reference value :  1.04063e-05
 Reference value :  1.04377e-05
 Reference value :  1.04544e-05
 Reference value :  1.05000e-05
 Reference value :  1.05227e-05
 Reference value :  1.05648e-05
 Reference value :  1.05939e-05
 Reference value :  1.06260e-05
 Reference value :  1.06564e-05
 Reference value :  1.06879e-05
 Reference value :  1.07188e-05
 Reference value :  1.07502e-05
 Reference value :  1.07814e-05
 Reference value :  1.08151e-05
 Reference value :  1.08445e-05
 Reference value :  1.08775e-05
 Reference value :  1.09064e-05
 Reference value :  1.09376e-05
 Reference value :  1.09688e-05
 Reference value :  1.10002e-05
 Reference value :  1.10029e-05
 Reference value :  1.10320e-05
 Reference value :  1.10902e-05
 Reference value :  1.11113e-05
 Reference value :  1.11563e-05
 Reference value :  1.11575e-05
 Reference value :  1.11900e-05
 Reference value :  1.12192e-05
 Reference value :  1.12507e-05
 Reference value :  1.12814e-05
 Reference value :  1.13126e-05
 Reference value :  1.13151e-05
 Reference value :  1.13442e-05
 Reference value :  1.13755e-05
 Reference value :  1.14063e-05
 Reference value :  1.14383e-05
 Reference value :  1.14689e-05
 Reference value :  1.15007e-05
 Reference value :  1.15314e-05
 Reference value :  1.15633e-05
 Reference value :  1.15939e-05
 Reference value :  1.16259e-05
 Reference value :  1.16564e-05
 Reference value :  1.16882e-05
 Reference value :  1.17189e-05
 Reference value :  1.17506e-05
 Reference value :  1.17814e-05
 Reference value :  1.18133e-05
 Reference value :  1.18440e-05
 Reference value :  1.18773e-05
 Reference value :  1.19063e-05
 Reference value :  1.19376e-05
 Reference value :  1.19689e-05
 Reference value :  1.20009e-05
 Reference value :  1.20313e-05
 Reference value :  1.20390e-05
 Reference value :  1.20938e-05
 Reference value :  1.21251e-05
 Reference value :  1.21567e-05
 Reference value :  1.21885e-05
 Reference value :  1.22189e-05
 Reference value :  1.22501e-05
 Reference value :  1.22813e-05
 Reference value :  1.23106e-05
 Reference value :  1.23151e-05
 Reference value :  1.23442e-05
 Reference value :  1.23756e-05
 Reference value :  1.24063e-05
 Reference value :  1.24380e-05
 Reference value :  1.24688e-05
 Reference value :  1.25004e-05
 Reference value :  1.25313e-05
 Reference value :  1.25627e-05
 Reference value :  1.25938e-05
 Reference value :  1.26253e-05
 Reference value :  1.26563e-05
 Reference value :  1.26879e-05
 Reference value :  1.27189e-05
 Reference value :  1.27505e-05
 Reference value :  1.27813e-05
 Reference value :  1.28129e-05
 Reference value :  1.28438e-05
 Reference value :  1.28751e-05
 Reference value :  1.28785e-05
 Reference value :  1.29069e-05
 Reference value :  1.29688e-05
 Reference value :  1.30002e-05
 Reference value :  1.30030e-05
 Reference value :  1.30318e-05
 Reference value :  1.30643e-05
 Reference value :  1.31159e-05
 Reference value :  1.31563e-05
 Reference value :  1.31877e-05
 Reference value :  1.32187e-05
 Reference value :  1.32501e-05
 Reference value :  1.32531e-05
 Reference value :  1.32819e-05
 Reference value :  1.33148e-05
 Reference value :  1.33439e-05
 Reference value :  1.33752e-05
 Reference value :  1.33788e-05
 Reference value :  1.34078e-05
 Reference value :  1.34400e-05
 Reference value :  1.34690e-05
 Reference value :  1.35004e-05
 Reference value :  1.35313e-05
 Reference value :  1.35627e-05
 Reference value :  1.35725e-05
 Reference value :  1.36251e-05
 Reference value :  1.36282e-05
 Reference value :  1.36765e-05
 Reference value :  1.36901e-05
 Reference value :  1.37218e-05
 Reference value :  1.37525e-05
 Reference value :  1.37816e-05
 Reference value :  1.38148e-05
 Reference value :  1.38439e-05
 Reference value :  1.38756e-05
 Reference value :  1.39027e-05
 Reference value :  1.39376e-05
 Reference value :  1.39689e-05
 Reference value :  1.40006e-05
 Reference value :  1.40032e-05
 Reference value :  1.40318e-05
 Reference value :  1.40666e-05
 Reference value :  1.41139e-05
 Reference value :  1.41563e-05
 Reference value :  1.41877e-05
 Reference value :  1.42188e-05
 Reference value :  1.42501e-05
 Reference value :  1.42533e-05
 Reference value :  1.42819e-05
 Reference value :  1.43148e-05
 Reference value :  1.43438e-05
 Reference value :  1.43751e-05
 Reference value :  1.43778e-05
 Reference value :  1.44068e-05
 Reference value :  1.44399e-05
 Reference value :  1.44690e-05
 Reference value :  1.45024e-05
 Reference value :  1.45314e-05
 Reference value :  1.45634e-05
 Reference value :  1.45939e-05
 Reference value :  1.46258e-05
 Reference value :  1.46564e-05
 Reference value :  1.46885e-05
 Reference value :  1.47189e-05
 Reference value :  1.47506e-05
 Reference value :  1.47813e-05
 Reference value :  1.48127e-05
 Reference value :  1.48438e-05
 Reference value :  1.48751e-05
 Reference value :  1.48777e-05
 Reference value :  1.49068e-05
 Reference value :  1.49626e-05
 Reference value :  1.50001e-05
 Reference value :  1.50029e-05
 Reference value :  1.50318e-05
 Reference value :  1.50631e-05
 Reference value :  1.50946e-05
 Reference value :  1.51563e-05
 Reference value :  1.51876e-05
 Reference value :  1.52188e-05
 Reference value :  1.52501e-05
 Reference value :  1.52604e-05
 Reference value :  1.52948e-05
 Reference value :  1.53150e-05
 Reference value :  1.53441e-05
 Reference value :  1.53755e-05
 Reference value :  1.54063e-05
 Reference value :  1.54376e-05
 Reference value :  1.54407e-05
 Reference value :  1.54908e-05
 Reference value :  1.55027e-05
 Reference value :  1.55373e-05
 Reference value :  1.55651e-05
 Reference value :  1.55959e-05
 Reference value :  1.56275e-05
 Reference value :  1.56568e-05
 Reference value :  1.56900e-05
 Reference value :  1.57502e-05
 Reference value :  1.57819e-05
 Reference value :  1.58439e-05
 Reference value :  1.58773e-05
 Reference value :  1.59064e-05
 Reference value :  1.59382e-05
 Reference value :  1.59870e-05
 Reference value :  1.60026e-05
 Reference value :  1.60315e-05
 Reference value :  1.60627e-05
 Reference value :  1.60943e-05
 Reference value :  1.61563e-05
 Reference value :  1.61876e-05
 Reference value :  1.62188e-05
 Reference value :  1.62501e-05
 Reference value :  1.62544e-05
 Reference value :  1.62822e-05
 Reference value :  1.63149e-05
 Reference value :  1.63440e-05
 Reference value :  1.63773e-05
 Reference value :  1.64064e-05
 Reference value :  1.64379e-05
 Reference value :  1.64688e-05
 Reference value :  1.65005e-05
 Reference value :  1.65313e-05
 Reference value :  1.65628e-05
 Reference value :  1.65938e-05
 Reference value :  1.66254e-05
 Reference value :  1.66563e-05
 Reference value :  1.66880e-05
 Reference value :  1.67188e-05
 Reference value :  1.67507e-05
 Reference value :  1.67814e-05
 Reference value :  1.68133e-05
 Reference value :  1.68439e-05
 Reference value :  1.68756e-05
 Reference value :  1.69063e-05
 Reference value :  1.69377e-05
 Reference value :  1.69690e-05
 Reference value :  1.70023e-05
 Reference value :  1.70313e-05
 Reference value :  1.70625e-05
 Reference value :  1.70939e-05
 Reference value :  1.71256e-05
 Reference value :  1.71578e-05
 Reference value :  1.71901e-05
 Reference value :  1.72201e-05
 Reference value :  1.72529e-05
 Reference value :  1.72818e-05
 Reference value :  1.73149e-05
 Reference value :  1.73444e-05
 Reference value :  1.73775e-05
 Reference value :  1.74065e-05
 Reference value :  1.74377e-05
 Reference value :  1.74608e-05
 Reference value :  1.75001e-05
 Reference value :  1.75033e-05
 Reference value :  1.75593e-05
 Reference value :  1.75652e-05
 Reference value :  1.76250e-05
 Reference value :  1.76278e-05
 Reference value :  1.76804e-05
 Reference value :  1.76902e-05
 Reference value :  1.77452e-05
 Reference value :  1.77527e-05
 Reference value :  1.78080e-05
 Reference value :  1.78151e-05
 Reference value :  1.78724e-05
 Reference value :  1.78776e-05
 Reference value :  1.79090e-05
 Reference value :  1.79688e-05
 Reference value :  1.80002e-05
 Reference value :  1.80029e-05
 Reference value :  1.80318e-05
 Reference value :  1.80706e-05
 Reference value :  1.81234e-05
 Reference value :  1.81564e-05
 Reference value :  1.81883e-05
 Reference value :  1.82192e-05
 Reference value :  1.82527e-05
 Reference value :  1.82815e-05
 Reference value :  1.83130e-05
 Reference value :  1.83439e-05
 Reference value :  1.83756e-05
 Reference value :  1.84064e-05
 Reference value :  1.84383e-05
 Reference value :  1.84689e-05
 Reference value :  1.85007e-05
 Reference value :  1.85314e-05
 Reference value :  1.85648e-05
 Reference value :  1.85941e-05
 Reference value :  1.86274e-05
 Reference value :  1.86566e-05
 Reference value :  1.86899e-05
 Reference value :  1.87192e-05
 Reference value :  1.87525e-05
 Reference value :  1.87816e-05
 Reference value :  1.88129e-05
 Reference value :  1.88439e-05
 Reference value :  1.88751e-05
 Reference value :  1.88833e-05
 Reference value :  1.89376e-05
 Reference value :  1.89689e-05
 Reference value :  1.90010e-05
 Reference value :  1.90213e-05
 Reference value :  1.90626e-05
 Reference value :  1.90939e-05
 Reference value :  1.91254e-05
 Reference value :  1.91569e-05
 Reference value :  1.91880e-05
 Reference value :  1.92188e-05
 Reference value :  1.92502e-05
 Reference value :  1.92813e-05
 Reference value :  1.93127e-05
 Reference value :  1.93438e-05
 Reference value :  1.93752e-05
 Reference value :  1.94045e-05
 Reference value :  1.94377e-05
 Reference value :  1.94438e-05
 Reference value :  1.95001e-05
 Reference value :  1.95032e-05
 Reference value :  1.95593e-05
 Reference value :  1.95653e-05
 Reference value :  1.96250e-05
 Reference value :  1.96288e-05
 Reference value :  1.96876e-05
 Reference value :  1.96967e-05
 Reference value :  1.97501e-05
 Reference value :  1.97528e-05
 Reference value :  1.97962e-05
 Reference value :  1.98151e-05
 Reference value :  1.98445e-05
 Reference value :  1.98773e-05
 Reference value :  1.99064e-05
 Reference value :  1.99379e-05
 Reference value :  1.99697e-05
No. of Data Rows : 47055
e1                  =  1.01814e+00
x1                  =  7.19334e+00 at=  2.28141e-06
cd1                 =  2.00000e+00
e2                  =  9.83275e-01
x2                  =  7.16914e+00 at=  3.28141e-06
cd2                 =  3.00000e+00
e128                =  6.72234e-01
x128                =  4.92089e+00 at=  4.28141e-06
cd128               =  1.28000e+02
e129                =  7.64739e-01
x129                =  4.96340e+00 at=  5.28141e-06
cd129               =  1.30000e+02
e255                =  4.30178e-01
x255                =  2.92399e+00 at=  6.28143e-06
cd255               =  2.55000e+02
e256                =  4.86376e-01
x256                =  2.97397e+00 at=  7.28143e-06
cd256               =  2.56000e+02
e257                =  4.86104e-01
x257                =  2.96231e+00 at=  8.28143e-06
cd257               =  2.57000e+02
e384                =  1.75861e-01
x384                =  1.61535e+00 at=  9.28142e-06
cd384               =  3.84000e+02
e511                =  -5.78431e-02
x511                =  2.60250e+00 at=  1.03439e-05
cd511               =  5.11000e+02
e512                =  -4.97496e-03
x512                =  2.47205e+00 at=  1.13439e-05
cd512               =  5.12000e+02
e513                =  3.19186e-04
x513                =  2.46721e+00 at=  1.23439e-05
cd513               =  5.13000e+02
e640                =  -3.12735e-01
x640                =  1.73846e+00 at=  1.32814e-05
cd640               =  6.39000e+02
e767                =  -5.53545e-01
x767                =  3.07215e+00 at=  1.42814e-05
cd767               =  7.66000e+02
e768                =  -5.04048e-01
x768                =  3.02025e+00 at=  1.52814e-05
cd768               =  7.67000e+02
e769                =  -4.99055e-01
x769                =  3.03092e+00 at=  1.62814e-05
cd769               =  7.68000e+02
e896                =  -8.05139e-01
x896                =  4.46775e+00 at=  1.72814e-05
cd896               =  8.95000e+02
e1022               =  -1.05129e+00
x1022               =  5.92705e+00 at=  1.82814e-05
cd1022              =  1.02100e+03
e1023               =  -9.92683e-01
x1023               =  5.87764e+00 at=  1.92814e-05
cd1023              =  1.02200e+03
vrefhi              =  2.97009e+00 at=  1.33149e-05
vreflo              =  2.96990e+00 at=  1.25672e-05
m_terr_t1_lsb = 1.0181390000e+00
m_decerr_t1_lsb = 7.1933390000e+00
m_code_t1 = 2.0000000000e+00
m_terr_t2_lsb = 9.8327490000e-01
m_decerr_t2_lsb = 7.1691380000e+00
m_code_t2 = 3.0000000000e+00
m_terr_t128_lsb = 6.7223360000e-01
m_decerr_t128_lsb = 4.9208890000e+00
m_code_t128 = 1.2800000000e+02
m_terr_t129_lsb = 7.6473900000e-01
m_decerr_t129_lsb = 4.9633970000e+00
m_code_t129 = 1.3000000000e+02
m_terr_t255_lsb = 4.3017820000e-01
m_decerr_t255_lsb = 2.9239860000e+00
m_code_t255 = 2.5500000000e+02
m_terr_t256_lsb = 4.8637610000e-01
m_decerr_t256_lsb = 2.9739720000e+00
m_code_t256 = 2.5600000000e+02
m_terr_t257_lsb = 4.8610430000e-01
m_decerr_t257_lsb = 2.9623090000e+00
m_code_t257 = 2.5700000000e+02
m_terr_t384_lsb = 1.7586120000e-01
m_decerr_t384_lsb = 1.6153460000e+00
m_code_t384 = 3.8400000000e+02
m_terr_t511_lsb = -5.784309000e-02
m_decerr_t511_lsb = 2.6025020000e+00
m_code_t511 = 5.1100000000e+02
m_terr_t512_lsb = -4.974958000e-03
m_decerr_t512_lsb = 2.4720450000e+00
m_code_t512 = 5.1200000000e+02
m_terr_t513_lsb = 3.1918560000e-04
m_decerr_t513_lsb = 2.4672140000e+00
m_code_t513 = 5.1300000000e+02
m_terr_t640_lsb = -3.127349000e-01
m_decerr_t640_lsb = 1.7384620000e+00
m_code_t640 = 6.3900000000e+02
m_terr_t767_lsb = -5.535455000e-01
m_decerr_t767_lsb = 3.0721450000e+00
m_code_t767 = 7.6600000000e+02
m_terr_t768_lsb = -5.040479000e-01
m_decerr_t768_lsb = 3.0202520000e+00
m_code_t768 = 7.6700000000e+02
m_terr_t769_lsb = -4.990554000e-01
m_decerr_t769_lsb = 3.0309180000e+00
m_code_t769 = 7.6800000000e+02
m_terr_t896_lsb = -8.051390000e-01
m_decerr_t896_lsb = 4.4677510000e+00
m_code_t896 = 8.9500000000e+02
m_terr_t1022_lsb = -1.051287000e+00
m_decerr_t1022_lsb = 5.9270520000e+00
m_code_t1022 = 1.0210000000e+03
m_terr_t1023_lsb = -9.926829000e-01
m_decerr_t1023_lsb = 5.8776390000e+00
m_code_t1023 = 1.0220000000e+03
m_inl_t1_lsb = 0.0000000000e+00
m_inl_t2_lsb = -3.289656389e-02
m_inl_t128_lsb = -9.602831458e-02
m_inl_t129_lsb = -1.555378474e-03
m_inl_t255_lsb = -8.820662916e-02
m_inl_t256_lsb = -3.004119305e-02
m_inl_t257_lsb = -2.834545695e-02
m_inl_t384_lsb = -8.871147153e-02
m_inl_t511_lsb = -7.253867611e-02
m_inl_t512_lsb = -1.770300800e-02
m_inl_t513_lsb = -1.044132829e-02
m_inl_t640_lsb = -7.361832847e-02
m_inl_t767_lsb = -6.455184305e-02
m_inl_t768_lsb = -1.308670695e-02
m_inl_t769_lsb = -6.126670841e-03
m_inl_t896_lsb = -6.233318542e-02
m_inl_t1022_lsb = -6.057163611e-02
m_inl_t1023_lsb = -1.110223025e-16
m_dnl_t1_t2_lsb = -3.486410000e-02
m_dnl_t128_t129_lsb = 9.2505400000e-02
m_dnl_t255_t256_lsb = 5.6197900000e-02
m_dnl_t256_t257_lsb = -2.718000000e-04
m_dnl_t511_t512_lsb = 5.2868132000e-02
m_dnl_t512_t513_lsb = 5.2941436000e-03
m_dnl_t767_t768_lsb = 4.9497600000e-02
m_dnl_t768_t769_lsb = 4.9925000000e-03
m_dnl_t1022_t1023_lsb = 5.8604100000e-02
m_gain_err_lsb = -2.012789436e+00
m_vref_droop_mv = 1.8800000000e-01
Note: Simulation executed from .control section 

Warning: m=xx on .subckt line will override multiplier m hierarchy!

Note: Starting dynamic gmin stepping
Note: Dynamic gmin stepping completed
