
Note: Compatibility modes selected: hs a


Circuit: * adc-inl-dnl @ ss_27c_2.97v -- generated by sim/harness, do not edit

Reducing trtol to 1 for xspice 'A' devices
Doing analysis at TEMP = 27.000000 and TNOM = 27.000000

Using SPARSE 1.3 as Direct Linear Solver

Initial Transient Solution
--------------------------

Node                                   Voltage
----                                   -------
clk                                          0
cmpclk                                       0
cmpclkb                                   2.97
vddt                                      2.97
vddd                                      2.97
vddc                                      2.97
vrefs                                     2.97
vrefn                                     2.97
vcmn                                     1.485
se_vinp                             0.00362549
se_vinn                                  1.485
se_start                                     0
se_mode                                      0
se_cmp                                  1.2642
se_samp_tp_n                                 0
se_sel_in_n                                  0
se_drdy                                   2.97
se_c9                                        0
se_c8                                        0
se_c7                                        0
se_c6                                        0
se_c5                                        0
se_c4                                        0
se_c3                                        0
se_c2                                        0
se_c1                                        0
se_c0                                        0
se_rel_n_256p                             2.97
se_sel_hi_n_256p                             0
se_sel_lo_n_256p                             0
se_rel_n_128p                             2.97
se_sel_hi_n_128p                             0
se_sel_lo_n_128p                             0
se_rel_n_64p                              2.97
se_sel_hi_n_64p                              0
se_sel_lo_n_64p                              0
se_rel_n_32p                              2.97
se_sel_hi_n_32p                              0
se_sel_lo_n_32p                              0
se_rel_n_16p                              2.97
se_sel_hi_n_16p                              0
se_sel_lo_n_16p                              0
se_rel_n_8p                               2.97
se_sel_hi_n_8p                               0
se_sel_lo_n_8p                               0
se_rel_n_4p                               2.97
se_sel_hi_n_4p                               0
se_sel_lo_n_4p                               0
se_rel_n_2p                               2.97
se_sel_hi_n_2p                               0
se_sel_lo_n_2p                               0
se_rel_n_1p                               2.97
se_sel_hi_n_1p                               0
se_sel_lo_n_1p                               0
se_rel_n_256n                             2.97
se_sel_hi_n_256n                             0
se_sel_lo_n_256n                             0
se_rel_n_128n                             2.97
se_sel_hi_n_128n                             0
se_sel_lo_n_128n                             0
se_rel_n_64n                              2.97
se_sel_hi_n_64n                              0
se_sel_lo_n_64n                              0
se_rel_n_32n                              2.97
se_sel_hi_n_32n                              0
se_sel_lo_n_32n                              0
se_rel_n_16n                              2.97
se_sel_hi_n_16n                              0
se_sel_lo_n_16n                              0
se_rel_n_8n                               2.97
se_sel_hi_n_8n                               0
se_sel_lo_n_8n                               0
se_rel_n_4n                               2.97
se_sel_hi_n_4n                               0
se_sel_lo_n_4n                               0
se_rel_n_2n                               2.97
se_sel_hi_n_2n                               0
se_sel_lo_n_2n                               0
se_rel_n_1n                               2.97
se_sel_hi_n_1n                               0
se_sel_lo_n_1n                               0
se_pinp                             0.00362549
se_pinn                                  1.485
xsetswp.gp                                2.97
se_topp                                  1.485
xsetswn.gp                                2.97
se_topn                                  1.485
xsearrp.x256.bp                          1.485
xsearrp.x256.gp_in                        2.97
xsearrp.x256.gp_rel                1.58835e-09
xsearrp.x256.gp_hi                        2.97
xsearrp.x256.gp_lo                        2.97
xsearrp.x128.bp                          1.485
xsearrp.x128.gp_in                        2.97
xsearrp.x128.gp_rel                1.58835e-09
xsearrp.x128.gp_hi                        2.97
xsearrp.x128.gp_lo                        2.97
xsearrp.x64.bp                           1.485
xsearrp.x64.gp_in                         2.97
xsearrp.x64.gp_rel                 1.58835e-09
xsearrp.x64.gp_hi                         2.97
xsearrp.x64.gp_lo                         2.97
xsearrp.x32.bp                           1.485
xsearrp.x32.gp_in                         2.97
xsearrp.x32.gp_rel                 1.58835e-09
xsearrp.x32.gp_hi                         2.97
xsearrp.x32.gp_lo                         2.97
xsearrp.x16.bp                           1.485
xsearrp.x16.gp_in                         2.97
xsearrp.x16.gp_rel                 1.58835e-09
xsearrp.x16.gp_hi                         2.97
xsearrp.x16.gp_lo                         2.97
xsearrp.x8.bp                            1.485
xsearrp.x8.gp_in                          2.97
xsearrp.x8.gp_rel                  1.58835e-09
xsearrp.x8.gp_hi                          2.97
xsearrp.x8.gp_lo                          2.97
xsearrp.x4.bp                            1.485
xsearrp.x4.gp_in                          2.97
xsearrp.x4.gp_rel                  1.58835e-09
xsearrp.x4.gp_hi                          2.97
xsearrp.x4.gp_lo                          2.97
xsearrp.x2.bp                            1.485
xsearrp.x2.gp_in                          2.97
xsearrp.x2.gp_rel                  1.58835e-09
xsearrp.x2.gp_hi                          2.97
xsearrp.x2.gp_lo                          2.97
xsearrp.x1.bp                            1.485
xsearrp.x1.gp_in                          2.97
xsearrp.x1.gp_rel                  1.58835e-09
xsearrp.x1.gp_hi                          2.97
xsearrp.x1.gp_lo                          2.97
xsearrn.x256.bp                          1.485
xsearrn.x256.gp_in                        2.97
xsearrn.x256.gp_rel                1.58835e-09
xsearrn.x256.gp_hi                        2.97
xsearrn.x256.gp_lo                        2.97
xsearrn.x128.bp                          1.485
xsearrn.x128.gp_in                        2.97
xsearrn.x128.gp_rel                1.58835e-09
xsearrn.x128.gp_hi                        2.97
xsearrn.x128.gp_lo                        2.97
xsearrn.x64.bp                           1.485
xsearrn.x64.gp_in                         2.97
xsearrn.x64.gp_rel                 1.58835e-09
xsearrn.x64.gp_hi                         2.97
xsearrn.x64.gp_lo                         2.97
xsearrn.x32.bp                           1.485
xsearrn.x32.gp_in                         2.97
xsearrn.x32.gp_rel                 1.58835e-09
xsearrn.x32.gp_hi                         2.97
xsearrn.x32.gp_lo                         2.97
xsearrn.x16.bp                           1.485
xsearrn.x16.gp_in                         2.97
xsearrn.x16.gp_rel                 1.58835e-09
xsearrn.x16.gp_hi                         2.97
xsearrn.x16.gp_lo                         2.97
xsearrn.x8.bp                            1.485
xsearrn.x8.gp_in                          2.97
xsearrn.x8.gp_rel                  1.58835e-09
xsearrn.x8.gp_hi                          2.97
xsearrn.x8.gp_lo                          2.97
xsearrn.x4.bp                            1.485
xsearrn.x4.gp_in                          2.97
xsearrn.x4.gp_rel                  1.58835e-09
xsearrn.x4.gp_hi                          2.97
xsearrn.x4.gp_lo                          2.97
xsearrn.x2.bp                            1.485
xsearrn.x2.gp_in                          2.97
xsearrn.x2.gp_rel                  1.58835e-09
xsearrn.x2.gp_hi                          2.97
xsearrn.x2.gp_lo                          2.97
xsearrn.x1.bp                            1.485
xsearrn.x1.gp_in                          2.97
xsearrn.x1.gp_rel                  1.58835e-09
xsearrn.x1.gp_hi                          2.97
xsearrn.x1.gp_lo                          2.97
se_ibias                              0.866486
xsecmp.xpre.ptail                     0.539836
xsecmp.pon                             2.03608
xsecmp.preamp_in1                        1.485
xsecmp.pop                             2.03608
xsecmp.preamp_in2                        1.485
xsecmp.xpre.xrlp.11                    2.96983
xsecmp.xpre.xrlp.21                    2.03625
xsecmp.xpre.xrln.11                    2.96983
xsecmp.xpre.xrln.21                    2.03625
xsecmp.xlat.ltail                       1.3738
xsecmp.xlat.dip                           2.97
xsecmp.xlat.din                           2.97
xsecmp.outn                               2.97
xsecmp.outp                               2.97
xsecmp.sset                        6.47402e-09
xsecmp.srst                        6.47402e-09
xsecmp.xno1.ps                         2.83785
se_cmpb                                 1.2642
xsecmp.xno2.ps                         2.83785
se_dacp                            1.11022e-16
se_dacn                            1.11022e-16
se_di                                  1.48137
se_err                                  510.75
se_aerrh                                     0
se_code                                      0
bsecode#branch                               0
bseea#branch                                 0
bsee#branch                                  0
bsedi#branch                                 0
bsedacn#branch                               0
bsedacp#branch                               0
lref#branch                        5.36921e-11
v.xsecmp.vpn#branch                 7.6824e-29
v.xsecmp.vpp#branch                6.72662e-28
vsemode#branch                               0
vsestart#branch                              0
vsevinn#branch                      2.3441e-17
vseinp#branch                      2.91893e-11
vcms#branch                       -3.22338e-12
vrefs#branch                      -5.36921e-11
vddc#branch                       -0.000327511
vddd#branch                       -4.49388e-10
vddt#branch                       -1.19699e-11
vcmpclkb#branch                              0
vcmpclk#branch                               0
vclk#branch                                  0
a.xsectrl.a_gn#branch_1_0                    0
a.xsectrl.a_gn#branch_1_1                    0
a.xsectrl.a_gn#branch_1_2                    0
a.xsectrl.a_gn#branch_1_3                    0
a.xsectrl.a_gn#branch_1_4                    0
a.xsectrl.a_gn#branch_1_5                    0
a.xsectrl.a_gn#branch_1_6                    0
a.xsectrl.a_gn#branch_1_7                    0
a.xsectrl.a_gn#branch_1_8                    0
a.xsectrl.a_gn#branch_1_9                    0
a.xsectrl.a_gn#branch_1_10                   0
a.xsectrl.a_gn#branch_1_11                   0
a.xsectrl.a_gn#branch_1_12                   0
a.xsectrl.a_gn#branch_1_13                   0
a.xsectrl.a_gn#branch_1_14                   0
a.xsectrl.a_gn#branch_1_15                   0
a.xsectrl.a_gn#branch_1_16                   0
a.xsectrl.a_gn#branch_1_17                   0
a.xsectrl.a_gn#branch_1_18                   0
a.xsectrl.a_gn#branch_1_19                   0
a.xsectrl.a_gn#branch_1_20                   0
a.xsectrl.a_gn#branch_1_21                   0
a.xsectrl.a_gn#branch_1_22                   0
a.xsectrl.a_gn#branch_1_23                   0
a.xsectrl.a_gn#branch_1_24                   0
a.xsectrl.a_gn#branch_1_25                   0
a.xsectrl.a_gn#branch_1_26                   0
a.xsectrl.a_gn#branch_1_27                   0
a.xsectrl.a_gn#branch_1_28                   0
a.xsectrl.a_gn#branch_1_29                   0
a.xsectrl.a_gn#branch_1_30                   0
a.xsectrl.a_gn#branch_1_31                   0
a.xsectrl.a_gn#branch_1_32                   0
a.xsectrl.a_gn#branch_1_33                   0
a.xsectrl.a_gn#branch_1_34                   0
a.xsectrl.a_gn#branch_1_35                   0
a.xsectrl.a_gn#branch_1_36                   0
a.xsectrl.a_gn#branch_1_37                   0
a.xsectrl.a_gn#branch_1_38                   0
a.xsectrl.a_gn#branch_1_39                   0
a.xsectrl.a_gn#branch_1_40                   0
a.xsectrl.a_gn#branch_1_41                   0
a.xsectrl.a_gn#branch_1_42                   0
a.xsectrl.a_gn#branch_1_43                   0
a.xsectrl.a_gn#branch_1_44                   0
a.xsectrl.a_gn#branch_1_45                   0
a.xsectrl.a_gn#branch_1_46                   0
a.xsectrl.a_gn#branch_1_47                   0
a.xsectrl.a_gn#branch_1_48                   0
a.xsectrl.a_gn#branch_1_49                   0
a.xsectrl.a_gn#branch_1_50                   0
a.xsectrl.a_gn#branch_1_51                   0
a.xsectrl.a_gn#branch_1_52                   0
a.xsectrl.a_gn#branch_1_53                   0
a.xsectrl.a_dout#branch_1_0                  0
a.xsectrl.a_dout#branch_1_1                  0
a.xsectrl.a_dout#branch_1_2                  0
a.xsectrl.a_dout#branch_1_3                  0
a.xsectrl.a_dout#branch_1_4                  0
a.xsectrl.a_dout#branch_1_5                  0
a.xsectrl.a_dout#branch_1_6                  0
a.xsectrl.a_dout#branch_1_7                  0
a.xsectrl.a_dout#branch_1_8                  0
a.xsectrl.a_dout#branch_1_9                  0
a.xsectrl.a_dout#branch_1_10                 0
a.xsectrl.a_dout#branch_1_11                 0
a.xsectrl.a_dout#branch_1_12                 0

 Reference value :  0.00000e+00
 Reference value :  2.84584e-09
 Reference value :  3.12548e-08
 Reference value :  5.04748e-08
 Reference value :  8.91065e-08
 Reference value :  9.47345e-08
 Reference value :  1.26361e-07
 Reference value :  1.56895e-07
 Reference value :  1.87952e-07
 Reference value :  2.18785e-07
 Reference value :  2.23962e-07
 Reference value :  2.52677e-07
 Reference value :  2.81321e-07
 Reference value :  2.90615e-07
 Reference value :  3.14765e-07
 Reference value :  3.43811e-07
 Reference value :  3.55579e-07
 Reference value :  3.77269e-07
 Reference value :  4.06331e-07
 Reference value :  4.37635e-07
 Reference value :  4.40101e-07
 Reference value :  4.68950e-07
 Reference value :  5.00200e-07
 Reference value :  5.02654e-07
 Reference value :  5.31545e-07
 Reference value :  5.63030e-07
 Reference value :  5.82910e-07
 Reference value :  6.12469e-07
 Reference value :  6.27355e-07
 Reference value :  6.56336e-07
 Reference value :  6.87603e-07
 Reference value :  6.89999e-07
 Reference value :  7.18958e-07
 Reference value :  7.50323e-07
 Reference value :  7.52707e-07
 Reference value :  7.81799e-07
 Reference value :  8.12700e-07
 Reference value :  8.15105e-07
 Reference value :  8.44126e-07
 Reference value :  8.75124e-07
 Reference value :  8.77549e-07
 Reference value :  9.06453e-07
 Reference value :  9.37866e-07
 Reference value :  9.68929e-07
 Reference value :  1.00033e-06
 Reference value :  1.00283e-06
 Reference value :  1.03135e-06
 Reference value :  1.03795e-06
 Reference value :  1.06500e-06
 Reference value :  1.09450e-06
 Reference value :  1.12551e-06
 Reference value :  1.15665e-06
 Reference value :  1.18771e-06
 Reference value :  1.19115e-06
 Reference value :  1.21937e-06
 Reference value :  1.25045e-06
 Reference value :  1.25636e-06
 Reference value :  1.28182e-06
 Reference value :  1.31301e-06
 Reference value :  1.32551e-06
 Reference value :  1.34554e-06
 Reference value :  1.37565e-06
 Reference value :  1.40311e-06
 Reference value :  1.40873e-06
 Reference value :  1.43864e-06
 Reference value :  1.46875e-06
 Reference value :  1.47141e-06
 Reference value :  1.50077e-06
 Reference value :  1.52570e-06
 Reference value :  1.54456e-06
 Reference value :  1.56479e-06
 Reference value :  1.59383e-06
 Reference value :  1.62512e-06
 Reference value :  1.62754e-06
 Reference value :  1.65645e-06
 Reference value :  1.68771e-06
 Reference value :  1.69015e-06
 Reference value :  1.71928e-06
 Reference value :  1.75055e-06
 Reference value :  1.77827e-06
 Reference value :  1.78202e-06
 Reference value :  1.81293e-06
 Reference value :  1.81973e-06
 Reference value :  1.84440e-06
 Reference value :  1.87528e-06
 Reference value :  1.87773e-06
 Reference value :  1.90696e-06
 Reference value :  1.93832e-06
 Reference value :  1.96920e-06
 Reference value :  2.00067e-06
 Reference value :  2.00294e-06
 Reference value :  2.03147e-06
 Reference value :  2.06253e-06
 Reference value :  2.09378e-06
 Reference value :  2.10296e-06
 Reference value :  2.13556e-06
 Reference value :  2.15693e-06
 Reference value :  2.18795e-06
 Reference value :  2.21876e-06
 Reference value :  2.21997e-06
 Reference value :  2.25108e-06
 Reference value :  2.28126e-06
 Reference value :  2.28228e-06
 Reference value :  2.31323e-06
 Reference value :  2.34378e-06
 Reference value :  2.35158e-06
 Reference value :  2.37727e-06
 Reference value :  2.40632e-06
 Reference value :  2.43760e-06
 Reference value :  2.44003e-06
 Reference value :  2.46888e-06
 Reference value :  2.50014e-06
 Reference value :  2.50253e-06
 Reference value :  2.53136e-06
 Reference value :  2.56270e-06
 Reference value :  2.56537e-06
 Reference value :  2.59433e-06
 Reference value :  2.62569e-06
 Reference value :  2.65626e-06
 Reference value :  2.66740e-06
 Reference value :  2.68977e-06
 Reference value :  2.71883e-06
 Reference value :  2.75012e-06
 Reference value :  2.75251e-06
 Reference value :  2.78145e-06
 Reference value :  2.81253e-06
 Reference value :  2.81494e-06
 Reference value :  2.84386e-06
 Reference value :  2.85186e-06
 Reference value :  2.87727e-06
 Reference value :  2.90631e-06
 Reference value :  2.93760e-06
 Reference value :  2.96879e-06
 Reference value :  3.00001e-06
 Reference value :  3.00245e-06
 Reference value :  3.00967e-06
 Reference value :  3.03200e-06
 Reference value :  3.06273e-06
 Reference value :  3.09388e-06
 Reference value :  3.12510e-06
 Reference value :  3.15630e-06
 Reference value :  3.16316e-06
 Reference value :  3.18980e-06
 Reference value :  3.21885e-06
 Reference value :  3.25010e-06
 Reference value :  3.25293e-06
 Reference value :  3.28146e-06
 Reference value :  3.31261e-06
 Reference value :  3.31501e-06
 Reference value :  3.34390e-06
 Reference value :  3.37510e-06
 Reference value :  3.37755e-06
 Reference value :  3.40645e-06
 Reference value :  3.43769e-06
 Reference value :  3.44014e-06
 Reference value :  3.46902e-06
 Reference value :  3.50022e-06
 Reference value :  3.50261e-06
 Reference value :  3.53148e-06
 Reference value :  3.56283e-06
 Reference value :  3.56651e-06
 Reference value :  3.59459e-06
 Reference value :  3.62580e-06
 Reference value :  3.65626e-06
 Reference value :  3.67109e-06
 Reference value :  3.68981e-06
 Reference value :  3.71883e-06
 Reference value :  3.75010e-06
 Reference value :  3.75244e-06
 Reference value :  3.78137e-06
 Reference value :  3.79468e-06
 Reference value :  3.81479e-06
 Reference value :  3.84383e-06
 Reference value :  3.87510e-06
 Reference value :  3.87751e-06
 Reference value :  3.90638e-06
 Reference value :  3.93753e-06
 Reference value :  3.96305e-06
 Reference value :  3.99000e-06
 Reference value :  4.00241e-06
 Reference value :  4.00434e-06
 Reference value :  4.03185e-06
 Reference value :  4.06321e-06
 Reference value :  4.09415e-06
 Reference value :  4.12567e-06
 Reference value :  4.15676e-06
 Reference value :  4.18789e-06
 Reference value :  4.21875e-06
 Reference value :  4.21975e-06
 Reference value :  4.25109e-06
 Reference value :  4.28128e-06
 Reference value :  4.31253e-06
 Reference value :  4.31503e-06
 Reference value :  4.34391e-06
 Reference value :  4.37514e-06
 Reference value :  4.37760e-06
 Reference value :  4.40646e-06
 Reference value :  4.43753e-06
 Reference value :  4.43996e-06
 Reference value :  4.46884e-06
 Reference value :  4.50001e-06
 Reference value :  4.50242e-06
 Reference value :  4.53135e-06
 Reference value :  4.56264e-06
 Reference value :  4.56513e-06
 Reference value :  4.59418e-06
 Reference value :  4.62555e-06
 Reference value :  4.64700e-06
 Reference value :  4.67063e-06
 Reference value :  4.68987e-06
 Reference value :  4.71886e-06
 Reference value :  4.75016e-06
 Reference value :  4.75256e-06
 Reference value :  4.78152e-06
 Reference value :  4.81290e-06
 Reference value :  4.83563e-06
 Reference value :  4.84485e-06
 Reference value :  4.87636e-06
 Reference value :  4.90627e-06
 Reference value :  4.93751e-06
 Reference value :  4.96719e-06
 Reference value :  4.98810e-06
 Reference value :  5.00247e-06
 Reference value :  5.03128e-06
 Reference value :  5.06262e-06
 Reference value :  5.09389e-06
 Reference value :  5.12506e-06
 Reference value :  5.15635e-06
 Reference value :  5.18763e-06
 Reference value :  5.19828e-06
 Reference value :  5.22101e-06
 Reference value :  5.25285e-06
 Reference value :  5.28149e-06
 Reference value :  5.31272e-06
 Reference value :  5.31873e-06
 Reference value :  5.34632e-06
 Reference value :  5.37736e-06
 Reference value :  5.40633e-06
 Reference value :  5.43750e-06
 Reference value :  5.44001e-06
 Reference value :  5.46910e-06
 Reference value :  5.50023e-06
 Reference value :  5.50742e-06
 Reference value :  5.56250e-06
 Reference value :  5.56507e-06
 Reference value :  5.59432e-06
 Reference value :  5.62728e-06
 Reference value :  5.65637e-06
 Reference value :  5.68789e-06
 Reference value :  5.71878e-06
 Reference value :  5.75013e-06
 Reference value :  5.75263e-06
 Reference value :  5.78199e-06
 Reference value :  5.81477e-06
 Reference value :  5.84387e-06
 Reference value :  5.87510e-06
 Reference value :  5.87760e-06
 Reference value :  5.90670e-06
 Reference value :  5.93799e-06
 Reference value :  5.96919e-06
 Reference value :  6.00150e-06
 Reference value :  6.00387e-06
 Reference value :  6.05376e-06
 Reference value :  6.09380e-06
 Reference value :  6.12516e-06
 Reference value :  6.15643e-06
 Reference value :  6.18782e-06
 Reference value :  6.21879e-06
 Reference value :  6.25010e-06
 Reference value :  6.25320e-06
 Reference value :  6.28924e-06
 Reference value :  6.31499e-06
 Reference value :  6.34388e-06
 Reference value :  6.37537e-06
 Reference value :  6.39939e-06
 Reference value :  6.40772e-06
 Reference value :  6.43981e-06
 Reference value :  6.46889e-06
 Reference value :  6.50025e-06
 Reference value :  6.50600e-06
 Reference value :  6.56260e-06
 Reference value :  6.56509e-06
 Reference value :  6.59448e-06
 Reference value :  6.62739e-06
 Reference value :  6.65646e-06
 Reference value :  6.68824e-06
 Reference value :  6.71882e-06
 Reference value :  6.75020e-06
 Reference value :  6.75425e-06
 Reference value :  6.80243e-06
 Reference value :  6.81500e-06
 Reference value :  6.84415e-06
 Reference value :  6.87591e-06
 Reference value :  6.90628e-06
 Reference value :  6.91925e-06
 Reference value :  6.96876e-06
 Reference value :  7.00010e-06
 Reference value :  7.00265e-06
 Reference value :  7.03138e-06
 Reference value :  7.06278e-06
 Reference value :  7.09415e-06
 Reference value :  7.12513e-06
 Reference value :  7.15638e-06
 Reference value :  7.18769e-06
 Reference value :  7.20628e-06
 Reference value :  7.22069e-06
 Reference value :  7.25285e-06
 Reference value :  7.28156e-06
 Reference value :  7.31275e-06
 Reference value :  7.31706e-06
 Reference value :  7.34419e-06
 Reference value :  7.37532e-06
 Reference value :  7.38202e-06
 Reference value :  7.40692e-06
 Reference value :  7.43814e-06
 Reference value :  7.46880e-06
 Reference value :  7.50011e-06
 Reference value :  7.53012e-06
 Reference value :  7.56264e-06
 Reference value :  7.56618e-06
 Reference value :  7.60373e-06
 Reference value :  7.62750e-06
 Reference value :  7.65661e-06
 Reference value :  7.68977e-06
 Reference value :  7.71889e-06
 Reference value :  7.75036e-06
 Reference value :  7.78127e-06
 Reference value :  7.81260e-06
 Reference value :  7.81512e-06
 Reference value :  7.84466e-06
 Reference value :  7.87738e-06
 Reference value :  7.90639e-06
 Reference value :  7.93795e-06
 Reference value :  7.96920e-06
 Reference value :  8.00090e-06
 Reference value :  8.00388e-06
 Reference value :  8.03248e-06
 Reference value :  8.09376e-06
 Reference value :  8.09448e-06
 Reference value :  8.12528e-06
 Reference value :  8.15673e-06
 Reference value :  8.18805e-06
 Reference value :  8.21885e-06
 Reference value :  8.25020e-06
 Reference value :  8.27885e-06
 Reference value :  8.30025e-06
 Reference value :  8.31502e-06
 Reference value :  8.34387e-06
 Reference value :  8.37510e-06
 Reference value :  8.37755e-06
 Reference value :  8.40669e-06
 Reference value :  8.43780e-06
 Reference value :  8.44707e-06
 Reference value :  8.48190e-06
 Reference value :  8.50245e-06
 Reference value :  8.53168e-06
 Reference value :  8.56477e-06
 Reference value :  8.59395e-06
 Reference value :  8.62575e-06
 Reference value :  8.65638e-06
 Reference value :  8.68798e-06
 Reference value :  8.71880e-06
 Reference value :  8.75020e-06
 Reference value :  8.75315e-06
 Reference value :  8.79019e-06
 Reference value :  8.81496e-06
 Reference value :  8.84402e-06
 Reference value :  8.87520e-06
 Reference value :  8.87819e-06
 Reference value :  8.90680e-06
 Reference value :  8.93817e-06
 Reference value :  8.96970e-06
 Reference value :  9.00236e-06
 Reference value :  9.01452e-06
 Reference value :  9.06253e-06
 Reference value :  9.09383e-06
 Reference value :  9.12520e-06
 Reference value :  9.15645e-06
 Reference value :  9.18789e-06
 Reference value :  9.21880e-06
 Reference value :  9.25006e-06
 Reference value :  9.25303e-06
 Reference value :  9.28277e-06
 Reference value :  9.31478e-06
 Reference value :  9.34385e-06
 Reference value :  9.37506e-06
 Reference value :  9.37756e-06
 Reference value :  9.40649e-06
 Reference value :  9.43805e-06
 Reference value :  9.46875e-06
 Reference value :  9.47075e-06
 Reference value :  9.50230e-06
 Reference value :  9.53138e-06
 Reference value :  9.56296e-06
 Reference value :  9.59380e-06
 Reference value :  9.62515e-06
 Reference value :  9.62773e-06
 Reference value :  9.67124e-06
 Reference value :  9.68994e-06
 Reference value :  9.71902e-06
 Reference value :  9.75059e-06
 Reference value :  9.78132e-06
 Reference value :  9.81270e-06
 Reference value :  9.82775e-06
 Reference value :  9.87225e-06
 Reference value :  9.87754e-06
 Reference value :  9.90647e-06
 Reference value :  9.93804e-06
 Reference value :  9.96940e-06
 Reference value :  1.00007e-05
 Reference value :  1.00031e-05
 Reference value :  1.00438e-05
 Reference value :  1.00938e-05
 Reference value :  1.01251e-05
 Reference value :  1.01564e-05
 Reference value :  1.01878e-05
 Reference value :  1.02188e-05
 Reference value :  1.02500e-05
 Reference value :  1.02530e-05
 Reference value :  1.02822e-05
 Reference value :  1.03149e-05
 Reference value :  1.03439e-05
 Reference value :  1.03751e-05
 Reference value :  1.03776e-05
 Reference value :  1.04072e-05
 Reference value :  1.04383e-05
 Reference value :  1.04688e-05
 Reference value :  1.05001e-05
 Reference value :  1.05030e-05
 Reference value :  1.05470e-05
 Reference value :  1.05650e-05
 Reference value :  1.05940e-05
 Reference value :  1.06257e-05
 Reference value :  1.06563e-05
 Reference value :  1.06876e-05
 Reference value :  1.06901e-05
 Reference value :  1.07195e-05
 Reference value :  1.07523e-05
 Reference value :  1.07814e-05
 Reference value :  1.08127e-05
 Reference value :  1.08229e-05
 Reference value :  1.08503e-05
 Reference value :  1.08775e-05
 Reference value :  1.09063e-05
 Reference value :  1.09376e-05
 Reference value :  1.09688e-05
 Reference value :  1.10001e-05
 Reference value :  1.10025e-05
 Reference value :  1.10313e-05
 Reference value :  1.10626e-05
 Reference value :  1.10938e-05
 Reference value :  1.11174e-05
 Reference value :  1.11563e-05
 Reference value :  1.11576e-05
 Reference value :  1.11899e-05
 Reference value :  1.12189e-05
 Reference value :  1.12502e-05
 Reference value :  1.12686e-05
 Reference value :  1.12821e-05
 Reference value :  1.13134e-05
 Reference value :  1.13438e-05
 Reference value :  1.13445e-05
 Reference value :  1.13756e-05
 Reference value :  1.13866e-05
 Reference value :  1.14083e-05
 Reference value :  1.14385e-05
 Reference value :  1.14688e-05
 Reference value :  1.14819e-05
 Reference value :  1.15023e-05
 Reference value :  1.15313e-05
 Reference value :  1.15626e-05
 Reference value :  1.15650e-05
 Reference value :  1.15939e-05
 Reference value :  1.16252e-05
 Reference value :  1.16276e-05
 Reference value :  1.16567e-05
 Reference value :  1.16881e-05
 Reference value :  1.17062e-05
 Reference value :  1.17199e-05
 Reference value :  1.17511e-05
 Reference value :  1.17813e-05
 Reference value :  1.18125e-05
 Reference value :  1.18149e-05
 Reference value :  1.18439e-05
 Reference value :  1.18752e-05
 Reference value :  1.18776e-05
 Reference value :  1.19064e-05
 Reference value :  1.19376e-05
 Reference value :  1.19688e-05
 Reference value :  1.19696e-05
 Reference value :  1.20006e-05
 Reference value :  1.20029e-05
 Reference value :  1.20314e-05
 Reference value :  1.20604e-05
 Reference value :  1.20883e-05
 Reference value :  1.20947e-05
 Reference value :  1.21258e-05
 Reference value :  1.21569e-05
 Reference value :  1.21878e-05
 Reference value :  1.21943e-05
 Reference value :  1.22195e-05
 Reference value :  1.22504e-05
 Reference value :  1.22813e-05
 Reference value :  1.22825e-05
 Reference value :  1.23134e-05
 Reference value :  1.23419e-05
 Reference value :  1.23444e-05
 Reference value :  1.23756e-05
 Reference value :  1.23958e-05
 Reference value :  1.24079e-05
 Reference value :  1.24382e-05
 Reference value :  1.24625e-05
 Reference value :  1.24707e-05
 Reference value :  1.25009e-05
 Reference value :  1.25296e-05
 Reference value :  1.25604e-05
 Reference value :  1.25649e-05
 Reference value :  1.25938e-05
 Reference value :  1.26251e-05
 Reference value :  1.26276e-05
 Reference value :  1.26565e-05
 Reference value :  1.26879e-05
 Reference value :  1.26950e-05
 Reference value :  1.27194e-05
 Reference value :  1.27507e-05
 Reference value :  1.27782e-05
 Reference value :  1.27857e-05
 Reference value :  1.28143e-05
 Reference value :  1.28438e-05
 Reference value :  1.28446e-05
 Reference value :  1.28756e-05
 Reference value :  1.28825e-05
 Reference value :  1.29067e-05
 Reference value :  1.29380e-05
 Reference value :  1.29689e-05
 Reference value :  1.30004e-05
 Reference value :  1.30029e-05
 Reference value :  1.30317e-05
 Reference value :  1.30629e-05
 Reference value :  1.30941e-05
 Reference value :  1.31258e-05
 Reference value :  1.31572e-05
 Reference value :  1.31898e-05
 Reference value :  1.32189e-05
 Reference value :  1.32503e-05
 Reference value :  1.32599e-05
 Reference value :  1.32825e-05
 Reference value :  1.33148e-05
 Reference value :  1.33438e-05
 Reference value :  1.33682e-05
 Reference value :  1.33775e-05
 Reference value :  1.34064e-05
 Reference value :  1.34377e-05
 Reference value :  1.34416e-05
 Reference value :  1.34694e-05
 Reference value :  1.35010e-05
 Reference value :  1.35313e-05
 Reference value :  1.35627e-05
 Reference value :  1.35695e-05
 Reference value :  1.36250e-05
 Reference value :  1.36275e-05
 Reference value :  1.36567e-05
 Reference value :  1.36897e-05
 Reference value :  1.37189e-05
 Reference value :  1.37502e-05
 Reference value :  1.37556e-05
 Reference value :  1.38039e-05
 Reference value :  1.38150e-05
 Reference value :  1.38441e-05
 Reference value :  1.38756e-05
 Reference value :  1.38836e-05
 Reference value :  1.39228e-05
 Reference value :  1.39634e-05
 Reference value :  1.39914e-05
 Reference value :  1.40025e-05
 Reference value :  1.40313e-05
 Reference value :  1.40372e-05
 Reference value :  1.40938e-05
 Reference value :  1.41251e-05
 Reference value :  1.41564e-05
 Reference value :  1.41877e-05
 Reference value :  1.42123e-05
 Reference value :  1.42501e-05
 Reference value :  1.42532e-05
 Reference value :  1.42819e-05
 Reference value :  1.43131e-05
 Reference value :  1.43257e-05
 Reference value :  1.43445e-05
 Reference value :  1.43760e-05
 Reference value :  1.44063e-05
 Reference value :  1.44375e-05
 Reference value :  1.44400e-05
 Reference value :  1.44691e-05
 Reference value :  1.45005e-05
 Reference value :  1.45312e-05
 Reference value :  1.45627e-05
 Reference value :  1.45656e-05
 Reference value :  1.45983e-05
 Reference value :  1.46274e-05
 Reference value :  1.46564e-05
 Reference value :  1.46880e-05
 Reference value :  1.47188e-05
 Reference value :  1.47501e-05
 Reference value :  1.47526e-05
 Reference value :  1.47820e-05
 Reference value :  1.48148e-05
 Reference value :  1.48439e-05
 Reference value :  1.48751e-05
 Reference value :  1.48776e-05
 Reference value :  1.49067e-05
 Reference value :  1.49378e-05
 Reference value :  1.49690e-05
 Reference value :  1.50004e-05
 Reference value :  1.50029e-05
 Reference value :  1.50317e-05
 Reference value :  1.50627e-05
 Reference value :  1.50940e-05
 Reference value :  1.51254e-05
 Reference value :  1.51568e-05
 Reference value :  1.51880e-05
 Reference value :  1.52188e-05
 Reference value :  1.52500e-05
 Reference value :  1.52530e-05
 Reference value :  1.52818e-05
 Reference value :  1.53130e-05
 Reference value :  1.53218e-05
 Reference value :  1.53612e-05
 Reference value :  1.53775e-05
 Reference value :  1.54067e-05
 Reference value :  1.54378e-05
 Reference value :  1.54603e-05
 Reference value :  1.54839e-05
 Reference value :  1.55024e-05
 Reference value :  1.55315e-05
 Reference value :  1.55632e-05
 Reference value :  1.55938e-05
 Reference value :  1.56252e-05
 Reference value :  1.56298e-05
 Reference value :  1.56875e-05
 Reference value :  1.56901e-05
 Reference value :  1.57237e-05
 Reference value :  1.57525e-05
 Reference value :  1.57820e-05
 Reference value :  1.58148e-05
 Reference value :  1.58441e-05
 Reference value :  1.58756e-05
 Reference value :  1.58962e-05
 Reference value :  1.59075e-05
 Reference value :  1.59396e-05
 Reference value :  1.59708e-05
 Reference value :  1.60024e-05
 Reference value :  1.60154e-05
 Reference value :  1.60321e-05
 Reference value :  1.60637e-05
 Reference value :  1.60950e-05
 Reference value :  1.61536e-05
 Reference value :  1.61586e-05
 Reference value :  1.61900e-05
 Reference value :  1.62193e-05
 Reference value :  1.62505e-05
 Reference value :  1.62813e-05
 Reference value :  1.63039e-05
 Reference value :  1.63150e-05
 Reference value :  1.63439e-05
 Reference value :  1.63754e-05
 Reference value :  1.63799e-05
 Reference value :  1.64069e-05
 Reference value :  1.64381e-05
 Reference value :  1.64688e-05
 Reference value :  1.65001e-05
 Reference value :  1.65025e-05
 Reference value :  1.65625e-05
 Reference value :  1.65651e-05
 Reference value :  1.65942e-05
 Reference value :  1.66273e-05
 Reference value :  1.66564e-05
 Reference value :  1.66879e-05
 Reference value :  1.67188e-05
 Reference value :  1.67501e-05
 Reference value :  1.67526e-05
 Reference value :  1.67827e-05
 Reference value :  1.68149e-05
 Reference value :  1.68440e-05
 Reference value :  1.68755e-05
 Reference value :  1.68924e-05
 Reference value :  1.69077e-05
 Reference value :  1.69411e-05
 Reference value :  1.69754e-05
 Reference value :  1.70024e-05
 Reference value :  1.70282e-05
 Reference value :  1.70325e-05
 Reference value :  1.70884e-05
 Reference value :  1.71251e-05
 Reference value :  1.71564e-05
 Reference value :  1.71877e-05
 Reference value :  1.72103e-05
 Reference value :  1.72357e-05
 Reference value :  1.72529e-05
 Reference value :  1.72815e-05
 Reference value :  1.73127e-05
 Reference value :  1.73154e-05
 Reference value :  1.73453e-05
 Reference value :  1.73773e-05
 Reference value :  1.74063e-05
 Reference value :  1.74073e-05
 Reference value :  1.74398e-05
 Reference value :  1.74688e-05
 Reference value :  1.75001e-05
 Reference value :  1.75026e-05
 Reference value :  1.75316e-05
 Reference value :  1.75634e-05
 Reference value :  1.75938e-05
 Reference value :  1.76252e-05
 Reference value :  1.76278e-05
 Reference value :  1.76591e-05
 Reference value :  1.76898e-05
 Reference value :  1.77188e-05
 Reference value :  1.77501e-05
 Reference value :  1.77525e-05
 Reference value :  1.77816e-05
 Reference value :  1.78132e-05
 Reference value :  1.78438e-05
 Reference value :  1.78751e-05
 Reference value :  1.78776e-05
 Reference value :  1.79067e-05
 Reference value :  1.79381e-05
 Reference value :  1.79698e-05
 Reference value :  1.80007e-05
 Reference value :  1.80030e-05
 Reference value :  1.80318e-05
 Reference value :  1.80630e-05
 Reference value :  1.80944e-05
 Reference value :  1.81356e-05
 Reference value :  1.81593e-05
 Reference value :  1.81900e-05
 Reference value :  1.82191e-05
 Reference value :  1.82505e-05
 Reference value :  1.82813e-05
 Reference value :  1.82841e-05
 Reference value :  1.83148e-05
 Reference value :  1.83439e-05
 Reference value :  1.83752e-05
 Reference value :  1.83822e-05
 Reference value :  1.84157e-05
 Reference value :  1.84399e-05
 Reference value :  1.84689e-05
 Reference value :  1.85003e-05
 Reference value :  1.85139e-05
 Reference value :  1.85626e-05
 Reference value :  1.85651e-05
 Reference value :  1.85945e-05
 Reference value :  1.86273e-05
 Reference value :  1.86564e-05
 Reference value :  1.86878e-05
 Reference value :  1.87059e-05
 Reference value :  1.87456e-05
 Reference value :  1.87525e-05
 Reference value :  1.87816e-05
 Reference value :  1.88128e-05
 Reference value :  1.88439e-05
 Reference value :  1.88750e-05
 Reference value :  1.88776e-05
 Reference value :  1.89068e-05
 Reference value :  1.89382e-05
 Reference value :  1.89701e-05
 Reference value :  1.90009e-05
 Reference value :  1.90034e-05
 Reference value :  1.90319e-05
 Reference value :  1.90630e-05
 Reference value :  1.90944e-05
 Reference value :  1.91259e-05
 Reference value :  1.91568e-05
 Reference value :  1.91877e-05
 Reference value :  1.92005e-05
 Reference value :  1.92197e-05
 Reference value :  1.92527e-05
 Reference value :  1.92814e-05
 Reference value :  1.93127e-05
 Reference value :  1.93187e-05
 Reference value :  1.93563e-05
 Reference value :  1.93774e-05
 Reference value :  1.94065e-05
 Reference value :  1.94398e-05
 Reference value :  1.94689e-05
 Reference value :  1.95002e-05
 Reference value :  1.95050e-05
 Reference value :  1.95626e-05
 Reference value :  1.95663e-05
 Reference value :  1.96235e-05
 Reference value :  1.96275e-05
 Reference value :  1.96566e-05
 Reference value :  1.96898e-05
 Reference value :  1.97189e-05
 Reference value :  1.97505e-05
 Reference value :  1.97813e-05
 Reference value :  1.98126e-05
 Reference value :  1.98152e-05
 Reference value :  1.98444e-05
 Reference value :  1.98756e-05
 Reference value :  1.99063e-05
 Reference value :  1.99345e-05
 Reference value :  1.99688e-05
No. of Data Rows : 49716
e1                  =  1.01618e+00
x1                  =  7.56300e+00 at=  2.31265e-06
cd1                 =  2.00000e+00
e2                  =  9.69144e-01
x2                  =  7.54435e+00 at=  3.31265e-06
cd2                 =  3.00000e+00
e128                =  6.63321e-01
x128                =  5.22890e+00 at=  4.31265e-06
cd128               =  1.28000e+02
e129                =  7.26590e-01
x129                =  5.27936e+00 at=  5.31265e-06
cd129               =  1.29000e+02
e255                =  4.19673e-01
x255                =  3.18254e+00 at=  6.31265e-06
cd255               =  2.55000e+02
e256                =  4.85724e-01
x256                =  3.23655e+00 at=  7.31265e-06
cd256               =  2.56000e+02
e257                =  4.82862e-01
x257                =  3.22182e+00 at=  8.31265e-06
cd257               =  2.57000e+02
e384                =  1.63861e-01
x384                =  1.73067e+00 at=  9.31265e-06
cd384               =  3.84000e+02
e511                =  -6.71883e-02
x511                =  2.62092e+00 at=  1.03751e-05
cd511               =  5.11000e+02
e512                =  -6.61632e-03
x512                =  2.73190e+00 at=  1.13751e-05
cd512               =  5.12000e+02
e513                =  -3.33357e-04
x513                =  2.72339e+00 at=  1.23751e-05
cd513               =  5.13000e+02
e640                =  -3.16183e-01
x640                =  1.87226e+00 at=  1.33126e-05
cd640               =  6.39000e+02
e767                =  -5.55192e-01
x767                =  3.11072e+00 at=  1.43126e-05
cd767               =  7.66000e+02
e768                =  -5.01318e-01
x768                =  3.04854e+00 at=  1.53126e-05
cd768               =  7.68000e+02
e769                =  -4.88900e-01
x769                =  3.05853e+00 at=  1.63126e-05
cd769               =  7.68000e+02
e896                =  -8.10764e-01
x896                =  4.43173e+00 at=  1.73126e-05
cd896               =  8.95000e+02
e1022               =  -1.03944e+00
x1022               =  5.80484e+00 at=  1.83126e-05
cd1022              =  1.02100e+03
e1023               =  -9.81714e-01
x1023               =  5.74679e+00 at=  1.93126e-05
cd1023              =  1.02200e+03
vrefhi              =  2.97010e+00 at=  1.73149e-05
vreflo              =  2.96989e+00 at=  1.25678e-05
m_terr_t1_lsb = 1.0161840000e+00
m_decerr_t1_lsb = 7.5629970000e+00
m_code_t1 = 2.0000000000e+00
m_terr_t2_lsb = 9.6914420000e-01
m_decerr_t2_lsb = 7.5443500000e+00
m_code_t2 = 3.0000000000e+00
m_terr_t128_lsb = 6.6332130000e-01
m_decerr_t128_lsb = 5.2289040000e+00
m_code_t128 = 1.2800000000e+02
m_terr_t129_lsb = 7.2658950000e-01
m_decerr_t129_lsb = 5.2793640000e+00
m_code_t129 = 1.2900000000e+02
m_terr_t255_lsb = 4.1967300000e-01
m_decerr_t255_lsb = 3.1825380000e+00
m_code_t255 = 2.5500000000e+02
m_terr_t256_lsb = 4.8572380000e-01
m_decerr_t256_lsb = 3.2365460000e+00
m_code_t256 = 2.5600000000e+02
m_terr_t257_lsb = 4.8286190000e-01
m_decerr_t257_lsb = 3.2218190000e+00
m_code_t257 = 2.5700000000e+02
m_terr_t384_lsb = 1.6386090000e-01
m_decerr_t384_lsb = 1.7306710000e+00
m_code_t384 = 3.8400000000e+02
m_terr_t511_lsb = -6.718831000e-02
m_decerr_t511_lsb = 2.6209210000e+00
m_code_t511 = 5.1100000000e+02
m_terr_t512_lsb = -6.616321000e-03
m_decerr_t512_lsb = 2.7319040000e+00
m_code_t512 = 5.1200000000e+02
m_terr_t513_lsb = -3.333569000e-04
m_decerr_t513_lsb = 2.7233900000e+00
m_code_t513 = 5.1300000000e+02
m_terr_t640_lsb = -3.161831000e-01
m_decerr_t640_lsb = 1.8722570000e+00
m_code_t640 = 6.3900000000e+02
m_terr_t767_lsb = -5.551916000e-01
m_decerr_t767_lsb = 3.1107180000e+00
m_code_t767 = 7.6600000000e+02
m_terr_t768_lsb = -5.013182000e-01
m_decerr_t768_lsb = 3.0485440000e+00
m_code_t768 = 7.6800000000e+02
m_terr_t769_lsb = -4.889004000e-01
m_decerr_t769_lsb = 3.0585250000e+00
m_code_t769 = 7.6800000000e+02
m_terr_t896_lsb = -8.107642000e-01
m_decerr_t896_lsb = 4.4317320000e+00
m_code_t896 = 8.9500000000e+02
m_terr_t1022_lsb = -1.039439000e+00
m_decerr_t1022_lsb = 5.8048430000e+00
m_code_t1022 = 1.0210000000e+03
m_terr_t1023_lsb = -9.817141000e-01
m_decerr_t1023_lsb = 5.7467900000e+00
m_code_t1023 = 1.0220000000e+03
m_inl_t1_lsb = 0.0000000000e+00
m_inl_t2_lsb = -4.508490949e-02
m_inl_t128_lsb = -1.045916054e-01
m_inl_t129_lsb = -3.936851487e-02
m_inl_t255_lsb = -9.996881076e-02
m_inl_t256_lsb = -3.196312025e-02
m_inl_t257_lsb = -3.287012975e-02
m_inl_t384_lsb = -1.036000351e-01
m_inl_t511_lsb = -8.637815051e-02
m_inl_t512_lsb = -2.385127100e-02
m_inl_t513_lsb = -1.561341639e-02
m_inl_t640_lsb = -8.319206487e-02
m_inl_t767_lsb = -7.392947025e-02
m_inl_t768_lsb = -1.810117975e-02
m_inl_t769_lsb = -3.728489237e-03
m_inl_t896_lsb = -7.732119462e-02
m_inl_t1022_lsb = -5.967979051e-02
m_inl_t1023_lsb = 0.0000000000e+00
m_dnl_t1_t2_lsb = -4.703980000e-02
m_dnl_t128_t129_lsb = 6.3268200000e-02
m_dnl_t255_t256_lsb = 6.6050800000e-02
m_dnl_t256_t257_lsb = -2.861900000e-03
m_dnl_t511_t512_lsb = 6.0571989000e-02
m_dnl_t512_t513_lsb = 6.2829641000e-03
m_dnl_t767_t768_lsb = 5.3873400000e-02
m_dnl_t768_t769_lsb = 1.2417800000e-02
m_dnl_t1022_t1023_lsb = 5.7724900000e-02
m_gain_err_lsb = -1.999852991e+00
m_vref_droop_mv = 2.1300000000e-01
Note: Simulation executed from .control section 

Warning: m=xx on .subckt line will override multiplier m hierarchy!

Note: Starting dynamic gmin stepping
Note: Dynamic gmin stepping completed
