
Note: Compatibility modes selected: hs a


Circuit: * adc-inl-dnl @ tt_-40c_3.63v -- generated by sim/harness, do not edit

Reducing trtol to 1 for xspice 'A' devices
Doing analysis at TEMP = -40.000000 and TNOM = 27.000000

Using SPARSE 1.3 as Direct Linear Solver

Initial Transient Solution
--------------------------

Node                                   Voltage
----                                   -------
clk                                          0
cmpclk                                       0
cmpclkb                                   3.63
vddt                                      3.63
vddd                                      3.63
vddc                                      3.63
vrefs                                     3.63
vrefn                                     3.63
vcmn                                     1.815
se_vinp                             0.00443115
se_vinn                                  1.815
se_start                                     0
se_mode                                      0
se_cmp                                 1.49859
se_samp_tp_n                                 0
se_sel_in_n                                  0
se_drdy                                   3.63
se_c9                                        0
se_c8                                        0
se_c7                                        0
se_c6                                        0
se_c5                                        0
se_c4                                        0
se_c3                                        0
se_c2                                        0
se_c1                                        0
se_c0                                        0
se_rel_n_256p                             3.63
se_sel_hi_n_256p                             0
se_sel_lo_n_256p                             0
se_rel_n_128p                             3.63
se_sel_hi_n_128p                             0
se_sel_lo_n_128p                             0
se_rel_n_64p                              3.63
se_sel_hi_n_64p                              0
se_sel_lo_n_64p                              0
se_rel_n_32p                              3.63
se_sel_hi_n_32p                              0
se_sel_lo_n_32p                              0
se_rel_n_16p                              3.63
se_sel_hi_n_16p                              0
se_sel_lo_n_16p                              0
se_rel_n_8p                               3.63
se_sel_hi_n_8p                               0
se_sel_lo_n_8p                               0
se_rel_n_4p                               3.63
se_sel_hi_n_4p                               0
se_sel_lo_n_4p                               0
se_rel_n_2p                               3.63
se_sel_hi_n_2p                               0
se_sel_lo_n_2p                               0
se_rel_n_1p                               3.63
se_sel_hi_n_1p                               0
se_sel_lo_n_1p                               0
se_rel_n_256n                             3.63
se_sel_hi_n_256n                             0
se_sel_lo_n_256n                             0
se_rel_n_128n                             3.63
se_sel_hi_n_128n                             0
se_sel_lo_n_128n                             0
se_rel_n_64n                              3.63
se_sel_hi_n_64n                              0
se_sel_lo_n_64n                              0
se_rel_n_32n                              3.63
se_sel_hi_n_32n                              0
se_sel_lo_n_32n                              0
se_rel_n_16n                              3.63
se_sel_hi_n_16n                              0
se_sel_lo_n_16n                              0
se_rel_n_8n                               3.63
se_sel_hi_n_8n                               0
se_sel_lo_n_8n                               0
se_rel_n_4n                               3.63
se_sel_hi_n_4n                               0
se_sel_lo_n_4n                               0
se_rel_n_2n                               3.63
se_sel_hi_n_2n                               0
se_sel_lo_n_2n                               0
se_rel_n_1n                               3.63
se_sel_hi_n_1n                               0
se_sel_lo_n_1n                               0
se_pinp                             0.00443115
se_pinn                                  1.815
xsetswp.gp                                3.63
se_topp                                1.81502
xsetswn.gp                                3.63
se_topn                                1.81502
xsearrp.x256.bp                          1.815
xsearrp.x256.gp_in                        3.63
xsearrp.x256.gp_rel                1.80945e-09
xsearrp.x256.gp_hi                        3.63
xsearrp.x256.gp_lo                        3.63
xsearrp.x128.bp                          1.815
xsearrp.x128.gp_in                        3.63
xsearrp.x128.gp_rel                1.80945e-09
xsearrp.x128.gp_hi                        3.63
xsearrp.x128.gp_lo                        3.63
xsearrp.x64.bp                           1.815
xsearrp.x64.gp_in                         3.63
xsearrp.x64.gp_rel                 1.80945e-09
xsearrp.x64.gp_hi                         3.63
xsearrp.x64.gp_lo                         3.63
xsearrp.x32.bp                           1.815
xsearrp.x32.gp_in                         3.63
xsearrp.x32.gp_rel                 1.80945e-09
xsearrp.x32.gp_hi                         3.63
xsearrp.x32.gp_lo                         3.63
xsearrp.x16.bp                           1.815
xsearrp.x16.gp_in                         3.63
xsearrp.x16.gp_rel                 1.80945e-09
xsearrp.x16.gp_hi                         3.63
xsearrp.x16.gp_lo                         3.63
xsearrp.x8.bp                            1.815
xsearrp.x8.gp_in                          3.63
xsearrp.x8.gp_rel                  1.80945e-09
xsearrp.x8.gp_hi                          3.63
xsearrp.x8.gp_lo                          3.63
xsearrp.x4.bp                            1.815
xsearrp.x4.gp_in                          3.63
xsearrp.x4.gp_rel                  1.80945e-09
xsearrp.x4.gp_hi                          3.63
xsearrp.x4.gp_lo                          3.63
xsearrp.x2.bp                            1.815
xsearrp.x2.gp_in                          3.63
xsearrp.x2.gp_rel                  1.80945e-09
xsearrp.x2.gp_hi                          3.63
xsearrp.x2.gp_lo                          3.63
xsearrp.x1.bp                            1.815
xsearrp.x1.gp_in                          3.63
xsearrp.x1.gp_rel                  1.80945e-09
xsearrp.x1.gp_hi                          3.63
xsearrp.x1.gp_lo                          3.63
xsearrn.x256.bp                          1.815
xsearrn.x256.gp_in                        3.63
xsearrn.x256.gp_rel                1.80945e-09
xsearrn.x256.gp_hi                        3.63
xsearrn.x256.gp_lo                        3.63
xsearrn.x128.bp                          1.815
xsearrn.x128.gp_in                        3.63
xsearrn.x128.gp_rel                1.80945e-09
xsearrn.x128.gp_hi                        3.63
xsearrn.x128.gp_lo                        3.63
xsearrn.x64.bp                           1.815
xsearrn.x64.gp_in                         3.63
xsearrn.x64.gp_rel                 1.80945e-09
xsearrn.x64.gp_hi                         3.63
xsearrn.x64.gp_lo                         3.63
xsearrn.x32.bp                           1.815
xsearrn.x32.gp_in                         3.63
xsearrn.x32.gp_rel                 1.80945e-09
xsearrn.x32.gp_hi                         3.63
xsearrn.x32.gp_lo                         3.63
xsearrn.x16.bp                           1.815
xsearrn.x16.gp_in                         3.63
xsearrn.x16.gp_rel                 1.80945e-09
xsearrn.x16.gp_hi                         3.63
xsearrn.x16.gp_lo                         3.63
xsearrn.x8.bp                            1.815
xsearrn.x8.gp_in                          3.63
xsearrn.x8.gp_rel                  1.80945e-09
xsearrn.x8.gp_hi                          3.63
xsearrn.x8.gp_lo                          3.63
xsearrn.x4.bp                            1.815
xsearrn.x4.gp_in                          3.63
xsearrn.x4.gp_rel                  1.80945e-09
xsearrn.x4.gp_hi                          3.63
xsearrn.x4.gp_lo                          3.63
xsearrn.x2.bp                            1.815
xsearrn.x2.gp_in                          3.63
xsearrn.x2.gp_rel                  1.80945e-09
xsearrn.x2.gp_hi                          3.63
xsearrn.x2.gp_lo                          3.63
xsearrn.x1.bp                            1.815
xsearrn.x1.gp_in                          3.63
xsearrn.x1.gp_rel                  1.80945e-09
xsearrn.x1.gp_hi                          3.63
xsearrn.x1.gp_lo                          3.63
se_ibias                              0.807378
xsecmp.xpre.ptail                     0.834761
xsecmp.pon                             2.74342
xsecmp.preamp_in1                      1.81502
xsecmp.pop                             2.74342
xsecmp.preamp_in2                      1.81502
xsecmp.xpre.xrlp.11                    3.62978
xsecmp.xpre.xrlp.21                    2.74365
xsecmp.xpre.xrln.11                    3.62978
xsecmp.xpre.xrln.21                    2.74365
xsecmp.xlat.ltail                      1.92079
xsecmp.xlat.dip                           3.63
xsecmp.xlat.din                           3.63
xsecmp.outn                               3.63
xsecmp.outp                               3.63
xsecmp.sset                        5.74698e-09
xsecmp.srst                        5.74698e-09
xsecmp.xno1.ps                         3.38743
se_cmpb                                1.49859
xsecmp.xno2.ps                         3.38743
se_dacp                           -1.11022e-16
se_dacn                           -1.11022e-16
se_di                                  1.81057
se_err                                  510.75
se_aerrh                                     0
se_code                                      0
bsecode#branch                               0
bseea#branch                                 0
bsee#branch                                  0
bsedi#branch                                 0
bsedacn#branch                               0
bsedacp#branch                               0
lref#branch                        6.58098e-11
v.xsecmp.vpn#branch               -7.85196e-28
v.xsecmp.vpp#branch               -9.55205e-29
vsemode#branch                               0
vsestart#branch                              0
vsevinn#branch                     3.60668e-16
vseinp#branch                      6.47533e-11
vcms#branch                       -6.73065e-14
vrefs#branch                      -6.58098e-11
vddc#branch                       -0.000876553
vddd#branch                       -6.64445e-10
vddt#branch                       -1.45935e-11
vcmpclkb#branch                              0
vcmpclk#branch                               0
vclk#branch                                  0
a.xsectrl.a_gn#branch_1_0                    0
a.xsectrl.a_gn#branch_1_1                    0
a.xsectrl.a_gn#branch_1_2                    0
a.xsectrl.a_gn#branch_1_3                    0
a.xsectrl.a_gn#branch_1_4                    0
a.xsectrl.a_gn#branch_1_5                    0
a.xsectrl.a_gn#branch_1_6                    0
a.xsectrl.a_gn#branch_1_7                    0
a.xsectrl.a_gn#branch_1_8                    0
a.xsectrl.a_gn#branch_1_9                    0
a.xsectrl.a_gn#branch_1_10                   0
a.xsectrl.a_gn#branch_1_11                   0
a.xsectrl.a_gn#branch_1_12                   0
a.xsectrl.a_gn#branch_1_13                   0
a.xsectrl.a_gn#branch_1_14                   0
a.xsectrl.a_gn#branch_1_15                   0
a.xsectrl.a_gn#branch_1_16                   0
a.xsectrl.a_gn#branch_1_17                   0
a.xsectrl.a_gn#branch_1_18                   0
a.xsectrl.a_gn#branch_1_19                   0
a.xsectrl.a_gn#branch_1_20                   0
a.xsectrl.a_gn#branch_1_21                   0
a.xsectrl.a_gn#branch_1_22                   0
a.xsectrl.a_gn#branch_1_23                   0
a.xsectrl.a_gn#branch_1_24                   0
a.xsectrl.a_gn#branch_1_25                   0
a.xsectrl.a_gn#branch_1_26                   0
a.xsectrl.a_gn#branch_1_27                   0
a.xsectrl.a_gn#branch_1_28                   0
a.xsectrl.a_gn#branch_1_29                   0
a.xsectrl.a_gn#branch_1_30                   0
a.xsectrl.a_gn#branch_1_31                   0
a.xsectrl.a_gn#branch_1_32                   0
a.xsectrl.a_gn#branch_1_33                   0
a.xsectrl.a_gn#branch_1_34                   0
a.xsectrl.a_gn#branch_1_35                   0
a.xsectrl.a_gn#branch_1_36                   0
a.xsectrl.a_gn#branch_1_37                   0
a.xsectrl.a_gn#branch_1_38                   0
a.xsectrl.a_gn#branch_1_39                   0
a.xsectrl.a_gn#branch_1_40                   0
a.xsectrl.a_gn#branch_1_41                   0
a.xsectrl.a_gn#branch_1_42                   0
a.xsectrl.a_gn#branch_1_43                   0
a.xsectrl.a_gn#branch_1_44                   0
a.xsectrl.a_gn#branch_1_45                   0
a.xsectrl.a_gn#branch_1_46                   0
a.xsectrl.a_gn#branch_1_47                   0
a.xsectrl.a_gn#branch_1_48                   0
a.xsectrl.a_gn#branch_1_49                   0
a.xsectrl.a_gn#branch_1_50                   0
a.xsectrl.a_gn#branch_1_51                   0
a.xsectrl.a_gn#branch_1_52                   0
a.xsectrl.a_gn#branch_1_53                   0
a.xsectrl.a_dout#branch_1_0                  0
a.xsectrl.a_dout#branch_1_1                  0
a.xsectrl.a_dout#branch_1_2                  0
a.xsectrl.a_dout#branch_1_3                  0
a.xsectrl.a_dout#branch_1_4                  0
a.xsectrl.a_dout#branch_1_5                  0
a.xsectrl.a_dout#branch_1_6                  0
a.xsectrl.a_dout#branch_1_7                  0
a.xsectrl.a_dout#branch_1_8                  0
a.xsectrl.a_dout#branch_1_9                  0
a.xsectrl.a_dout#branch_1_10                 0
a.xsectrl.a_dout#branch_1_11                 0
a.xsectrl.a_dout#branch_1_12                 0

 Reference value :  0.00000e+00
 Reference value :  2.91607e-09
 Reference value :  3.14924e-08
 Reference value :  6.29355e-08
 Reference value :  9.42435e-08
 Reference value :  1.26197e-07
 Reference value :  1.56819e-07
 Reference value :  1.88383e-07
 Reference value :  2.18825e-07
 Reference value :  2.50101e-07
 Reference value :  2.52907e-07
 Reference value :  2.81450e-07
 Reference value :  3.12715e-07
 Reference value :  3.15158e-07
 Reference value :  3.44111e-07
 Reference value :  3.75984e-07
 Reference value :  4.06275e-07
 Reference value :  4.37603e-07
 Reference value :  4.40009e-07
 Reference value :  4.68965e-07
 Reference value :  5.00480e-07
 Reference value :  5.31255e-07
 Reference value :  5.62530e-07
 Reference value :  5.65018e-07
 Reference value :  5.93935e-07
 Reference value :  6.25414e-07
 Reference value :  6.54995e-07
 Reference value :  6.87565e-07
 Reference value :  6.89996e-07
 Reference value :  7.18977e-07
 Reference value :  7.50441e-07
 Reference value :  7.81290e-07
 Reference value :  7.85404e-07
 Reference value :  8.14838e-07
 Reference value :  8.43881e-07
 Reference value :  8.75101e-07
 Reference value :  8.77506e-07
 Reference value :  9.06450e-07
 Reference value :  9.37948e-07
 Reference value :  9.68950e-07
 Reference value :  1.00123e-06
 Reference value :  1.00298e-06
 Reference value :  1.03175e-06
 Reference value :  1.07382e-06
 Reference value :  1.09425e-06
 Reference value :  1.12536e-06
 Reference value :  1.15658e-06
 Reference value :  1.18786e-06
 Reference value :  1.21878e-06
 Reference value :  1.23790e-06
 Reference value :  1.25286e-06
 Reference value :  1.28145e-06
 Reference value :  1.31274e-06
 Reference value :  1.31823e-06
 Reference value :  1.35143e-06
 Reference value :  1.37734e-06
 Reference value :  1.40632e-06
 Reference value :  1.43792e-06
 Reference value :  1.46078e-06
 Reference value :  1.50001e-06
 Reference value :  1.50250e-06
 Reference value :  1.53142e-06
 Reference value :  1.56292e-06
 Reference value :  1.59376e-06
 Reference value :  1.62345e-06
 Reference value :  1.62744e-06
 Reference value :  1.65638e-06
 Reference value :  1.68782e-06
 Reference value :  1.71692e-06
 Reference value :  1.75000e-06
 Reference value :  1.75248e-06
 Reference value :  1.78150e-06
 Reference value :  1.81278e-06
 Reference value :  1.81557e-06
 Reference value :  1.84417e-06
 Reference value :  1.87547e-06
 Reference value :  1.90627e-06
 Reference value :  1.93756e-06
 Reference value :  1.96879e-06
 Reference value :  2.00011e-06
 Reference value :  2.00255e-06
 Reference value :  2.03130e-06
 Reference value :  2.06251e-06
 Reference value :  2.09381e-06
 Reference value :  2.09427e-06
 Reference value :  2.12540e-06
 Reference value :  2.15658e-06
 Reference value :  2.18784e-06
 Reference value :  2.21876e-06
 Reference value :  2.23390e-06
 Reference value :  2.25282e-06
 Reference value :  2.28135e-06
 Reference value :  2.31263e-06
 Reference value :  2.31501e-06
 Reference value :  2.34394e-06
 Reference value :  2.37539e-06
 Reference value :  2.39197e-06
 Reference value :  2.42485e-06
 Reference value :  2.43993e-06
 Reference value :  2.46885e-06
 Reference value :  2.50028e-06
 Reference value :  2.50395e-06
 Reference value :  2.53398e-06
 Reference value :  2.56487e-06
 Reference value :  2.59383e-06
 Reference value :  2.62520e-06
 Reference value :  2.62774e-06
 Reference value :  2.65674e-06
 Reference value :  2.68977e-06
 Reference value :  2.71883e-06
 Reference value :  2.75020e-06
 Reference value :  2.75263e-06
 Reference value :  2.78166e-06
 Reference value :  2.81289e-06
 Reference value :  2.82273e-06
 Reference value :  2.84416e-06
 Reference value :  2.87540e-06
 Reference value :  2.88069e-06
 Reference value :  2.90854e-06
 Reference value :  2.94450e-06
 Reference value :  2.96968e-06
 Reference value :  3.00227e-06
 Reference value :  3.00303e-06
 Reference value :  3.03153e-06
 Reference value :  3.06280e-06
 Reference value :  3.09395e-06
 Reference value :  3.10868e-06
 Reference value :  3.12721e-06
 Reference value :  3.15662e-06
 Reference value :  3.18771e-06
 Reference value :  3.19013e-06
 Reference value :  3.21904e-06
 Reference value :  3.25020e-06
 Reference value :  3.25292e-06
 Reference value :  3.28137e-06
 Reference value :  3.31256e-06
 Reference value :  3.31483e-06
 Reference value :  3.34381e-06
 Reference value :  3.37501e-06
 Reference value :  3.37742e-06
 Reference value :  3.40632e-06
 Reference value :  3.43760e-06
 Reference value :  3.43995e-06
 Reference value :  3.46882e-06
 Reference value :  3.50010e-06
 Reference value :  3.50243e-06
 Reference value :  3.53132e-06
 Reference value :  3.56256e-06
 Reference value :  3.56493e-06
 Reference value :  3.59382e-06
 Reference value :  3.62510e-06
 Reference value :  3.62746e-06
 Reference value :  3.65635e-06
 Reference value :  3.68767e-06
 Reference value :  3.69002e-06
 Reference value :  3.71918e-06
 Reference value :  3.75123e-06
 Reference value :  3.78129e-06
 Reference value :  3.78177e-06
 Reference value :  3.81291e-06
 Reference value :  3.81898e-06
 Reference value :  3.84416e-06
 Reference value :  3.87534e-06
 Reference value :  3.87777e-06
 Reference value :  3.90651e-06
 Reference value :  3.93770e-06
 Reference value :  3.96875e-06
 Reference value :  3.97295e-06
 Reference value :  4.00099e-06
 Reference value :  4.00292e-06
 Reference value :  4.03139e-06
 Reference value :  4.06270e-06
 Reference value :  4.09384e-06
 Reference value :  4.12510e-06
 Reference value :  4.15630e-06
 Reference value :  4.16151e-06
 Reference value :  4.18976e-06
 Reference value :  4.21880e-06
 Reference value :  4.23060e-06
 Reference value :  4.25267e-06
 Reference value :  4.28127e-06
 Reference value :  4.30404e-06
 Reference value :  4.31483e-06
 Reference value :  4.34376e-06
 Reference value :  4.35042e-06
 Reference value :  4.37726e-06
 Reference value :  4.38147e-06
 Reference value :  4.40666e-06
 Reference value :  4.43793e-06
 Reference value :  4.44689e-06
 Reference value :  4.46912e-06
 Reference value :  4.50049e-06
 Reference value :  4.53125e-06
 Reference value :  4.56088e-06
 Reference value :  4.56498e-06
 Reference value :  4.59391e-06
 Reference value :  4.62535e-06
 Reference value :  4.64904e-06
 Reference value :  4.67475e-06
 Reference value :  4.68995e-06
 Reference value :  4.71894e-06
 Reference value :  4.75038e-06
 Reference value :  4.78128e-06
 Reference value :  4.81260e-06
 Reference value :  4.81501e-06
 Reference value :  4.84410e-06
 Reference value :  4.87559e-06
 Reference value :  4.90629e-06
 Reference value :  4.93761e-06
 Reference value :  4.96882e-06
 Reference value :  5.00015e-06
 Reference value :  5.00266e-06
 Reference value :  5.03130e-06
 Reference value :  5.06253e-06
 Reference value :  5.09383e-06
 Reference value :  5.09489e-06
 Reference value :  5.13565e-06
 Reference value :  5.15695e-06
 Reference value :  5.18995e-06
 Reference value :  5.21909e-06
 Reference value :  5.25038e-06
 Reference value :  5.27455e-06
 Reference value :  5.28178e-06
 Reference value :  5.31453e-06
 Reference value :  5.34378e-06
 Reference value :  5.37510e-06
 Reference value :  5.37751e-06
 Reference value :  5.40634e-06
 Reference value :  5.43760e-06
 Reference value :  5.43996e-06
 Reference value :  5.46886e-06
 Reference value :  5.50012e-06
 Reference value :  5.50256e-06
 Reference value :  5.53157e-06
 Reference value :  5.56412e-06
 Reference value :  5.59381e-06
 Reference value :  5.62514e-06
 Reference value :  5.62758e-06
 Reference value :  5.65650e-06
 Reference value :  5.68821e-06
 Reference value :  5.71883e-06
 Reference value :  5.75020e-06
 Reference value :  5.75427e-06
 Reference value :  5.78175e-06
 Reference value :  5.81323e-06
 Reference value :  5.84383e-06
 Reference value :  5.87510e-06
 Reference value :  5.87751e-06
 Reference value :  5.90645e-06
 Reference value :  5.93777e-06
 Reference value :  5.96885e-06
 Reference value :  6.00021e-06
 Reference value :  6.00282e-06
 Reference value :  6.03135e-06
 Reference value :  6.06273e-06
 Reference value :  6.09399e-06
 Reference value :  6.12539e-06
 Reference value :  6.15664e-06
 Reference value :  6.18870e-06
 Reference value :  6.21883e-06
 Reference value :  6.25015e-06
 Reference value :  6.25297e-06
 Reference value :  6.28162e-06
 Reference value :  6.31477e-06
 Reference value :  6.34378e-06
 Reference value :  6.37510e-06
 Reference value :  6.37760e-06
 Reference value :  6.40656e-06
 Reference value :  6.43785e-06
 Reference value :  6.44638e-06
 Reference value :  6.47730e-06
 Reference value :  6.50244e-06
 Reference value :  6.53137e-06
 Reference value :  6.56283e-06
 Reference value :  6.59190e-06
 Reference value :  6.62506e-06
 Reference value :  6.62751e-06
 Reference value :  6.65660e-06
 Reference value :  6.68977e-06
 Reference value :  6.71883e-06
 Reference value :  6.75020e-06
 Reference value :  6.75335e-06
 Reference value :  6.78740e-06
 Reference value :  6.81489e-06
 Reference value :  6.84387e-06
 Reference value :  6.87523e-06
 Reference value :  6.87788e-06
 Reference value :  6.90655e-06
 Reference value :  6.93784e-06
 Reference value :  6.96887e-06
 Reference value :  7.00027e-06
 Reference value :  7.00283e-06
 Reference value :  7.03137e-06
 Reference value :  7.06270e-06
 Reference value :  7.09396e-06
 Reference value :  7.12510e-06
 Reference value :  7.15632e-06
 Reference value :  7.15773e-06
 Reference value :  7.18981e-06
 Reference value :  7.21890e-06
 Reference value :  7.25010e-06
 Reference value :  7.25290e-06
 Reference value :  7.28146e-06
 Reference value :  7.31273e-06
 Reference value :  7.31597e-06
 Reference value :  7.34409e-06
 Reference value :  7.37532e-06
 Reference value :  7.37927e-06
 Reference value :  7.40662e-06
 Reference value :  7.43830e-06
 Reference value :  7.46887e-06
 Reference value :  7.50033e-06
 Reference value :  7.51591e-06
 Reference value :  7.56253e-06
 Reference value :  7.56501e-06
 Reference value :  7.59396e-06
 Reference value :  7.62558e-06
 Reference value :  7.65631e-06
 Reference value :  7.68763e-06
 Reference value :  7.69006e-06
 Reference value :  7.71905e-06
 Reference value :  7.75068e-06
 Reference value :  7.78132e-06
 Reference value :  7.81270e-06
 Reference value :  7.81590e-06
 Reference value :  7.84598e-06
 Reference value :  7.87741e-06
 Reference value :  7.90635e-06
 Reference value :  7.93770e-06
 Reference value :  7.96884e-06
 Reference value :  8.00020e-06
 Reference value :  8.00272e-06
 Reference value :  8.03134e-06
 Reference value :  8.06268e-06
 Reference value :  8.09395e-06
 Reference value :  8.12506e-06
 Reference value :  8.15630e-06
 Reference value :  8.15695e-06
 Reference value :  8.18819e-06
 Reference value :  8.21881e-06
 Reference value :  8.21949e-06
 Reference value :  8.25267e-06
 Reference value :  8.28132e-06
 Reference value :  8.31088e-06
 Reference value :  8.31495e-06
 Reference value :  8.34382e-06
 Reference value :  8.36676e-06
 Reference value :  8.37740e-06
 Reference value :  8.40634e-06
 Reference value :  8.43760e-06
 Reference value :  8.44001e-06
 Reference value :  8.46892e-06
 Reference value :  8.50033e-06
 Reference value :  8.50286e-06
 Reference value :  8.53157e-06
 Reference value :  8.56290e-06
 Reference value :  8.57013e-06
 Reference value :  8.59817e-06
 Reference value :  8.62735e-06
 Reference value :  8.65634e-06
 Reference value :  8.68768e-06
 Reference value :  8.69010e-06
 Reference value :  8.71916e-06
 Reference value :  8.75094e-06
 Reference value :  8.78135e-06
 Reference value :  8.81270e-06
 Reference value :  8.81673e-06
 Reference value :  8.84417e-06
 Reference value :  8.87549e-06
 Reference value :  8.90627e-06
 Reference value :  8.91198e-06
 Reference value :  8.94700e-06
 Reference value :  8.97071e-06
 Reference value :  9.00231e-06
 Reference value :  9.00353e-06
 Reference value :  9.03174e-06
 Reference value :  9.06991e-06
 Reference value :  9.10124e-06
 Reference value :  9.15626e-06
 Reference value :  9.18751e-06
 Reference value :  9.19000e-06
 Reference value :  9.21904e-06
 Reference value :  9.25044e-06
 Reference value :  9.28130e-06
 Reference value :  9.31264e-06
 Reference value :  9.31507e-06
 Reference value :  9.34397e-06
 Reference value :  9.37527e-06
 Reference value :  9.37819e-06
 Reference value :  9.40661e-06
 Reference value :  9.43823e-06
 Reference value :  9.46878e-06
 Reference value :  9.47035e-06
 Reference value :  9.50227e-06
 Reference value :  9.53132e-06
 Reference value :  9.56270e-06
 Reference value :  9.56550e-06
 Reference value :  9.59673e-06
 Reference value :  9.62738e-06
 Reference value :  9.65641e-06
 Reference value :  9.68790e-06
 Reference value :  9.71875e-06
 Reference value :  9.75001e-06
 Reference value :  9.75249e-06
 Reference value :  9.78151e-06
 Reference value :  9.81305e-06
 Reference value :  9.84381e-06
 Reference value :  9.87514e-06
 Reference value :  9.87761e-06
 Reference value :  9.90644e-06
 Reference value :  9.93798e-06
 Reference value :  9.96901e-06
 Reference value :  1.00006e-05
 Reference value :  1.00030e-05
 Reference value :  1.00316e-05
 Reference value :  1.00651e-05
 Reference value :  1.01012e-05
 Reference value :  1.01563e-05
 Reference value :  1.01855e-05
 Reference value :  1.01900e-05
 Reference value :  1.02190e-05
 Reference value :  1.02504e-05
 Reference value :  1.02813e-05
 Reference value :  1.03127e-05
 Reference value :  1.03155e-05
 Reference value :  1.03441e-05
 Reference value :  1.03754e-05
 Reference value :  1.04063e-05
 Reference value :  1.04376e-05
 Reference value :  1.04400e-05
 Reference value :  1.05001e-05
 Reference value :  1.05026e-05
 Reference value :  1.05315e-05
 Reference value :  1.05648e-05
 Reference value :  1.05938e-05
 Reference value :  1.06253e-05
 Reference value :  1.06306e-05
 Reference value :  1.06661e-05
 Reference value :  1.06900e-05
 Reference value :  1.07190e-05
 Reference value :  1.07504e-05
 Reference value :  1.07813e-05
 Reference value :  1.08126e-05
 Reference value :  1.08151e-05
 Reference value :  1.08443e-05
 Reference value :  1.08774e-05
 Reference value :  1.09063e-05
 Reference value :  1.09144e-05
 Reference value :  1.09489e-05
 Reference value :  1.09902e-05
 Reference value :  1.10025e-05
 Reference value :  1.10313e-05
 Reference value :  1.10625e-05
 Reference value :  1.10938e-05
 Reference value :  1.11251e-05
 Reference value :  1.11564e-05
 Reference value :  1.11570e-05
 Reference value :  1.11898e-05
 Reference value :  1.12189e-05
 Reference value :  1.12311e-05
 Reference value :  1.12528e-05
 Reference value :  1.12815e-05
 Reference value :  1.13128e-05
 Reference value :  1.13154e-05
 Reference value :  1.13441e-05
 Reference value :  1.13754e-05
 Reference value :  1.13980e-05
 Reference value :  1.14309e-05
 Reference value :  1.14400e-05
 Reference value :  1.14689e-05
 Reference value :  1.15003e-05
 Reference value :  1.15149e-05
 Reference value :  1.15555e-05
 Reference value :  1.15650e-05
 Reference value :  1.15939e-05
 Reference value :  1.16255e-05
 Reference value :  1.16563e-05
 Reference value :  1.16876e-05
 Reference value :  1.16901e-05
 Reference value :  1.17191e-05
 Reference value :  1.17523e-05
 Reference value :  1.17813e-05
 Reference value :  1.18127e-05
 Reference value :  1.18174e-05
 Reference value :  1.18509e-05
 Reference value :  1.18774e-05
 Reference value :  1.19063e-05
 Reference value :  1.19087e-05
 Reference value :  1.19449e-05
 Reference value :  1.19786e-05
 Reference value :  1.20024e-05
 Reference value :  1.20313e-05
 Reference value :  1.20318e-05
 Reference value :  1.20631e-05
 Reference value :  1.20943e-05
 Reference value :  1.21259e-05
 Reference value :  1.21568e-05
 Reference value :  1.21878e-05
 Reference value :  1.22188e-05
 Reference value :  1.22193e-05
 Reference value :  1.22504e-05
 Reference value :  1.22813e-05
 Reference value :  1.23126e-05
 Reference value :  1.23150e-05
 Reference value :  1.23439e-05
 Reference value :  1.23752e-05
 Reference value :  1.23777e-05
 Reference value :  1.24066e-05
 Reference value :  1.24398e-05
 Reference value :  1.24688e-05
 Reference value :  1.25001e-05
 Reference value :  1.25026e-05
 Reference value :  1.25315e-05
 Reference value :  1.25631e-05
 Reference value :  1.25938e-05
 Reference value :  1.26251e-05
 Reference value :  1.26276e-05
 Reference value :  1.26568e-05
 Reference value :  1.26898e-05
 Reference value :  1.27188e-05
 Reference value :  1.27502e-05
 Reference value :  1.27564e-05
 Reference value :  1.27964e-05
 Reference value :  1.28150e-05
 Reference value :  1.28440e-05
 Reference value :  1.28752e-05
 Reference value :  1.28776e-05
 Reference value :  1.29064e-05
 Reference value :  1.29379e-05
 Reference value :  1.29691e-05
 Reference value :  1.30005e-05
 Reference value :  1.30030e-05
 Reference value :  1.30316e-05
 Reference value :  1.30629e-05
 Reference value :  1.30941e-05
 Reference value :  1.31262e-05
 Reference value :  1.31569e-05
 Reference value :  1.31898e-05
 Reference value :  1.32189e-05
 Reference value :  1.32502e-05
 Reference value :  1.32573e-05
 Reference value :  1.32816e-05
 Reference value :  1.33130e-05
 Reference value :  1.33438e-05
 Reference value :  1.33655e-05
 Reference value :  1.33775e-05
 Reference value :  1.34064e-05
 Reference value :  1.34377e-05
 Reference value :  1.34419e-05
 Reference value :  1.34691e-05
 Reference value :  1.35005e-05
 Reference value :  1.35313e-05
 Reference value :  1.35625e-05
 Reference value :  1.35650e-05
 Reference value :  1.35939e-05
 Reference value :  1.36253e-05
 Reference value :  1.36326e-05
 Reference value :  1.36668e-05
 Reference value :  1.36899e-05
 Reference value :  1.37189e-05
 Reference value :  1.37503e-05
 Reference value :  1.37794e-05
 Reference value :  1.38125e-05
 Reference value :  1.38150e-05
 Reference value :  1.38445e-05
 Reference value :  1.38774e-05
 Reference value :  1.39063e-05
 Reference value :  1.39377e-05
 Reference value :  1.39689e-05
 Reference value :  1.40003e-05
 Reference value :  1.40028e-05
 Reference value :  1.40314e-05
 Reference value :  1.40627e-05
 Reference value :  1.40939e-05
 Reference value :  1.41252e-05
 Reference value :  1.41565e-05
 Reference value :  1.41878e-05
 Reference value :  1.42188e-05
 Reference value :  1.42358e-05
 Reference value :  1.42530e-05
 Reference value :  1.42816e-05
 Reference value :  1.43129e-05
 Reference value :  1.43179e-05
 Reference value :  1.43441e-05
 Reference value :  1.43753e-05
 Reference value :  1.43822e-05
 Reference value :  1.44066e-05
 Reference value :  1.44380e-05
 Reference value :  1.44688e-05
 Reference value :  1.45001e-05
 Reference value :  1.45025e-05
 Reference value :  1.45314e-05
 Reference value :  1.45629e-05
 Reference value :  1.45938e-05
 Reference value :  1.46237e-05
 Reference value :  1.46275e-05
 Reference value :  1.46564e-05
 Reference value :  1.46879e-05
 Reference value :  1.47188e-05
 Reference value :  1.47500e-05
 Reference value :  1.47525e-05
 Reference value :  1.47815e-05
 Reference value :  1.48129e-05
 Reference value :  1.48438e-05
 Reference value :  1.48445e-05
 Reference value :  1.48773e-05
 Reference value :  1.49063e-05
 Reference value :  1.49301e-05
 Reference value :  1.49482e-05
 Reference value :  1.49841e-05
 Reference value :  1.50025e-05
 Reference value :  1.50192e-05
 Reference value :  1.50318e-05
 Reference value :  1.50629e-05
 Reference value :  1.50941e-05
 Reference value :  1.51254e-05
 Reference value :  1.51566e-05
 Reference value :  1.51880e-05
 Reference value :  1.52188e-05
 Reference value :  1.52500e-05
 Reference value :  1.52529e-05
 Reference value :  1.52814e-05
 Reference value :  1.53128e-05
 Reference value :  1.53177e-05
 Reference value :  1.53441e-05
 Reference value :  1.53753e-05
 Reference value :  1.53815e-05
 Reference value :  1.54066e-05
 Reference value :  1.54380e-05
 Reference value :  1.54688e-05
 Reference value :  1.55001e-05
 Reference value :  1.55026e-05
 Reference value :  1.55315e-05
 Reference value :  1.55635e-05
 Reference value :  1.55938e-05
 Reference value :  1.56251e-05
 Reference value :  1.56275e-05
 Reference value :  1.56565e-05
 Reference value :  1.56880e-05
 Reference value :  1.57188e-05
 Reference value :  1.57501e-05
 Reference value :  1.57525e-05
 Reference value :  1.57816e-05
 Reference value :  1.58133e-05
 Reference value :  1.58438e-05
 Reference value :  1.58751e-05
 Reference value :  1.58776e-05
 Reference value :  1.59066e-05
 Reference value :  1.59382e-05
 Reference value :  1.59691e-05
 Reference value :  1.60021e-05
 Reference value :  1.60030e-05
 Reference value :  1.60316e-05
 Reference value :  1.60627e-05
 Reference value :  1.60940e-05
 Reference value :  1.61252e-05
 Reference value :  1.61566e-05
 Reference value :  1.61878e-05
 Reference value :  1.62188e-05
 Reference value :  1.62235e-05
 Reference value :  1.62528e-05
 Reference value :  1.62813e-05
 Reference value :  1.63126e-05
 Reference value :  1.63151e-05
 Reference value :  1.63440e-05
 Reference value :  1.63753e-05
 Reference value :  1.63784e-05
 Reference value :  1.64065e-05
 Reference value :  1.64377e-05
 Reference value :  1.64400e-05
 Reference value :  1.64688e-05
 Reference value :  1.65002e-05
 Reference value :  1.65025e-05
 Reference value :  1.65314e-05
 Reference value :  1.65627e-05
 Reference value :  1.65650e-05
 Reference value :  1.65939e-05
 Reference value :  1.66252e-05
 Reference value :  1.66275e-05
 Reference value :  1.66564e-05
 Reference value :  1.66877e-05
 Reference value :  1.66901e-05
 Reference value :  1.67191e-05
 Reference value :  1.67504e-05
 Reference value :  1.67614e-05
 Reference value :  1.67828e-05
 Reference value :  1.68134e-05
 Reference value :  1.68438e-05
 Reference value :  1.68750e-05
 Reference value :  1.68775e-05
 Reference value :  1.69063e-05
 Reference value :  1.69088e-05
 Reference value :  1.69385e-05
 Reference value :  1.69689e-05
 Reference value :  1.70003e-05
 Reference value :  1.70027e-05
 Reference value :  1.70313e-05
 Reference value :  1.70323e-05
 Reference value :  1.70630e-05
 Reference value :  1.70940e-05
 Reference value :  1.71253e-05
 Reference value :  1.71565e-05
 Reference value :  1.71877e-05
 Reference value :  1.71900e-05
 Reference value :  1.72189e-05
 Reference value :  1.72502e-05
 Reference value :  1.72529e-05
 Reference value :  1.72814e-05
 Reference value :  1.73126e-05
 Reference value :  1.73149e-05
 Reference value :  1.73438e-05
 Reference value :  1.73751e-05
 Reference value :  1.73774e-05
 Reference value :  1.74063e-05
 Reference value :  1.74067e-05
 Reference value :  1.74378e-05
 Reference value :  1.74402e-05
 Reference value :  1.74690e-05
 Reference value :  1.75001e-05
 Reference value :  1.75025e-05
 Reference value :  1.75313e-05
 Reference value :  1.75625e-05
 Reference value :  1.75649e-05
 Reference value :  1.75938e-05
 Reference value :  1.76251e-05
 Reference value :  1.76275e-05
 Reference value :  1.76563e-05
 Reference value :  1.76876e-05
 Reference value :  1.76899e-05
 Reference value :  1.77189e-05
 Reference value :  1.77502e-05
 Reference value :  1.77525e-05
 Reference value :  1.77814e-05
 Reference value :  1.78127e-05
 Reference value :  1.78151e-05
 Reference value :  1.78440e-05
 Reference value :  1.78753e-05
 Reference value :  1.78777e-05
 Reference value :  1.79065e-05
 Reference value :  1.79378e-05
 Reference value :  1.79688e-05
 Reference value :  1.80002e-05
 Reference value :  1.80025e-05
 Reference value :  1.80144e-05
 Reference value :  1.80316e-05
 Reference value :  1.80628e-05
 Reference value :  1.80939e-05
 Reference value :  1.81251e-05
 Reference value :  1.81563e-05
 Reference value :  1.81855e-05
 Reference value :  1.81899e-05
 Reference value :  1.82188e-05
 Reference value :  1.82501e-05
 Reference value :  1.82529e-05
 Reference value :  1.82814e-05
 Reference value :  1.83126e-05
 Reference value :  1.83149e-05
 Reference value :  1.83438e-05
 Reference value :  1.83751e-05
 Reference value :  1.83775e-05
 Reference value :  1.84064e-05
 Reference value :  1.84377e-05
 Reference value :  1.84400e-05
 Reference value :  1.84689e-05
 Reference value :  1.85002e-05
 Reference value :  1.85026e-05
 Reference value :  1.85314e-05
 Reference value :  1.85627e-05
 Reference value :  1.85651e-05
 Reference value :  1.85939e-05
 Reference value :  1.86252e-05
 Reference value :  1.86276e-05
 Reference value :  1.86565e-05
 Reference value :  1.86878e-05
 Reference value :  1.86906e-05
 Reference value :  1.87191e-05
 Reference value :  1.87504e-05
 Reference value :  1.87639e-05
 Reference value :  1.87816e-05
 Reference value :  1.88128e-05
 Reference value :  1.88150e-05
 Reference value :  1.88440e-05
 Reference value :  1.88751e-05
 Reference value :  1.88774e-05
 Reference value :  1.89063e-05
 Reference value :  1.89376e-05
 Reference value :  1.89688e-05
 Reference value :  1.89902e-05
 Reference value :  1.90023e-05
 Reference value :  1.90029e-05
 Reference value :  1.90314e-05
 Reference value :  1.90378e-05
 Reference value :  1.90640e-05
 Reference value :  1.90941e-05
 Reference value :  1.91253e-05
 Reference value :  1.91566e-05
 Reference value :  1.91877e-05
 Reference value :  1.91901e-05
 Reference value :  1.92190e-05
 Reference value :  1.92502e-05
 Reference value :  1.92529e-05
 Reference value :  1.92814e-05
 Reference value :  1.93126e-05
 Reference value :  1.93149e-05
 Reference value :  1.93438e-05
 Reference value :  1.93751e-05
 Reference value :  1.93775e-05
 Reference value :  1.94064e-05
 Reference value :  1.94377e-05
 Reference value :  1.94400e-05
 Reference value :  1.94689e-05
 Reference value :  1.95002e-05
 Reference value :  1.95026e-05
 Reference value :  1.95314e-05
 Reference value :  1.95627e-05
 Reference value :  1.95651e-05
 Reference value :  1.95940e-05
 Reference value :  1.96253e-05
 Reference value :  1.96278e-05
 Reference value :  1.96566e-05
 Reference value :  1.96879e-05
 Reference value :  1.97073e-05
 Reference value :  1.97208e-05
 Reference value :  1.97506e-05
 Reference value :  1.97813e-05
 Reference value :  1.97847e-05
 Reference value :  1.98134e-05
 Reference value :  1.98438e-05
 Reference value :  1.98445e-05
 Reference value :  1.98755e-05
 Reference value :  1.98894e-05
 Reference value :  1.99066e-05
 Reference value :  1.99378e-05
 Reference value :  1.99688e-05
No. of Data Rows : 52339
e1                  =  1.01855e+00
x1                  =  7.23966e+00 at=  2.28138e-06
cd1                 =  2.00000e+00
e2                  =  9.72449e-01
x2                  =  7.20410e+00 at=  3.28137e-06
cd2                 =  3.00000e+00
e128                =  6.72424e-01
x128                =  4.84424e+00 at=  4.28139e-06
cd128               =  1.28000e+02
e129                =  7.28994e-01
x129                =  4.88573e+00 at=  5.28139e-06
cd129               =  1.29000e+02
e255                =  4.30910e-01
x255                =  3.02260e+00 at=  6.28141e-06
cd255               =  2.55000e+02
e256                =  4.84851e-01
x256                =  3.06574e+00 at=  7.28141e-06
cd256               =  2.56000e+02
e257                =  4.84655e-01
x257                =  3.04061e+00 at=  8.28141e-06
cd257               =  2.57000e+02
e384                =  1.74855e-01
x384                =  1.52696e+00 at=  9.31261e-06
cd384               =  3.84000e+02
e511                =  -5.55867e-02
x511                =  2.39455e+00 at=  1.03751e-05
cd511               =  5.11000e+02
e512                =  -6.40296e-03
x512                =  2.57167e+00 at=  1.13439e-05
cd512               =  5.12000e+02
e513                =  2.62139e-04
x513                =  2.57168e+00 at=  1.23439e-05
cd513               =  5.13000e+02
e640                =  -3.09286e-01
x640                =  1.65212e+00 at=  1.33126e-05
cd640               =  6.39000e+02
e767                =  -5.52729e-01
x767                =  2.89973e+00 at=  1.43126e-05
cd767               =  7.66000e+02
e768                =  -5.07053e-01
x768                =  2.84847e+00 at=  1.53126e-05
cd768               =  7.67000e+02
e769                =  -4.99604e-01
x769                =  2.85846e+00 at=  1.63126e-05
cd769               =  7.68000e+02
e896                =  -8.02928e-01
x896                =  4.22501e+00 at=  1.73126e-05
cd896               =  8.95000e+02
e1022               =  -1.03614e+00
x1022               =  5.62485e+00 at=  1.83126e-05
cd1022              =  1.02100e+03
e1023               =  -9.81549e-01
x1023               =  5.57661e+00 at=  1.93126e-05
cd1023              =  1.02200e+03
vrefhi              =  3.63012e+00 at=  1.33149e-05
vreflo              =  3.62987e+00 at=  1.25672e-05
m_terr_t1_lsb = 1.0185530000e+00
m_decerr_t1_lsb = 7.2396590000e+00
m_code_t1 = 2.0000000000e+00
m_terr_t2_lsb = 9.7244930000e-01
m_decerr_t2_lsb = 7.2040960000e+00
m_code_t2 = 3.0000000000e+00
m_terr_t128_lsb = 6.7242360000e-01
m_decerr_t128_lsb = 4.8442420000e+00
m_code_t128 = 1.2800000000e+02
m_terr_t129_lsb = 7.2899410000e-01
m_decerr_t129_lsb = 4.8857280000e+00
m_code_t129 = 1.2900000000e+02
m_terr_t255_lsb = 4.3091000000e-01
m_decerr_t255_lsb = 3.0226020000e+00
m_code_t255 = 2.5500000000e+02
m_terr_t256_lsb = 4.8485140000e-01
m_decerr_t256_lsb = 3.0657350000e+00
m_code_t256 = 2.5600000000e+02
m_terr_t257_lsb = 4.8465520000e-01
m_decerr_t257_lsb = 3.0406100000e+00
m_code_t257 = 2.5700000000e+02
m_terr_t384_lsb = 1.7485460000e-01
m_decerr_t384_lsb = 1.5269560000e+00
m_code_t384 = 3.8400000000e+02
m_terr_t511_lsb = -5.558667000e-02
m_decerr_t511_lsb = 2.3945490000e+00
m_code_t511 = 5.1100000000e+02
m_terr_t512_lsb = -6.402963000e-03
m_decerr_t512_lsb = 2.5716740000e+00
m_code_t512 = 5.1200000000e+02
m_terr_t513_lsb = 2.6213900000e-04
m_decerr_t513_lsb = 2.5716770000e+00
m_code_t513 = 5.1300000000e+02
m_terr_t640_lsb = -3.092859000e-01
m_decerr_t640_lsb = 1.6521170000e+00
m_code_t640 = 6.3900000000e+02
m_terr_t767_lsb = -5.527286000e-01
m_decerr_t767_lsb = 2.8997330000e+00
m_code_t767 = 7.6600000000e+02
m_terr_t768_lsb = -5.070534000e-01
m_decerr_t768_lsb = 2.8484740000e+00
m_code_t768 = 7.6700000000e+02
m_terr_t769_lsb = -4.996037000e-01
m_decerr_t769_lsb = 2.8584560000e+00
m_code_t769 = 7.6800000000e+02
m_terr_t896_lsb = -8.029279000e-01
m_decerr_t896_lsb = 4.2250130000e+00
m_code_t896 = 8.9500000000e+02
m_terr_t1022_lsb = -1.036140000e+00
m_decerr_t1022_lsb = 5.6248520000e+00
m_code_t1022 = 1.0210000000e+03
m_terr_t1023_lsb = -9.815486000e-01
m_decerr_t1023_lsb = 5.5766080000e+00
m_code_t1023 = 1.0220000000e+03
m_inl_t1_lsb = 0.0000000000e+00
m_inl_t2_lsb = -4.414665342e-02
m_inl_t128_lsb = -9.758448493e-02
m_inl_t129_lsb = -3.905693836e-02
m_inl_t255_lsb = -9.055316986e-02
m_inl_t256_lsb = -3.465472329e-02
m_inl_t257_lsb = -3.289387671e-02
m_inl_t384_lsb = -9.414956164e-02
m_inl_t511_lsb = -7.604591658e-02
m_inl_t512_lsb = -2.490516300e-02
m_inl_t513_lsb = -1.628301442e-02
m_inl_t640_lsb = -7.728613836e-02
m_inl_t767_lsb = -7.218392329e-02
m_inl_t768_lsb = -2.455167671e-02
m_inl_t769_lsb = -1.514493014e-02
m_inl_t896_lsb = -6.992421507e-02
m_inl_t1022_lsb = -5.654844658e-02
m_inl_t1023_lsb = -2.220446049e-16
m_dnl_t1_t2_lsb = -4.610370000e-02
m_dnl_t128_t129_lsb = 5.6570500000e-02
m_dnl_t255_t256_lsb = 5.3941400000e-02
m_dnl_t256_t257_lsb = -1.962000000e-04
m_dnl_t511_t512_lsb = 4.9183707000e-02
m_dnl_t512_t513_lsb = 6.6651020000e-03
m_dnl_t767_t768_lsb = 4.5675200000e-02
m_dnl_t768_t769_lsb = 7.4497000000e-03
m_dnl_t1022_t1023_lsb = 5.4591400000e-02
m_gain_err_lsb = -2.002058647e+00
m_vref_droop_mv = 2.4700000000e-01
Note: Simulation executed from .control section 

Warning: m=xx on .subckt line will override multiplier m hierarchy!

