
Note: Compatibility modes selected: hs a


Circuit: * adc-inl-dnl @ tt_-40c_3.30v -- generated by sim/harness, do not edit

Reducing trtol to 1 for xspice 'A' devices
Doing analysis at TEMP = -40.000000 and TNOM = 27.000000

Using SPARSE 1.3 as Direct Linear Solver

Initial Transient Solution
--------------------------

Node                                   Voltage
----                                   -------
clk                                          0
cmpclk                                       0
cmpclkb                                    3.3
vddt                                       3.3
vddd                                       3.3
vddc                                       3.3
vrefs                                      3.3
vrefn                                      3.3
vcmn                                      1.65
se_vinp                             0.00402832
se_vinn                                   1.65
se_start                                     0
se_mode                                      0
se_cmp                                 1.37235
se_samp_tp_n                                 0
se_sel_in_n                                  0
se_drdy                                    3.3
se_c9                                        0
se_c8                                        0
se_c7                                        0
se_c6                                        0
se_c5                                        0
se_c4                                        0
se_c3                                        0
se_c2                                        0
se_c1                                        0
se_c0                                        0
se_rel_n_256p                              3.3
se_sel_hi_n_256p                             0
se_sel_lo_n_256p                             0
se_rel_n_128p                              3.3
se_sel_hi_n_128p                             0
se_sel_lo_n_128p                             0
se_rel_n_64p                               3.3
se_sel_hi_n_64p                              0
se_sel_lo_n_64p                              0
se_rel_n_32p                               3.3
se_sel_hi_n_32p                              0
se_sel_lo_n_32p                              0
se_rel_n_16p                               3.3
se_sel_hi_n_16p                              0
se_sel_lo_n_16p                              0
se_rel_n_8p                                3.3
se_sel_hi_n_8p                               0
se_sel_lo_n_8p                               0
se_rel_n_4p                                3.3
se_sel_hi_n_4p                               0
se_sel_lo_n_4p                               0
se_rel_n_2p                                3.3
se_sel_hi_n_2p                               0
se_sel_lo_n_2p                               0
se_rel_n_1p                                3.3
se_sel_hi_n_1p                               0
se_sel_lo_n_1p                               0
se_rel_n_256n                              3.3
se_sel_hi_n_256n                             0
se_sel_lo_n_256n                             0
se_rel_n_128n                              3.3
se_sel_hi_n_128n                             0
se_sel_lo_n_128n                             0
se_rel_n_64n                               3.3
se_sel_hi_n_64n                              0
se_sel_lo_n_64n                              0
se_rel_n_32n                               3.3
se_sel_hi_n_32n                              0
se_sel_lo_n_32n                              0
se_rel_n_16n                               3.3
se_sel_hi_n_16n                              0
se_sel_lo_n_16n                              0
se_rel_n_8n                                3.3
se_sel_hi_n_8n                               0
se_sel_lo_n_8n                               0
se_rel_n_4n                                3.3
se_sel_hi_n_4n                               0
se_sel_lo_n_4n                               0
se_rel_n_2n                                3.3
se_sel_hi_n_2n                               0
se_sel_lo_n_2n                               0
se_rel_n_1n                                3.3
se_sel_hi_n_1n                               0
se_sel_lo_n_1n                               0
se_pinp                             0.00402832
se_pinn                                   1.65
xsetswp.gp                                 3.3
se_topp                                   1.65
xsetswn.gp                                 3.3
se_topn                                   1.65
xsearrp.x256.bp                           1.65
xsearrp.x256.gp_in                         3.3
xsearrp.x256.gp_rel                1.39063e-09
xsearrp.x256.gp_hi                         3.3
xsearrp.x256.gp_lo                         3.3
xsearrp.x128.bp                           1.65
xsearrp.x128.gp_in                         3.3
xsearrp.x128.gp_rel                1.39063e-09
xsearrp.x128.gp_hi                         3.3
xsearrp.x128.gp_lo                         3.3
xsearrp.x64.bp                            1.65
xsearrp.x64.gp_in                          3.3
xsearrp.x64.gp_rel                 1.39063e-09
xsearrp.x64.gp_hi                          3.3
xsearrp.x64.gp_lo                          3.3
xsearrp.x32.bp                            1.65
xsearrp.x32.gp_in                          3.3
xsearrp.x32.gp_rel                 1.39063e-09
xsearrp.x32.gp_hi                          3.3
xsearrp.x32.gp_lo                          3.3
xsearrp.x16.bp                            1.65
xsearrp.x16.gp_in                          3.3
xsearrp.x16.gp_rel                 1.39063e-09
xsearrp.x16.gp_hi                          3.3
xsearrp.x16.gp_lo                          3.3
xsearrp.x8.bp                             1.65
xsearrp.x8.gp_in                           3.3
xsearrp.x8.gp_rel                  1.39063e-09
xsearrp.x8.gp_hi                           3.3
xsearrp.x8.gp_lo                           3.3
xsearrp.x4.bp                             1.65
xsearrp.x4.gp_in                           3.3
xsearrp.x4.gp_rel                  1.39063e-09
xsearrp.x4.gp_hi                           3.3
xsearrp.x4.gp_lo                           3.3
xsearrp.x2.bp                             1.65
xsearrp.x2.gp_in                           3.3
xsearrp.x2.gp_rel                  1.39063e-09
xsearrp.x2.gp_hi                           3.3
xsearrp.x2.gp_lo                           3.3
xsearrp.x1.bp                             1.65
xsearrp.x1.gp_in                           3.3
xsearrp.x1.gp_rel                  1.39063e-09
xsearrp.x1.gp_hi                           3.3
xsearrp.x1.gp_lo                           3.3
xsearrn.x256.bp                           1.65
xsearrn.x256.gp_in                         3.3
xsearrn.x256.gp_rel                1.39063e-09
xsearrn.x256.gp_hi                         3.3
xsearrn.x256.gp_lo                         3.3
xsearrn.x128.bp                           1.65
xsearrn.x128.gp_in                         3.3
xsearrn.x128.gp_rel                1.39063e-09
xsearrn.x128.gp_hi                         3.3
xsearrn.x128.gp_lo                         3.3
xsearrn.x64.bp                            1.65
xsearrn.x64.gp_in                          3.3
xsearrn.x64.gp_rel                 1.39063e-09
xsearrn.x64.gp_hi                          3.3
xsearrn.x64.gp_lo                          3.3
xsearrn.x32.bp                            1.65
xsearrn.x32.gp_in                          3.3
xsearrn.x32.gp_rel                 1.39063e-09
xsearrn.x32.gp_hi                          3.3
xsearrn.x32.gp_lo                          3.3
xsearrn.x16.bp                            1.65
xsearrn.x16.gp_in                          3.3
xsearrn.x16.gp_rel                 1.39063e-09
xsearrn.x16.gp_hi                          3.3
xsearrn.x16.gp_lo                          3.3
xsearrn.x8.bp                             1.65
xsearrn.x8.gp_in                           3.3
xsearrn.x8.gp_rel                  1.39063e-09
xsearrn.x8.gp_hi                           3.3
xsearrn.x8.gp_lo                           3.3
xsearrn.x4.bp                             1.65
xsearrn.x4.gp_in                           3.3
xsearrn.x4.gp_rel                  1.39063e-09
xsearrn.x4.gp_hi                           3.3
xsearrn.x4.gp_lo                           3.3
xsearrn.x2.bp                             1.65
xsearrn.x2.gp_in                           3.3
xsearrn.x2.gp_rel                  1.39063e-09
xsearrn.x2.gp_hi                           3.3
xsearrn.x2.gp_lo                           3.3
xsearrn.x1.bp                             1.65
xsearrn.x1.gp_in                           3.3
xsearrn.x1.gp_rel                  1.39063e-09
xsearrn.x1.gp_hi                           3.3
xsearrn.x1.gp_lo                           3.3
se_ibias                              0.807378
xsecmp.xpre.ptail                     0.705487
xsecmp.pon                             2.41702
xsecmp.preamp_in1                         1.65
xsecmp.pop                             2.41702
xsecmp.preamp_in2                         1.65
xsecmp.xpre.xrlp.11                    3.29978
xsecmp.xpre.xrlp.21                    2.41724
xsecmp.xpre.xrln.11                    3.29978
xsecmp.xpre.xrln.21                    2.41724
xsecmp.xlat.ltail                      1.65028
xsecmp.xlat.dip                            3.3
xsecmp.xlat.din                            3.3
xsecmp.outn                                3.3
xsecmp.outp                                3.3
xsecmp.sset                        5.12728e-09
xsecmp.srst                        5.12728e-09
xsecmp.xno1.ps                         3.10376
se_cmpb                                1.37235
xsecmp.xno2.ps                         3.10376
se_dacp                            1.11022e-16
se_dacn                            1.11022e-16
se_di                                  1.64597
se_err                                  510.75
se_aerrh                                     0
se_code                                      0
bsecode#branch                               0
bseea#branch                                 0
bsee#branch                                  0
bsedi#branch                                 0
bsedacn#branch                               0
bsedacp#branch                               0
lref#branch                        5.96108e-11
v.xsecmp.vpn#branch                1.07627e-29
v.xsecmp.vpp#branch               -7.27809e-28
vsemode#branch                               0
vsestart#branch                              0
vsevinn#branch                    -5.28744e-18
vseinp#branch                      4.03248e-11
vcms#branch                       -5.87717e-14
vrefs#branch                      -5.96108e-11
vddc#branch                        -0.00067689
vddd#branch                        -5.3279e-10
vddt#branch                       -1.32618e-11
vcmpclkb#branch                              0
vcmpclk#branch                               0
vclk#branch                                  0
a.xsectrl.a_gn#branch_1_0                    0
a.xsectrl.a_gn#branch_1_1                    0
a.xsectrl.a_gn#branch_1_2                    0
a.xsectrl.a_gn#branch_1_3                    0
a.xsectrl.a_gn#branch_1_4                    0
a.xsectrl.a_gn#branch_1_5                    0
a.xsectrl.a_gn#branch_1_6                    0
a.xsectrl.a_gn#branch_1_7                    0
a.xsectrl.a_gn#branch_1_8                    0
a.xsectrl.a_gn#branch_1_9                    0
a.xsectrl.a_gn#branch_1_10                   0
a.xsectrl.a_gn#branch_1_11                   0
a.xsectrl.a_gn#branch_1_12                   0
a.xsectrl.a_gn#branch_1_13                   0
a.xsectrl.a_gn#branch_1_14                   0
a.xsectrl.a_gn#branch_1_15                   0
a.xsectrl.a_gn#branch_1_16                   0
a.xsectrl.a_gn#branch_1_17                   0
a.xsectrl.a_gn#branch_1_18                   0
a.xsectrl.a_gn#branch_1_19                   0
a.xsectrl.a_gn#branch_1_20                   0
a.xsectrl.a_gn#branch_1_21                   0
a.xsectrl.a_gn#branch_1_22                   0
a.xsectrl.a_gn#branch_1_23                   0
a.xsectrl.a_gn#branch_1_24                   0
a.xsectrl.a_gn#branch_1_25                   0
a.xsectrl.a_gn#branch_1_26                   0
a.xsectrl.a_gn#branch_1_27                   0
a.xsectrl.a_gn#branch_1_28                   0
a.xsectrl.a_gn#branch_1_29                   0
a.xsectrl.a_gn#branch_1_30                   0
a.xsectrl.a_gn#branch_1_31                   0
a.xsectrl.a_gn#branch_1_32                   0
a.xsectrl.a_gn#branch_1_33                   0
a.xsectrl.a_gn#branch_1_34                   0
a.xsectrl.a_gn#branch_1_35                   0
a.xsectrl.a_gn#branch_1_36                   0
a.xsectrl.a_gn#branch_1_37                   0
a.xsectrl.a_gn#branch_1_38                   0
a.xsectrl.a_gn#branch_1_39                   0
a.xsectrl.a_gn#branch_1_40                   0
a.xsectrl.a_gn#branch_1_41                   0
a.xsectrl.a_gn#branch_1_42                   0
a.xsectrl.a_gn#branch_1_43                   0
a.xsectrl.a_gn#branch_1_44                   0
a.xsectrl.a_gn#branch_1_45                   0
a.xsectrl.a_gn#branch_1_46                   0
a.xsectrl.a_gn#branch_1_47                   0
a.xsectrl.a_gn#branch_1_48                   0
a.xsectrl.a_gn#branch_1_49                   0
a.xsectrl.a_gn#branch_1_50                   0
a.xsectrl.a_gn#branch_1_51                   0
a.xsectrl.a_gn#branch_1_52                   0
a.xsectrl.a_gn#branch_1_53                   0
a.xsectrl.a_dout#branch_1_0                  0
a.xsectrl.a_dout#branch_1_1                  0
a.xsectrl.a_dout#branch_1_2                  0
a.xsectrl.a_dout#branch_1_3                  0
a.xsectrl.a_dout#branch_1_4                  0
a.xsectrl.a_dout#branch_1_5                  0
a.xsectrl.a_dout#branch_1_6                  0
a.xsectrl.a_dout#branch_1_7                  0
a.xsectrl.a_dout#branch_1_8                  0
a.xsectrl.a_dout#branch_1_9                  0
a.xsectrl.a_dout#branch_1_10                 0
a.xsectrl.a_dout#branch_1_11                 0
a.xsectrl.a_dout#branch_1_12                 0

 Reference value :  0.00000e+00
 Reference value :  2.89294e-09
 Reference value :  3.14321e-08
 Reference value :  6.26928e-08
 Reference value :  9.38629e-08
 Reference value :  1.25200e-07
 Reference value :  1.56450e-07
 Reference value :  1.87703e-07
 Reference value :  2.17344e-07
 Reference value :  2.31099e-07
 Reference value :  2.52833e-07
 Reference value :  2.81359e-07
 Reference value :  3.12633e-07
 Reference value :  3.15059e-07
 Reference value :  3.43999e-07
 Reference value :  3.75582e-07
 Reference value :  4.06305e-07
 Reference value :  4.37633e-07
 Reference value :  4.40099e-07
 Reference value :  4.68999e-07
 Reference value :  5.00507e-07
 Reference value :  5.31276e-07
 Reference value :  5.62603e-07
 Reference value :  5.65018e-07
 Reference value :  5.93961e-07
 Reference value :  6.25519e-07
 Reference value :  6.56309e-07
 Reference value :  6.87643e-07
 Reference value :  6.90100e-07
 Reference value :  7.19475e-07
 Reference value :  7.52296e-07
 Reference value :  7.81350e-07
 Reference value :  8.12510e-07
 Reference value :  8.14978e-07
 Reference value :  8.43995e-07
 Reference value :  8.75215e-07
 Reference value :  8.78465e-07
 Reference value :  9.13167e-07
 Reference value :  9.53504e-07
 Reference value :  1.00001e-06
 Reference value :  1.00250e-06
 Reference value :  1.03128e-06
 Reference value :  1.06260e-06
 Reference value :  1.09384e-06
 Reference value :  1.09468e-06
 Reference value :  1.13172e-06
 Reference value :  1.15682e-06
 Reference value :  1.18977e-06
 Reference value :  1.21887e-06
 Reference value :  1.25020e-06
 Reference value :  1.25444e-06
 Reference value :  1.28176e-06
 Reference value :  1.31477e-06
 Reference value :  1.34384e-06
 Reference value :  1.37521e-06
 Reference value :  1.37991e-06
 Reference value :  1.41838e-06
 Reference value :  1.44006e-06
 Reference value :  1.46896e-06
 Reference value :  1.50046e-06
 Reference value :  1.53126e-06
 Reference value :  1.56260e-06
 Reference value :  1.56500e-06
 Reference value :  1.59395e-06
 Reference value :  1.62549e-06
 Reference value :  1.65628e-06
 Reference value :  1.68760e-06
 Reference value :  1.69003e-06
 Reference value :  1.71920e-06
 Reference value :  1.75227e-06
 Reference value :  1.78133e-06
 Reference value :  1.81049e-06
 Reference value :  1.81496e-06
 Reference value :  1.84398e-06
 Reference value :  1.87520e-06
 Reference value :  1.87783e-06
 Reference value :  1.90957e-06
 Reference value :  1.95243e-06
 Reference value :  1.98966e-06
 Reference value :  2.00244e-06
 Reference value :  2.00651e-06
 Reference value :  2.03191e-06
 Reference value :  2.08028e-06
 Reference value :  2.09431e-06
 Reference value :  2.12538e-06
 Reference value :  2.15657e-06
 Reference value :  2.18783e-06
 Reference value :  2.21879e-06
 Reference value :  2.25001e-06
 Reference value :  2.25290e-06
 Reference value :  2.28144e-06
 Reference value :  2.31270e-06
 Reference value :  2.31544e-06
 Reference value :  2.34426e-06
 Reference value :  2.37728e-06
 Reference value :  2.40634e-06
 Reference value :  2.43771e-06
 Reference value :  2.44073e-06
 Reference value :  2.46924e-06
 Reference value :  2.50227e-06
 Reference value :  2.53133e-06
 Reference value :  2.56270e-06
 Reference value :  2.56530e-06
 Reference value :  2.59434e-06
 Reference value :  2.62727e-06
 Reference value :  2.65634e-06
 Reference value :  2.68770e-06
 Reference value :  2.69051e-06
 Reference value :  2.72133e-06
 Reference value :  2.75236e-06
 Reference value :  2.78136e-06
 Reference value :  2.81256e-06
 Reference value :  2.81499e-06
 Reference value :  2.84399e-06
 Reference value :  2.87518e-06
 Reference value :  2.87759e-06
 Reference value :  2.90657e-06
 Reference value :  2.93800e-06
 Reference value :  2.96908e-06
 Reference value :  3.00056e-06
 Reference value :  3.00289e-06
 Reference value :  3.03147e-06
 Reference value :  3.06283e-06
 Reference value :  3.09393e-06
 Reference value :  3.10335e-06
 Reference value :  3.12642e-06
 Reference value :  3.15663e-06
 Reference value :  3.18773e-06
 Reference value :  3.19394e-06
 Reference value :  3.21914e-06
 Reference value :  3.25033e-06
 Reference value :  3.25306e-06
 Reference value :  3.28153e-06
 Reference value :  3.31265e-06
 Reference value :  3.31500e-06
 Reference value :  3.34385e-06
 Reference value :  3.37514e-06
 Reference value :  3.37756e-06
 Reference value :  3.40639e-06
 Reference value :  3.43790e-06
 Reference value :  3.44072e-06
 Reference value :  3.46896e-06
 Reference value :  3.50028e-06
 Reference value :  3.50278e-06
 Reference value :  3.53154e-06
 Reference value :  3.56287e-06
 Reference value :  3.56567e-06
 Reference value :  3.59405e-06
 Reference value :  3.62542e-06
 Reference value :  3.63453e-06
 Reference value :  3.65707e-06
 Reference value :  3.68855e-06
 Reference value :  3.71877e-06
 Reference value :  3.71967e-06
 Reference value :  3.75227e-06
 Reference value :  3.78135e-06
 Reference value :  3.80545e-06
 Reference value :  3.81482e-06
 Reference value :  3.84382e-06
 Reference value :  3.87503e-06
 Reference value :  3.87740e-06
 Reference value :  3.90631e-06
 Reference value :  3.90695e-06
 Reference value :  3.93795e-06
 Reference value :  3.96890e-06
 Reference value :  4.00020e-06
 Reference value :  4.00250e-06
 Reference value :  4.01296e-06
 Reference value :  4.03245e-06
 Reference value :  4.06306e-06
 Reference value :  4.09405e-06
 Reference value :  4.12533e-06
 Reference value :  4.15641e-06
 Reference value :  4.18768e-06
 Reference value :  4.19005e-06
 Reference value :  4.21904e-06
 Reference value :  4.25028e-06
 Reference value :  4.25301e-06
 Reference value :  4.28145e-06
 Reference value :  4.31279e-06
 Reference value :  4.31684e-06
 Reference value :  4.34405e-06
 Reference value :  4.37542e-06
 Reference value :  4.37809e-06
 Reference value :  4.40643e-06
 Reference value :  4.43761e-06
 Reference value :  4.44004e-06
 Reference value :  4.46895e-06
 Reference value :  4.50020e-06
 Reference value :  4.50268e-06
 Reference value :  4.53162e-06
 Reference value :  4.56357e-06
 Reference value :  4.59381e-06
 Reference value :  4.62514e-06
 Reference value :  4.62760e-06
 Reference value :  4.65658e-06
 Reference value :  4.68839e-06
 Reference value :  4.71882e-06
 Reference value :  4.75019e-06
 Reference value :  4.75261e-06
 Reference value :  4.78174e-06
 Reference value :  4.81477e-06
 Reference value :  4.84385e-06
 Reference value :  4.87519e-06
 Reference value :  4.87763e-06
 Reference value :  4.90676e-06
 Reference value :  4.94003e-06
 Reference value :  4.96986e-06
 Reference value :  5.00227e-06
 Reference value :  5.00636e-06
 Reference value :  5.03184e-06
 Reference value :  5.07229e-06
 Reference value :  5.09436e-06
 Reference value :  5.12546e-06
 Reference value :  5.15665e-06
 Reference value :  5.18790e-06
 Reference value :  5.21882e-06
 Reference value :  5.25030e-06
 Reference value :  5.27560e-06
 Reference value :  5.28193e-06
 Reference value :  5.31420e-06
 Reference value :  5.34383e-06
 Reference value :  5.37520e-06
 Reference value :  5.37791e-06
 Reference value :  5.40645e-06
 Reference value :  5.43770e-06
 Reference value :  5.44009e-06
 Reference value :  5.46908e-06
 Reference value :  5.50039e-06
 Reference value :  5.51456e-06
 Reference value :  5.56256e-06
 Reference value :  5.56502e-06
 Reference value :  5.59402e-06
 Reference value :  5.62560e-06
 Reference value :  5.65632e-06
 Reference value :  5.68769e-06
 Reference value :  5.69022e-06
 Reference value :  5.71970e-06
 Reference value :  5.75234e-06
 Reference value :  5.78136e-06
 Reference value :  5.81269e-06
 Reference value :  5.81817e-06
 Reference value :  5.84421e-06
 Reference value :  5.87555e-06
 Reference value :  5.90629e-06
 Reference value :  5.93750e-06
 Reference value :  5.96549e-06
 Reference value :  5.99300e-06
 Reference value :  6.00248e-06
 Reference value :  6.02652e-06
 Reference value :  6.06251e-06
 Reference value :  6.09382e-06
 Reference value :  6.12514e-06
 Reference value :  6.15636e-06
 Reference value :  6.18770e-06
 Reference value :  6.21594e-06
 Reference value :  6.24258e-06
 Reference value :  6.25288e-06
 Reference value :  6.28143e-06
 Reference value :  6.31292e-06
 Reference value :  6.31967e-06
 Reference value :  6.34498e-06
 Reference value :  6.37733e-06
 Reference value :  6.40632e-06
 Reference value :  6.43760e-06
 Reference value :  6.44004e-06
 Reference value :  6.46913e-06
 Reference value :  6.50176e-06
 Reference value :  6.53131e-06
 Reference value :  6.56269e-06
 Reference value :  6.56514e-06
 Reference value :  6.59423e-06
 Reference value :  6.62732e-06
 Reference value :  6.65634e-06
 Reference value :  6.68771e-06
 Reference value :  6.70524e-06
 Reference value :  6.75010e-06
 Reference value :  6.75255e-06
 Reference value :  6.78235e-06
 Reference value :  6.81487e-06
 Reference value :  6.84395e-06
 Reference value :  6.87536e-06
 Reference value :  6.88305e-06
 Reference value :  6.90678e-06
 Reference value :  6.93848e-06
 Reference value :  6.96919e-06
 Reference value :  7.00227e-06
 Reference value :  7.00431e-06
 Reference value :  7.03176e-06
 Reference value :  7.06829e-06
 Reference value :  7.09445e-06
 Reference value :  7.12534e-06
 Reference value :  7.15657e-06
 Reference value :  7.18780e-06
 Reference value :  7.21879e-06
 Reference value :  7.21918e-06
 Reference value :  7.25060e-06
 Reference value :  7.28132e-06
 Reference value :  7.31251e-06
 Reference value :  7.31501e-06
 Reference value :  7.34390e-06
 Reference value :  7.37513e-06
 Reference value :  7.37756e-06
 Reference value :  7.40656e-06
 Reference value :  7.43780e-06
 Reference value :  7.44285e-06
 Reference value :  7.47484e-06
 Reference value :  7.50245e-06
 Reference value :  7.53135e-06
 Reference value :  7.56291e-06
 Reference value :  7.59382e-06
 Reference value :  7.62519e-06
 Reference value :  7.62781e-06
 Reference value :  7.65903e-06
 Reference value :  7.68988e-06
 Reference value :  7.71889e-06
 Reference value :  7.75030e-06
 Reference value :  7.77215e-06
 Reference value :  7.81251e-06
 Reference value :  7.81499e-06
 Reference value :  7.84403e-06
 Reference value :  7.87542e-06
 Reference value :  7.90626e-06
 Reference value :  7.93757e-06
 Reference value :  7.96881e-06
 Reference value :  8.00014e-06
 Reference value :  8.00266e-06
 Reference value :  8.03132e-06
 Reference value :  8.06264e-06
 Reference value :  8.09385e-06
 Reference value :  8.10559e-06
 Reference value :  8.15627e-06
 Reference value :  8.17282e-06
 Reference value :  8.19000e-06
 Reference value :  8.21904e-06
 Reference value :  8.25035e-06
 Reference value :  8.27958e-06
 Reference value :  8.28191e-06
 Reference value :  8.31469e-06
 Reference value :  8.34375e-06
 Reference value :  8.34477e-06
 Reference value :  8.37730e-06
 Reference value :  8.40632e-06
 Reference value :  8.43751e-06
 Reference value :  8.43997e-06
 Reference value :  8.46885e-06
 Reference value :  8.50021e-06
 Reference value :  8.50308e-06
 Reference value :  8.53199e-06
 Reference value :  8.56486e-06
 Reference value :  8.59384e-06
 Reference value :  8.62521e-06
 Reference value :  8.62762e-06
 Reference value :  8.65652e-06
 Reference value :  8.68786e-06
 Reference value :  8.70462e-06
 Reference value :  8.72916e-06
 Reference value :  8.75238e-06
 Reference value :  8.78140e-06
 Reference value :  8.81271e-06
 Reference value :  8.81831e-06
 Reference value :  8.84420e-06
 Reference value :  8.87546e-06
 Reference value :  8.90626e-06
 Reference value :  8.91499e-06
 Reference value :  8.95932e-06
 Reference value :  8.99020e-06
 Reference value :  9.00246e-06
 Reference value :  9.03126e-06
 Reference value :  9.06253e-06
 Reference value :  9.09382e-06
 Reference value :  9.12518e-06
 Reference value :  9.15638e-06
 Reference value :  9.18780e-06
 Reference value :  9.21878e-06
 Reference value :  9.25003e-06
 Reference value :  9.25293e-06
 Reference value :  9.28164e-06
 Reference value :  9.31477e-06
 Reference value :  9.34382e-06
 Reference value :  9.37501e-06
 Reference value :  9.37750e-06
 Reference value :  9.40634e-06
 Reference value :  9.43769e-06
 Reference value :  9.44021e-06
 Reference value :  9.46909e-06
 Reference value :  9.50041e-06
 Reference value :  9.52433e-06
 Reference value :  9.56253e-06
 Reference value :  9.56499e-06
 Reference value :  9.59390e-06
 Reference value :  9.62538e-06
 Reference value :  9.65625e-06
 Reference value :  9.68751e-06
 Reference value :  9.68999e-06
 Reference value :  9.71906e-06
 Reference value :  9.75063e-06
 Reference value :  9.78131e-06
 Reference value :  9.81264e-06
 Reference value :  9.81514e-06
 Reference value :  9.84492e-06
 Reference value :  9.87732e-06
 Reference value :  9.90629e-06
 Reference value :  9.93764e-06
 Reference value :  9.96884e-06
 Reference value :  1.00002e-05
 Reference value :  1.00028e-05
 Reference value :  1.00314e-05
 Reference value :  1.00629e-05
 Reference value :  1.00941e-05
 Reference value :  1.01259e-05
 Reference value :  1.01571e-05
 Reference value :  1.01899e-05
 Reference value :  1.02190e-05
 Reference value :  1.02504e-05
 Reference value :  1.02813e-05
 Reference value :  1.03126e-05
 Reference value :  1.03151e-05
 Reference value :  1.03440e-05
 Reference value :  1.03753e-05
 Reference value :  1.03808e-05
 Reference value :  1.04129e-05
 Reference value :  1.04399e-05
 Reference value :  1.04689e-05
 Reference value :  1.05003e-05
 Reference value :  1.05042e-05
 Reference value :  1.05359e-05
 Reference value :  1.05649e-05
 Reference value :  1.05939e-05
 Reference value :  1.06253e-05
 Reference value :  1.06564e-05
 Reference value :  1.06878e-05
 Reference value :  1.07188e-05
 Reference value :  1.07501e-05
 Reference value :  1.07526e-05
 Reference value :  1.07817e-05
 Reference value :  1.08148e-05
 Reference value :  1.08439e-05
 Reference value :  1.08752e-05
 Reference value :  1.08777e-05
 Reference value :  1.09066e-05
 Reference value :  1.09378e-05
 Reference value :  1.09690e-05
 Reference value :  1.10004e-05
 Reference value :  1.10029e-05
 Reference value :  1.10317e-05
 Reference value :  1.10643e-05
 Reference value :  1.10944e-05
 Reference value :  1.11277e-05
 Reference value :  1.11569e-05
 Reference value :  1.11878e-05
 Reference value :  1.12188e-05
 Reference value :  1.12268e-05
 Reference value :  1.12528e-05
 Reference value :  1.12815e-05
 Reference value :  1.13131e-05
 Reference value :  1.13438e-05
 Reference value :  1.13735e-05
 Reference value :  1.13775e-05
 Reference value :  1.14064e-05
 Reference value :  1.14380e-05
 Reference value :  1.14688e-05
 Reference value :  1.15000e-05
 Reference value :  1.15025e-05
 Reference value :  1.15314e-05
 Reference value :  1.15629e-05
 Reference value :  1.15938e-05
 Reference value :  1.16251e-05
 Reference value :  1.16275e-05
 Reference value :  1.16565e-05
 Reference value :  1.16880e-05
 Reference value :  1.17188e-05
 Reference value :  1.17502e-05
 Reference value :  1.17527e-05
 Reference value :  1.17824e-05
 Reference value :  1.18148e-05
 Reference value :  1.18439e-05
 Reference value :  1.18753e-05
 Reference value :  1.18791e-05
 Reference value :  1.19066e-05
 Reference value :  1.19378e-05
 Reference value :  1.19689e-05
 Reference value :  1.20004e-05
 Reference value :  1.20029e-05
 Reference value :  1.20316e-05
 Reference value :  1.20627e-05
 Reference value :  1.20939e-05
 Reference value :  1.21252e-05
 Reference value :  1.21564e-05
 Reference value :  1.21569e-05
 Reference value :  1.21879e-05
 Reference value :  1.22188e-05
 Reference value :  1.22429e-05
 Reference value :  1.22529e-05
 Reference value :  1.22816e-05
 Reference value :  1.23133e-05
 Reference value :  1.23438e-05
 Reference value :  1.23704e-05
 Reference value :  1.23775e-05
 Reference value :  1.24064e-05
 Reference value :  1.24379e-05
 Reference value :  1.24525e-05
 Reference value :  1.24869e-05
 Reference value :  1.25025e-05
 Reference value :  1.25314e-05
 Reference value :  1.25629e-05
 Reference value :  1.25938e-05
 Reference value :  1.26250e-05
 Reference value :  1.26275e-05
 Reference value :  1.26566e-05
 Reference value :  1.26882e-05
 Reference value :  1.27188e-05
 Reference value :  1.27502e-05
 Reference value :  1.27526e-05
 Reference value :  1.27817e-05
 Reference value :  1.28148e-05
 Reference value :  1.28439e-05
 Reference value :  1.28751e-05
 Reference value :  1.28775e-05
 Reference value :  1.29063e-05
 Reference value :  1.29377e-05
 Reference value :  1.29689e-05
 Reference value :  1.30003e-05
 Reference value :  1.30029e-05
 Reference value :  1.30316e-05
 Reference value :  1.30628e-05
 Reference value :  1.30939e-05
 Reference value :  1.31254e-05
 Reference value :  1.31567e-05
 Reference value :  1.31898e-05
 Reference value :  1.32189e-05
 Reference value :  1.32503e-05
 Reference value :  1.32592e-05
 Reference value :  1.32817e-05
 Reference value :  1.33132e-05
 Reference value :  1.33438e-05
 Reference value :  1.33447e-05
 Reference value :  1.33773e-05
 Reference value :  1.34063e-05
 Reference value :  1.34376e-05
 Reference value :  1.34400e-05
 Reference value :  1.34690e-05
 Reference value :  1.35002e-05
 Reference value :  1.35037e-05
 Reference value :  1.35592e-05
 Reference value :  1.35650e-05
 Reference value :  1.35940e-05
 Reference value :  1.36261e-05
 Reference value :  1.36563e-05
 Reference value :  1.36877e-05
 Reference value :  1.36910e-05
 Reference value :  1.37233e-05
 Reference value :  1.37524e-05
 Reference value :  1.37814e-05
 Reference value :  1.38127e-05
 Reference value :  1.38230e-05
 Reference value :  1.38674e-05
 Reference value :  1.38775e-05
 Reference value :  1.39064e-05
 Reference value :  1.39378e-05
 Reference value :  1.39689e-05
 Reference value :  1.40003e-05
 Reference value :  1.40029e-05
 Reference value :  1.40315e-05
 Reference value :  1.40628e-05
 Reference value :  1.40940e-05
 Reference value :  1.41256e-05
 Reference value :  1.41572e-05
 Reference value :  1.41899e-05
 Reference value :  1.42190e-05
 Reference value :  1.42505e-05
 Reference value :  1.42813e-05
 Reference value :  1.43002e-05
 Reference value :  1.43149e-05
 Reference value :  1.43438e-05
 Reference value :  1.43539e-05
 Reference value :  1.43774e-05
 Reference value :  1.44064e-05
 Reference value :  1.44378e-05
 Reference value :  1.44448e-05
 Reference value :  1.44794e-05
 Reference value :  1.45024e-05
 Reference value :  1.45313e-05
 Reference value :  1.45628e-05
 Reference value :  1.45705e-05
 Reference value :  1.46092e-05
 Reference value :  1.46275e-05
 Reference value :  1.46564e-05
 Reference value :  1.46879e-05
 Reference value :  1.47188e-05
 Reference value :  1.47501e-05
 Reference value :  1.47525e-05
 Reference value :  1.47816e-05
 Reference value :  1.48132e-05
 Reference value :  1.48438e-05
 Reference value :  1.48667e-05
 Reference value :  1.48774e-05
 Reference value :  1.49063e-05
 Reference value :  1.49376e-05
 Reference value :  1.49688e-05
 Reference value :  1.50001e-05
 Reference value :  1.50025e-05
 Reference value :  1.50313e-05
 Reference value :  1.50320e-05
 Reference value :  1.50639e-05
 Reference value :  1.50943e-05
 Reference value :  1.51308e-05
 Reference value :  1.51568e-05
 Reference value :  1.51893e-05
 Reference value :  1.52189e-05
 Reference value :  1.52502e-05
 Reference value :  1.52531e-05
 Reference value :  1.52816e-05
 Reference value :  1.53129e-05
 Reference value :  1.53191e-05
 Reference value :  1.53442e-05
 Reference value :  1.53753e-05
 Reference value :  1.53791e-05
 Reference value :  1.54066e-05
 Reference value :  1.54381e-05
 Reference value :  1.54688e-05
 Reference value :  1.55001e-05
 Reference value :  1.55026e-05
 Reference value :  1.55317e-05
 Reference value :  1.55648e-05
 Reference value :  1.55938e-05
 Reference value :  1.56252e-05
 Reference value :  1.56281e-05
 Reference value :  1.56625e-05
 Reference value :  1.56899e-05
 Reference value :  1.57189e-05
 Reference value :  1.57503e-05
 Reference value :  1.57754e-05
 Reference value :  1.58108e-05
 Reference value :  1.58150e-05
 Reference value :  1.58440e-05
 Reference value :  1.58754e-05
 Reference value :  1.58836e-05
 Reference value :  1.59258e-05
 Reference value :  1.59620e-05
 Reference value :  1.59902e-05
 Reference value :  1.60024e-05
 Reference value :  1.60174e-05
 Reference value :  1.60318e-05
 Reference value :  1.60628e-05
 Reference value :  1.60941e-05
 Reference value :  1.61254e-05
 Reference value :  1.61566e-05
 Reference value :  1.61879e-05
 Reference value :  1.62188e-05
 Reference value :  1.62501e-05
 Reference value :  1.62529e-05
 Reference value :  1.62815e-05
 Reference value :  1.63127e-05
 Reference value :  1.63154e-05
 Reference value :  1.63440e-05
 Reference value :  1.63755e-05
 Reference value :  1.64063e-05
 Reference value :  1.64069e-05
 Reference value :  1.64397e-05
 Reference value :  1.64688e-05
 Reference value :  1.65001e-05
 Reference value :  1.65026e-05
 Reference value :  1.65317e-05
 Reference value :  1.65648e-05
 Reference value :  1.65938e-05
 Reference value :  1.66251e-05
 Reference value :  1.66274e-05
 Reference value :  1.66564e-05
 Reference value :  1.66876e-05
 Reference value :  1.66900e-05
 Reference value :  1.67189e-05
 Reference value :  1.67502e-05
 Reference value :  1.67526e-05
 Reference value :  1.67815e-05
 Reference value :  1.68128e-05
 Reference value :  1.68182e-05
 Reference value :  1.68442e-05
 Reference value :  1.68754e-05
 Reference value :  1.68782e-05
 Reference value :  1.69066e-05
 Reference value :  1.69377e-05
 Reference value :  1.69688e-05
 Reference value :  1.70001e-05
 Reference value :  1.70024e-05
 Reference value :  1.70102e-05
 Reference value :  1.70316e-05
 Reference value :  1.70628e-05
 Reference value :  1.70939e-05
 Reference value :  1.71252e-05
 Reference value :  1.71563e-05
 Reference value :  1.71876e-05
 Reference value :  1.71900e-05
 Reference value :  1.72190e-05
 Reference value :  1.72502e-05
 Reference value :  1.72530e-05
 Reference value :  1.72815e-05
 Reference value :  1.73126e-05
 Reference value :  1.73150e-05
 Reference value :  1.73438e-05
 Reference value :  1.73751e-05
 Reference value :  1.73775e-05
 Reference value :  1.74063e-05
 Reference value :  1.74067e-05
 Reference value :  1.74378e-05
 Reference value :  1.74401e-05
 Reference value :  1.74690e-05
 Reference value :  1.75001e-05
 Reference value :  1.75025e-05
 Reference value :  1.75313e-05
 Reference value :  1.75626e-05
 Reference value :  1.75650e-05
 Reference value :  1.75938e-05
 Reference value :  1.76251e-05
 Reference value :  1.76275e-05
 Reference value :  1.76564e-05
 Reference value :  1.76878e-05
 Reference value :  1.76902e-05
 Reference value :  1.77191e-05
 Reference value :  1.77504e-05
 Reference value :  1.77614e-05
 Reference value :  1.77821e-05
 Reference value :  1.78131e-05
 Reference value :  1.78438e-05
 Reference value :  1.78532e-05
 Reference value :  1.78773e-05
 Reference value :  1.79042e-05
 Reference value :  1.79085e-05
 Reference value :  1.79384e-05
 Reference value :  1.79690e-05
 Reference value :  1.80003e-05
 Reference value :  1.80027e-05
 Reference value :  1.80313e-05
 Reference value :  1.80317e-05
 Reference value :  1.80629e-05
 Reference value :  1.80939e-05
 Reference value :  1.81252e-05
 Reference value :  1.81563e-05
 Reference value :  1.81876e-05
 Reference value :  1.81900e-05
 Reference value :  1.82189e-05
 Reference value :  1.82502e-05
 Reference value :  1.82530e-05
 Reference value :  1.82814e-05
 Reference value :  1.83126e-05
 Reference value :  1.83149e-05
 Reference value :  1.83438e-05
 Reference value :  1.83751e-05
 Reference value :  1.83775e-05
 Reference value :  1.84063e-05
 Reference value :  1.84376e-05
 Reference value :  1.84400e-05
 Reference value :  1.84688e-05
 Reference value :  1.85002e-05
 Reference value :  1.85026e-05
 Reference value :  1.85314e-05
 Reference value :  1.85627e-05
 Reference value :  1.85651e-05
 Reference value :  1.85939e-05
 Reference value :  1.86252e-05
 Reference value :  1.86276e-05
 Reference value :  1.86565e-05
 Reference value :  1.86878e-05
 Reference value :  1.86902e-05
 Reference value :  1.87191e-05
 Reference value :  1.87504e-05
 Reference value :  1.87594e-05
 Reference value :  1.87817e-05
 Reference value :  1.88128e-05
 Reference value :  1.88152e-05
 Reference value :  1.88441e-05
 Reference value :  1.88752e-05
 Reference value :  1.88775e-05
 Reference value :  1.89064e-05
 Reference value :  1.89377e-05
 Reference value :  1.89688e-05
 Reference value :  1.90000e-05
 Reference value :  1.90024e-05
 Reference value :  1.90030e-05
 Reference value :  1.90314e-05
 Reference value :  1.90542e-05
 Reference value :  1.90692e-05
 Reference value :  1.90941e-05
 Reference value :  1.91253e-05
 Reference value :  1.91564e-05
 Reference value :  1.91652e-05
 Reference value :  1.91885e-05
 Reference value :  1.92188e-05
 Reference value :  1.92194e-05
 Reference value :  1.92503e-05
 Reference value :  1.92533e-05
 Reference value :  1.92815e-05
 Reference value :  1.93127e-05
 Reference value :  1.93150e-05
 Reference value :  1.93439e-05
 Reference value :  1.93752e-05
 Reference value :  1.93779e-05
 Reference value :  1.94065e-05
 Reference value :  1.94380e-05
 Reference value :  1.94458e-05
 Reference value :  1.94692e-05
 Reference value :  1.95005e-05
 Reference value :  1.95040e-05
 Reference value :  1.95317e-05
 Reference value :  1.95630e-05
 Reference value :  1.95776e-05
 Reference value :  1.95942e-05
 Reference value :  1.96255e-05
 Reference value :  1.96475e-05
 Reference value :  1.96578e-05
 Reference value :  1.96887e-05
 Reference value :  1.97188e-05
 Reference value :  1.97472e-05
 Reference value :  1.97524e-05
 Reference value :  1.97813e-05
 Reference value :  1.98126e-05
 Reference value :  1.98149e-05
 Reference value :  1.98439e-05
 Reference value :  1.98698e-05
 Reference value :  1.98773e-05
 Reference value :  1.99063e-05
 Reference value :  1.99089e-05
 Reference value :  1.99385e-05
 Reference value :  1.99690e-05
No. of Data Rows : 51433
e1                  =  1.01983e+00
x1                  =  7.33881e+00 at=  2.28140e-06
cd1                 =  2.00000e+00
e2                  =  9.73086e-01
x2                  =  7.31907e+00 at=  3.28140e-06
cd2                 =  3.00000e+00
e128                =  6.72999e-01
x128                =  4.93530e+00 at=  4.28142e-06
cd128               =  1.28000e+02
e129                =  7.29906e-01
x129                =  4.98849e+00 at=  5.28142e-06
cd129               =  1.29000e+02
e255                =  4.30912e-01
x255                =  3.05957e+00 at=  6.28147e-06
cd255               =  2.55000e+02
e256                =  4.84814e-01
x256                =  3.10658e+00 at=  7.28147e-06
cd256               =  2.56000e+02
e257                =  4.84458e-01
x257                =  3.09301e+00 at=  8.28147e-06
cd257               =  2.57000e+02
e384                =  1.74456e-01
x384                =  1.59767e+00 at=  9.31262e-06
cd384               =  3.84000e+02
e511                =  -5.68774e-02
x511                =  2.48553e+00 at=  1.03751e-05
cd511               =  5.11000e+02
e512                =  -6.51130e-03
x512                =  2.60708e+00 at=  1.13440e-05
cd512               =  5.12000e+02
e513                =  -9.96434e-05
x513                =  2.60400e+00 at=  1.23440e-05
cd513               =  5.13000e+02
e640                =  -3.10508e-01
x640                =  1.72457e+00 at=  1.33126e-05
cd640               =  6.39000e+02
e767                =  -5.50866e-01
x767                =  2.98690e+00 at=  1.43126e-05
cd767               =  7.66000e+02
e768                =  -5.04396e-01
x768                =  2.93495e+00 at=  1.53126e-05
cd768               =  7.67000e+02
e769                =  -4.96714e-01
x769                =  2.94511e+00 at=  1.63126e-05
cd769               =  7.68000e+02
e896                =  -8.01885e-01
x896                =  4.33203e+00 at=  1.73126e-05
cd896               =  8.95000e+02
e1022               =  -1.03532e+00
x1022               =  5.74428e+00 at=  1.83126e-05
cd1022              =  1.02100e+03
e1023               =  -9.80239e-01
x1023               =  5.69531e+00 at=  1.93126e-05
cd1023              =  1.02200e+03
vrefhi              =  3.30011e+00 at=  1.33149e-05
vreflo              =  3.29988e+00 at=  1.25674e-05
m_terr_t1_lsb = 1.0198300000e+00
m_decerr_t1_lsb = 7.3388080000e+00
m_code_t1 = 2.0000000000e+00
m_terr_t2_lsb = 9.7308610000e-01
m_decerr_t2_lsb = 7.3190700000e+00
m_code_t2 = 3.0000000000e+00
m_terr_t128_lsb = 6.7299850000e-01
m_decerr_t128_lsb = 4.9353010000e+00
m_code_t128 = 1.2800000000e+02
m_terr_t129_lsb = 7.2990570000e-01
m_decerr_t129_lsb = 4.9884910000e+00
m_code_t129 = 1.2900000000e+02
m_terr_t255_lsb = 4.3091230000e-01
m_decerr_t255_lsb = 3.0595680000e+00
m_code_t255 = 2.5500000000e+02
m_terr_t256_lsb = 4.8481430000e-01
m_decerr_t256_lsb = 3.1065760000e+00
m_code_t256 = 2.5600000000e+02
m_terr_t257_lsb = 4.8445810000e-01
m_decerr_t257_lsb = 3.0930070000e+00
m_code_t257 = 2.5700000000e+02
m_terr_t384_lsb = 1.7445610000e-01
m_decerr_t384_lsb = 1.5976700000e+00
m_code_t384 = 3.8400000000e+02
m_terr_t511_lsb = -5.687741000e-02
m_decerr_t511_lsb = 2.4855330000e+00
m_code_t511 = 5.1100000000e+02
m_terr_t512_lsb = -6.511302000e-03
m_decerr_t512_lsb = 2.6070840000e+00
m_code_t512 = 5.1200000000e+02
m_terr_t513_lsb = -9.964342000e-05
m_decerr_t513_lsb = 2.6039950000e+00
m_code_t513 = 5.1300000000e+02
m_terr_t640_lsb = -3.105079000e-01
m_decerr_t640_lsb = 1.7245750000e+00
m_code_t640 = 6.3900000000e+02
m_terr_t767_lsb = -5.508662000e-01
m_decerr_t767_lsb = 2.9869050000e+00
m_code_t767 = 7.6600000000e+02
m_terr_t768_lsb = -5.043960000e-01
m_decerr_t768_lsb = 2.9349520000e+00
m_code_t768 = 7.6700000000e+02
m_terr_t769_lsb = -4.967141000e-01
m_decerr_t769_lsb = 2.9451120000e+00
m_code_t769 = 7.6800000000e+02
m_terr_t896_lsb = -8.018845000e-01
m_decerr_t896_lsb = 4.3320260000e+00
m_code_t896 = 8.9500000000e+02
m_terr_t1022_lsb = -1.035325000e+00
m_decerr_t1022_lsb = 5.7442850000e+00
m_code_t1022 = 1.0210000000e+03
m_terr_t1023_lsb = -9.802391000e-01
m_decerr_t1023_lsb = 5.6953080000e+00
m_code_t1023 = 1.0220000000e+03
m_inl_t1_lsb = 0.0000000000e+00
m_inl_t2_lsb = -4.478688523e-02
m_inl_t128_lsb = -9.829062358e-02
m_inl_t129_lsb = -3.942640881e-02
m_inl_t255_lsb = -9.183594716e-02
m_inl_t256_lsb = -3.597693239e-02
m_inl_t257_lsb = -3.437611761e-02
m_inl_t384_lsb = -9.583724119e-02
m_inl_t511_lsb = -7.862987477e-02
m_inl_t512_lsb = -2.630675200e-02
m_inl_t513_lsb = -1.793807865e-02
m_inl_t640_lsb = -7.980545881e-02
m_inl_t767_lsb = -7.162288239e-02
m_inl_t768_lsb = -2.319566761e-02
m_inl_t769_lsb = -1.355675284e-02
m_inl_t896_lsb = -7.018627642e-02
m_inl_t1022_lsb = -5.704291477e-02
m_inl_t1023_lsb = 1.1102230246e-16
m_dnl_t1_t2_lsb = -4.674390000e-02
m_dnl_t128_t129_lsb = 5.6907200000e-02
m_dnl_t255_t256_lsb = 5.3902000000e-02
m_dnl_t256_t257_lsb = -3.562000000e-04
m_dnl_t511_t512_lsb = 5.0366108000e-02
m_dnl_t512_t513_lsb = 6.4116585800e-03
m_dnl_t767_t768_lsb = 4.6470200000e-02
m_dnl_t768_t769_lsb = 7.6819000000e-03
m_dnl_t1022_t1023_lsb = 5.5085900000e-02
m_gain_err_lsb = -2.002026115e+00
m_vref_droop_mv = 2.2400000000e-01
Note: Simulation executed from .control section 

Warning: m=xx on .subckt line will override multiplier m hierarchy!

