
Note: No compatibility mode selected!


Circuit: * comparator-regeneration @ sf_-40c_3.63v -- generated by sim/harness, do not edit

Doing analysis at TEMP = -40.000000 and TNOM = 27.000000

Using SPARSE 1.3 as Direct Linear Solver

Initial Transient Solution
--------------------------

Node                                   Voltage
----                                   -------
vdd                                       3.63
vdda                                      3.63
clk                                          0
cm                                        1.65
vda                                 -0.0016113
apa                                    1.64919
ana                                    1.65081
ibna                                  0.888539
xa.xpre.ptail                         0.640212
xa.pon                                 2.82159
xa.preamp_in1                          1.64919
xa.pop                                 2.79082
xa.preamp_in2                          1.65081
xa.xpre.xrlp.11                        3.62925
xa.xpre.xrlp.21                        2.79158
xa.xpre.xrln.11                        3.62927
xa.xpre.xrln.21                        2.82231
xa.xlat.ltail                          1.90185
xa.xlat.dip                               3.63
xa.xlat.din                               3.63
xa.outn                                   3.63
xa.outp                                   3.63
xa.sset                             6.2039e-09
xa.srst                             6.2039e-09
xa.xno1.ps                                3.63
douta                              2.05399e-09
doutba                                    3.63
xa.xno2.ps                                3.63
vdd_                                      -0.1
apd                                        1.6
and                                        1.7
ibnd                                  0.888539
xd.xpre.ptail                         0.656798
xd.pon                                 3.50959
xd.preamp_in1                              1.6
xd.pop                                 2.10184
xd.preamp_in2                              1.7
xd.xpre.xrlp.11                        3.62863
xd.xpre.xrlp.21                        2.10321
xd.xpre.xrln.11                        3.62989
xd.xpre.xrln.21                         3.5097
xd.xlat.ltail                          2.47163
xd.xlat.dip                               3.63
xd.xlat.din                               3.63
xd.outn                                   3.63
xd.outp                                   3.63
xd.sset                             6.2039e-09
xd.srst                             6.2039e-09
xd.xno1.ps                                3.63
doutd                              2.05399e-09
doutbd                                    3.63
xd.xno2.ps                                3.63
vde                                    -0.0001
ape                                    1.64995
ane                                    1.65005
ibne                                  0.888539
xe.xpre.ptail                         0.640207
xe.pon                                 2.80716
xe.preamp_in1                          1.64995
xe.pop                                 2.80525
xe.preamp_in2                          1.65005
xe.xpre.xrlp.11                        3.62926
xe.xpre.xrlp.21                        2.80599
xe.xpre.xrln.11                        3.62926
xe.xpre.xrln.21                         2.8079
xe.xlat.ltail                          1.89818
xe.xlat.dip                               3.63
xe.xlat.din                               3.63
xe.outn                                   3.63
xe.outp                                   3.63
xe.sset                             6.2039e-09
xe.srst                             6.2039e-09
xe.xno1.ps                                3.63
doute                              2.05399e-09
doutbe                                    3.63
xe.xno2.ps                                3.63
clkn                                         0
dan                                5.65838e-10
ddn                                5.65838e-10
den                                5.65838e-10
bden#branch                                  0
bddn#branch                                  0
bdan#branch                                  0
bclkn#branch                                 0
eane#branch                                  0
eape#branch                                  0
eand#branch                                  0
eapd#branch                                  0
eana#branch                                  0
eapa#branch                                  0
v.xe.vpn#branch                              0
v.xe.vpp#branch                              0
vde#branch                                   0
v.xd.vpn#branch                              0
v.xd.vpp#branch                              0
vdd_#branch                                  0
v.xa.vpn#branch                              0
v.xa.vpp#branch                              0
vda#branch                                   0
vcmn#branch                                  0
vclk#branch                                  0
vsupa#branch                      -1.99284e-05
vsup#branch                       -3.98628e-05


No. of Data Rows : 240
td_a                =  3.94317e-10 targ=  7.29943e-08 trig=  7.26000e-08
td_d                =  3.25770e-10 targ=  7.29258e-08 trig=  7.26000e-08
td_e                =  4.63124e-10 targ=  7.30631e-08 trig=  7.26000e-08
va_mid              =  1.59264e-07
vd_mid              =  8.49304e-08
ve_mid              =  1.60412e-07
va_end              =  1.00004e+00
vd_end              =  1.00003e+00
ve_end              =  1.00003e+00
q_idle              =  -3.86622e-13 from=  5.00000e-08 to=  7.00000e-08
q_act               =  -1.96115e-12 from=  7.25000e-08 to=  1.35000e-07
m_td_half_ns = 3.9431700000e-01
m_td_big_ns = 3.2576970000e-01
m_td_tiny_ns = 4.6312400000e-01
m_tau_ps = 1.6604932162e+01
m_margin_ns = 3.0855683000e+01
m_dout_pos_end = 1.0000360000e+00
m_dout_big_end = 1.0000340000e+00
m_dout_tiny_end = 1.0000340000e+00
m_e_dec_fj = 2.7332386744e+03
m_i_static_ua = 1.9331115000e+01
m_resolve_decades = 8.0701641724e+02
m_dout_pos_mid = 1.5926420000e-07
m_dout_big_mid = 8.4930420000e-08
m_dout_tiny_mid = 1.6041240000e-07
Note: Simulation executed from .control section 

