
Note: No compatibility mode selected!


Circuit: * adc-inl-dnl @ cap_ss_125c_3.63v -- generated by sim/harness, do not edit

Reducing trtol to 1 for xspice 'A' devices
Doing analysis at TEMP = 125.000000 and TNOM = 27.000000

Using SPARSE 1.3 as Direct Linear Solver

Initial Transient Solution
--------------------------

Node                                   Voltage
----                                   -------
clk                                          0
cmpclk                                       0
cmpclkb                                   3.63
vddt                                      3.63
vddd                                      3.63
vddc                                      3.63
vrefs                                     3.63
vrefn                                     3.63
vcmn                                     1.815
se_vinp                             0.00443115
se_vinn                                  1.815
se_start                                     0
se_mode                                      0
se_cmp                                 1.49495
se_samp_tp_n                                 0
se_sel_in_n                                  0
se_drdy                                   3.63
se_c9                                        0
se_c8                                        0
se_c7                                        0
se_c6                                        0
se_c5                                        0
se_c4                                        0
se_c3                                        0
se_c2                                        0
se_c1                                        0
se_c0                                        0
se_rel_n_256p                             3.63
se_sel_hi_n_256p                             0
se_sel_lo_n_256p                             0
se_rel_n_128p                             3.63
se_sel_hi_n_128p                             0
se_sel_lo_n_128p                             0
se_rel_n_64p                              3.63
se_sel_hi_n_64p                              0
se_sel_lo_n_64p                              0
se_rel_n_32p                              3.63
se_sel_hi_n_32p                              0
se_sel_lo_n_32p                              0
se_rel_n_16p                              3.63
se_sel_hi_n_16p                              0
se_sel_lo_n_16p                              0
se_rel_n_8p                               3.63
se_sel_hi_n_8p                               0
se_sel_lo_n_8p                               0
se_rel_n_4p                               3.63
se_sel_hi_n_4p                               0
se_sel_lo_n_4p                               0
se_rel_n_2p                               3.63
se_sel_hi_n_2p                               0
se_sel_lo_n_2p                               0
se_rel_n_1p                               3.63
se_sel_hi_n_1p                               0
se_sel_lo_n_1p                               0
se_rel_n_256n                             3.63
se_sel_hi_n_256n                             0
se_sel_lo_n_256n                             0
se_rel_n_128n                             3.63
se_sel_hi_n_128n                             0
se_sel_lo_n_128n                             0
se_rel_n_64n                              3.63
se_sel_hi_n_64n                              0
se_sel_lo_n_64n                              0
se_rel_n_32n                              3.63
se_sel_hi_n_32n                              0
se_sel_lo_n_32n                              0
se_rel_n_16n                              3.63
se_sel_hi_n_16n                              0
se_sel_lo_n_16n                              0
se_rel_n_8n                               3.63
se_sel_hi_n_8n                               0
se_sel_lo_n_8n                               0
se_rel_n_4n                               3.63
se_sel_hi_n_4n                               0
se_sel_lo_n_4n                               0
se_rel_n_2n                               3.63
se_sel_hi_n_2n                               0
se_sel_lo_n_2n                               0
se_rel_n_1n                               3.63
se_sel_hi_n_1n                               0
se_sel_lo_n_1n                               0
se_pinp                             0.00443133
se_pinn                                  1.815
xdut.\$65                                 3.63
xdut.\$27                          1.08676e-08
xdut.\$29                                 3.63
xdut.\$9                                  3.63
xdut.\$10                                1.815
xdut.\$67                                 3.63
xdut.\$31                          1.08676e-08
xdut.\$33                                 3.63
xdut.\$11                                 3.63
xdut.\$12                                1.815
xdut.\$69                                 3.63
xdut.\$35                          1.08676e-08
xdut.\$37                                 3.63
xdut.\$13                                 3.63
xdut.\$14                                1.815
xdut.\$71                                 3.63
xdut.\$39                          1.08676e-08
xdut.\$41                                 3.63
xdut.\$15                                 3.63
xdut.\$16                                1.815
xdut.\$73                                 3.63
xdut.\$43                          1.08676e-08
xdut.\$45                                 3.63
xdut.\$17                                 3.63
xdut.\$18                                1.815
xdut.\$75                                 3.63
xdut.\$47                          1.08676e-08
xdut.\$49                                 3.63
xdut.\$19                                 3.63
xdut.\$20                                1.815
xdut.\$77                                 3.63
xdut.\$51                          1.08676e-08
xdut.\$53                                 3.63
xdut.\$21                                 3.63
xdut.\$22                                1.815
xdut.\$79                                 3.63
xdut.\$55                          1.08676e-08
xdut.\$57                                 3.63
xdut.\$23                                 3.63
xdut.\$24                                1.815
xdut.\$81                                 3.63
xdut.\$59                          1.08676e-08
xdut.\$61                                 3.63
xdut.\$25                                 3.63
xdut.\$26                                1.815
xdut.\$83                                 3.63
xdut.\$85                          1.08676e-08
xdut.\$87                                 3.63
xdut.\$89                                 3.63
xdut.\$90                                1.815
xdut.\$92                                 3.63
xdut.\$94                          1.08676e-08
xdut.\$96                                 3.63
xdut.\$98                                 3.63
xdut.\$99                                1.815
xdut.\$100                                3.63
xdut.\$102                         1.08676e-08
xdut.\$104                                3.63
xdut.\$106                                3.63
xdut.\$107                               1.815
xdut.\$108                                3.63
xdut.\$110                         1.08676e-08
xdut.\$112                                3.63
xdut.\$114                                3.63
xdut.\$115                               1.815
xdut.\$116                                3.63
xdut.\$118                         1.08676e-08
xdut.\$120                                3.63
xdut.\$122                                3.63
xdut.\$123                               1.815
xdut.\$124                                3.63
xdut.\$126                         1.08676e-08
xdut.\$128                                3.63
xdut.\$130                                3.63
xdut.\$131                               1.815
xdut.\$132                                3.63
xdut.\$134                         1.08676e-08
xdut.\$136                                3.63
xdut.\$138                                3.63
xdut.\$139                               1.815
xdut.\$140                                3.63
xdut.\$142                         1.08676e-08
xdut.\$144                                3.63
xdut.\$146                                3.63
xdut.\$147                               1.815
xdut.\$166                                3.63
se_topp                                1.81508
xdut.\$167                                3.63
se_topn                                1.81508
xdut.\$148                                3.63
xdut.\$150                         1.08676e-08
xdut.\$152                                3.63
xdut.\$154                                3.63
xdut.\$155                               1.815
xdut.\$10__par                           1.815
xdut.\$100__par                           3.63
xdut.\$102__par                    1.08676e-08
xdut.\$104__par                           3.63
xdut.\$106__par                           3.63
xdut.\$107__par                          1.815
xdut.\$108__par                           3.63
xdut.\$11__par                            3.63
xdut.\$110__par                    1.08676e-08
xdut.\$112__par                           3.63
xdut.\$114__par                           3.63
xdut.\$115__par                          1.815
xdut.\$116__par                           3.63
xdut.\$118__par                    1.08676e-08
xdut.\$12__par                           1.815
xdut.\$120__par                           3.63
xdut.\$122__par                           3.63
xdut.\$123__par                          1.815
xdut.\$124__par                           3.63
xdut.\$126__par                    1.08676e-08
xdut.\$128__par                           3.63
xdut.\$13__par                            3.63
xdut.\$130__par                           3.63
xdut.\$131__par                          1.815
xdut.\$132__par                           3.63
xdut.\$134__par                    1.08676e-08
xdut.\$136__par                           3.63
xdut.\$138__par                           3.63
xdut.\$139__par                          1.815
xdut.\$14__par                           1.815
xdut.\$140__par                           3.63
xdut.\$142__par                    1.08676e-08
xdut.\$144__par                           3.63
xdut.\$146__par                           3.63
xdut.\$147__par                          1.815
xdut.\$148__par                           3.63
xdut.\$15__par                            3.63
xdut.\$150__par                    1.08676e-08
xdut.\$152__par                           3.63
xdut.\$154__par                           3.63
xdut.\$155__par                          1.815
xdut.\$16__par                           1.815
xdut.\$166__par                           3.63
xdut.\$167__par                           3.63
xdut.\$17__par                            3.63
xdut.\$18__par                           1.815
xdut.\$19__par                            3.63
xdut.\$20__par                           1.815
xdut.\$21__par                            3.63
xdut.\$22__par                           1.815
xdut.\$23__par                            3.63
xdut.\$24__par                           1.815
xdut.\$25__par                            3.63
xdut.\$26__par                           1.815
xdut.\$27__par                     1.08676e-08
xdut.\$29__par                            3.63
xdut.\$31__par                     1.08676e-08
xdut.\$33__par                            3.63
xdut.\$35__par                     1.08676e-08
xdut.\$37__par                            3.63
xdut.\$39__par                     1.08676e-08
xdut.\$41__par                            3.63
xdut.\$43__par                     1.08676e-08
xdut.\$45__par                            3.63
xdut.\$47__par                     1.08676e-08
xdut.\$49__par                            3.63
xdut.\$51__par                     1.08676e-08
xdut.\$53__par                            3.63
xdut.\$55__par                     1.08676e-08
xdut.\$57__par                            3.63
xdut.\$59__par                     1.08676e-08
xdut.\$61__par                            3.63
xdut.\$65__par                            3.63
xdut.\$67__par                            3.63
xdut.\$69__par                            3.63
xdut.\$71__par                            3.63
xdut.\$73__par                            3.63
xdut.\$75__par                            3.63
xdut.\$77__par                            3.63
xdut.\$79__par                            3.63
xdut.\$81__par                            3.63
xdut.\$83__par                            3.63
xdut.\$85__par                     1.08676e-08
xdut.\$87__par                            3.63
xdut.\$89__par                            3.63
xdut.\$9__par                             3.63
xdut.\$90__par                           1.815
xdut.\$92__par                            3.63
xdut.\$94__par                     1.08676e-08
xdut.\$96__par                            3.63
xdut.\$98__par                            3.63
xdut.\$99__par                           1.815
xdut.hi_128_n__par                           0
xdut.hi_128_p__par                           0
xdut.hi_16_n__par                            0
xdut.hi_16_p__par                            0
xdut.hi_1_n__par                             0
xdut.hi_1_p__par                             0
xdut.hi_256_n__par                           0
xdut.hi_256_p__par                           0
xdut.hi_2_n__par                             0
xdut.hi_2_p__par                             0
xdut.hi_32_n__par                            0
xdut.hi_32_p__par                            0
xdut.hi_4_n__par                             0
xdut.hi_4_p__par                             0
xdut.hi_64_n__par                            0
xdut.hi_64_p__par                            0
xdut.hi_8_n__par                             0
xdut.hi_8_p__par                             0
xdut.lo_128_n__par                           0
xdut.lo_128_p__par                           0
xdut.lo_16_n__par                            0
xdut.lo_16_p__par                            0
xdut.lo_1_n__par                             0
xdut.lo_1_p__par                             0
xdut.lo_256_n__par                           0
xdut.lo_256_p__par                           0
xdut.lo_2_n__par                             0
xdut.lo_2_p__par                             0
xdut.lo_32_n__par                            0
xdut.lo_32_p__par                            0
xdut.lo_4_n__par                             0
xdut.lo_4_p__par                             0
xdut.lo_64_n__par                            0
xdut.lo_64_p__par                            0
xdut.lo_8_n__par                             0
xdut.lo_8_p__par                             0
xdut.pinn__par                           1.815
xdut.pinp__par                      0.00443133
xdut.rel_128_n__par                       3.63
xdut.rel_128_p__par                       3.63
xdut.rel_16_n__par                        3.63
xdut.rel_16_p__par                        3.63
xdut.rel_1_n__par                         3.63
xdut.rel_1_p__par                         3.63
xdut.rel_256_n__par                       3.63
xdut.rel_256_p__par                       3.63
xdut.rel_2_n__par                         3.63
xdut.rel_2_p__par                         3.63
xdut.rel_32_n__par                        3.63
xdut.rel_32_p__par                        3.63
xdut.rel_4_n__par                         3.63
xdut.rel_4_p__par                         3.63
xdut.rel_64_n__par                        3.63
xdut.rel_64_p__par                        3.63
xdut.rel_8_n__par                         3.63
xdut.rel_8_p__par                         3.63
xdut.sel_in__par                             0
xdut.topn__par                         1.81508
xdut.topp__par                         1.81508
xdut.tp_gn__par                              0
xdut.vcm__par                            1.815
xdut.vdd__par                             3.63
xdut.vref__par                            3.63
xdut.vss__par                                0
se_ibias                              0.678004
xsecmp.xpre.ptail                     0.965928
xsecmp.pon                             2.94003
xsecmp.preamp_in1                      1.81508
xsecmp.pop                             2.94003
xsecmp.preamp_in2                      1.81508
xsecmp.xpre.xrlp.11                    3.62987
xsecmp.xpre.xrlp.21                    2.94016
xsecmp.xpre.xrln.11                    3.62987
xsecmp.xpre.xrln.21                    2.94016
xsecmp.xlat.ltail                      2.26678
xsecmp.xlat.dip                           3.63
xsecmp.xlat.din                           3.63
xsecmp.outn                               3.63
xsecmp.outp                               3.63
xsecmp.sset                        1.89066e-08
xsecmp.srst                        1.89066e-08
xsecmp.xno1.ps                         3.35096
se_cmpb                                1.49495
xsecmp.xno2.ps                         3.35096
se_code                                      0
se_dacp                           -1.11022e-16
se_dacn                           -1.11022e-16
se_di                                  1.81057
se_err                                  510.75
se_aerrh                                     0
bseea#branch                                 0
bsee#branch                                  0
bsedi#branch                                 0
bsedacn#branch                               0
bsedacp#branch                               0
bsecode#branch                               0
lref#branch                        1.75461e-09
v.xsecmp.vpn#branch               -5.33698e-30
v.xsecmp.vpp#branch                7.88402e-28
vsemode#branch                               0
vsestart#branch                              0
vsevinn#branch                       3.747e-16
vsevinp#branch                     7.18618e-09
vcms#branch                       -2.15218e-08
vrefs#branch                      -1.75461e-09
vddc#branch                       -0.000701438
vddd#branch                        -8.8116e-09
vddt#branch                                  0
vcmpclkb#branch                              0
vcmpclk#branch                               0
vclk#branch                                  0
a.xsectrl.a_gn#branch_1_0                    0
a.xsectrl.a_gn#branch_1_1                    0
a.xsectrl.a_gn#branch_1_2                    0
a.xsectrl.a_gn#branch_1_3                    0
a.xsectrl.a_gn#branch_1_4                    0
a.xsectrl.a_gn#branch_1_5                    0
a.xsectrl.a_gn#branch_1_6                    0
a.xsectrl.a_gn#branch_1_7                    0
a.xsectrl.a_gn#branch_1_8                    0
a.xsectrl.a_gn#branch_1_9                    0
a.xsectrl.a_gn#branch_1_10                   0
a.xsectrl.a_gn#branch_1_11                   0
a.xsectrl.a_gn#branch_1_12                   0
a.xsectrl.a_gn#branch_1_13                   0
a.xsectrl.a_gn#branch_1_14                   0
a.xsectrl.a_gn#branch_1_15                   0
a.xsectrl.a_gn#branch_1_16                   0
a.xsectrl.a_gn#branch_1_17                   0
a.xsectrl.a_gn#branch_1_18                   0
a.xsectrl.a_gn#branch_1_19                   0
a.xsectrl.a_gn#branch_1_20                   0
a.xsectrl.a_gn#branch_1_21                   0
a.xsectrl.a_gn#branch_1_22                   0
a.xsectrl.a_gn#branch_1_23                   0
a.xsectrl.a_gn#branch_1_24                   0
a.xsectrl.a_gn#branch_1_25                   0
a.xsectrl.a_gn#branch_1_26                   0
a.xsectrl.a_gn#branch_1_27                   0
a.xsectrl.a_gn#branch_1_28                   0
a.xsectrl.a_gn#branch_1_29                   0
a.xsectrl.a_gn#branch_1_30                   0
a.xsectrl.a_gn#branch_1_31                   0
a.xsectrl.a_gn#branch_1_32                   0
a.xsectrl.a_gn#branch_1_33                   0
a.xsectrl.a_gn#branch_1_34                   0
a.xsectrl.a_gn#branch_1_35                   0
a.xsectrl.a_gn#branch_1_36                   0
a.xsectrl.a_gn#branch_1_37                   0
a.xsectrl.a_gn#branch_1_38                   0
a.xsectrl.a_gn#branch_1_39                   0
a.xsectrl.a_gn#branch_1_40                   0
a.xsectrl.a_gn#branch_1_41                   0
a.xsectrl.a_gn#branch_1_42                   0
a.xsectrl.a_gn#branch_1_43                   0
a.xsectrl.a_gn#branch_1_44                   0
a.xsectrl.a_gn#branch_1_45                   0
a.xsectrl.a_gn#branch_1_46                   0
a.xsectrl.a_gn#branch_1_47                   0
a.xsectrl.a_gn#branch_1_48                   0
a.xsectrl.a_gn#branch_1_49                   0
a.xsectrl.a_gn#branch_1_50                   0
a.xsectrl.a_gn#branch_1_51                   0
a.xsectrl.a_gn#branch_1_52                   0
a.xsectrl.a_gn#branch_1_53                   0
a.xsectrl.a_dout#branch_1_0                  0
a.xsectrl.a_dout#branch_1_1                  0
a.xsectrl.a_dout#branch_1_2                  0
a.xsectrl.a_dout#branch_1_3                  0
a.xsectrl.a_dout#branch_1_4                  0
a.xsectrl.a_dout#branch_1_5                  0
a.xsectrl.a_dout#branch_1_6                  0
a.xsectrl.a_dout#branch_1_7                  0
a.xsectrl.a_dout#branch_1_8                  0
a.xsectrl.a_dout#branch_1_9                  0
a.xsectrl.a_dout#branch_1_10                 0
a.xsectrl.a_dout#branch_1_11                 0
a.xsectrl.a_dout#branch_1_12                 0

 Reference value :  0.00000e+00
 Reference value :  3.18068e-08
 Reference value :  1.07916e-07
 Reference value :  1.89874e-07
 Reference value :  2.53318e-07
 Reference value :  3.16009e-07
 Reference value :  3.78880e-07
 Reference value :  4.39765e-07
 Reference value :  4.70513e-07
 Reference value :  5.31319e-07
 Reference value :  5.93793e-07
 Reference value :  6.56435e-07
 Reference value :  7.19962e-07
 Reference value :  7.90699e-07
 Reference value :  8.56862e-07
 Reference value :  9.37700e-07
 Reference value :  1.00053e-06
 Reference value :  1.03202e-06
 Reference value :  1.12544e-06
 Reference value :  1.20679e-06
 Reference value :  1.25292e-06
 Reference value :  1.31299e-06
 Reference value :  1.37561e-06
 Reference value :  1.43788e-06
 Reference value :  1.50006e-06
 Reference value :  1.56270e-06
 Reference value :  1.62578e-06
 Reference value :  1.69007e-06
 Reference value :  1.77745e-06
 Reference value :  1.84377e-06
 Reference value :  1.90522e-06
 Reference value :  2.00003e-06
 Reference value :  2.03182e-06
 Reference value :  2.12520e-06
 Reference value :  2.19014e-06
 Reference value :  2.26850e-06
 Reference value :  2.32254e-06
 Reference value :  2.40628e-06
 Reference value :  2.46881e-06
 Reference value :  2.53147e-06
 Reference value :  2.59489e-06
 Reference value :  2.68769e-06
 Reference value :  2.75020e-06
 Reference value :  2.78164e-06
 Reference value :  2.81507e-06
 Reference value :  2.87520e-06
 Reference value :  2.90654e-06
 Reference value :  3.00040e-06
 Reference value :  3.03154e-06
 Reference value :  3.09793e-06
 Reference value :  3.18808e-06
 Reference value :  3.25086e-06
 Reference value :  3.28179e-06
 Reference value :  3.31851e-06
 Reference value :  3.37597e-06
 Reference value :  3.41995e-06
 Reference value :  3.46877e-06
 Reference value :  3.50253e-06
 Reference value :  3.56510e-06
 Reference value :  3.62756e-06
 Reference value :  3.68770e-06
 Reference value :  3.71915e-06
 Reference value :  3.77950e-06
 Reference value :  3.81298e-06
 Reference value :  3.84473e-06
 Reference value :  3.90629e-06
 Reference value :  3.93880e-06
 Reference value :  4.00034e-06
 Reference value :  4.04669e-06
 Reference value :  4.15631e-06
 Reference value :  4.21916e-06
 Reference value :  4.28136e-06
 Reference value :  4.34396e-06
 Reference value :  4.40676e-06
 Reference value :  4.46917e-06
 Reference value :  4.53145e-06
 Reference value :  4.59455e-06
 Reference value :  4.68760e-06
 Reference value :  4.75050e-06
 Reference value :  4.81494e-06
 Reference value :  4.87779e-06
 Reference value :  4.96892e-06
 Reference value :  5.03131e-06
 Reference value :  5.09428e-06
 Reference value :  5.18790e-06
 Reference value :  5.25036e-06
 Reference value :  5.31270e-06
 Reference value :  5.34385e-06
 Reference value :  5.37758e-06
 Reference value :  5.42627e-06
 Reference value :  5.46877e-06
 Reference value :  5.50205e-06
 Reference value :  5.54470e-06
 Reference value :  5.59440e-06
 Reference value :  5.66700e-06
 Reference value :  5.75020e-06
 Reference value :  5.81269e-06
 Reference value :  5.87510e-06
 Reference value :  5.93770e-06
 Reference value :  6.00263e-06
 Reference value :  6.09382e-06
 Reference value :  6.18763e-06
 Reference value :  6.25003e-06
 Reference value :  6.31270e-06
 Reference value :  6.37547e-06
 Reference value :  6.43797e-06
 Reference value :  6.50226e-06
 Reference value :  6.56505e-06
 Reference value :  6.64209e-06
 Reference value :  6.69473e-06
 Reference value :  6.78126e-06
 Reference value :  6.84387e-06
 Reference value :  6.90661e-06
 Reference value :  7.00019e-06
 Reference value :  7.03145e-06
 Reference value :  7.09459e-06
 Reference value :  7.18761e-06
 Reference value :  7.25025e-06
 Reference value :  7.28174e-06
 Reference value :  7.34430e-06
 Reference value :  7.40670e-06
 Reference value :  7.46911e-06
 Reference value :  7.54412e-06
 Reference value :  7.62518e-06
 Reference value :  7.68836e-06
 Reference value :  7.75253e-06
 Reference value :  7.82863e-06
 Reference value :  7.90632e-06
 Reference value :  8.00010e-06
 Reference value :  8.03138e-06
 Reference value :  8.06808e-06
 Reference value :  8.12519e-06
 Reference value :  8.15748e-06
 Reference value :  8.21882e-06
 Reference value :  8.25283e-06
 Reference value :  8.30458e-06
 Reference value :  8.34378e-06
 Reference value :  8.37574e-06
 Reference value :  8.40677e-06
 Reference value :  8.44184e-06
 Reference value :  8.50074e-06
 Reference value :  8.53259e-06
 Reference value :  8.59375e-06
 Reference value :  8.62749e-06
 Reference value :  8.68770e-06
 Reference value :  8.71909e-06
 Reference value :  8.77168e-06
 Reference value :  8.81477e-06
 Reference value :  8.84494e-06
 Reference value :  8.90625e-06
 Reference value :  8.93806e-06
 Reference value :  9.00037e-06
 Reference value :  9.03133e-06
 Reference value :  9.09385e-06
 Reference value :  9.15635e-06
 Reference value :  9.19010e-06
 Reference value :  9.25058e-06
 Reference value :  9.31304e-06
 Reference value :  9.37538e-06
 Reference value :  9.43790e-06
 Reference value :  9.50028e-06
 Reference value :  9.53163e-06
 Reference value :  9.56821e-06
 Reference value :  9.62729e-06
 Reference value :  9.68756e-06
 Reference value :  9.71895e-06
 Reference value :  9.75804e-06
 Reference value :  9.81415e-06
 Reference value :  9.86521e-06
 Reference value :  9.90632e-06
 Reference value :  9.96901e-06
 Reference value :  1.00313e-05
 Reference value :  1.01252e-05
 Reference value :  1.01902e-05
 Reference value :  1.02813e-05
 Reference value :  1.03438e-05
 Reference value :  1.04063e-05
 Reference value :  1.04448e-05
 Reference value :  1.05023e-05
 Reference value :  1.05561e-05
 Reference value :  1.05938e-05
 Reference value :  1.06276e-05
 Reference value :  1.06901e-05
 Reference value :  1.07525e-05
 Reference value :  1.08127e-05
 Reference value :  1.08762e-05
 Reference value :  1.09203e-05
 Reference value :  1.09694e-05
 Reference value :  1.10313e-05
 Reference value :  1.10942e-05
 Reference value :  1.11563e-05
 Reference value :  1.11882e-05
 Reference value :  1.12194e-05
 Reference value :  1.12586e-05
 Reference value :  1.13129e-05
 Reference value :  1.13442e-05
 Reference value :  1.13789e-05
 Reference value :  1.14381e-05
 Reference value :  1.14694e-05
 Reference value :  1.15248e-05
 Reference value :  1.15648e-05
 Reference value :  1.16250e-05
 Reference value :  1.16563e-05
 Reference value :  1.16901e-05
 Reference value :  1.17504e-05
 Reference value :  1.17819e-05
 Reference value :  1.18438e-05
 Reference value :  1.18774e-05
 Reference value :  1.19109e-05
 Reference value :  1.19693e-05
 Reference value :  1.20029e-05
 Reference value :  1.20625e-05
 Reference value :  1.21532e-05
 Reference value :  1.21899e-05
 Reference value :  1.22501e-05
 Reference value :  1.22814e-05
 Reference value :  1.23150e-05
 Reference value :  1.23750e-05
 Reference value :  1.24063e-05
 Reference value :  1.24689e-05
 Reference value :  1.25318e-05
 Reference value :  1.26172e-05
 Reference value :  1.26877e-05
 Reference value :  1.27512e-05
 Reference value :  1.28150e-05
 Reference value :  1.28776e-05
 Reference value :  1.29689e-05
 Reference value :  1.30314e-05
 Reference value :  1.31251e-05
 Reference value :  1.31904e-05
 Reference value :  1.32813e-05
 Reference value :  1.33438e-05
 Reference value :  1.34063e-05
 Reference value :  1.34689e-05
 Reference value :  1.35314e-05
 Reference value :  1.35947e-05
 Reference value :  1.36876e-05
 Reference value :  1.37197e-05
 Reference value :  1.37815e-05
 Reference value :  1.38438e-05
 Reference value :  1.39063e-05
 Reference value :  1.40001e-05
 Reference value :  1.40402e-05
 Reference value :  1.41512e-05
 Reference value :  1.42190e-05
 Reference value :  1.42817e-05
 Reference value :  1.43442e-05
 Reference value :  1.44065e-05
 Reference value :  1.44433e-05
 Reference value :  1.45031e-05
 Reference value :  1.45938e-05
 Reference value :  1.46568e-05
 Reference value :  1.47501e-05
 Reference value :  1.48131e-05
 Reference value :  1.48773e-05
 Reference value :  1.49399e-05
 Reference value :  1.50031e-05
 Reference value :  1.50939e-05
 Reference value :  1.51804e-05
 Reference value :  1.52192e-05
 Reference value :  1.52531e-05
 Reference value :  1.53127e-05
 Reference value :  1.53440e-05
 Reference value :  1.53775e-05
 Reference value :  1.54176e-05
 Reference value :  1.54688e-05
 Reference value :  1.55024e-05
 Reference value :  1.55626e-05
 Reference value :  1.55939e-05
 Reference value :  1.56288e-05
 Reference value :  1.56887e-05
 Reference value :  1.57500e-05
 Reference value :  1.57814e-05
 Reference value :  1.58152e-05
 Reference value :  1.58755e-05
 Reference value :  1.59073e-05
 Reference value :  1.59693e-05
 Reference value :  1.60029e-05
 Reference value :  1.60625e-05
 Reference value :  1.60951e-05
 Reference value :  1.61568e-05
 Reference value :  1.62188e-05
 Reference value :  1.62517e-05
 Reference value :  1.62819e-05
 Reference value :  1.63438e-05
 Reference value :  1.64064e-05
 Reference value :  1.64515e-05
 Reference value :  1.65313e-05
 Reference value :  1.65940e-05
 Reference value :  1.66760e-05
 Reference value :  1.67503e-05
 Reference value :  1.68149e-05
 Reference value :  1.68777e-05
 Reference value :  1.69689e-05
 Reference value :  1.70314e-05
 Reference value :  1.71250e-05
 Reference value :  1.71898e-05
 Reference value :  1.72510e-05
 Reference value :  1.73148e-05
 Reference value :  1.73777e-05
 Reference value :  1.74402e-05
 Reference value :  1.75005e-05
 Reference value :  1.75582e-05
 Reference value :  1.75938e-05
 Reference value :  1.76277e-05
 Reference value :  1.76881e-05
 Reference value :  1.77524e-05
 Reference value :  1.78150e-05
 Reference value :  1.78753e-05
 Reference value :  1.79069e-05
 Reference value :  1.79692e-05
 Reference value :  1.80029e-05
 Reference value :  1.80626e-05
 Reference value :  1.81214e-05
 Reference value :  1.81703e-05
 Reference value :  1.82189e-05
 Reference value :  1.82531e-05
 Reference value :  1.83127e-05
 Reference value :  1.83440e-05
 Reference value :  1.83845e-05
 Reference value :  1.84398e-05
 Reference value :  1.85001e-05
 Reference value :  1.85315e-05
 Reference value :  1.85685e-05
 Reference value :  1.86273e-05
 Reference value :  1.86876e-05
 Reference value :  1.87191e-05
 Reference value :  1.87694e-05
 Reference value :  1.88130e-05
 Reference value :  1.88444e-05
 Reference value :  1.88782e-05
 Reference value :  1.89388e-05
 Reference value :  1.90009e-05
 Reference value :  1.90316e-05
 Reference value :  1.90938e-05
 Reference value :  1.91563e-05
 Reference value :  1.91879e-05
 Reference value :  1.92197e-05
 Reference value :  1.92794e-05
 Reference value :  1.93150e-05
 Reference value :  1.93755e-05
 Reference value :  1.94157e-05
 Reference value :  1.94688e-05
 Reference value :  1.95025e-05
 Reference value :  1.95627e-05
 Reference value :  1.95943e-05
 Reference value :  1.96563e-05
 Reference value :  1.96899e-05
 Reference value :  1.97502e-05
 Reference value :  1.97928e-05
 Reference value :  1.98751e-05
 Reference value :  1.99376e-05
No. of Data Rows : 49962
e1                  =  1.01295e+00
x1                  =  6.58267e+00 at=  2.28140e-06
cd1                 =  2.00000e+00
e2                  =  9.78577e-01
x2                  =  6.56512e+00 at=  3.28140e-06
cd2                 =  3.00000e+00
e128                =  6.70542e-01
x128                =  4.59576e+00 at=  4.28141e-06
cd128               =  1.28000e+02
e129                =  7.65176e-01
x129                =  4.64745e+00 at=  5.28141e-06
cd129               =  1.30000e+02
e255                =  4.29071e-01
x255                =  2.71141e+00 at=  6.28144e-06
cd255               =  2.55000e+02
e256                =  4.87501e-01
x256                =  2.76378e+00 at=  7.28142e-06
cd256               =  2.56000e+02
e257                =  4.88613e-01
x257                =  2.75254e+00 at=  8.28142e-06
cd257               =  2.57000e+02
e384                =  1.74045e-01
x384                =  1.48608e+00 at=  9.28142e-06
cd384               =  3.84000e+02
e511                =  -5.68358e-02
x511                =  2.37838e+00 at=  1.03439e-05
cd511               =  5.11000e+02
e512                =  -4.89261e-03
x512                =  2.26411e+00 at=  1.13439e-05
cd512               =  5.12000e+02
e513                =  3.11295e-03
x513                =  2.26303e+00 at=  1.23439e-05
cd513               =  5.13000e+02
e640                =  -3.15658e-01
x640                =  1.61154e+00 at=  1.32814e-05
cd640               =  6.39000e+02
e767                =  -5.51922e-01
x767                =  2.85002e+00 at=  1.42814e-05
cd767               =  7.66000e+02
e768                =  -5.04137e-01
x768                =  2.79262e+00 at=  1.52814e-05
cd768               =  7.67000e+02
e769                =  -4.96095e-01
x769                =  2.80182e+00 at=  1.62814e-05
cd769               =  7.68000e+02
e896                =  -8.07097e-01
x896                =  4.15175e+00 at=  1.72814e-05
cd896               =  8.95000e+02
e1022               =  -1.04490e+00
x1022               =  5.50788e+00 at=  1.82814e-05
cd1022              =  1.02100e+03
e1023               =  -9.79481e-01
x1023               =  5.45426e+00 at=  1.92814e-05
cd1023              =  1.02200e+03
vrefhi              =  3.63015e+00 at=  1.53149e-05
vreflo              =  3.62984e+00 at=  1.25686e-05
m_terr_t1_lsb = 1.0129500000e+00
m_decerr_t1_lsb = 6.5826680000e+00
m_code_t1 = 2.0000000000e+00
m_terr_t2_lsb = 9.7857700000e-01
m_decerr_t2_lsb = 6.5651210000e+00
m_code_t2 = 3.0000000000e+00
m_terr_t128_lsb = 6.7054160000e-01
m_decerr_t128_lsb = 4.5957550000e+00
m_code_t128 = 1.2800000000e+02
m_terr_t129_lsb = 7.6517640000e-01
m_decerr_t129_lsb = 4.6474470000e+00
m_code_t129 = 1.3000000000e+02
m_terr_t255_lsb = 4.2907080000e-01
m_decerr_t255_lsb = 2.7114060000e+00
m_code_t255 = 2.5500000000e+02
m_terr_t256_lsb = 4.8750130000e-01
m_decerr_t256_lsb = 2.7637770000e+00
m_code_t256 = 2.5600000000e+02
m_terr_t257_lsb = 4.8861280000e-01
m_decerr_t257_lsb = 2.7525380000e+00
m_code_t257 = 2.5700000000e+02
m_terr_t384_lsb = 1.7404490000e-01
m_decerr_t384_lsb = 1.4860790000e+00
m_code_t384 = 3.8400000000e+02
m_terr_t511_lsb = -5.683581000e-02
m_decerr_t511_lsb = 2.3783780000e+00
m_code_t511 = 5.1100000000e+02
m_terr_t512_lsb = -4.892614000e-03
m_decerr_t512_lsb = 2.2641130000e+00
m_code_t512 = 5.1200000000e+02
m_terr_t513_lsb = 3.1129540000e-03
m_decerr_t513_lsb = 2.2630290000e+00
m_code_t513 = 5.1300000000e+02
m_terr_t640_lsb = -3.156582000e-01
m_decerr_t640_lsb = 1.6115400000e+00
m_code_t640 = 6.3900000000e+02
m_terr_t767_lsb = -5.519216000e-01
m_decerr_t767_lsb = 2.8500220000e+00
m_code_t767 = 7.6600000000e+02
m_terr_t768_lsb = -5.041372000e-01
m_decerr_t768_lsb = 2.7926190000e+00
m_code_t768 = 7.6700000000e+02
m_terr_t769_lsb = -4.960952000e-01
m_decerr_t769_lsb = 2.8018190000e+00
m_code_t769 = 7.6800000000e+02
m_terr_t896_lsb = -8.070971000e-01
m_decerr_t896_lsb = 4.1517530000e+00
m_code_t896 = 8.9500000000e+02
m_terr_t1022_lsb = -1.044898000e+00
m_decerr_t1022_lsb = 5.5078770000e+00
m_code_t1022 = 1.0210000000e+03
m_terr_t1023_lsb = -9.794810000e-01
m_decerr_t1023_lsb = 5.4542600000e+00
m_code_t1023 = 1.0220000000e+03
m_inl_t1_lsb = 0.0000000000e+00
m_inl_t2_lsb = -3.242345890e-02
m_inl_t128_lsb = -9.481668082e-02
m_inl_t129_lsb = 1.7676602740e-03
m_inl_t255_lsb = -8.869576164e-02
m_inl_t256_lsb = -2.831572055e-02
m_inl_t257_lsb = -2.525467945e-02
m_inl_t384_lsb = -9.223086027e-02
m_inl_t511_lsb = -7.551985110e-02
m_inl_t512_lsb = -2.162711400e-02
m_inl_t513_lsb = -1.167200490e-02
m_inl_t640_lsb = -8.285143973e-02
m_inl_t767_lsb = -7.152312055e-02
m_inl_t768_lsb = -2.178917945e-02
m_inl_t769_lsb = -1.179763836e-02
m_inl_t896_lsb = -7.520781918e-02
m_inl_t1022_lsb = -6.736654110e-02
m_inl_t1023_lsb = 0.0000000000e+00
m_dnl_t1_t2_lsb = -3.437300000e-02
m_dnl_t128_t129_lsb = 9.4634800000e-02
m_dnl_t255_t256_lsb = 5.8430500000e-02
m_dnl_t256_t257_lsb = 1.1115000000e-03
m_dnl_t511_t512_lsb = 5.1943196000e-02
m_dnl_t512_t513_lsb = 8.0055680000e-03
m_dnl_t767_t768_lsb = 4.7784400000e-02
m_dnl_t768_t769_lsb = 8.0420000000e-03
m_dnl_t1022_t1023_lsb = 6.5417000000e-02
m_gain_err_lsb = -1.994380541e+00
m_vref_droop_mv = 3.1700000000e-01
Note: Simulation executed from .control section 

Note: Starting dynamic gmin stepping
Note: Dynamic gmin stepping completed
