
Note: No compatibility mode selected!


Circuit: * adc-inl-dnl @ cap_ss_27c_2.97v -- generated by sim/harness, do not edit

Reducing trtol to 1 for xspice 'A' devices
Doing analysis at TEMP = 27.000000 and TNOM = 27.000000

Using SPARSE 1.3 as Direct Linear Solver

Initial Transient Solution
--------------------------

Node                                   Voltage
----                                   -------
clk                                          0
cmpclk                                       0
cmpclkb                                   2.97
vddt                                      2.97
vddd                                      2.97
vddc                                      2.97
vrefs                                     2.97
vrefn                                     2.97
vcmn                                     1.485
se_vinp                             0.00362549
se_vinn                                  1.485
se_start                                     0
se_mode                                      0
se_cmp                                 1.24105
se_samp_tp_n                                 0
se_sel_in_n                                  0
se_drdy                                   2.97
se_c9                                        0
se_c8                                        0
se_c7                                        0
se_c6                                        0
se_c5                                        0
se_c4                                        0
se_c3                                        0
se_c2                                        0
se_c1                                        0
se_c0                                        0
se_rel_n_256p                             2.97
se_sel_hi_n_256p                             0
se_sel_lo_n_256p                             0
se_rel_n_128p                             2.97
se_sel_hi_n_128p                             0
se_sel_lo_n_128p                             0
se_rel_n_64p                              2.97
se_sel_hi_n_64p                              0
se_sel_lo_n_64p                              0
se_rel_n_32p                              2.97
se_sel_hi_n_32p                              0
se_sel_lo_n_32p                              0
se_rel_n_16p                              2.97
se_sel_hi_n_16p                              0
se_sel_lo_n_16p                              0
se_rel_n_8p                               2.97
se_sel_hi_n_8p                               0
se_sel_lo_n_8p                               0
se_rel_n_4p                               2.97
se_sel_hi_n_4p                               0
se_sel_lo_n_4p                               0
se_rel_n_2p                               2.97
se_sel_hi_n_2p                               0
se_sel_lo_n_2p                               0
se_rel_n_1p                               2.97
se_sel_hi_n_1p                               0
se_sel_lo_n_1p                               0
se_rel_n_256n                             2.97
se_sel_hi_n_256n                             0
se_sel_lo_n_256n                             0
se_rel_n_128n                             2.97
se_sel_hi_n_128n                             0
se_sel_lo_n_128n                             0
se_rel_n_64n                              2.97
se_sel_hi_n_64n                              0
se_sel_lo_n_64n                              0
se_rel_n_32n                              2.97
se_sel_hi_n_32n                              0
se_sel_lo_n_32n                              0
se_rel_n_16n                              2.97
se_sel_hi_n_16n                              0
se_sel_lo_n_16n                              0
se_rel_n_8n                               2.97
se_sel_hi_n_8n                               0
se_sel_lo_n_8n                               0
se_rel_n_4n                               2.97
se_sel_hi_n_4n                               0
se_sel_lo_n_4n                               0
se_rel_n_2n                               2.97
se_sel_hi_n_2n                               0
se_sel_lo_n_2n                               0
se_rel_n_1n                               2.97
se_sel_hi_n_1n                               0
se_sel_lo_n_1n                               0
se_pinp                             0.00362549
se_pinn                                  1.485
xdut.\$65                                 2.97
xdut.\$27                          1.48424e-09
xdut.\$29                                 2.97
xdut.\$9                                  2.97
xdut.\$10                                1.485
xdut.\$67                                 2.97
xdut.\$31                          1.48424e-09
xdut.\$33                                 2.97
xdut.\$11                                 2.97
xdut.\$12                                1.485
xdut.\$69                                 2.97
xdut.\$35                          1.48424e-09
xdut.\$37                                 2.97
xdut.\$13                                 2.97
xdut.\$14                                1.485
xdut.\$71                                 2.97
xdut.\$39                          1.48424e-09
xdut.\$41                                 2.97
xdut.\$15                                 2.97
xdut.\$16                                1.485
xdut.\$73                                 2.97
xdut.\$43                          1.48424e-09
xdut.\$45                                 2.97
xdut.\$17                                 2.97
xdut.\$18                                1.485
xdut.\$75                                 2.97
xdut.\$47                          1.48424e-09
xdut.\$49                                 2.97
xdut.\$19                                 2.97
xdut.\$20                                1.485
xdut.\$77                                 2.97
xdut.\$51                          1.48424e-09
xdut.\$53                                 2.97
xdut.\$21                                 2.97
xdut.\$22                                1.485
xdut.\$79                                 2.97
xdut.\$55                          1.48424e-09
xdut.\$57                                 2.97
xdut.\$23                                 2.97
xdut.\$24                                1.485
xdut.\$81                                 2.97
xdut.\$59                          1.48424e-09
xdut.\$61                                 2.97
xdut.\$25                                 2.97
xdut.\$26                                1.485
xdut.\$83                                 2.97
xdut.\$85                          1.48424e-09
xdut.\$87                                 2.97
xdut.\$89                                 2.97
xdut.\$90                                1.485
xdut.\$92                                 2.97
xdut.\$94                          1.48424e-09
xdut.\$96                                 2.97
xdut.\$98                                 2.97
xdut.\$99                                1.485
xdut.\$100                                2.97
xdut.\$102                         1.48424e-09
xdut.\$104                                2.97
xdut.\$106                                2.97
xdut.\$107                               1.485
xdut.\$108                                2.97
xdut.\$110                         1.48424e-09
xdut.\$112                                2.97
xdut.\$114                                2.97
xdut.\$115                               1.485
xdut.\$116                                2.97
xdut.\$118                         1.48424e-09
xdut.\$120                                2.97
xdut.\$122                                2.97
xdut.\$123                               1.485
xdut.\$124                                2.97
xdut.\$126                         1.48424e-09
xdut.\$128                                2.97
xdut.\$130                                2.97
xdut.\$131                               1.485
xdut.\$132                                2.97
xdut.\$134                         1.48424e-09
xdut.\$136                                2.97
xdut.\$138                                2.97
xdut.\$139                               1.485
xdut.\$140                                2.97
xdut.\$142                         1.48424e-09
xdut.\$144                                2.97
xdut.\$146                                2.97
xdut.\$147                               1.485
xdut.\$166                                2.97
se_topp                                1.48505
xdut.\$167                                2.97
se_topn                                1.48505
xdut.\$148                                2.97
xdut.\$150                         1.48424e-09
xdut.\$152                                2.97
xdut.\$154                                2.97
xdut.\$155                               1.485
xdut.\$10__par                           1.485
xdut.\$100__par                           2.97
xdut.\$102__par                    1.48424e-09
xdut.\$104__par                           2.97
xdut.\$106__par                           2.97
xdut.\$107__par                          1.485
xdut.\$108__par                           2.97
xdut.\$11__par                            2.97
xdut.\$110__par                    1.48424e-09
xdut.\$112__par                           2.97
xdut.\$114__par                           2.97
xdut.\$115__par                          1.485
xdut.\$116__par                           2.97
xdut.\$118__par                    1.48424e-09
xdut.\$12__par                           1.485
xdut.\$120__par                           2.97
xdut.\$122__par                           2.97
xdut.\$123__par                          1.485
xdut.\$124__par                           2.97
xdut.\$126__par                    1.48424e-09
xdut.\$128__par                           2.97
xdut.\$13__par                            2.97
xdut.\$130__par                           2.97
xdut.\$131__par                          1.485
xdut.\$132__par                           2.97
xdut.\$134__par                    1.48424e-09
xdut.\$136__par                           2.97
xdut.\$138__par                           2.97
xdut.\$139__par                          1.485
xdut.\$14__par                           1.485
xdut.\$140__par                           2.97
xdut.\$142__par                    1.48424e-09
xdut.\$144__par                           2.97
xdut.\$146__par                           2.97
xdut.\$147__par                          1.485
xdut.\$148__par                           2.97
xdut.\$15__par                            2.97
xdut.\$150__par                    1.48424e-09
xdut.\$152__par                           2.97
xdut.\$154__par                           2.97
xdut.\$155__par                          1.485
xdut.\$16__par                           1.485
xdut.\$166__par                           2.97
xdut.\$167__par                           2.97
xdut.\$17__par                            2.97
xdut.\$18__par                           1.485
xdut.\$19__par                            2.97
xdut.\$20__par                           1.485
xdut.\$21__par                            2.97
xdut.\$22__par                           1.485
xdut.\$23__par                            2.97
xdut.\$24__par                           1.485
xdut.\$25__par                            2.97
xdut.\$26__par                           1.485
xdut.\$27__par                     1.48424e-09
xdut.\$29__par                            2.97
xdut.\$31__par                     1.48424e-09
xdut.\$33__par                            2.97
xdut.\$35__par                     1.48424e-09
xdut.\$37__par                            2.97
xdut.\$39__par                     1.48424e-09
xdut.\$41__par                            2.97
xdut.\$43__par                     1.48424e-09
xdut.\$45__par                            2.97
xdut.\$47__par                     1.48424e-09
xdut.\$49__par                            2.97
xdut.\$51__par                     1.48424e-09
xdut.\$53__par                            2.97
xdut.\$55__par                     1.48424e-09
xdut.\$57__par                            2.97
xdut.\$59__par                     1.48424e-09
xdut.\$61__par                            2.97
xdut.\$65__par                            2.97
xdut.\$67__par                            2.97
xdut.\$69__par                            2.97
xdut.\$71__par                            2.97
xdut.\$73__par                            2.97
xdut.\$75__par                            2.97
xdut.\$77__par                            2.97
xdut.\$79__par                            2.97
xdut.\$81__par                            2.97
xdut.\$83__par                            2.97
xdut.\$85__par                     1.48424e-09
xdut.\$87__par                            2.97
xdut.\$89__par                            2.97
xdut.\$9__par                             2.97
xdut.\$90__par                           1.485
xdut.\$92__par                            2.97
xdut.\$94__par                     1.48424e-09
xdut.\$96__par                            2.97
xdut.\$98__par                            2.97
xdut.\$99__par                           1.485
xdut.hi_128_n__par                           0
xdut.hi_128_p__par                           0
xdut.hi_16_n__par                            0
xdut.hi_16_p__par                            0
xdut.hi_1_n__par                             0
xdut.hi_1_p__par                             0
xdut.hi_256_n__par                           0
xdut.hi_256_p__par                           0
xdut.hi_2_n__par                             0
xdut.hi_2_p__par                             0
xdut.hi_32_n__par                            0
xdut.hi_32_p__par                            0
xdut.hi_4_n__par                             0
xdut.hi_4_p__par                             0
xdut.hi_64_n__par                            0
xdut.hi_64_p__par                            0
xdut.hi_8_n__par                             0
xdut.hi_8_p__par                             0
xdut.lo_128_n__par                           0
xdut.lo_128_p__par                           0
xdut.lo_16_n__par                            0
xdut.lo_16_p__par                            0
xdut.lo_1_n__par                             0
xdut.lo_1_p__par                             0
xdut.lo_256_n__par                           0
xdut.lo_256_p__par                           0
xdut.lo_2_n__par                             0
xdut.lo_2_p__par                             0
xdut.lo_32_n__par                            0
xdut.lo_32_p__par                            0
xdut.lo_4_n__par                             0
xdut.lo_4_p__par                             0
xdut.lo_64_n__par                            0
xdut.lo_64_p__par                            0
xdut.lo_8_n__par                             0
xdut.lo_8_p__par                             0
xdut.pinn__par                           1.485
xdut.pinp__par                      0.00362549
xdut.rel_128_n__par                       2.97
xdut.rel_128_p__par                       2.97
xdut.rel_16_n__par                        2.97
xdut.rel_16_p__par                        2.97
xdut.rel_1_n__par                         2.97
xdut.rel_1_p__par                         2.97
xdut.rel_256_n__par                       2.97
xdut.rel_256_p__par                       2.97
xdut.rel_2_n__par                         2.97
xdut.rel_2_p__par                         2.97
xdut.rel_32_n__par                        2.97
xdut.rel_32_p__par                        2.97
xdut.rel_4_n__par                         2.97
xdut.rel_4_p__par                         2.97
xdut.rel_64_n__par                        2.97
xdut.rel_64_p__par                        2.97
xdut.rel_8_n__par                         2.97
xdut.rel_8_p__par                         2.97
xdut.sel_in__par                             0
xdut.topn__par                         1.48505
xdut.topp__par                         1.48505
xdut.tp_gn__par                              0
xdut.vcm__par                            1.485
xdut.vdd__par                             2.97
xdut.vref__par                            2.97
xdut.vss__par                                0
se_ibias                              0.753672
xsecmp.xpre.ptail                     0.631533
xsecmp.pon                             2.18746
xsecmp.preamp_in1                      1.48505
xsecmp.pop                             2.18746
xsecmp.preamp_in2                      1.48505
xsecmp.xpre.xrlp.11                    2.96983
xsecmp.xpre.xrlp.21                    2.18763
xsecmp.xpre.xrln.11                    2.96983
xsecmp.xpre.xrln.21                    2.18763
xsecmp.xlat.ltail                       1.5921
xsecmp.xlat.dip                           2.97
xsecmp.xlat.din                           2.97
xsecmp.outn                               2.97
xsecmp.outp                               2.97
xsecmp.sset                        5.89548e-09
xsecmp.srst                        5.89548e-09
xsecmp.xno1.ps                         2.80172
se_cmpb                                1.24105
xsecmp.xno2.ps                         2.80172
se_code                                      0
se_dacp                            1.11022e-16
se_dacn                            1.11022e-16
se_di                                  1.48137
se_err                                  510.75
se_aerrh                                     0
bseea#branch                                 0
bsee#branch                                  0
bsedi#branch                                 0
bsedacn#branch                               0
bsedacp#branch                               0
bsecode#branch                               0
lref#branch                         5.4728e-11
v.xsecmp.vpn#branch                 4.5223e-29
v.xsecmp.vpp#branch               -6.15375e-28
vsemode#branch                               0
vsestart#branch                              0
vsevinn#branch                               0
vsevinp#branch                     4.47037e-11
vcms#branch                       -4.89752e-11
vrefs#branch                       -5.4728e-11
vddc#branch                       -0.000457301
vddd#branch                       -4.78648e-10
vddt#branch                                  0
vcmpclkb#branch                              0
vcmpclk#branch                               0
vclk#branch                                  0
a.xsectrl.a_gn#branch_1_0                    0
a.xsectrl.a_gn#branch_1_1                    0
a.xsectrl.a_gn#branch_1_2                    0
a.xsectrl.a_gn#branch_1_3                    0
a.xsectrl.a_gn#branch_1_4                    0
a.xsectrl.a_gn#branch_1_5                    0
a.xsectrl.a_gn#branch_1_6                    0
a.xsectrl.a_gn#branch_1_7                    0
a.xsectrl.a_gn#branch_1_8                    0
a.xsectrl.a_gn#branch_1_9                    0
a.xsectrl.a_gn#branch_1_10                   0
a.xsectrl.a_gn#branch_1_11                   0
a.xsectrl.a_gn#branch_1_12                   0
a.xsectrl.a_gn#branch_1_13                   0
a.xsectrl.a_gn#branch_1_14                   0
a.xsectrl.a_gn#branch_1_15                   0
a.xsectrl.a_gn#branch_1_16                   0
a.xsectrl.a_gn#branch_1_17                   0
a.xsectrl.a_gn#branch_1_18                   0
a.xsectrl.a_gn#branch_1_19                   0
a.xsectrl.a_gn#branch_1_20                   0
a.xsectrl.a_gn#branch_1_21                   0
a.xsectrl.a_gn#branch_1_22                   0
a.xsectrl.a_gn#branch_1_23                   0
a.xsectrl.a_gn#branch_1_24                   0
a.xsectrl.a_gn#branch_1_25                   0
a.xsectrl.a_gn#branch_1_26                   0
a.xsectrl.a_gn#branch_1_27                   0
a.xsectrl.a_gn#branch_1_28                   0
a.xsectrl.a_gn#branch_1_29                   0
a.xsectrl.a_gn#branch_1_30                   0
a.xsectrl.a_gn#branch_1_31                   0
a.xsectrl.a_gn#branch_1_32                   0
a.xsectrl.a_gn#branch_1_33                   0
a.xsectrl.a_gn#branch_1_34                   0
a.xsectrl.a_gn#branch_1_35                   0
a.xsectrl.a_gn#branch_1_36                   0
a.xsectrl.a_gn#branch_1_37                   0
a.xsectrl.a_gn#branch_1_38                   0
a.xsectrl.a_gn#branch_1_39                   0
a.xsectrl.a_gn#branch_1_40                   0
a.xsectrl.a_gn#branch_1_41                   0
a.xsectrl.a_gn#branch_1_42                   0
a.xsectrl.a_gn#branch_1_43                   0
a.xsectrl.a_gn#branch_1_44                   0
a.xsectrl.a_gn#branch_1_45                   0
a.xsectrl.a_gn#branch_1_46                   0
a.xsectrl.a_gn#branch_1_47                   0
a.xsectrl.a_gn#branch_1_48                   0
a.xsectrl.a_gn#branch_1_49                   0
a.xsectrl.a_gn#branch_1_50                   0
a.xsectrl.a_gn#branch_1_51                   0
a.xsectrl.a_gn#branch_1_52                   0
a.xsectrl.a_gn#branch_1_53                   0
a.xsectrl.a_dout#branch_1_0                  0
a.xsectrl.a_dout#branch_1_1                  0
a.xsectrl.a_dout#branch_1_2                  0
a.xsectrl.a_dout#branch_1_3                  0
a.xsectrl.a_dout#branch_1_4                  0
a.xsectrl.a_dout#branch_1_5                  0
a.xsectrl.a_dout#branch_1_6                  0
a.xsectrl.a_dout#branch_1_7                  0
a.xsectrl.a_dout#branch_1_8                  0
a.xsectrl.a_dout#branch_1_9                  0
a.xsectrl.a_dout#branch_1_10                 0
a.xsectrl.a_dout#branch_1_11                 0
a.xsectrl.a_dout#branch_1_12                 0

 Reference value :  0.00000e+00
 Reference value :  3.13222e-08
 Reference value :  8.13627e-08
 Reference value :  1.30417e-07
 Reference value :  1.88157e-07
 Reference value :  2.50711e-07
 Reference value :  2.82007e-07
 Reference value :  3.36748e-07
 Reference value :  3.77398e-07
 Reference value :  4.37637e-07
 Reference value :  5.00202e-07
 Reference value :  5.63162e-07
 Reference value :  6.27539e-07
 Reference value :  7.16399e-07
 Reference value :  7.53367e-07
 Reference value :  8.12868e-07
 Reference value :  8.75434e-07
 Reference value :  9.63195e-07
 Reference value :  1.00743e-06
 Reference value :  1.09420e-06
 Reference value :  1.18801e-06
 Reference value :  1.25289e-06
 Reference value :  1.31503e-06
 Reference value :  1.37933e-06
 Reference value :  1.46877e-06
 Reference value :  1.50338e-06
 Reference value :  1.56566e-06
 Reference value :  1.65626e-06
 Reference value :  1.71894e-06
 Reference value :  1.78183e-06
 Reference value :  1.84436e-06
 Reference value :  1.93760e-06
 Reference value :  2.00248e-06
 Reference value :  2.06290e-06
 Reference value :  2.15673e-06
 Reference value :  2.24341e-06
 Reference value :  2.31072e-06
 Reference value :  2.35932e-06
 Reference value :  2.40635e-06
 Reference value :  2.44156e-06
 Reference value :  2.50226e-06
 Reference value :  2.56316e-06
 Reference value :  2.62727e-06
 Reference value :  2.69002e-06
 Reference value :  2.75435e-06
 Reference value :  2.84029e-06
 Reference value :  2.87799e-06
 Reference value :  2.95974e-06
 Reference value :  3.00229e-06
 Reference value :  3.03169e-06
 Reference value :  3.09385e-06
 Reference value :  3.15631e-06
 Reference value :  3.18995e-06
 Reference value :  3.25020e-06
 Reference value :  3.28145e-06
 Reference value :  3.31505e-06
 Reference value :  3.37519e-06
 Reference value :  3.40642e-06
 Reference value :  3.44096e-06
 Reference value :  3.50058e-06
 Reference value :  3.53291e-06
 Reference value :  3.59376e-06
 Reference value :  3.62763e-06
 Reference value :  3.68819e-06
 Reference value :  3.75010e-06
 Reference value :  3.81268e-06
 Reference value :  3.86789e-06
 Reference value :  3.90633e-06
 Reference value :  3.94022e-06
 Reference value :  4.00057e-06
 Reference value :  4.03133e-06
 Reference value :  4.09386e-06
 Reference value :  4.15635e-06
 Reference value :  4.19008e-06
 Reference value :  4.25290e-06
 Reference value :  4.31511e-06
 Reference value :  4.37754e-06
 Reference value :  4.43998e-06
 Reference value :  4.49245e-06
 Reference value :  4.53131e-06
 Reference value :  4.56499e-06
 Reference value :  4.62519e-06
 Reference value :  4.65645e-06
 Reference value :  4.69643e-06
 Reference value :  4.75228e-06
 Reference value :  4.81260e-06
 Reference value :  4.84397e-06
 Reference value :  4.87795e-06
 Reference value :  4.93801e-06
 Reference value :  5.00028e-06
 Reference value :  5.03132e-06
 Reference value :  5.09379e-06
 Reference value :  5.12548e-06
 Reference value :  5.18776e-06
 Reference value :  5.21953e-06
 Reference value :  5.28012e-06
 Reference value :  5.31298e-06
 Reference value :  5.34422e-06
 Reference value :  5.38323e-06
 Reference value :  5.43796e-06
 Reference value :  5.46916e-06
 Reference value :  5.50297e-06
 Reference value :  5.56299e-06
 Reference value :  5.59444e-06
 Reference value :  5.65628e-06
 Reference value :  5.69001e-06
 Reference value :  5.75023e-06
 Reference value :  5.78177e-06
 Reference value :  5.81689e-06
 Reference value :  5.87534e-06
 Reference value :  5.90665e-06
 Reference value :  5.96884e-06
 Reference value :  6.00253e-06
 Reference value :  6.04136e-06
 Reference value :  6.10189e-06
 Reference value :  6.15717e-06
 Reference value :  6.21882e-06
 Reference value :  6.25290e-06
 Reference value :  6.31270e-06
 Reference value :  6.34406e-06
 Reference value :  6.37894e-06
 Reference value :  6.43772e-06
 Reference value :  6.46896e-06
 Reference value :  6.50413e-06
 Reference value :  6.56481e-06
 Reference value :  6.62510e-06
 Reference value :  6.65641e-06
 Reference value :  6.71884e-06
 Reference value :  6.75519e-06
 Reference value :  6.81363e-06
 Reference value :  6.87375e-06
 Reference value :  6.90634e-06
 Reference value :  6.93956e-06
 Reference value :  7.00052e-06
 Reference value :  7.03140e-06
 Reference value :  7.09384e-06
 Reference value :  7.12553e-06
 Reference value :  7.18783e-06
 Reference value :  7.21946e-06
 Reference value :  7.28125e-06
 Reference value :  7.31295e-06
 Reference value :  7.34411e-06
 Reference value :  7.37757e-06
 Reference value :  7.43753e-06
 Reference value :  7.46883e-06
 Reference value :  7.50249e-06
 Reference value :  7.56265e-06
 Reference value :  7.59387e-06
 Reference value :  7.62776e-06
 Reference value :  7.68793e-06
 Reference value :  7.72879e-06
 Reference value :  7.78141e-06
 Reference value :  7.81540e-06
 Reference value :  7.87565e-06
 Reference value :  7.92332e-06
 Reference value :  7.96929e-06
 Reference value :  8.00295e-06
 Reference value :  8.06270e-06
 Reference value :  8.09522e-06
 Reference value :  8.15683e-06
 Reference value :  8.21876e-06
 Reference value :  8.25267e-06
 Reference value :  8.28207e-06
 Reference value :  8.34397e-06
 Reference value :  8.40644e-06
 Reference value :  8.46896e-06
 Reference value :  8.54798e-06
 Reference value :  8.62520e-06
 Reference value :  8.68979e-06
 Reference value :  8.75043e-06
 Reference value :  8.81310e-06
 Reference value :  8.84483e-06
 Reference value :  8.90628e-06
 Reference value :  8.93818e-06
 Reference value :  9.00049e-06
 Reference value :  9.03137e-06
 Reference value :  9.09391e-06
 Reference value :  9.15640e-06
 Reference value :  9.19013e-06
 Reference value :  9.25054e-06
 Reference value :  9.30218e-06
 Reference value :  9.34377e-06
 Reference value :  9.37591e-06
 Reference value :  9.43770e-06
 Reference value :  9.50022e-06
 Reference value :  9.56302e-06
 Reference value :  9.62549e-06
 Reference value :  9.68799e-06
 Reference value :  9.75020e-06
 Reference value :  9.78240e-06
 Reference value :  9.84386e-06
 Reference value :  9.87767e-06
 Reference value :  9.93781e-06
 Reference value :  1.00002e-05
 Reference value :  1.00313e-05
 Reference value :  1.00938e-05
 Reference value :  1.01563e-05
 Reference value :  1.01898e-05
 Reference value :  1.02501e-05
 Reference value :  1.02815e-05
 Reference value :  1.03169e-05
 Reference value :  1.03752e-05
 Reference value :  1.04064e-05
 Reference value :  1.04402e-05
 Reference value :  1.05003e-05
 Reference value :  1.05316e-05
 Reference value :  1.05694e-05
 Reference value :  1.06272e-05
 Reference value :  1.06876e-05
 Reference value :  1.07501e-05
 Reference value :  1.07817e-05
 Reference value :  1.08441e-05
 Reference value :  1.09068e-05
 Reference value :  1.10002e-05
 Reference value :  1.10627e-05
 Reference value :  1.11564e-05
 Reference value :  1.12189e-05
 Reference value :  1.12568e-05
 Reference value :  1.13221e-05
 Reference value :  1.13779e-05
 Reference value :  1.14581e-05
 Reference value :  1.15313e-05
 Reference value :  1.15939e-05
 Reference value :  1.16642e-05
 Reference value :  1.17500e-05
 Reference value :  1.18072e-05
 Reference value :  1.18455e-05
 Reference value :  1.19071e-05
 Reference value :  1.20000e-05
 Reference value :  1.20317e-05
 Reference value :  1.21252e-05
 Reference value :  1.21900e-05
 Reference value :  1.22530e-05
 Reference value :  1.23153e-05
 Reference value :  1.23789e-05
 Reference value :  1.24561e-05
 Reference value :  1.25313e-05
 Reference value :  1.25941e-05
 Reference value :  1.26875e-05
 Reference value :  1.27505e-05
 Reference value :  1.28150e-05
 Reference value :  1.28754e-05
 Reference value :  1.29377e-05
 Reference value :  1.30026e-05
 Reference value :  1.30655e-05
 Reference value :  1.31576e-05
 Reference value :  1.32502e-05
 Reference value :  1.33128e-05
 Reference value :  1.33750e-05
 Reference value :  1.34375e-05
 Reference value :  1.34691e-05
 Reference value :  1.35026e-05
 Reference value :  1.35628e-05
 Reference value :  1.35943e-05
 Reference value :  1.36563e-05
 Reference value :  1.36900e-05
 Reference value :  1.37504e-05
 Reference value :  1.37852e-05
 Reference value :  1.38438e-05
 Reference value :  1.38776e-05
 Reference value :  1.39379e-05
 Reference value :  1.40023e-05
 Reference value :  1.40630e-05
 Reference value :  1.41255e-05
 Reference value :  1.41880e-05
 Reference value :  1.42432e-05
 Reference value :  1.42813e-05
 Reference value :  1.43148e-05
 Reference value :  1.43446e-05
 Reference value :  1.43988e-05
 Reference value :  1.44380e-05
 Reference value :  1.44736e-05
 Reference value :  1.45313e-05
 Reference value :  1.45650e-05
 Reference value :  1.46253e-05
 Reference value :  1.46645e-05
 Reference value :  1.47188e-05
 Reference value :  1.47526e-05
 Reference value :  1.48130e-05
 Reference value :  1.48444e-05
 Reference value :  1.48876e-05
 Reference value :  1.49380e-05
 Reference value :  1.50003e-05
 Reference value :  1.50313e-05
 Reference value :  1.50793e-05
 Reference value :  1.51484e-05
 Reference value :  1.51883e-05
 Reference value :  1.52414e-05
 Reference value :  1.52813e-05
 Reference value :  1.53148e-05
 Reference value :  1.53453e-05
 Reference value :  1.54063e-05
 Reference value :  1.54381e-05
 Reference value :  1.54916e-05
 Reference value :  1.55313e-05
 Reference value :  1.55651e-05
 Reference value :  1.56254e-05
 Reference value :  1.56586e-05
 Reference value :  1.57188e-05
 Reference value :  1.57525e-05
 Reference value :  1.58129e-05
 Reference value :  1.58487e-05
 Reference value :  1.59063e-05
 Reference value :  1.59688e-05
 Reference value :  1.60025e-05
 Reference value :  1.60319e-05
 Reference value :  1.60941e-05
 Reference value :  1.61565e-05
 Reference value :  1.61901e-05
 Reference value :  1.62504e-05
 Reference value :  1.62817e-05
 Reference value :  1.63167e-05
 Reference value :  1.63775e-05
 Reference value :  1.64379e-05
 Reference value :  1.64692e-05
 Reference value :  1.65313e-05
 Reference value :  1.65650e-05
 Reference value :  1.66252e-05
 Reference value :  1.66565e-05
 Reference value :  1.67060e-05
 Reference value :  1.67524e-05
 Reference value :  1.68127e-05
 Reference value :  1.68452e-05
 Reference value :  1.69085e-05
 Reference value :  1.70005e-05
 Reference value :  1.70626e-05
 Reference value :  1.71259e-05
 Reference value :  1.71880e-05
 Reference value :  1.72411e-05
 Reference value :  1.72815e-05
 Reference value :  1.73150e-05
 Reference value :  1.73753e-05
 Reference value :  1.74068e-05
 Reference value :  1.74407e-05
 Reference value :  1.75002e-05
 Reference value :  1.75315e-05
 Reference value :  1.75697e-05
 Reference value :  1.76273e-05
 Reference value :  1.76876e-05
 Reference value :  1.77190e-05
 Reference value :  1.77775e-05
 Reference value :  1.78149e-05
 Reference value :  1.78752e-05
 Reference value :  1.79065e-05
 Reference value :  1.79689e-05
 Reference value :  1.80026e-05
 Reference value :  1.80337e-05
 Reference value :  1.80946e-05
 Reference value :  1.81595e-05
 Reference value :  1.82502e-05
 Reference value :  1.82929e-05
 Reference value :  1.83438e-05
 Reference value :  1.83775e-05
 Reference value :  1.84378e-05
 Reference value :  1.84695e-05
 Reference value :  1.85313e-05
 Reference value :  1.85650e-05
 Reference value :  1.86252e-05
 Reference value :  1.86569e-05
 Reference value :  1.87188e-05
 Reference value :  1.87526e-05
 Reference value :  1.88127e-05
 Reference value :  1.88442e-05
 Reference value :  1.88781e-05
 Reference value :  1.89423e-05
 Reference value :  1.90023e-05
 Reference value :  1.90316e-05
 Reference value :  1.90939e-05
 Reference value :  1.91563e-05
 Reference value :  1.91876e-05
 Reference value :  1.92192e-05
 Reference value :  1.92531e-05
 Reference value :  1.93128e-05
 Reference value :  1.93750e-05
 Reference value :  1.94377e-05
 Reference value :  1.95015e-05
 Reference value :  1.95651e-05
 Reference value :  1.96293e-05
 Reference value :  1.96891e-05
 Reference value :  1.97500e-05
 Reference value :  1.97814e-05
 Reference value :  1.98152e-05
 Reference value :  1.98752e-05
 Reference value :  1.99064e-05
 Reference value :  1.99688e-05
No. of Data Rows : 49588
e1                  =  1.01545e+00
x1                  =  7.03662e+00 at=  2.28144e-06
cd1                 =  2.00000e+00
e2                  =  9.75457e-01
x2                  =  7.01741e+00 at=  3.28144e-06
cd2                 =  3.00000e+00
e128                =  6.68937e-01
x128                =  4.76115e+00 at=  4.28148e-06
cd128               =  1.28000e+02
e129                =  7.31460e-01
x129                =  4.80943e+00 at=  5.28148e-06
cd129               =  1.29000e+02
e255                =  4.27851e-01
x255                =  2.96804e+00 at=  6.28155e-06
cd255               =  2.55000e+02
e256                =  4.87268e-01
x256                =  3.03236e+00 at=  7.28154e-06
cd256               =  2.56000e+02
e257                =  4.88268e-01
x257                =  3.02311e+00 at=  8.28154e-06
cd257               =  2.57000e+02
e384                =  1.71718e-01
x384                =  1.59890e+00 at=  9.31262e-06
cd384               =  3.84000e+02
e511                =  -5.82324e-02
x511                =  2.50432e+00 at=  1.03751e-05
cd511               =  5.11000e+02
e512                =  -5.79236e-03
x512                =  2.51485e+00 at=  1.13440e-05
cd512               =  5.12000e+02
e513                =  2.61912e-03
x513                =  2.51731e+00 at=  1.23440e-05
cd513               =  5.13000e+02
e640                =  -3.17264e-01
x640                =  1.73503e+00 at=  1.33126e-05
cd640               =  6.39000e+02
e767                =  -5.50967e-01
x767                =  3.00123e+00 at=  1.43126e-05
cd767               =  7.66000e+02
e768                =  -5.03130e-01
x768                =  2.94369e+00 at=  1.53126e-05
cd768               =  7.67000e+02
e769                =  -4.93889e-01
x769                =  2.95387e+00 at=  1.63126e-05
cd769               =  7.68000e+02
e896                =  -8.05867e-01
x896                =  4.34217e+00 at=  1.73126e-05
cd896               =  8.95000e+02
e1022               =  -1.04127e+00
x1022               =  5.73010e+00 at=  1.83126e-05
cd1022              =  1.02100e+03
e1023               =  -9.76542e-01
x1023               =  5.67595e+00 at=  1.93126e-05
cd1023              =  1.02200e+03
vrefhi              =  2.97013e+00 at=  1.53149e-05
vreflo              =  2.96986e+00 at=  1.25678e-05
m_terr_t1_lsb = 1.0154550000e+00
m_decerr_t1_lsb = 7.0366240000e+00
m_code_t1 = 2.0000000000e+00
m_terr_t2_lsb = 9.7545660000e-01
m_decerr_t2_lsb = 7.0174060000e+00
m_code_t2 = 3.0000000000e+00
m_terr_t128_lsb = 6.6893740000e-01
m_decerr_t128_lsb = 4.7611470000e+00
m_code_t128 = 1.2800000000e+02
m_terr_t129_lsb = 7.3146000000e-01
m_decerr_t129_lsb = 4.8094270000e+00
m_code_t129 = 1.2900000000e+02
m_terr_t255_lsb = 4.2785090000e-01
m_decerr_t255_lsb = 2.9680450000e+00
m_code_t255 = 2.5500000000e+02
m_terr_t256_lsb = 4.8726830000e-01
m_decerr_t256_lsb = 3.0323580000e+00
m_code_t256 = 2.5600000000e+02
m_terr_t257_lsb = 4.8826830000e-01
m_decerr_t257_lsb = 3.0231070000e+00
m_code_t257 = 2.5700000000e+02
m_terr_t384_lsb = 1.7171760000e-01
m_decerr_t384_lsb = 1.5989000000e+00
m_code_t384 = 3.8400000000e+02
m_terr_t511_lsb = -5.823239000e-02
m_decerr_t511_lsb = 2.5043170000e+00
m_code_t511 = 5.1100000000e+02
m_terr_t512_lsb = -5.792357000e-03
m_decerr_t512_lsb = 2.5148450000e+00
m_code_t512 = 5.1200000000e+02
m_terr_t513_lsb = 2.6191250000e-03
m_decerr_t513_lsb = 2.5173060000e+00
m_code_t513 = 5.1300000000e+02
m_terr_t640_lsb = -3.172643000e-01
m_decerr_t640_lsb = 1.7350260000e+00
m_code_t640 = 6.3900000000e+02
m_terr_t767_lsb = -5.509666000e-01
m_decerr_t767_lsb = 3.0012250000e+00
m_code_t767 = 7.6600000000e+02
m_terr_t768_lsb = -5.031302000e-01
m_decerr_t768_lsb = 2.9436950000e+00
m_code_t768 = 7.6700000000e+02
m_terr_t769_lsb = -4.938892000e-01
m_decerr_t769_lsb = 2.9538740000e+00
m_code_t769 = 7.6800000000e+02
m_terr_t896_lsb = -8.058674000e-01
m_decerr_t896_lsb = 4.3421710000e+00
m_code_t896 = 8.9500000000e+02
m_terr_t1022_lsb = -1.041274000e+00
m_decerr_t1022_lsb = 5.7300960000e+00
m_code_t1022 = 1.0210000000e+03
m_terr_t1023_lsb = -9.765422000e-01
m_decerr_t1023_lsb = 5.6759500000e+00
m_code_t1023 = 1.0220000000e+03
m_inl_t1_lsb = 0.0000000000e+00
m_inl_t2_lsb = -3.804928337e-02
m_inl_t128_lsb = -9.897978748e-02
m_inl_t129_lsb = -3.450807084e-02
m_inl_t255_lsb = -9.252847495e-02
m_inl_t256_lsb = -3.116195832e-02
m_inl_t257_lsb = -2.821284168e-02
m_inl_t384_lsb = -9.722572916e-02
m_inl_t511_lsb = -7.963790663e-02
m_inl_t512_lsb = -2.524875700e-02
m_inl_t513_lsb = -1.488815837e-02
m_inl_t640_lsb = -8.723377084e-02
m_inl_t767_lsb = -7.339825832e-02
m_inl_t768_lsb = -2.361274168e-02
m_inl_t769_lsb = -1.242262505e-02
m_inl_t896_lsb = -7.686301252e-02
m_inl_t1022_lsb = -6.668091663e-02
m_inl_t1023_lsb = 0.0000000000e+00
m_dnl_t1_t2_lsb = -3.999840000e-02
m_dnl_t128_t129_lsb = 6.2522600000e-02
m_dnl_t255_t256_lsb = 5.9417400000e-02
m_dnl_t256_t257_lsb = 1.0000000000e-03
m_dnl_t511_t512_lsb = 5.2440033000e-02
m_dnl_t512_t513_lsb = 8.4114820000e-03
m_dnl_t767_t768_lsb = 4.7836400000e-02
m_dnl_t768_t769_lsb = 9.2410000000e-03
m_dnl_t1022_t1023_lsb = 6.4731800000e-02
m_gain_err_lsb = -1.993946317e+00
m_vref_droop_mv = 2.6200000000e-01
Note: Simulation executed from .control section 

