
Note: No compatibility mode selected!


Circuit: * adc-inl-dnl @ mim_ss_125c_2.97v -- generated by sim/harness, do not edit

Reducing trtol to 1 for xspice 'A' devices
Doing analysis at TEMP = 125.000000 and TNOM = 27.000000

Using SPARSE 1.3 as Direct Linear Solver

Initial Transient Solution
--------------------------

Node                                   Voltage
----                                   -------
clk                                          0
cmpclk                                       0
cmpclkb                                   2.97
vddt                                      2.97
vddd                                      2.97
vddc                                      2.97
vrefs                                     2.97
vrefn                                     2.97
vcmn                                     1.485
se_vinp                             0.00362549
se_vinn                                  1.485
se_start                                     0
se_mode                                      0
se_cmp                                 1.23664
se_samp_tp_n                                 0
se_sel_in_n                                  0
se_drdy                                   2.97
se_c9                                        0
se_c8                                        0
se_c7                                        0
se_c6                                        0
se_c5                                        0
se_c4                                        0
se_c3                                        0
se_c2                                        0
se_c1                                        0
se_c0                                        0
se_rel_n_256p                             2.97
se_sel_hi_n_256p                             0
se_sel_lo_n_256p                             0
se_rel_n_128p                             2.97
se_sel_hi_n_128p                             0
se_sel_lo_n_128p                             0
se_rel_n_64p                              2.97
se_sel_hi_n_64p                              0
se_sel_lo_n_64p                              0
se_rel_n_32p                              2.97
se_sel_hi_n_32p                              0
se_sel_lo_n_32p                              0
se_rel_n_16p                              2.97
se_sel_hi_n_16p                              0
se_sel_lo_n_16p                              0
se_rel_n_8p                               2.97
se_sel_hi_n_8p                               0
se_sel_lo_n_8p                               0
se_rel_n_4p                               2.97
se_sel_hi_n_4p                               0
se_sel_lo_n_4p                               0
se_rel_n_2p                               2.97
se_sel_hi_n_2p                               0
se_sel_lo_n_2p                               0
se_rel_n_1p                               2.97
se_sel_hi_n_1p                               0
se_sel_lo_n_1p                               0
se_rel_n_256n                             2.97
se_sel_hi_n_256n                             0
se_sel_lo_n_256n                             0
se_rel_n_128n                             2.97
se_sel_hi_n_128n                             0
se_sel_lo_n_128n                             0
se_rel_n_64n                              2.97
se_sel_hi_n_64n                              0
se_sel_lo_n_64n                              0
se_rel_n_32n                              2.97
se_sel_hi_n_32n                              0
se_sel_lo_n_32n                              0
se_rel_n_16n                              2.97
se_sel_hi_n_16n                              0
se_sel_lo_n_16n                              0
se_rel_n_8n                               2.97
se_sel_hi_n_8n                               0
se_sel_lo_n_8n                               0
se_rel_n_4n                               2.97
se_sel_hi_n_4n                               0
se_sel_lo_n_4n                               0
se_rel_n_2n                               2.97
se_sel_hi_n_2n                               0
se_sel_lo_n_2n                               0
se_rel_n_1n                               2.97
se_sel_hi_n_1n                               0
se_sel_lo_n_1n                               0
se_pinp                             0.00362563
se_pinn                                  1.485
xdut.\$65                                 2.97
xdut.\$27                          9.97068e-09
xdut.\$29                                 2.97
xdut.\$9                                  2.97
xdut.\$10                                1.485
xdut.\$67                                 2.97
xdut.\$31                          9.97068e-09
xdut.\$33                                 2.97
xdut.\$11                                 2.97
xdut.\$12                                1.485
xdut.\$69                                 2.97
xdut.\$35                          9.97068e-09
xdut.\$37                                 2.97
xdut.\$13                                 2.97
xdut.\$14                                1.485
xdut.\$71                                 2.97
xdut.\$39                          9.97068e-09
xdut.\$41                                 2.97
xdut.\$15                                 2.97
xdut.\$16                                1.485
xdut.\$73                                 2.97
xdut.\$43                          9.97068e-09
xdut.\$45                                 2.97
xdut.\$17                                 2.97
xdut.\$18                                1.485
xdut.\$75                                 2.97
xdut.\$47                          9.97068e-09
xdut.\$49                                 2.97
xdut.\$19                                 2.97
xdut.\$20                                1.485
xdut.\$77                                 2.97
xdut.\$51                          9.97068e-09
xdut.\$53                                 2.97
xdut.\$21                                 2.97
xdut.\$22                                1.485
xdut.\$79                                 2.97
xdut.\$55                          9.97068e-09
xdut.\$57                                 2.97
xdut.\$23                                 2.97
xdut.\$24                                1.485
xdut.\$81                                 2.97
xdut.\$59                          9.97068e-09
xdut.\$61                                 2.97
xdut.\$25                                 2.97
xdut.\$26                                1.485
xdut.\$83                                 2.97
xdut.\$85                          9.97068e-09
xdut.\$87                                 2.97
xdut.\$89                                 2.97
xdut.\$90                                1.485
xdut.\$92                                 2.97
xdut.\$94                          9.97068e-09
xdut.\$96                                 2.97
xdut.\$98                                 2.97
xdut.\$99                                1.485
xdut.\$100                                2.97
xdut.\$102                         9.97068e-09
xdut.\$104                                2.97
xdut.\$106                                2.97
xdut.\$107                               1.485
xdut.\$108                                2.97
xdut.\$110                         9.97068e-09
xdut.\$112                                2.97
xdut.\$114                                2.97
xdut.\$115                               1.485
xdut.\$116                                2.97
xdut.\$118                         9.97068e-09
xdut.\$120                                2.97
xdut.\$122                                2.97
xdut.\$123                               1.485
xdut.\$124                                2.97
xdut.\$126                         9.97068e-09
xdut.\$128                                2.97
xdut.\$130                                2.97
xdut.\$131                               1.485
xdut.\$132                                2.97
xdut.\$134                         9.97068e-09
xdut.\$136                                2.97
xdut.\$138                                2.97
xdut.\$139                               1.485
xdut.\$140                                2.97
xdut.\$142                         9.97068e-09
xdut.\$144                                2.97
xdut.\$146                                2.97
xdut.\$147                               1.485
xdut.\$166                                2.97
se_topp                                1.48505
xdut.\$167                                2.97
se_topn                                1.48505
xdut.\$148                                2.97
xdut.\$150                         9.97068e-09
xdut.\$152                                2.97
xdut.\$154                                2.97
xdut.\$155                               1.485
xdut.\$10__par                           1.485
xdut.\$100__par                           2.97
xdut.\$102__par                    9.97068e-09
xdut.\$104__par                           2.97
xdut.\$106__par                           2.97
xdut.\$107__par                          1.485
xdut.\$108__par                           2.97
xdut.\$11__par                            2.97
xdut.\$110__par                    9.97068e-09
xdut.\$112__par                           2.97
xdut.\$114__par                           2.97
xdut.\$115__par                          1.485
xdut.\$116__par                           2.97
xdut.\$118__par                    9.97068e-09
xdut.\$12__par                           1.485
xdut.\$120__par                           2.97
xdut.\$122__par                           2.97
xdut.\$123__par                          1.485
xdut.\$124__par                           2.97
xdut.\$126__par                    9.97068e-09
xdut.\$128__par                           2.97
xdut.\$13__par                            2.97
xdut.\$130__par                           2.97
xdut.\$131__par                          1.485
xdut.\$132__par                           2.97
xdut.\$134__par                    9.97068e-09
xdut.\$136__par                           2.97
xdut.\$138__par                           2.97
xdut.\$139__par                          1.485
xdut.\$14__par                           1.485
xdut.\$140__par                           2.97
xdut.\$142__par                    9.97068e-09
xdut.\$144__par                           2.97
xdut.\$146__par                           2.97
xdut.\$147__par                          1.485
xdut.\$148__par                           2.97
xdut.\$15__par                            2.97
xdut.\$150__par                    9.97068e-09
xdut.\$152__par                           2.97
xdut.\$154__par                           2.97
xdut.\$155__par                          1.485
xdut.\$16__par                           1.485
xdut.\$166__par                           2.97
xdut.\$167__par                           2.97
xdut.\$17__par                            2.97
xdut.\$18__par                           1.485
xdut.\$19__par                            2.97
xdut.\$20__par                           1.485
xdut.\$21__par                            2.97
xdut.\$22__par                           1.485
xdut.\$23__par                            2.97
xdut.\$24__par                           1.485
xdut.\$25__par                            2.97
xdut.\$26__par                           1.485
xdut.\$27__par                     9.97068e-09
xdut.\$29__par                            2.97
xdut.\$31__par                     9.97068e-09
xdut.\$33__par                            2.97
xdut.\$35__par                     9.97068e-09
xdut.\$37__par                            2.97
xdut.\$39__par                     9.97068e-09
xdut.\$41__par                            2.97
xdut.\$43__par                     9.97068e-09
xdut.\$45__par                            2.97
xdut.\$47__par                     9.97068e-09
xdut.\$49__par                            2.97
xdut.\$51__par                     9.97068e-09
xdut.\$53__par                            2.97
xdut.\$55__par                     9.97068e-09
xdut.\$57__par                            2.97
xdut.\$59__par                     9.97068e-09
xdut.\$61__par                            2.97
xdut.\$65__par                            2.97
xdut.\$67__par                            2.97
xdut.\$69__par                            2.97
xdut.\$71__par                            2.97
xdut.\$73__par                            2.97
xdut.\$75__par                            2.97
xdut.\$77__par                            2.97
xdut.\$79__par                            2.97
xdut.\$81__par                            2.97
xdut.\$83__par                            2.97
xdut.\$85__par                     9.97068e-09
xdut.\$87__par                            2.97
xdut.\$89__par                            2.97
xdut.\$9__par                             2.97
xdut.\$90__par                           1.485
xdut.\$92__par                            2.97
xdut.\$94__par                     9.97068e-09
xdut.\$96__par                            2.97
xdut.\$98__par                            2.97
xdut.\$99__par                           1.485
xdut.hi_128_n__par                           0
xdut.hi_128_p__par                           0
xdut.hi_16_n__par                            0
xdut.hi_16_p__par                            0
xdut.hi_1_n__par                             0
xdut.hi_1_p__par                             0
xdut.hi_256_n__par                           0
xdut.hi_256_p__par                           0
xdut.hi_2_n__par                             0
xdut.hi_2_p__par                             0
xdut.hi_32_n__par                            0
xdut.hi_32_p__par                            0
xdut.hi_4_n__par                             0
xdut.hi_4_p__par                             0
xdut.hi_64_n__par                            0
xdut.hi_64_p__par                            0
xdut.hi_8_n__par                             0
xdut.hi_8_p__par                             0
xdut.lo_128_n__par                           0
xdut.lo_128_p__par                           0
xdut.lo_16_n__par                            0
xdut.lo_16_p__par                            0
xdut.lo_1_n__par                             0
xdut.lo_1_p__par                             0
xdut.lo_256_n__par                           0
xdut.lo_256_p__par                           0
xdut.lo_2_n__par                             0
xdut.lo_2_p__par                             0
xdut.lo_32_n__par                            0
xdut.lo_32_p__par                            0
xdut.lo_4_n__par                             0
xdut.lo_4_p__par                             0
xdut.lo_64_n__par                            0
xdut.lo_64_p__par                            0
xdut.lo_8_n__par                             0
xdut.lo_8_p__par                             0
xdut.pinn__par                           1.485
xdut.pinp__par                      0.00362563
xdut.rel_128_n__par                       2.97
xdut.rel_128_p__par                       2.97
xdut.rel_16_n__par                        2.97
xdut.rel_16_p__par                        2.97
xdut.rel_1_n__par                         2.97
xdut.rel_1_p__par                         2.97
xdut.rel_256_n__par                       2.97
xdut.rel_256_p__par                       2.97
xdut.rel_2_n__par                         2.97
xdut.rel_2_p__par                         2.97
xdut.rel_32_n__par                        2.97
xdut.rel_32_p__par                        2.97
xdut.rel_4_n__par                         2.97
xdut.rel_4_p__par                         2.97
xdut.rel_64_n__par                        2.97
xdut.rel_64_p__par                        2.97
xdut.rel_8_n__par                         2.97
xdut.rel_8_p__par                         2.97
xdut.sel_in__par                             0
xdut.topn__par                         1.48505
xdut.topp__par                         1.48505
xdut.tp_gn__par                              0
xdut.vcm__par                            1.485
xdut.vdd__par                             2.97
xdut.vref__par                            2.97
xdut.vss__par                                0
se_ibias                              0.678004
xsecmp.xpre.ptail                     0.708191
xsecmp.pon                             2.28389
xsecmp.preamp_in1                      1.48505
xsecmp.pop                             2.28389
xsecmp.preamp_in2                      1.48505
xsecmp.xpre.xrlp.11                    2.96987
xsecmp.xpre.xrlp.21                    2.28401
xsecmp.xpre.xrln.11                    2.96987
xsecmp.xpre.xrln.21                    2.28401
xsecmp.xlat.ltail                      1.72443
xsecmp.xlat.dip                           2.97
xsecmp.xlat.din                           2.97
xsecmp.outn                               2.97
xsecmp.outp                               2.97
xsecmp.sset                        1.77263e-08
xsecmp.srst                        1.77263e-08
xsecmp.xno1.ps                         2.77772
se_cmpb                                1.23664
xsecmp.xno2.ps                         2.77772
se_code                                      0
se_dacp                            1.11022e-16
se_dacn                            1.11022e-16
se_di                                  1.48137
se_err                                  510.75
se_aerrh                                     0
bseea#branch                                 0
bsee#branch                                  0
bsedi#branch                                 0
bsedacn#branch                               0
bsedacp#branch                               0
bsecode#branch                               0
lref#branch                        1.56562e-09
v.xsecmp.vpn#branch               -4.66138e-29
v.xsecmp.vpp#branch               -2.53803e-28
vsemode#branch                               0
vsestart#branch                              0
vsevinn#branch                               0
vsevinp#branch                     5.86446e-09
vcms#branch                       -1.72206e-08
vrefs#branch                      -1.56562e-09
vddc#branch                       -0.000428397
vddd#branch                       -6.84178e-09
vddt#branch                                  0
vcmpclkb#branch                              0
vcmpclk#branch                               0
vclk#branch                                  0
a.xsectrl.a_gn#branch_1_0                    0
a.xsectrl.a_gn#branch_1_1                    0
a.xsectrl.a_gn#branch_1_2                    0
a.xsectrl.a_gn#branch_1_3                    0
a.xsectrl.a_gn#branch_1_4                    0
a.xsectrl.a_gn#branch_1_5                    0
a.xsectrl.a_gn#branch_1_6                    0
a.xsectrl.a_gn#branch_1_7                    0
a.xsectrl.a_gn#branch_1_8                    0
a.xsectrl.a_gn#branch_1_9                    0
a.xsectrl.a_gn#branch_1_10                   0
a.xsectrl.a_gn#branch_1_11                   0
a.xsectrl.a_gn#branch_1_12                   0
a.xsectrl.a_gn#branch_1_13                   0
a.xsectrl.a_gn#branch_1_14                   0
a.xsectrl.a_gn#branch_1_15                   0
a.xsectrl.a_gn#branch_1_16                   0
a.xsectrl.a_gn#branch_1_17                   0
a.xsectrl.a_gn#branch_1_18                   0
a.xsectrl.a_gn#branch_1_19                   0
a.xsectrl.a_gn#branch_1_20                   0
a.xsectrl.a_gn#branch_1_21                   0
a.xsectrl.a_gn#branch_1_22                   0
a.xsectrl.a_gn#branch_1_23                   0
a.xsectrl.a_gn#branch_1_24                   0
a.xsectrl.a_gn#branch_1_25                   0
a.xsectrl.a_gn#branch_1_26                   0
a.xsectrl.a_gn#branch_1_27                   0
a.xsectrl.a_gn#branch_1_28                   0
a.xsectrl.a_gn#branch_1_29                   0
a.xsectrl.a_gn#branch_1_30                   0
a.xsectrl.a_gn#branch_1_31                   0
a.xsectrl.a_gn#branch_1_32                   0
a.xsectrl.a_gn#branch_1_33                   0
a.xsectrl.a_gn#branch_1_34                   0
a.xsectrl.a_gn#branch_1_35                   0
a.xsectrl.a_gn#branch_1_36                   0
a.xsectrl.a_gn#branch_1_37                   0
a.xsectrl.a_gn#branch_1_38                   0
a.xsectrl.a_gn#branch_1_39                   0
a.xsectrl.a_gn#branch_1_40                   0
a.xsectrl.a_gn#branch_1_41                   0
a.xsectrl.a_gn#branch_1_42                   0
a.xsectrl.a_gn#branch_1_43                   0
a.xsectrl.a_gn#branch_1_44                   0
a.xsectrl.a_gn#branch_1_45                   0
a.xsectrl.a_gn#branch_1_46                   0
a.xsectrl.a_gn#branch_1_47                   0
a.xsectrl.a_gn#branch_1_48                   0
a.xsectrl.a_gn#branch_1_49                   0
a.xsectrl.a_gn#branch_1_50                   0
a.xsectrl.a_gn#branch_1_51                   0
a.xsectrl.a_gn#branch_1_52                   0
a.xsectrl.a_gn#branch_1_53                   0
a.xsectrl.a_dout#branch_1_0                  0
a.xsectrl.a_dout#branch_1_1                  0
a.xsectrl.a_dout#branch_1_2                  0
a.xsectrl.a_dout#branch_1_3                  0
a.xsectrl.a_dout#branch_1_4                  0
a.xsectrl.a_dout#branch_1_5                  0
a.xsectrl.a_dout#branch_1_6                  0
a.xsectrl.a_dout#branch_1_7                  0
a.xsectrl.a_dout#branch_1_8                  0
a.xsectrl.a_dout#branch_1_9                  0
a.xsectrl.a_dout#branch_1_10                 0
a.xsectrl.a_dout#branch_1_11                 0
a.xsectrl.a_dout#branch_1_12                 0

 Reference value :  0.00000e+00
 Reference value :  3.13500e-08
 Reference value :  8.83077e-08
 Reference value :  1.27576e-07
 Reference value :  1.87639e-07
 Reference value :  2.19860e-07
 Reference value :  2.81681e-07
 Reference value :  3.44351e-07
 Reference value :  4.07169e-07
 Reference value :  5.00210e-07
 Reference value :  5.63226e-07
 Reference value :  6.25551e-07
 Reference value :  6.58041e-07
 Reference value :  7.18850e-07
 Reference value :  7.81311e-07
 Reference value :  8.43842e-07
 Reference value :  8.77309e-07
 Reference value :  9.40183e-07
 Reference value :  1.00246e-06
 Reference value :  1.03220e-06
 Reference value :  1.09443e-06
 Reference value :  1.15683e-06
 Reference value :  1.21875e-06
 Reference value :  1.25021e-06
 Reference value :  1.28165e-06
 Reference value :  1.31716e-06
 Reference value :  1.37568e-06
 Reference value :  1.41712e-06
 Reference value :  1.46882e-06
 Reference value :  1.50272e-06
 Reference value :  1.56480e-06
 Reference value :  1.62519e-06
 Reference value :  1.65655e-06
 Reference value :  1.70882e-06
 Reference value :  1.75252e-06
 Reference value :  1.81264e-06
 Reference value :  1.84450e-06
 Reference value :  1.90752e-06
 Reference value :  2.00003e-06
 Reference value :  2.00568e-06
 Reference value :  2.06279e-06
 Reference value :  2.12511e-06
 Reference value :  2.18046e-06
 Reference value :  2.21901e-06
 Reference value :  2.25273e-06
 Reference value :  2.29955e-06
 Reference value :  2.34385e-06
 Reference value :  2.37772e-06
 Reference value :  2.43795e-06
 Reference value :  2.47816e-06
 Reference value :  2.53131e-06
 Reference value :  2.56509e-06
 Reference value :  2.62538e-06
 Reference value :  2.65721e-06
 Reference value :  2.71882e-06
 Reference value :  2.75263e-06
 Reference value :  2.81270e-06
 Reference value :  2.84426e-06
 Reference value :  2.90631e-06
 Reference value :  2.96911e-06
 Reference value :  3.00295e-06
 Reference value :  3.06256e-06
 Reference value :  3.10139e-06
 Reference value :  3.18788e-06
 Reference value :  3.21974e-06
 Reference value :  3.28128e-06
 Reference value :  3.31491e-06
 Reference value :  3.37783e-06
 Reference value :  3.43824e-06
 Reference value :  3.50000e-06
 Reference value :  3.53288e-06
 Reference value :  3.59391e-06
 Reference value :  3.62812e-06
 Reference value :  3.68822e-06
 Reference value :  3.74892e-06
 Reference value :  3.78155e-06
 Reference value :  3.81811e-06
 Reference value :  3.87739e-06
 Reference value :  3.93751e-06
 Reference value :  3.98773e-06
 Reference value :  4.03145e-06
 Reference value :  4.09450e-06
 Reference value :  4.15680e-06
 Reference value :  4.21881e-06
 Reference value :  4.25303e-06
 Reference value :  4.31477e-06
 Reference value :  4.37519e-06
 Reference value :  4.40652e-06
 Reference value :  4.44008e-06
 Reference value :  4.50016e-06
 Reference value :  4.53141e-06
 Reference value :  4.56655e-06
 Reference value :  4.62727e-06
 Reference value :  4.68760e-06
 Reference value :  4.71907e-06
 Reference value :  4.78125e-06
 Reference value :  4.81493e-06
 Reference value :  4.87520e-06
 Reference value :  4.90683e-06
 Reference value :  4.96920e-06
 Reference value :  5.00291e-06
 Reference value :  5.05880e-06
 Reference value :  5.09475e-06
 Reference value :  5.15696e-06
 Reference value :  5.21940e-06
 Reference value :  5.28748e-06
 Reference value :  5.37519e-06
 Reference value :  5.41066e-06
 Reference value :  5.46880e-06
 Reference value :  5.50252e-06
 Reference value :  5.56504e-06
 Reference value :  5.62521e-06
 Reference value :  5.65687e-06
 Reference value :  5.71879e-06
 Reference value :  5.75252e-06
 Reference value :  5.81477e-06
 Reference value :  5.87538e-06
 Reference value :  5.90704e-06
 Reference value :  5.96925e-06
 Reference value :  6.00290e-06
 Reference value :  6.06270e-06
 Reference value :  6.12520e-06
 Reference value :  6.18767e-06
 Reference value :  6.21959e-06
 Reference value :  6.27912e-06
 Reference value :  6.31495e-06
 Reference value :  6.37512e-06
 Reference value :  6.43750e-06
 Reference value :  6.46885e-06
 Reference value :  6.50304e-06
 Reference value :  6.56317e-06
 Reference value :  6.62547e-06
 Reference value :  6.68770e-06
 Reference value :  6.71928e-06
 Reference value :  6.78125e-06
 Reference value :  6.81497e-06
 Reference value :  6.87520e-06
 Reference value :  6.90666e-06
 Reference value :  6.96884e-06
 Reference value :  7.00255e-06
 Reference value :  7.03211e-06
 Reference value :  7.09425e-06
 Reference value :  7.15645e-06
 Reference value :  7.19029e-06
 Reference value :  7.25093e-06
 Reference value :  7.31256e-06
 Reference value :  7.37500e-06
 Reference value :  7.40676e-06
 Reference value :  7.44128e-06
 Reference value :  7.50128e-06
 Reference value :  7.56256e-06
 Reference value :  7.59393e-06
 Reference value :  7.63625e-06
 Reference value :  7.68979e-06
 Reference value :  7.75012e-06
 Reference value :  7.78185e-06
 Reference value :  7.84381e-06
 Reference value :  7.87755e-06
 Reference value :  7.93791e-06
 Reference value :  8.00029e-06
 Reference value :  8.03136e-06
 Reference value :  8.08433e-06
 Reference value :  8.12927e-06
 Reference value :  8.18827e-06
 Reference value :  8.25010e-06
 Reference value :  8.28145e-06
 Reference value :  8.31514e-06
 Reference value :  8.37512e-06
 Reference value :  8.40646e-06
 Reference value :  8.44007e-06
 Reference value :  8.50036e-06
 Reference value :  8.53222e-06
 Reference value :  8.59385e-06
 Reference value :  8.62829e-06
 Reference value :  8.68977e-06
 Reference value :  8.75013e-06
 Reference value :  8.78168e-06
 Reference value :  8.83453e-06
 Reference value :  8.87554e-06
 Reference value :  8.90715e-06
 Reference value :  8.96907e-06
 Reference value :  9.00293e-06
 Reference value :  9.06344e-06
 Reference value :  9.15635e-06
 Reference value :  9.21875e-06
 Reference value :  9.25295e-06
 Reference value :  9.31414e-06
 Reference value :  9.34454e-06
 Reference value :  9.38769e-06
 Reference value :  9.43981e-06
 Reference value :  9.48290e-06
 Reference value :  9.53132e-06
 Reference value :  9.56514e-06
 Reference value :  9.62562e-06
 Reference value :  9.68751e-06
 Reference value :  9.71893e-06
 Reference value :  9.75535e-06
 Reference value :  9.81493e-06
 Reference value :  9.87522e-06
 Reference value :  9.90683e-06
 Reference value :  9.96930e-06
 Reference value :  1.00029e-05
 Reference value :  1.00629e-05
 Reference value :  1.01255e-05
 Reference value :  1.01880e-05
 Reference value :  1.02500e-05
 Reference value :  1.02817e-05
 Reference value :  1.03336e-05
 Reference value :  1.03758e-05
 Reference value :  1.04211e-05
 Reference value :  1.04688e-05
 Reference value :  1.05027e-05
 Reference value :  1.05631e-05
 Reference value :  1.06250e-05
 Reference value :  1.06564e-05
 Reference value :  1.06903e-05
 Reference value :  1.07507e-05
 Reference value :  1.08031e-05
 Reference value :  1.08439e-05
 Reference value :  1.08777e-05
 Reference value :  1.09376e-05
 Reference value :  1.09779e-05
 Reference value :  1.10032e-05
 Reference value :  1.10630e-05
 Reference value :  1.11252e-05
 Reference value :  1.11877e-05
 Reference value :  1.12194e-05
 Reference value :  1.12562e-05
 Reference value :  1.13130e-05
 Reference value :  1.13464e-05
 Reference value :  1.14063e-05
 Reference value :  1.14400e-05
 Reference value :  1.15002e-05
 Reference value :  1.15315e-05
 Reference value :  1.15675e-05
 Reference value :  1.16273e-05
 Reference value :  1.16875e-05
 Reference value :  1.17189e-05
 Reference value :  1.17529e-05
 Reference value :  1.18133e-05
 Reference value :  1.18750e-05
 Reference value :  1.19064e-05
 Reference value :  1.19477e-05
 Reference value :  1.20025e-05
 Reference value :  1.20321e-05
 Reference value :  1.20942e-05
 Reference value :  1.21564e-05
 Reference value :  1.21902e-05
 Reference value :  1.22504e-05
 Reference value :  1.22820e-05
 Reference value :  1.23438e-05
 Reference value :  1.23773e-05
 Reference value :  1.24377e-05
 Reference value :  1.24696e-05
 Reference value :  1.25314e-05
 Reference value :  1.25692e-05
 Reference value :  1.26275e-05
 Reference value :  1.26879e-05
 Reference value :  1.27238e-05
 Reference value :  1.27814e-05
 Reference value :  1.28152e-05
 Reference value :  1.28752e-05
 Reference value :  1.29066e-05
 Reference value :  1.29690e-05
 Reference value :  1.30028e-05
 Reference value :  1.30626e-05
 Reference value :  1.31251e-05
 Reference value :  1.31875e-05
 Reference value :  1.32193e-05
 Reference value :  1.32609e-05
 Reference value :  1.33132e-05
 Reference value :  1.33446e-05
 Reference value :  1.33829e-05
 Reference value :  1.34392e-05
 Reference value :  1.34700e-05
 Reference value :  1.35313e-05
 Reference value :  1.35650e-05
 Reference value :  1.36253e-05
 Reference value :  1.36574e-05
 Reference value :  1.37188e-05
 Reference value :  1.37524e-05
 Reference value :  1.38127e-05
 Reference value :  1.38442e-05
 Reference value :  1.38841e-05
 Reference value :  1.39688e-05
 Reference value :  1.40040e-05
 Reference value :  1.40706e-05
 Reference value :  1.41563e-05
 Reference value :  1.42189e-05
 Reference value :  1.42815e-05
 Reference value :  1.43153e-05
 Reference value :  1.43752e-05
 Reference value :  1.44064e-05
 Reference value :  1.44401e-05
 Reference value :  1.45003e-05
 Reference value :  1.45317e-05
 Reference value :  1.45834e-05
 Reference value :  1.46275e-05
 Reference value :  1.46877e-05
 Reference value :  1.47193e-05
 Reference value :  1.47813e-05
 Reference value :  1.48150e-05
 Reference value :  1.48751e-05
 Reference value :  1.49064e-05
 Reference value :  1.49688e-05
 Reference value :  1.50024e-05
 Reference value :  1.50320e-05
 Reference value :  1.50943e-05
 Reference value :  1.51568e-05
 Reference value :  1.52188e-05
 Reference value :  1.52527e-05
 Reference value :  1.53015e-05
 Reference value :  1.53439e-05
 Reference value :  1.53773e-05
 Reference value :  1.54225e-05
 Reference value :  1.54688e-05
 Reference value :  1.55027e-05
 Reference value :  1.55630e-05
 Reference value :  1.55971e-05
 Reference value :  1.56564e-05
 Reference value :  1.56901e-05
 Reference value :  1.57504e-05
 Reference value :  1.57858e-05
 Reference value :  1.58438e-05
 Reference value :  1.58776e-05
 Reference value :  1.59379e-05
 Reference value :  1.60003e-05
 Reference value :  1.60314e-05
 Reference value :  1.60648e-05
 Reference value :  1.61255e-05
 Reference value :  1.61879e-05
 Reference value :  1.62193e-05
 Reference value :  1.62535e-05
 Reference value :  1.63128e-05
 Reference value :  1.63442e-05
 Reference value :  1.63996e-05
 Reference value :  1.64383e-05
 Reference value :  1.64763e-05
 Reference value :  1.65313e-05
 Reference value :  1.65651e-05
 Reference value :  1.66252e-05
 Reference value :  1.66569e-05
 Reference value :  1.67188e-05
 Reference value :  1.67525e-05
 Reference value :  1.68127e-05
 Reference value :  1.68445e-05
 Reference value :  1.69015e-05
 Reference value :  1.69382e-05
 Reference value :  1.70004e-05
 Reference value :  1.70314e-05
 Reference value :  1.70938e-05
 Reference value :  1.71563e-05
 Reference value :  1.71900e-05
 Reference value :  1.72502e-05
 Reference value :  1.72817e-05
 Reference value :  1.73165e-05
 Reference value :  1.73759e-05
 Reference value :  1.74071e-05
 Reference value :  1.74526e-05
 Reference value :  1.75005e-05
 Reference value :  1.75427e-05
 Reference value :  1.75939e-05
 Reference value :  1.76277e-05
 Reference value :  1.76881e-05
 Reference value :  1.77258e-05
 Reference value :  1.77814e-05
 Reference value :  1.78438e-05
 Reference value :  1.78783e-05
 Reference value :  1.79603e-05
 Reference value :  1.80031e-05
 Reference value :  1.80630e-05
 Reference value :  1.81255e-05
 Reference value :  1.81880e-05
 Reference value :  1.82500e-05
 Reference value :  1.82814e-05
 Reference value :  1.83150e-05
 Reference value :  1.83776e-05
 Reference value :  1.84382e-05
 Reference value :  1.85001e-05
 Reference value :  1.85626e-05
 Reference value :  1.86128e-05
 Reference value :  1.86564e-05
 Reference value :  1.86911e-05
 Reference value :  1.87509e-05
 Reference value :  1.87824e-05
 Reference value :  1.88438e-05
 Reference value :  1.88760e-05
 Reference value :  1.89376e-05
 Reference value :  1.89970e-05
 Reference value :  1.90082e-05
 Reference value :  1.90630e-05
 Reference value :  1.91253e-05
 Reference value :  1.91878e-05
 Reference value :  1.92197e-05
 Reference value :  1.92779e-05
 Reference value :  1.93150e-05
 Reference value :  1.93753e-05
 Reference value :  1.94111e-05
 Reference value :  1.94688e-05
 Reference value :  1.95032e-05
 Reference value :  1.95657e-05
 Reference value :  1.96276e-05
 Reference value :  1.96880e-05
 Reference value :  1.97359e-05
 Reference value :  1.98127e-05
 Reference value :  1.98752e-05
 Reference value :  1.99067e-05
 Reference value :  1.99690e-05
No. of Data Rows : 48401
e1                  =  1.01308e+00
x1                  =  6.97080e+00 at=  2.28145e-06
cd1                 =  2.00000e+00
e2                  =  9.77697e-01
x2                  =  6.95224e+00 at=  3.28145e-06
cd2                 =  3.00000e+00
e128                =  6.67034e-01
x128                =  4.68051e+00 at=  4.28147e-06
cd128               =  1.28000e+02
e129                =  7.65792e-01
x129                =  4.73242e+00 at=  5.28147e-06
cd129               =  1.30000e+02
e255                =  4.25955e-01
x255                =  2.94000e+00 at=  6.28152e-06
cd255               =  2.55000e+02
e256                =  4.87922e-01
x256                =  2.99254e+00 at=  7.28152e-06
cd256               =  2.56000e+02
e257                =  4.89008e-01
x257                =  2.97639e+00 at=  8.28152e-06
cd257               =  2.57000e+02
e384                =  1.69983e-01
x384                =  1.58450e+00 at=  9.31263e-06
cd384               =  3.84000e+02
e511                =  -6.12445e-02
x511                =  2.49386e+00 at=  1.03751e-05
cd511               =  5.11000e+02
e512                =  -5.03147e-03
x512                =  2.47891e+00 at=  1.13440e-05
cd512               =  5.12000e+02
e513                =  2.55695e-03
x513                =  2.47365e+00 at=  1.23440e-05
cd513               =  5.13000e+02
e640                =  -3.19546e-01
x640                =  1.72473e+00 at=  1.33126e-05
cd640               =  6.39000e+02
e767                =  -5.54692e-01
x767                =  2.98977e+00 at=  1.43126e-05
cd767               =  7.66000e+02
e768                =  -5.02258e-01
x768                =  2.92914e+00 at=  1.53126e-05
cd768               =  7.67000e+02
e769                =  -4.94481e-01
x769                =  2.93925e+00 at=  1.63126e-05
cd769               =  7.68000e+02
e896                =  -8.08818e-01
x896                =  4.32017e+00 at=  1.73126e-05
cd896               =  8.95000e+02
e1022               =  -1.04720e+00
x1022               =  5.69349e+00 at=  1.83126e-05
cd1022              =  1.02100e+03
e1023               =  -9.78584e-01
x1023               =  5.63648e+00 at=  1.93126e-05
cd1023              =  1.02200e+03
vrefhi              =  2.97012e+00 at=  1.53149e-05
vreflo              =  2.96987e+00 at=  1.25681e-05
m_terr_t1_lsb = 1.0130770000e+00
m_decerr_t1_lsb = 6.9708020000e+00
m_code_t1 = 2.0000000000e+00
m_terr_t2_lsb = 9.7769690000e-01
m_decerr_t2_lsb = 6.9522370000e+00
m_code_t2 = 3.0000000000e+00
m_terr_t128_lsb = 6.6703390000e-01
m_decerr_t128_lsb = 4.6805100000e+00
m_code_t128 = 1.2800000000e+02
m_terr_t129_lsb = 7.6579250000e-01
m_decerr_t129_lsb = 4.7324190000e+00
m_code_t129 = 1.3000000000e+02
m_terr_t255_lsb = 4.2595540000e-01
m_decerr_t255_lsb = 2.9400010000e+00
m_code_t255 = 2.5500000000e+02
m_terr_t256_lsb = 4.8792180000e-01
m_decerr_t256_lsb = 2.9925370000e+00
m_code_t256 = 2.5600000000e+02
m_terr_t257_lsb = 4.8900760000e-01
m_decerr_t257_lsb = 2.9763860000e+00
m_code_t257 = 2.5700000000e+02
m_terr_t384_lsb = 1.6998260000e-01
m_decerr_t384_lsb = 1.5845050000e+00
m_code_t384 = 3.8400000000e+02
m_terr_t511_lsb = -6.124446000e-02
m_decerr_t511_lsb = 2.4938630000e+00
m_code_t511 = 5.1100000000e+02
m_terr_t512_lsb = -5.031470000e-03
m_decerr_t512_lsb = 2.4789140000e+00
m_code_t512 = 5.1200000000e+02
m_terr_t513_lsb = 2.5569490000e-03
m_decerr_t513_lsb = 2.4736510000e+00
m_code_t513 = 5.1300000000e+02
m_terr_t640_lsb = -3.195456000e-01
m_decerr_t640_lsb = 1.7247280000e+00
m_code_t640 = 6.3900000000e+02
m_terr_t767_lsb = -5.546920000e-01
m_decerr_t767_lsb = 2.9897720000e+00
m_code_t767 = 7.6600000000e+02
m_terr_t768_lsb = -5.022583000e-01
m_decerr_t768_lsb = 2.9291400000e+00
m_code_t768 = 7.6700000000e+02
m_terr_t769_lsb = -4.944809000e-01
m_decerr_t769_lsb = 2.9392490000e+00
m_code_t769 = 7.6800000000e+02
m_terr_t896_lsb = -8.088184000e-01
m_decerr_t896_lsb = 4.3201700000e+00
m_code_t896 = 8.9500000000e+02
m_terr_t1022_lsb = -1.047204000e+00
m_decerr_t1022_lsb = 5.6934940000e+00
m_code_t1022 = 1.0210000000e+03
m_terr_t1023_lsb = -9.785838000e-01
m_decerr_t1023_lsb = 5.6364780000e+00
m_code_t1023 = 1.0220000000e+03
m_inl_t1_lsb = 0.0000000000e+00
m_inl_t2_lsb = -3.343131252e-02
m_inl_t128_lsb = -9.854709061e-02
m_inl_t129_lsb = 2.1602968689e-03
m_inl_t255_lsb = -9.212958121e-02
m_inl_t256_lsb = -2.821439374e-02
m_inl_t257_lsb = -2.517980626e-02
m_inl_t384_lsb = -9.670879687e-02
m_inl_t511_lsb = -8.043984748e-02
m_inl_t512_lsb = -2.227807000e-02
m_inl_t513_lsb = -1.274086352e-02
m_inl_t640_lsb = -8.734740313e-02
m_inl_t767_lsb = -7.499779374e-02
m_inl_t768_lsb = -2.061530626e-02
m_inl_t769_lsb = -1.088911879e-02
m_inl_t896_lsb = -7.773060939e-02
m_inl_t1022_lsb = -7.056898748e-02
m_inl_t1023_lsb = 0.0000000000e+00
m_dnl_t1_t2_lsb = -3.538010000e-02
m_dnl_t128_t129_lsb = 9.8758600000e-02
m_dnl_t255_t256_lsb = 6.1966400000e-02
m_dnl_t256_t257_lsb = 1.0858000000e-03
m_dnl_t511_t512_lsb = 5.6212990000e-02
m_dnl_t512_t513_lsb = 7.5884190000e-03
m_dnl_t767_t768_lsb = 5.2433700000e-02
m_dnl_t768_t769_lsb = 7.7774000000e-03
m_dnl_t1022_t1023_lsb = 6.8620200000e-02
m_gain_err_lsb = -1.993609587e+00
m_vref_droop_mv = 2.5700000000e-01
Note: Simulation executed from .control section 

Note: Starting dynamic gmin stepping
Note: Dynamic gmin stepping completed
