
Note: No compatibility mode selected!


Circuit: * adc-inl-dnl @ mim_ff_125c_3.63v -- generated by sim/harness, do not edit

Reducing trtol to 1 for xspice 'A' devices
Doing analysis at TEMP = 125.000000 and TNOM = 27.000000

Using SPARSE 1.3 as Direct Linear Solver

Initial Transient Solution
--------------------------

Node                                   Voltage
----                                   -------
clk                                          0
cmpclk                                       0
cmpclkb                                   3.63
vddt                                      3.63
vddd                                      3.63
vddc                                      3.63
vrefs                                     3.63
vrefn                                     3.63
vcmn                                     1.815
se_vinp                             0.00443115
se_vinn                                  1.815
se_start                                     0
se_mode                                      0
se_cmp                                 1.49495
se_samp_tp_n                                 0
se_sel_in_n                                  0
se_drdy                                   3.63
se_c9                                        0
se_c8                                        0
se_c7                                        0
se_c6                                        0
se_c5                                        0
se_c4                                        0
se_c3                                        0
se_c2                                        0
se_c1                                        0
se_c0                                        0
se_rel_n_256p                             3.63
se_sel_hi_n_256p                             0
se_sel_lo_n_256p                             0
se_rel_n_128p                             3.63
se_sel_hi_n_128p                             0
se_sel_lo_n_128p                             0
se_rel_n_64p                              3.63
se_sel_hi_n_64p                              0
se_sel_lo_n_64p                              0
se_rel_n_32p                              3.63
se_sel_hi_n_32p                              0
se_sel_lo_n_32p                              0
se_rel_n_16p                              3.63
se_sel_hi_n_16p                              0
se_sel_lo_n_16p                              0
se_rel_n_8p                               3.63
se_sel_hi_n_8p                               0
se_sel_lo_n_8p                               0
se_rel_n_4p                               3.63
se_sel_hi_n_4p                               0
se_sel_lo_n_4p                               0
se_rel_n_2p                               3.63
se_sel_hi_n_2p                               0
se_sel_lo_n_2p                               0
se_rel_n_1p                               3.63
se_sel_hi_n_1p                               0
se_sel_lo_n_1p                               0
se_rel_n_256n                             3.63
se_sel_hi_n_256n                             0
se_sel_lo_n_256n                             0
se_rel_n_128n                             3.63
se_sel_hi_n_128n                             0
se_sel_lo_n_128n                             0
se_rel_n_64n                              3.63
se_sel_hi_n_64n                              0
se_sel_lo_n_64n                              0
se_rel_n_32n                              3.63
se_sel_hi_n_32n                              0
se_sel_lo_n_32n                              0
se_rel_n_16n                              3.63
se_sel_hi_n_16n                              0
se_sel_lo_n_16n                              0
se_rel_n_8n                               3.63
se_sel_hi_n_8n                               0
se_sel_lo_n_8n                               0
se_rel_n_4n                               3.63
se_sel_hi_n_4n                               0
se_sel_lo_n_4n                               0
se_rel_n_2n                               3.63
se_sel_hi_n_2n                               0
se_sel_lo_n_2n                               0
se_rel_n_1n                               3.63
se_sel_hi_n_1n                               0
se_sel_lo_n_1n                               0
se_pinp                             0.00443133
se_pinn                                  1.815
xdut.\$65                                 3.63
xdut.\$27                          1.08676e-08
xdut.\$29                                 3.63
xdut.\$9                                  3.63
xdut.\$10                                1.815
xdut.\$67                                 3.63
xdut.\$31                          1.08676e-08
xdut.\$33                                 3.63
xdut.\$11                                 3.63
xdut.\$12                                1.815
xdut.\$69                                 3.63
xdut.\$35                          1.08676e-08
xdut.\$37                                 3.63
xdut.\$13                                 3.63
xdut.\$14                                1.815
xdut.\$71                                 3.63
xdut.\$39                          1.08676e-08
xdut.\$41                                 3.63
xdut.\$15                                 3.63
xdut.\$16                                1.815
xdut.\$73                                 3.63
xdut.\$43                          1.08676e-08
xdut.\$45                                 3.63
xdut.\$17                                 3.63
xdut.\$18                                1.815
xdut.\$75                                 3.63
xdut.\$47                          1.08676e-08
xdut.\$49                                 3.63
xdut.\$19                                 3.63
xdut.\$20                                1.815
xdut.\$77                                 3.63
xdut.\$51                          1.08676e-08
xdut.\$53                                 3.63
xdut.\$21                                 3.63
xdut.\$22                                1.815
xdut.\$79                                 3.63
xdut.\$55                          1.08676e-08
xdut.\$57                                 3.63
xdut.\$23                                 3.63
xdut.\$24                                1.815
xdut.\$81                                 3.63
xdut.\$59                          1.08676e-08
xdut.\$61                                 3.63
xdut.\$25                                 3.63
xdut.\$26                                1.815
xdut.\$83                                 3.63
xdut.\$85                          1.08676e-08
xdut.\$87                                 3.63
xdut.\$89                                 3.63
xdut.\$90                                1.815
xdut.\$92                                 3.63
xdut.\$94                          1.08676e-08
xdut.\$96                                 3.63
xdut.\$98                                 3.63
xdut.\$99                                1.815
xdut.\$100                                3.63
xdut.\$102                         1.08676e-08
xdut.\$104                                3.63
xdut.\$106                                3.63
xdut.\$107                               1.815
xdut.\$108                                3.63
xdut.\$110                         1.08676e-08
xdut.\$112                                3.63
xdut.\$114                                3.63
xdut.\$115                               1.815
xdut.\$116                                3.63
xdut.\$118                         1.08676e-08
xdut.\$120                                3.63
xdut.\$122                                3.63
xdut.\$123                               1.815
xdut.\$124                                3.63
xdut.\$126                         1.08676e-08
xdut.\$128                                3.63
xdut.\$130                                3.63
xdut.\$131                               1.815
xdut.\$132                                3.63
xdut.\$134                         1.08676e-08
xdut.\$136                                3.63
xdut.\$138                                3.63
xdut.\$139                               1.815
xdut.\$140                                3.63
xdut.\$142                         1.08676e-08
xdut.\$144                                3.63
xdut.\$146                                3.63
xdut.\$147                               1.815
xdut.\$166                                3.63
se_topp                                1.81508
xdut.\$167                                3.63
se_topn                                1.81508
xdut.\$148                                3.63
xdut.\$150                         1.08676e-08
xdut.\$152                                3.63
xdut.\$154                                3.63
xdut.\$155                               1.815
xdut.\$10__par                           1.815
xdut.\$100__par                           3.63
xdut.\$102__par                    1.08676e-08
xdut.\$104__par                           3.63
xdut.\$106__par                           3.63
xdut.\$107__par                          1.815
xdut.\$108__par                           3.63
xdut.\$11__par                            3.63
xdut.\$110__par                    1.08676e-08
xdut.\$112__par                           3.63
xdut.\$114__par                           3.63
xdut.\$115__par                          1.815
xdut.\$116__par                           3.63
xdut.\$118__par                    1.08676e-08
xdut.\$12__par                           1.815
xdut.\$120__par                           3.63
xdut.\$122__par                           3.63
xdut.\$123__par                          1.815
xdut.\$124__par                           3.63
xdut.\$126__par                    1.08676e-08
xdut.\$128__par                           3.63
xdut.\$13__par                            3.63
xdut.\$130__par                           3.63
xdut.\$131__par                          1.815
xdut.\$132__par                           3.63
xdut.\$134__par                    1.08676e-08
xdut.\$136__par                           3.63
xdut.\$138__par                           3.63
xdut.\$139__par                          1.815
xdut.\$14__par                           1.815
xdut.\$140__par                           3.63
xdut.\$142__par                    1.08676e-08
xdut.\$144__par                           3.63
xdut.\$146__par                           3.63
xdut.\$147__par                          1.815
xdut.\$148__par                           3.63
xdut.\$15__par                            3.63
xdut.\$150__par                    1.08676e-08
xdut.\$152__par                           3.63
xdut.\$154__par                           3.63
xdut.\$155__par                          1.815
xdut.\$16__par                           1.815
xdut.\$166__par                           3.63
xdut.\$167__par                           3.63
xdut.\$17__par                            3.63
xdut.\$18__par                           1.815
xdut.\$19__par                            3.63
xdut.\$20__par                           1.815
xdut.\$21__par                            3.63
xdut.\$22__par                           1.815
xdut.\$23__par                            3.63
xdut.\$24__par                           1.815
xdut.\$25__par                            3.63
xdut.\$26__par                           1.815
xdut.\$27__par                     1.08676e-08
xdut.\$29__par                            3.63
xdut.\$31__par                     1.08676e-08
xdut.\$33__par                            3.63
xdut.\$35__par                     1.08676e-08
xdut.\$37__par                            3.63
xdut.\$39__par                     1.08676e-08
xdut.\$41__par                            3.63
xdut.\$43__par                     1.08676e-08
xdut.\$45__par                            3.63
xdut.\$47__par                     1.08676e-08
xdut.\$49__par                            3.63
xdut.\$51__par                     1.08676e-08
xdut.\$53__par                            3.63
xdut.\$55__par                     1.08676e-08
xdut.\$57__par                            3.63
xdut.\$59__par                     1.08676e-08
xdut.\$61__par                            3.63
xdut.\$65__par                            3.63
xdut.\$67__par                            3.63
xdut.\$69__par                            3.63
xdut.\$71__par                            3.63
xdut.\$73__par                            3.63
xdut.\$75__par                            3.63
xdut.\$77__par                            3.63
xdut.\$79__par                            3.63
xdut.\$81__par                            3.63
xdut.\$83__par                            3.63
xdut.\$85__par                     1.08676e-08
xdut.\$87__par                            3.63
xdut.\$89__par                            3.63
xdut.\$9__par                             3.63
xdut.\$90__par                           1.815
xdut.\$92__par                            3.63
xdut.\$94__par                     1.08676e-08
xdut.\$96__par                            3.63
xdut.\$98__par                            3.63
xdut.\$99__par                           1.815
xdut.hi_128_n__par                           0
xdut.hi_128_p__par                           0
xdut.hi_16_n__par                            0
xdut.hi_16_p__par                            0
xdut.hi_1_n__par                             0
xdut.hi_1_p__par                             0
xdut.hi_256_n__par                           0
xdut.hi_256_p__par                           0
xdut.hi_2_n__par                             0
xdut.hi_2_p__par                             0
xdut.hi_32_n__par                            0
xdut.hi_32_p__par                            0
xdut.hi_4_n__par                             0
xdut.hi_4_p__par                             0
xdut.hi_64_n__par                            0
xdut.hi_64_p__par                            0
xdut.hi_8_n__par                             0
xdut.hi_8_p__par                             0
xdut.lo_128_n__par                           0
xdut.lo_128_p__par                           0
xdut.lo_16_n__par                            0
xdut.lo_16_p__par                            0
xdut.lo_1_n__par                             0
xdut.lo_1_p__par                             0
xdut.lo_256_n__par                           0
xdut.lo_256_p__par                           0
xdut.lo_2_n__par                             0
xdut.lo_2_p__par                             0
xdut.lo_32_n__par                            0
xdut.lo_32_p__par                            0
xdut.lo_4_n__par                             0
xdut.lo_4_p__par                             0
xdut.lo_64_n__par                            0
xdut.lo_64_p__par                            0
xdut.lo_8_n__par                             0
xdut.lo_8_p__par                             0
xdut.pinn__par                           1.815
xdut.pinp__par                      0.00443133
xdut.rel_128_n__par                       3.63
xdut.rel_128_p__par                       3.63
xdut.rel_16_n__par                        3.63
xdut.rel_16_p__par                        3.63
xdut.rel_1_n__par                         3.63
xdut.rel_1_p__par                         3.63
xdut.rel_256_n__par                       3.63
xdut.rel_256_p__par                       3.63
xdut.rel_2_n__par                         3.63
xdut.rel_2_p__par                         3.63
xdut.rel_32_n__par                        3.63
xdut.rel_32_p__par                        3.63
xdut.rel_4_n__par                         3.63
xdut.rel_4_p__par                         3.63
xdut.rel_64_n__par                        3.63
xdut.rel_64_p__par                        3.63
xdut.rel_8_n__par                         3.63
xdut.rel_8_p__par                         3.63
xdut.sel_in__par                             0
xdut.topn__par                         1.81508
xdut.topp__par                         1.81508
xdut.tp_gn__par                              0
xdut.vcm__par                            1.815
xdut.vdd__par                             3.63
xdut.vref__par                            3.63
xdut.vss__par                                0
se_ibias                              0.678004
xsecmp.xpre.ptail                     0.965928
xsecmp.pon                             2.94003
xsecmp.preamp_in1                      1.81508
xsecmp.pop                             2.94003
xsecmp.preamp_in2                      1.81508
xsecmp.xpre.xrlp.11                    3.62987
xsecmp.xpre.xrlp.21                    2.94016
xsecmp.xpre.xrln.11                    3.62987
xsecmp.xpre.xrln.21                    2.94016
xsecmp.xlat.ltail                      2.26678
xsecmp.xlat.dip                           3.63
xsecmp.xlat.din                           3.63
xsecmp.outn                               3.63
xsecmp.outp                               3.63
xsecmp.sset                        1.89066e-08
xsecmp.srst                        1.89066e-08
xsecmp.xno1.ps                         3.35096
se_cmpb                                1.49495
xsecmp.xno2.ps                         3.35096
se_code                                      0
se_dacp                           -1.11022e-16
se_dacn                           -1.11022e-16
se_di                                  1.81057
se_err                                  510.75
se_aerrh                                     0
bseea#branch                                 0
bsee#branch                                  0
bsedi#branch                                 0
bsedacn#branch                               0
bsedacp#branch                               0
bsecode#branch                               0
lref#branch                        1.75461e-09
v.xsecmp.vpn#branch               -5.33698e-30
v.xsecmp.vpp#branch                7.88402e-28
vsemode#branch                               0
vsestart#branch                              0
vsevinn#branch                       3.747e-16
vsevinp#branch                     7.18618e-09
vcms#branch                       -2.15218e-08
vrefs#branch                      -1.75461e-09
vddc#branch                       -0.000701438
vddd#branch                        -8.8116e-09
vddt#branch                                  0
vcmpclkb#branch                              0
vcmpclk#branch                               0
vclk#branch                                  0
a.xsectrl.a_gn#branch_1_0                    0
a.xsectrl.a_gn#branch_1_1                    0
a.xsectrl.a_gn#branch_1_2                    0
a.xsectrl.a_gn#branch_1_3                    0
a.xsectrl.a_gn#branch_1_4                    0
a.xsectrl.a_gn#branch_1_5                    0
a.xsectrl.a_gn#branch_1_6                    0
a.xsectrl.a_gn#branch_1_7                    0
a.xsectrl.a_gn#branch_1_8                    0
a.xsectrl.a_gn#branch_1_9                    0
a.xsectrl.a_gn#branch_1_10                   0
a.xsectrl.a_gn#branch_1_11                   0
a.xsectrl.a_gn#branch_1_12                   0
a.xsectrl.a_gn#branch_1_13                   0
a.xsectrl.a_gn#branch_1_14                   0
a.xsectrl.a_gn#branch_1_15                   0
a.xsectrl.a_gn#branch_1_16                   0
a.xsectrl.a_gn#branch_1_17                   0
a.xsectrl.a_gn#branch_1_18                   0
a.xsectrl.a_gn#branch_1_19                   0
a.xsectrl.a_gn#branch_1_20                   0
a.xsectrl.a_gn#branch_1_21                   0
a.xsectrl.a_gn#branch_1_22                   0
a.xsectrl.a_gn#branch_1_23                   0
a.xsectrl.a_gn#branch_1_24                   0
a.xsectrl.a_gn#branch_1_25                   0
a.xsectrl.a_gn#branch_1_26                   0
a.xsectrl.a_gn#branch_1_27                   0
a.xsectrl.a_gn#branch_1_28                   0
a.xsectrl.a_gn#branch_1_29                   0
a.xsectrl.a_gn#branch_1_30                   0
a.xsectrl.a_gn#branch_1_31                   0
a.xsectrl.a_gn#branch_1_32                   0
a.xsectrl.a_gn#branch_1_33                   0
a.xsectrl.a_gn#branch_1_34                   0
a.xsectrl.a_gn#branch_1_35                   0
a.xsectrl.a_gn#branch_1_36                   0
a.xsectrl.a_gn#branch_1_37                   0
a.xsectrl.a_gn#branch_1_38                   0
a.xsectrl.a_gn#branch_1_39                   0
a.xsectrl.a_gn#branch_1_40                   0
a.xsectrl.a_gn#branch_1_41                   0
a.xsectrl.a_gn#branch_1_42                   0
a.xsectrl.a_gn#branch_1_43                   0
a.xsectrl.a_gn#branch_1_44                   0
a.xsectrl.a_gn#branch_1_45                   0
a.xsectrl.a_gn#branch_1_46                   0
a.xsectrl.a_gn#branch_1_47                   0
a.xsectrl.a_gn#branch_1_48                   0
a.xsectrl.a_gn#branch_1_49                   0
a.xsectrl.a_gn#branch_1_50                   0
a.xsectrl.a_gn#branch_1_51                   0
a.xsectrl.a_gn#branch_1_52                   0
a.xsectrl.a_gn#branch_1_53                   0
a.xsectrl.a_dout#branch_1_0                  0
a.xsectrl.a_dout#branch_1_1                  0
a.xsectrl.a_dout#branch_1_2                  0
a.xsectrl.a_dout#branch_1_3                  0
a.xsectrl.a_dout#branch_1_4                  0
a.xsectrl.a_dout#branch_1_5                  0
a.xsectrl.a_dout#branch_1_6                  0
a.xsectrl.a_dout#branch_1_7                  0
a.xsectrl.a_dout#branch_1_8                  0
a.xsectrl.a_dout#branch_1_9                  0
a.xsectrl.a_dout#branch_1_10                 0
a.xsectrl.a_dout#branch_1_11                 0
a.xsectrl.a_dout#branch_1_12                 0

 Reference value :  0.00000e+00
 Reference value :  3.13024e-08
 Reference value :  6.32440e-08
 Reference value :  1.25535e-07
 Reference value :  1.87825e-07
 Reference value :  2.19952e-07
 Reference value :  2.81255e-07
 Reference value :  3.13036e-07
 Reference value :  3.44479e-07
 Reference value :  3.97026e-07
 Reference value :  4.39873e-07
 Reference value :  5.00010e-07
 Reference value :  5.31334e-07
 Reference value :  5.65125e-07
 Reference value :  6.25363e-07
 Reference value :  6.56843e-07
 Reference value :  7.18754e-07
 Reference value :  7.52373e-07
 Reference value :  7.84775e-07
 Reference value :  8.43812e-07
 Reference value :  8.75681e-07
 Reference value :  9.15641e-07
 Reference value :  9.69365e-07
 Reference value :  1.00293e-06
 Reference value :  1.03309e-06
 Reference value :  1.09428e-06
 Reference value :  1.15669e-06
 Reference value :  1.20069e-06
 Reference value :  1.25061e-06
 Reference value :  1.28170e-06
 Reference value :  1.31538e-06
 Reference value :  1.37540e-06
 Reference value :  1.40679e-06
 Reference value :  1.44557e-06
 Reference value :  1.50128e-06
 Reference value :  1.53797e-06
 Reference value :  1.59376e-06
 Reference value :  1.62744e-06
 Reference value :  1.68763e-06
 Reference value :  1.71895e-06
 Reference value :  1.75302e-06
 Reference value :  1.81269e-06
 Reference value :  1.84407e-06
 Reference value :  1.87752e-06
 Reference value :  1.93770e-06
 Reference value :  2.00013e-06
 Reference value :  2.00594e-06
 Reference value :  2.06269e-06
 Reference value :  2.12249e-06
 Reference value :  2.15807e-06
 Reference value :  2.21885e-06
 Reference value :  2.25285e-06
 Reference value :  2.28860e-06
 Reference value :  2.33459e-06
 Reference value :  2.37728e-06
 Reference value :  2.43751e-06
 Reference value :  2.46929e-06
 Reference value :  2.53127e-06
 Reference value :  2.56499e-06
 Reference value :  2.62511e-06
 Reference value :  2.65639e-06
 Reference value :  2.69037e-06
 Reference value :  2.75044e-06
 Reference value :  2.78182e-06
 Reference value :  2.81523e-06
 Reference value :  2.87520e-06
 Reference value :  2.90647e-06
 Reference value :  2.96888e-06
 Reference value :  3.00260e-06
 Reference value :  3.03192e-06
 Reference value :  3.09389e-06
 Reference value :  3.15632e-06
 Reference value :  3.18977e-06
 Reference value :  3.25001e-06
 Reference value :  3.28132e-06
 Reference value :  3.31380e-06
 Reference value :  3.35056e-06
 Reference value :  3.40626e-06
 Reference value :  3.43991e-06
 Reference value :  3.50001e-06
 Reference value :  3.53132e-06
 Reference value :  3.56510e-06
 Reference value :  3.62533e-06
 Reference value :  3.65679e-06
 Reference value :  3.71875e-06
 Reference value :  3.75228e-06
 Reference value :  3.78241e-06
 Reference value :  3.84378e-06
 Reference value :  3.87743e-06
 Reference value :  3.92864e-06
 Reference value :  3.96905e-06
 Reference value :  4.00283e-06
 Reference value :  4.06260e-06
 Reference value :  4.12503e-06
 Reference value :  4.18197e-06
 Reference value :  4.21895e-06
 Reference value :  4.25309e-06
 Reference value :  4.31284e-06
 Reference value :  4.34422e-06
 Reference value :  4.38118e-06
 Reference value :  4.43772e-06
 Reference value :  4.46897e-06
 Reference value :  4.50254e-06
 Reference value :  4.56270e-06
 Reference value :  4.59395e-06
 Reference value :  4.62944e-06
 Reference value :  4.68976e-06
 Reference value :  4.74152e-06
 Reference value :  4.78135e-06
 Reference value :  4.81510e-06
 Reference value :  4.87532e-06
 Reference value :  4.90663e-06
 Reference value :  4.96894e-06
 Reference value :  5.01188e-06
 Reference value :  5.09411e-06
 Reference value :  5.18778e-06
 Reference value :  5.25251e-06
 Reference value :  5.31303e-06
 Reference value :  5.37522e-06
 Reference value :  5.40647e-06
 Reference value :  5.44002e-06
 Reference value :  5.50000e-06
 Reference value :  5.53129e-06
 Reference value :  5.56499e-06
 Reference value :  5.62516e-06
 Reference value :  5.65645e-06
 Reference value :  5.69094e-06
 Reference value :  5.75070e-06
 Reference value :  5.78169e-06
 Reference value :  5.81497e-06
 Reference value :  5.87139e-06
 Reference value :  5.90638e-06
 Reference value :  6.00020e-06
 Reference value :  6.06263e-06
 Reference value :  6.15645e-06
 Reference value :  6.21960e-06
 Reference value :  6.31261e-06
 Reference value :  6.37532e-06
 Reference value :  6.43772e-06
 Reference value :  6.46895e-06
 Reference value :  6.50364e-06
 Reference value :  6.56311e-06
 Reference value :  6.59584e-06
 Reference value :  6.65638e-06
 Reference value :  6.69118e-06
 Reference value :  6.75065e-06
 Reference value :  6.81262e-06
 Reference value :  6.87515e-06
 Reference value :  6.93762e-06
 Reference value :  7.00234e-06
 Reference value :  7.06272e-06
 Reference value :  7.14458e-06
 Reference value :  7.21889e-06
 Reference value :  7.28139e-06
 Reference value :  7.31512e-06
 Reference value :  7.37503e-06
 Reference value :  7.40641e-06
 Reference value :  7.46875e-06
 Reference value :  7.53129e-06
 Reference value :  7.59386e-06
 Reference value :  7.65649e-06
 Reference value :  7.71941e-06
 Reference value :  7.78133e-06
 Reference value :  7.81504e-06
 Reference value :  7.87520e-06
 Reference value :  7.90645e-06
 Reference value :  7.96886e-06
 Reference value :  8.00252e-06
 Reference value :  8.04715e-06
 Reference value :  8.09470e-06
 Reference value :  8.15682e-06
 Reference value :  8.21877e-06
 Reference value :  8.25070e-06
 Reference value :  8.28174e-06
 Reference value :  8.31662e-06
 Reference value :  8.37518e-06
 Reference value :  8.40639e-06
 Reference value :  8.43995e-06
 Reference value :  8.50010e-06
 Reference value :  8.53135e-06
 Reference value :  8.56517e-06
 Reference value :  8.62540e-06
 Reference value :  8.65696e-06
 Reference value :  8.71877e-06
 Reference value :  8.75244e-06
 Reference value :  8.81261e-06
 Reference value :  8.84406e-06
 Reference value :  8.87755e-06
 Reference value :  8.93761e-06
 Reference value :  8.98897e-06
 Reference value :  9.00305e-06
 Reference value :  9.06297e-06
 Reference value :  9.12544e-06
 Reference value :  9.18782e-06
 Reference value :  9.22677e-06
 Reference value :  9.28131e-06
 Reference value :  9.31503e-06
 Reference value :  9.37501e-06
 Reference value :  9.40631e-06
 Reference value :  9.44003e-06
 Reference value :  9.49008e-06
 Reference value :  9.53130e-06
 Reference value :  9.56502e-06
 Reference value :  9.62520e-06
 Reference value :  9.65651e-06
 Reference value :  9.69643e-06
 Reference value :  9.75122e-06
 Reference value :  9.80913e-06
 Reference value :  9.84388e-06
 Reference value :  9.87762e-06
 Reference value :  9.93788e-06
 Reference value :  1.00003e-05
 Reference value :  1.00313e-05
 Reference value :  1.00939e-05
 Reference value :  1.01563e-05
 Reference value :  1.01901e-05
 Reference value :  1.02504e-05
 Reference value :  1.02819e-05
 Reference value :  1.03263e-05
 Reference value :  1.03755e-05
 Reference value :  1.04070e-05
 Reference value :  1.04538e-05
 Reference value :  1.05023e-05
 Reference value :  1.05625e-05
 Reference value :  1.05939e-05
 Reference value :  1.06277e-05
 Reference value :  1.06881e-05
 Reference value :  1.07325e-05
 Reference value :  1.07814e-05
 Reference value :  1.08151e-05
 Reference value :  1.08754e-05
 Reference value :  1.09067e-05
 Reference value :  1.09688e-05
 Reference value :  1.10025e-05
 Reference value :  1.10394e-05
 Reference value :  1.10946e-05
 Reference value :  1.11569e-05
 Reference value :  1.12188e-05
 Reference value :  1.12527e-05
 Reference value :  1.12823e-05
 Reference value :  1.13438e-05
 Reference value :  1.13759e-05
 Reference value :  1.14131e-05
 Reference value :  1.14688e-05
 Reference value :  1.15025e-05
 Reference value :  1.15626e-05
 Reference value :  1.15939e-05
 Reference value :  1.16279e-05
 Reference value :  1.16880e-05
 Reference value :  1.17263e-05
 Reference value :  1.17813e-05
 Reference value :  1.18151e-05
 Reference value :  1.18752e-05
 Reference value :  1.19067e-05
 Reference value :  1.19688e-05
 Reference value :  1.20025e-05
 Reference value :  1.20320e-05
 Reference value :  1.20941e-05
 Reference value :  1.21574e-05
 Reference value :  1.22189e-05
 Reference value :  1.22529e-05
 Reference value :  1.23125e-05
 Reference value :  1.23439e-05
 Reference value :  1.23774e-05
 Reference value :  1.24400e-05
 Reference value :  1.25038e-05
 Reference value :  1.25888e-05
 Reference value :  1.26564e-05
 Reference value :  1.27233e-05
 Reference value :  1.28127e-05
 Reference value :  1.28754e-05
 Reference value :  1.29380e-05
 Reference value :  1.30006e-05
 Reference value :  1.30315e-05
 Reference value :  1.30938e-05
 Reference value :  1.31563e-05
 Reference value :  1.31900e-05
 Reference value :  1.32502e-05
 Reference value :  1.32815e-05
 Reference value :  1.33151e-05
 Reference value :  1.33751e-05
 Reference value :  1.34063e-05
 Reference value :  1.34399e-05
 Reference value :  1.34790e-05
 Reference value :  1.35300e-05
 Reference value :  1.35648e-05
 Reference value :  1.36250e-05
 Reference value :  1.36564e-05
 Reference value :  1.36902e-05
 Reference value :  1.37505e-05
 Reference value :  1.37910e-05
 Reference value :  1.38438e-05
 Reference value :  1.38776e-05
 Reference value :  1.39377e-05
 Reference value :  1.40001e-05
 Reference value :  1.40223e-05
 Reference value :  1.40630e-05
 Reference value :  1.41253e-05
 Reference value :  1.41877e-05
 Reference value :  1.42195e-05
 Reference value :  1.42785e-05
 Reference value :  1.43333e-05
 Reference value :  1.43795e-05
 Reference value :  1.44416e-05
 Reference value :  1.45313e-05
 Reference value :  1.45939e-05
 Reference value :  1.46592e-05
 Reference value :  1.47502e-05
 Reference value :  1.48132e-05
 Reference value :  1.48765e-05
 Reference value :  1.49386e-05
 Reference value :  1.50030e-05
 Reference value :  1.50938e-05
 Reference value :  1.51624e-05
 Reference value :  1.52502e-05
 Reference value :  1.53127e-05
 Reference value :  1.53444e-05
 Reference value :  1.53790e-05
 Reference value :  1.54378e-05
 Reference value :  1.54690e-05
 Reference value :  1.55032e-05
 Reference value :  1.55630e-05
 Reference value :  1.55992e-05
 Reference value :  1.56563e-05
 Reference value :  1.56901e-05
 Reference value :  1.57502e-05
 Reference value :  1.57816e-05
 Reference value :  1.58301e-05
 Reference value :  1.58760e-05
 Reference value :  1.59096e-05
 Reference value :  1.59693e-05
 Reference value :  1.60029e-05
 Reference value :  1.60366e-05
 Reference value :  1.60943e-05
 Reference value :  1.61567e-05
 Reference value :  1.61994e-05
 Reference value :  1.62507e-05
 Reference value :  1.62817e-05
 Reference value :  1.63165e-05
 Reference value :  1.63756e-05
 Reference value :  1.64068e-05
 Reference value :  1.64414e-05
 Reference value :  1.65011e-05
 Reference value :  1.65363e-05
 Reference value :  1.65938e-05
 Reference value :  1.66274e-05
 Reference value :  1.66876e-05
 Reference value :  1.67189e-05
 Reference value :  1.67529e-05
 Reference value :  1.68130e-05
 Reference value :  1.68447e-05
 Reference value :  1.69052e-05
 Reference value :  1.69380e-05
 Reference value :  1.70003e-05
 Reference value :  1.70313e-05
 Reference value :  1.70636e-05
 Reference value :  1.71256e-05
 Reference value :  1.72188e-05
 Reference value :  1.72814e-05
 Reference value :  1.73439e-05
 Reference value :  1.74067e-05
 Reference value :  1.74689e-05
 Reference value :  1.75314e-05
 Reference value :  1.76016e-05
 Reference value :  1.76878e-05
 Reference value :  1.77524e-05
 Reference value :  1.78152e-05
 Reference value :  1.79063e-05
 Reference value :  1.79690e-05
 Reference value :  1.80029e-05
 Reference value :  1.80611e-05
 Reference value :  1.80948e-05
 Reference value :  1.81569e-05
 Reference value :  1.82188e-05
 Reference value :  1.82528e-05
 Reference value :  1.82886e-05
 Reference value :  1.83438e-05
 Reference value :  1.83781e-05
 Reference value :  1.84539e-05
 Reference value :  1.85313e-05
 Reference value :  1.85651e-05
 Reference value :  1.86254e-05
 Reference value :  1.86572e-05
 Reference value :  1.87188e-05
 Reference value :  1.87525e-05
 Reference value :  1.88126e-05
 Reference value :  1.88440e-05
 Reference value :  1.88774e-05
 Reference value :  1.89377e-05
 Reference value :  1.90001e-05
 Reference value :  1.90313e-05
 Reference value :  1.90630e-05
 Reference value :  1.91252e-05
 Reference value :  1.91901e-05
 Reference value :  1.92532e-05
 Reference value :  1.93151e-05
 Reference value :  1.93932e-05
 Reference value :  1.94688e-05
 Reference value :  1.95028e-05
 Reference value :  1.95710e-05
 Reference value :  1.96273e-05
 Reference value :  1.96876e-05
 Reference value :  1.97191e-05
 Reference value :  1.97813e-05
 Reference value :  1.98151e-05
 Reference value :  1.98752e-05
 Reference value :  1.99064e-05
 Reference value :  1.99690e-05
No. of Data Rows : 49936
e1                  =  1.01679e+00
x1                  =  7.63178e+00 at=  2.28140e-06
cd1                 =  2.00000e+00
e2                  =  9.75529e-01
x2                  =  7.61114e+00 at=  3.28140e-06
cd2                 =  3.00000e+00
e128                =  6.70400e-01
x128                =  5.32596e+00 at=  4.28141e-06
cd128               =  1.28000e+02
e129                =  7.69075e-01
x129                =  5.37285e+00 at=  5.28141e-06
cd129               =  1.30000e+02
e255                =  4.29182e-01
x255                =  3.19455e+00 at=  6.28144e-06
cd255               =  2.55000e+02
e256                =  4.85017e-01
x256                =  3.24209e+00 at=  7.28142e-06
cd256               =  2.56000e+02
e257                =  4.85862e-01
x257                =  3.22924e+00 at=  8.28142e-06
cd257               =  2.57000e+02
e384                =  1.75191e-01
x384                =  1.76234e+00 at=  9.28142e-06
cd384               =  3.84000e+02
e511                =  -5.54406e-02
x511                =  2.86907e+00 at=  1.03439e-05
cd511               =  5.11000e+02
e512                =  -5.72574e-03
x512                =  2.74279e+00 at=  1.13439e-05
cd512               =  5.12000e+02
e513                =  1.38976e-03
x513                =  2.74034e+00 at=  1.23439e-05
cd513               =  5.13000e+02
e640                =  -3.14725e-01
x640                =  1.88304e+00 at=  1.32814e-05
cd640               =  6.39000e+02
e767                =  -5.50040e-01
x767                =  3.33847e+00 at=  1.42814e-05
cd767               =  7.66000e+02
e768                =  -5.04989e-01
x768                =  3.28590e+00 at=  1.52814e-05
cd768               =  7.67000e+02
e769                =  -4.98111e-01
x769                =  3.29689e+00 at=  1.62814e-05
cd769               =  7.68000e+02
e896                =  -8.03224e-01
x896                =  4.87003e+00 at=  1.72814e-05
cd896               =  8.95000e+02
e1022               =  -1.04106e+00
x1022               =  6.46857e+00 at=  1.82814e-05
cd1022              =  1.02100e+03
e1023               =  -9.75332e-01
x1023               =  6.41977e+00 at=  1.92814e-05
cd1023              =  1.02200e+03
vrefhi              =  3.63014e+00 at=  1.53149e-05
vreflo              =  3.62985e+00 at=  1.25678e-05
m_terr_t1_lsb = 1.0167870000e+00
m_decerr_t1_lsb = 7.6317780000e+00
m_code_t1 = 2.0000000000e+00
m_terr_t2_lsb = 9.7552900000e-01
m_decerr_t2_lsb = 7.6111430000e+00
m_code_t2 = 3.0000000000e+00
m_terr_t128_lsb = 6.7040010000e-01
m_decerr_t128_lsb = 5.3259600000e+00
m_code_t128 = 1.2800000000e+02
m_terr_t129_lsb = 7.6907470000e-01
m_decerr_t129_lsb = 5.3728530000e+00
m_code_t129 = 1.3000000000e+02
m_terr_t255_lsb = 4.2918160000e-01
m_decerr_t255_lsb = 3.1945470000e+00
m_code_t255 = 2.5500000000e+02
m_terr_t256_lsb = 4.8501680000e-01
m_decerr_t256_lsb = 3.2420920000e+00
m_code_t256 = 2.5600000000e+02
m_terr_t257_lsb = 4.8586240000e-01
m_decerr_t257_lsb = 3.2292360000e+00
m_code_t257 = 2.5700000000e+02
m_terr_t384_lsb = 1.7519090000e-01
m_decerr_t384_lsb = 1.7623420000e+00
m_code_t384 = 3.8400000000e+02
m_terr_t511_lsb = -5.544058000e-02
m_decerr_t511_lsb = 2.8690740000e+00
m_code_t511 = 5.1100000000e+02
m_terr_t512_lsb = -5.725742000e-03
m_decerr_t512_lsb = 2.7427940000e+00
m_code_t512 = 5.1200000000e+02
m_terr_t513_lsb = 1.3897630000e-03
m_decerr_t513_lsb = 2.7403410000e+00
m_code_t513 = 5.1300000000e+02
m_terr_t640_lsb = -3.147252000e-01
m_decerr_t640_lsb = 1.8830400000e+00
m_code_t640 = 6.3900000000e+02
m_terr_t767_lsb = -5.500398000e-01
m_decerr_t767_lsb = 3.3384680000e+00
m_code_t767 = 7.6600000000e+02
m_terr_t768_lsb = -5.049888000e-01
m_decerr_t768_lsb = 3.2858960000e+00
m_code_t768 = 7.6700000000e+02
m_terr_t769_lsb = -4.981108000e-01
m_decerr_t769_lsb = 3.2968900000e+00
m_code_t769 = 7.6800000000e+02
m_terr_t896_lsb = -8.032244000e-01
m_decerr_t896_lsb = 4.8700250000e+00
m_code_t896 = 8.9500000000e+02
m_terr_t1022_lsb = -1.041057000e+00
m_decerr_t1022_lsb = 6.4685690000e+00
m_code_t1022 = 1.0210000000e+03
m_terr_t1023_lsb = -9.753318000e-01
m_decerr_t1023_lsb = 6.4197710000e+00
m_code_t1023 = 1.0220000000e+03
m_inl_t1_lsb = 0.0000000000e+00
m_inl_t2_lsb = -3.930876438e-02
m_inl_t128_lsb = -9.883397671e-02
m_inl_t129_lsb = 1.7898589041e-03
m_inl_t255_lsb = -9.249955342e-02
m_inl_t256_lsb = -3.471511781e-02
m_inl_t257_lsb = -3.192028219e-02
m_inl_t384_lsb = -9.503885890e-02
m_inl_t511_lsb = -7.811741562e-02
m_inl_t512_lsb = -2.645334200e-02
m_inl_t513_lsb = -1.738860138e-02
m_inl_t640_lsb = -8.595064110e-02
m_inl_t767_lsb = -7.371231781e-02
m_inl_t768_lsb = -2.671208219e-02
m_inl_t769_lsb = -1.788484658e-02
m_inl_t896_lsb = -7.544552329e-02
m_inl_t1022_lsb = -6.767443562e-02
m_inl_t1023_lsb = -1.110223025e-16
m_dnl_t1_t2_lsb = -4.125800000e-02
m_dnl_t128_t129_lsb = 9.8674600000e-02
m_dnl_t255_t256_lsb = 5.5835200000e-02
m_dnl_t256_t257_lsb = 8.4560000000e-04
m_dnl_t511_t512_lsb = 4.9714838000e-02
m_dnl_t512_t513_lsb = 7.1155050000e-03
m_dnl_t767_t768_lsb = 4.5051000000e-02
m_dnl_t768_t769_lsb = 6.8780000000e-03
m_dnl_t1022_t1023_lsb = 6.5725200000e-02
m_gain_err_lsb = -1.994068036e+00
m_vref_droop_mv = 2.8600000000e-01
Note: Simulation executed from .control section 

Note: Starting dynamic gmin stepping
Note: Dynamic gmin stepping completed
