
Note: No compatibility mode selected!


Circuit: * adc-inl-dnl @ mim_ss_27c_3.63v -- generated by sim/harness, do not edit

Reducing trtol to 1 for xspice 'A' devices
Doing analysis at TEMP = 27.000000 and TNOM = 27.000000

Using SPARSE 1.3 as Direct Linear Solver

Initial Transient Solution
--------------------------

Node                                   Voltage
----                                   -------
clk                                          0
cmpclk                                       0
cmpclkb                                   3.63
vddt                                      3.63
vddd                                      3.63
vddc                                      3.63
vrefs                                     3.63
vrefn                                     3.63
vcmn                                     1.815
se_vinp                             0.00443115
se_vinn                                  1.815
se_start                                     0
se_mode                                      0
se_cmp                                 1.49269
se_samp_tp_n                                 0
se_sel_in_n                                  0
se_drdy                                   3.63
se_c9                                        0
se_c8                                        0
se_c7                                        0
se_c6                                        0
se_c5                                        0
se_c4                                        0
se_c3                                        0
se_c2                                        0
se_c1                                        0
se_c0                                        0
se_rel_n_256p                             3.63
se_sel_hi_n_256p                             0
se_sel_lo_n_256p                             0
se_rel_n_128p                             3.63
se_sel_hi_n_128p                             0
se_sel_lo_n_128p                             0
se_rel_n_64p                              3.63
se_sel_hi_n_64p                              0
se_sel_lo_n_64p                              0
se_rel_n_32p                              3.63
se_sel_hi_n_32p                              0
se_sel_lo_n_32p                              0
se_rel_n_16p                              3.63
se_sel_hi_n_16p                              0
se_sel_lo_n_16p                              0
se_rel_n_8p                               3.63
se_sel_hi_n_8p                               0
se_sel_lo_n_8p                               0
se_rel_n_4p                               3.63
se_sel_hi_n_4p                               0
se_sel_lo_n_4p                               0
se_rel_n_2p                               3.63
se_sel_hi_n_2p                               0
se_sel_lo_n_2p                               0
se_rel_n_1p                               3.63
se_sel_hi_n_1p                               0
se_sel_lo_n_1p                               0
se_rel_n_256n                             3.63
se_sel_hi_n_256n                             0
se_sel_lo_n_256n                             0
se_rel_n_128n                             3.63
se_sel_hi_n_128n                             0
se_sel_lo_n_128n                             0
se_rel_n_64n                              3.63
se_sel_hi_n_64n                              0
se_sel_lo_n_64n                              0
se_rel_n_32n                              3.63
se_sel_hi_n_32n                              0
se_sel_lo_n_32n                              0
se_rel_n_16n                              3.63
se_sel_hi_n_16n                              0
se_sel_lo_n_16n                              0
se_rel_n_8n                               3.63
se_sel_hi_n_8n                               0
se_sel_lo_n_8n                               0
se_rel_n_4n                               3.63
se_sel_hi_n_4n                               0
se_sel_lo_n_4n                               0
se_rel_n_2n                               3.63
se_sel_hi_n_2n                               0
se_sel_lo_n_2n                               0
se_rel_n_1n                               3.63
se_sel_hi_n_1n                               0
se_sel_lo_n_1n                               0
se_pinp                             0.00443115
se_pinn                                  1.815
xdut.\$65                                 3.63
xdut.\$27                          2.21972e-09
xdut.\$29                                 3.63
xdut.\$9                                  3.63
xdut.\$10                                1.815
xdut.\$67                                 3.63
xdut.\$31                          2.21972e-09
xdut.\$33                                 3.63
xdut.\$11                                 3.63
xdut.\$12                                1.815
xdut.\$69                                 3.63
xdut.\$35                          2.21972e-09
xdut.\$37                                 3.63
xdut.\$13                                 3.63
xdut.\$14                                1.815
xdut.\$71                                 3.63
xdut.\$39                          2.21972e-09
xdut.\$41                                 3.63
xdut.\$15                                 3.63
xdut.\$16                                1.815
xdut.\$73                                 3.63
xdut.\$43                          2.21972e-09
xdut.\$45                                 3.63
xdut.\$17                                 3.63
xdut.\$18                                1.815
xdut.\$75                                 3.63
xdut.\$47                          2.21972e-09
xdut.\$49                                 3.63
xdut.\$19                                 3.63
xdut.\$20                                1.815
xdut.\$77                                 3.63
xdut.\$51                          2.21972e-09
xdut.\$53                                 3.63
xdut.\$21                                 3.63
xdut.\$22                                1.815
xdut.\$79                                 3.63
xdut.\$55                          2.21972e-09
xdut.\$57                                 3.63
xdut.\$23                                 3.63
xdut.\$24                                1.815
xdut.\$81                                 3.63
xdut.\$59                          2.21972e-09
xdut.\$61                                 3.63
xdut.\$25                                 3.63
xdut.\$26                                1.815
xdut.\$83                                 3.63
xdut.\$85                          2.21972e-09
xdut.\$87                                 3.63
xdut.\$89                                 3.63
xdut.\$90                                1.815
xdut.\$92                                 3.63
xdut.\$94                          2.21972e-09
xdut.\$96                                 3.63
xdut.\$98                                 3.63
xdut.\$99                                1.815
xdut.\$100                                3.63
xdut.\$102                         2.21972e-09
xdut.\$104                                3.63
xdut.\$106                                3.63
xdut.\$107                               1.815
xdut.\$108                                3.63
xdut.\$110                         2.21972e-09
xdut.\$112                                3.63
xdut.\$114                                3.63
xdut.\$115                               1.815
xdut.\$116                                3.63
xdut.\$118                         2.21972e-09
xdut.\$120                                3.63
xdut.\$122                                3.63
xdut.\$123                               1.815
xdut.\$124                                3.63
xdut.\$126                         2.21972e-09
xdut.\$128                                3.63
xdut.\$130                                3.63
xdut.\$131                               1.815
xdut.\$132                                3.63
xdut.\$134                         2.21972e-09
xdut.\$136                                3.63
xdut.\$138                                3.63
xdut.\$139                               1.815
xdut.\$140                                3.63
xdut.\$142                         2.21972e-09
xdut.\$144                                3.63
xdut.\$146                                3.63
xdut.\$147                               1.815
xdut.\$166                                3.63
se_topp                                1.81508
xdut.\$167                                3.63
se_topn                                1.81508
xdut.\$148                                3.63
xdut.\$150                         2.21972e-09
xdut.\$152                                3.63
xdut.\$154                                3.63
xdut.\$155                               1.815
xdut.\$10__par                           1.815
xdut.\$100__par                           3.63
xdut.\$102__par                    2.21972e-09
xdut.\$104__par                           3.63
xdut.\$106__par                           3.63
xdut.\$107__par                          1.815
xdut.\$108__par                           3.63
xdut.\$11__par                            3.63
xdut.\$110__par                    2.21972e-09
xdut.\$112__par                           3.63
xdut.\$114__par                           3.63
xdut.\$115__par                          1.815
xdut.\$116__par                           3.63
xdut.\$118__par                    2.21972e-09
xdut.\$12__par                           1.815
xdut.\$120__par                           3.63
xdut.\$122__par                           3.63
xdut.\$123__par                          1.815
xdut.\$124__par                           3.63
xdut.\$126__par                    2.21972e-09
xdut.\$128__par                           3.63
xdut.\$13__par                            3.63
xdut.\$130__par                           3.63
xdut.\$131__par                          1.815
xdut.\$132__par                           3.63
xdut.\$134__par                    2.21972e-09
xdut.\$136__par                           3.63
xdut.\$138__par                           3.63
xdut.\$139__par                          1.815
xdut.\$14__par                           1.815
xdut.\$140__par                           3.63
xdut.\$142__par                    2.21972e-09
xdut.\$144__par                           3.63
xdut.\$146__par                           3.63
xdut.\$147__par                          1.815
xdut.\$148__par                           3.63
xdut.\$15__par                            3.63
xdut.\$150__par                    2.21972e-09
xdut.\$152__par                           3.63
xdut.\$154__par                           3.63
xdut.\$155__par                          1.815
xdut.\$16__par                           1.815
xdut.\$166__par                           3.63
xdut.\$167__par                           3.63
xdut.\$17__par                            3.63
xdut.\$18__par                           1.815
xdut.\$19__par                            3.63
xdut.\$20__par                           1.815
xdut.\$21__par                            3.63
xdut.\$22__par                           1.815
xdut.\$23__par                            3.63
xdut.\$24__par                           1.815
xdut.\$25__par                            3.63
xdut.\$26__par                           1.815
xdut.\$27__par                     2.21972e-09
xdut.\$29__par                            3.63
xdut.\$31__par                     2.21972e-09
xdut.\$33__par                            3.63
xdut.\$35__par                     2.21972e-09
xdut.\$37__par                            3.63
xdut.\$39__par                     2.21972e-09
xdut.\$41__par                            3.63
xdut.\$43__par                     2.21972e-09
xdut.\$45__par                            3.63
xdut.\$47__par                     2.21972e-09
xdut.\$49__par                            3.63
xdut.\$51__par                     2.21972e-09
xdut.\$53__par                            3.63
xdut.\$55__par                     2.21972e-09
xdut.\$57__par                            3.63
xdut.\$59__par                     2.21972e-09
xdut.\$61__par                            3.63
xdut.\$65__par                            3.63
xdut.\$67__par                            3.63
xdut.\$69__par                            3.63
xdut.\$71__par                            3.63
xdut.\$73__par                            3.63
xdut.\$75__par                            3.63
xdut.\$77__par                            3.63
xdut.\$79__par                            3.63
xdut.\$81__par                            3.63
xdut.\$83__par                            3.63
xdut.\$85__par                     2.21972e-09
xdut.\$87__par                            3.63
xdut.\$89__par                            3.63
xdut.\$9__par                             3.63
xdut.\$90__par                           1.815
xdut.\$92__par                            3.63
xdut.\$94__par                     2.21972e-09
xdut.\$96__par                            3.63
xdut.\$98__par                            3.63
xdut.\$99__par                           1.815
xdut.hi_128_n__par                           0
xdut.hi_128_p__par                           0
xdut.hi_16_n__par                            0
xdut.hi_16_p__par                            0
xdut.hi_1_n__par                             0
xdut.hi_1_p__par                             0
xdut.hi_256_n__par                           0
xdut.hi_256_p__par                           0
xdut.hi_2_n__par                             0
xdut.hi_2_p__par                             0
xdut.hi_32_n__par                            0
xdut.hi_32_p__par                            0
xdut.hi_4_n__par                             0
xdut.hi_4_p__par                             0
xdut.hi_64_n__par                            0
xdut.hi_64_p__par                            0
xdut.hi_8_n__par                             0
xdut.hi_8_p__par                             0
xdut.lo_128_n__par                           0
xdut.lo_128_p__par                           0
xdut.lo_16_n__par                            0
xdut.lo_16_p__par                            0
xdut.lo_1_n__par                             0
xdut.lo_1_p__par                             0
xdut.lo_256_n__par                           0
xdut.lo_256_p__par                           0
xdut.lo_2_n__par                             0
xdut.lo_2_p__par                             0
xdut.lo_32_n__par                            0
xdut.lo_32_p__par                            0
xdut.lo_4_n__par                             0
xdut.lo_4_p__par                             0
xdut.lo_64_n__par                            0
xdut.lo_64_p__par                            0
xdut.lo_8_n__par                             0
xdut.lo_8_p__par                             0
xdut.pinn__par                           1.815
xdut.pinp__par                      0.00443115
xdut.rel_128_n__par                       3.63
xdut.rel_128_p__par                       3.63
xdut.rel_16_n__par                        3.63
xdut.rel_16_p__par                        3.63
xdut.rel_1_n__par                         3.63
xdut.rel_1_p__par                         3.63
xdut.rel_256_n__par                       3.63
xdut.rel_256_p__par                       3.63
xdut.rel_2_n__par                         3.63
xdut.rel_2_p__par                         3.63
xdut.rel_32_n__par                        3.63
xdut.rel_32_p__par                        3.63
xdut.rel_4_n__par                         3.63
xdut.rel_4_p__par                         3.63
xdut.rel_64_n__par                        3.63
xdut.rel_64_p__par                        3.63
xdut.rel_8_n__par                         3.63
xdut.rel_8_p__par                         3.63
xdut.sel_in__par                             0
xdut.topn__par                         1.81508
xdut.topp__par                         1.81508
xdut.tp_gn__par                              0
xdut.vcm__par                            1.815
xdut.vdd__par                             3.63
xdut.vref__par                            3.63
xdut.vss__par                                0
se_ibias                              0.753672
xsecmp.xpre.ptail                     0.889167
xsecmp.pon                             2.84206
xsecmp.preamp_in1                      1.81508
xsecmp.pop                             2.84206
xsecmp.preamp_in2                      1.81508
xsecmp.xpre.xrlp.11                    3.62983
xsecmp.xpre.xrlp.21                    2.84223
xsecmp.xpre.xrln.11                    3.62983
xsecmp.xpre.xrln.21                    2.84223
xsecmp.xlat.ltail                      2.13161
xsecmp.xlat.dip                           3.63
xsecmp.xlat.din                           3.63
xsecmp.outn                               3.63
xsecmp.outp                               3.63
xsecmp.sset                        7.02878e-09
xsecmp.srst                        7.02878e-09
xsecmp.xno1.ps                         3.37125
se_cmpb                                1.49269
xsecmp.xno2.ps                         3.37125
se_code                                      0
se_dacp                           -1.11022e-16
se_dacn                           -1.11022e-16
se_di                                  1.81057
se_err                                  510.75
se_aerrh                                     0
bseea#branch                                 0
bsee#branch                                  0
bsedi#branch                                 0
bsedacn#branch                               0
bsedacp#branch                               0
bsecode#branch                               0
lref#branch                        6.70612e-11
v.xsecmp.vpn#branch               -8.59204e-29
v.xsecmp.vpp#branch                2.64545e-28
vsemode#branch                               0
vsestart#branch                              0
vsevinn#branch                       3.747e-16
vsevinp#branch                     8.43634e-11
vcms#branch                       -6.45883e-11
vrefs#branch                      -6.70612e-11
vddc#branch                       -0.000785136
vddd#branch                       -6.96853e-10
vddt#branch                                  0
vcmpclkb#branch                              0
vcmpclk#branch                               0
vclk#branch                                  0
a.xsectrl.a_gn#branch_1_0                    0
a.xsectrl.a_gn#branch_1_1                    0
a.xsectrl.a_gn#branch_1_2                    0
a.xsectrl.a_gn#branch_1_3                    0
a.xsectrl.a_gn#branch_1_4                    0
a.xsectrl.a_gn#branch_1_5                    0
a.xsectrl.a_gn#branch_1_6                    0
a.xsectrl.a_gn#branch_1_7                    0
a.xsectrl.a_gn#branch_1_8                    0
a.xsectrl.a_gn#branch_1_9                    0
a.xsectrl.a_gn#branch_1_10                   0
a.xsectrl.a_gn#branch_1_11                   0
a.xsectrl.a_gn#branch_1_12                   0
a.xsectrl.a_gn#branch_1_13                   0
a.xsectrl.a_gn#branch_1_14                   0
a.xsectrl.a_gn#branch_1_15                   0
a.xsectrl.a_gn#branch_1_16                   0
a.xsectrl.a_gn#branch_1_17                   0
a.xsectrl.a_gn#branch_1_18                   0
a.xsectrl.a_gn#branch_1_19                   0
a.xsectrl.a_gn#branch_1_20                   0
a.xsectrl.a_gn#branch_1_21                   0
a.xsectrl.a_gn#branch_1_22                   0
a.xsectrl.a_gn#branch_1_23                   0
a.xsectrl.a_gn#branch_1_24                   0
a.xsectrl.a_gn#branch_1_25                   0
a.xsectrl.a_gn#branch_1_26                   0
a.xsectrl.a_gn#branch_1_27                   0
a.xsectrl.a_gn#branch_1_28                   0
a.xsectrl.a_gn#branch_1_29                   0
a.xsectrl.a_gn#branch_1_30                   0
a.xsectrl.a_gn#branch_1_31                   0
a.xsectrl.a_gn#branch_1_32                   0
a.xsectrl.a_gn#branch_1_33                   0
a.xsectrl.a_gn#branch_1_34                   0
a.xsectrl.a_gn#branch_1_35                   0
a.xsectrl.a_gn#branch_1_36                   0
a.xsectrl.a_gn#branch_1_37                   0
a.xsectrl.a_gn#branch_1_38                   0
a.xsectrl.a_gn#branch_1_39                   0
a.xsectrl.a_gn#branch_1_40                   0
a.xsectrl.a_gn#branch_1_41                   0
a.xsectrl.a_gn#branch_1_42                   0
a.xsectrl.a_gn#branch_1_43                   0
a.xsectrl.a_gn#branch_1_44                   0
a.xsectrl.a_gn#branch_1_45                   0
a.xsectrl.a_gn#branch_1_46                   0
a.xsectrl.a_gn#branch_1_47                   0
a.xsectrl.a_gn#branch_1_48                   0
a.xsectrl.a_gn#branch_1_49                   0
a.xsectrl.a_gn#branch_1_50                   0
a.xsectrl.a_gn#branch_1_51                   0
a.xsectrl.a_gn#branch_1_52                   0
a.xsectrl.a_gn#branch_1_53                   0
a.xsectrl.a_dout#branch_1_0                  0
a.xsectrl.a_dout#branch_1_1                  0
a.xsectrl.a_dout#branch_1_2                  0
a.xsectrl.a_dout#branch_1_3                  0
a.xsectrl.a_dout#branch_1_4                  0
a.xsectrl.a_dout#branch_1_5                  0
a.xsectrl.a_dout#branch_1_6                  0
a.xsectrl.a_dout#branch_1_7                  0
a.xsectrl.a_dout#branch_1_8                  0
a.xsectrl.a_dout#branch_1_9                  0
a.xsectrl.a_dout#branch_1_10                 0
a.xsectrl.a_dout#branch_1_11                 0
a.xsectrl.a_dout#branch_1_12                 0

 Reference value :  0.00000e+00
 Reference value :  3.12557e-08
 Reference value :  9.38056e-08
 Reference value :  1.56910e-07
 Reference value :  2.29624e-07
 Reference value :  2.82208e-07
 Reference value :  3.66533e-07
 Reference value :  4.37600e-07
 Reference value :  5.00198e-07
 Reference value :  5.62777e-07
 Reference value :  6.25187e-07
 Reference value :  6.56436e-07
 Reference value :  6.90362e-07
 Reference value :  7.50411e-07
 Reference value :  7.81701e-07
 Reference value :  8.15101e-07
 Reference value :  8.75131e-07
 Reference value :  9.06346e-07
 Reference value :  9.68787e-07
 Reference value :  1.00242e-06
 Reference value :  1.03146e-06
 Reference value :  1.07346e-06
 Reference value :  1.12538e-06
 Reference value :  1.15715e-06
 Reference value :  1.21880e-06
 Reference value :  1.25267e-06
 Reference value :  1.28165e-06
 Reference value :  1.31570e-06
 Reference value :  1.37528e-06
 Reference value :  1.40642e-06
 Reference value :  1.44013e-06
 Reference value :  1.50021e-06
 Reference value :  1.53139e-06
 Reference value :  1.56508e-06
 Reference value :  1.62729e-06
 Reference value :  1.69004e-06
 Reference value :  1.75252e-06
 Reference value :  1.81289e-06
 Reference value :  1.84419e-06
 Reference value :  1.87761e-06
 Reference value :  1.93778e-06
 Reference value :  2.00018e-06
 Reference value :  2.00533e-06
 Reference value :  2.06263e-06
 Reference value :  2.09845e-06
 Reference value :  2.15661e-06
 Reference value :  2.19036e-06
 Reference value :  2.25038e-06
 Reference value :  2.28148e-06
 Reference value :  2.34376e-06
 Reference value :  2.37728e-06
 Reference value :  2.42098e-06
 Reference value :  2.46889e-06
 Reference value :  2.53139e-06
 Reference value :  2.59395e-06
 Reference value :  2.65687e-06
 Reference value :  2.71875e-06
 Reference value :  2.75272e-06
 Reference value :  2.81510e-06
 Reference value :  2.87764e-06
 Reference value :  2.96895e-06
 Reference value :  3.03125e-06
 Reference value :  3.09435e-06
 Reference value :  3.15676e-06
 Reference value :  3.21879e-06
 Reference value :  3.25267e-06
 Reference value :  3.28170e-06
 Reference value :  3.31714e-06
 Reference value :  3.37538e-06
 Reference value :  3.40645e-06
 Reference value :  3.44294e-06
 Reference value :  3.53126e-06
 Reference value :  3.56614e-06
 Reference value :  3.65040e-06
 Reference value :  3.71882e-06
 Reference value :  3.78141e-06
 Reference value :  3.81905e-06
 Reference value :  3.87751e-06
 Reference value :  3.93768e-06
 Reference value :  3.99226e-06
 Reference value :  4.00297e-06
 Reference value :  4.06270e-06
 Reference value :  4.12513e-06
 Reference value :  4.18534e-06
 Reference value :  4.21885e-06
 Reference value :  4.25289e-06
 Reference value :  4.31260e-06
 Reference value :  4.34381e-06
 Reference value :  4.37748e-06
 Reference value :  4.40706e-06
 Reference value :  4.45337e-06
 Reference value :  4.50038e-06
 Reference value :  4.53148e-06
 Reference value :  4.56539e-06
 Reference value :  4.62525e-06
 Reference value :  4.65647e-06
 Reference value :  4.69071e-06
 Reference value :  4.75049e-06
 Reference value :  4.79407e-06
 Reference value :  4.84382e-06
 Reference value :  4.87752e-06
 Reference value :  4.93770e-06
 Reference value :  5.00003e-06
 Reference value :  5.00326e-06
 Reference value :  5.06270e-06
 Reference value :  5.09482e-06
 Reference value :  5.15680e-06
 Reference value :  5.21878e-06
 Reference value :  5.25067e-06
 Reference value :  5.28161e-06
 Reference value :  5.31509e-06
 Reference value :  5.37520e-06
 Reference value :  5.40637e-06
 Reference value :  5.43993e-06
 Reference value :  5.47679e-06
 Reference value :  5.51627e-06
 Reference value :  5.56400e-06
 Reference value :  5.60857e-06
 Reference value :  5.65627e-06
 Reference value :  5.68992e-06
 Reference value :  5.75012e-06
 Reference value :  5.78138e-06
 Reference value :  5.81498e-06
 Reference value :  5.87139e-06
 Reference value :  5.90631e-06
 Reference value :  5.93803e-06
 Reference value :  6.00020e-06
 Reference value :  6.03125e-06
 Reference value :  6.09375e-06
 Reference value :  6.13288e-06
 Reference value :  6.18801e-06
 Reference value :  6.22564e-06
 Reference value :  6.28127e-06
 Reference value :  6.31478e-06
 Reference value :  6.34458e-06
 Reference value :  6.39053e-06
 Reference value :  6.43780e-06
 Reference value :  6.46895e-06
 Reference value :  6.50303e-06
 Reference value :  6.56282e-06
 Reference value :  6.59417e-06
 Reference value :  6.64171e-06
 Reference value :  6.68911e-06
 Reference value :  6.75003e-06
 Reference value :  6.78143e-06
 Reference value :  6.81532e-06
 Reference value :  6.87543e-06
 Reference value :  6.90661e-06
 Reference value :  6.96881e-06
 Reference value :  7.00247e-06
 Reference value :  7.03163e-06
 Reference value :  7.09396e-06
 Reference value :  7.15633e-06
 Reference value :  7.18792e-06
 Reference value :  7.21924e-06
 Reference value :  7.25413e-06
 Reference value :  7.31270e-06
 Reference value :  7.34389e-06
 Reference value :  7.38280e-06
 Reference value :  7.43775e-06
 Reference value :  7.46895e-06
 Reference value :  7.50337e-06
 Reference value :  7.56399e-06
 Reference value :  7.62546e-06
 Reference value :  7.68769e-06
 Reference value :  7.71893e-06
 Reference value :  7.78139e-06
 Reference value :  7.84408e-06
 Reference value :  7.90668e-06
 Reference value :  7.96938e-06
 Reference value :  8.00293e-06
 Reference value :  8.07036e-06
 Reference value :  8.14086e-06
 Reference value :  8.18771e-06
 Reference value :  8.21924e-06
 Reference value :  8.28162e-06
 Reference value :  8.34377e-06
 Reference value :  8.37545e-06
 Reference value :  8.40661e-06
 Reference value :  8.44019e-06
 Reference value :  8.50025e-06
 Reference value :  8.53154e-06
 Reference value :  8.56570e-06
 Reference value :  8.62536e-06
 Reference value :  8.65687e-06
 Reference value :  8.71876e-06
 Reference value :  8.75241e-06
 Reference value :  8.81256e-06
 Reference value :  8.84385e-06
 Reference value :  8.87728e-06
 Reference value :  8.90693e-06
 Reference value :  8.96895e-06
 Reference value :  9.00274e-06
 Reference value :  9.06261e-06
 Reference value :  9.12501e-06
 Reference value :  9.15906e-06
 Reference value :  9.21882e-06
 Reference value :  9.25283e-06
 Reference value :  9.31261e-06
 Reference value :  9.34383e-06
 Reference value :  9.37716e-06
 Reference value :  9.42617e-06
 Reference value :  9.46885e-06
 Reference value :  9.50241e-06
 Reference value :  9.56261e-06
 Reference value :  9.59382e-06
 Reference value :  9.62751e-06
 Reference value :  9.68770e-06
 Reference value :  9.71900e-06
 Reference value :  9.75728e-06
 Reference value :  9.81308e-06
 Reference value :  9.86560e-06
 Reference value :  9.90633e-06
 Reference value :  9.96880e-06
 Reference value :  1.00025e-05
 Reference value :  1.00412e-05
 Reference value :  1.00945e-05
 Reference value :  1.01877e-05
 Reference value :  1.02194e-05
 Reference value :  1.02816e-05
 Reference value :  1.03438e-05
 Reference value :  1.03756e-05
 Reference value :  1.04090e-05
 Reference value :  1.04688e-05
 Reference value :  1.05023e-05
 Reference value :  1.05626e-05
 Reference value :  1.05939e-05
 Reference value :  1.06276e-05
 Reference value :  1.06879e-05
 Reference value :  1.07215e-05
 Reference value :  1.07813e-05
 Reference value :  1.08151e-05
 Reference value :  1.08752e-05
 Reference value :  1.09064e-05
 Reference value :  1.09607e-05
 Reference value :  1.10011e-05
 Reference value :  1.10316e-05
 Reference value :  1.10939e-05
 Reference value :  1.11566e-05
 Reference value :  1.12188e-05
 Reference value :  1.12527e-05
 Reference value :  1.13127e-05
 Reference value :  1.13441e-05
 Reference value :  1.13776e-05
 Reference value :  1.14377e-05
 Reference value :  1.14689e-05
 Reference value :  1.15026e-05
 Reference value :  1.15627e-05
 Reference value :  1.16108e-05
 Reference value :  1.16563e-05
 Reference value :  1.17189e-05
 Reference value :  1.17813e-05
 Reference value :  1.18438e-05
 Reference value :  1.19063e-05
 Reference value :  1.19691e-05
 Reference value :  1.20030e-05
 Reference value :  1.20626e-05
 Reference value :  1.20946e-05
 Reference value :  1.21567e-05
 Reference value :  1.21933e-05
 Reference value :  1.22502e-05
 Reference value :  1.22814e-05
 Reference value :  1.23168e-05
 Reference value :  1.23752e-05
 Reference value :  1.24064e-05
 Reference value :  1.24470e-05
 Reference value :  1.25023e-05
 Reference value :  1.25627e-05
 Reference value :  1.25939e-05
 Reference value :  1.26277e-05
 Reference value :  1.26879e-05
 Reference value :  1.27207e-05
 Reference value :  1.27813e-05
 Reference value :  1.28149e-05
 Reference value :  1.28521e-05
 Reference value :  1.29063e-05
 Reference value :  1.29411e-05
 Reference value :  1.30006e-05
 Reference value :  1.30315e-05
 Reference value :  1.30894e-05
 Reference value :  1.31566e-05
 Reference value :  1.32465e-05
 Reference value :  1.33126e-05
 Reference value :  1.33751e-05
 Reference value :  1.34376e-05
 Reference value :  1.35001e-05
 Reference value :  1.35625e-05
 Reference value :  1.35938e-05
 Reference value :  1.36275e-05
 Reference value :  1.36877e-05
 Reference value :  1.37190e-05
 Reference value :  1.37789e-05
 Reference value :  1.38148e-05
 Reference value :  1.38751e-05
 Reference value :  1.39063e-05
 Reference value :  1.39573e-05
 Reference value :  1.40012e-05
 Reference value :  1.40314e-05
 Reference value :  1.40926e-05
 Reference value :  1.41289e-05
 Reference value :  1.41879e-05
 Reference value :  1.42205e-05
 Reference value :  1.42659e-05
 Reference value :  1.43128e-05
 Reference value :  1.43441e-05
 Reference value :  1.43775e-05
 Reference value :  1.44377e-05
 Reference value :  1.44689e-05
 Reference value :  1.45027e-05
 Reference value :  1.45635e-05
 Reference value :  1.46275e-05
 Reference value :  1.46944e-05
 Reference value :  1.47526e-05
 Reference value :  1.48129e-05
 Reference value :  1.48752e-05
 Reference value :  1.49063e-05
 Reference value :  1.49401e-05
 Reference value :  1.50005e-05
 Reference value :  1.50313e-05
 Reference value :  1.50630e-05
 Reference value :  1.51252e-05
 Reference value :  1.51813e-05
 Reference value :  1.52188e-05
 Reference value :  1.52528e-05
 Reference value :  1.52952e-05
 Reference value :  1.53438e-05
 Reference value :  1.53757e-05
 Reference value :  1.54067e-05
 Reference value :  1.54412e-05
 Reference value :  1.55003e-05
 Reference value :  1.55317e-05
 Reference value :  1.55741e-05
 Reference value :  1.56259e-05
 Reference value :  1.56750e-05
 Reference value :  1.57188e-05
 Reference value :  1.57525e-05
 Reference value :  1.58127e-05
 Reference value :  1.58443e-05
 Reference value :  1.58803e-05
 Reference value :  1.59380e-05
 Reference value :  1.60002e-05
 Reference value :  1.60313e-05
 Reference value :  1.60629e-05
 Reference value :  1.61252e-05
 Reference value :  1.61875e-05
 Reference value :  1.62189e-05
 Reference value :  1.62529e-05
 Reference value :  1.63032e-05
 Reference value :  1.63438e-05
 Reference value :  1.63774e-05
 Reference value :  1.64262e-05
 Reference value :  1.64688e-05
 Reference value :  1.65026e-05
 Reference value :  1.65648e-05
 Reference value :  1.66262e-05
 Reference value :  1.66900e-05
 Reference value :  1.67502e-05
 Reference value :  1.68133e-05
 Reference value :  1.68653e-05
 Reference value :  1.69063e-05
 Reference value :  1.69386e-05
 Reference value :  1.70025e-05
 Reference value :  1.70627e-05
 Reference value :  1.71256e-05
 Reference value :  1.71898e-05
 Reference value :  1.72502e-05
 Reference value :  1.72815e-05
 Reference value :  1.73151e-05
 Reference value :  1.73752e-05
 Reference value :  1.74068e-05
 Reference value :  1.74692e-05
 Reference value :  1.75314e-05
 Reference value :  1.75651e-05
 Reference value :  1.76255e-05
 Reference value :  1.76876e-05
 Reference value :  1.77191e-05
 Reference value :  1.77813e-05
 Reference value :  1.78152e-05
 Reference value :  1.78761e-05
 Reference value :  1.79375e-05
 Reference value :  1.80002e-05
 Reference value :  1.80313e-05
 Reference value :  1.80631e-05
 Reference value :  1.81254e-05
 Reference value :  1.81878e-05
 Reference value :  1.82202e-05
 Reference value :  1.82813e-05
 Reference value :  1.83148e-05
 Reference value :  1.83752e-05
 Reference value :  1.84066e-05
 Reference value :  1.84688e-05
 Reference value :  1.85023e-05
 Reference value :  1.85626e-05
 Reference value :  1.85940e-05
 Reference value :  1.86372e-05
 Reference value :  1.86891e-05
 Reference value :  1.87501e-05
 Reference value :  1.87814e-05
 Reference value :  1.88148e-05
 Reference value :  1.88448e-05
 Reference value :  1.89022e-05
 Reference value :  1.89398e-05
 Reference value :  1.90005e-05
 Reference value :  1.90318e-05
 Reference value :  1.90941e-05
 Reference value :  1.91564e-05
 Reference value :  1.91879e-05
 Reference value :  1.92196e-05
 Reference value :  1.92621e-05
 Reference value :  1.93128e-05
 Reference value :  1.93442e-05
 Reference value :  1.93965e-05
 Reference value :  1.94387e-05
 Reference value :  1.94915e-05
 Reference value :  1.95313e-05
 Reference value :  1.95650e-05
 Reference value :  1.96252e-05
 Reference value :  1.96568e-05
 Reference value :  1.97188e-05
 Reference value :  1.97525e-05
 Reference value :  1.98127e-05
 Reference value :  1.98442e-05
 Reference value :  1.98776e-05
 Reference value :  1.99376e-05
 Reference value :  1.99835e-05
No. of Data Rows : 51814
e1                  =  1.01519e+00
x1                  =  6.79082e+00 at=  2.28138e-06
cd1                 =  2.00000e+00
e2                  =  9.76525e-01
x2                  =  6.77585e+00 at=  3.28138e-06
cd2                 =  3.00000e+00
e128                =  6.72048e-01
x128                =  4.64159e+00 at=  4.28140e-06
cd128               =  1.28000e+02
e129                =  7.31953e-01
x129                =  4.69118e+00 at=  5.28140e-06
cd129               =  1.29000e+02
e255                =  4.30822e-01
x255                =  2.79256e+00 at=  6.28143e-06
cd255               =  2.55000e+02
e256                =  4.86749e-01
x256                =  2.83590e+00 at=  7.28143e-06
cd256               =  2.56000e+02
e257                =  4.88169e-01
x257                =  2.81719e+00 at=  8.28143e-06
cd257               =  2.57000e+02
e384                =  1.74975e-01
x384                =  1.46571e+00 at=  9.31262e-06
cd384               =  3.84000e+02
e511                =  -5.43625e-02
x511                =  2.36371e+00 at=  1.03439e-05
cd511               =  5.11000e+02
e512                =  -5.45057e-03
x512                =  2.34493e+00 at=  1.13439e-05
cd512               =  5.12000e+02
e513                =  3.46665e-03
x513                =  2.33990e+00 at=  1.23439e-05
cd513               =  5.13000e+02
e640                =  -3.13982e-01
x640                =  1.59655e+00 at=  1.32814e-05
cd640               =  6.39000e+02
e767                =  -5.50209e-01
x767                =  2.84026e+00 at=  1.42814e-05
cd767               =  7.66000e+02
e768                =  -5.05534e-01
x768                =  2.78678e+00 at=  1.52814e-05
cd768               =  7.67000e+02
e769                =  -4.96697e-01
x769                =  2.79676e+00 at=  1.62814e-05
cd769               =  7.68000e+02
e896                =  -8.05181e-01
x896                =  4.15098e+00 at=  1.72814e-05
cd896               =  8.95000e+02
e1022               =  -1.04085e+00
x1022               =  5.51420e+00 at=  1.82814e-05
cd1022              =  1.02100e+03
e1023               =  -9.78541e-01
x1023               =  5.47122e+00 at=  1.92814e-05
cd1023              =  1.02200e+03
vrefhi              =  3.63015e+00 at=  1.53149e-05
vreflo              =  3.62983e+00 at=  1.25681e-05
m_terr_t1_lsb = 1.0151930000e+00
m_decerr_t1_lsb = 6.7908160000e+00
m_code_t1 = 2.0000000000e+00
m_terr_t2_lsb = 9.7652520000e-01
m_decerr_t2_lsb = 6.7758470000e+00
m_code_t2 = 3.0000000000e+00
m_terr_t128_lsb = 6.7204760000e-01
m_decerr_t128_lsb = 4.6415910000e+00
m_code_t128 = 1.2800000000e+02
m_terr_t129_lsb = 7.3195330000e-01
m_decerr_t129_lsb = 4.6911850000e+00
m_code_t129 = 1.2900000000e+02
m_terr_t255_lsb = 4.3082220000e-01
m_decerr_t255_lsb = 2.7925650000e+00
m_code_t255 = 2.5500000000e+02
m_terr_t256_lsb = 4.8674850000e-01
m_decerr_t256_lsb = 2.8359040000e+00
m_code_t256 = 2.5600000000e+02
m_terr_t257_lsb = 4.8816890000e-01
m_decerr_t257_lsb = 2.8171860000e+00
m_code_t257 = 2.5700000000e+02
m_terr_t384_lsb = 1.7497530000e-01
m_decerr_t384_lsb = 1.4657080000e+00
m_code_t384 = 3.8400000000e+02
m_terr_t511_lsb = -5.436246000e-02
m_decerr_t511_lsb = 2.3637060000e+00
m_code_t511 = 5.1100000000e+02
m_terr_t512_lsb = -5.450574000e-03
m_decerr_t512_lsb = 2.3449310000e+00
m_code_t512 = 5.1200000000e+02
m_terr_t513_lsb = 3.4666510000e-03
m_decerr_t513_lsb = 2.3399020000e+00
m_code_t513 = 5.1300000000e+02
m_terr_t640_lsb = -3.139823000e-01
m_decerr_t640_lsb = 1.5965490000e+00
m_code_t640 = 6.3900000000e+02
m_terr_t767_lsb = -5.502092000e-01
m_decerr_t767_lsb = 2.8402600000e+00
m_code_t767 = 7.6600000000e+02
m_terr_t768_lsb = -5.055337000e-01
m_decerr_t768_lsb = 2.7867830000e+00
m_code_t768 = 7.6700000000e+02
m_terr_t769_lsb = -4.966971000e-01
m_decerr_t769_lsb = 2.7967630000e+00
m_code_t769 = 7.6800000000e+02
m_terr_t896_lsb = -8.051815000e-01
m_decerr_t896_lsb = 4.1509810000e+00
m_code_t896 = 8.9500000000e+02
m_terr_t1022_lsb = -1.040853000e+00
m_decerr_t1022_lsb = 5.5141990000e+00
m_code_t1022 = 1.0210000000e+03
m_terr_t1023_lsb = -9.785405000e-01
m_decerr_t1023_lsb = 5.4712250000e+00
m_code_t1023 = 1.0220000000e+03
m_inl_t1_lsb = 0.0000000000e+00
m_inl_t2_lsb = -3.671698444e-02
m_inl_t128_lsb = -9.539182417e-02
m_inl_t129_lsb = -3.353530861e-02
m_inl_t255_lsb = -8.886364834e-02
m_inl_t256_lsb = -3.098653278e-02
m_inl_t257_lsb = -2.761531722e-02
m_inl_t384_lsb = -9.305534139e-02
m_inl_t511_lsb = -7.463952556e-02
m_inl_t512_lsb = -2.377682400e-02
m_inl_t513_lsb = -1.290878344e-02
m_inl_t640_lsb = -8.260415861e-02
m_inl_t767_lsb = -7.107748278e-02
m_inl_t768_lsb = -2.445116722e-02
m_inl_t769_lsb = -1.366375166e-02
m_inl_t896_lsb = -7.439457583e-02
m_inl_t1022_lsb = -6.426331556e-02
m_inl_t1023_lsb = 1.1102230246e-16
m_dnl_t1_t2_lsb = -3.866780000e-02
m_dnl_t128_t129_lsb = 5.9905700000e-02
m_dnl_t255_t256_lsb = 5.5926300000e-02
m_dnl_t256_t257_lsb = 1.4204000000e-03
m_dnl_t511_t512_lsb = 4.8911886000e-02
m_dnl_t512_t513_lsb = 8.9172250000e-03
m_dnl_t767_t768_lsb = 4.4675500000e-02
m_dnl_t768_t769_lsb = 8.8366000000e-03
m_dnl_t1022_t1023_lsb = 6.2312500000e-02
m_gain_err_lsb = -1.995684316e+00
m_vref_droop_mv = 3.2400000000e-01
Note: Simulation executed from .control section 

Note: Starting dynamic gmin stepping
Note: Dynamic gmin stepping completed
