
Note: No compatibility mode selected!


Circuit: * adc-inl-dnl @ tt_125c_3.30v -- generated by sim/harness, do not edit

Reducing trtol to 1 for xspice 'A' devices
Doing analysis at TEMP = 125.000000 and TNOM = 27.000000

Using SPARSE 1.3 as Direct Linear Solver

Initial Transient Solution
--------------------------

Node                                   Voltage
----                                   -------
clk                                          0
cmpclk                                       0
cmpclkb                                    3.3
vddt                                       3.3
vddd                                       3.3
vddc                                       3.3
vrefs                                      3.3
vrefn                                      3.3
vcmn                                      1.65
se_vinp                             0.00402832
se_vinn                                   1.65
se_start                                     0
se_mode                                      0
se_cmp                                 1.36517
se_samp_tp_n                                 0
se_sel_in_n                                  0
se_drdy                                    3.3
se_c9                                        0
se_c8                                        0
se_c7                                        0
se_c6                                        0
se_c5                                        0
se_c4                                        0
se_c3                                        0
se_c2                                        0
se_c1                                        0
se_c0                                        0
se_rel_n_256p                              3.3
se_sel_hi_n_256p                             0
se_sel_lo_n_256p                             0
se_rel_n_128p                              3.3
se_sel_hi_n_128p                             0
se_sel_lo_n_128p                             0
se_rel_n_64p                               3.3
se_sel_hi_n_64p                              0
se_sel_lo_n_64p                              0
se_rel_n_32p                               3.3
se_sel_hi_n_32p                              0
se_sel_lo_n_32p                              0
se_rel_n_16p                               3.3
se_sel_hi_n_16p                              0
se_sel_lo_n_16p                              0
se_rel_n_8p                                3.3
se_sel_hi_n_8p                               0
se_sel_lo_n_8p                               0
se_rel_n_4p                                3.3
se_sel_hi_n_4p                               0
se_sel_lo_n_4p                               0
se_rel_n_2p                                3.3
se_sel_hi_n_2p                               0
se_sel_lo_n_2p                               0
se_rel_n_1p                                3.3
se_sel_hi_n_1p                               0
se_sel_lo_n_1p                               0
se_rel_n_256n                              3.3
se_sel_hi_n_256n                             0
se_sel_lo_n_256n                             0
se_rel_n_128n                              3.3
se_sel_hi_n_128n                             0
se_sel_lo_n_128n                             0
se_rel_n_64n                               3.3
se_sel_hi_n_64n                              0
se_sel_lo_n_64n                              0
se_rel_n_32n                               3.3
se_sel_hi_n_32n                              0
se_sel_lo_n_32n                              0
se_rel_n_16n                               3.3
se_sel_hi_n_16n                              0
se_sel_lo_n_16n                              0
se_rel_n_8n                                3.3
se_sel_hi_n_8n                               0
se_sel_lo_n_8n                               0
se_rel_n_4n                                3.3
se_sel_hi_n_4n                               0
se_sel_lo_n_4n                               0
se_rel_n_2n                                3.3
se_sel_hi_n_2n                               0
se_sel_lo_n_2n                               0
se_rel_n_1n                                3.3
se_sel_hi_n_1n                               0
se_sel_lo_n_1n                               0
se_pinp                             0.00402848
se_pinn                                   1.65
xdut.\$65                                  3.3
xdut.\$27                          1.01835e-08
xdut.\$29                                  3.3
xdut.\$9                                   3.3
xdut.\$10                                 1.65
xdut.\$67                                  3.3
xdut.\$31                          1.01835e-08
xdut.\$33                                  3.3
xdut.\$11                                  3.3
xdut.\$12                                 1.65
xdut.\$69                                  3.3
xdut.\$35                          1.01835e-08
xdut.\$37                                  3.3
xdut.\$13                                  3.3
xdut.\$14                                 1.65
xdut.\$71                                  3.3
xdut.\$39                          1.01835e-08
xdut.\$41                                  3.3
xdut.\$15                                  3.3
xdut.\$16                                 1.65
xdut.\$73                                  3.3
xdut.\$43                          1.01835e-08
xdut.\$45                                  3.3
xdut.\$17                                  3.3
xdut.\$18                                 1.65
xdut.\$75                                  3.3
xdut.\$47                          1.01835e-08
xdut.\$49                                  3.3
xdut.\$19                                  3.3
xdut.\$20                                 1.65
xdut.\$77                                  3.3
xdut.\$51                          1.01835e-08
xdut.\$53                                  3.3
xdut.\$21                                  3.3
xdut.\$22                                 1.65
xdut.\$79                                  3.3
xdut.\$55                          1.01835e-08
xdut.\$57                                  3.3
xdut.\$23                                  3.3
xdut.\$24                                 1.65
xdut.\$81                                  3.3
xdut.\$59                          1.01835e-08
xdut.\$61                                  3.3
xdut.\$25                                  3.3
xdut.\$26                                 1.65
xdut.\$83                                  3.3
xdut.\$85                          1.01835e-08
xdut.\$87                                  3.3
xdut.\$89                                  3.3
xdut.\$90                                 1.65
xdut.\$92                                  3.3
xdut.\$94                          1.01835e-08
xdut.\$96                                  3.3
xdut.\$98                                  3.3
xdut.\$99                                 1.65
xdut.\$100                                 3.3
xdut.\$102                         1.01835e-08
xdut.\$104                                 3.3
xdut.\$106                                 3.3
xdut.\$107                                1.65
xdut.\$108                                 3.3
xdut.\$110                         1.01835e-08
xdut.\$112                                 3.3
xdut.\$114                                 3.3
xdut.\$115                                1.65
xdut.\$116                                 3.3
xdut.\$118                         1.01835e-08
xdut.\$120                                 3.3
xdut.\$122                                 3.3
xdut.\$123                                1.65
xdut.\$124                                 3.3
xdut.\$126                         1.01835e-08
xdut.\$128                                 3.3
xdut.\$130                                 3.3
xdut.\$131                                1.65
xdut.\$132                                 3.3
xdut.\$134                         1.01835e-08
xdut.\$136                                 3.3
xdut.\$138                                 3.3
xdut.\$139                                1.65
xdut.\$140                                 3.3
xdut.\$142                         1.01835e-08
xdut.\$144                                 3.3
xdut.\$146                                 3.3
xdut.\$147                                1.65
xdut.\$166                                 3.3
se_topp                                1.65005
xdut.\$167                                 3.3
se_topn                                1.65005
xdut.\$148                                 3.3
xdut.\$150                         1.01835e-08
xdut.\$152                                 3.3
xdut.\$154                                 3.3
xdut.\$155                                1.65
xdut.\$10__par                            1.65
xdut.\$100__par                            3.3
xdut.\$102__par                    1.01835e-08
xdut.\$104__par                            3.3
xdut.\$106__par                            3.3
xdut.\$107__par                           1.65
xdut.\$108__par                            3.3
xdut.\$11__par                             3.3
xdut.\$110__par                    1.01835e-08
xdut.\$112__par                            3.3
xdut.\$114__par                            3.3
xdut.\$115__par                           1.65
xdut.\$116__par                            3.3
xdut.\$118__par                    1.01835e-08
xdut.\$12__par                            1.65
xdut.\$120__par                            3.3
xdut.\$122__par                            3.3
xdut.\$123__par                           1.65
xdut.\$124__par                            3.3
xdut.\$126__par                    1.01835e-08
xdut.\$128__par                            3.3
xdut.\$13__par                             3.3
xdut.\$130__par                            3.3
xdut.\$131__par                           1.65
xdut.\$132__par                            3.3
xdut.\$134__par                    1.01835e-08
xdut.\$136__par                            3.3
xdut.\$138__par                            3.3
xdut.\$139__par                           1.65
xdut.\$14__par                            1.65
xdut.\$140__par                            3.3
xdut.\$142__par                    1.01835e-08
xdut.\$144__par                            3.3
xdut.\$146__par                            3.3
xdut.\$147__par                           1.65
xdut.\$148__par                            3.3
xdut.\$15__par                             3.3
xdut.\$150__par                    1.01835e-08
xdut.\$152__par                            3.3
xdut.\$154__par                            3.3
xdut.\$155__par                           1.65
xdut.\$16__par                            1.65
xdut.\$166__par                            3.3
xdut.\$167__par                            3.3
xdut.\$17__par                             3.3
xdut.\$18__par                            1.65
xdut.\$19__par                             3.3
xdut.\$20__par                            1.65
xdut.\$21__par                             3.3
xdut.\$22__par                            1.65
xdut.\$23__par                             3.3
xdut.\$24__par                            1.65
xdut.\$25__par                             3.3
xdut.\$26__par                            1.65
xdut.\$27__par                     1.01835e-08
xdut.\$29__par                             3.3
xdut.\$31__par                     1.01835e-08
xdut.\$33__par                             3.3
xdut.\$35__par                     1.01835e-08
xdut.\$37__par                             3.3
xdut.\$39__par                     1.01835e-08
xdut.\$41__par                             3.3
xdut.\$43__par                     1.01835e-08
xdut.\$45__par                             3.3
xdut.\$47__par                     1.01835e-08
xdut.\$49__par                             3.3
xdut.\$51__par                     1.01835e-08
xdut.\$53__par                             3.3
xdut.\$55__par                     1.01835e-08
xdut.\$57__par                             3.3
xdut.\$59__par                     1.01835e-08
xdut.\$61__par                             3.3
xdut.\$65__par                             3.3
xdut.\$67__par                             3.3
xdut.\$69__par                             3.3
xdut.\$71__par                             3.3
xdut.\$73__par                             3.3
xdut.\$75__par                             3.3
xdut.\$77__par                             3.3
xdut.\$79__par                             3.3
xdut.\$81__par                             3.3
xdut.\$83__par                             3.3
xdut.\$85__par                     1.01835e-08
xdut.\$87__par                             3.3
xdut.\$89__par                             3.3
xdut.\$9__par                              3.3
xdut.\$90__par                            1.65
xdut.\$92__par                             3.3
xdut.\$94__par                     1.01835e-08
xdut.\$96__par                             3.3
xdut.\$98__par                             3.3
xdut.\$99__par                            1.65
xdut.hi_128_n__par                           0
xdut.hi_128_p__par                           0
xdut.hi_16_n__par                            0
xdut.hi_16_p__par                            0
xdut.hi_1_n__par                             0
xdut.hi_1_p__par                             0
xdut.hi_256_n__par                           0
xdut.hi_256_p__par                           0
xdut.hi_2_n__par                             0
xdut.hi_2_p__par                             0
xdut.hi_32_n__par                            0
xdut.hi_32_p__par                            0
xdut.hi_4_n__par                             0
xdut.hi_4_p__par                             0
xdut.hi_64_n__par                            0
xdut.hi_64_p__par                            0
xdut.hi_8_n__par                             0
xdut.hi_8_p__par                             0
xdut.lo_128_n__par                           0
xdut.lo_128_p__par                           0
xdut.lo_16_n__par                            0
xdut.lo_16_p__par                            0
xdut.lo_1_n__par                             0
xdut.lo_1_p__par                             0
xdut.lo_256_n__par                           0
xdut.lo_256_p__par                           0
xdut.lo_2_n__par                             0
xdut.lo_2_p__par                             0
xdut.lo_32_n__par                            0
xdut.lo_32_p__par                            0
xdut.lo_4_n__par                             0
xdut.lo_4_p__par                             0
xdut.lo_64_n__par                            0
xdut.lo_64_p__par                            0
xdut.lo_8_n__par                             0
xdut.lo_8_p__par                             0
xdut.pinn__par                            1.65
xdut.pinp__par                      0.00402848
xdut.rel_128_n__par                        3.3
xdut.rel_128_p__par                        3.3
xdut.rel_16_n__par                         3.3
xdut.rel_16_p__par                         3.3
xdut.rel_1_n__par                          3.3
xdut.rel_1_p__par                          3.3
xdut.rel_256_n__par                        3.3
xdut.rel_256_p__par                        3.3
xdut.rel_2_n__par                          3.3
xdut.rel_2_p__par                          3.3
xdut.rel_32_n__par                         3.3
xdut.rel_32_p__par                         3.3
xdut.rel_4_n__par                          3.3
xdut.rel_4_p__par                          3.3
xdut.rel_64_n__par                         3.3
xdut.rel_64_p__par                         3.3
xdut.rel_8_n__par                          3.3
xdut.rel_8_p__par                          3.3
xdut.sel_in__par                             0
xdut.topn__par                         1.65005
xdut.topp__par                         1.65005
xdut.tp_gn__par                              0
xdut.vcm__par                             1.65
xdut.vdd__par                              3.3
xdut.vref__par                             3.3
xdut.vss__par                                0
se_ibias                              0.678004
xsecmp.xpre.ptail                     0.836541
xsecmp.pon                             2.61195
xsecmp.preamp_in1                      1.65005
xsecmp.pop                             2.61195
xsecmp.preamp_in2                      1.65005
xsecmp.xpre.xrlp.11                    3.29987
xsecmp.xpre.xrlp.21                    2.61207
xsecmp.xpre.xrln.11                    3.29987
xsecmp.xpre.xrln.21                    2.61207
xsecmp.xlat.ltail                      1.99421
xsecmp.xlat.dip                            3.3
xsecmp.xlat.din                            3.3
xsecmp.outn                                3.3
xsecmp.outp                                3.3
xsecmp.sset                        1.80548e-08
xsecmp.srst                        1.80548e-08
xsecmp.xno1.ps                         3.06465
se_cmpb                                1.36517
xsecmp.xno2.ps                         3.06465
se_code                                      0
se_dacp                            1.11022e-16
se_dacn                            1.11022e-16
se_di                                  1.64597
se_err                                  510.75
se_aerrh                                     0
bseea#branch                                 0
bsee#branch                                  0
bsedi#branch                                 0
bsedacn#branch                               0
bsedacp#branch                               0
bsecode#branch                               0
lref#branch                        1.65807e-09
v.xsecmp.vpn#branch               -9.57442e-28
v.xsecmp.vpp#branch               -4.28162e-28
vsemode#branch                               0
vsestart#branch                              0
vsevinn#branch                               0
vsevinp#branch                     6.49088e-09
vcms#branch                       -1.92671e-08
vrefs#branch                      -1.65807e-09
vddc#branch                       -0.000559365
vddd#branch                       -7.69231e-09
vddt#branch                                  0
vcmpclkb#branch                              0
vcmpclk#branch                               0
vclk#branch                                  0
a.xsectrl.a_gn#branch_1_0          1.73472e-18
a.xsectrl.a_gn#branch_1_1                    0
a.xsectrl.a_gn#branch_1_2                    0
a.xsectrl.a_gn#branch_1_3          1.73472e-18
a.xsectrl.a_gn#branch_1_4                    0
a.xsectrl.a_gn#branch_1_5                    0
a.xsectrl.a_gn#branch_1_6          1.73472e-18
a.xsectrl.a_gn#branch_1_7                    0
a.xsectrl.a_gn#branch_1_8                    0
a.xsectrl.a_gn#branch_1_9          1.73472e-18
a.xsectrl.a_gn#branch_1_10                   0
a.xsectrl.a_gn#branch_1_11                   0
a.xsectrl.a_gn#branch_1_12         1.73472e-18
a.xsectrl.a_gn#branch_1_13                   0
a.xsectrl.a_gn#branch_1_14                   0
a.xsectrl.a_gn#branch_1_15         1.73472e-18
a.xsectrl.a_gn#branch_1_16                   0
a.xsectrl.a_gn#branch_1_17                   0
a.xsectrl.a_gn#branch_1_18         1.73472e-18
a.xsectrl.a_gn#branch_1_19                   0
a.xsectrl.a_gn#branch_1_20                   0
a.xsectrl.a_gn#branch_1_21         1.73472e-18
a.xsectrl.a_gn#branch_1_22                   0
a.xsectrl.a_gn#branch_1_23                   0
a.xsectrl.a_gn#branch_1_24         1.73472e-18
a.xsectrl.a_gn#branch_1_25                   0
a.xsectrl.a_gn#branch_1_26                   0
a.xsectrl.a_gn#branch_1_27         1.73472e-18
a.xsectrl.a_gn#branch_1_28                   0
a.xsectrl.a_gn#branch_1_29                   0
a.xsectrl.a_gn#branch_1_30         1.73472e-18
a.xsectrl.a_gn#branch_1_31                   0
a.xsectrl.a_gn#branch_1_32                   0
a.xsectrl.a_gn#branch_1_33         1.73472e-18
a.xsectrl.a_gn#branch_1_34                   0
a.xsectrl.a_gn#branch_1_35                   0
a.xsectrl.a_gn#branch_1_36         1.73472e-18
a.xsectrl.a_gn#branch_1_37                   0
a.xsectrl.a_gn#branch_1_38                   0
a.xsectrl.a_gn#branch_1_39         1.73472e-18
a.xsectrl.a_gn#branch_1_40                   0
a.xsectrl.a_gn#branch_1_41                   0
a.xsectrl.a_gn#branch_1_42         1.73472e-18
a.xsectrl.a_gn#branch_1_43                   0
a.xsectrl.a_gn#branch_1_44                   0
a.xsectrl.a_gn#branch_1_45         1.73472e-18
a.xsectrl.a_gn#branch_1_46                   0
a.xsectrl.a_gn#branch_1_47                   0
a.xsectrl.a_gn#branch_1_48         1.73472e-18
a.xsectrl.a_gn#branch_1_49                   0
a.xsectrl.a_gn#branch_1_50                   0
a.xsectrl.a_gn#branch_1_51         1.73472e-18
a.xsectrl.a_gn#branch_1_52                   0
a.xsectrl.a_gn#branch_1_53                   0
a.xsectrl.a_dout#branch_1_0                  0
a.xsectrl.a_dout#branch_1_1                  0
a.xsectrl.a_dout#branch_1_2                  0
a.xsectrl.a_dout#branch_1_3                  0
a.xsectrl.a_dout#branch_1_4                  0
a.xsectrl.a_dout#branch_1_5                  0
a.xsectrl.a_dout#branch_1_6                  0
a.xsectrl.a_dout#branch_1_7                  0
a.xsectrl.a_dout#branch_1_8                  0
a.xsectrl.a_dout#branch_1_9                  0
a.xsectrl.a_dout#branch_1_10                 0
a.xsectrl.a_dout#branch_1_11                 0
a.xsectrl.a_dout#branch_1_12                 0

 Reference value :  0.00000e+00
 Reference value :  3.13031e-08
 Reference value :  9.37983e-08
 Reference value :  1.56256e-07
 Reference value :  1.89767e-07
 Reference value :  2.50167e-07
 Reference value :  2.81450e-07
 Reference value :  3.15075e-07
 Reference value :  3.75208e-07
 Reference value :  4.06666e-07
 Reference value :  4.45330e-07
 Reference value :  5.31291e-07
 Reference value :  5.65032e-07
 Reference value :  6.25200e-07
 Reference value :  6.56450e-07
 Reference value :  6.91030e-07
 Reference value :  7.50519e-07
 Reference value :  7.81976e-07
 Reference value :  8.23776e-07
 Reference value :  8.75403e-07
 Reference value :  9.06592e-07
 Reference value :  9.68898e-07
 Reference value :  1.00263e-06
 Reference value :  1.03201e-06
 Reference value :  1.09419e-06
 Reference value :  1.15641e-06
 Reference value :  1.19010e-06
 Reference value :  1.25104e-06
 Reference value :  1.28175e-06
 Reference value :  1.31708e-06
 Reference value :  1.37554e-06
 Reference value :  1.41032e-06
 Reference value :  1.46876e-06
 Reference value :  1.50251e-06
 Reference value :  1.56262e-06
 Reference value :  1.59389e-06
 Reference value :  1.62784e-06
 Reference value :  1.68799e-06
 Reference value :  1.71953e-06
 Reference value :  1.78130e-06
 Reference value :  1.81475e-06
 Reference value :  1.84608e-06
 Reference value :  1.90626e-06
 Reference value :  1.95630e-06
 Reference value :  2.00229e-06
 Reference value :  2.03147e-06
 Reference value :  2.09393e-06
 Reference value :  2.16972e-06
 Reference value :  2.21959e-06
 Reference value :  2.26282e-06
 Reference value :  2.31295e-06
 Reference value :  2.34436e-06
 Reference value :  2.40644e-06
 Reference value :  2.44170e-06
 Reference value :  2.50254e-06
 Reference value :  2.56269e-06
 Reference value :  2.62500e-06
 Reference value :  2.68770e-06
 Reference value :  2.75073e-06
 Reference value :  2.81300e-06
 Reference value :  2.84442e-06
 Reference value :  2.88100e-06
 Reference value :  2.93892e-06
 Reference value :  3.00068e-06
 Reference value :  3.03146e-06
 Reference value :  3.09379e-06
 Reference value :  3.15625e-06
 Reference value :  3.18977e-06
 Reference value :  3.25011e-06
 Reference value :  3.28136e-06
 Reference value :  3.31492e-06
 Reference value :  3.37512e-06
 Reference value :  3.40640e-06
 Reference value :  3.44081e-06
 Reference value :  3.50063e-06
 Reference value :  3.53200e-06
 Reference value :  3.59376e-06
 Reference value :  3.62752e-06
 Reference value :  3.68770e-06
 Reference value :  3.71940e-06
 Reference value :  3.78127e-06
 Reference value :  3.81317e-06
 Reference value :  3.87360e-06
 Reference value :  3.93750e-06
 Reference value :  4.00174e-06
 Reference value :  4.06272e-06
 Reference value :  4.12573e-06
 Reference value :  4.18795e-06
 Reference value :  4.23740e-06
 Reference value :  4.28132e-06
 Reference value :  4.31501e-06
 Reference value :  4.37520e-06
 Reference value :  4.40656e-06
 Reference value :  4.44005e-06
 Reference value :  4.50003e-06
 Reference value :  4.53132e-06
 Reference value :  4.56507e-06
 Reference value :  4.62522e-06
 Reference value :  4.65668e-06
 Reference value :  4.71173e-06
 Reference value :  4.75235e-06
 Reference value :  4.81256e-06
 Reference value :  4.84400e-06
 Reference value :  4.87783e-06
 Reference value :  4.93804e-06
 Reference value :  5.00029e-06
 Reference value :  5.03131e-06
 Reference value :  5.06321e-06
 Reference value :  5.12506e-06
 Reference value :  5.18977e-06
 Reference value :  5.25003e-06
 Reference value :  5.28135e-06
 Reference value :  5.31478e-06
 Reference value :  5.37503e-06
 Reference value :  5.40636e-06
 Reference value :  5.43983e-06
 Reference value :  5.47018e-06
 Reference value :  5.51737e-06
 Reference value :  5.56483e-06
 Reference value :  5.62510e-06
 Reference value :  5.65641e-06
 Reference value :  5.69044e-06
 Reference value :  5.75068e-06
 Reference value :  5.78747e-06
 Reference value :  5.84381e-06
 Reference value :  5.87586e-06
 Reference value :  5.92032e-06
 Reference value :  5.96930e-06
 Reference value :  6.00287e-06
 Reference value :  6.06265e-06
 Reference value :  6.12510e-06
 Reference value :  6.17957e-06
 Reference value :  6.21893e-06
 Reference value :  6.25294e-06
 Reference value :  6.31272e-06
 Reference value :  6.34403e-06
 Reference value :  6.37860e-06
 Reference value :  6.43770e-06
 Reference value :  6.47281e-06
 Reference value :  6.56261e-06
 Reference value :  6.62520e-06
 Reference value :  6.68977e-06
 Reference value :  6.75274e-06
 Reference value :  6.84270e-06
 Reference value :  6.87730e-06
 Reference value :  6.90735e-06
 Reference value :  6.96912e-06
 Reference value :  7.00290e-06
 Reference value :  7.06270e-06
 Reference value :  7.12552e-06
 Reference value :  7.21875e-06
 Reference value :  7.28020e-06
 Reference value :  7.31296e-06
 Reference value :  7.34437e-06
 Reference value :  7.40644e-06
 Reference value :  7.44006e-06
 Reference value :  7.50019e-06
 Reference value :  7.53141e-06
 Reference value :  7.56540e-06
 Reference value :  7.62550e-06
 Reference value :  7.65705e-06
 Reference value :  7.71876e-06
 Reference value :  7.75230e-06
 Reference value :  7.81251e-06
 Reference value :  7.84395e-06
 Reference value :  7.87769e-06
 Reference value :  7.93787e-06
 Reference value :  8.00020e-06
 Reference value :  8.03130e-06
 Reference value :  8.06309e-06
 Reference value :  8.12520e-06
 Reference value :  8.15724e-06
 Reference value :  8.21884e-06
 Reference value :  8.25282e-06
 Reference value :  8.28772e-06
 Reference value :  8.33922e-06
 Reference value :  8.37537e-06
 Reference value :  8.40654e-06
 Reference value :  8.44003e-06
 Reference value :  8.50012e-06
 Reference value :  8.53137e-06
 Reference value :  8.56534e-06
 Reference value :  8.62545e-06
 Reference value :  8.65728e-06
 Reference value :  8.71877e-06
 Reference value :  8.75229e-06
 Reference value :  8.81253e-06
 Reference value :  8.84393e-06
 Reference value :  8.87746e-06
 Reference value :  8.92519e-06
 Reference value :  8.96942e-06
 Reference value :  9.00295e-06
 Reference value :  9.06273e-06
 Reference value :  9.12520e-06
 Reference value :  9.18761e-06
 Reference value :  9.21920e-06
 Reference value :  9.25412e-06
 Reference value :  9.31317e-06
 Reference value :  9.34430e-06
 Reference value :  9.38127e-06
 Reference value :  9.43813e-06
 Reference value :  9.46941e-06
 Reference value :  9.50640e-06
 Reference value :  9.56336e-06
 Reference value :  9.61102e-06
 Reference value :  9.65633e-06
 Reference value :  9.71903e-06
 Reference value :  9.78125e-06
 Reference value :  9.81482e-06
 Reference value :  9.87510e-06
 Reference value :  9.90635e-06
 Reference value :  9.96883e-06
 Reference value :  1.00025e-05
 Reference value :  1.00454e-05
 Reference value :  1.01008e-05
 Reference value :  1.01577e-05
 Reference value :  1.02195e-05
 Reference value :  1.02565e-05
 Reference value :  1.03134e-05
 Reference value :  1.03443e-05
 Reference value :  1.03813e-05
 Reference value :  1.04382e-05
 Reference value :  1.04711e-05
 Reference value :  1.05313e-05
 Reference value :  1.05650e-05
 Reference value :  1.06252e-05
 Reference value :  1.06568e-05
 Reference value :  1.07188e-05
 Reference value :  1.07657e-05
 Reference value :  1.08437e-05
 Reference value :  1.08776e-05
 Reference value :  1.09376e-05
 Reference value :  1.09876e-05
 Reference value :  1.10046e-05
 Reference value :  1.10632e-05
 Reference value :  1.11254e-05
 Reference value :  1.11877e-05
 Reference value :  1.12194e-05
 Reference value :  1.12538e-05
 Reference value :  1.13127e-05
 Reference value :  1.13442e-05
 Reference value :  1.13789e-05
 Reference value :  1.14382e-05
 Reference value :  1.14699e-05
 Reference value :  1.15282e-05
 Reference value :  1.15648e-05
 Reference value :  1.16251e-05
 Reference value :  1.16564e-05
 Reference value :  1.16905e-05
 Reference value :  1.17504e-05
 Reference value :  1.17826e-05
 Reference value :  1.18438e-05
 Reference value :  1.18940e-05
 Reference value :  1.19477e-05
 Reference value :  1.20013e-05
 Reference value :  1.20317e-05
 Reference value :  1.20939e-05
 Reference value :  1.21563e-05
 Reference value :  1.21899e-05
 Reference value :  1.22501e-05
 Reference value :  1.22814e-05
 Reference value :  1.23149e-05
 Reference value :  1.23688e-05
 Reference value :  1.24063e-05
 Reference value :  1.24401e-05
 Reference value :  1.25002e-05
 Reference value :  1.25316e-05
 Reference value :  1.25755e-05
 Reference value :  1.26273e-05
 Reference value :  1.26876e-05
 Reference value :  1.27190e-05
 Reference value :  1.27552e-05
 Reference value :  1.28142e-05
 Reference value :  1.28487e-05
 Reference value :  1.29063e-05
 Reference value :  1.29481e-05
 Reference value :  1.30017e-05
 Reference value :  1.30316e-05
 Reference value :  1.30939e-05
 Reference value :  1.31564e-05
 Reference value :  1.31901e-05
 Reference value :  1.32504e-05
 Reference value :  1.32817e-05
 Reference value :  1.33234e-05
 Reference value :  1.33754e-05
 Reference value :  1.34067e-05
 Reference value :  1.34422e-05
 Reference value :  1.35004e-05
 Reference value :  1.35322e-05
 Reference value :  1.35938e-05
 Reference value :  1.36275e-05
 Reference value :  1.36877e-05
 Reference value :  1.37191e-05
 Reference value :  1.37817e-05
 Reference value :  1.38751e-05
 Reference value :  1.39379e-05
 Reference value :  1.40028e-05
 Reference value :  1.40938e-05
 Reference value :  1.41876e-05
 Reference value :  1.42505e-05
 Reference value :  1.43130e-05
 Reference value :  1.43755e-05
 Reference value :  1.44381e-05
 Reference value :  1.45005e-05
 Reference value :  1.45644e-05
 Reference value :  1.46276e-05
 Reference value :  1.47188e-05
 Reference value :  1.47816e-05
 Reference value :  1.48449e-05
 Reference value :  1.49071e-05
 Reference value :  1.50006e-05
 Reference value :  1.50626e-05
 Reference value :  1.51563e-05
 Reference value :  1.52190e-05
 Reference value :  1.52816e-05
 Reference value :  1.53444e-05
 Reference value :  1.54063e-05
 Reference value :  1.54385e-05
 Reference value :  1.55002e-05
 Reference value :  1.55315e-05
 Reference value :  1.55673e-05
 Reference value :  1.56274e-05
 Reference value :  1.56878e-05
 Reference value :  1.57227e-05
 Reference value :  1.57814e-05
 Reference value :  1.58151e-05
 Reference value :  1.58754e-05
 Reference value :  1.59067e-05
 Reference value :  1.59689e-05
 Reference value :  1.60027e-05
 Reference value :  1.60320e-05
 Reference value :  1.60942e-05
 Reference value :  1.61564e-05
 Reference value :  1.61901e-05
 Reference value :  1.62502e-05
 Reference value :  1.62814e-05
 Reference value :  1.63151e-05
 Reference value :  1.63752e-05
 Reference value :  1.64067e-05
 Reference value :  1.64402e-05
 Reference value :  1.65004e-05
 Reference value :  1.65316e-05
 Reference value :  1.65690e-05
 Reference value :  1.66273e-05
 Reference value :  1.66875e-05
 Reference value :  1.67189e-05
 Reference value :  1.67526e-05
 Reference value :  1.68127e-05
 Reference value :  1.68444e-05
 Reference value :  1.68813e-05
 Reference value :  1.69378e-05
 Reference value :  1.70002e-05
 Reference value :  1.70250e-05
 Reference value :  1.70629e-05
 Reference value :  1.71253e-05
 Reference value :  1.71877e-05
 Reference value :  1.72192e-05
 Reference value :  1.72531e-05
 Reference value :  1.73130e-05
 Reference value :  1.73773e-05
 Reference value :  1.74398e-05
 Reference value :  1.75011e-05
 Reference value :  1.75650e-05
 Reference value :  1.76435e-05
 Reference value :  1.77188e-05
 Reference value :  1.77526e-05
 Reference value :  1.78128e-05
 Reference value :  1.78446e-05
 Reference value :  1.79070e-05
 Reference value :  1.80006e-05
 Reference value :  1.80592e-05
 Reference value :  1.81043e-05
 Reference value :  1.81571e-05
 Reference value :  1.82188e-05
 Reference value :  1.82529e-05
 Reference value :  1.83066e-05
 Reference value :  1.83439e-05
 Reference value :  1.83776e-05
 Reference value :  1.84379e-05
 Reference value :  1.84750e-05
 Reference value :  1.85313e-05
 Reference value :  1.85655e-05
 Reference value :  1.86273e-05
 Reference value :  1.86876e-05
 Reference value :  1.87190e-05
 Reference value :  1.87614e-05
 Reference value :  1.88129e-05
 Reference value :  1.88750e-05
 Reference value :  1.89377e-05
 Reference value :  1.90024e-05
 Reference value :  1.90321e-05
 Reference value :  1.90943e-05
 Reference value :  1.91565e-05
 Reference value :  1.91900e-05
 Reference value :  1.92501e-05
 Reference value :  1.92814e-05
 Reference value :  1.93153e-05
 Reference value :  1.93755e-05
 Reference value :  1.94121e-05
 Reference value :  1.94688e-05
 Reference value :  1.95026e-05
 Reference value :  1.95631e-05
 Reference value :  1.96250e-05
 Reference value :  1.96876e-05
 Reference value :  1.97194e-05
 Reference value :  1.97813e-05
 Reference value :  1.98150e-05
 Reference value :  1.98750e-05
 Reference value :  1.99063e-05
 Reference value :  1.99396e-05
No. of Data Rows : 49483
e1                  =  1.01510e+00
x1                  =  7.25507e+00 at=  2.28143e-06
cd1                 =  2.00000e+00
e2                  =  9.77099e-01
x2                  =  7.23493e+00 at=  3.28143e-06
cd2                 =  3.00000e+00
e128                =  6.69919e-01
x128                =  4.98015e+00 at=  4.28143e-06
cd128               =  1.28000e+02
e129                =  7.67666e-01
x129                =  5.02827e+00 at=  5.28143e-06
cd129               =  1.30000e+02
e255                =  4.28229e-01
x255                =  3.02832e+00 at=  6.28147e-06
cd255               =  2.55000e+02
e256                =  4.86977e-01
x256                =  3.07731e+00 at=  7.28146e-06
cd256               =  2.56000e+02
e257                =  4.87954e-01
x257                =  3.06153e+00 at=  8.28146e-06
cd257               =  2.57000e+02
e384                =  1.72965e-01
x384                =  1.64749e+00 at=  9.31262e-06
cd384               =  3.84000e+02
e511                =  -5.76386e-02
x511                =  2.66624e+00 at=  1.03439e-05
cd511               =  5.11000e+02
e512                =  -5.34389e-03
x512                =  2.57107e+00 at=  1.13440e-05
cd512               =  5.12000e+02
e513                =  2.17969e-03
x513                =  2.56694e+00 at=  1.23440e-05
cd513               =  5.13000e+02
e640                =  -3.16349e-01
x640                =  1.78216e+00 at=  1.33126e-05
cd640               =  6.39000e+02
e767                =  -5.51649e-01
x767                =  3.12812e+00 at=  1.43126e-05
cd767               =  7.66000e+02
e768                =  -5.03676e-01
x768                =  3.07251e+00 at=  1.53126e-05
cd768               =  7.67000e+02
e769                =  -4.96256e-01
x769                =  3.08329e+00 at=  1.63126e-05
cd769               =  7.68000e+02
e896                =  -8.05611e-01
x896                =  4.55044e+00 at=  1.72814e-05
cd896               =  8.95000e+02
e1022               =  -1.04354e+00
x1022               =  6.02789e+00 at=  1.82814e-05
cd1022              =  1.02100e+03
e1023               =  -9.76888e-01
x1023               =  5.97542e+00 at=  1.92814e-05
cd1023              =  1.02200e+03
vrefhi              =  3.30013e+00 at=  1.53149e-05
vreflo              =  3.29986e+00 at=  1.25682e-05
m_terr_t1_lsb = 1.0150970000e+00
m_decerr_t1_lsb = 7.2550740000e+00
m_code_t1 = 2.0000000000e+00
m_terr_t2_lsb = 9.7709870000e-01
m_decerr_t2_lsb = 7.2349340000e+00
m_code_t2 = 3.0000000000e+00
m_terr_t128_lsb = 6.6991850000e-01
m_decerr_t128_lsb = 4.9801490000e+00
m_code_t128 = 1.2800000000e+02
m_terr_t129_lsb = 7.6766610000e-01
m_decerr_t129_lsb = 5.0282710000e+00
m_code_t129 = 1.3000000000e+02
m_terr_t255_lsb = 4.2822870000e-01
m_decerr_t255_lsb = 3.0283240000e+00
m_code_t255 = 2.5500000000e+02
m_terr_t256_lsb = 4.8697690000e-01
m_decerr_t256_lsb = 3.0773120000e+00
m_code_t256 = 2.5600000000e+02
m_terr_t257_lsb = 4.8795450000e-01
m_decerr_t257_lsb = 3.0615330000e+00
m_code_t257 = 2.5700000000e+02
m_terr_t384_lsb = 1.7296530000e-01
m_decerr_t384_lsb = 1.6474920000e+00
m_code_t384 = 3.8400000000e+02
m_terr_t511_lsb = -5.763857000e-02
m_decerr_t511_lsb = 2.6662450000e+00
m_code_t511 = 5.1100000000e+02
m_terr_t512_lsb = -5.343891000e-03
m_decerr_t512_lsb = 2.5710700000e+00
m_code_t512 = 5.1200000000e+02
m_terr_t513_lsb = 2.1796920000e-03
m_decerr_t513_lsb = 2.5669360000e+00
m_code_t513 = 5.1300000000e+02
m_terr_t640_lsb = -3.163492000e-01
m_decerr_t640_lsb = 1.7821590000e+00
m_code_t640 = 6.3900000000e+02
m_terr_t767_lsb = -5.516492000e-01
m_decerr_t767_lsb = 3.1281220000e+00
m_code_t767 = 7.6600000000e+02
m_terr_t768_lsb = -5.036759000e-01
m_decerr_t768_lsb = 3.0725070000e+00
m_code_t768 = 7.6700000000e+02
m_terr_t769_lsb = -4.962560000e-01
m_decerr_t769_lsb = 3.0832890000e+00
m_code_t769 = 7.6800000000e+02
m_terr_t896_lsb = -8.056109000e-01
m_decerr_t896_lsb = 4.5504360000e+00
m_code_t896 = 8.9500000000e+02
m_terr_t1022_lsb = -1.043542000e+00
m_decerr_t1022_lsb = 6.0278900000e+00
m_code_t1022 = 1.0210000000e+03
m_terr_t1023_lsb = -9.768882000e-01
m_decerr_t1023_lsb = 5.9754170000e+00
m_code_t1023 = 1.0220000000e+03
m_inl_t1_lsb = 0.0000000000e+00
m_inl_t2_lsb = -3.604919511e-02
m_inl_t128_lsb = -9.764217867e-02
m_inl_t129_lsb = 2.0545262231e-03
m_inl_t255_lsb = -9.179565734e-02
m_inl_t256_lsb = -3.109835245e-02
m_inl_t257_lsb = -2.817164755e-02
m_inl_t384_lsb = -9.562452622e-02
m_inl_t511_lsb = -7.869207489e-02
m_inl_t512_lsb = -2.444829100e-02
m_inl_t513_lsb = -1.497560311e-02
m_inl_t640_lsb = -8.596817378e-02
m_inl_t767_lsb = -7.373185245e-02
m_inl_t768_lsb = -2.380944755e-02
m_inl_t769_lsb = -1.444044266e-02
m_inl_t896_lsb = -7.625902133e-02
m_inl_t1022_lsb = -6.860290489e-02
m_inl_t1023_lsb = -1.110223025e-16
m_dnl_t1_t2_lsb = -3.799830000e-02
m_dnl_t128_t129_lsb = 9.7747600000e-02
m_dnl_t255_t256_lsb = 5.8748200000e-02
m_dnl_t256_t257_lsb = 9.7760000000e-04
m_dnl_t511_t512_lsb = 5.2294679000e-02
m_dnl_t512_t513_lsb = 7.5235830000e-03
m_dnl_t767_t768_lsb = 4.7973300000e-02
m_dnl_t768_t769_lsb = 7.4199000000e-03
m_dnl_t1022_t1023_lsb = 6.6653800000e-02
m_gain_err_lsb = -1.993934305e+00
m_vref_droop_mv = 2.7300000000e-01
Note: Simulation executed from .control section 

Note: Starting dynamic gmin stepping
Note: Dynamic gmin stepping completed
