
Note: Compatibility modes selected: hs a


Circuit: * dr0014-sampling @ tt_-40c_3.63v -- generated by sim/harness, do not edit

Doing analysis at TEMP = -40.000000 and TNOM = 27.000000

Using SPARSE 1.3 as Direct Linear Solver

Initial Transient Solution
--------------------------

Node                                   Voltage
----                                   -------
vddd                                      3.63
vddt                                      3.63
vddc                                      3.63
vrefn                                     3.63
vcmn                                     1.815
onh                                       3.63
onl                                          0
cmpstrobe                                    0
smptp                                     3.63
smpbp                                     3.63
nrel                                         0
nrel256                                      0
hi256                                        0
lo256                                        0
brel                                      3.63
a0_srcp                                 0.1815
a0_pinp                                 0.1815
xa0tswp.gp                         1.80945e-09
a0_topp                                  1.815
xa0arrp.x256.bp                         0.1815
xa0arrp.x256.gp_in                 1.80945e-09
xa0arrp.x256.gp_rel                       3.63
xa0arrp.x256.gp_hi                        3.63
xa0arrp.x256.gp_lo                        3.63
xa0arrp.x128.bp                         0.1815
xa0arrp.x128.gp_in                 1.80945e-09
xa0arrp.x128.gp_rel                       3.63
xa0arrp.x128.gp_hi                        3.63
xa0arrp.x128.gp_lo                        3.63
xa0arrp.x64.bp                          0.1815
xa0arrp.x64.gp_in                  1.80945e-09
xa0arrp.x64.gp_rel                        3.63
xa0arrp.x64.gp_hi                         3.63
xa0arrp.x64.gp_lo                         3.63
xa0arrp.x32.bp                          0.1815
xa0arrp.x32.gp_in                  1.80945e-09
xa0arrp.x32.gp_rel                        3.63
xa0arrp.x32.gp_hi                         3.63
xa0arrp.x32.gp_lo                         3.63
xa0arrp.x16.bp                          0.1815
xa0arrp.x16.gp_in                  1.80945e-09
xa0arrp.x16.gp_rel                        3.63
xa0arrp.x16.gp_hi                         3.63
xa0arrp.x16.gp_lo                         3.63
xa0arrp.x8.bp                           0.1815
xa0arrp.x8.gp_in                   1.80945e-09
xa0arrp.x8.gp_rel                         3.63
xa0arrp.x8.gp_hi                          3.63
xa0arrp.x8.gp_lo                          3.63
xa0arrp.x4.bp                           0.1815
xa0arrp.x4.gp_in                   1.80945e-09
xa0arrp.x4.gp_rel                         3.63
xa0arrp.x4.gp_hi                          3.63
xa0arrp.x4.gp_lo                          3.63
xa0arrp.x2.bp                           0.1815
xa0arrp.x2.gp_in                   1.80945e-09
xa0arrp.x2.gp_rel                         3.63
xa0arrp.x2.gp_hi                          3.63
xa0arrp.x2.gp_lo                          3.63
xa0arrp.x1.bp                           0.1815
xa0arrp.x1.gp_in                   1.80945e-09
xa0arrp.x1.gp_rel                         3.63
xa0arrp.x1.gp_hi                          3.63
xa0arrp.x1.gp_lo                          3.63
a0_srcn                                 3.4485
a0_pinn                                 3.4485
xa0tswn.gp                         1.80945e-09
a0_topn                                  1.815
xa0arrn.x256.bp                         3.4485
xa0arrn.x256.gp_in                 1.80945e-09
xa0arrn.x256.gp_rel                       3.63
xa0arrn.x256.gp_hi                        3.63
xa0arrn.x256.gp_lo                        3.63
xa0arrn.x128.bp                         3.4485
xa0arrn.x128.gp_in                 1.80945e-09
xa0arrn.x128.gp_rel                       3.63
xa0arrn.x128.gp_hi                        3.63
xa0arrn.x128.gp_lo                        3.63
xa0arrn.x64.bp                          3.4485
xa0arrn.x64.gp_in                  1.80945e-09
xa0arrn.x64.gp_rel                        3.63
xa0arrn.x64.gp_hi                         3.63
xa0arrn.x64.gp_lo                         3.63
xa0arrn.x32.bp                          3.4485
xa0arrn.x32.gp_in                  1.80945e-09
xa0arrn.x32.gp_rel                        3.63
xa0arrn.x32.gp_hi                         3.63
xa0arrn.x32.gp_lo                         3.63
xa0arrn.x16.bp                          3.4485
xa0arrn.x16.gp_in                  1.80945e-09
xa0arrn.x16.gp_rel                        3.63
xa0arrn.x16.gp_hi                         3.63
xa0arrn.x16.gp_lo                         3.63
xa0arrn.x8.bp                           3.4485
xa0arrn.x8.gp_in                   1.80945e-09
xa0arrn.x8.gp_rel                         3.63
xa0arrn.x8.gp_hi                          3.63
xa0arrn.x8.gp_lo                          3.63
xa0arrn.x4.bp                           3.4485
xa0arrn.x4.gp_in                   1.80945e-09
xa0arrn.x4.gp_rel                         3.63
xa0arrn.x4.gp_hi                          3.63
xa0arrn.x4.gp_lo                          3.63
xa0arrn.x2.bp                           3.4485
xa0arrn.x2.gp_in                   1.80945e-09
xa0arrn.x2.gp_rel                         3.63
xa0arrn.x2.gp_hi                          3.63
xa0arrn.x2.gp_lo                          3.63
xa0arrn.x1.bp                           3.4485
xa0arrn.x1.gp_in                   1.80945e-09
xa0arrn.x1.gp_rel                         3.63
xa0arrn.x1.gp_hi                          3.63
xa0arrn.x1.gp_lo                          3.63
a0_ib                                 0.807378
xa0cmp.xpre.ptail                     0.834743
xa0cmp.pon                             2.74343
xa0cmp.preamp_in1                        1.815
xa0cmp.pop                             2.74343
xa0cmp.preamp_in2                        1.815
xa0cmp.xpre.xrlp.11                    3.62978
xa0cmp.xpre.xrlp.21                    2.74365
xa0cmp.xpre.xrln.11                    3.62978
xa0cmp.xpre.xrln.21                    2.74365
xa0cmp.xlat.ltail                      1.91955
xa0cmp.xlat.dip                           3.63
xa0cmp.xlat.din                           3.63
xa0cmp.outn                               3.63
xa0cmp.outp                               3.63
xa0cmp.sset                        5.74698e-09
xa0cmp.srst                        5.74698e-09
xa0cmp.xno1.ps                         3.38743
a0_do                                  1.49859
a0_dob                                 1.49859
xa0cmp.xno2.ps                         3.38743
a0_dp                             -6.06319e-10
a0_dn                              6.06215e-10
a0_dd                             -1.21261e-09
a1_srcp                                0.99825
a1_pinp                                0.99825
xa1tswp.gp                         1.80945e-09
a1_topp                                  1.815
xa1arrp.x256.bp                        0.99825
xa1arrp.x256.gp_in                 1.80945e-09
xa1arrp.x256.gp_rel                       3.63
xa1arrp.x256.gp_hi                        3.63
xa1arrp.x256.gp_lo                        3.63
xa1arrp.x128.bp                        0.99825
xa1arrp.x128.gp_in                 1.80945e-09
xa1arrp.x128.gp_rel                       3.63
xa1arrp.x128.gp_hi                        3.63
xa1arrp.x128.gp_lo                        3.63
xa1arrp.x64.bp                         0.99825
xa1arrp.x64.gp_in                  1.80945e-09
xa1arrp.x64.gp_rel                        3.63
xa1arrp.x64.gp_hi                         3.63
xa1arrp.x64.gp_lo                         3.63
xa1arrp.x32.bp                         0.99825
xa1arrp.x32.gp_in                  1.80945e-09
xa1arrp.x32.gp_rel                        3.63
xa1arrp.x32.gp_hi                         3.63
xa1arrp.x32.gp_lo                         3.63
xa1arrp.x16.bp                         0.99825
xa1arrp.x16.gp_in                  1.80945e-09
xa1arrp.x16.gp_rel                        3.63
xa1arrp.x16.gp_hi                         3.63
xa1arrp.x16.gp_lo                         3.63
xa1arrp.x8.bp                          0.99825
xa1arrp.x8.gp_in                   1.80945e-09
xa1arrp.x8.gp_rel                         3.63
xa1arrp.x8.gp_hi                          3.63
xa1arrp.x8.gp_lo                          3.63
xa1arrp.x4.bp                          0.99825
xa1arrp.x4.gp_in                   1.80945e-09
xa1arrp.x4.gp_rel                         3.63
xa1arrp.x4.gp_hi                          3.63
xa1arrp.x4.gp_lo                          3.63
xa1arrp.x2.bp                          0.99825
xa1arrp.x2.gp_in                   1.80945e-09
xa1arrp.x2.gp_rel                         3.63
xa1arrp.x2.gp_hi                          3.63
xa1arrp.x2.gp_lo                          3.63
xa1arrp.x1.bp                          0.99825
xa1arrp.x1.gp_in                   1.80945e-09
xa1arrp.x1.gp_rel                         3.63
xa1arrp.x1.gp_hi                          3.63
xa1arrp.x1.gp_lo                          3.63
a1_srcn                                2.63175
a1_pinn                                2.63175
xa1tswn.gp                         1.80945e-09
a1_topn                                  1.815
xa1arrn.x256.bp                        2.63175
xa1arrn.x256.gp_in                 1.80945e-09
xa1arrn.x256.gp_rel                       3.63
xa1arrn.x256.gp_hi                        3.63
xa1arrn.x256.gp_lo                        3.63
xa1arrn.x128.bp                        2.63175
xa1arrn.x128.gp_in                 1.80945e-09
xa1arrn.x128.gp_rel                       3.63
xa1arrn.x128.gp_hi                        3.63
xa1arrn.x128.gp_lo                        3.63
xa1arrn.x64.bp                         2.63175
xa1arrn.x64.gp_in                  1.80945e-09
xa1arrn.x64.gp_rel                        3.63
xa1arrn.x64.gp_hi                         3.63
xa1arrn.x64.gp_lo                         3.63
xa1arrn.x32.bp                         2.63175
xa1arrn.x32.gp_in                  1.80945e-09
xa1arrn.x32.gp_rel                        3.63
xa1arrn.x32.gp_hi                         3.63
xa1arrn.x32.gp_lo                         3.63
xa1arrn.x16.bp                         2.63175
xa1arrn.x16.gp_in                  1.80945e-09
xa1arrn.x16.gp_rel                        3.63
xa1arrn.x16.gp_hi                         3.63
xa1arrn.x16.gp_lo                         3.63
xa1arrn.x8.bp                          2.63175
xa1arrn.x8.gp_in                   1.80945e-09
xa1arrn.x8.gp_rel                         3.63
xa1arrn.x8.gp_hi                          3.63
xa1arrn.x8.gp_lo                          3.63
xa1arrn.x4.bp                          2.63175
xa1arrn.x4.gp_in                   1.80945e-09
xa1arrn.x4.gp_rel                         3.63
xa1arrn.x4.gp_hi                          3.63
xa1arrn.x4.gp_lo                          3.63
xa1arrn.x2.bp                          2.63175
xa1arrn.x2.gp_in                   1.80945e-09
xa1arrn.x2.gp_rel                         3.63
xa1arrn.x2.gp_hi                          3.63
xa1arrn.x2.gp_lo                          3.63
xa1arrn.x1.bp                          2.63175
xa1arrn.x1.gp_in                   1.80945e-09
xa1arrn.x1.gp_rel                         3.63
xa1arrn.x1.gp_hi                          3.63
xa1arrn.x1.gp_lo                          3.63
a1_ib                                 0.807378
xa1cmp.xpre.ptail                     0.834743
xa1cmp.pon                             2.74343
xa1cmp.preamp_in1                        1.815
xa1cmp.pop                             2.74343
xa1cmp.preamp_in2                        1.815
xa1cmp.xpre.xrlp.11                    3.62978
xa1cmp.xpre.xrlp.21                    2.74365
xa1cmp.xpre.xrln.11                    3.62978
xa1cmp.xpre.xrln.21                    2.74365
xa1cmp.xlat.ltail                      1.91955
xa1cmp.xlat.dip                           3.63
xa1cmp.xlat.din                           3.63
xa1cmp.outn                               3.63
xa1cmp.outp                               3.63
xa1cmp.sset                        5.74698e-09
xa1cmp.srst                        5.74698e-09
xa1cmp.xno1.ps                         3.38743
a1_do                                  1.49859
a1_dob                                 1.49859
xa1cmp.xno2.ps                         3.38743
a1_dp                             -3.03091e-10
a1_dn                              3.02925e-10
a1_dd                             -6.05953e-10
a2_srcp                                  1.815
a2_pinp                                  1.815
xa2tswp.gp                         1.80945e-09
a2_topp                                  1.815
xa2arrp.x256.bp                          1.815
xa2arrp.x256.gp_in                 1.80945e-09
xa2arrp.x256.gp_rel                       3.63
xa2arrp.x256.gp_hi                        3.63
xa2arrp.x256.gp_lo                        3.63
xa2arrp.x128.bp                          1.815
xa2arrp.x128.gp_in                 1.80945e-09
xa2arrp.x128.gp_rel                       3.63
xa2arrp.x128.gp_hi                        3.63
xa2arrp.x128.gp_lo                        3.63
xa2arrp.x64.bp                           1.815
xa2arrp.x64.gp_in                  1.80945e-09
xa2arrp.x64.gp_rel                        3.63
xa2arrp.x64.gp_hi                         3.63
xa2arrp.x64.gp_lo                         3.63
xa2arrp.x32.bp                           1.815
xa2arrp.x32.gp_in                  1.80945e-09
xa2arrp.x32.gp_rel                        3.63
xa2arrp.x32.gp_hi                         3.63
xa2arrp.x32.gp_lo                         3.63
xa2arrp.x16.bp                           1.815
xa2arrp.x16.gp_in                  1.80945e-09
xa2arrp.x16.gp_rel                        3.63
xa2arrp.x16.gp_hi                         3.63
xa2arrp.x16.gp_lo                         3.63
xa2arrp.x8.bp                            1.815
xa2arrp.x8.gp_in                   1.80945e-09
xa2arrp.x8.gp_rel                         3.63
xa2arrp.x8.gp_hi                          3.63
xa2arrp.x8.gp_lo                          3.63
xa2arrp.x4.bp                            1.815
xa2arrp.x4.gp_in                   1.80945e-09
xa2arrp.x4.gp_rel                         3.63
xa2arrp.x4.gp_hi                          3.63
xa2arrp.x4.gp_lo                          3.63
xa2arrp.x2.bp                            1.815
xa2arrp.x2.gp_in                   1.80945e-09
xa2arrp.x2.gp_rel                         3.63
xa2arrp.x2.gp_hi                          3.63
xa2arrp.x2.gp_lo                          3.63
xa2arrp.x1.bp                            1.815
xa2arrp.x1.gp_in                   1.80945e-09
xa2arrp.x1.gp_rel                         3.63
xa2arrp.x1.gp_hi                          3.63
xa2arrp.x1.gp_lo                          3.63
a2_srcn                                  1.815
a2_pinn                                  1.815
xa2tswn.gp                         1.80945e-09
a2_topn                                  1.815
xa2arrn.x256.bp                          1.815
xa2arrn.x256.gp_in                 1.80945e-09
xa2arrn.x256.gp_rel                       3.63
xa2arrn.x256.gp_hi                        3.63
xa2arrn.x256.gp_lo                        3.63
xa2arrn.x128.bp                          1.815
xa2arrn.x128.gp_in                 1.80945e-09
xa2arrn.x128.gp_rel                       3.63
xa2arrn.x128.gp_hi                        3.63
xa2arrn.x128.gp_lo                        3.63
xa2arrn.x64.bp                           1.815
xa2arrn.x64.gp_in                  1.80945e-09
xa2arrn.x64.gp_rel                        3.63
xa2arrn.x64.gp_hi                         3.63
xa2arrn.x64.gp_lo                         3.63
xa2arrn.x32.bp                           1.815
xa2arrn.x32.gp_in                  1.80945e-09
xa2arrn.x32.gp_rel                        3.63
xa2arrn.x32.gp_hi                         3.63
xa2arrn.x32.gp_lo                         3.63
xa2arrn.x16.bp                           1.815
xa2arrn.x16.gp_in                  1.80945e-09
xa2arrn.x16.gp_rel                        3.63
xa2arrn.x16.gp_hi                         3.63
xa2arrn.x16.gp_lo                         3.63
xa2arrn.x8.bp                            1.815
xa2arrn.x8.gp_in                   1.80945e-09
xa2arrn.x8.gp_rel                         3.63
xa2arrn.x8.gp_hi                          3.63
xa2arrn.x8.gp_lo                          3.63
xa2arrn.x4.bp                            1.815
xa2arrn.x4.gp_in                   1.80945e-09
xa2arrn.x4.gp_rel                         3.63
xa2arrn.x4.gp_hi                          3.63
xa2arrn.x4.gp_lo                          3.63
xa2arrn.x2.bp                            1.815
xa2arrn.x2.gp_in                   1.80945e-09
xa2arrn.x2.gp_rel                         3.63
xa2arrn.x2.gp_hi                          3.63
xa2arrn.x2.gp_lo                          3.63
xa2arrn.x1.bp                            1.815
xa2arrn.x1.gp_in                   1.80945e-09
xa2arrn.x1.gp_rel                         3.63
xa2arrn.x1.gp_hi                          3.63
xa2arrn.x1.gp_lo                          3.63
a2_ib                                 0.807378
xa2cmp.xpre.ptail                     0.834743
xa2cmp.pon                             2.74343
xa2cmp.preamp_in1                        1.815
xa2cmp.pop                             2.74343
xa2cmp.preamp_in2                        1.815
xa2cmp.xpre.xrlp.11                    3.62978
xa2cmp.xpre.xrlp.21                    2.74365
xa2cmp.xpre.xrln.11                    3.62978
xa2cmp.xpre.xrln.21                    2.74365
xa2cmp.xlat.ltail                      1.91955
xa2cmp.xlat.dip                           3.63
xa2cmp.xlat.din                           3.63
xa2cmp.outn                               3.63
xa2cmp.outp                               3.63
xa2cmp.sset                        5.74698e-09
xa2cmp.srst                        5.74698e-09
xa2cmp.xno1.ps                         3.38743
a2_do                                  1.49859
a2_dob                                 1.49859
xa2cmp.xno2.ps                         3.38743
a2_dp                             -1.77146e-13
a2_dn                             -1.77146e-13
a2_dd                             -6.61607e-15
a3_srcp                                2.63175
a3_pinp                                2.63175
xa3tswp.gp                         1.80945e-09
a3_topp                                  1.815
xa3arrp.x256.bp                        2.63175
xa3arrp.x256.gp_in                 1.80945e-09
xa3arrp.x256.gp_rel                       3.63
xa3arrp.x256.gp_hi                        3.63
xa3arrp.x256.gp_lo                        3.63
xa3arrp.x128.bp                        2.63175
xa3arrp.x128.gp_in                 1.80945e-09
xa3arrp.x128.gp_rel                       3.63
xa3arrp.x128.gp_hi                        3.63
xa3arrp.x128.gp_lo                        3.63
xa3arrp.x64.bp                         2.63175
xa3arrp.x64.gp_in                  1.80945e-09
xa3arrp.x64.gp_rel                        3.63
xa3arrp.x64.gp_hi                         3.63
xa3arrp.x64.gp_lo                         3.63
xa3arrp.x32.bp                         2.63175
xa3arrp.x32.gp_in                  1.80945e-09
xa3arrp.x32.gp_rel                        3.63
xa3arrp.x32.gp_hi                         3.63
xa3arrp.x32.gp_lo                         3.63
xa3arrp.x16.bp                         2.63175
xa3arrp.x16.gp_in                  1.80945e-09
xa3arrp.x16.gp_rel                        3.63
xa3arrp.x16.gp_hi                         3.63
xa3arrp.x16.gp_lo                         3.63
xa3arrp.x8.bp                          2.63175
xa3arrp.x8.gp_in                   1.80945e-09
xa3arrp.x8.gp_rel                         3.63
xa3arrp.x8.gp_hi                          3.63
xa3arrp.x8.gp_lo                          3.63
xa3arrp.x4.bp                          2.63175
xa3arrp.x4.gp_in                   1.80945e-09
xa3arrp.x4.gp_rel                         3.63
xa3arrp.x4.gp_hi                          3.63
xa3arrp.x4.gp_lo                          3.63
xa3arrp.x2.bp                          2.63175
xa3arrp.x2.gp_in                   1.80945e-09
xa3arrp.x2.gp_rel                         3.63
xa3arrp.x2.gp_hi                          3.63
xa3arrp.x2.gp_lo                          3.63
xa3arrp.x1.bp                          2.63175
xa3arrp.x1.gp_in                   1.80945e-09
xa3arrp.x1.gp_rel                         3.63
xa3arrp.x1.gp_hi                          3.63
xa3arrp.x1.gp_lo                          3.63
a3_srcn                                0.99825
a3_pinn                                0.99825
xa3tswn.gp                         1.80945e-09
a3_topn                                  1.815
xa3arrn.x256.bp                        0.99825
xa3arrn.x256.gp_in                 1.80945e-09
xa3arrn.x256.gp_rel                       3.63
xa3arrn.x256.gp_hi                        3.63
xa3arrn.x256.gp_lo                        3.63
xa3arrn.x128.bp                        0.99825
xa3arrn.x128.gp_in                 1.80945e-09
xa3arrn.x128.gp_rel                       3.63
xa3arrn.x128.gp_hi                        3.63
xa3arrn.x128.gp_lo                        3.63
xa3arrn.x64.bp                         0.99825
xa3arrn.x64.gp_in                  1.80945e-09
xa3arrn.x64.gp_rel                        3.63
xa3arrn.x64.gp_hi                         3.63
xa3arrn.x64.gp_lo                         3.63
xa3arrn.x32.bp                         0.99825
xa3arrn.x32.gp_in                  1.80945e-09
xa3arrn.x32.gp_rel                        3.63
xa3arrn.x32.gp_hi                         3.63
xa3arrn.x32.gp_lo                         3.63
xa3arrn.x16.bp                         0.99825
xa3arrn.x16.gp_in                  1.80945e-09
xa3arrn.x16.gp_rel                        3.63
xa3arrn.x16.gp_hi                         3.63
xa3arrn.x16.gp_lo                         3.63
xa3arrn.x8.bp                          0.99825
xa3arrn.x8.gp_in                   1.80945e-09
xa3arrn.x8.gp_rel                         3.63
xa3arrn.x8.gp_hi                          3.63
xa3arrn.x8.gp_lo                          3.63
xa3arrn.x4.bp                          0.99825
xa3arrn.x4.gp_in                   1.80945e-09
xa3arrn.x4.gp_rel                         3.63
xa3arrn.x4.gp_hi                          3.63
xa3arrn.x4.gp_lo                          3.63
xa3arrn.x2.bp                          0.99825
xa3arrn.x2.gp_in                   1.80945e-09
xa3arrn.x2.gp_rel                         3.63
xa3arrn.x2.gp_hi                          3.63
xa3arrn.x2.gp_lo                          3.63
xa3arrn.x1.bp                          0.99825
xa3arrn.x1.gp_in                   1.80945e-09
xa3arrn.x1.gp_rel                         3.63
xa3arrn.x1.gp_hi                          3.63
xa3arrn.x1.gp_lo                          3.63
a3_ib                                 0.807378
xa3cmp.xpre.ptail                     0.834743
xa3cmp.pon                             2.74343
xa3cmp.preamp_in1                        1.815
xa3cmp.pop                             2.74343
xa3cmp.preamp_in2                        1.815
xa3cmp.xpre.xrlp.11                    3.62978
xa3cmp.xpre.xrlp.21                    2.74365
xa3cmp.xpre.xrln.11                    3.62978
xa3cmp.xpre.xrln.21                    2.74365
xa3cmp.xlat.ltail                      1.91955
xa3cmp.xlat.dip                           3.63
xa3cmp.xlat.din                           3.63
xa3cmp.outn                               3.63
xa3cmp.outp                               3.63
xa3cmp.sset                        5.74698e-09
xa3cmp.srst                        5.74698e-09
xa3cmp.xno1.ps                         3.38743
a3_do                                  1.49859
a3_dob                                 1.49859
xa3cmp.xno2.ps                         3.38743
a3_dp                              3.02925e-10
a3_dn                             -3.03091e-10
a3_dd                              6.06014e-10
a4_srcp                                 3.4485
a4_pinp                                 3.4485
xa4tswp.gp                         1.80945e-09
a4_topp                                  1.815
xa4arrp.x256.bp                         3.4485
xa4arrp.x256.gp_in                 1.80945e-09
xa4arrp.x256.gp_rel                       3.63
xa4arrp.x256.gp_hi                        3.63
xa4arrp.x256.gp_lo                        3.63
xa4arrp.x128.bp                         3.4485
xa4arrp.x128.gp_in                 1.80945e-09
xa4arrp.x128.gp_rel                       3.63
xa4arrp.x128.gp_hi                        3.63
xa4arrp.x128.gp_lo                        3.63
xa4arrp.x64.bp                          3.4485
xa4arrp.x64.gp_in                  1.80945e-09
xa4arrp.x64.gp_rel                        3.63
xa4arrp.x64.gp_hi                         3.63
xa4arrp.x64.gp_lo                         3.63
xa4arrp.x32.bp                          3.4485
xa4arrp.x32.gp_in                  1.80945e-09
xa4arrp.x32.gp_rel                        3.63
xa4arrp.x32.gp_hi                         3.63
xa4arrp.x32.gp_lo                         3.63
xa4arrp.x16.bp                          3.4485
xa4arrp.x16.gp_in                  1.80945e-09
xa4arrp.x16.gp_rel                        3.63
xa4arrp.x16.gp_hi                         3.63
xa4arrp.x16.gp_lo                         3.63
xa4arrp.x8.bp                           3.4485
xa4arrp.x8.gp_in                   1.80945e-09
xa4arrp.x8.gp_rel                         3.63
xa4arrp.x8.gp_hi                          3.63
xa4arrp.x8.gp_lo                          3.63
xa4arrp.x4.bp                           3.4485
xa4arrp.x4.gp_in                   1.80945e-09
xa4arrp.x4.gp_rel                         3.63
xa4arrp.x4.gp_hi                          3.63
xa4arrp.x4.gp_lo                          3.63
xa4arrp.x2.bp                           3.4485
xa4arrp.x2.gp_in                   1.80945e-09
xa4arrp.x2.gp_rel                         3.63
xa4arrp.x2.gp_hi                          3.63
xa4arrp.x2.gp_lo                          3.63
xa4arrp.x1.bp                           3.4485
xa4arrp.x1.gp_in                   1.80945e-09
xa4arrp.x1.gp_rel                         3.63
xa4arrp.x1.gp_hi                          3.63
xa4arrp.x1.gp_lo                          3.63
a4_srcn                                 0.1815
a4_pinn                                 0.1815
xa4tswn.gp                         1.80945e-09
a4_topn                                  1.815
xa4arrn.x256.bp                         0.1815
xa4arrn.x256.gp_in                 1.80945e-09
xa4arrn.x256.gp_rel                       3.63
xa4arrn.x256.gp_hi                        3.63
xa4arrn.x256.gp_lo                        3.63
xa4arrn.x128.bp                         0.1815
xa4arrn.x128.gp_in                 1.80945e-09
xa4arrn.x128.gp_rel                       3.63
xa4arrn.x128.gp_hi                        3.63
xa4arrn.x128.gp_lo                        3.63
xa4arrn.x64.bp                          0.1815
xa4arrn.x64.gp_in                  1.80945e-09
xa4arrn.x64.gp_rel                        3.63
xa4arrn.x64.gp_hi                         3.63
xa4arrn.x64.gp_lo                         3.63
xa4arrn.x32.bp                          0.1815
xa4arrn.x32.gp_in                  1.80945e-09
xa4arrn.x32.gp_rel                        3.63
xa4arrn.x32.gp_hi                         3.63
xa4arrn.x32.gp_lo                         3.63
xa4arrn.x16.bp                          0.1815
xa4arrn.x16.gp_in                  1.80945e-09
xa4arrn.x16.gp_rel                        3.63
xa4arrn.x16.gp_hi                         3.63
xa4arrn.x16.gp_lo                         3.63
xa4arrn.x8.bp                           0.1815
xa4arrn.x8.gp_in                   1.80945e-09
xa4arrn.x8.gp_rel                         3.63
xa4arrn.x8.gp_hi                          3.63
xa4arrn.x8.gp_lo                          3.63
xa4arrn.x4.bp                           0.1815
xa4arrn.x4.gp_in                   1.80945e-09
xa4arrn.x4.gp_rel                         3.63
xa4arrn.x4.gp_hi                          3.63
xa4arrn.x4.gp_lo                          3.63
xa4arrn.x2.bp                           0.1815
xa4arrn.x2.gp_in                   1.80945e-09
xa4arrn.x2.gp_rel                         3.63
xa4arrn.x2.gp_hi                          3.63
xa4arrn.x2.gp_lo                          3.63
xa4arrn.x1.bp                           0.1815
xa4arrn.x1.gp_in                   1.80945e-09
xa4arrn.x1.gp_rel                         3.63
xa4arrn.x1.gp_hi                          3.63
xa4arrn.x1.gp_lo                          3.63
a4_ib                                 0.807378
xa4cmp.xpre.ptail                     0.834743
xa4cmp.pon                             2.74343
xa4cmp.preamp_in1                        1.815
xa4cmp.pop                             2.74343
xa4cmp.preamp_in2                        1.815
xa4cmp.xpre.xrlp.11                    3.62978
xa4cmp.xpre.xrlp.21                    2.74365
xa4cmp.xpre.xrln.11                    3.62978
xa4cmp.xpre.xrln.21                    2.74365
xa4cmp.xlat.ltail                      1.91955
xa4cmp.xlat.dip                           3.63
xa4cmp.xlat.din                           3.63
xa4cmp.outn                               3.63
xa4cmp.outp                               3.63
xa4cmp.sset                        5.74698e-09
xa4cmp.srst                        5.74698e-09
xa4cmp.xno1.ps                         3.38743
a4_do                                  1.49859
a4_dob                                 1.49859
xa4cmp.xno2.ps                         3.38743
a4_dp                              6.06153e-10
a4_dn                             -6.06256e-10
a4_dd                              1.21243e-09
xb4tsw.gp                          1.80945e-09
b4_top                                   1.815
xb4arr.x256.bp                           1.815
xb4arr.x256.gp_in                         3.63
xb4arr.x256.gp_rel                 1.80945e-09
xb4arr.x256.gp_hi                         3.63
xb4arr.x256.gp_lo                         3.63
xb4arr.x128.bp                           1.815
xb4arr.x128.gp_in                         3.63
xb4arr.x128.gp_rel                 1.80945e-09
xb4arr.x128.gp_hi                         3.63
xb4arr.x128.gp_lo                         3.63
xb4arr.x64.bp                            1.815
xb4arr.x64.gp_in                          3.63
xb4arr.x64.gp_rel                  1.80945e-09
xb4arr.x64.gp_hi                          3.63
xb4arr.x64.gp_lo                          3.63
xb4arr.x32.bp                            1.815
xb4arr.x32.gp_in                          3.63
xb4arr.x32.gp_rel                  1.80945e-09
xb4arr.x32.gp_hi                          3.63
xb4arr.x32.gp_lo                          3.63
xb4arr.x16.bp                            1.815
xb4arr.x16.gp_in                          3.63
xb4arr.x16.gp_rel                  1.80945e-09
xb4arr.x16.gp_hi                          3.63
xb4arr.x16.gp_lo                          3.63
xb4arr.x8.bp                             1.815
xb4arr.x8.gp_in                           3.63
xb4arr.x8.gp_rel                   1.80945e-09
xb4arr.x8.gp_hi                           3.63
xb4arr.x8.gp_lo                           3.63
xb4arr.x4.bp                             1.815
xb4arr.x4.gp_in                           3.63
xb4arr.x4.gp_rel                   1.80945e-09
xb4arr.x4.gp_hi                           3.63
xb4arr.x4.gp_lo                           3.63
xb4arr.x2.bp                             1.815
xb4arr.x2.gp_in                           3.63
xb4arr.x2.gp_rel                   1.80945e-09
xb4arr.x2.gp_hi                           3.63
xb4arr.x2.gp_lo                           3.63
xb4arr.x1.bp                             1.815
xb4arr.x1.gp_in                           3.63
xb4arr.x1.gp_rel                   1.80945e-09
xb4arr.x1.gp_hi                           3.63
xb4arr.x1.gp_lo                           3.63
b4_ib                                 0.807378
xb4cmp.xpre.ptail                     0.834743
xb4cmp.pon                             2.74343
xb4cmp.preamp_in1                        1.815
xb4cmp.pop                             2.74343
xb4cmp.preamp_in2                        1.815
xb4cmp.xpre.xrlp.11                    3.62978
xb4cmp.xpre.xrlp.21                    2.74365
xb4cmp.xpre.xrln.11                    3.62978
xb4cmp.xpre.xrln.21                    2.74365
xb4cmp.xlat.ltail                      1.91955
xb4cmp.xlat.dip                           3.63
xb4cmp.xlat.din                           3.63
xb4cmp.outn                               3.63
xb4cmp.outp                               3.63
xb4cmp.sset                        5.74698e-09
xb4cmp.srst                        5.74698e-09
xb4cmp.xno1.ps                         3.38743
b4_do                                  1.49859
b4_dob                                 1.49859
xb4cmp.xno2.ps                         3.38743
b4_d                              -1.77146e-13
xb3tsw.gp                          1.80945e-09
b3_top                                   1.815
xb3arr.x256.bp                           1.815
xb3arr.x256.gp_rel                 1.80945e-09
xb3arr.x256.gp_hi                         3.63
xb3arr.x256.gp_lo                         3.63
xb3arr.x128.bp                           1.815
xb3arr.x128.gp_rel                 1.80945e-09
xb3arr.x128.gp_hi                         3.63
xb3arr.x128.gp_lo                         3.63
xb3arr.x64.bp                            1.815
xb3arr.x64.gp_rel                  1.80945e-09
xb3arr.x64.gp_hi                          3.63
xb3arr.x64.gp_lo                          3.63
xb3arr.x32.bp                            1.815
xb3arr.x32.gp_rel                  1.80945e-09
xb3arr.x32.gp_hi                          3.63
xb3arr.x32.gp_lo                          3.63
xb3arr.x16.bp                            1.815
xb3arr.x16.gp_rel                  1.80945e-09
xb3arr.x16.gp_hi                          3.63
xb3arr.x16.gp_lo                          3.63
xb3arr.x8.bp                             1.815
xb3arr.x8.gp_rel                   1.80945e-09
xb3arr.x8.gp_hi                           3.63
xb3arr.x8.gp_lo                           3.63
xb3arr.x4.bp                             1.815
xb3arr.x4.gp_rel                   1.80945e-09
xb3arr.x4.gp_hi                           3.63
xb3arr.x4.gp_lo                           3.63
xb3arr.x2.bp                             1.815
xb3arr.x2.gp_rel                   1.80945e-09
xb3arr.x2.gp_hi                           3.63
xb3arr.x2.gp_lo                           3.63
xb3arr.x1.bp                             1.815
xb3arr.x1.gp_rel                   1.80945e-09
xb3arr.x1.gp_hi                           3.63
xb3arr.x1.gp_lo                           3.63
b3_ib                                 0.807378
xb3cmp.xpre.ptail                     0.834743
xb3cmp.pon                             2.74343
xb3cmp.preamp_in1                        1.815
xb3cmp.pop                             2.74343
xb3cmp.preamp_in2                        1.815
xb3cmp.xpre.xrlp.11                    3.62978
xb3cmp.xpre.xrlp.21                    2.74365
xb3cmp.xpre.xrln.11                    3.62978
xb3cmp.xpre.xrln.21                    2.74365
xb3cmp.xlat.ltail                      1.91955
xb3cmp.xlat.dip                           3.63
xb3cmp.xlat.din                           3.63
xb3cmp.outn                               3.63
xb3cmp.outp                               3.63
xb3cmp.sset                        5.74698e-09
xb3cmp.srst                        5.74698e-09
xb3cmp.xno1.ps                         3.38743
b3_do                                  1.49859
b3_dob                                 1.49859
xb3cmp.xno2.ps                         3.38743
b3_d                              -1.77146e-13
c0_srcp                                2.63175
c0_pinp                                2.63175
xc0tswp.gp                         1.80945e-09
c0_topp                                  1.815
xc0arrp.x256.bp                        2.63175
xc0arrp.x256.gp_in                 1.80945e-09
xc0arrp.x256.gp_rel                       3.63
xc0arrp.x256.gp_hi                        3.63
xc0arrp.x256.gp_lo                        3.63
xc0arrp.x128.bp                        2.63175
xc0arrp.x128.gp_in                 1.80945e-09
xc0arrp.x128.gp_rel                       3.63
xc0arrp.x128.gp_hi                        3.63
xc0arrp.x128.gp_lo                        3.63
xc0arrp.x64.bp                         2.63175
xc0arrp.x64.gp_in                  1.80945e-09
xc0arrp.x64.gp_rel                        3.63
xc0arrp.x64.gp_hi                         3.63
xc0arrp.x64.gp_lo                         3.63
xc0arrp.x32.bp                         2.63175
xc0arrp.x32.gp_in                  1.80945e-09
xc0arrp.x32.gp_rel                        3.63
xc0arrp.x32.gp_hi                         3.63
xc0arrp.x32.gp_lo                         3.63
xc0arrp.x16.bp                         2.63175
xc0arrp.x16.gp_in                  1.80945e-09
xc0arrp.x16.gp_rel                        3.63
xc0arrp.x16.gp_hi                         3.63
xc0arrp.x16.gp_lo                         3.63
xc0arrp.x8.bp                          2.63175
xc0arrp.x8.gp_in                   1.80945e-09
xc0arrp.x8.gp_rel                         3.63
xc0arrp.x8.gp_hi                          3.63
xc0arrp.x8.gp_lo                          3.63
xc0arrp.x4.bp                          2.63175
xc0arrp.x4.gp_in                   1.80945e-09
xc0arrp.x4.gp_rel                         3.63
xc0arrp.x4.gp_hi                          3.63
xc0arrp.x4.gp_lo                          3.63
xc0arrp.x2.bp                          2.63175
xc0arrp.x2.gp_in                   1.80945e-09
xc0arrp.x2.gp_rel                         3.63
xc0arrp.x2.gp_hi                          3.63
xc0arrp.x2.gp_lo                          3.63
xc0arrp.x1.bp                          2.63175
xc0arrp.x1.gp_in                   1.80945e-09
xc0arrp.x1.gp_rel                         3.63
xc0arrp.x1.gp_hi                          3.63
xc0arrp.x1.gp_lo                          3.63
c0_srcn                                0.99825
c0_pinn                                0.99825
xc0tswn.gp                         1.80945e-09
c0_topn                                  1.815
xc0arrn.x256.bp                        0.99825
xc0arrn.x256.gp_in                 1.80945e-09
xc0arrn.x256.gp_rel                       3.63
xc0arrn.x256.gp_hi                        3.63
xc0arrn.x256.gp_lo                        3.63
xc0arrn.x128.bp                        0.99825
xc0arrn.x128.gp_in                 1.80945e-09
xc0arrn.x128.gp_rel                       3.63
xc0arrn.x128.gp_hi                        3.63
xc0arrn.x128.gp_lo                        3.63
xc0arrn.x64.bp                         0.99825
xc0arrn.x64.gp_in                  1.80945e-09
xc0arrn.x64.gp_rel                        3.63
xc0arrn.x64.gp_hi                         3.63
xc0arrn.x64.gp_lo                         3.63
xc0arrn.x32.bp                         0.99825
xc0arrn.x32.gp_in                  1.80945e-09
xc0arrn.x32.gp_rel                        3.63
xc0arrn.x32.gp_hi                         3.63
xc0arrn.x32.gp_lo                         3.63
xc0arrn.x16.bp                         0.99825
xc0arrn.x16.gp_in                  1.80945e-09
xc0arrn.x16.gp_rel                        3.63
xc0arrn.x16.gp_hi                         3.63
xc0arrn.x16.gp_lo                         3.63
xc0arrn.x8.bp                          0.99825
xc0arrn.x8.gp_in                   1.80945e-09
xc0arrn.x8.gp_rel                         3.63
xc0arrn.x8.gp_hi                          3.63
xc0arrn.x8.gp_lo                          3.63
xc0arrn.x4.bp                          0.99825
xc0arrn.x4.gp_in                   1.80945e-09
xc0arrn.x4.gp_rel                         3.63
xc0arrn.x4.gp_hi                          3.63
xc0arrn.x4.gp_lo                          3.63
xc0arrn.x2.bp                          0.99825
xc0arrn.x2.gp_in                   1.80945e-09
xc0arrn.x2.gp_rel                         3.63
xc0arrn.x2.gp_hi                          3.63
xc0arrn.x2.gp_lo                          3.63
xc0arrn.x1.bp                          0.99825
xc0arrn.x1.gp_in                   1.80945e-09
xc0arrn.x1.gp_rel                         3.63
xc0arrn.x1.gp_hi                          3.63
xc0arrn.x1.gp_lo                          3.63
c0_ib                                 0.807378
xc0cmp.xpre.ptail                     0.834743
xc0cmp.pon                             2.74343
xc0cmp.preamp_in1                        1.815
xc0cmp.pop                             2.74343
xc0cmp.preamp_in2                        1.815
xc0cmp.xpre.xrlp.11                    3.62978
xc0cmp.xpre.xrlp.21                    2.74365
xc0cmp.xpre.xrln.11                    3.62978
xc0cmp.xpre.xrln.21                    2.74365
xc0cmp.xlat.ltail                      1.91955
xc0cmp.xlat.dip                           3.63
xc0cmp.xlat.din                           3.63
xc0cmp.outn                               3.63
xc0cmp.outp                               3.63
xc0cmp.sset                        5.74698e-09
xc0cmp.srst                        5.74698e-09
xc0cmp.xno1.ps                         3.38743
c0_do                                  1.49859
c0_dob                                 1.49859
xc0cmp.xno2.ps                         3.38743
c0_dp                              3.02925e-10
c0_dn                             -3.03091e-10
c0_dd                              6.06067e-10
c1_srcp                                2.63175
c1_pinp                                2.63175
xc1tswp.gp                         1.80945e-09
c1_topp                                  1.815
xc1arrp.x256.bp                        2.63175
xc1arrp.x256.gp_in                 1.80945e-09
xc1arrp.x256.gp_rel                       3.63
xc1arrp.x256.gp_hi                        3.63
xc1arrp.x256.gp_lo                        3.63
xc1arrp.x128.bp                        2.63175
xc1arrp.x128.gp_in                 1.80945e-09
xc1arrp.x128.gp_rel                       3.63
xc1arrp.x128.gp_hi                        3.63
xc1arrp.x128.gp_lo                        3.63
xc1arrp.x64.bp                         2.63175
xc1arrp.x64.gp_in                  1.80945e-09
xc1arrp.x64.gp_rel                        3.63
xc1arrp.x64.gp_hi                         3.63
xc1arrp.x64.gp_lo                         3.63
xc1arrp.x32.bp                         2.63175
xc1arrp.x32.gp_in                  1.80945e-09
xc1arrp.x32.gp_rel                        3.63
xc1arrp.x32.gp_hi                         3.63
xc1arrp.x32.gp_lo                         3.63
xc1arrp.x16.bp                         2.63175
xc1arrp.x16.gp_in                  1.80945e-09
xc1arrp.x16.gp_rel                        3.63
xc1arrp.x16.gp_hi                         3.63
xc1arrp.x16.gp_lo                         3.63
xc1arrp.x8.bp                          2.63175
xc1arrp.x8.gp_in                   1.80945e-09
xc1arrp.x8.gp_rel                         3.63
xc1arrp.x8.gp_hi                          3.63
xc1arrp.x8.gp_lo                          3.63
xc1arrp.x4.bp                          2.63175
xc1arrp.x4.gp_in                   1.80945e-09
xc1arrp.x4.gp_rel                         3.63
xc1arrp.x4.gp_hi                          3.63
xc1arrp.x4.gp_lo                          3.63
xc1arrp.x2.bp                          2.63175
xc1arrp.x2.gp_in                   1.80945e-09
xc1arrp.x2.gp_rel                         3.63
xc1arrp.x2.gp_hi                          3.63
xc1arrp.x2.gp_lo                          3.63
xc1arrp.x1.bp                          2.63175
xc1arrp.x1.gp_in                   1.80945e-09
xc1arrp.x1.gp_rel                         3.63
xc1arrp.x1.gp_hi                          3.63
xc1arrp.x1.gp_lo                          3.63
c1_srcn                                0.99825
c1_pinn                                0.99825
xc1tswn.gp                         1.80945e-09
c1_topn                                  1.815
xc1arrn.x256.bp                        0.99825
xc1arrn.x256.gp_in                 1.80945e-09
xc1arrn.x256.gp_rel                       3.63
xc1arrn.x256.gp_hi                        3.63
xc1arrn.x256.gp_lo                        3.63
xc1arrn.x128.bp                        0.99825
xc1arrn.x128.gp_in                 1.80945e-09
xc1arrn.x128.gp_rel                       3.63
xc1arrn.x128.gp_hi                        3.63
xc1arrn.x128.gp_lo                        3.63
xc1arrn.x64.bp                         0.99825
xc1arrn.x64.gp_in                  1.80945e-09
xc1arrn.x64.gp_rel                        3.63
xc1arrn.x64.gp_hi                         3.63
xc1arrn.x64.gp_lo                         3.63
xc1arrn.x32.bp                         0.99825
xc1arrn.x32.gp_in                  1.80945e-09
xc1arrn.x32.gp_rel                        3.63
xc1arrn.x32.gp_hi                         3.63
xc1arrn.x32.gp_lo                         3.63
xc1arrn.x16.bp                         0.99825
xc1arrn.x16.gp_in                  1.80945e-09
xc1arrn.x16.gp_rel                        3.63
xc1arrn.x16.gp_hi                         3.63
xc1arrn.x16.gp_lo                         3.63
xc1arrn.x8.bp                          0.99825
xc1arrn.x8.gp_in                   1.80945e-09
xc1arrn.x8.gp_rel                         3.63
xc1arrn.x8.gp_hi                          3.63
xc1arrn.x8.gp_lo                          3.63
xc1arrn.x4.bp                          0.99825
xc1arrn.x4.gp_in                   1.80945e-09
xc1arrn.x4.gp_rel                         3.63
xc1arrn.x4.gp_hi                          3.63
xc1arrn.x4.gp_lo                          3.63
xc1arrn.x2.bp                          0.99825
xc1arrn.x2.gp_in                   1.80945e-09
xc1arrn.x2.gp_rel                         3.63
xc1arrn.x2.gp_hi                          3.63
xc1arrn.x2.gp_lo                          3.63
xc1arrn.x1.bp                          0.99825
xc1arrn.x1.gp_in                   1.80945e-09
xc1arrn.x1.gp_rel                         3.63
xc1arrn.x1.gp_hi                          3.63
xc1arrn.x1.gp_lo                          3.63
c1_ib                                 0.807378
xc1cmp.xpre.ptail                     0.834743
xc1cmp.pon                             2.74343
xc1cmp.preamp_in1                        1.815
xc1cmp.pop                             2.74343
xc1cmp.preamp_in2                        1.815
xc1cmp.xpre.xrlp.11                    3.62978
xc1cmp.xpre.xrlp.21                    2.74365
xc1cmp.xpre.xrln.11                    3.62978
xc1cmp.xpre.xrln.21                    2.74365
xc1cmp.xlat.ltail                      1.91955
xc1cmp.xlat.dip                           3.63
xc1cmp.xlat.din                           3.63
xc1cmp.outn                               3.63
xc1cmp.outp                               3.63
xc1cmp.sset                        5.74698e-09
xc1cmp.srst                        5.74698e-09
xc1cmp.xno1.ps                         3.38743
c1_do                                  1.49859
c1_dob                                 1.49859
xc1cmp.xno2.ps                         3.38743
c1_dp                              3.02925e-10
c1_dn                             -3.03091e-10
c1_dd                              6.06014e-10
c2_srcp                                2.63175
c2_pinp                                2.63175
xc2tswp.gp                         1.80945e-09
c2_topp                                  1.815
xc2arrp.x256.bp                        2.63175
xc2arrp.x256.gp_in                 1.80945e-09
xc2arrp.x256.gp_rel                       3.63
xc2arrp.x256.gp_hi                        3.63
xc2arrp.x256.gp_lo                        3.63
xc2arrp.x128.bp                        2.63175
xc2arrp.x128.gp_in                 1.80945e-09
xc2arrp.x128.gp_rel                       3.63
xc2arrp.x128.gp_hi                        3.63
xc2arrp.x128.gp_lo                        3.63
xc2arrp.x64.bp                         2.63175
xc2arrp.x64.gp_in                  1.80945e-09
xc2arrp.x64.gp_rel                        3.63
xc2arrp.x64.gp_hi                         3.63
xc2arrp.x64.gp_lo                         3.63
xc2arrp.x32.bp                         2.63175
xc2arrp.x32.gp_in                  1.80945e-09
xc2arrp.x32.gp_rel                        3.63
xc2arrp.x32.gp_hi                         3.63
xc2arrp.x32.gp_lo                         3.63
xc2arrp.x16.bp                         2.63175
xc2arrp.x16.gp_in                  1.80945e-09
xc2arrp.x16.gp_rel                        3.63
xc2arrp.x16.gp_hi                         3.63
xc2arrp.x16.gp_lo                         3.63
xc2arrp.x8.bp                          2.63175
xc2arrp.x8.gp_in                   1.80945e-09
xc2arrp.x8.gp_rel                         3.63
xc2arrp.x8.gp_hi                          3.63
xc2arrp.x8.gp_lo                          3.63
xc2arrp.x4.bp                          2.63175
xc2arrp.x4.gp_in                   1.80945e-09
xc2arrp.x4.gp_rel                         3.63
xc2arrp.x4.gp_hi                          3.63
xc2arrp.x4.gp_lo                          3.63
xc2arrp.x2.bp                          2.63175
xc2arrp.x2.gp_in                   1.80945e-09
xc2arrp.x2.gp_rel                         3.63
xc2arrp.x2.gp_hi                          3.63
xc2arrp.x2.gp_lo                          3.63
xc2arrp.x1.bp                          2.63175
xc2arrp.x1.gp_in                   1.80945e-09
xc2arrp.x1.gp_rel                         3.63
xc2arrp.x1.gp_hi                          3.63
xc2arrp.x1.gp_lo                          3.63
c2_srcn                                0.99825
c2_pinn                                0.99825
xc2tswn.gp                         1.80945e-09
c2_topn                                  1.815
xc2arrn.x256.bp                        0.99825
xc2arrn.x256.gp_in                 1.80945e-09
xc2arrn.x256.gp_rel                       3.63
xc2arrn.x256.gp_hi                        3.63
xc2arrn.x256.gp_lo                        3.63
xc2arrn.x128.bp                        0.99825
xc2arrn.x128.gp_in                 1.80945e-09
xc2arrn.x128.gp_rel                       3.63
xc2arrn.x128.gp_hi                        3.63
xc2arrn.x128.gp_lo                        3.63
xc2arrn.x64.bp                         0.99825
xc2arrn.x64.gp_in                  1.80945e-09
xc2arrn.x64.gp_rel                        3.63
xc2arrn.x64.gp_hi                         3.63
xc2arrn.x64.gp_lo                         3.63
xc2arrn.x32.bp                         0.99825
xc2arrn.x32.gp_in                  1.80945e-09
xc2arrn.x32.gp_rel                        3.63
xc2arrn.x32.gp_hi                         3.63
xc2arrn.x32.gp_lo                         3.63
xc2arrn.x16.bp                         0.99825
xc2arrn.x16.gp_in                  1.80945e-09
xc2arrn.x16.gp_rel                        3.63
xc2arrn.x16.gp_hi                         3.63
xc2arrn.x16.gp_lo                         3.63
xc2arrn.x8.bp                          0.99825
xc2arrn.x8.gp_in                   1.80945e-09
xc2arrn.x8.gp_rel                         3.63
xc2arrn.x8.gp_hi                          3.63
xc2arrn.x8.gp_lo                          3.63
xc2arrn.x4.bp                          0.99825
xc2arrn.x4.gp_in                   1.80945e-09
xc2arrn.x4.gp_rel                         3.63
xc2arrn.x4.gp_hi                          3.63
xc2arrn.x4.gp_lo                          3.63
xc2arrn.x2.bp                          0.99825
xc2arrn.x2.gp_in                   1.80945e-09
xc2arrn.x2.gp_rel                         3.63
xc2arrn.x2.gp_hi                          3.63
xc2arrn.x2.gp_lo                          3.63
xc2arrn.x1.bp                          0.99825
xc2arrn.x1.gp_in                   1.80945e-09
xc2arrn.x1.gp_rel                         3.63
xc2arrn.x1.gp_hi                          3.63
xc2arrn.x1.gp_lo                          3.63
c2_ib                                 0.807378
xc2cmp.xpre.ptail                     0.834743
xc2cmp.pon                             2.74343
xc2cmp.preamp_in1                        1.815
xc2cmp.pop                             2.74343
xc2cmp.preamp_in2                        1.815
xc2cmp.xpre.xrlp.11                    3.62978
xc2cmp.xpre.xrlp.21                    2.74365
xc2cmp.xpre.xrln.11                    3.62978
xc2cmp.xpre.xrln.21                    2.74365
xc2cmp.xlat.ltail                      1.91955
xc2cmp.xlat.dip                           3.63
xc2cmp.xlat.din                           3.63
xc2cmp.outn                               3.63
xc2cmp.outp                               3.63
xc2cmp.sset                        5.74698e-09
xc2cmp.srst                        5.74698e-09
xc2cmp.xno1.ps                         3.38743
c2_do                                  1.49859
c2_dob                                 1.49859
xc2cmp.xno2.ps                         3.38743
c2_dp                              3.02925e-10
c2_dn                             -3.03091e-10
c2_dd                              6.06067e-10
r0_s                                    0.1815
r0_d                                    0.1805
r1_s                                   0.99825
r1_d                                   0.99725
r2_s                                     1.815
r2_d                                     1.814
r3_s                                   2.63175
r3_d                                   2.63075
r4_s                                    3.4485
r4_d                                    3.4475
bc2dd#branch                                 0
bc2dn#branch                                 0
bc2dp#branch                                 0
bc1dd#branch                                 0
bc1dn#branch                                 0
bc1dp#branch                                 0
bc0dd#branch                                 0
bc0dn#branch                                 0
bc0dp#branch                                 0
bb3d#branch                                  0
bb4d#branch                                  0
ba4dd#branch                                 0
ba4dn#branch                                 0
ba4dp#branch                                 0
ba3dd#branch                                 0
ba3dn#branch                                 0
ba3dp#branch                                 0
ba2dd#branch                                 0
ba2dn#branch                                 0
ba2dp#branch                                 0
ba1dd#branch                                 0
ba1dn#branch                                 0
ba1dp#branch                                 0
ba0dd#branch                                 0
ba0dn#branch                                 0
ba0dp#branch                                 0
vr4d#branch                         4.8419e-05
vr4s#branch                       -4.84191e-05
vr3d#branch                        3.60074e-05
vr3s#branch                       -3.60074e-05
vr2d#branch                        5.67047e-05
vr2s#branch                       -5.67047e-05
vr1d#branch                        5.99784e-05
vr1s#branch                       -5.99783e-05
vr0d#branch                        7.05223e-05
vr0s#branch                       -7.05223e-05
v.xc2cmp.vpn#branch                1.25044e-18
v.xc2cmp.vpp#branch               -1.47154e-18
vc2srcn#branch                     7.49464e-11
vc2srcp#branch                    -7.35722e-11
v.xc1cmp.vpn#branch                1.25044e-18
v.xc1cmp.vpp#branch                4.87686e-20
vc1srcn#branch                     7.49464e-11
vc1srcp#branch                     -7.3572e-11
v.xc0cmp.vpn#branch                1.38141e-18
v.xc0cmp.vpp#branch               -1.47154e-18
vc0srcn#branch                     7.49464e-11
vc0srcp#branch                    -7.35722e-11
v.xb3cmp.vpn#branch                          0
v.xb3cmp.vpp#branch               -1.60546e-18
v.xb4cmp.vpn#branch                          0
v.xb4cmp.vpp#branch               -1.60546e-18
v.xa4cmp.vpn#branch                1.33363e-18
v.xa4cmp.vpp#branch                2.51741e-19
va4srcn#branch                     2.01556e-10
va4srcp#branch                    -1.47299e-10
v.xa3cmp.vpn#branch                9.28661e-19
v.xa3cmp.vpp#branch               -7.42943e-19
va3srcn#branch                     7.49464e-11
va3srcp#branch                    -7.35721e-11
v.xa2cmp.vpn#branch               -1.60546e-18
v.xa2cmp.vpp#branch               -1.60546e-18
va2srcn#branch                    -2.35846e-14
va2srcp#branch                    -2.35846e-14
v.xa1cmp.vpn#branch               -7.42943e-19
v.xa1cmp.vpp#branch                9.28661e-19
va1srcn#branch                    -7.35721e-11
va1srcp#branch                     7.49464e-11
v.xa0cmp.vpn#branch                1.65139e-18
v.xa0cmp.vpp#branch               -8.37975e-19
va0srcn#branch                    -1.47299e-10
va0srcp#branch                     2.01556e-10
vbrel#branch                                 0
vlo256#branch                                0
vhi256#branch                                0
vnrel256#branch                              0
vnrel#branch                                 0
vsmpbp#branch                                0
vsmptp#branch                                0
vcmpstrobe#branch                            0
vonl#branch                                  0
vonh#branch                                  0
vcms#branch                       -4.46621e-14
vrefs#branch                      -5.92289e-10
vddc#branch                        -0.00876553
vddt#branch                       -1.57225e-10
vddd#branch                       -5.75975e-09

 Reference value :  0.00000e+00
 Reference value :  4.02400e-10
 Reference value :  1.60240e-09
 Reference value :  2.39482e-09
 Reference value :  2.44995e-09
 Reference value :  2.59138e-09
 Reference value :  3.42150e-09
 Reference value :  4.32150e-09
 Reference value :  5.22150e-09
 Reference value :  6.32150e-09
 Reference value :  7.62150e-09
 Reference value :  8.92150e-09
 Reference value :  1.02215e-08
 Reference value :  1.15215e-08
 Reference value :  1.28215e-08
 Reference value :  1.41215e-08
 Reference value :  1.54215e-08
 Reference value :  1.67215e-08
 Reference value :  1.81215e-08
 Reference value :  1.95215e-08
 Reference value :  2.08215e-08
 Reference value :  2.21215e-08
 Reference value :  2.34215e-08
 Reference value :  2.47215e-08
 Reference value :  2.60215e-08
 Reference value :  2.73215e-08
 Reference value :  2.87215e-08
 Reference value :  3.00215e-08
 Reference value :  3.14215e-08
 Reference value :  3.28215e-08
 Reference value :  3.42215e-08
 Reference value :  3.55215e-08
 Reference value :  3.68215e-08
 Reference value :  3.84215e-08
 Reference value :  3.97215e-08
 Reference value :  4.10215e-08
 Reference value :  4.23215e-08
 Reference value :  4.36215e-08
 Reference value :  4.49215e-08
 Reference value :  4.62215e-08
 Reference value :  4.75215e-08
 Reference value :  4.88215e-08
 Reference value :  5.01215e-08
 Reference value :  5.14215e-08
 Reference value :  5.27215e-08
 Reference value :  5.40215e-08
 Reference value :  5.53215e-08
 Reference value :  5.66215e-08
 Reference value :  5.79215e-08
 Reference value :  5.92215e-08
 Reference value :  6.05215e-08
 Reference value :  6.18215e-08
 Reference value :  6.31215e-08
 Reference value :  6.44215e-08
 Reference value :  6.57215e-08
 Reference value :  6.70215e-08
 Reference value :  6.83215e-08
 Reference value :  6.96215e-08
 Reference value :  7.09215e-08
 Reference value :  7.22215e-08
 Reference value :  7.35215e-08
 Reference value :  7.48215e-08
 Reference value :  7.61215e-08
 Reference value :  7.74215e-08
 Reference value :  7.87215e-08
 Reference value :  8.00215e-08
 Reference value :  8.13215e-08
 Reference value :  8.26215e-08
 Reference value :  8.39215e-08
 Reference value :  8.52215e-08
 Reference value :  8.65215e-08
 Reference value :  8.78215e-08
 Reference value :  8.91215e-08
 Reference value :  9.04215e-08
 Reference value :  9.17215e-08
 Reference value :  9.30215e-08
 Reference value :  9.43215e-08
 Reference value :  9.55215e-08
 Reference value :  9.68215e-08
 Reference value :  9.80215e-08
 Reference value :  9.93215e-08
 Reference value :  1.00621e-07
 Reference value :  1.01921e-07
 Reference value :  1.03221e-07
 Reference value :  1.04521e-07
 Reference value :  1.05821e-07
 Reference value :  1.07021e-07
 Reference value :  1.08221e-07
 Reference value :  1.09321e-07
 Reference value :  1.10621e-07
 Reference value :  1.11721e-07
 Reference value :  1.12921e-07
 Reference value :  1.14221e-07
 Reference value :  1.15321e-07
 Reference value :  1.16621e-07
 Reference value :  1.17921e-07
 Reference value :  1.19121e-07
 Reference value :  1.20121e-07
 Reference value :  1.21121e-07
 Reference value :  1.22021e-07
 Reference value :  1.22921e-07
 Reference value :  1.23921e-07
 Reference value :  1.24821e-07
 Reference value :  1.25821e-07
 Reference value :  1.26821e-07
 Reference value :  1.27721e-07
 Reference value :  1.28721e-07
 Reference value :  1.29721e-07
 Reference value :  1.30621e-07
 Reference value :  1.31621e-07
 Reference value :  1.32621e-07
 Reference value :  1.33621e-07
 Reference value :  1.34621e-07
 Reference value :  1.35521e-07
 Reference value :  1.36521e-07
 Reference value :  1.37421e-07
 Reference value :  1.38321e-07
 Reference value :  1.39321e-07
 Reference value :  1.40321e-07
 Reference value :  1.41221e-07
 Reference value :  1.42221e-07
 Reference value :  1.43121e-07
 Reference value :  1.44121e-07
 Reference value :  1.45121e-07
 Reference value :  1.46121e-07
 Reference value :  1.47121e-07
 Reference value :  1.48121e-07
 Reference value :  1.49321e-07
 Reference value :  1.50221e-07
 Reference value :  1.51221e-07
 Reference value :  1.52121e-07
 Reference value :  1.53121e-07
 Reference value :  1.54021e-07
 Reference value :  1.55021e-07
 Reference value :  1.56021e-07
 Reference value :  1.57021e-07
 Reference value :  1.57921e-07
 Reference value :  1.58921e-07
 Reference value :  1.59921e-07
 Reference value :  1.60821e-07
 Reference value :  1.61821e-07
 Reference value :  1.62721e-07
 Reference value :  1.63721e-07
 Reference value :  1.64721e-07
 Reference value :  1.65721e-07
 Reference value :  1.66721e-07
 Reference value :  1.67621e-07
 Reference value :  1.68621e-07
 Reference value :  1.69621e-07
 Reference value :  1.70621e-07
 Reference value :  1.71621e-07
 Reference value :  1.72621e-07
 Reference value :  1.73521e-07
 Reference value :  1.74521e-07
 Reference value :  1.75421e-07
 Reference value :  1.76321e-07
 Reference value :  1.77321e-07
 Reference value :  1.78621e-07
 Reference value :  1.79921e-07
 Reference value :  1.81221e-07
 Reference value :  1.82521e-07
 Reference value :  1.83821e-07
 Reference value :  1.85121e-07
 Reference value :  1.86421e-07
 Reference value :  1.87505e-07
 Reference value :  1.87632e-07
 Reference value :  1.88277e-07
 Reference value :  1.89577e-07
 Reference value :  1.90877e-07
 Reference value :  1.92177e-07
 Reference value :  1.93477e-07
 Reference value :  1.94777e-07
 Reference value :  1.96077e-07
 Reference value :  1.97377e-07
 Reference value :  1.98677e-07
 Reference value :  1.99977e-07
 Reference value :  2.01277e-07
 Reference value :  2.02577e-07
 Reference value :  2.03877e-07
 Reference value :  2.05177e-07
 Reference value :  2.06477e-07
 Reference value :  2.07777e-07
 Reference value :  2.09077e-07
 Reference value :  2.10377e-07
 Reference value :  2.11677e-07
 Reference value :  2.12977e-07
 Reference value :  2.14277e-07
 Reference value :  2.15877e-07
 Reference value :  2.17177e-07
 Reference value :  2.18477e-07
 Reference value :  2.19777e-07
 Reference value :  2.21077e-07
 Reference value :  2.22377e-07
 Reference value :  2.23677e-07
 Reference value :  2.24977e-07
 Reference value :  2.26277e-07
 Reference value :  2.27577e-07
 Reference value :  2.28877e-07
 Reference value :  2.30177e-07
 Reference value :  2.31477e-07
 Reference value :  2.32777e-07
 Reference value :  2.34077e-07
 Reference value :  2.35477e-07
 Reference value :  2.36777e-07
 Reference value :  2.38077e-07
 Reference value :  2.39377e-07
 Reference value :  2.40677e-07
 Reference value :  2.41977e-07
 Reference value :  2.43277e-07
 Reference value :  2.44577e-07
 Reference value :  2.45877e-07
 Reference value :  2.47177e-07
 Reference value :  2.48577e-07
 Reference value :  2.49877e-07
 Reference value :  2.50081e-07
 Reference value :  2.50151e-07
 Reference value :  2.50420e-07
 Reference value :  2.51520e-07
 Reference value :  2.52820e-07
 Reference value :  2.54120e-07
 Reference value :  2.55420e-07
 Reference value :  2.56720e-07
 Reference value :  2.58020e-07
 Reference value :  2.59320e-07
 Reference value :  2.60620e-07
 Reference value :  2.61920e-07
 Reference value :  2.63220e-07
 Reference value :  2.64520e-07
 Reference value :  2.65820e-07
 Reference value :  2.67120e-07
 Reference value :  2.68420e-07
 Reference value :  2.69720e-07
 Reference value :  2.71120e-07
 Reference value :  2.72520e-07
 Reference value :  2.73920e-07
 Reference value :  2.75220e-07
 Reference value :  2.76520e-07
 Reference value :  2.77820e-07
 Reference value :  2.79120e-07
 Reference value :  2.80420e-07
 Reference value :  2.81720e-07
 Reference value :  2.83020e-07
 Reference value :  2.84320e-07
 Reference value :  2.85620e-07
 Reference value :  2.87020e-07
 Reference value :  2.88420e-07
 Reference value :  2.89720e-07
 Reference value :  2.91020e-07
 Reference value :  2.92320e-07
 Reference value :  2.93620e-07
 Reference value :  2.94920e-07
 Reference value :  2.96220e-07
 Reference value :  2.97520e-07
 Reference value :  2.98820e-07
 Reference value :  3.00120e-07
 Reference value :  3.01420e-07
 Reference value :  3.02720e-07
 Reference value :  3.04020e-07
 Reference value :  3.05320e-07
 Reference value :  3.06620e-07
 Reference value :  3.07920e-07
 Reference value :  3.09220e-07
 Reference value :  3.10520e-07
 Reference value :  3.11820e-07
 Reference value :  3.13120e-07
 Reference value :  3.14420e-07
 Reference value :  3.15720e-07
 Reference value :  3.17020e-07
 Reference value :  3.18320e-07
 Reference value :  3.19620e-07
 Reference value :  3.20920e-07
 Reference value :  3.22220e-07
 Reference value :  3.23520e-07
 Reference value :  3.24820e-07
 Reference value :  3.26120e-07
 Reference value :  3.27420e-07
 Reference value :  3.28820e-07
 Reference value :  3.30420e-07
 Reference value :  3.31720e-07
 Reference value :  3.33020e-07
 Reference value :  3.34320e-07
 Reference value :  3.35620e-07
 Reference value :  3.36920e-07
 Reference value :  3.38220e-07
 Reference value :  3.39520e-07
 Reference value :  3.40820e-07
 Reference value :  3.42120e-07
 Reference value :  3.43420e-07
 Reference value :  3.44720e-07
 Reference value :  3.46020e-07
 Reference value :  3.47320e-07
 Reference value :  3.48620e-07
 Reference value :  3.49920e-07
 Reference value :  3.51220e-07
 Reference value :  3.52520e-07
 Reference value :  3.53820e-07
 Reference value :  3.55120e-07
 Reference value :  3.56420e-07
 Reference value :  3.57720e-07
 Reference value :  3.59020e-07
 Reference value :  3.60320e-07
 Reference value :  3.61620e-07
 Reference value :  3.62820e-07
 Reference value :  3.64120e-07
 Reference value :  3.65420e-07
 Reference value :  3.66620e-07
 Reference value :  3.67920e-07
 Reference value :  3.69220e-07
 Reference value :  3.70520e-07
 Reference value :  3.71820e-07
 Reference value :  3.73120e-07
 Reference value :  3.74420e-07
 Reference value :  3.75028e-07
 Reference value :  3.75126e-07
 Reference value :  3.75533e-07
 Reference value :  3.76333e-07
 Reference value :  3.77233e-07
 Reference value :  3.78233e-07
 Reference value :  3.79033e-07
 Reference value :  3.80033e-07
 Reference value :  3.81033e-07
 Reference value :  3.82133e-07
 Reference value :  3.83433e-07
 Reference value :  3.84733e-07
 Reference value :  3.85933e-07
 Reference value :  3.87133e-07
 Reference value :  3.88433e-07
 Reference value :  3.89733e-07
 Reference value :  3.91033e-07
 Reference value :  3.92333e-07
 Reference value :  3.93633e-07
 Reference value :  3.94933e-07
 Reference value :  3.96233e-07
 Reference value :  3.97533e-07
 Reference value :  3.98833e-07
 Reference value :  4.00133e-07
 Reference value :  4.01433e-07
 Reference value :  4.02733e-07
 Reference value :  4.04033e-07
 Reference value :  4.05333e-07
 Reference value :  4.06633e-07
 Reference value :  4.07933e-07
 Reference value :  4.09233e-07
 Reference value :  4.10533e-07
 Reference value :  4.11833e-07
 Reference value :  4.13133e-07
 Reference value :  4.14433e-07
 Reference value :  4.15733e-07
 Reference value :  4.17033e-07
 Reference value :  4.18333e-07
 Reference value :  4.19633e-07
 Reference value :  4.20933e-07
 Reference value :  4.22233e-07
 Reference value :  4.23533e-07
 Reference value :  4.24833e-07
 Reference value :  4.26133e-07
 Reference value :  4.27433e-07
 Reference value :  4.28733e-07
 Reference value :  4.30033e-07
 Reference value :  4.31333e-07
 Reference value :  4.32633e-07
 Reference value :  4.33933e-07
 Reference value :  4.35233e-07
 Reference value :  4.36533e-07
 Reference value :  4.37833e-07
 Reference value :  4.39133e-07
 Reference value :  4.40433e-07
 Reference value :  4.41733e-07
 Reference value :  4.43033e-07
 Reference value :  4.44333e-07
 Reference value :  4.45633e-07
 Reference value :  4.46933e-07
 Reference value :  4.48233e-07
 Reference value :  4.49533e-07
 Reference value :  4.50833e-07
 Reference value :  4.52133e-07
 Reference value :  4.53433e-07
 Reference value :  4.54733e-07
 Reference value :  4.56033e-07
 Reference value :  4.57333e-07
 Reference value :  4.58633e-07
 Reference value :  4.59933e-07
 Reference value :  4.61233e-07
 Reference value :  4.62533e-07
 Reference value :  4.63833e-07
 Reference value :  4.65133e-07
 Reference value :  4.66433e-07
 Reference value :  4.67733e-07
 Reference value :  4.69033e-07
 Reference value :  4.70333e-07
 Reference value :  4.71633e-07
 Reference value :  4.72933e-07
 Reference value :  4.74333e-07
 Reference value :  4.76033e-07
 Reference value :  4.77333e-07
 Reference value :  4.78733e-07
 Reference value :  4.80033e-07
 Reference value :  4.81333e-07
 Reference value :  4.82633e-07
 Reference value :  4.83933e-07
 Reference value :  4.85233e-07
 Reference value :  4.86533e-07
 Reference value :  4.87833e-07
 Reference value :  4.89133e-07
 Reference value :  4.90433e-07
 Reference value :  4.91733e-07
 Reference value :  4.93033e-07
 Reference value :  4.94333e-07
 Reference value :  4.95633e-07
 Reference value :  4.96933e-07
 Reference value :  4.98233e-07
 Reference value :  4.99533e-07
 Reference value :  5.00833e-07
 Reference value :  5.02133e-07
 Reference value :  5.03433e-07
 Reference value :  5.04733e-07
 Reference value :  5.06033e-07
 Reference value :  5.07433e-07
 Reference value :  5.08733e-07
 Reference value :  5.10033e-07
 Reference value :  5.11333e-07
 Reference value :  5.12633e-07
 Reference value :  5.14033e-07
 Reference value :  5.15333e-07
 Reference value :  5.16633e-07
 Reference value :  5.17933e-07
 Reference value :  5.19233e-07
 Reference value :  5.20533e-07
 Reference value :  5.21833e-07
 Reference value :  5.23133e-07
 Reference value :  5.24433e-07
 Reference value :  5.25733e-07
 Reference value :  5.27033e-07
 Reference value :  5.28333e-07
 Reference value :  5.29633e-07
 Reference value :  5.30933e-07
 Reference value :  5.32233e-07
 Reference value :  5.33533e-07
 Reference value :  5.34833e-07
 Reference value :  5.36133e-07
 Reference value :  5.37433e-07
 Reference value :  5.38733e-07
 Reference value :  5.40033e-07
 Reference value :  5.41333e-07
 Reference value :  5.42633e-07
 Reference value :  5.43933e-07
 Reference value :  5.45333e-07
 Reference value :  5.46633e-07
 Reference value :  5.47933e-07
 Reference value :  5.49233e-07
 Reference value :  5.50533e-07
 Reference value :  5.51833e-07
 Reference value :  5.53133e-07
 Reference value :  5.54433e-07
 Reference value :  5.55733e-07
 Reference value :  5.57033e-07
 Reference value :  5.58333e-07
 Reference value :  5.59633e-07
 Reference value :  5.60933e-07
 Reference value :  5.62233e-07
 Reference value :  5.63533e-07
 Reference value :  5.64833e-07
 Reference value :  5.66133e-07
 Reference value :  5.67433e-07
 Reference value :  5.68733e-07
 Reference value :  5.70033e-07
 Reference value :  5.71333e-07
 Reference value :  5.72633e-07
 Reference value :  5.73933e-07
 Reference value :  5.75233e-07
 Reference value :  5.76533e-07
 Reference value :  5.77833e-07
 Reference value :  5.79133e-07
 Reference value :  5.80433e-07
 Reference value :  5.81733e-07
 Reference value :  5.83033e-07
 Reference value :  5.84333e-07
 Reference value :  5.85633e-07
 Reference value :  5.86933e-07
 Reference value :  5.88233e-07
 Reference value :  5.89533e-07
 Reference value :  5.90833e-07
 Reference value :  5.92133e-07
 Reference value :  5.93433e-07
 Reference value :  5.94733e-07
 Reference value :  5.96033e-07
 Reference value :  5.97333e-07
 Reference value :  5.98633e-07
 Reference value :  5.99916e-07
No. of Data Rows : 6056
a0prep              =  -6.02207e-10
a0tpp               =  1.76841e-01
a0bpp               =  4.55692e+02
a0pren              =  6.07366e-10
a0tpn               =  1.80990e-01
a0bpn               =  -4.55663e+02
a0hld               =  9.11355e+02
a0res               =  1.23289e+03
a1prep              =  -3.02358e-10
a1tpp               =  1.79071e-01
a1bpp               =  2.28393e+02
a1pren              =  3.01614e-10
a1tpn               =  1.85173e-01
a1bpn               =  -2.27705e+02
a1hld               =  4.56098e+02
a1res               =  9.62519e+02
a2prep              =  1.16048e-12
a2tpp               =  1.79268e-01
a2bpp               =  1.79111e-01
a2pren              =  8.60759e-13
a2tpn               =  1.79268e-01
a2bpn               =  1.79111e-01
a2hld               =  -5.11075e-10
a2res               =  5.07817e+02
a3prep              =  3.04903e-10
a3tpp               =  1.85173e-01
a3bpp               =  -2.27705e+02
a3pren              =  -3.01996e-10
a3tpn               =  1.79071e-01
a3bpn               =  2.28393e+02
a3hld               =  -4.56098e+02
a3res               =  5.13481e+01
a4prep              =  6.07035e-10
a4tpp               =  1.80990e-01
a4bpp               =  -4.55663e+02
a4pren              =  -6.05818e-10
a4tpn               =  1.76841e-01
a4bpn               =  4.55692e+02
a4hld               =  -9.11355e+02
a4res               =  -4.04386e+02
c0prep              =  3.01905e-10
c0tpp               =  1.84709e-01
c0bpp               =  -2.27450e+02
c0pren              =  -3.02421e-10
c0tpn               =  1.79066e-01
c0bpn               =  2.28393e+02
c0hld               =  -4.55842e+02
c0res               =  5.13187e+01
c1prep              =  3.05126e-10
c1tpp               =  1.83794e-01
c1bpp               =  -2.26940e+02
c1pren              =  -3.02260e-10
c1tpn               =  1.79057e-01
c1bpn               =  2.28393e+02
c1hld               =  -4.55332e+02
c1res               =  5.12603e+01
c2prep              =  3.01909e-10
c2tpp               =  1.80723e-01
c2bpp               =  -2.25174e+02
c2pren              =  -3.02613e-10
c2tpn               =  1.79027e-01
c2bpn               =  2.28393e+02
c2hld               =  -4.53566e+02
c2res               =  5.10580e+01
b4set               =  2.54274e+02
b4fin               =  2.54274e+02
b4pre               =  1.77596e-01
b3set               =  2.54275e+02
b3fin               =  2.54275e+02
b3pre               =  1.78396e-01
ron0                =  7.05223e-05
ron1                =  5.99784e-05
ron2                =  5.67047e-05
ron3                =  3.60074e-05
ron4                =  4.84190e-05
m_tp_inj_p_l0_lsb = 1.7684080060e-01
m_tp_inj_n_l0_lsb = 1.8098959939e-01
m_tp_inj_mis_l0_lsb = -4.148798790e-03
m_tp_inj_p_l1_lsb = 1.7907050030e-01
m_tp_inj_n_l1_lsb = 1.8517319970e-01
m_tp_inj_mis_l1_lsb = -6.102699396e-03
m_tp_inj_p_l2_lsb = 1.7926840000e-01
m_tp_inj_n_l2_lsb = 1.7926840000e-01
m_tp_inj_mis_l2_lsb = -2.997324611e-13
m_tp_inj_p_l3_lsb = 1.8517319970e-01
m_tp_inj_n_l3_lsb = 1.7907050030e-01
m_tp_inj_mis_l3_lsb = 6.1026993931e-03
m_tp_inj_p_l4_lsb = 1.8098959939e-01
m_tp_inj_n_l4_lsb = 1.7684080061e-01
m_tp_inj_mis_l4_lsb = 4.1487987871e-03
m_tp_inj_signal_dep_lsb = 8.3323990929e-03
m_bp_inj_p_lsb = -1.573000000e-04
m_bp_inj_n_lsb = -1.573000000e-04
m_bp_inj_mis_lsb = 0.0000000000e+00
m_hold_l0_lsb = 9.1135500000e+02
m_res_l0_lsb = 1.2328900000e+03
m_hold_l1_lsb = 4.5609790000e+02
m_res_l1_lsb = 9.6251950000e+02
m_hold_l2_lsb = -5.110753000e-10
m_res_l2_lsb = 5.0781700000e+02
m_hold_l3_lsb = -4.560979000e+02
m_res_l3_lsb = 5.1348050000e+01
m_hold_l4_lsb = -9.113550000e+02
m_res_l4_lsb = -4.043865000e+02
m_samp_span_lsb = -1.822710000e+03
m_samp_gain_ratio = 9.8888346354e-01
m_samp_gain_err_lsb = 2.0490000000e+01
m_samp_inl_l1_lsb = 4.2040000000e-01
m_samp_inl_l2_lsb = -5.110753000e-10
m_samp_inl_l3_lsb = -4.204000000e-01
m_samp_inl_worst_lsb = 4.2040000000e-01
m_set_err_4leg_lsb = 0.0000000000e+00
m_set_err_3leg_lsb = 0.0000000000e+00
m_set_err_delta_lsb = 0.0000000000e+00
m_step_4leg_lsb = 2.5409680430e+02
m_step_3leg_lsb = 2.5409680350e+02
m_dhold_dc0_lsb = 2.5570000000e-01
m_dres_dc0_lsb = -2.931000000e-02
m_dhold_dc1_lsb = 7.6540000000e-01
m_dres_dc1_lsb = -8.773000000e-02
m_dhold_dc2_lsb = 2.5317000000e+00
m_dres_dc2_lsb = -2.900600000e-01
m_dres_per_ff_lsb = -2.900600000e-03
m_ron_path_l0_ohm = 1.4179903843e+01
m_ron_cell_l0_ohm = 1.2761913459e+02
m_ron_path_l1_ohm = 1.6672674387e+01
m_ron_cell_l1_ohm = 1.5005406948e+02
m_ron_path_l2_ohm = 1.7635225587e+01
m_ron_cell_l2_ohm = 1.5871703028e+02
m_ron_path_l3_ohm = 2.7772084500e+01
m_ron_cell_l3_ohm = 2.4994876050e+02
m_ron_path_l4_ohm = 2.0653045157e+01
m_ron_cell_l4_ohm = 1.8587740642e+02
m_ron_path_worst_ohm = 2.7772084500e+01
Note: Simulation executed from .control section 

Warning: m=xx on .subckt line will override multiplier m hierarchy!

Note: Starting dynamic gmin stepping
Note: Dynamic gmin stepping completed
