
Note: Compatibility modes selected: hs a


Circuit: * dr0014-sampling @ tt_27c_3.63v -- generated by sim/harness, do not edit

Doing analysis at TEMP = 27.000000 and TNOM = 27.000000

Using SPARSE 1.3 as Direct Linear Solver

Initial Transient Solution
--------------------------

Node                                   Voltage
----                                   -------
vddd                                      3.63
vddt                                      3.63
vddc                                      3.63
vrefn                                     3.63
vcmn                                     1.815
onh                                       3.63
onl                                          0
cmpstrobe                                    0
smptp                                     3.63
smpbp                                     3.63
nrel                                         0
nrel256                                      0
hi256                                        0
lo256                                        0
brel                                      3.63
a0_srcp                                 0.1815
a0_pinp                                 0.1815
xa0tswp.gp                         2.21972e-09
a0_topp                                  1.815
xa0arrp.x256.bp                         0.1815
xa0arrp.x256.gp_in                 2.21972e-09
xa0arrp.x256.gp_rel                       3.63
xa0arrp.x256.gp_hi                        3.63
xa0arrp.x256.gp_lo                        3.63
xa0arrp.x128.bp                         0.1815
xa0arrp.x128.gp_in                 2.21972e-09
xa0arrp.x128.gp_rel                       3.63
xa0arrp.x128.gp_hi                        3.63
xa0arrp.x128.gp_lo                        3.63
xa0arrp.x64.bp                          0.1815
xa0arrp.x64.gp_in                  2.21972e-09
xa0arrp.x64.gp_rel                        3.63
xa0arrp.x64.gp_hi                         3.63
xa0arrp.x64.gp_lo                         3.63
xa0arrp.x32.bp                          0.1815
xa0arrp.x32.gp_in                  2.21972e-09
xa0arrp.x32.gp_rel                        3.63
xa0arrp.x32.gp_hi                         3.63
xa0arrp.x32.gp_lo                         3.63
xa0arrp.x16.bp                          0.1815
xa0arrp.x16.gp_in                  2.21972e-09
xa0arrp.x16.gp_rel                        3.63
xa0arrp.x16.gp_hi                         3.63
xa0arrp.x16.gp_lo                         3.63
xa0arrp.x8.bp                           0.1815
xa0arrp.x8.gp_in                   2.21972e-09
xa0arrp.x8.gp_rel                         3.63
xa0arrp.x8.gp_hi                          3.63
xa0arrp.x8.gp_lo                          3.63
xa0arrp.x4.bp                           0.1815
xa0arrp.x4.gp_in                   2.21972e-09
xa0arrp.x4.gp_rel                         3.63
xa0arrp.x4.gp_hi                          3.63
xa0arrp.x4.gp_lo                          3.63
xa0arrp.x2.bp                           0.1815
xa0arrp.x2.gp_in                   2.21972e-09
xa0arrp.x2.gp_rel                         3.63
xa0arrp.x2.gp_hi                          3.63
xa0arrp.x2.gp_lo                          3.63
xa0arrp.x1.bp                           0.1815
xa0arrp.x1.gp_in                   2.21972e-09
xa0arrp.x1.gp_rel                         3.63
xa0arrp.x1.gp_hi                          3.63
xa0arrp.x1.gp_lo                          3.63
a0_srcn                                 3.4485
a0_pinn                                 3.4485
xa0tswn.gp                         2.21972e-09
a0_topn                                  1.815
xa0arrn.x256.bp                         3.4485
xa0arrn.x256.gp_in                 2.21972e-09
xa0arrn.x256.gp_rel                       3.63
xa0arrn.x256.gp_hi                        3.63
xa0arrn.x256.gp_lo                        3.63
xa0arrn.x128.bp                         3.4485
xa0arrn.x128.gp_in                 2.21972e-09
xa0arrn.x128.gp_rel                       3.63
xa0arrn.x128.gp_hi                        3.63
xa0arrn.x128.gp_lo                        3.63
xa0arrn.x64.bp                          3.4485
xa0arrn.x64.gp_in                  2.21972e-09
xa0arrn.x64.gp_rel                        3.63
xa0arrn.x64.gp_hi                         3.63
xa0arrn.x64.gp_lo                         3.63
xa0arrn.x32.bp                          3.4485
xa0arrn.x32.gp_in                  2.21972e-09
xa0arrn.x32.gp_rel                        3.63
xa0arrn.x32.gp_hi                         3.63
xa0arrn.x32.gp_lo                         3.63
xa0arrn.x16.bp                          3.4485
xa0arrn.x16.gp_in                  2.21972e-09
xa0arrn.x16.gp_rel                        3.63
xa0arrn.x16.gp_hi                         3.63
xa0arrn.x16.gp_lo                         3.63
xa0arrn.x8.bp                           3.4485
xa0arrn.x8.gp_in                   2.21972e-09
xa0arrn.x8.gp_rel                         3.63
xa0arrn.x8.gp_hi                          3.63
xa0arrn.x8.gp_lo                          3.63
xa0arrn.x4.bp                           3.4485
xa0arrn.x4.gp_in                   2.21972e-09
xa0arrn.x4.gp_rel                         3.63
xa0arrn.x4.gp_hi                          3.63
xa0arrn.x4.gp_lo                          3.63
xa0arrn.x2.bp                           3.4485
xa0arrn.x2.gp_in                   2.21972e-09
xa0arrn.x2.gp_rel                         3.63
xa0arrn.x2.gp_hi                          3.63
xa0arrn.x2.gp_lo                          3.63
xa0arrn.x1.bp                           3.4485
xa0arrn.x1.gp_in                   2.21972e-09
xa0arrn.x1.gp_rel                         3.63
xa0arrn.x1.gp_hi                          3.63
xa0arrn.x1.gp_lo                          3.63
a0_ib                                 0.753672
xa0cmp.xpre.ptail                     0.889101
xa0cmp.pon                             2.84206
xa0cmp.preamp_in1                        1.815
xa0cmp.pop                             2.84206
xa0cmp.preamp_in2                        1.815
xa0cmp.xpre.xrlp.11                    3.62983
xa0cmp.xpre.xrlp.21                    2.84223
xa0cmp.xpre.xrln.11                    3.62983
xa0cmp.xpre.xrln.21                    2.84223
xa0cmp.xlat.ltail                      2.13033
xa0cmp.xlat.dip                           3.63
xa0cmp.xlat.din                           3.63
xa0cmp.outn                               3.63
xa0cmp.outp                               3.63
xa0cmp.sset                        7.02878e-09
xa0cmp.srst                        7.02878e-09
xa0cmp.xno1.ps                         3.37125
a0_do                                  1.49269
a0_dob                                 1.49269
xa0cmp.xno2.ps                         3.37125
a0_dp                             -7.52139e-10
a0_dn                              7.51847e-10
a0_dd                             -1.50395e-09
a1_srcp                                0.99825
a1_pinp                                0.99825
xa1tswp.gp                         2.21972e-09
a1_topp                                  1.815
xa1arrp.x256.bp                        0.99825
xa1arrp.x256.gp_in                 2.21972e-09
xa1arrp.x256.gp_rel                       3.63
xa1arrp.x256.gp_hi                        3.63
xa1arrp.x256.gp_lo                        3.63
xa1arrp.x128.bp                        0.99825
xa1arrp.x128.gp_in                 2.21972e-09
xa1arrp.x128.gp_rel                       3.63
xa1arrp.x128.gp_hi                        3.63
xa1arrp.x128.gp_lo                        3.63
xa1arrp.x64.bp                         0.99825
xa1arrp.x64.gp_in                  2.21972e-09
xa1arrp.x64.gp_rel                        3.63
xa1arrp.x64.gp_hi                         3.63
xa1arrp.x64.gp_lo                         3.63
xa1arrp.x32.bp                         0.99825
xa1arrp.x32.gp_in                  2.21972e-09
xa1arrp.x32.gp_rel                        3.63
xa1arrp.x32.gp_hi                         3.63
xa1arrp.x32.gp_lo                         3.63
xa1arrp.x16.bp                         0.99825
xa1arrp.x16.gp_in                  2.21972e-09
xa1arrp.x16.gp_rel                        3.63
xa1arrp.x16.gp_hi                         3.63
xa1arrp.x16.gp_lo                         3.63
xa1arrp.x8.bp                          0.99825
xa1arrp.x8.gp_in                   2.21972e-09
xa1arrp.x8.gp_rel                         3.63
xa1arrp.x8.gp_hi                          3.63
xa1arrp.x8.gp_lo                          3.63
xa1arrp.x4.bp                          0.99825
xa1arrp.x4.gp_in                   2.21972e-09
xa1arrp.x4.gp_rel                         3.63
xa1arrp.x4.gp_hi                          3.63
xa1arrp.x4.gp_lo                          3.63
xa1arrp.x2.bp                          0.99825
xa1arrp.x2.gp_in                   2.21972e-09
xa1arrp.x2.gp_rel                         3.63
xa1arrp.x2.gp_hi                          3.63
xa1arrp.x2.gp_lo                          3.63
xa1arrp.x1.bp                          0.99825
xa1arrp.x1.gp_in                   2.21972e-09
xa1arrp.x1.gp_rel                         3.63
xa1arrp.x1.gp_hi                          3.63
xa1arrp.x1.gp_lo                          3.63
a1_srcn                                2.63175
a1_pinn                                2.63175
xa1tswn.gp                         2.21972e-09
a1_topn                                  1.815
xa1arrn.x256.bp                        2.63175
xa1arrn.x256.gp_in                 2.21972e-09
xa1arrn.x256.gp_rel                       3.63
xa1arrn.x256.gp_hi                        3.63
xa1arrn.x256.gp_lo                        3.63
xa1arrn.x128.bp                        2.63175
xa1arrn.x128.gp_in                 2.21972e-09
xa1arrn.x128.gp_rel                       3.63
xa1arrn.x128.gp_hi                        3.63
xa1arrn.x128.gp_lo                        3.63
xa1arrn.x64.bp                         2.63175
xa1arrn.x64.gp_in                  2.21972e-09
xa1arrn.x64.gp_rel                        3.63
xa1arrn.x64.gp_hi                         3.63
xa1arrn.x64.gp_lo                         3.63
xa1arrn.x32.bp                         2.63175
xa1arrn.x32.gp_in                  2.21972e-09
xa1arrn.x32.gp_rel                        3.63
xa1arrn.x32.gp_hi                         3.63
xa1arrn.x32.gp_lo                         3.63
xa1arrn.x16.bp                         2.63175
xa1arrn.x16.gp_in                  2.21972e-09
xa1arrn.x16.gp_rel                        3.63
xa1arrn.x16.gp_hi                         3.63
xa1arrn.x16.gp_lo                         3.63
xa1arrn.x8.bp                          2.63175
xa1arrn.x8.gp_in                   2.21972e-09
xa1arrn.x8.gp_rel                         3.63
xa1arrn.x8.gp_hi                          3.63
xa1arrn.x8.gp_lo                          3.63
xa1arrn.x4.bp                          2.63175
xa1arrn.x4.gp_in                   2.21972e-09
xa1arrn.x4.gp_rel                         3.63
xa1arrn.x4.gp_hi                          3.63
xa1arrn.x4.gp_lo                          3.63
xa1arrn.x2.bp                          2.63175
xa1arrn.x2.gp_in                   2.21972e-09
xa1arrn.x2.gp_rel                         3.63
xa1arrn.x2.gp_hi                          3.63
xa1arrn.x2.gp_lo                          3.63
xa1arrn.x1.bp                          2.63175
xa1arrn.x1.gp_in                   2.21972e-09
xa1arrn.x1.gp_rel                         3.63
xa1arrn.x1.gp_hi                          3.63
xa1arrn.x1.gp_lo                          3.63
a1_ib                                 0.753672
xa1cmp.xpre.ptail                     0.889101
xa1cmp.pon                             2.84206
xa1cmp.preamp_in1                        1.815
xa1cmp.pop                             2.84206
xa1cmp.preamp_in2                        1.815
xa1cmp.xpre.xrlp.11                    3.62983
xa1cmp.xpre.xrlp.21                    2.84223
xa1cmp.xpre.xrln.11                    3.62983
xa1cmp.xpre.xrln.21                    2.84223
xa1cmp.xlat.ltail                      2.13033
xa1cmp.xlat.dip                           3.63
xa1cmp.xlat.din                           3.63
xa1cmp.outn                               3.63
xa1cmp.outp                               3.63
xa1cmp.sset                        7.02878e-09
xa1cmp.srst                        7.02878e-09
xa1cmp.xno1.ps                         3.37125
a1_do                                  1.49269
a1_dob                                 1.49269
xa1cmp.xno2.ps                         3.37125
a1_dp                             -3.76127e-10
a1_dn                              3.75835e-10
a1_dd                             -7.51975e-10
a2_srcp                                  1.815
a2_pinp                                  1.815
xa2tswp.gp                         2.21972e-09
a2_topp                                  1.815
xa2arrp.x256.bp                          1.815
xa2arrp.x256.gp_in                 2.21972e-09
xa2arrp.x256.gp_rel                       3.63
xa2arrp.x256.gp_hi                        3.63
xa2arrp.x256.gp_lo                        3.63
xa2arrp.x128.bp                          1.815
xa2arrp.x128.gp_in                 2.21972e-09
xa2arrp.x128.gp_rel                       3.63
xa2arrp.x128.gp_hi                        3.63
xa2arrp.x128.gp_lo                        3.63
xa2arrp.x64.bp                           1.815
xa2arrp.x64.gp_in                  2.21972e-09
xa2arrp.x64.gp_rel                        3.63
xa2arrp.x64.gp_hi                         3.63
xa2arrp.x64.gp_lo                         3.63
xa2arrp.x32.bp                           1.815
xa2arrp.x32.gp_in                  2.21972e-09
xa2arrp.x32.gp_rel                        3.63
xa2arrp.x32.gp_hi                         3.63
xa2arrp.x32.gp_lo                         3.63
xa2arrp.x16.bp                           1.815
xa2arrp.x16.gp_in                  2.21972e-09
xa2arrp.x16.gp_rel                        3.63
xa2arrp.x16.gp_hi                         3.63
xa2arrp.x16.gp_lo                         3.63
xa2arrp.x8.bp                            1.815
xa2arrp.x8.gp_in                   2.21972e-09
xa2arrp.x8.gp_rel                         3.63
xa2arrp.x8.gp_hi                          3.63
xa2arrp.x8.gp_lo                          3.63
xa2arrp.x4.bp                            1.815
xa2arrp.x4.gp_in                   2.21972e-09
xa2arrp.x4.gp_rel                         3.63
xa2arrp.x4.gp_hi                          3.63
xa2arrp.x4.gp_lo                          3.63
xa2arrp.x2.bp                            1.815
xa2arrp.x2.gp_in                   2.21972e-09
xa2arrp.x2.gp_rel                         3.63
xa2arrp.x2.gp_hi                          3.63
xa2arrp.x2.gp_lo                          3.63
xa2arrp.x1.bp                            1.815
xa2arrp.x1.gp_in                   2.21972e-09
xa2arrp.x1.gp_rel                         3.63
xa2arrp.x1.gp_hi                          3.63
xa2arrp.x1.gp_lo                          3.63
a2_srcn                                  1.815
a2_pinn                                  1.815
xa2tswn.gp                         2.21972e-09
a2_topn                                  1.815
xa2arrn.x256.bp                          1.815
xa2arrn.x256.gp_in                 2.21972e-09
xa2arrn.x256.gp_rel                       3.63
xa2arrn.x256.gp_hi                        3.63
xa2arrn.x256.gp_lo                        3.63
xa2arrn.x128.bp                          1.815
xa2arrn.x128.gp_in                 2.21972e-09
xa2arrn.x128.gp_rel                       3.63
xa2arrn.x128.gp_hi                        3.63
xa2arrn.x128.gp_lo                        3.63
xa2arrn.x64.bp                           1.815
xa2arrn.x64.gp_in                  2.21972e-09
xa2arrn.x64.gp_rel                        3.63
xa2arrn.x64.gp_hi                         3.63
xa2arrn.x64.gp_lo                         3.63
xa2arrn.x32.bp                           1.815
xa2arrn.x32.gp_in                  2.21972e-09
xa2arrn.x32.gp_rel                        3.63
xa2arrn.x32.gp_hi                         3.63
xa2arrn.x32.gp_lo                         3.63
xa2arrn.x16.bp                           1.815
xa2arrn.x16.gp_in                  2.21972e-09
xa2arrn.x16.gp_rel                        3.63
xa2arrn.x16.gp_hi                         3.63
xa2arrn.x16.gp_lo                         3.63
xa2arrn.x8.bp                            1.815
xa2arrn.x8.gp_in                   2.21972e-09
xa2arrn.x8.gp_rel                         3.63
xa2arrn.x8.gp_hi                          3.63
xa2arrn.x8.gp_lo                          3.63
xa2arrn.x4.bp                            1.815
xa2arrn.x4.gp_in                   2.21972e-09
xa2arrn.x4.gp_rel                         3.63
xa2arrn.x4.gp_hi                          3.63
xa2arrn.x4.gp_lo                          3.63
xa2arrn.x2.bp                            1.815
xa2arrn.x2.gp_in                   2.21972e-09
xa2arrn.x2.gp_rel                         3.63
xa2arrn.x2.gp_hi                          3.63
xa2arrn.x2.gp_lo                          3.63
xa2arrn.x1.bp                            1.815
xa2arrn.x1.gp_in                   2.21972e-09
xa2arrn.x1.gp_rel                         3.63
xa2arrn.x1.gp_hi                          3.63
xa2arrn.x1.gp_lo                          3.63
a2_ib                                 0.753672
xa2cmp.xpre.ptail                     0.889101
xa2cmp.pon                             2.84206
xa2cmp.preamp_in1                        1.815
xa2cmp.pop                             2.84206
xa2cmp.preamp_in2                        1.815
xa2cmp.xpre.xrlp.11                    3.62983
xa2cmp.xpre.xrlp.21                    2.84223
xa2cmp.xpre.xrln.11                    3.62983
xa2cmp.xpre.xrln.21                    2.84223
xa2cmp.xlat.ltail                      2.13033
xa2cmp.xlat.dip                           3.63
xa2cmp.xlat.din                           3.63
xa2cmp.outn                               3.63
xa2cmp.outp                               3.63
xa2cmp.sset                        7.02878e-09
xa2cmp.srst                        7.02878e-09
xa2cmp.xno1.ps                         3.37125
a2_do                                  1.49269
a2_dob                                 1.49269
xa2cmp.xno2.ps                         3.37125
a2_dp                             -5.18716e-14
a2_dn                             -5.18716e-14
a2_dd                             -5.18716e-14
a3_srcp                                2.63175
a3_pinp                                2.63175
xa3tswp.gp                         2.21972e-09
a3_topp                                  1.815
xa3arrp.x256.bp                        2.63175
xa3arrp.x256.gp_in                 2.21972e-09
xa3arrp.x256.gp_rel                       3.63
xa3arrp.x256.gp_hi                        3.63
xa3arrp.x256.gp_lo                        3.63
xa3arrp.x128.bp                        2.63175
xa3arrp.x128.gp_in                 2.21972e-09
xa3arrp.x128.gp_rel                       3.63
xa3arrp.x128.gp_hi                        3.63
xa3arrp.x128.gp_lo                        3.63
xa3arrp.x64.bp                         2.63175
xa3arrp.x64.gp_in                  2.21972e-09
xa3arrp.x64.gp_rel                        3.63
xa3arrp.x64.gp_hi                         3.63
xa3arrp.x64.gp_lo                         3.63
xa3arrp.x32.bp                         2.63175
xa3arrp.x32.gp_in                  2.21972e-09
xa3arrp.x32.gp_rel                        3.63
xa3arrp.x32.gp_hi                         3.63
xa3arrp.x32.gp_lo                         3.63
xa3arrp.x16.bp                         2.63175
xa3arrp.x16.gp_in                  2.21972e-09
xa3arrp.x16.gp_rel                        3.63
xa3arrp.x16.gp_hi                         3.63
xa3arrp.x16.gp_lo                         3.63
xa3arrp.x8.bp                          2.63175
xa3arrp.x8.gp_in                   2.21972e-09
xa3arrp.x8.gp_rel                         3.63
xa3arrp.x8.gp_hi                          3.63
xa3arrp.x8.gp_lo                          3.63
xa3arrp.x4.bp                          2.63175
xa3arrp.x4.gp_in                   2.21972e-09
xa3arrp.x4.gp_rel                         3.63
xa3arrp.x4.gp_hi                          3.63
xa3arrp.x4.gp_lo                          3.63
xa3arrp.x2.bp                          2.63175
xa3arrp.x2.gp_in                   2.21972e-09
xa3arrp.x2.gp_rel                         3.63
xa3arrp.x2.gp_hi                          3.63
xa3arrp.x2.gp_lo                          3.63
xa3arrp.x1.bp                          2.63175
xa3arrp.x1.gp_in                   2.21972e-09
xa3arrp.x1.gp_rel                         3.63
xa3arrp.x1.gp_hi                          3.63
xa3arrp.x1.gp_lo                          3.63
a3_srcn                                0.99825
a3_pinn                                0.99825
xa3tswn.gp                         2.21972e-09
a3_topn                                  1.815
xa3arrn.x256.bp                        0.99825
xa3arrn.x256.gp_in                 2.21972e-09
xa3arrn.x256.gp_rel                       3.63
xa3arrn.x256.gp_hi                        3.63
xa3arrn.x256.gp_lo                        3.63
xa3arrn.x128.bp                        0.99825
xa3arrn.x128.gp_in                 2.21972e-09
xa3arrn.x128.gp_rel                       3.63
xa3arrn.x128.gp_hi                        3.63
xa3arrn.x128.gp_lo                        3.63
xa3arrn.x64.bp                         0.99825
xa3arrn.x64.gp_in                  2.21972e-09
xa3arrn.x64.gp_rel                        3.63
xa3arrn.x64.gp_hi                         3.63
xa3arrn.x64.gp_lo                         3.63
xa3arrn.x32.bp                         0.99825
xa3arrn.x32.gp_in                  2.21972e-09
xa3arrn.x32.gp_rel                        3.63
xa3arrn.x32.gp_hi                         3.63
xa3arrn.x32.gp_lo                         3.63
xa3arrn.x16.bp                         0.99825
xa3arrn.x16.gp_in                  2.21972e-09
xa3arrn.x16.gp_rel                        3.63
xa3arrn.x16.gp_hi                         3.63
xa3arrn.x16.gp_lo                         3.63
xa3arrn.x8.bp                          0.99825
xa3arrn.x8.gp_in                   2.21972e-09
xa3arrn.x8.gp_rel                         3.63
xa3arrn.x8.gp_hi                          3.63
xa3arrn.x8.gp_lo                          3.63
xa3arrn.x4.bp                          0.99825
xa3arrn.x4.gp_in                   2.21972e-09
xa3arrn.x4.gp_rel                         3.63
xa3arrn.x4.gp_hi                          3.63
xa3arrn.x4.gp_lo                          3.63
xa3arrn.x2.bp                          0.99825
xa3arrn.x2.gp_in                   2.21972e-09
xa3arrn.x2.gp_rel                         3.63
xa3arrn.x2.gp_hi                          3.63
xa3arrn.x2.gp_lo                          3.63
xa3arrn.x1.bp                          0.99825
xa3arrn.x1.gp_in                   2.21972e-09
xa3arrn.x1.gp_rel                         3.63
xa3arrn.x1.gp_hi                          3.63
xa3arrn.x1.gp_lo                          3.63
a3_ib                                 0.753672
xa3cmp.xpre.ptail                     0.889101
xa3cmp.pon                             2.84206
xa3cmp.preamp_in1                        1.815
xa3cmp.pop                             2.84206
xa3cmp.preamp_in2                        1.815
xa3cmp.xpre.xrlp.11                    3.62983
xa3cmp.xpre.xrlp.21                    2.84223
xa3cmp.xpre.xrln.11                    3.62983
xa3cmp.xpre.xrln.21                    2.84223
xa3cmp.xlat.ltail                      2.13033
xa3cmp.xlat.dip                           3.63
xa3cmp.xlat.din                           3.63
xa3cmp.outn                               3.63
xa3cmp.outp                               3.63
xa3cmp.sset                        7.02878e-09
xa3cmp.srst                        7.02878e-09
xa3cmp.xno1.ps                         3.37125
a3_do                                  1.49269
a3_dob                                 1.49269
xa3cmp.xno2.ps                         3.37125
a3_dp                              3.75898e-10
a3_dn                             -3.76127e-10
a3_dd                              7.52031e-10
a4_srcp                                 3.4485
a4_pinp                                 3.4485
xa4tswp.gp                         2.21972e-09
a4_topp                                  1.815
xa4arrp.x256.bp                         3.4485
xa4arrp.x256.gp_in                 2.21972e-09
xa4arrp.x256.gp_rel                       3.63
xa4arrp.x256.gp_hi                        3.63
xa4arrp.x256.gp_lo                        3.63
xa4arrp.x128.bp                         3.4485
xa4arrp.x128.gp_in                 2.21972e-09
xa4arrp.x128.gp_rel                       3.63
xa4arrp.x128.gp_hi                        3.63
xa4arrp.x128.gp_lo                        3.63
xa4arrp.x64.bp                          3.4485
xa4arrp.x64.gp_in                  2.21972e-09
xa4arrp.x64.gp_rel                        3.63
xa4arrp.x64.gp_hi                         3.63
xa4arrp.x64.gp_lo                         3.63
xa4arrp.x32.bp                          3.4485
xa4arrp.x32.gp_in                  2.21972e-09
xa4arrp.x32.gp_rel                        3.63
xa4arrp.x32.gp_hi                         3.63
xa4arrp.x32.gp_lo                         3.63
xa4arrp.x16.bp                          3.4485
xa4arrp.x16.gp_in                  2.21972e-09
xa4arrp.x16.gp_rel                        3.63
xa4arrp.x16.gp_hi                         3.63
xa4arrp.x16.gp_lo                         3.63
xa4arrp.x8.bp                           3.4485
xa4arrp.x8.gp_in                   2.21972e-09
xa4arrp.x8.gp_rel                         3.63
xa4arrp.x8.gp_hi                          3.63
xa4arrp.x8.gp_lo                          3.63
xa4arrp.x4.bp                           3.4485
xa4arrp.x4.gp_in                   2.21972e-09
xa4arrp.x4.gp_rel                         3.63
xa4arrp.x4.gp_hi                          3.63
xa4arrp.x4.gp_lo                          3.63
xa4arrp.x2.bp                           3.4485
xa4arrp.x2.gp_in                   2.21972e-09
xa4arrp.x2.gp_rel                         3.63
xa4arrp.x2.gp_hi                          3.63
xa4arrp.x2.gp_lo                          3.63
xa4arrp.x1.bp                           3.4485
xa4arrp.x1.gp_in                   2.21972e-09
xa4arrp.x1.gp_rel                         3.63
xa4arrp.x1.gp_hi                          3.63
xa4arrp.x1.gp_lo                          3.63
a4_srcn                                 0.1815
a4_pinn                                 0.1815
xa4tswn.gp                         2.21972e-09
a4_topn                                  1.815
xa4arrn.x256.bp                         0.1815
xa4arrn.x256.gp_in                 2.21972e-09
xa4arrn.x256.gp_rel                       3.63
xa4arrn.x256.gp_hi                        3.63
xa4arrn.x256.gp_lo                        3.63
xa4arrn.x128.bp                         0.1815
xa4arrn.x128.gp_in                 2.21972e-09
xa4arrn.x128.gp_rel                       3.63
xa4arrn.x128.gp_hi                        3.63
xa4arrn.x128.gp_lo                        3.63
xa4arrn.x64.bp                          0.1815
xa4arrn.x64.gp_in                  2.21972e-09
xa4arrn.x64.gp_rel                        3.63
xa4arrn.x64.gp_hi                         3.63
xa4arrn.x64.gp_lo                         3.63
xa4arrn.x32.bp                          0.1815
xa4arrn.x32.gp_in                  2.21972e-09
xa4arrn.x32.gp_rel                        3.63
xa4arrn.x32.gp_hi                         3.63
xa4arrn.x32.gp_lo                         3.63
xa4arrn.x16.bp                          0.1815
xa4arrn.x16.gp_in                  2.21972e-09
xa4arrn.x16.gp_rel                        3.63
xa4arrn.x16.gp_hi                         3.63
xa4arrn.x16.gp_lo                         3.63
xa4arrn.x8.bp                           0.1815
xa4arrn.x8.gp_in                   2.21972e-09
xa4arrn.x8.gp_rel                         3.63
xa4arrn.x8.gp_hi                          3.63
xa4arrn.x8.gp_lo                          3.63
xa4arrn.x4.bp                           0.1815
xa4arrn.x4.gp_in                   2.21972e-09
xa4arrn.x4.gp_rel                         3.63
xa4arrn.x4.gp_hi                          3.63
xa4arrn.x4.gp_lo                          3.63
xa4arrn.x2.bp                           0.1815
xa4arrn.x2.gp_in                   2.21972e-09
xa4arrn.x2.gp_rel                         3.63
xa4arrn.x2.gp_hi                          3.63
xa4arrn.x2.gp_lo                          3.63
xa4arrn.x1.bp                           0.1815
xa4arrn.x1.gp_in                   2.21972e-09
xa4arrn.x1.gp_rel                         3.63
xa4arrn.x1.gp_hi                          3.63
xa4arrn.x1.gp_lo                          3.63
a4_ib                                 0.753672
xa4cmp.xpre.ptail                     0.889101
xa4cmp.pon                             2.84206
xa4cmp.preamp_in1                        1.815
xa4cmp.pop                             2.84206
xa4cmp.preamp_in2                        1.815
xa4cmp.xpre.xrlp.11                    3.62983
xa4cmp.xpre.xrlp.21                    2.84223
xa4cmp.xpre.xrln.11                    3.62983
xa4cmp.xpre.xrln.21                    2.84223
xa4cmp.xlat.ltail                      2.13033
xa4cmp.xlat.dip                           3.63
xa4cmp.xlat.din                           3.63
xa4cmp.outn                               3.63
xa4cmp.outp                               3.63
xa4cmp.sset                        7.02878e-09
xa4cmp.srst                        7.02878e-09
xa4cmp.xno1.ps                         3.37125
a4_do                                  1.49269
a4_dob                                 1.49269
xa4cmp.xno2.ps                         3.37125
a4_dp                              7.51847e-10
a4_dn                             -7.51888e-10
a4_dd                              1.50381e-09
xb4tsw.gp                          2.21972e-09
b4_top                                   1.815
xb4arr.x256.bp                           1.815
xb4arr.x256.gp_in                         3.63
xb4arr.x256.gp_rel                 2.21972e-09
xb4arr.x256.gp_hi                         3.63
xb4arr.x256.gp_lo                         3.63
xb4arr.x128.bp                           1.815
xb4arr.x128.gp_in                         3.63
xb4arr.x128.gp_rel                 2.21972e-09
xb4arr.x128.gp_hi                         3.63
xb4arr.x128.gp_lo                         3.63
xb4arr.x64.bp                            1.815
xb4arr.x64.gp_in                          3.63
xb4arr.x64.gp_rel                  2.21972e-09
xb4arr.x64.gp_hi                          3.63
xb4arr.x64.gp_lo                          3.63
xb4arr.x32.bp                            1.815
xb4arr.x32.gp_in                          3.63
xb4arr.x32.gp_rel                  2.21972e-09
xb4arr.x32.gp_hi                          3.63
xb4arr.x32.gp_lo                          3.63
xb4arr.x16.bp                            1.815
xb4arr.x16.gp_in                          3.63
xb4arr.x16.gp_rel                  2.21972e-09
xb4arr.x16.gp_hi                          3.63
xb4arr.x16.gp_lo                          3.63
xb4arr.x8.bp                             1.815
xb4arr.x8.gp_in                           3.63
xb4arr.x8.gp_rel                   2.21972e-09
xb4arr.x8.gp_hi                           3.63
xb4arr.x8.gp_lo                           3.63
xb4arr.x4.bp                             1.815
xb4arr.x4.gp_in                           3.63
xb4arr.x4.gp_rel                   2.21972e-09
xb4arr.x4.gp_hi                           3.63
xb4arr.x4.gp_lo                           3.63
xb4arr.x2.bp                             1.815
xb4arr.x2.gp_in                           3.63
xb4arr.x2.gp_rel                   2.21972e-09
xb4arr.x2.gp_hi                           3.63
xb4arr.x2.gp_lo                           3.63
xb4arr.x1.bp                             1.815
xb4arr.x1.gp_in                           3.63
xb4arr.x1.gp_rel                   2.21972e-09
xb4arr.x1.gp_hi                           3.63
xb4arr.x1.gp_lo                           3.63
b4_ib                                 0.753672
xb4cmp.xpre.ptail                     0.889101
xb4cmp.pon                             2.84206
xb4cmp.preamp_in1                        1.815
xb4cmp.pop                             2.84206
xb4cmp.preamp_in2                        1.815
xb4cmp.xpre.xrlp.11                    3.62983
xb4cmp.xpre.xrlp.21                    2.84223
xb4cmp.xpre.xrln.11                    3.62983
xb4cmp.xpre.xrln.21                    2.84223
xb4cmp.xlat.ltail                      2.13033
xb4cmp.xlat.dip                           3.63
xb4cmp.xlat.din                           3.63
xb4cmp.outn                               3.63
xb4cmp.outp                               3.63
xb4cmp.sset                        7.02878e-09
xb4cmp.srst                        7.02878e-09
xb4cmp.xno1.ps                         3.37125
b4_do                                  1.49269
b4_dob                                 1.49269
xb4cmp.xno2.ps                         3.37125
b4_d                               7.34032e-14
xb3tsw.gp                          2.21972e-09
b3_top                                   1.815
xb3arr.x256.bp                           1.815
xb3arr.x256.gp_rel                 2.21972e-09
xb3arr.x256.gp_hi                         3.63
xb3arr.x256.gp_lo                         3.63
xb3arr.x128.bp                           1.815
xb3arr.x128.gp_rel                 2.21972e-09
xb3arr.x128.gp_hi                         3.63
xb3arr.x128.gp_lo                         3.63
xb3arr.x64.bp                            1.815
xb3arr.x64.gp_rel                  2.21972e-09
xb3arr.x64.gp_hi                          3.63
xb3arr.x64.gp_lo                          3.63
xb3arr.x32.bp                            1.815
xb3arr.x32.gp_rel                  2.21972e-09
xb3arr.x32.gp_hi                          3.63
xb3arr.x32.gp_lo                          3.63
xb3arr.x16.bp                            1.815
xb3arr.x16.gp_rel                  2.21972e-09
xb3arr.x16.gp_hi                          3.63
xb3arr.x16.gp_lo                          3.63
xb3arr.x8.bp                             1.815
xb3arr.x8.gp_rel                   2.21972e-09
xb3arr.x8.gp_hi                           3.63
xb3arr.x8.gp_lo                           3.63
xb3arr.x4.bp                             1.815
xb3arr.x4.gp_rel                   2.21972e-09
xb3arr.x4.gp_hi                           3.63
xb3arr.x4.gp_lo                           3.63
xb3arr.x2.bp                             1.815
xb3arr.x2.gp_rel                   2.21972e-09
xb3arr.x2.gp_hi                           3.63
xb3arr.x2.gp_lo                           3.63
xb3arr.x1.bp                             1.815
xb3arr.x1.gp_rel                   2.21972e-09
xb3arr.x1.gp_hi                           3.63
xb3arr.x1.gp_lo                           3.63
b3_ib                                 0.753672
xb3cmp.xpre.ptail                     0.889101
xb3cmp.pon                             2.84206
xb3cmp.preamp_in1                        1.815
xb3cmp.pop                             2.84206
xb3cmp.preamp_in2                        1.815
xb3cmp.xpre.xrlp.11                    3.62983
xb3cmp.xpre.xrlp.21                    2.84223
xb3cmp.xpre.xrln.11                    3.62983
xb3cmp.xpre.xrln.21                    2.84223
xb3cmp.xlat.ltail                      2.13033
xb3cmp.xlat.dip                           3.63
xb3cmp.xlat.din                           3.63
xb3cmp.outn                               3.63
xb3cmp.outp                               3.63
xb3cmp.sset                        7.02878e-09
xb3cmp.srst                        7.02878e-09
xb3cmp.xno1.ps                         3.37125
b3_do                                  1.49269
b3_dob                                 1.49269
xb3cmp.xno2.ps                         3.37125
b3_d                               7.34032e-14
c0_srcp                                2.63175
c0_pinp                                2.63175
xc0tswp.gp                         2.21972e-09
c0_topp                                  1.815
xc0arrp.x256.bp                        2.63175
xc0arrp.x256.gp_in                 2.21972e-09
xc0arrp.x256.gp_rel                       3.63
xc0arrp.x256.gp_hi                        3.63
xc0arrp.x256.gp_lo                        3.63
xc0arrp.x128.bp                        2.63175
xc0arrp.x128.gp_in                 2.21972e-09
xc0arrp.x128.gp_rel                       3.63
xc0arrp.x128.gp_hi                        3.63
xc0arrp.x128.gp_lo                        3.63
xc0arrp.x64.bp                         2.63175
xc0arrp.x64.gp_in                  2.21972e-09
xc0arrp.x64.gp_rel                        3.63
xc0arrp.x64.gp_hi                         3.63
xc0arrp.x64.gp_lo                         3.63
xc0arrp.x32.bp                         2.63175
xc0arrp.x32.gp_in                  2.21972e-09
xc0arrp.x32.gp_rel                        3.63
xc0arrp.x32.gp_hi                         3.63
xc0arrp.x32.gp_lo                         3.63
xc0arrp.x16.bp                         2.63175
xc0arrp.x16.gp_in                  2.21972e-09
xc0arrp.x16.gp_rel                        3.63
xc0arrp.x16.gp_hi                         3.63
xc0arrp.x16.gp_lo                         3.63
xc0arrp.x8.bp                          2.63175
xc0arrp.x8.gp_in                   2.21972e-09
xc0arrp.x8.gp_rel                         3.63
xc0arrp.x8.gp_hi                          3.63
xc0arrp.x8.gp_lo                          3.63
xc0arrp.x4.bp                          2.63175
xc0arrp.x4.gp_in                   2.21972e-09
xc0arrp.x4.gp_rel                         3.63
xc0arrp.x4.gp_hi                          3.63
xc0arrp.x4.gp_lo                          3.63
xc0arrp.x2.bp                          2.63175
xc0arrp.x2.gp_in                   2.21972e-09
xc0arrp.x2.gp_rel                         3.63
xc0arrp.x2.gp_hi                          3.63
xc0arrp.x2.gp_lo                          3.63
xc0arrp.x1.bp                          2.63175
xc0arrp.x1.gp_in                   2.21972e-09
xc0arrp.x1.gp_rel                         3.63
xc0arrp.x1.gp_hi                          3.63
xc0arrp.x1.gp_lo                          3.63
c0_srcn                                0.99825
c0_pinn                                0.99825
xc0tswn.gp                         2.21972e-09
c0_topn                                  1.815
xc0arrn.x256.bp                        0.99825
xc0arrn.x256.gp_in                 2.21972e-09
xc0arrn.x256.gp_rel                       3.63
xc0arrn.x256.gp_hi                        3.63
xc0arrn.x256.gp_lo                        3.63
xc0arrn.x128.bp                        0.99825
xc0arrn.x128.gp_in                 2.21972e-09
xc0arrn.x128.gp_rel                       3.63
xc0arrn.x128.gp_hi                        3.63
xc0arrn.x128.gp_lo                        3.63
xc0arrn.x64.bp                         0.99825
xc0arrn.x64.gp_in                  2.21972e-09
xc0arrn.x64.gp_rel                        3.63
xc0arrn.x64.gp_hi                         3.63
xc0arrn.x64.gp_lo                         3.63
xc0arrn.x32.bp                         0.99825
xc0arrn.x32.gp_in                  2.21972e-09
xc0arrn.x32.gp_rel                        3.63
xc0arrn.x32.gp_hi                         3.63
xc0arrn.x32.gp_lo                         3.63
xc0arrn.x16.bp                         0.99825
xc0arrn.x16.gp_in                  2.21972e-09
xc0arrn.x16.gp_rel                        3.63
xc0arrn.x16.gp_hi                         3.63
xc0arrn.x16.gp_lo                         3.63
xc0arrn.x8.bp                          0.99825
xc0arrn.x8.gp_in                   2.21972e-09
xc0arrn.x8.gp_rel                         3.63
xc0arrn.x8.gp_hi                          3.63
xc0arrn.x8.gp_lo                          3.63
xc0arrn.x4.bp                          0.99825
xc0arrn.x4.gp_in                   2.21972e-09
xc0arrn.x4.gp_rel                         3.63
xc0arrn.x4.gp_hi                          3.63
xc0arrn.x4.gp_lo                          3.63
xc0arrn.x2.bp                          0.99825
xc0arrn.x2.gp_in                   2.21972e-09
xc0arrn.x2.gp_rel                         3.63
xc0arrn.x2.gp_hi                          3.63
xc0arrn.x2.gp_lo                          3.63
xc0arrn.x1.bp                          0.99825
xc0arrn.x1.gp_in                   2.21972e-09
xc0arrn.x1.gp_rel                         3.63
xc0arrn.x1.gp_hi                          3.63
xc0arrn.x1.gp_lo                          3.63
c0_ib                                 0.753672
xc0cmp.xpre.ptail                     0.889101
xc0cmp.pon                             2.84206
xc0cmp.preamp_in1                        1.815
xc0cmp.pop                             2.84206
xc0cmp.preamp_in2                        1.815
xc0cmp.xpre.xrlp.11                    3.62983
xc0cmp.xpre.xrlp.21                    2.84223
xc0cmp.xpre.xrln.11                    3.62983
xc0cmp.xpre.xrln.21                    2.84223
xc0cmp.xlat.ltail                      2.13033
xc0cmp.xlat.dip                           3.63
xc0cmp.xlat.din                           3.63
xc0cmp.outn                               3.63
xc0cmp.outp                               3.63
xc0cmp.sset                        7.02878e-09
xc0cmp.srst                        7.02878e-09
xc0cmp.xno1.ps                         3.37125
c0_do                                  1.49269
c0_dob                                 1.49269
xc0cmp.xno2.ps                         3.37125
c0_dp                              3.75835e-10
c0_dn                             -3.76127e-10
c0_dd                              7.51975e-10
c1_srcp                                2.63175
c1_pinp                                2.63175
xc1tswp.gp                         2.21972e-09
c1_topp                                  1.815
xc1arrp.x256.bp                        2.63175
xc1arrp.x256.gp_in                 2.21972e-09
xc1arrp.x256.gp_rel                       3.63
xc1arrp.x256.gp_hi                        3.63
xc1arrp.x256.gp_lo                        3.63
xc1arrp.x128.bp                        2.63175
xc1arrp.x128.gp_in                 2.21972e-09
xc1arrp.x128.gp_rel                       3.63
xc1arrp.x128.gp_hi                        3.63
xc1arrp.x128.gp_lo                        3.63
xc1arrp.x64.bp                         2.63175
xc1arrp.x64.gp_in                  2.21972e-09
xc1arrp.x64.gp_rel                        3.63
xc1arrp.x64.gp_hi                         3.63
xc1arrp.x64.gp_lo                         3.63
xc1arrp.x32.bp                         2.63175
xc1arrp.x32.gp_in                  2.21972e-09
xc1arrp.x32.gp_rel                        3.63
xc1arrp.x32.gp_hi                         3.63
xc1arrp.x32.gp_lo                         3.63
xc1arrp.x16.bp                         2.63175
xc1arrp.x16.gp_in                  2.21972e-09
xc1arrp.x16.gp_rel                        3.63
xc1arrp.x16.gp_hi                         3.63
xc1arrp.x16.gp_lo                         3.63
xc1arrp.x8.bp                          2.63175
xc1arrp.x8.gp_in                   2.21972e-09
xc1arrp.x8.gp_rel                         3.63
xc1arrp.x8.gp_hi                          3.63
xc1arrp.x8.gp_lo                          3.63
xc1arrp.x4.bp                          2.63175
xc1arrp.x4.gp_in                   2.21972e-09
xc1arrp.x4.gp_rel                         3.63
xc1arrp.x4.gp_hi                          3.63
xc1arrp.x4.gp_lo                          3.63
xc1arrp.x2.bp                          2.63175
xc1arrp.x2.gp_in                   2.21972e-09
xc1arrp.x2.gp_rel                         3.63
xc1arrp.x2.gp_hi                          3.63
xc1arrp.x2.gp_lo                          3.63
xc1arrp.x1.bp                          2.63175
xc1arrp.x1.gp_in                   2.21972e-09
xc1arrp.x1.gp_rel                         3.63
xc1arrp.x1.gp_hi                          3.63
xc1arrp.x1.gp_lo                          3.63
c1_srcn                                0.99825
c1_pinn                                0.99825
xc1tswn.gp                         2.21972e-09
c1_topn                                  1.815
xc1arrn.x256.bp                        0.99825
xc1arrn.x256.gp_in                 2.21972e-09
xc1arrn.x256.gp_rel                       3.63
xc1arrn.x256.gp_hi                        3.63
xc1arrn.x256.gp_lo                        3.63
xc1arrn.x128.bp                        0.99825
xc1arrn.x128.gp_in                 2.21972e-09
xc1arrn.x128.gp_rel                       3.63
xc1arrn.x128.gp_hi                        3.63
xc1arrn.x128.gp_lo                        3.63
xc1arrn.x64.bp                         0.99825
xc1arrn.x64.gp_in                  2.21972e-09
xc1arrn.x64.gp_rel                        3.63
xc1arrn.x64.gp_hi                         3.63
xc1arrn.x64.gp_lo                         3.63
xc1arrn.x32.bp                         0.99825
xc1arrn.x32.gp_in                  2.21972e-09
xc1arrn.x32.gp_rel                        3.63
xc1arrn.x32.gp_hi                         3.63
xc1arrn.x32.gp_lo                         3.63
xc1arrn.x16.bp                         0.99825
xc1arrn.x16.gp_in                  2.21972e-09
xc1arrn.x16.gp_rel                        3.63
xc1arrn.x16.gp_hi                         3.63
xc1arrn.x16.gp_lo                         3.63
xc1arrn.x8.bp                          0.99825
xc1arrn.x8.gp_in                   2.21972e-09
xc1arrn.x8.gp_rel                         3.63
xc1arrn.x8.gp_hi                          3.63
xc1arrn.x8.gp_lo                          3.63
xc1arrn.x4.bp                          0.99825
xc1arrn.x4.gp_in                   2.21972e-09
xc1arrn.x4.gp_rel                         3.63
xc1arrn.x4.gp_hi                          3.63
xc1arrn.x4.gp_lo                          3.63
xc1arrn.x2.bp                          0.99825
xc1arrn.x2.gp_in                   2.21972e-09
xc1arrn.x2.gp_rel                         3.63
xc1arrn.x2.gp_hi                          3.63
xc1arrn.x2.gp_lo                          3.63
xc1arrn.x1.bp                          0.99825
xc1arrn.x1.gp_in                   2.21972e-09
xc1arrn.x1.gp_rel                         3.63
xc1arrn.x1.gp_hi                          3.63
xc1arrn.x1.gp_lo                          3.63
c1_ib                                 0.753672
xc1cmp.xpre.ptail                     0.889101
xc1cmp.pon                             2.84206
xc1cmp.preamp_in1                        1.815
xc1cmp.pop                             2.84206
xc1cmp.preamp_in2                        1.815
xc1cmp.xpre.xrlp.11                    3.62983
xc1cmp.xpre.xrlp.21                    2.84223
xc1cmp.xpre.xrln.11                    3.62983
xc1cmp.xpre.xrln.21                    2.84223
xc1cmp.xlat.ltail                      2.13033
xc1cmp.xlat.dip                           3.63
xc1cmp.xlat.din                           3.63
xc1cmp.outn                               3.63
xc1cmp.outp                               3.63
xc1cmp.sset                        7.02878e-09
xc1cmp.srst                        7.02878e-09
xc1cmp.xno1.ps                         3.37125
c1_do                                  1.49269
c1_dob                                 1.49269
xc1cmp.xno2.ps                         3.37125
c1_dp                              3.75898e-10
c1_dn                             -3.76127e-10
c1_dd                              7.52031e-10
c2_srcp                                2.63175
c2_pinp                                2.63175
xc2tswp.gp                         2.21972e-09
c2_topp                                  1.815
xc2arrp.x256.bp                        2.63175
xc2arrp.x256.gp_in                 2.21972e-09
xc2arrp.x256.gp_rel                       3.63
xc2arrp.x256.gp_hi                        3.63
xc2arrp.x256.gp_lo                        3.63
xc2arrp.x128.bp                        2.63175
xc2arrp.x128.gp_in                 2.21972e-09
xc2arrp.x128.gp_rel                       3.63
xc2arrp.x128.gp_hi                        3.63
xc2arrp.x128.gp_lo                        3.63
xc2arrp.x64.bp                         2.63175
xc2arrp.x64.gp_in                  2.21972e-09
xc2arrp.x64.gp_rel                        3.63
xc2arrp.x64.gp_hi                         3.63
xc2arrp.x64.gp_lo                         3.63
xc2arrp.x32.bp                         2.63175
xc2arrp.x32.gp_in                  2.21972e-09
xc2arrp.x32.gp_rel                        3.63
xc2arrp.x32.gp_hi                         3.63
xc2arrp.x32.gp_lo                         3.63
xc2arrp.x16.bp                         2.63175
xc2arrp.x16.gp_in                  2.21972e-09
xc2arrp.x16.gp_rel                        3.63
xc2arrp.x16.gp_hi                         3.63
xc2arrp.x16.gp_lo                         3.63
xc2arrp.x8.bp                          2.63175
xc2arrp.x8.gp_in                   2.21972e-09
xc2arrp.x8.gp_rel                         3.63
xc2arrp.x8.gp_hi                          3.63
xc2arrp.x8.gp_lo                          3.63
xc2arrp.x4.bp                          2.63175
xc2arrp.x4.gp_in                   2.21972e-09
xc2arrp.x4.gp_rel                         3.63
xc2arrp.x4.gp_hi                          3.63
xc2arrp.x4.gp_lo                          3.63
xc2arrp.x2.bp                          2.63175
xc2arrp.x2.gp_in                   2.21972e-09
xc2arrp.x2.gp_rel                         3.63
xc2arrp.x2.gp_hi                          3.63
xc2arrp.x2.gp_lo                          3.63
xc2arrp.x1.bp                          2.63175
xc2arrp.x1.gp_in                   2.21972e-09
xc2arrp.x1.gp_rel                         3.63
xc2arrp.x1.gp_hi                          3.63
xc2arrp.x1.gp_lo                          3.63
c2_srcn                                0.99825
c2_pinn                                0.99825
xc2tswn.gp                         2.21972e-09
c2_topn                                  1.815
xc2arrn.x256.bp                        0.99825
xc2arrn.x256.gp_in                 2.21972e-09
xc2arrn.x256.gp_rel                       3.63
xc2arrn.x256.gp_hi                        3.63
xc2arrn.x256.gp_lo                        3.63
xc2arrn.x128.bp                        0.99825
xc2arrn.x128.gp_in                 2.21972e-09
xc2arrn.x128.gp_rel                       3.63
xc2arrn.x128.gp_hi                        3.63
xc2arrn.x128.gp_lo                        3.63
xc2arrn.x64.bp                         0.99825
xc2arrn.x64.gp_in                  2.21972e-09
xc2arrn.x64.gp_rel                        3.63
xc2arrn.x64.gp_hi                         3.63
xc2arrn.x64.gp_lo                         3.63
xc2arrn.x32.bp                         0.99825
xc2arrn.x32.gp_in                  2.21972e-09
xc2arrn.x32.gp_rel                        3.63
xc2arrn.x32.gp_hi                         3.63
xc2arrn.x32.gp_lo                         3.63
xc2arrn.x16.bp                         0.99825
xc2arrn.x16.gp_in                  2.21972e-09
xc2arrn.x16.gp_rel                        3.63
xc2arrn.x16.gp_hi                         3.63
xc2arrn.x16.gp_lo                         3.63
xc2arrn.x8.bp                          0.99825
xc2arrn.x8.gp_in                   2.21972e-09
xc2arrn.x8.gp_rel                         3.63
xc2arrn.x8.gp_hi                          3.63
xc2arrn.x8.gp_lo                          3.63
xc2arrn.x4.bp                          0.99825
xc2arrn.x4.gp_in                   2.21972e-09
xc2arrn.x4.gp_rel                         3.63
xc2arrn.x4.gp_hi                          3.63
xc2arrn.x4.gp_lo                          3.63
xc2arrn.x2.bp                          0.99825
xc2arrn.x2.gp_in                   2.21972e-09
xc2arrn.x2.gp_rel                         3.63
xc2arrn.x2.gp_hi                          3.63
xc2arrn.x2.gp_lo                          3.63
xc2arrn.x1.bp                          0.99825
xc2arrn.x1.gp_in                   2.21972e-09
xc2arrn.x1.gp_rel                         3.63
xc2arrn.x1.gp_hi                          3.63
xc2arrn.x1.gp_lo                          3.63
c2_ib                                 0.753672
xc2cmp.xpre.ptail                     0.889101
xc2cmp.pon                             2.84206
xc2cmp.preamp_in1                        1.815
xc2cmp.pop                             2.84206
xc2cmp.preamp_in2                        1.815
xc2cmp.xpre.xrlp.11                    3.62983
xc2cmp.xpre.xrlp.21                    2.84223
xc2cmp.xpre.xrln.11                    3.62983
xc2cmp.xpre.xrln.21                    2.84223
xc2cmp.xlat.ltail                      2.13033
xc2cmp.xlat.dip                           3.63
xc2cmp.xlat.din                           3.63
xc2cmp.outn                               3.63
xc2cmp.outp                               3.63
xc2cmp.sset                        7.02878e-09
xc2cmp.srst                        7.02878e-09
xc2cmp.xno1.ps                         3.37125
c2_do                                  1.49269
c2_dob                                 1.49269
xc2cmp.xno2.ps                         3.37125
c2_dp                              3.75835e-10
c2_dn                             -3.76127e-10
c2_dd                              7.51975e-10
r0_s                                    0.1815
r0_d                                    0.1805
r1_s                                   0.99825
r1_d                                   0.99725
r2_s                                     1.815
r2_d                                     1.814
r3_s                                   2.63175
r3_d                                   2.63075
r4_s                                    3.4485
r4_d                                    3.4475
bc2dd#branch                                 0
bc2dn#branch                                 0
bc2dp#branch                                 0
bc1dd#branch                                 0
bc1dn#branch                                 0
bc1dp#branch                                 0
bc0dd#branch                                 0
bc0dn#branch                                 0
bc0dp#branch                                 0
bb3d#branch                                  0
bb4d#branch                                  0
ba4dd#branch                                 0
ba4dn#branch                                 0
ba4dp#branch                                 0
ba3dd#branch                                 0
ba3dn#branch                                 0
ba3dp#branch                                 0
ba2dd#branch                                 0
ba2dn#branch                                 0
ba2dp#branch                                 0
ba1dd#branch                                 0
ba1dn#branch                                 0
ba1dp#branch                                 0
ba0dd#branch                                 0
ba0dn#branch                                 0
ba0dp#branch                                 0
vr4d#branch                        4.08626e-05
vr4s#branch                       -4.08627e-05
vr3d#branch                        3.16629e-05
vr3s#branch                       -3.16629e-05
vr2d#branch                        4.56581e-05
vr2s#branch                       -4.56581e-05
vr1d#branch                        4.78823e-05
vr1s#branch                       -4.78823e-05
vr0d#branch                        5.79142e-05
vr0s#branch                       -5.79142e-05
v.xc2cmp.vpn#branch                1.67821e-19
v.xc2cmp.vpp#branch               -1.71578e-18
vc2srcn#branch                     6.45392e-11
vc2srcp#branch                    -1.18588e-10
v.xc1cmp.vpn#branch                1.67821e-19
v.xc1cmp.vpp#branch                2.07694e-19
vc1srcn#branch                     6.45392e-11
vc1srcp#branch                    -1.18588e-10
v.xc0cmp.vpn#branch                3.34821e-19
v.xc0cmp.vpp#branch               -1.71578e-18
vc0srcn#branch                     6.45392e-11
vc0srcp#branch                    -1.18588e-10
v.xb3cmp.vpn#branch                          0
v.xb3cmp.vpp#branch                4.99246e-19
v.xb4cmp.vpn#branch                          0
v.xb4cmp.vpp#branch                4.99246e-19
v.xa4cmp.vpn#branch                7.11397e-19
v.xa4cmp.vpp#branch               -2.65745e-19
va4srcn#branch                     1.97954e-10
va4srcp#branch                    -2.37925e-10
v.xa3cmp.vpn#branch                1.30921e-19
v.xa3cmp.vpp#branch                1.20605e-18
va3srcn#branch                     6.45392e-11
va3srcp#branch                    -1.18588e-10
v.xa2cmp.vpn#branch               -1.96571e-20
v.xa2cmp.vpp#branch               -1.75438e-18
va2srcn#branch                    -2.24803e-11
va2srcp#branch                    -2.24803e-11
v.xa1cmp.vpn#branch               -1.65549e-18
v.xa1cmp.vpp#branch                1.30921e-19
va1srcn#branch                    -1.18588e-10
va1srcp#branch                     6.45392e-11
v.xa0cmp.vpn#branch               -2.65745e-19
v.xa0cmp.vpp#branch               -1.57975e-18
va0srcn#branch                    -2.37925e-10
va0srcp#branch                     1.97954e-10
vbrel#branch                                 0
vlo256#branch                                0
vhi256#branch                                0
vnrel256#branch                              0
vnrel#branch                                 0
vsmpbp#branch                                0
vsmptp#branch                                0
vcmpstrobe#branch                            0
vonl#branch                                  0
vonh#branch                                  0
vcms#branch                        -4.5011e-11
vrefs#branch                      -6.04715e-10
vddc#branch                        -0.00785136
vddt#branch                       -1.57387e-10
vddd#branch                       -5.91142e-09

 Reference value :  0.00000e+00
 Reference value :  4.02400e-10
 Reference value :  1.60240e-09
 Reference value :  2.01413e-09
 Reference value :  2.24991e-09
 Reference value :  3.09975e-09
 Reference value :  3.99975e-09
 Reference value :  5.09975e-09
 Reference value :  6.39975e-09
 Reference value :  7.59975e-09
 Reference value :  8.89975e-09
 Reference value :  1.01997e-08
 Reference value :  1.14997e-08
 Reference value :  1.27997e-08
 Reference value :  1.39997e-08
 Reference value :  1.52997e-08
 Reference value :  1.65997e-08
 Reference value :  1.78997e-08
 Reference value :  1.91997e-08
 Reference value :  2.05997e-08
 Reference value :  2.19997e-08
 Reference value :  2.32997e-08
 Reference value :  2.45997e-08
 Reference value :  2.58997e-08
 Reference value :  2.71997e-08
 Reference value :  2.84997e-08
 Reference value :  2.97997e-08
 Reference value :  3.10997e-08
 Reference value :  3.23997e-08
 Reference value :  3.36997e-08
 Reference value :  3.49997e-08
 Reference value :  3.62997e-08
 Reference value :  3.75997e-08
 Reference value :  3.88997e-08
 Reference value :  4.03997e-08
 Reference value :  4.16997e-08
 Reference value :  4.29997e-08
 Reference value :  4.42997e-08
 Reference value :  4.55997e-08
 Reference value :  4.67997e-08
 Reference value :  4.80997e-08
 Reference value :  4.93997e-08
 Reference value :  5.06997e-08
 Reference value :  5.19997e-08
 Reference value :  5.32997e-08
 Reference value :  5.45997e-08
 Reference value :  5.58997e-08
 Reference value :  5.71997e-08
 Reference value :  5.84997e-08
 Reference value :  5.97997e-08
 Reference value :  6.10997e-08
 Reference value :  6.23997e-08
 Reference value :  6.36997e-08
 Reference value :  6.49997e-08
 Reference value :  6.62997e-08
 Reference value :  6.75997e-08
 Reference value :  6.88997e-08
 Reference value :  7.01997e-08
 Reference value :  7.14997e-08
 Reference value :  7.27997e-08
 Reference value :  7.40997e-08
 Reference value :  7.53997e-08
 Reference value :  7.66997e-08
 Reference value :  7.78997e-08
 Reference value :  7.91997e-08
 Reference value :  8.04997e-08
 Reference value :  8.17997e-08
 Reference value :  8.30997e-08
 Reference value :  8.43997e-08
 Reference value :  8.56997e-08
 Reference value :  8.69997e-08
 Reference value :  8.82997e-08
 Reference value :  8.95997e-08
 Reference value :  9.08997e-08
 Reference value :  9.21997e-08
 Reference value :  9.34997e-08
 Reference value :  9.47997e-08
 Reference value :  9.60997e-08
 Reference value :  9.72997e-08
 Reference value :  9.84997e-08
 Reference value :  9.96997e-08
 Reference value :  1.01000e-07
 Reference value :  1.02300e-07
 Reference value :  1.03500e-07
 Reference value :  1.04800e-07
 Reference value :  1.06100e-07
 Reference value :  1.07300e-07
 Reference value :  1.08500e-07
 Reference value :  1.09700e-07
 Reference value :  1.10800e-07
 Reference value :  1.12000e-07
 Reference value :  1.13000e-07
 Reference value :  1.14200e-07
 Reference value :  1.15500e-07
 Reference value :  1.16600e-07
 Reference value :  1.17900e-07
 Reference value :  1.19200e-07
 Reference value :  1.20400e-07
 Reference value :  1.21400e-07
 Reference value :  1.22300e-07
 Reference value :  1.23300e-07
 Reference value :  1.24300e-07
 Reference value :  1.25300e-07
 Reference value :  1.26200e-07
 Reference value :  1.27200e-07
 Reference value :  1.28200e-07
 Reference value :  1.29100e-07
 Reference value :  1.30100e-07
 Reference value :  1.31100e-07
 Reference value :  1.32000e-07
 Reference value :  1.33000e-07
 Reference value :  1.34000e-07
 Reference value :  1.34900e-07
 Reference value :  1.36000e-07
 Reference value :  1.36900e-07
 Reference value :  1.37900e-07
 Reference value :  1.38800e-07
 Reference value :  1.39700e-07
 Reference value :  1.40600e-07
 Reference value :  1.41600e-07
 Reference value :  1.42500e-07
 Reference value :  1.43400e-07
 Reference value :  1.44300e-07
 Reference value :  1.45300e-07
 Reference value :  1.46300e-07
 Reference value :  1.47200e-07
 Reference value :  1.48200e-07
 Reference value :  1.49200e-07
 Reference value :  1.50400e-07
 Reference value :  1.51300e-07
 Reference value :  1.52200e-07
 Reference value :  1.53100e-07
 Reference value :  1.54000e-07
 Reference value :  1.54900e-07
 Reference value :  1.55900e-07
 Reference value :  1.56800e-07
 Reference value :  1.57800e-07
 Reference value :  1.58700e-07
 Reference value :  1.59700e-07
 Reference value :  1.60700e-07
 Reference value :  1.61700e-07
 Reference value :  1.62700e-07
 Reference value :  1.63600e-07
 Reference value :  1.64600e-07
 Reference value :  1.65500e-07
 Reference value :  1.66500e-07
 Reference value :  1.67500e-07
 Reference value :  1.68400e-07
 Reference value :  1.69400e-07
 Reference value :  1.70400e-07
 Reference value :  1.71300e-07
 Reference value :  1.72300e-07
 Reference value :  1.73300e-07
 Reference value :  1.74200e-07
 Reference value :  1.75100e-07
 Reference value :  1.76000e-07
 Reference value :  1.76900e-07
 Reference value :  1.77900e-07
 Reference value :  1.79200e-07
 Reference value :  1.80500e-07
 Reference value :  1.81800e-07
 Reference value :  1.83100e-07
 Reference value :  1.84300e-07
 Reference value :  1.85600e-07
 Reference value :  1.86900e-07
 Reference value :  1.87521e-07
 Reference value :  1.87637e-07
 Reference value :  1.88186e-07
 Reference value :  1.89486e-07
 Reference value :  1.90786e-07
 Reference value :  1.92086e-07
 Reference value :  1.93386e-07
 Reference value :  1.94686e-07
 Reference value :  1.95986e-07
 Reference value :  1.97286e-07
 Reference value :  1.98586e-07
 Reference value :  1.99886e-07
 Reference value :  2.01186e-07
 Reference value :  2.02386e-07
 Reference value :  2.03686e-07
 Reference value :  2.04986e-07
 Reference value :  2.06286e-07
 Reference value :  2.07586e-07
 Reference value :  2.08886e-07
 Reference value :  2.10186e-07
 Reference value :  2.11486e-07
 Reference value :  2.12786e-07
 Reference value :  2.14086e-07
 Reference value :  2.15686e-07
 Reference value :  2.16986e-07
 Reference value :  2.18286e-07
 Reference value :  2.19586e-07
 Reference value :  2.20886e-07
 Reference value :  2.22186e-07
 Reference value :  2.23486e-07
 Reference value :  2.24786e-07
 Reference value :  2.26086e-07
 Reference value :  2.27386e-07
 Reference value :  2.28686e-07
 Reference value :  2.29986e-07
 Reference value :  2.31286e-07
 Reference value :  2.32586e-07
 Reference value :  2.33886e-07
 Reference value :  2.35186e-07
 Reference value :  2.36486e-07
 Reference value :  2.37786e-07
 Reference value :  2.39086e-07
 Reference value :  2.40386e-07
 Reference value :  2.41686e-07
 Reference value :  2.42986e-07
 Reference value :  2.44286e-07
 Reference value :  2.45586e-07
 Reference value :  2.46886e-07
 Reference value :  2.48186e-07
 Reference value :  2.49486e-07
 Reference value :  2.50041e-07
 Reference value :  2.50142e-07
 Reference value :  2.50285e-07
 Reference value :  2.51318e-07
 Reference value :  2.52618e-07
 Reference value :  2.53918e-07
 Reference value :  2.55318e-07
 Reference value :  2.56618e-07
 Reference value :  2.57918e-07
 Reference value :  2.59218e-07
 Reference value :  2.60518e-07
 Reference value :  2.61818e-07
 Reference value :  2.63118e-07
 Reference value :  2.64418e-07
 Reference value :  2.65718e-07
 Reference value :  2.67018e-07
 Reference value :  2.68318e-07
 Reference value :  2.69618e-07
 Reference value :  2.70918e-07
 Reference value :  2.72318e-07
 Reference value :  2.73618e-07
 Reference value :  2.74918e-07
 Reference value :  2.76218e-07
 Reference value :  2.77518e-07
 Reference value :  2.78818e-07
 Reference value :  2.80118e-07
 Reference value :  2.81418e-07
 Reference value :  2.82718e-07
 Reference value :  2.84118e-07
 Reference value :  2.85518e-07
 Reference value :  2.86918e-07
 Reference value :  2.88218e-07
 Reference value :  2.89518e-07
 Reference value :  2.90818e-07
 Reference value :  2.92118e-07
 Reference value :  2.93418e-07
 Reference value :  2.94718e-07
 Reference value :  2.96018e-07
 Reference value :  2.97318e-07
 Reference value :  2.98618e-07
 Reference value :  2.99918e-07
 Reference value :  3.01218e-07
 Reference value :  3.02518e-07
 Reference value :  3.03818e-07
 Reference value :  3.05118e-07
 Reference value :  3.06418e-07
 Reference value :  3.07718e-07
 Reference value :  3.09018e-07
 Reference value :  3.10318e-07
 Reference value :  3.11618e-07
 Reference value :  3.12918e-07
 Reference value :  3.14218e-07
 Reference value :  3.15618e-07
 Reference value :  3.16918e-07
 Reference value :  3.18218e-07
 Reference value :  3.19518e-07
 Reference value :  3.20818e-07
 Reference value :  3.22118e-07
 Reference value :  3.23418e-07
 Reference value :  3.24718e-07
 Reference value :  3.26018e-07
 Reference value :  3.27318e-07
 Reference value :  3.28918e-07
 Reference value :  3.30218e-07
 Reference value :  3.31518e-07
 Reference value :  3.32818e-07
 Reference value :  3.34118e-07
 Reference value :  3.35418e-07
 Reference value :  3.36718e-07
 Reference value :  3.38018e-07
 Reference value :  3.39318e-07
 Reference value :  3.40618e-07
 Reference value :  3.41918e-07
 Reference value :  3.43218e-07
 Reference value :  3.44518e-07
 Reference value :  3.45818e-07
 Reference value :  3.47118e-07
 Reference value :  3.48418e-07
 Reference value :  3.49718e-07
 Reference value :  3.51018e-07
 Reference value :  3.52318e-07
 Reference value :  3.53618e-07
 Reference value :  3.54918e-07
 Reference value :  3.56218e-07
 Reference value :  3.57518e-07
 Reference value :  3.58818e-07
 Reference value :  3.60118e-07
 Reference value :  3.61418e-07
 Reference value :  3.62618e-07
 Reference value :  3.63818e-07
 Reference value :  3.65018e-07
 Reference value :  3.66318e-07
 Reference value :  3.67618e-07
 Reference value :  3.68918e-07
 Reference value :  3.70218e-07
 Reference value :  3.71518e-07
 Reference value :  3.72718e-07
 Reference value :  3.73918e-07
 Reference value :  3.75004e-07
 Reference value :  3.75107e-07
 Reference value :  3.75343e-07
 Reference value :  3.76143e-07
 Reference value :  3.77043e-07
 Reference value :  3.77843e-07
 Reference value :  3.78743e-07
 Reference value :  3.79743e-07
 Reference value :  3.80843e-07
 Reference value :  3.82043e-07
 Reference value :  3.83243e-07
 Reference value :  3.84443e-07
 Reference value :  3.85643e-07
 Reference value :  3.86843e-07
 Reference value :  3.88143e-07
 Reference value :  3.89443e-07
 Reference value :  3.90743e-07
 Reference value :  3.92043e-07
 Reference value :  3.93343e-07
 Reference value :  3.94643e-07
 Reference value :  3.95943e-07
 Reference value :  3.97243e-07
 Reference value :  3.98543e-07
 Reference value :  3.99843e-07
 Reference value :  4.01143e-07
 Reference value :  4.02443e-07
 Reference value :  4.03743e-07
 Reference value :  4.05043e-07
 Reference value :  4.06343e-07
 Reference value :  4.07643e-07
 Reference value :  4.08943e-07
 Reference value :  4.10243e-07
 Reference value :  4.11543e-07
 Reference value :  4.12843e-07
 Reference value :  4.14143e-07
 Reference value :  4.15443e-07
 Reference value :  4.16743e-07
 Reference value :  4.18043e-07
 Reference value :  4.19343e-07
 Reference value :  4.20643e-07
 Reference value :  4.21943e-07
 Reference value :  4.23243e-07
 Reference value :  4.24543e-07
 Reference value :  4.25843e-07
 Reference value :  4.27143e-07
 Reference value :  4.28443e-07
 Reference value :  4.29743e-07
 Reference value :  4.31043e-07
 Reference value :  4.32343e-07
 Reference value :  4.33643e-07
 Reference value :  4.34943e-07
 Reference value :  4.36243e-07
 Reference value :  4.37543e-07
 Reference value :  4.38843e-07
 Reference value :  4.40143e-07
 Reference value :  4.41443e-07
 Reference value :  4.42743e-07
 Reference value :  4.44043e-07
 Reference value :  4.45343e-07
 Reference value :  4.46643e-07
 Reference value :  4.47943e-07
 Reference value :  4.49243e-07
 Reference value :  4.50543e-07
 Reference value :  4.51843e-07
 Reference value :  4.53143e-07
 Reference value :  4.54443e-07
 Reference value :  4.55743e-07
 Reference value :  4.57043e-07
 Reference value :  4.58343e-07
 Reference value :  4.59643e-07
 Reference value :  4.60943e-07
 Reference value :  4.62243e-07
 Reference value :  4.63543e-07
 Reference value :  4.64843e-07
 Reference value :  4.66143e-07
 Reference value :  4.67443e-07
 Reference value :  4.68743e-07
 Reference value :  4.70043e-07
 Reference value :  4.71343e-07
 Reference value :  4.72843e-07
 Reference value :  4.74343e-07
 Reference value :  4.75643e-07
 Reference value :  4.77043e-07
 Reference value :  4.78343e-07
 Reference value :  4.79643e-07
 Reference value :  4.80943e-07
 Reference value :  4.82243e-07
 Reference value :  4.83543e-07
 Reference value :  4.84843e-07
 Reference value :  4.86143e-07
 Reference value :  4.87443e-07
 Reference value :  4.88743e-07
 Reference value :  4.90043e-07
 Reference value :  4.91343e-07
 Reference value :  4.92643e-07
 Reference value :  4.93943e-07
 Reference value :  4.95243e-07
 Reference value :  4.96543e-07
 Reference value :  4.97843e-07
 Reference value :  4.99143e-07
 Reference value :  5.00443e-07
 Reference value :  5.01743e-07
 Reference value :  5.03043e-07
 Reference value :  5.04343e-07
 Reference value :  5.05643e-07
 Reference value :  5.06943e-07
 Reference value :  5.08343e-07
 Reference value :  5.09643e-07
 Reference value :  5.10943e-07
 Reference value :  5.12243e-07
 Reference value :  5.13543e-07
 Reference value :  5.14843e-07
 Reference value :  5.16143e-07
 Reference value :  5.17443e-07
 Reference value :  5.18743e-07
 Reference value :  5.20043e-07
 Reference value :  5.21343e-07
 Reference value :  5.22643e-07
 Reference value :  5.23943e-07
 Reference value :  5.25243e-07
 Reference value :  5.26543e-07
 Reference value :  5.27843e-07
 Reference value :  5.29143e-07
 Reference value :  5.30443e-07
 Reference value :  5.31743e-07
 Reference value :  5.33043e-07
 Reference value :  5.34343e-07
 Reference value :  5.35643e-07
 Reference value :  5.36943e-07
 Reference value :  5.38243e-07
 Reference value :  5.39543e-07
 Reference value :  5.40843e-07
 Reference value :  5.42143e-07
 Reference value :  5.43443e-07
 Reference value :  5.44743e-07
 Reference value :  5.46043e-07
 Reference value :  5.47343e-07
 Reference value :  5.48643e-07
 Reference value :  5.49943e-07
 Reference value :  5.51243e-07
 Reference value :  5.52543e-07
 Reference value :  5.53843e-07
 Reference value :  5.55143e-07
 Reference value :  5.56443e-07
 Reference value :  5.57743e-07
 Reference value :  5.59043e-07
 Reference value :  5.60343e-07
 Reference value :  5.61643e-07
 Reference value :  5.62943e-07
 Reference value :  5.64243e-07
 Reference value :  5.65543e-07
 Reference value :  5.66843e-07
 Reference value :  5.68143e-07
 Reference value :  5.69443e-07
 Reference value :  5.70743e-07
 Reference value :  5.72043e-07
 Reference value :  5.73343e-07
 Reference value :  5.74643e-07
 Reference value :  5.75943e-07
 Reference value :  5.77243e-07
 Reference value :  5.78543e-07
 Reference value :  5.79843e-07
 Reference value :  5.81143e-07
 Reference value :  5.82443e-07
 Reference value :  5.83743e-07
 Reference value :  5.85043e-07
 Reference value :  5.86343e-07
 Reference value :  5.87643e-07
 Reference value :  5.88943e-07
 Reference value :  5.90243e-07
 Reference value :  5.91543e-07
 Reference value :  5.92843e-07
 Reference value :  5.94143e-07
 Reference value :  5.95443e-07
 Reference value :  5.96743e-07
 Reference value :  5.98043e-07
 Reference value :  5.99343e-07
No. of Data Rows : 6060
a0prep              =  -7.49319e-10
a0tpp               =  1.92463e-01
a0bpp               =  4.56288e+02
a0pren              =  7.54918e-10
a0tpn               =  1.96151e-01
a0bpn               =  -4.55651e+02
a0hld               =  9.11939e+02
a0res               =  1.25970e+03
a1prep              =  -3.73434e-10
a1tpp               =  1.94895e-01
a1bpp               =  2.28435e+02
a1pren              =  3.76589e-10
a1tpn               =  1.99658e-01
a1bpn               =  -2.27696e+02
a1hld               =  4.56131e+02
a1res               =  9.63319e+02
a2prep              =  4.89600e-12
a2tpp               =  1.95104e-01
a2bpp               =  1.94932e-01
a2pren              =  1.57686e-12
a2tpn               =  1.95104e-01
a2bpn               =  1.94932e-01
a2hld               =  3.24319e-11
a2res               =  5.07850e+02
a3prep              =  3.77465e-10
a3tpp               =  1.99658e-01
a3bpp               =  -2.27696e+02
a3pren              =  -3.76190e-10
a3tpn               =  1.94895e-01
a3bpn               =  2.28435e+02
a3hld               =  -4.56131e+02
a3res               =  5.13791e+01
a4prep              =  7.52412e-10
a4tpp               =  1.96151e-01
a4bpp               =  -4.55651e+02
a4pren              =  -7.50950e-10
a4tpn               =  1.92463e-01
a4bpn               =  4.56288e+02
a4hld               =  -9.11939e+02
a4res               =  -4.04418e+02
c0prep              =  3.78341e-10
c0tpp               =  1.99186e-01
c0bpp               =  -2.27441e+02
c0pren              =  -3.72994e-10
c0tpn               =  1.94891e-01
c0bpn               =  2.28435e+02
c0hld               =  -4.55876e+02
c0res               =  5.13498e+01
c1prep              =  3.78716e-10
c1tpp               =  1.98256e-01
c1bpp               =  -2.26932e+02
c1pren              =  -3.72682e-10
c1tpn               =  1.94883e-01
c1bpn               =  2.28435e+02
c1hld               =  -4.55367e+02
c1res               =  5.12914e+01
c2prep              =  3.77338e-10
c2tpp               =  1.95130e-01
c2bpp               =  -2.25168e+02
c2pren              =  -3.72556e-10
c2tpn               =  1.94856e-01
c2bpn               =  2.28435e+02
c2hld               =  -4.53603e+02
c2res               =  5.10892e+01
b4set               =  2.54316e+02
b4fin               =  2.54316e+02
b4pre               =  1.93538e-01
b3set               =  2.54317e+02
b3fin               =  2.54317e+02
b3pre               =  1.94416e-01
ron0                =  5.79142e-05
ron1                =  4.78823e-05
ron2                =  4.56581e-05
ron3                =  3.16629e-05
ron4                =  4.08626e-05
m_tp_inj_p_l0_lsb = 1.9246250075e-01
m_tp_inj_n_l0_lsb = 1.9615099925e-01
m_tp_inj_mis_l0_lsb = -3.688498496e-03
m_tp_inj_p_l1_lsb = 1.9489530037e-01
m_tp_inj_n_l1_lsb = 1.9965759962e-01
m_tp_inj_mis_l1_lsb = -4.762299250e-03
m_tp_inj_p_l2_lsb = 1.9510370000e-01
m_tp_inj_n_l2_lsb = 1.9510370000e-01
m_tp_inj_mis_l2_lsb = -3.319150510e-12
m_tp_inj_p_l3_lsb = 1.9965759962e-01
m_tp_inj_n_l3_lsb = 1.9489530038e-01
m_tp_inj_mis_l3_lsb = 4.7622992463e-03
m_tp_inj_p_l4_lsb = 1.9615099925e-01
m_tp_inj_n_l4_lsb = 1.9246250075e-01
m_tp_inj_mis_l4_lsb = 3.6884984966e-03
m_tp_inj_signal_dep_lsb = 7.1950988732e-03
m_bp_inj_p_lsb = -1.719000000e-04
m_bp_inj_n_lsb = -1.719000000e-04
m_bp_inj_mis_lsb = 0.0000000000e+00
m_hold_l0_lsb = 9.1193870000e+02
m_res_l0_lsb = 1.2596990000e+03
m_hold_l1_lsb = 4.5613140000e+02
m_res_l1_lsb = 9.6331900000e+02
m_hold_l2_lsb = 3.2431930000e-11
m_res_l2_lsb = 5.0785000000e+02
m_hold_l3_lsb = -4.561314000e+02
m_res_l3_lsb = 5.1379090000e+01
m_hold_l4_lsb = -9.119387000e+02
m_res_l4_lsb = -4.044176000e+02
m_samp_span_lsb = -1.823877400e+03
m_samp_gain_ratio = 9.8951681858e-01
m_samp_gain_err_lsb = 1.9322600000e+01
m_samp_inl_l1_lsb = 1.6205000000e-01
m_samp_inl_l2_lsb = 3.2431930000e-11
m_samp_inl_l3_lsb = -1.620500000e-01
m_samp_inl_worst_lsb = 1.6205000000e-01
m_set_err_4leg_lsb = -1.000000000e-04
m_set_err_3leg_lsb = -1.000000000e-04
m_set_err_delta_lsb = -2.842170943e-14
m_step_4leg_lsb = 2.5412296250e+02
m_step_3leg_lsb = 2.5412298420e+02
m_dhold_dc0_lsb = 2.5540000000e-01
m_dres_dc0_lsb = -2.930000000e-02
m_dhold_dc1_lsb = 7.6450000000e-01
m_dres_dc1_lsb = -8.770000000e-02
m_dhold_dc2_lsb = 2.5287000000e+00
m_dres_dc2_lsb = -2.899400000e-01
m_dres_per_ff_lsb = -2.899400000e-03
m_ron_path_l0_ohm = 1.7266910521e+01
m_ron_cell_l0_ohm = 1.5540219469e+02
m_ron_path_l1_ohm = 2.0884548337e+01
m_ron_cell_l1_ohm = 1.8796093503e+02
m_ron_path_l2_ohm = 2.1901942812e+01
m_ron_cell_l2_ohm = 1.9711748531e+02
m_ron_path_l3_ohm = 3.1582704048e+01
m_ron_cell_l3_ohm = 2.8424433643e+02
m_ron_path_l4_ohm = 2.4472231848e+01
m_ron_cell_l4_ohm = 2.2025008663e+02
m_ron_path_worst_ohm = 3.1582704048e+01
Note: Simulation executed from .control section 

Warning: m=xx on .subckt line will override multiplier m hierarchy!

Note: Starting dynamic gmin stepping
Note: Dynamic gmin stepping completed
