
Note: No compatibility mode selected!


Circuit: * device-switch-ron @ tt_-40c_3.30v -- generated by sim/harness, do not edit

Doing analysis at TEMP = -40.000000 and TNOM = 27.000000

Using SPARSE 1.3 as Direct Linear Solver
 Reference value :  0.00000e+00
No. of Data Rows : 1
m_ron_n_f00 = 1.2860410532e+02
m_ron_n_f17 = 1.4372687972e+02
m_ron_n_f33 = 1.7312646294e+02
m_ron_n_f50 = 2.5698859757e+02
m_ron_n_f67 = 1.4749796075e+03
m_ron_n_f83 = 3.5430807818e+09
m_ron_n_f100 = 3.0120481928e+09
m_ron_p_f00 = 3.0303030303e+09
m_ron_p_f17 = 3.6363638775e+09
m_ron_p_f33 = 9.1616932823e+05
m_ron_p_f50 = 6.8023183519e+02
m_ron_p_f67 = 3.2682140006e+02
m_ron_p_f83 = 2.3178839114e+02
m_ron_p_f100 = 1.8607153946e+02
m_ron_t_f00 = 1.2860411078e+02
m_ron_t_f17 = 1.4372688541e+02
m_ron_t_f33 = 1.7309375380e+02
m_ron_t_f50 = 1.8652156871e+02
m_ron_t_f67 = 2.6754058765e+02
m_ron_t_f83 = 2.3178837597e+02
m_ron_t_f100 = 1.8607152797e+02
m_ron_t_max = 2.6754058765e+02
m_ron_t_min = 1.2860411078e+02
m_ron_t_flatness = 2.0803424247e+00
Note: Simulation executed from .control section 

