
Note: Compatibility modes selected: hs a


Circuit: * cdac-bit-settling @ mim_ff_-40c_3.63v -- generated by sim/harness, do not edit

Doing analysis at TEMP = -40.000000 and TNOM = 27.000000

Using SPARSE 1.3 as Direct Linear Solver

Initial Transient Solution
--------------------------

Node                                   Voltage
----                                   -------
vdd                                       3.63
nvcm                                     1.815
nclk_hi                                   3.63
nclk_lo                                      0
vbot_w1                                  1.815
vtop_w1                                  1.815
vbot_w16                                 1.815
vtop_w16                                 1.815
vbot_w64                                 1.815
vtop_w64                                 1.815
vbot_w256u                               1.815
vtop_w256u                               1.815
vbot_w256d                               1.815
vtop_w256d                               1.815
vclk_lo#branch                               0
vclk_hi#branch                               0
vvcm#branch                       -2.48415e-15
vsup#branch                       -4.92514e-11

 Reference value :  0.00000e+00
 Reference value :  2.13450e-08
 Reference value :  4.18950e-08
 Reference value :  6.31550e-08
 Reference value :  8.47450e-08
 Reference value :  1.06475e-07
 Reference value :  1.29125e-07
 Reference value :  1.51945e-07
 Reference value :  1.76165e-07
 Reference value :  1.98715e-07
 Reference value :  2.21455e-07
 Reference value :  2.45225e-07
 Reference value :  2.66815e-07
 Reference value :  2.88265e-07
 Reference value :  3.09055e-07
 Reference value :  3.30475e-07
 Reference value :  3.51005e-07
 Reference value :  3.71635e-07
 Reference value :  3.94545e-07
 Reference value :  4.19145e-07
 Reference value :  4.42765e-07
 Reference value :  4.65655e-07
 Reference value :  4.88335e-07
No. of Data Rows : 50013
vpre_w1             =  1.81500e+00
vearly_w1           =  1.81854e+00
v1msps_w1           =  1.81854e+00
v2msps_w1           =  1.81854e+00
vsettled_w1         =  1.81854e+00
vpre_w16            =  1.81500e+00
vearly_w16          =  1.87165e+00
v1msps_w16          =  1.87172e+00
v2msps_w16          =  1.87172e+00
vsettled_w16        =  1.87172e+00
vpre_w64            =  1.81500e+00
vearly_w64          =  2.00363e+00
v1msps_w64          =  2.04187e+00
v2msps_w64          =  2.04187e+00
vsettled_w64        =  2.04187e+00
vpre_w256u          =  1.81500e+00
vearly_w256u        =  2.28638e+00
v1msps_w256u        =  2.72250e+00
v2msps_w256u        =  2.72250e+00
vsettled_w256u      =  2.72250e+00
vpre_w256d          =  1.81500e+00
vearly_w256d        =  1.29953e+00
v1msps_w256d        =  9.07500e-01
v2msps_w256d        =  9.07500e-01
vsettled_w256d      =  9.07500e-01
m_step_w1_mv = 3.5450000000e+00
m_step_w16_mv = 5.6718000000e+01
m_step_w64_mv = 2.2687400000e+02
m_step_w256u_mv = 9.0750000000e+02
m_step_w256d_mv = -9.074999000e+02
m_err_1msps_w1_mv = 0.0000000000e+00
m_err_1msps_w16_mv = 0.0000000000e+00
m_err_1msps_w64_mv = 0.0000000000e+00
m_err_1msps_w256u_mv = 0.0000000000e+00
m_err_1msps_w256d_mv = -1.000000001e-04
m_err_2msps_w1_mv = 0.0000000000e+00
m_err_2msps_w16_mv = 0.0000000000e+00
m_err_2msps_w64_mv = 0.0000000000e+00
m_err_2msps_w256u_mv = 0.0000000000e+00
m_err_2msps_w256d_mv = -1.000000001e-04
m_lag_early_w1 = 0.0000000000e+00
m_lag_early_w16 = 1.2694382736e-03
m_lag_early_w64 = 1.6855170711e-01
m_lag_early_w256u = 4.8057520661e-01
m_lag_early_w256d = 4.3199002005e-01
m_lag_ord_256_64 = 3.1202349950e-01
m_lag_ord_64_16 = 1.6728226884e-01
m_lag_ord_16_1 = 1.2694382736e-03
Note: Simulation executed from .control section 

Warning: m=xx on .subckt line will override multiplier m hierarchy!

