
Note: Compatibility modes selected: hs a


Circuit: * cdac-bit-settling @ moscap_ss_27c_3.30v -- generated by sim/harness, do not edit

Doing analysis at TEMP = 27.000000 and TNOM = 27.000000

Using SPARSE 1.3 as Direct Linear Solver

Initial Transient Solution
--------------------------

Node                                   Voltage
----                                   -------
vdd                                        3.3
nvcm                                      1.65
nclk_hi                                    3.3
nclk_lo                                      0
vbot_w1                                   1.65
vtop_w1                                   1.65
vbot_w16                                  1.65
vtop_w16                                  1.65
vbot_w64                                  1.65
vtop_w64                                  1.65
vbot_w256u                                1.65
vtop_w256u                                1.65
vbot_w256d                                1.65
vtop_w256d                                1.65
vclk_lo#branch                               0
vclk_hi#branch                               0
vvcm#branch                       -1.97168e-12
vsup#branch                       -4.29122e-11

 Reference value :  2.63500e-09
 Reference value :  2.92050e-08
 Reference value :  5.29350e-08
 Reference value :  7.88350e-08
 Reference value :  1.03405e-07
 Reference value :  1.26735e-07
 Reference value :  1.51225e-07
 Reference value :  1.76475e-07
 Reference value :  2.00335e-07
 Reference value :  2.23435e-07
 Reference value :  2.47485e-07
 Reference value :  2.70725e-07
 Reference value :  2.92165e-07
 Reference value :  3.14965e-07
 Reference value :  3.37525e-07
 Reference value :  3.60905e-07
 Reference value :  3.84455e-07
 Reference value :  4.04715e-07
 Reference value :  4.27455e-07
 Reference value :  4.48105e-07
 Reference value :  4.68845e-07
 Reference value :  4.90345e-07
No. of Data Rows : 50013
vpre_w1             =  1.65000e+00
vearly_w1           =  1.65322e+00
v1msps_w1           =  1.65322e+00
v2msps_w1           =  1.65322e+00
vsettled_w1         =  1.65322e+00
vpre_w16            =  1.65000e+00
vearly_w16          =  1.70108e+00
v1msps_w16          =  1.70156e+00
v2msps_w16          =  1.70156e+00
vsettled_w16        =  1.70156e+00
vpre_w64            =  1.65000e+00
vearly_w64          =  1.79631e+00
v1msps_w64          =  1.85625e+00
v2msps_w64          =  1.85625e+00
vsettled_w64        =  1.85625e+00
vpre_w256u          =  1.65000e+00
vearly_w256u        =  1.98655e+00
v1msps_w256u        =  2.47500e+00
v2msps_w256u        =  2.47500e+00
vsettled_w256u      =  2.47500e+00
vpre_w256d          =  1.65000e+00
vearly_w256d        =  1.27832e+00
v1msps_w256d        =  8.25000e-01
v2msps_w256d        =  8.25000e-01
vsettled_w256d      =  8.25000e-01
m_step_w1_mv = 3.2230000000e+00
m_step_w16_mv = 5.1562000000e+01
m_step_w64_mv = 2.0624900000e+02
m_step_w256u_mv = 8.2500000000e+02
m_step_w256d_mv = -8.250000000e+02
m_err_1msps_w1_mv = 0.0000000000e+00
m_err_1msps_w16_mv = 0.0000000000e+00
m_err_1msps_w64_mv = 0.0000000000e+00
m_err_1msps_w256u_mv = 0.0000000000e+00
m_err_1msps_w256d_mv = 0.0000000000e+00
m_err_2msps_w1_mv = 0.0000000000e+00
m_err_2msps_w16_mv = 0.0000000000e+00
m_err_2msps_w64_mv = 0.0000000000e+00
m_err_2msps_w256u_mv = 0.0000000000e+00
m_err_2msps_w256d_mv = 0.0000000000e+00
m_lag_early_w1 = 0.0000000000e+00
m_lag_early_w16 = 9.3479694349e-03
m_lag_early_w64 = 2.9059049983e-01
m_lag_early_w256u = 5.9205575758e-01
m_lag_early_w256d = 5.4948363636e-01
m_lag_ord_256_64 = 3.0146525774e-01
m_lag_ord_64_16 = 2.8124253040e-01
m_lag_ord_16_1 = 9.3479694349e-03
Note: Simulation executed from .control section 

Warning: m=xx on .subckt line will override multiplier m hierarchy!

