
Note: Compatibility modes selected: hs a


Circuit: * cdac-bit-settling @ sf_27c_2.97v -- generated by sim/harness, do not edit

Doing analysis at TEMP = 27.000000 and TNOM = 27.000000

Using SPARSE 1.3 as Direct Linear Solver

Initial Transient Solution
--------------------------

Node                                   Voltage
----                                   -------
vdd                                       2.97
nvcm                                     1.485
nclk_hi                                   2.97
nclk_lo                                      0
vbot_w1                                  1.485
vtop_w1                                  1.485
vbot_w16                                 1.485
vtop_w16                                 1.485
vbot_w64                                 1.485
vtop_w64                                 1.485
vbot_w256u                               1.485
vtop_w256u                               1.485
vbot_w256d                               1.485
vtop_w256d                               1.485
vclk_lo#branch                               0
vclk_hi#branch                               0
vvcm#branch                        2.41235e-12
vsup#branch                       -4.03984e-11

 Reference value :  2.58500e-09
 Reference value :  2.52350e-08
 Reference value :  5.09350e-08
 Reference value :  7.45150e-08
 Reference value :  9.81150e-08
 Reference value :  1.21515e-07
 Reference value :  1.43835e-07
 Reference value :  1.66615e-07
 Reference value :  1.88065e-07
 Reference value :  2.08575e-07
 Reference value :  2.33395e-07
 Reference value :  2.55965e-07
 Reference value :  2.80665e-07
 Reference value :  3.05385e-07
 Reference value :  3.29505e-07
 Reference value :  3.55935e-07
 Reference value :  3.78855e-07
 Reference value :  4.00095e-07
 Reference value :  4.21225e-07
 Reference value :  4.41975e-07
 Reference value :  4.63235e-07
 Reference value :  4.83635e-07
No. of Data Rows : 50013
vpre_w1             =  1.48500e+00
vearly_w1           =  1.48790e+00
v1msps_w1           =  1.48790e+00
v2msps_w1           =  1.48790e+00
vsettled_w1         =  1.48790e+00
vpre_w16            =  1.48500e+00
vearly_w16          =  1.53100e+00
v1msps_w16          =  1.53141e+00
v2msps_w16          =  1.53141e+00
vsettled_w16        =  1.53141e+00
vpre_w64            =  1.48500e+00
vearly_w64          =  1.61679e+00
v1msps_w64          =  1.67062e+00
v2msps_w64          =  1.67062e+00
vsettled_w64        =  1.67062e+00
vpre_w256u          =  1.48500e+00
vearly_w256u        =  1.78135e+00
v1msps_w256u        =  2.22750e+00
v2msps_w256u        =  2.22750e+00
vsettled_w256u      =  2.22750e+00
vpre_w256d          =  1.48500e+00
vearly_w256d        =  1.19477e+00
v1msps_w256d        =  7.42500e-01
v2msps_w256d        =  7.42500e-01
vsettled_w256d      =  7.42500e-01
m_step_w1_mv = 2.9000000000e+00
m_step_w16_mv = 4.6406000000e+01
m_step_w64_mv = 1.8562400000e+02
m_step_w256u_mv = 7.4250000000e+02
m_step_w256d_mv = -7.425000000e+02
m_err_1msps_w1_mv = 0.0000000000e+00
m_err_1msps_w16_mv = 0.0000000000e+00
m_err_1msps_w64_mv = 0.0000000000e+00
m_err_1msps_w256u_mv = 0.0000000000e+00
m_err_1msps_w256d_mv = 0.0000000000e+00
m_err_2msps_w1_mv = 0.0000000000e+00
m_err_2msps_w16_mv = 0.0000000000e+00
m_err_2msps_w64_mv = 0.0000000000e+00
m_err_2msps_w256u_mv = 0.0000000000e+00
m_err_2msps_w256d_mv = 0.0000000000e+00
m_lag_early_w1 = 0.0000000000e+00
m_lag_early_w16 = 8.6626729302e-03
m_lag_early_w64 = 2.9004331336e-01
m_lag_early_w256u = 6.0087542088e-01
m_lag_early_w256d = 6.0912188552e-01
m_lag_ord_256_64 = 3.1083210751e-01
m_lag_ord_64_16 = 2.8138064043e-01
m_lag_ord_16_1 = 8.6626729302e-03
Note: Simulation executed from .control section 

Warning: m=xx on .subckt line will override multiplier m hierarchy!

