
Note: Compatibility modes selected: hs a


Circuit: * cdac-bit-settling @ ss_125c_3.63v -- generated by sim/harness, do not edit

Doing analysis at TEMP = 125.000000 and TNOM = 27.000000

Using SPARSE 1.3 as Direct Linear Solver

Initial Transient Solution
--------------------------

Node                                   Voltage
----                                   -------
vdd                                       3.63
nvcm                                     1.815
nclk_hi                                   3.63
nclk_lo                                      0
vbot_w1                                  1.815
vtop_w1                                  1.815
vbot_w16                                 1.815
vtop_w16                                 1.815
vbot_w64                                 1.815
vtop_w64                                 1.815
vbot_w256u                               1.815
vtop_w256u                               1.815
vbot_w256d                               1.815
vtop_w256d                               1.815
vclk_lo#branch                               0
vclk_hi#branch                               0
vvcm#branch                       -7.13181e-11
vsup#branch                       -8.29608e-11

 Reference value :  4.91500e-09
 Reference value :  3.04650e-08
 Reference value :  5.46550e-08
 Reference value :  7.74150e-08
 Reference value :  1.01105e-07
 Reference value :  1.24925e-07
 Reference value :  1.48755e-07
 Reference value :  1.70275e-07
 Reference value :  1.92265e-07
 Reference value :  2.13265e-07
 Reference value :  2.34825e-07
 Reference value :  2.54925e-07
 Reference value :  2.76185e-07
 Reference value :  2.96795e-07
 Reference value :  3.19265e-07
 Reference value :  3.41565e-07
 Reference value :  3.63605e-07
 Reference value :  3.88365e-07
 Reference value :  4.11965e-07
 Reference value :  4.33065e-07
 Reference value :  4.53795e-07
 Reference value :  4.75165e-07
 Reference value :  4.98365e-07
No. of Data Rows : 50013
vpre_w1             =  1.81500e+00
vearly_w1           =  1.81854e+00
v1msps_w1           =  1.81854e+00
v2msps_w1           =  1.81854e+00
vsettled_w1         =  1.81854e+00
vpre_w16            =  1.81500e+00
vearly_w16          =  1.86959e+00
v1msps_w16          =  1.87172e+00
v2msps_w16          =  1.87172e+00
vsettled_w16        =  1.87172e+00
vpre_w64            =  1.81500e+00
vearly_w64          =  1.94717e+00
v1msps_w64          =  2.04187e+00
v2msps_w64          =  2.04187e+00
vsettled_w64        =  2.04187e+00
vpre_w256u          =  1.81500e+00
vearly_w256u        =  2.10211e+00
v1msps_w256u        =  2.72250e+00
v2msps_w256u        =  2.72250e+00
vsettled_w256u      =  2.72250e+00
vpre_w256d          =  1.81500e+00
vearly_w256d        =  1.52029e+00
v1msps_w256d        =  9.07500e-01
v2msps_w256d        =  9.07500e-01
vsettled_w256d      =  9.07500e-01
m_step_w1_mv = 3.5450000000e+00
m_step_w16_mv = 5.6718000000e+01
m_step_w64_mv = 2.2687400000e+02
m_step_w256u_mv = 9.0750000000e+02
m_step_w256d_mv = -9.074999000e+02
m_err_1msps_w1_mv = 0.0000000000e+00
m_err_1msps_w16_mv = 0.0000000000e+00
m_err_1msps_w64_mv = 0.0000000000e+00
m_err_1msps_w256u_mv = 0.0000000000e+00
m_err_1msps_w256d_mv = -1.000000001e-04
m_err_2msps_w1_mv = 0.0000000000e+00
m_err_2msps_w16_mv = 0.0000000000e+00
m_err_2msps_w64_mv = 0.0000000000e+00
m_err_2msps_w256u_mv = 0.0000000000e+00
m_err_2msps_w256d_mv = -1.000000001e-04
m_lag_early_w1 = 0.0000000000e+00
m_lag_early_w16 = 3.7607108854e-02
m_lag_early_w64 = 4.1741671589e-01
m_lag_early_w256u = 6.8362865014e-01
m_lag_early_w256d = 6.7524955099e-01
m_lag_ord_256_64 = 2.6621193425e-01
m_lag_ord_64_16 = 3.7980960703e-01
m_lag_ord_16_1 = 3.7607108854e-02
Note: Simulation executed from .control section 

Warning: m=xx on .subckt line will override multiplier m hierarchy!

