
Note: Compatibility modes selected: hs a


Circuit: * cdac-bit-settling @ ss_27c_3.63v -- generated by sim/harness, do not edit

Doing analysis at TEMP = 27.000000 and TNOM = 27.000000

Using SPARSE 1.3 as Direct Linear Solver

Initial Transient Solution
--------------------------

Node                                   Voltage
----                                   -------
vdd                                       3.63
nvcm                                     1.815
nclk_hi                                   3.63
nclk_lo                                      0
vbot_w1                                  1.815
vtop_w1                                  1.815
vbot_w16                                 1.815
vtop_w16                                 1.815
vbot_w64                                 1.815
vtop_w64                                 1.815
vbot_w256u                               1.815
vtop_w256u                               1.815
vbot_w256d                               1.815
vtop_w256d                               1.815
vclk_lo#branch                               0
vclk_hi#branch                               0
vvcm#branch                       -1.50424e-13
vsup#branch                       -4.77573e-11

 Reference value :  1.07300e-09
 Reference value :  2.20050e-08
 Reference value :  4.32850e-08
 Reference value :  6.36650e-08
 Reference value :  8.46050e-08
 Reference value :  1.08275e-07
 Reference value :  1.32935e-07
 Reference value :  1.58335e-07
 Reference value :  1.83625e-07
 Reference value :  2.07785e-07
 Reference value :  2.34415e-07
 Reference value :  2.57625e-07
 Reference value :  2.82655e-07
 Reference value :  3.07185e-07
 Reference value :  3.30775e-07
 Reference value :  3.56045e-07
 Reference value :  3.79325e-07
 Reference value :  4.03845e-07
 Reference value :  4.27665e-07
 Reference value :  4.51285e-07
 Reference value :  4.74155e-07
 Reference value :  4.98935e-07
No. of Data Rows : 50013
vpre_w1             =  1.81500e+00
vearly_w1           =  1.81854e+00
v1msps_w1           =  1.81854e+00
v2msps_w1           =  1.81854e+00
vsettled_w1         =  1.81854e+00
vpre_w16            =  1.81500e+00
vearly_w16          =  1.87065e+00
v1msps_w16          =  1.87172e+00
v2msps_w16          =  1.87172e+00
vsettled_w16        =  1.87172e+00
vpre_w64            =  1.81500e+00
vearly_w64          =  1.96045e+00
v1msps_w64          =  2.04187e+00
v2msps_w64          =  2.04187e+00
vsettled_w64        =  2.04187e+00
vpre_w256u          =  1.81500e+00
vearly_w256u        =  2.13551e+00
v1msps_w256u        =  2.72250e+00
v2msps_w256u        =  2.72250e+00
vsettled_w256u      =  2.72250e+00
vpre_w256d          =  1.81500e+00
vearly_w256d        =  1.47335e+00
v1msps_w256d        =  9.07500e-01
v2msps_w256d        =  9.07500e-01
vsettled_w256d      =  9.07500e-01
m_step_w1_mv = 3.5450000000e+00
m_step_w16_mv = 5.6718000000e+01
m_step_w64_mv = 2.2687400000e+02
m_step_w256u_mv = 9.0750000000e+02
m_step_w256d_mv = -9.075000000e+02
m_err_1msps_w1_mv = 0.0000000000e+00
m_err_1msps_w16_mv = 0.0000000000e+00
m_err_1msps_w64_mv = 0.0000000000e+00
m_err_1msps_w256u_mv = 0.0000000000e+00
m_err_1msps_w256d_mv = 0.0000000000e+00
m_err_2msps_w1_mv = 0.0000000000e+00
m_err_2msps_w16_mv = 0.0000000000e+00
m_err_2msps_w64_mv = 0.0000000000e+00
m_err_2msps_w256u_mv = 0.0000000000e+00
m_err_2msps_w256d_mv = 0.0000000000e+00
m_lag_early_w1 = 0.0000000000e+00
m_lag_early_w16 = 1.8759476709e-02
m_lag_early_w64 = 3.5891728448e-01
m_lag_early_w256u = 6.4681873278e-01
m_lag_early_w256d = 6.2352506887e-01
m_lag_ord_256_64 = 2.8790144830e-01
m_lag_ord_64_16 = 3.4015780777e-01
m_lag_ord_16_1 = 1.8759476709e-02
Note: Simulation executed from .control section 

Warning: m=xx on .subckt line will override multiplier m hierarchy!

