
Note: Compatibility modes selected: hs a


Circuit: * cdac-bit-settling @ tt_27c_3.63v -- generated by sim/harness, do not edit

Doing analysis at TEMP = 27.000000 and TNOM = 27.000000

Using SPARSE 1.3 as Direct Linear Solver

Initial Transient Solution
--------------------------

Node                                   Voltage
----                                   -------
vdd                                       3.63
nvcm                                     1.815
nclk_hi                                   3.63
nclk_lo                                      0
vbot_w1                                  1.815
vtop_w1                                  1.815
vbot_w16                                 1.815
vtop_w16                                 1.815
vbot_w64                                 1.815
vtop_w64                                 1.815
vbot_w256u                               1.815
vtop_w256u                               1.815
vbot_w256d                               1.815
vtop_w256d                               1.815
vclk_lo#branch                               0
vclk_hi#branch                               0
vvcm#branch                        -2.2891e-12
vsup#branch                       -4.95295e-11

 Reference value :  1.17300e-09
 Reference value :  2.17950e-08
 Reference value :  4.27550e-08
 Reference value :  6.39450e-08
 Reference value :  8.47050e-08
 Reference value :  1.05235e-07
 Reference value :  1.26465e-07
 Reference value :  1.49115e-07
 Reference value :  1.71005e-07
 Reference value :  1.93525e-07
 Reference value :  2.15215e-07
 Reference value :  2.37395e-07
 Reference value :  2.60585e-07
 Reference value :  2.83435e-07
 Reference value :  3.05225e-07
 Reference value :  3.27065e-07
 Reference value :  3.48265e-07
 Reference value :  3.70275e-07
 Reference value :  3.91575e-07
 Reference value :  4.12365e-07
 Reference value :  4.33485e-07
 Reference value :  4.54745e-07
 Reference value :  4.75505e-07
 Reference value :  4.96705e-07
No. of Data Rows : 50013
vpre_w1             =  1.81500e+00
vearly_w1           =  1.81854e+00
v1msps_w1           =  1.81854e+00
v2msps_w1           =  1.81854e+00
vsettled_w1         =  1.81854e+00
vpre_w16            =  1.81500e+00
vearly_w16          =  1.87135e+00
v1msps_w16          =  1.87172e+00
v2msps_w16          =  1.87172e+00
vsettled_w16        =  1.87172e+00
vpre_w64            =  1.81500e+00
vearly_w64          =  1.98297e+00
v1msps_w64          =  2.04187e+00
v2msps_w64          =  2.04187e+00
vsettled_w64        =  2.04187e+00
vpre_w256u          =  1.81500e+00
vearly_w256u        =  2.21175e+00
v1msps_w256u        =  2.72250e+00
v2msps_w256u        =  2.72250e+00
vsettled_w256u      =  2.72250e+00
vpre_w256d          =  1.81500e+00
vearly_w256d        =  1.38847e+00
v1msps_w256d        =  9.07500e-01
v2msps_w256d        =  9.07500e-01
vsettled_w256d      =  9.07500e-01
m_step_w1_mv = 3.5450000000e+00
m_step_w16_mv = 5.6718000000e+01
m_step_w64_mv = 2.2687400000e+02
m_step_w256u_mv = 9.0750000000e+02
m_step_w256d_mv = -9.075000000e+02
m_err_1msps_w1_mv = 0.0000000000e+00
m_err_1msps_w16_mv = 0.0000000000e+00
m_err_1msps_w64_mv = 0.0000000000e+00
m_err_1msps_w256u_mv = 0.0000000000e+00
m_err_1msps_w256d_mv = 0.0000000000e+00
m_err_2msps_w1_mv = 0.0000000000e+00
m_err_2msps_w16_mv = 0.0000000000e+00
m_err_2msps_w64_mv = 0.0000000000e+00
m_err_2msps_w256u_mv = 0.0000000000e+00
m_err_2msps_w256d_mv = 0.0000000000e+00
m_lag_early_w1 = 0.0000000000e+00
m_lag_early_w16 = 6.4000846292e-03
m_lag_early_w64 = 2.5962428485e-01
m_lag_early_w256u = 5.6281432507e-01
m_lag_early_w256d = 5.2999118457e-01
m_lag_ord_256_64 = 3.0319004022e-01
m_lag_ord_64_16 = 2.5322420022e-01
m_lag_ord_16_1 = 6.4000846292e-03
Note: Simulation executed from .control section 

Warning: m=xx on .subckt line will override multiplier m hierarchy!

