
Note: No compatibility mode selected!


Circuit: * top-plate-cpar @ cap_ff_-40c_3.30v -- generated by sim/harness, do not edit

Doing analysis at TEMP = -40.000000 and TNOM = 27.000000

Using SPARSE 1.3 as Direct Linear Solver

Initial Transient Solution
--------------------------

Node                                   Voltage
----                                   -------
vdd                                        3.3
cpclkl                                       0
cpclkh                                     3.3
cpvcm                                     1.65
cpvref                                     3.3
cprel                                      3.3
cpoff                                        0
cpa                                       0.15
cpan                                      1.65
cpaib                                 0.807378
xcmpa.xpre.ptail                      0.680923
xcmpa.pon                                  3.3
xcmpa.preamp_in1                          0.15
xcmpa.pop                              1.64705
xcmpa.preamp_in2                          1.65
xcmpa.xpre.xrlp.11                     3.29851
xcmpa.xpre.xrlp.21                     1.64853
xcmpa.xpre.xrln.11                         3.3
xcmpa.xpre.xrln.21                         3.3
xcmpa.xlat.ltail                       2.37133
xcmpa.xlat.dip                             3.3
xcmpa.xlat.din                             3.3
xcmpa.outn                                 3.3
xcmpa.outp                                 3.3
xcmpa.sset                         5.12728e-09
xcmpa.srst                         5.12728e-09
xcmpa.xno1.ps                              3.3
cpadout                            1.39063e-09
cpadoutb                                   3.3
xcmpa.xno2.ps                              3.3
cpb                                       0.15
xswb.gp                                    3.3
vcpbcm                                    1.65
cpc                                       0.15
xarrc.x256.bp                             1.65
xarrc.x256.gp_in                           3.3
xarrc.x256.gp_rel                  1.39063e-09
xarrc.x256.gp_hi                           3.3
xarrc.x256.gp_lo                           3.3
xarrc.x128.bp                             1.65
xarrc.x128.gp_in                           3.3
xarrc.x128.gp_rel                  1.39063e-09
xarrc.x128.gp_hi                           3.3
xarrc.x128.gp_lo                           3.3
xarrc.x64.bp                              1.65
xarrc.x64.gp_in                            3.3
xarrc.x64.gp_rel                   1.39063e-09
xarrc.x64.gp_hi                            3.3
xarrc.x64.gp_lo                            3.3
xarrc.x32.bp                              1.65
xarrc.x32.gp_in                            3.3
xarrc.x32.gp_rel                   1.39063e-09
xarrc.x32.gp_hi                            3.3
xarrc.x32.gp_lo                            3.3
xarrc.x16.bp                              1.65
xarrc.x16.gp_in                            3.3
xarrc.x16.gp_rel                   1.39063e-09
xarrc.x16.gp_hi                            3.3
xarrc.x16.gp_lo                            3.3
xarrc.x8.bp                               1.65
xarrc.x8.gp_in                             3.3
xarrc.x8.gp_rel                    1.39063e-09
xarrc.x8.gp_hi                             3.3
xarrc.x8.gp_lo                             3.3
xarrc.x4.bp                               1.65
xarrc.x4.gp_in                             3.3
xarrc.x4.gp_rel                    1.39063e-09
xarrc.x4.gp_hi                             3.3
xarrc.x4.gp_lo                             3.3
xarrc.x2.bp                               1.65
xarrc.x2.gp_in                             3.3
xarrc.x2.gp_rel                    1.39063e-09
xarrc.x2.gp_hi                             3.3
xarrc.x2.gp_lo                             3.3
xarrc.x1.bp                               1.65
xarrc.x1.gp_in                             3.3
xarrc.x1.gp_rel                    1.39063e-09
xarrc.x1.gp_hi                             3.3
xarrc.x1.gp_lo                             3.3
cpd                                       0.15
cpdn                                      1.65
cpdib                                 0.807378
xcmpd.xpre.ptail                      0.680923
xcmpd.pon                                  3.3
xcmpd.preamp_in1                          0.15
xcmpd.pop                              1.64705
xcmpd.preamp_in2                          1.65
xcmpd.xpre.xrlp.11                     3.29851
xcmpd.xpre.xrlp.21                     1.64853
xcmpd.xpre.xrln.11                         3.3
xcmpd.xpre.xrln.21                         3.3
xcmpd.xlat.ltail                       2.37133
xcmpd.xlat.dip                             3.3
xcmpd.xlat.din                             3.3
xcmpd.outn                                 3.3
xcmpd.outp                                 3.3
xcmpd.sset                         5.12728e-09
xcmpd.srst                         5.12728e-09
xcmpd.xno1.ps                              3.3
cpddout                            1.39063e-09
cpddoutb                                   3.3
xcmpd.xno2.ps                              3.3
xswd.gp                                    3.3
vcpdcm                                    1.65
xarrd.x256.bp                             1.65
xarrd.x256.gp_in                           3.3
xarrd.x256.gp_rel                  1.39063e-09
xarrd.x256.gp_hi                           3.3
xarrd.x256.gp_lo                           3.3
xarrd.x128.bp                             1.65
xarrd.x128.gp_in                           3.3
xarrd.x128.gp_rel                  1.39063e-09
xarrd.x128.gp_hi                           3.3
xarrd.x128.gp_lo                           3.3
xarrd.x64.bp                              1.65
xarrd.x64.gp_in                            3.3
xarrd.x64.gp_rel                   1.39063e-09
xarrd.x64.gp_hi                            3.3
xarrd.x64.gp_lo                            3.3
xarrd.x32.bp                              1.65
xarrd.x32.gp_in                            3.3
xarrd.x32.gp_rel                   1.39063e-09
xarrd.x32.gp_hi                            3.3
xarrd.x32.gp_lo                            3.3
xarrd.x16.bp                              1.65
xarrd.x16.gp_in                            3.3
xarrd.x16.gp_rel                   1.39063e-09
xarrd.x16.gp_hi                            3.3
xarrd.x16.gp_lo                            3.3
xarrd.x8.bp                               1.65
xarrd.x8.gp_in                             3.3
xarrd.x8.gp_rel                    1.39063e-09
xarrd.x8.gp_hi                             3.3
xarrd.x8.gp_lo                             3.3
xarrd.x4.bp                               1.65
xarrd.x4.gp_in                             3.3
xarrd.x4.gp_rel                    1.39063e-09
xarrd.x4.gp_hi                             3.3
xarrd.x4.gp_lo                             3.3
xarrd.x2.bp                               1.65
xarrd.x2.gp_in                             3.3
xarrd.x2.gp_rel                    1.39063e-09
xarrd.x2.gp_hi                             3.3
xarrd.x2.gp_lo                             3.3
xarrd.x1.bp                               1.65
xarrd.x1.gp_in                             3.3
xarrd.x1.gp_rel                    1.39063e-09
xarrd.x1.gp_hi                             3.3
xarrd.x1.gp_lo                             3.3
vcpdcm#branch                      2.76043e-18
v.xcmpd.vpn#branch                           0
v.xcmpd.vpp#branch                           0
vcpdn#branch                                 0
vrd#branch                         3.69548e-12
vrc#branch                         2.58977e-14
vcpbcm#branch                      2.76043e-18
vrb#branch                         3.66958e-12
v.xcmpa.vpn#branch                           0
v.xcmpa.vpp#branch                           0
vcpan#branch                                 0
vra#branch                                   0
vcpoff#branch                                0
vcprel#branch                                0
vcpvref#branch                    -5.96108e-11
vcpvcm#branch                     -9.30124e-14
vcpclkh#branch                               0
vcpclkl#branch                               0
vsup#branch                        -3.9922e-05

 Reference value :  8.72800e-08
 Reference value :  3.53280e-07
 Reference value :  6.19280e-07
 Reference value :  8.70280e-07
No. of Data Rows : 908
ia_v0p30            =  -1.91675e-07
ib_v0p30            =  -5.07264e-08
ic_v0p30            =  -4.92281e-05
id_v0p30            =  -4.94705e-05
ia_v0p90            =  -1.68178e-07
ib_v0p90            =  -4.89343e-08
ic_v0p90            =  -4.92281e-05
id_v0p90            =  -4.94452e-05
ia_v1p65            =  -3.21177e-07
ib_v1p65            =  -4.85440e-08
ic_v1p65            =  -4.92281e-05
id_v1p65            =  -4.95978e-05
ia_v2p40            =  -1.26609e-07
ib_v2p40            =  -4.95013e-08
ic_v2p40            =  -4.92281e-05
id_v2p40            =  -4.94042e-05
ia_v2p70            =  -1.31463e-07
ib_v2p70            =  -5.03982e-08
ic_v2p70            =  -4.92281e-05
id_v2p70            =  -4.94100e-05
m_c_cmp_v0p30_ff = 6.3891600000e+01
m_c_sw_v0p30_ff = 1.6908813333e+01
m_c_arr_v0p30_ff = 1.6409370000e+04
m_c_tot_v0p30_ff = 1.6490170000e+04
m_cpar_v0p30_ff = 8.0800000000e+01
m_gain_err_v0p30_pct = 4.8998888429e-01
m_c_cmp_v0p90_ff = 5.6059233333e+01
m_c_sw_v0p90_ff = 1.6311426667e+01
m_c_arr_v0p90_ff = 1.6409373333e+04
m_c_tot_v0p90_ff = 1.6481743333e+04
m_cpar_v0p90_ff = 7.2370000000e+01
m_gain_err_v0p90_pct = 4.3909190027e-01
m_c_cmp_v1p65_ff = 1.0705893333e+02
m_c_sw_v1p65_ff = 1.6181333333e+01
m_c_arr_v1p65_ff = 1.6409373333e+04
m_c_tot_v1p65_ff = 1.6532613333e+04
m_cpar_v1p65_ff = 1.2324000000e+02
m_gain_err_v1p65_pct = 7.4543568833e-01
m_c_cmp_v2p40_ff = 4.2203033333e+01
m_c_sw_v2p40_ff = 1.6500423333e+01
m_c_arr_v2p40_ff = 1.6409373333e+04
m_c_tot_v2p40_ff = 1.6468076667e+04
m_cpar_v2p40_ff = 5.8703333333e+01
m_gain_err_v2p40_pct = 3.5646745228e-01
m_c_cmp_v2p70_ff = 4.3821066667e+01
m_c_sw_v2p70_ff = 1.6799383333e+01
m_c_arr_v2p70_ff = 1.6409373333e+04
m_c_tot_v2p70_ff = 1.6469993333e+04
m_cpar_v2p70_ff = 6.0620000000e+01
m_gain_err_v2p70_pct = 3.6806329410e-01
m_c_sum_err_pct = 1.6129734659e-06
m_gain_err_range_pct = 3.8896823605e-01
m_cpar_range_ff = 6.4536666667e+01
Note: Simulation executed from .control section 

