
Note: No compatibility mode selected!


Circuit: * top-plate-cpar @ moscap_ff_125c_3.63v -- generated by sim/harness, do not edit

Doing analysis at TEMP = 125.000000 and TNOM = 27.000000

Using SPARSE 1.3 as Direct Linear Solver

Initial Transient Solution
--------------------------

Node                                   Voltage
----                                   -------
vdd                                       3.63
cpclkl                                       0
cpclkh                                    3.63
cpvcm                                    1.815
cpvref                                    3.63
cprel                                     3.63
cpoff                                        0
cpa                                       0.15
cpan                                     1.815
cpaib                                 0.678004
xcmpa.xpre.ptail                      0.931714
xcmpa.pon                                 3.63
xcmpa.preamp_in1                          0.15
xcmpa.pop                              2.18156
xcmpa.preamp_in2                         1.815
xcmpa.xpre.xrlp.11                     3.62944
xcmpa.xpre.xrlp.21                     2.18212
xcmpa.xpre.xrln.11                        3.63
xcmpa.xpre.xrln.21                        3.63
xcmpa.xlat.ltail                       2.82018
xcmpa.xlat.dip                            3.63
xcmpa.xlat.din                            3.63
xcmpa.outn                                3.63
xcmpa.outp                                3.63
xcmpa.sset                         1.89066e-08
xcmpa.srst                         1.89066e-08
xcmpa.xno1.ps                          3.35096
cpadout                                1.49495
cpadoutb                               1.49495
xcmpa.xno2.ps                          3.35096
cpb                                       0.15
xswb.gp                                   3.63
vcpbcm                                   1.815
cpc                                       0.15
xarrc.x256.bp                            1.815
xarrc.x256.gp_in                          3.63
xarrc.x256.gp_rel                  1.08676e-08
xarrc.x256.gp_hi                          3.63
xarrc.x256.gp_lo                          3.63
xarrc.x128.bp                            1.815
xarrc.x128.gp_in                          3.63
xarrc.x128.gp_rel                  1.08676e-08
xarrc.x128.gp_hi                          3.63
xarrc.x128.gp_lo                          3.63
xarrc.x64.bp                             1.815
xarrc.x64.gp_in                           3.63
xarrc.x64.gp_rel                   1.08676e-08
xarrc.x64.gp_hi                           3.63
xarrc.x64.gp_lo                           3.63
xarrc.x32.bp                             1.815
xarrc.x32.gp_in                           3.63
xarrc.x32.gp_rel                   1.08676e-08
xarrc.x32.gp_hi                           3.63
xarrc.x32.gp_lo                           3.63
xarrc.x16.bp                             1.815
xarrc.x16.gp_in                           3.63
xarrc.x16.gp_rel                   1.08676e-08
xarrc.x16.gp_hi                           3.63
xarrc.x16.gp_lo                           3.63
xarrc.x8.bp                              1.815
xarrc.x8.gp_in                            3.63
xarrc.x8.gp_rel                    1.08676e-08
xarrc.x8.gp_hi                            3.63
xarrc.x8.gp_lo                            3.63
xarrc.x4.bp                              1.815
xarrc.x4.gp_in                            3.63
xarrc.x4.gp_rel                    1.08676e-08
xarrc.x4.gp_hi                            3.63
xarrc.x4.gp_lo                            3.63
xarrc.x2.bp                              1.815
xarrc.x2.gp_in                            3.63
xarrc.x2.gp_rel                    1.08676e-08
xarrc.x2.gp_hi                            3.63
xarrc.x2.gp_lo                            3.63
xarrc.x1.bp                              1.815
xarrc.x1.gp_in                            3.63
xarrc.x1.gp_rel                    1.08676e-08
xarrc.x1.gp_hi                            3.63
xarrc.x1.gp_lo                            3.63
cpd                                       0.15
cpdn                                     1.815
cpdib                                 0.678004
xcmpd.xpre.ptail                      0.931714
xcmpd.pon                                 3.63
xcmpd.preamp_in1                          0.15
xcmpd.pop                              2.18156
xcmpd.preamp_in2                         1.815
xcmpd.xpre.xrlp.11                     3.62944
xcmpd.xpre.xrlp.21                     2.18212
xcmpd.xpre.xrln.11                        3.63
xcmpd.xpre.xrln.21                        3.63
xcmpd.xlat.ltail                       2.82018
xcmpd.xlat.dip                            3.63
xcmpd.xlat.din                            3.63
xcmpd.outn                                3.63
xcmpd.outp                                3.63
xcmpd.sset                         1.89066e-08
xcmpd.srst                         1.89066e-08
xcmpd.xno1.ps                          3.35096
cpddout                                1.49495
cpddoutb                               1.49495
xcmpd.xno2.ps                          3.35096
xswd.gp                                   3.63
vcpdcm                                   1.815
xarrd.x256.bp                            1.815
xarrd.x256.gp_in                          3.63
xarrd.x256.gp_rel                  1.08676e-08
xarrd.x256.gp_hi                          3.63
xarrd.x256.gp_lo                          3.63
xarrd.x128.bp                            1.815
xarrd.x128.gp_in                          3.63
xarrd.x128.gp_rel                  1.08676e-08
xarrd.x128.gp_hi                          3.63
xarrd.x128.gp_lo                          3.63
xarrd.x64.bp                             1.815
xarrd.x64.gp_in                           3.63
xarrd.x64.gp_rel                   1.08676e-08
xarrd.x64.gp_hi                           3.63
xarrd.x64.gp_lo                           3.63
xarrd.x32.bp                             1.815
xarrd.x32.gp_in                           3.63
xarrd.x32.gp_rel                   1.08676e-08
xarrd.x32.gp_hi                           3.63
xarrd.x32.gp_lo                           3.63
xarrd.x16.bp                             1.815
xarrd.x16.gp_in                           3.63
xarrd.x16.gp_rel                   1.08676e-08
xarrd.x16.gp_hi                           3.63
xarrd.x16.gp_lo                           3.63
xarrd.x8.bp                              1.815
xarrd.x8.gp_in                            3.63
xarrd.x8.gp_rel                    1.08676e-08
xarrd.x8.gp_hi                            3.63
xarrd.x8.gp_lo                            3.63
xarrd.x4.bp                              1.815
xarrd.x4.gp_in                            3.63
xarrd.x4.gp_rel                    1.08676e-08
xarrd.x4.gp_hi                            3.63
xarrd.x4.gp_lo                            3.63
xarrd.x2.bp                              1.815
xarrd.x2.gp_in                            3.63
xarrd.x2.gp_rel                    1.08676e-08
xarrd.x2.gp_hi                            3.63
xarrd.x2.gp_lo                            3.63
xarrd.x1.bp                              1.815
xarrd.x1.gp_in                            3.63
xarrd.x1.gp_rel                    1.08676e-08
xarrd.x1.gp_hi                            3.63
xarrd.x1.gp_lo                            3.63
vcpdcm#branch                     -1.39208e-11
v.xcmpd.vpn#branch                           0
v.xcmpd.vpp#branch                           0
vcpdn#branch                                 0
vrd#branch                         1.95233e-11
vrc#branch                         2.86855e-14
vcpbcm#branch                     -1.39208e-11
vrb#branch                         1.94946e-11
v.xcmpa.vpn#branch                           0
v.xcmpa.vpp#branch                           0
vcpan#branch                                 0
vra#branch                                   0
vcpoff#branch                                0
vcprel#branch                                0
vcpvref#branch                    -1.75461e-09
vcpvcm#branch                        -1.44e-08
vcpclkh#branch                               0
vcpclkl#branch                               0
vsup#branch                        -0.00140287

 Reference value :  0.00000e+00
 Reference value :  1.99729e-07
 Reference value :  4.42729e-07
 Reference value :  7.13729e-07
No. of Data Rows : 910
ia_v0p30            =  -1.80942e-07
ib_v0p30            =  -5.48090e-08
ic_v0p30            =  -5.48123e-05
id_v0p30            =  -5.50480e-05
ia_v0p90            =  -1.61666e-07
ib_v0p90            =  -5.21251e-08
ic_v0p90            =  -5.48123e-05
id_v0p90            =  -5.50261e-05
ia_v1p65            =  -1.80771e-07
ib_v1p65            =  -5.13660e-08
ic_v1p65            =  -5.48123e-05
id_v1p65            =  -5.50444e-05
ia_v2p40            =  -1.23282e-07
ib_v2p40            =  -5.20448e-08
ic_v2p40            =  -5.48123e-05
id_v2p40            =  -5.49876e-05
ia_v2p70            =  -1.19620e-07
ib_v2p70            =  -5.27605e-08
ic_v2p70            =  -5.48123e-05
id_v2p70            =  -5.49847e-05
m_c_cmp_v0p30_ff = 6.0313900000e+01
m_c_sw_v0p30_ff = 1.8269673333e+01
m_c_arr_v0p30_ff = 1.8270760000e+04
m_c_tot_v0p30_ff = 1.8349343333e+04
m_cpar_v0p30_ff = 7.8583333333e+01
m_gain_err_v0p30_pct = 4.2826237379e-01
m_c_cmp_v0p90_ff = 5.3888700000e+01
m_c_sw_v0p90_ff = 1.7375046667e+01
m_c_arr_v0p90_ff = 1.8270760000e+04
m_c_tot_v0p90_ff = 1.8342023333e+04
m_cpar_v0p90_ff = 7.1263333333e+01
m_gain_err_v0p90_pct = 3.8852493009e-01
m_c_cmp_v1p65_ff = 6.0257033333e+01
m_c_sw_v1p65_ff = 1.7122013333e+01
m_c_arr_v1p65_ff = 1.8270760000e+04
m_c_tot_v1p65_ff = 1.8348136667e+04
m_cpar_v1p65_ff = 7.7376666667e+01
m_gain_err_v1p65_pct = 4.2171403054e-01
m_c_cmp_v2p40_ff = 4.1094133333e+01
m_c_sw_v2p40_ff = 1.7348273333e+01
m_c_arr_v2p40_ff = 1.8270760000e+04
m_c_tot_v2p40_ff = 1.8329200000e+04
m_cpar_v2p40_ff = 5.8440000000e+01
m_gain_err_v2p40_pct = 3.1883551928e-01
m_c_cmp_v2p70_ff = 3.9873500000e+01
m_c_sw_v2p70_ff = 1.7586846667e+01
m_c_arr_v2p70_ff = 1.8270760000e+04
m_c_tot_v2p70_ff = 1.8328220000e+04
m_cpar_v2p70_ff = 5.7460000000e+01
m_gain_err_v2p70_pct = 3.1350562139e-01
m_c_sum_err_pct = 1.2971344399e-05
m_gain_err_range_pct = 1.1475675240e-01
m_cpar_range_ff = 2.1123333333e+01
Note: Simulation executed from .control section 

Note: Starting dynamic gmin stepping
Note: Dynamic gmin stepping completed
