
Note: No compatibility mode selected!


Circuit: * klt sim -- generated corner deck, do not edit

Reducing trtol to 1 for xspice 'A' devices
Doing analysis at TEMP = -40.000000 and TNOM = 27.000000

Using SPARSE 1.3 as Direct Linear Solver
Note: Starting dynamic gmin stepping
Note: Dynamic gmin stepping completed

Initial Transient Solution
--------------------------

Node                                   Voltage
----                                   -------
clk                                          0
cmpclk                                       0
cmpclkb                                   2.97
vddt                                      2.97
vddd                                      2.97
vddc                                      2.97
vrefs                                     2.97
vrefn                                     2.97
vcmn                                     1.485
se_vinp                                      0
se_vinn                                  1.485
se_start                                     0
se_mode                                      0
se_cmp                                 1.22578
se_samp_tp_n                                 0
se_sel_in_n                                  0
se_drdy                                   2.97
se_c9                                        0
se_c8                                        0
se_c7                                        0
se_c6                                        0
se_c5                                        0
se_c4                                        0
se_c3                                        0
se_c2                                        0
se_c1                                        0
se_c0                                        0
se_rel_n_256p                             2.97
se_sel_hi_n_256p                             0
se_sel_lo_n_256p                             0
se_rel_n_128p                             2.97
se_sel_hi_n_128p                             0
se_sel_lo_n_128p                             0
se_rel_n_64p                              2.97
se_sel_hi_n_64p                              0
se_sel_lo_n_64p                              0
se_rel_n_32p                              2.97
se_sel_hi_n_32p                              0
se_sel_lo_n_32p                              0
se_rel_n_16p                              2.97
se_sel_hi_n_16p                              0
se_sel_lo_n_16p                              0
se_rel_n_8p                               2.97
se_sel_hi_n_8p                               0
se_sel_lo_n_8p                               0
se_rel_n_4p                               2.97
se_sel_hi_n_4p                               0
se_sel_lo_n_4p                               0
se_rel_n_2p                               2.97
se_sel_hi_n_2p                               0
se_sel_lo_n_2p                               0
se_rel_n_1p                               2.97
se_sel_hi_n_1p                               0
se_sel_lo_n_1p                               0
se_rel_n_256n                             2.97
se_sel_hi_n_256n                             0
se_sel_lo_n_256n                             0
se_rel_n_128n                             2.97
se_sel_hi_n_128n                             0
se_sel_lo_n_128n                             0
se_rel_n_64n                              2.97
se_sel_hi_n_64n                              0
se_sel_lo_n_64n                              0
se_rel_n_32n                              2.97
se_sel_hi_n_32n                              0
se_sel_lo_n_32n                              0
se_rel_n_16n                              2.97
se_sel_hi_n_16n                              0
se_sel_lo_n_16n                              0
se_rel_n_8n                               2.97
se_sel_hi_n_8n                               0
se_sel_lo_n_8n                               0
se_rel_n_4n                               2.97
se_sel_hi_n_4n                               0
se_sel_lo_n_4n                               0
se_rel_n_2n                               2.97
se_sel_hi_n_2n                               0
se_sel_lo_n_2n                               0
se_rel_n_1n                               2.97
se_sel_hi_n_1n                               0
se_sel_lo_n_1n                               0
se_pinp                            8.16736e-10
se_pinn                                  1.485
xsetswp.gp                                2.97
se_topp                                  1.485
xsetswn.gp                                2.97
se_topn                                  1.485
xsearrp.x256.bp                          1.485
xsearrp.x256.gp_in                        2.97
xsearrp.x256.gp_rel                1.14088e-09
xsearrp.x256.gp_hi                        2.97
xsearrp.x256.gp_lo                        2.97
xsearrp.x128.bp                          1.485
xsearrp.x128.gp_in                        2.97
xsearrp.x128.gp_rel                1.14088e-09
xsearrp.x128.gp_hi                        2.97
xsearrp.x128.gp_lo                        2.97
xsearrp.x64.bp                           1.485
xsearrp.x64.gp_in                         2.97
xsearrp.x64.gp_rel                 1.14088e-09
xsearrp.x64.gp_hi                         2.97
xsearrp.x64.gp_lo                         2.97
xsearrp.x32.bp                           1.485
xsearrp.x32.gp_in                         2.97
xsearrp.x32.gp_rel                 1.14088e-09
xsearrp.x32.gp_hi                         2.97
xsearrp.x32.gp_lo                         2.97
xsearrp.x16.bp                           1.485
xsearrp.x16.gp_in                         2.97
xsearrp.x16.gp_rel                 1.14088e-09
xsearrp.x16.gp_hi                         2.97
xsearrp.x16.gp_lo                         2.97
xsearrp.x8.bp                            1.485
xsearrp.x8.gp_in                          2.97
xsearrp.x8.gp_rel                  1.14088e-09
xsearrp.x8.gp_hi                          2.97
xsearrp.x8.gp_lo                          2.97
xsearrp.x4.bp                            1.485
xsearrp.x4.gp_in                          2.97
xsearrp.x4.gp_rel                  1.14088e-09
xsearrp.x4.gp_hi                          2.97
xsearrp.x4.gp_lo                          2.97
xsearrp.x2.bp                            1.485
xsearrp.x2.gp_in                          2.97
xsearrp.x2.gp_rel                  1.14088e-09
xsearrp.x2.gp_hi                          2.97
xsearrp.x2.gp_lo                          2.97
xsearrp.x1.bp                            1.485
xsearrp.x1.gp_in                          2.97
xsearrp.x1.gp_rel                  1.14088e-09
xsearrp.x1.gp_hi                          2.97
xsearrp.x1.gp_lo                          2.97
xsearrn.x256.bp                          1.485
xsearrn.x256.gp_in                        2.97
xsearrn.x256.gp_rel                1.14088e-09
xsearrn.x256.gp_hi                        2.97
xsearrn.x256.gp_lo                        2.97
xsearrn.x128.bp                          1.485
xsearrn.x128.gp_in                        2.97
xsearrn.x128.gp_rel                1.14088e-09
xsearrn.x128.gp_hi                        2.97
xsearrn.x128.gp_lo                        2.97
xsearrn.x64.bp                           1.485
xsearrn.x64.gp_in                         2.97
xsearrn.x64.gp_rel                 1.14088e-09
xsearrn.x64.gp_hi                         2.97
xsearrn.x64.gp_lo                         2.97
xsearrn.x32.bp                           1.485
xsearrn.x32.gp_in                         2.97
xsearrn.x32.gp_rel                 1.14088e-09
xsearrn.x32.gp_hi                         2.97
xsearrn.x32.gp_lo                         2.97
xsearrn.x16.bp                           1.485
xsearrn.x16.gp_in                         2.97
xsearrn.x16.gp_rel                 1.14088e-09
xsearrn.x16.gp_hi                         2.97
xsearrn.x16.gp_lo                         2.97
xsearrn.x8.bp                            1.485
xsearrn.x8.gp_in                          2.97
xsearrn.x8.gp_rel                  1.14088e-09
xsearrn.x8.gp_hi                          2.97
xsearrn.x8.gp_lo                          2.97
xsearrn.x4.bp                            1.485
xsearrn.x4.gp_in                          2.97
xsearrn.x4.gp_rel                  1.14088e-09
xsearrn.x4.gp_hi                          2.97
xsearrn.x4.gp_lo                          2.97
xsearrn.x2.bp                            1.485
xsearrn.x2.gp_in                          2.97
xsearrn.x2.gp_rel                  1.14088e-09
xsearrn.x2.gp_hi                          2.97
xsearrn.x2.gp_lo                          2.97
xsearrn.x1.bp                            1.485
xsearrn.x1.gp_in                          2.97
xsearrn.x1.gp_rel                  1.14088e-09
xsearrn.x1.gp_hi                          2.97
xsearrn.x1.gp_lo                          2.97
se_ibias                               0.69564
xsecmp.xpre.ptail                     0.670955
xsecmp.pon                             2.30643
xsecmp.preamp_in1                        1.485
xsecmp.pop                             2.30643
xsecmp.preamp_in2                        1.485
xsecmp.xpre.xrlp.11                    2.96925
xsecmp.xpre.xrlp.21                    2.30718
xsecmp.xpre.xrln.11                    2.96925
xsecmp.xpre.xrln.21                    2.30718
xsecmp.xlat.ltail                      1.66283
xsecmp.xlat.dip                           2.97
xsecmp.xlat.din                           2.97
xsecmp.outn                               2.97
xsecmp.outp                               2.97
xsecmp.sset                        4.38943e-09
xsecmp.srst                        4.38943e-09
xsecmp.xno1.ps                         2.78114
se_cmpb                                1.22578
xsecmp.xno2.ps                         2.78114
se_dacp                            1.11022e-16
se_dacn                            1.11022e-16
se_di                                    1.485
se_err                                     512
se_aerrh                                     0
se_code                                      0
pa_00                             -0.000675554
pa_01                             -0.000675554
pa_02                             -0.000675554
pa_03                             -0.000675554
pa_04                             -0.000675554
pa_05                             -0.000675554
pa_06                             -0.000675554
pa_07                             -0.000675554
pa_08                             -0.000675554
pa_09                             -0.000675554
pa_10                             -0.000675554
pa_11                             -0.000675554
pa_12                             -0.000675554
pa_13                             -0.000675554
pa_14                             -0.000675554
pa_15                             -0.000675554
pa_16                             -0.000675554
pa_17                             -0.000675554
pa_18                             -0.000675554
pa_19                             -0.000675554
pa_20                             -0.000675554
pa_21                             -0.000675554
pa_22                             -0.000675554
pa_23                             -0.000675554
pa_24                             -0.000675554
pa_25                             -0.000675554
pa_26                             -0.000675554
pa_27                             -0.000675554
pa_28                             -0.000675554
pa_29                             -0.000675554
pa_30                             -0.000675554
pa_31                             -0.000675554
pa_32                             -0.000675554
pa_33                             -0.000675554
pa_34                             -0.000675554
pa_35                             -0.000675554
pa_36                             -0.000675554
pa_37                             -0.000675554
pa_38                             -0.000675554
pa_39                             -0.000675554
pa_40                             -0.000675554
pa_41                             -0.000675554
pa_42                             -0.000675554
pa_43                             -0.000675554
bpa_43#branch                                0
vddc#branch                       -0.000675554
vddd#branch                       -4.63261e-10
vddt#branch                       -1.19531e-11
bpa_42#branch                                0
bpa_41#branch                                0
bpa_40#branch                                0
bpa_39#branch                                0
bpa_38#branch                                0
bpa_37#branch                                0
bpa_36#branch                                0
bpa_35#branch                                0
bpa_34#branch                                0
bpa_33#branch                                0
bpa_32#branch                                0
bpa_31#branch                                0
bpa_30#branch                                0
bpa_29#branch                                0
bpa_28#branch                                0
bpa_27#branch                                0
bpa_26#branch                                0
bpa_25#branch                                0
bpa_24#branch                                0
bpa_23#branch                                0
bpa_22#branch                                0
bpa_21#branch                                0
bpa_20#branch                                0
bpa_19#branch                                0
bpa_18#branch                                0
bpa_17#branch                                0
bpa_16#branch                                0
bpa_15#branch                                0
bpa_14#branch                                0
bpa_13#branch                                0
bpa_12#branch                                0
bpa_11#branch                                0
bpa_10#branch                                0
bpa_09#branch                                0
bpa_08#branch                                0
bpa_07#branch                                0
bpa_06#branch                                0
bpa_05#branch                                0
bpa_04#branch                                0
bpa_03#branch                                0
bpa_02#branch                                0
bpa_01#branch                                0
bpa_00#branch                                0
bsecode#branch                               0
bseea#branch                                 0
bsee#branch                                  0
bsedi#branch                                 0
bsedacn#branch                               0
bsedacp#branch                               0
lref#branch                        5.36587e-11
v.xsecmp.vpn#branch               -8.40503e-28
v.xsecmp.vpp#branch                8.17357e-29
vsemode#branch                               0
vsestart#branch                              0
vsevinn#branch                     3.46945e-17
vseinp#branch                      3.26694e-11
vcms#branch                       -1.84218e-12
vrefs#branch                      -5.36587e-11
vcmpclkb#branch                              0
vcmpclk#branch                               0
vclk#branch                                  0
a.xsectrl.a_gn#branch_1_0                    0
a.xsectrl.a_gn#branch_1_1                    0
a.xsectrl.a_gn#branch_1_2                    0
a.xsectrl.a_gn#branch_1_3                    0
a.xsectrl.a_gn#branch_1_4                    0
a.xsectrl.a_gn#branch_1_5                    0
a.xsectrl.a_gn#branch_1_6                    0
a.xsectrl.a_gn#branch_1_7                    0
a.xsectrl.a_gn#branch_1_8                    0
a.xsectrl.a_gn#branch_1_9                    0
a.xsectrl.a_gn#branch_1_10                   0
a.xsectrl.a_gn#branch_1_11                   0
a.xsectrl.a_gn#branch_1_12                   0
a.xsectrl.a_gn#branch_1_13                   0
a.xsectrl.a_gn#branch_1_14                   0
a.xsectrl.a_gn#branch_1_15                   0
a.xsectrl.a_gn#branch_1_16                   0
a.xsectrl.a_gn#branch_1_17                   0
a.xsectrl.a_gn#branch_1_18                   0
a.xsectrl.a_gn#branch_1_19                   0
a.xsectrl.a_gn#branch_1_20                   0
a.xsectrl.a_gn#branch_1_21                   0
a.xsectrl.a_gn#branch_1_22                   0
a.xsectrl.a_gn#branch_1_23                   0
a.xsectrl.a_gn#branch_1_24                   0
a.xsectrl.a_gn#branch_1_25                   0
a.xsectrl.a_gn#branch_1_26                   0
a.xsectrl.a_gn#branch_1_27                   0
a.xsectrl.a_gn#branch_1_28                   0
a.xsectrl.a_gn#branch_1_29                   0
a.xsectrl.a_gn#branch_1_30                   0
a.xsectrl.a_gn#branch_1_31                   0
a.xsectrl.a_gn#branch_1_32                   0
a.xsectrl.a_gn#branch_1_33                   0
a.xsectrl.a_gn#branch_1_34                   0
a.xsectrl.a_gn#branch_1_35                   0
a.xsectrl.a_gn#branch_1_36                   0
a.xsectrl.a_gn#branch_1_37                   0
a.xsectrl.a_gn#branch_1_38                   0
a.xsectrl.a_gn#branch_1_39                   0
a.xsectrl.a_gn#branch_1_40                   0
a.xsectrl.a_gn#branch_1_41                   0
a.xsectrl.a_gn#branch_1_42                   0
a.xsectrl.a_gn#branch_1_43                   0
a.xsectrl.a_gn#branch_1_44                   0
a.xsectrl.a_gn#branch_1_45                   0
a.xsectrl.a_gn#branch_1_46                   0
a.xsectrl.a_gn#branch_1_47                   0
a.xsectrl.a_gn#branch_1_48                   0
a.xsectrl.a_gn#branch_1_49                   0
a.xsectrl.a_gn#branch_1_50                   0
a.xsectrl.a_gn#branch_1_51                   0
a.xsectrl.a_gn#branch_1_52                   0
a.xsectrl.a_gn#branch_1_53                   0
a.xsectrl.a_dout#branch_1_0                  0
a.xsectrl.a_dout#branch_1_1                  0
a.xsectrl.a_dout#branch_1_2                  0
a.xsectrl.a_dout#branch_1_3                  0
a.xsectrl.a_dout#branch_1_4                  0
a.xsectrl.a_dout#branch_1_5                  0
a.xsectrl.a_dout#branch_1_6                  0
a.xsectrl.a_dout#branch_1_7                  0
a.xsectrl.a_dout#branch_1_8                  0
a.xsectrl.a_dout#branch_1_9                  0
a.xsectrl.a_dout#branch_1_10                 0
a.xsectrl.a_dout#branch_1_11                 0
a.xsectrl.a_dout#branch_1_12                 0


No. of Data Rows : 108357

  Measurements for Transient Analysis

isum_min            =  -2.33424e-02 at=  7.00287e-06
iavg_c              =  -2.71558e-05 from=  3.00000e-06 to=  1.70000e-05
iavg_d              =  -6.02072e-06 from=  3.00000e-06 to=  1.70000e-05
iavg_t              =  -2.19311e-07 from=  3.00000e-06 to=  1.70000e-05
isum_max            =  3.08331e-03 at=  5.87755e-06
imax_c              =  6.25950e-04 at=  1.30313e-05
imax_d              =  3.07551e-03 at=  5.87755e-06
imax_t              =  2.97461e-04 at=  1.00023e-05
vddm                =  2.97000e+00
ibc_03              =  -2.88323e-05 from=  3.06150e-06 to=  3.18660e-06
ibd_03              =  -1.22042e-09 from=  3.06150e-06 to=  3.18660e-06
ibt_03              =  1.34258e-11 from=  3.06150e-06 to=  3.18660e-06
qc_a03              =   -1.87116e-12 from=  2.99900e-06 to=  3.06150e-06
qd_a03              =   -2.40359e-12 from=  2.99900e-06 to=  3.06150e-06
qt_a03              =   -3.76149e-14 from=  2.99900e-06 to=  3.06150e-06
ipk_a03             =  -2.18291e-02 at=  3.00286e-06
qc_b03              =   -1.73561e-12 from=  3.24900e-06 to=  3.31150e-06
qd_b03              =   -1.39458e-12 from=  3.24900e-06 to=  3.31150e-06
qt_b03              =   1.52541e-14 from=  3.24900e-06 to=  3.31150e-06
ipk_b03             =  -1.59388e-02 at=  3.25285e-06
qc_c03              =   -1.73711e-12 from=  3.87400e-06 to=  3.93650e-06
qd_c03              =   -4.18674e-13 from=  3.87400e-06 to=  3.93650e-06
qt_c03              =   1.52258e-14 from=  3.87400e-06 to=  3.93650e-06
ipk_c03             =  -6.62984e-03 at=  3.87744e-06
ibc_04              =  -2.88323e-05 from=  4.06150e-06 to=  4.18660e-06
ibd_04              =  -1.22042e-09 from=  4.06150e-06 to=  4.18660e-06
ibt_04              =  1.34258e-11 from=  4.06150e-06 to=  4.18660e-06
qc_a04              =   -1.87116e-12 from=  3.99900e-06 to=  4.06150e-06
qd_a04              =   -2.40359e-12 from=  3.99900e-06 to=  4.06150e-06
qt_a04              =   -3.76148e-14 from=  3.99900e-06 to=  4.06150e-06
ipk_a04             =  -2.18291e-02 at=  4.00286e-06
qc_b04              =   -1.73561e-12 from=  4.24900e-06 to=  4.31150e-06
qd_b04              =   -1.39458e-12 from=  4.24900e-06 to=  4.31150e-06
qt_b04              =   1.52542e-14 from=  4.24900e-06 to=  4.31150e-06
ipk_b04             =  -1.59388e-02 at=  4.25285e-06
qc_c04              =   -1.73711e-12 from=  4.87400e-06 to=  4.93650e-06
qd_c04              =   -4.18673e-13 from=  4.87400e-06 to=  4.93650e-06
qt_c04              =   1.52258e-14 from=  4.87400e-06 to=  4.93650e-06
ipk_c04             =  -6.62984e-03 at=  4.87744e-06
ibc_05              =  -2.70890e-05 from=  5.06150e-06 to=  5.18673e-06
ibd_05              =  1.57779e-07 from=  5.06150e-06 to=  5.18673e-06
ibt_05              =  -3.81848e-10 from=  5.06150e-06 to=  5.18673e-06
qc_a05              =   -1.62748e-12 from=  4.99900e-06 to=  5.06150e-06
qd_a05              =   -2.17301e-12 from=  4.99900e-06 to=  5.06150e-06
qt_a05              =   -3.74167e-14 from=  4.99900e-06 to=  5.06150e-06
ipk_a05             =  -2.25479e-02 at=  5.00286e-06
qc_b05              =   -1.62620e-12 from=  5.24900e-06 to=  5.31150e-06
qd_b05              =   -1.62269e-12 from=  5.24900e-06 to=  5.31150e-06
qt_b05              =   7.24578e-15 from=  5.24900e-06 to=  5.31150e-06
ipk_b05             =  -1.72725e-02 at=  5.25286e-06
qc_c05              =   -1.62621e-12 from=  5.87400e-06 to=  5.93650e-06
qd_c05              =   -3.38383e-13 from=  5.87400e-06 to=  5.93650e-06
qt_c05              =   7.22431e-15 from=  5.87400e-06 to=  5.93650e-06
ipk_c05             =  -6.80999e-03 at=  5.87744e-06
ibc_06              =  -2.91081e-05 from=  6.06150e-06 to=  6.18670e-06
ibd_06              =  -7.11523e-10 from=  6.06150e-06 to=  6.18670e-06
ibt_06              =  1.05564e-11 from=  6.06150e-06 to=  6.18670e-06
qc_a06              =   -1.85673e-12 from=  5.99900e-06 to=  6.06150e-06
qd_a06              =   -2.20504e-12 from=  5.99900e-06 to=  6.06150e-06
qt_a06              =   -3.20626e-14 from=  5.99900e-06 to=  6.06150e-06
ipk_a06             =  -2.33395e-02 at=  6.00287e-06
qc_b06              =   -1.75525e-12 from=  6.24900e-06 to=  6.31150e-06
qd_b06              =   -1.62249e-12 from=  6.24900e-06 to=  6.31150e-06
qt_b06              =   7.24284e-15 from=  6.24900e-06 to=  6.31150e-06
ipk_b06             =  -1.72726e-02 at=  6.25286e-06
qc_c06              =   -1.62620e-12 from=  6.87400e-06 to=  6.93650e-06
qd_c06              =   -3.38431e-13 from=  6.87400e-06 to=  6.93650e-06
qt_c06              =   7.22418e-15 from=  6.87400e-06 to=  6.93650e-06
ipk_c06             =  -6.81130e-03 at=  6.87744e-06
ibc_07              =  -2.91252e-05 from=  7.06150e-06 to=  7.18675e-06
ibd_07              =  -7.51431e-10 from=  7.06150e-06 to=  7.18675e-06
ibt_07              =  1.06976e-11 from=  7.06150e-06 to=  7.18675e-06
qc_a07              =   -1.85586e-12 from=  6.99900e-06 to=  7.06150e-06
qd_a07              =   -2.20439e-12 from=  6.99900e-06 to=  7.06150e-06
qt_a07              =   -3.20502e-14 from=  6.99900e-06 to=  7.06150e-06
ipk_a07             =  -2.33424e-02 at=  7.00287e-06
qc_b07              =   -1.75525e-12 from=  7.24900e-06 to=  7.31150e-06
qd_b07              =   -1.62249e-12 from=  7.24900e-06 to=  7.31150e-06
qt_b07              =   7.24284e-15 from=  7.24900e-06 to=  7.31150e-06
ipk_b07             =  -1.72726e-02 at=  7.25286e-06
qc_c07              =   -1.62620e-12 from=  7.87400e-06 to=  7.93650e-06
qd_c07              =   -3.38398e-13 from=  7.87400e-06 to=  7.93650e-06
qt_c07              =   7.22415e-15 from=  7.87400e-06 to=  7.93650e-06
ipk_c07             =  -6.81129e-03 at=  7.87744e-06
ibc_08              =  -2.70856e-05 from=  8.06150e-06 to=  8.18673e-06
ibd_08              =  1.91587e-07 from=  8.06150e-06 to=  8.18673e-06
ibt_08              =  -3.86041e-10 from=  8.06150e-06 to=  8.18673e-06
qc_a08              =   -1.59599e-12 from=  7.99900e-06 to=  8.06150e-06
qd_a08              =   -1.92990e-12 from=  7.99900e-06 to=  8.06150e-06
qt_a08              =   -3.19790e-14 from=  7.99900e-06 to=  8.06150e-06
ipk_a08             =  -2.22251e-02 at=  8.00287e-06
qc_b08              =   -1.70532e-12 from=  8.24900e-06 to=  8.31150e-06
qd_b08              =   -1.95882e-12 from=  8.24900e-06 to=  8.31150e-06
qt_b08              =   4.37562e-17 from=  8.24900e-06 to=  8.31150e-06
ipk_b08             =  -2.04539e-02 at=  8.25286e-06
qc_c08              =   -1.84061e-12 from=  8.87400e-06 to=  8.93650e-06
qd_c08              =   -1.73259e-12 from=  8.87400e-06 to=  8.93650e-06
qt_c08              =   5.53858e-17 from=  8.87400e-06 to=  8.93650e-06
ipk_c08             =  -1.37063e-02 at=  8.87750e-06
ibc_09              =  -3.15463e-05 from=  9.06150e-06 to=  9.18674e-06
ibd_09              =  -2.53696e-10 from=  9.06150e-06 to=  9.18674e-06
ibt_09              =  5.48171e-12 from=  9.06150e-06 to=  9.18674e-06
qc_a09              =   -1.82481e-12 from=  8.99900e-06 to=  9.06150e-06
qd_a09              =   -1.96320e-12 from=  8.99900e-06 to=  9.06150e-06
qt_a09              =   -2.63554e-14 from=  8.99900e-06 to=  9.06150e-06
ipk_a09             =  -2.03836e-02 at=  9.00286e-06
qc_b09              =   -2.04916e-12 from=  9.24900e-06 to=  9.31150e-06
qd_b09              =   -1.95928e-12 from=  9.24900e-06 to=  9.31150e-06
qt_b09              =   4.75472e-17 from=  9.24900e-06 to=  9.31150e-06
ipk_b09             =  -2.04183e-02 at=  9.25286e-06
qc_c09              =   -1.74758e-12 from=  9.87400e-06 to=  9.93650e-06
qd_c09              =   -1.73276e-12 from=  9.87400e-06 to=  9.93650e-06
qt_c09              =   5.63790e-17 from=  9.87400e-06 to=  9.93650e-06
ipk_c09             =  -1.37079e-02 at=  9.87750e-06
ibc_10              =  -3.14549e-05 from=  1.00615e-05 to=  1.01865e-05
ibd_10              =  -2.51603e-10 from=  1.00615e-05 to=  1.01865e-05
ibt_10              =  6.53478e-12 from=  1.00615e-05 to=  1.01865e-05
qc_a10              =   -2.04994e-12 from=  9.99900e-06 to=  1.00615e-05
qd_a10              =   -1.95913e-12 from=  9.99900e-06 to=  1.00615e-05
qt_a10              =   -2.63754e-14 from=  9.99900e-06 to=  1.00615e-05
ipk_a10             =  -2.06175e-02 at=  1.00029e-05
qc_b10              =   -2.05311e-12 from=  1.02490e-05 to=  1.03115e-05
qd_b10              =   -1.95996e-12 from=  1.02490e-05 to=  1.03115e-05
qt_b10              =   3.75971e-17 from=  1.02490e-05 to=  1.03115e-05
ipk_b10             =  -2.04524e-02 at=  1.02529e-05
qc_c10              =   -1.74765e-12 from=  1.08740e-05 to=  1.09365e-05
qd_c10              =   -1.73273e-12 from=  1.08740e-05 to=  1.09365e-05
qt_c10              =   5.42719e-17 from=  1.08740e-05 to=  1.09365e-05
ipk_c10             =  -1.37080e-02 at=  1.08775e-05
ibc_11              =  -2.70839e-05 from=  1.10615e-05 to=  1.11865e-05
ibd_11              =  2.12956e-07 from=  1.10615e-05 to=  1.11865e-05
ibt_11              =  -3.99529e-10 from=  1.10615e-05 to=  1.11865e-05
qc_a11              =   -1.60712e-12 from=  1.09990e-05 to=  1.10615e-05
qd_a11              =   -1.65030e-12 from=  1.09990e-05 to=  1.10615e-05
qt_a11              =   -2.63212e-14 from=  1.09990e-05 to=  1.10615e-05
ipk_a11             =  -2.03098e-02 at=  1.10029e-05
qc_b11              =   -1.72632e-12 from=  1.12490e-05 to=  1.13115e-05
qd_b11              =   -2.39757e-12 from=  1.12490e-05 to=  1.13115e-05
qt_b11              =   -6.71705e-15 from=  1.12490e-05 to=  1.13115e-05
ipk_b11             =  -1.96112e-02 at=  1.12529e-05
qc_c11              =   -1.59723e-12 from=  1.18740e-05 to=  1.19365e-05
qd_c11              =   -1.73407e-12 from=  1.18740e-05 to=  1.19365e-05
qt_c11              =   -6.77203e-15 from=  1.18740e-05 to=  1.19365e-05
ipk_c11             =  -1.37133e-02 at=  1.18775e-05
ibc_12              =  -2.88688e-05 from=  1.20615e-05 to=  1.21866e-05
ibd_12              =  4.60124e-10 from=  1.20615e-05 to=  1.21866e-05
ibt_12              =  4.67668e-12 from=  1.20615e-05 to=  1.21866e-05
qc_a12              =   -1.85445e-12 from=  1.19990e-05 to=  1.20615e-05
qd_a12              =   -1.68134e-12 from=  1.19990e-05 to=  1.20615e-05
qt_a12              =   -2.14403e-14 from=  1.19990e-05 to=  1.20615e-05
ipk_a12             =  -1.90297e-02 at=  1.20029e-05
qc_b12              =   -1.72635e-12 from=  1.22490e-05 to=  1.23115e-05
qd_b12              =   -2.39867e-12 from=  1.22490e-05 to=  1.23115e-05
qt_b12              =   -6.71736e-15 from=  1.22490e-05 to=  1.23115e-05
ipk_b12             =  -1.96881e-02 at=  1.22529e-05
qc_c12              =   -1.59733e-12 from=  1.28740e-05 to=  1.29365e-05
qd_c12              =   -1.73439e-12 from=  1.28740e-05 to=  1.29365e-05
qt_c12              =   -6.77880e-15 from=  1.28740e-05 to=  1.29365e-05
ipk_c12             =  -1.37050e-02 at=  1.28775e-05
ibc_13              =  -2.88640e-05 from=  1.30615e-05 to=  1.31866e-05
ibd_13              =  4.98466e-10 from=  1.30615e-05 to=  1.31866e-05
ibt_13              =  5.80885e-12 from=  1.30615e-05 to=  1.31866e-05
qc_a13              =   -1.85460e-12 from=  1.29990e-05 to=  1.30615e-05
qd_a13              =   -1.68133e-12 from=  1.29990e-05 to=  1.30615e-05
qt_a13              =   -2.14368e-14 from=  1.29990e-05 to=  1.30615e-05
ipk_a13             =  -1.90301e-02 at=  1.30029e-05
qc_b13              =   -1.72632e-12 from=  1.32490e-05 to=  1.33115e-05
qd_b13              =   -2.39866e-12 from=  1.32490e-05 to=  1.33115e-05
qt_b13              =   -6.71736e-15 from=  1.32490e-05 to=  1.33115e-05
ipk_b13             =  -1.96881e-02 at=  1.32529e-05
qc_c13              =   -1.59731e-12 from=  1.38740e-05 to=  1.39365e-05
qd_c13              =   -1.73444e-12 from=  1.38740e-05 to=  1.39365e-05
qt_c13              =   -6.77956e-15 from=  1.38740e-05 to=  1.39365e-05
ipk_c13             =  -1.37045e-02 at=  1.38775e-05
ibc_14              =  -2.70934e-05 from=  1.40615e-05 to=  1.41867e-05
ibd_14              =  2.51164e-07 from=  1.40615e-05 to=  1.41867e-05
ibt_14              =  -3.88954e-10 from=  1.40615e-05 to=  1.41867e-05
qc_a14              =   -1.74306e-12 from=  1.39990e-05 to=  1.40615e-05
qd_a14              =   -1.33359e-12 from=  1.39990e-05 to=  1.40615e-05
qt_a14              =   -2.13727e-14 from=  1.39990e-05 to=  1.40615e-05
ipk_a14             =  -1.87224e-02 at=  1.40029e-05
qc_b14              =   -1.73329e-12 from=  1.42490e-05 to=  1.43115e-05
qd_b14              =   -2.87870e-12 from=  1.42490e-05 to=  1.43115e-05
qt_b14              =   -1.31934e-14 from=  1.42490e-05 to=  1.43115e-05
ipk_b14             =  -2.23795e-02 at=  1.42529e-05
qc_c14              =   -1.73444e-12 from=  1.48740e-05 to=  1.49365e-05
qd_c14              =   -1.90036e-12 from=  1.48740e-05 to=  1.49365e-05
qt_c14              =   -1.32339e-14 from=  1.48740e-05 to=  1.49365e-05
ipk_c14             =  -1.52199e-02 at=  1.48775e-05
ibc_15              =  -2.90444e-05 from=  1.50615e-05 to=  1.51865e-05
ibd_15              =  1.51662e-09 from=  1.50615e-05 to=  1.51865e-05
ibt_15              =  4.08097e-12 from=  1.50615e-05 to=  1.51865e-05
qc_a15              =   -1.83294e-12 from=  1.49990e-05 to=  1.50615e-05
qd_a15              =   -1.36244e-12 from=  1.49990e-05 to=  1.50615e-05
qt_a15              =   -1.66587e-14 from=  1.49990e-05 to=  1.50615e-05
ipk_a15             =  -1.64020e-02 at=  1.50028e-05
qc_b15              =   -1.73337e-12 from=  1.52490e-05 to=  1.53115e-05
qd_b15              =   -2.87857e-12 from=  1.52490e-05 to=  1.53115e-05
qt_b15              =   -1.31923e-14 from=  1.52490e-05 to=  1.53115e-05
ipk_b15             =  -2.23781e-02 at=  1.52529e-05
qc_c15              =   -1.73448e-12 from=  1.58740e-05 to=  1.59365e-05
qd_c15              =   -1.90052e-12 from=  1.58740e-05 to=  1.59365e-05
qt_c15              =   -1.32386e-14 from=  1.58740e-05 to=  1.59365e-05
ipk_c15             =  -1.52215e-02 at=  1.58775e-05
ibc_16              =  -2.90378e-05 from=  1.60615e-05 to=  1.61867e-05
ibd_16              =  1.48862e-09 from=  1.60615e-05 to=  1.61867e-05
ibt_16              =  4.08252e-12 from=  1.60615e-05 to=  1.61867e-05
qc_a16              =   -1.83299e-12 from=  1.59990e-05 to=  1.60615e-05
qd_a16              =   -1.36244e-12 from=  1.59990e-05 to=  1.60615e-05
qt_a16              =   -1.66559e-14 from=  1.59990e-05 to=  1.60615e-05
ipk_a16             =  -1.64020e-02 at=  1.60028e-05
qc_b16              =   -1.73334e-12 from=  1.62490e-05 to=  1.63115e-05
qd_b16              =   -2.87858e-12 from=  1.62490e-05 to=  1.63115e-05
qt_b16              =   -1.31923e-14 from=  1.62490e-05 to=  1.63115e-05
ipk_b16             =  -2.23781e-02 at=  1.62529e-05
qc_c16              =   -1.60426e-12 from=  1.68740e-05 to=  1.69365e-05
qd_c16              =   -1.90032e-12 from=  1.68740e-05 to=  1.69365e-05
qt_c16              =   -1.32372e-14 from=  1.68740e-05 to=  1.69365e-05
ipk_c16             =  -1.52245e-02 at=  1.68775e-05

ngspice-46 done
