
Note: No compatibility mode selected!


Circuit: * klt sim -- generated corner deck, do not edit

Reducing trtol to 1 for xspice 'A' devices
Doing analysis at TEMP = 27.000000 and TNOM = 27.000000

Using SPARSE 1.3 as Direct Linear Solver
Note: Starting dynamic gmin stepping
Note: Dynamic gmin stepping completed

Initial Transient Solution
--------------------------

Node                                   Voltage
----                                   -------
clk                                          0
cmpclk                                       0
cmpclkb                                    3.3
vddt                                       3.3
vddd                                       3.3
vddc                                       3.3
vrefs                                      3.3
vrefn                                      3.3
vcmn                                      1.65
se_vinp                                      0
se_vinn                                   1.65
se_start                                     0
se_mode                                      0
se_cmp                                 1.38975
se_samp_tp_n                                 0
se_sel_in_n                                  0
se_drdy                                    3.3
se_c9                                        0
se_c8                                        0
se_c7                                        0
se_c6                                        0
se_c5                                        0
se_c4                                        0
se_c3                                        0
se_c2                                        0
se_c1                                        0
se_c0                                        0
se_rel_n_256p                              3.3
se_sel_hi_n_256p                             0
se_sel_lo_n_256p                             0
se_rel_n_128p                              3.3
se_sel_hi_n_128p                             0
se_sel_lo_n_128p                             0
se_rel_n_64p                               3.3
se_sel_hi_n_64p                              0
se_sel_lo_n_64p                              0
se_rel_n_32p                               3.3
se_sel_hi_n_32p                              0
se_sel_lo_n_32p                              0
se_rel_n_16p                               3.3
se_sel_hi_n_16p                              0
se_sel_lo_n_16p                              0
se_rel_n_8p                                3.3
se_sel_hi_n_8p                               0
se_sel_lo_n_8p                               0
se_rel_n_4p                                3.3
se_sel_hi_n_4p                               0
se_sel_lo_n_4p                               0
se_rel_n_2p                                3.3
se_sel_hi_n_2p                               0
se_sel_lo_n_2p                               0
se_rel_n_1p                                3.3
se_sel_hi_n_1p                               0
se_sel_lo_n_1p                               0
se_rel_n_256n                              3.3
se_sel_hi_n_256n                             0
se_sel_lo_n_256n                             0
se_rel_n_128n                              3.3
se_sel_hi_n_128n                             0
se_sel_lo_n_128n                             0
se_rel_n_64n                               3.3
se_sel_hi_n_64n                              0
se_sel_lo_n_64n                              0
se_rel_n_32n                               3.3
se_sel_hi_n_32n                              0
se_sel_lo_n_32n                              0
se_rel_n_16n                               3.3
se_sel_hi_n_16n                              0
se_sel_lo_n_16n                              0
se_rel_n_8n                                3.3
se_sel_hi_n_8n                               0
se_sel_lo_n_8n                               0
se_rel_n_4n                                3.3
se_sel_hi_n_4n                               0
se_sel_lo_n_4n                               0
se_rel_n_2n                                3.3
se_sel_hi_n_2n                               0
se_sel_lo_n_2n                               0
se_rel_n_1n                                3.3
se_sel_hi_n_1n                               0
se_sel_lo_n_1n                               0
se_pinp                            9.29154e-10
se_pinn                                   1.65
xsetswp.gp                                 3.3
se_topp                                   1.65
xsetswn.gp                                 3.3
se_topn                                   1.65
xsearrp.x256.bp                           1.65
xsearrp.x256.gp_in                         3.3
xsearrp.x256.gp_rel                1.75885e-09
xsearrp.x256.gp_hi                         3.3
xsearrp.x256.gp_lo                         3.3
xsearrp.x128.bp                           1.65
xsearrp.x128.gp_in                         3.3
xsearrp.x128.gp_rel                1.75885e-09
xsearrp.x128.gp_hi                         3.3
xsearrp.x128.gp_lo                         3.3
xsearrp.x64.bp                            1.65
xsearrp.x64.gp_in                          3.3
xsearrp.x64.gp_rel                 1.75885e-09
xsearrp.x64.gp_hi                          3.3
xsearrp.x64.gp_lo                          3.3
xsearrp.x32.bp                            1.65
xsearrp.x32.gp_in                          3.3
xsearrp.x32.gp_rel                 1.75885e-09
xsearrp.x32.gp_hi                          3.3
xsearrp.x32.gp_lo                          3.3
xsearrp.x16.bp                            1.65
xsearrp.x16.gp_in                          3.3
xsearrp.x16.gp_rel                 1.75885e-09
xsearrp.x16.gp_hi                          3.3
xsearrp.x16.gp_lo                          3.3
xsearrp.x8.bp                             1.65
xsearrp.x8.gp_in                           3.3
xsearrp.x8.gp_rel                  1.75885e-09
xsearrp.x8.gp_hi                           3.3
xsearrp.x8.gp_lo                           3.3
xsearrp.x4.bp                             1.65
xsearrp.x4.gp_in                           3.3
xsearrp.x4.gp_rel                  1.75885e-09
xsearrp.x4.gp_hi                           3.3
xsearrp.x4.gp_lo                           3.3
xsearrp.x2.bp                             1.65
xsearrp.x2.gp_in                           3.3
xsearrp.x2.gp_rel                  1.75885e-09
xsearrp.x2.gp_hi                           3.3
xsearrp.x2.gp_lo                           3.3
xsearrp.x1.bp                             1.65
xsearrp.x1.gp_in                           3.3
xsearrp.x1.gp_rel                  1.75885e-09
xsearrp.x1.gp_hi                           3.3
xsearrp.x1.gp_lo                           3.3
xsearrn.x256.bp                           1.65
xsearrn.x256.gp_in                         3.3
xsearrn.x256.gp_rel                1.75885e-09
xsearrn.x256.gp_hi                         3.3
xsearrn.x256.gp_lo                         3.3
xsearrn.x128.bp                           1.65
xsearrn.x128.gp_in                         3.3
xsearrn.x128.gp_rel                1.75885e-09
xsearrn.x128.gp_hi                         3.3
xsearrn.x128.gp_lo                         3.3
xsearrn.x64.bp                            1.65
xsearrn.x64.gp_in                          3.3
xsearrn.x64.gp_rel                 1.75885e-09
xsearrn.x64.gp_hi                          3.3
xsearrn.x64.gp_lo                          3.3
xsearrn.x32.bp                            1.65
xsearrn.x32.gp_in                          3.3
xsearrn.x32.gp_rel                 1.75885e-09
xsearrn.x32.gp_hi                          3.3
xsearrn.x32.gp_lo                          3.3
xsearrn.x16.bp                            1.65
xsearrn.x16.gp_in                          3.3
xsearrn.x16.gp_rel                 1.75885e-09
xsearrn.x16.gp_hi                          3.3
xsearrn.x16.gp_lo                          3.3
xsearrn.x8.bp                             1.65
xsearrn.x8.gp_in                           3.3
xsearrn.x8.gp_rel                  1.75885e-09
xsearrn.x8.gp_hi                           3.3
xsearrn.x8.gp_lo                           3.3
xsearrn.x4.bp                             1.65
xsearrn.x4.gp_in                           3.3
xsearrn.x4.gp_rel                  1.75885e-09
xsearrn.x4.gp_hi                           3.3
xsearrn.x4.gp_lo                           3.3
xsearrn.x2.bp                             1.65
xsearrn.x2.gp_in                           3.3
xsearrn.x2.gp_rel                  1.75885e-09
xsearrn.x2.gp_hi                           3.3
xsearrn.x2.gp_lo                           3.3
xsearrn.x1.bp                             1.65
xsearrn.x1.gp_in                           3.3
xsearrn.x1.gp_rel                  1.75885e-09
xsearrn.x1.gp_hi                           3.3
xsearrn.x1.gp_lo                           3.3
se_ibias                              0.866486
xsecmp.xpre.ptail                     0.665804
xsecmp.pon                             2.37817
xsecmp.preamp_in1                         1.65
xsecmp.pop                             2.37817
xsecmp.preamp_in2                         1.65
xsecmp.xpre.xrlp.11                    3.29957
xsecmp.xpre.xrlp.21                     2.3786
xsecmp.xpre.xrln.11                    3.29957
xsecmp.xpre.xrln.21                     2.3786
xsecmp.xlat.ltail                       1.6479
xsecmp.xlat.dip                            3.3
xsecmp.xlat.din                            3.3
xsecmp.outn                                3.3
xsecmp.outp                                3.3
xsecmp.sset                        6.81281e-09
xsecmp.srst                        6.81281e-09
xsecmp.xno1.ps                         3.12567
se_cmpb                                1.38975
xsecmp.xno2.ps                         3.12567
se_dacp                            1.11022e-16
se_dacn                            1.11022e-16
se_di                                     1.65
se_err                                     512
se_aerrh                                     0
se_code                                      0
pa_00                             -0.000459657
pa_01                             -0.000459657
pa_02                             -0.000459657
pa_03                             -0.000459657
pa_04                             -0.000459657
pa_05                             -0.000459657
pa_06                             -0.000459657
pa_07                             -0.000459657
pa_08                             -0.000459657
pa_09                             -0.000459657
pa_10                             -0.000459657
pa_11                             -0.000459657
pa_12                             -0.000459657
pa_13                             -0.000459657
pa_14                             -0.000459657
pa_15                             -0.000459657
pa_16                             -0.000459657
pa_17                             -0.000459657
pa_18                             -0.000459657
pa_19                             -0.000459657
pa_20                             -0.000459657
pa_21                             -0.000459657
pa_22                             -0.000459657
pa_23                             -0.000459657
pa_24                             -0.000459657
pa_25                             -0.000459657
pa_26                             -0.000459657
pa_27                             -0.000459657
pa_28                             -0.000459657
pa_29                             -0.000459657
pa_30                             -0.000459657
pa_31                             -0.000459657
pa_32                             -0.000459657
pa_33                             -0.000459657
pa_34                             -0.000459657
pa_35                             -0.000459657
pa_36                             -0.000459657
pa_37                             -0.000459657
pa_38                             -0.000459657
pa_39                             -0.000459657
pa_40                             -0.000459657
pa_41                             -0.000459657
pa_42                             -0.000459657
pa_43                             -0.000459657
bpa_43#branch                                0
vddc#branch                       -0.000459657
vddd#branch                       -5.16071e-10
vddt#branch                       -1.32946e-11
bpa_42#branch                                0
bpa_41#branch                                0
bpa_40#branch                                0
bpa_39#branch                                0
bpa_38#branch                                0
bpa_37#branch                                0
bpa_36#branch                                0
bpa_35#branch                                0
bpa_34#branch                                0
bpa_33#branch                                0
bpa_32#branch                                0
bpa_31#branch                                0
bpa_30#branch                                0
bpa_29#branch                                0
bpa_28#branch                                0
bpa_27#branch                                0
bpa_26#branch                                0
bpa_25#branch                                0
bpa_24#branch                                0
bpa_23#branch                                0
bpa_22#branch                                0
bpa_21#branch                                0
bpa_20#branch                                0
bpa_19#branch                                0
bpa_18#branch                                0
bpa_17#branch                                0
bpa_16#branch                                0
bpa_15#branch                                0
bpa_14#branch                                0
bpa_13#branch                                0
bpa_12#branch                                0
bpa_11#branch                                0
bpa_10#branch                                0
bpa_09#branch                                0
bpa_08#branch                                0
bpa_07#branch                                0
bpa_06#branch                                0
bpa_05#branch                                0
bpa_04#branch                                0
bpa_03#branch                                0
bpa_02#branch                                0
bpa_01#branch                                0
bpa_00#branch                                0
bsecode#branch                               0
bseea#branch                                 0
bsee#branch                                  0
bsedi#branch                                 0
bsedacn#branch                               0
bsedacp#branch                               0
lref#branch                        5.96468e-11
v.xsecmp.vpn#branch                 2.5046e-28
v.xsecmp.vpp#branch                1.42261e-27
vsemode#branch                               0
vsestart#branch                              0
vsevinn#branch                    -1.38778e-17
vseinp#branch                      3.71661e-11
vcms#branch                       -3.83418e-12
vrefs#branch                      -5.96468e-11
vcmpclkb#branch                              0
vcmpclk#branch                               0
vclk#branch                                  0
a.xsectrl.a_gn#branch_1_0                    0
a.xsectrl.a_gn#branch_1_1                    0
a.xsectrl.a_gn#branch_1_2                    0
a.xsectrl.a_gn#branch_1_3                    0
a.xsectrl.a_gn#branch_1_4                    0
a.xsectrl.a_gn#branch_1_5                    0
a.xsectrl.a_gn#branch_1_6                    0
a.xsectrl.a_gn#branch_1_7                    0
a.xsectrl.a_gn#branch_1_8                    0
a.xsectrl.a_gn#branch_1_9                    0
a.xsectrl.a_gn#branch_1_10                   0
a.xsectrl.a_gn#branch_1_11                   0
a.xsectrl.a_gn#branch_1_12                   0
a.xsectrl.a_gn#branch_1_13                   0
a.xsectrl.a_gn#branch_1_14                   0
a.xsectrl.a_gn#branch_1_15                   0
a.xsectrl.a_gn#branch_1_16                   0
a.xsectrl.a_gn#branch_1_17                   0
a.xsectrl.a_gn#branch_1_18                   0
a.xsectrl.a_gn#branch_1_19                   0
a.xsectrl.a_gn#branch_1_20                   0
a.xsectrl.a_gn#branch_1_21                   0
a.xsectrl.a_gn#branch_1_22                   0
a.xsectrl.a_gn#branch_1_23                   0
a.xsectrl.a_gn#branch_1_24                   0
a.xsectrl.a_gn#branch_1_25                   0
a.xsectrl.a_gn#branch_1_26                   0
a.xsectrl.a_gn#branch_1_27                   0
a.xsectrl.a_gn#branch_1_28                   0
a.xsectrl.a_gn#branch_1_29                   0
a.xsectrl.a_gn#branch_1_30                   0
a.xsectrl.a_gn#branch_1_31                   0
a.xsectrl.a_gn#branch_1_32                   0
a.xsectrl.a_gn#branch_1_33                   0
a.xsectrl.a_gn#branch_1_34                   0
a.xsectrl.a_gn#branch_1_35                   0
a.xsectrl.a_gn#branch_1_36                   0
a.xsectrl.a_gn#branch_1_37                   0
a.xsectrl.a_gn#branch_1_38                   0
a.xsectrl.a_gn#branch_1_39                   0
a.xsectrl.a_gn#branch_1_40                   0
a.xsectrl.a_gn#branch_1_41                   0
a.xsectrl.a_gn#branch_1_42                   0
a.xsectrl.a_gn#branch_1_43                   0
a.xsectrl.a_gn#branch_1_44                   0
a.xsectrl.a_gn#branch_1_45                   0
a.xsectrl.a_gn#branch_1_46                   0
a.xsectrl.a_gn#branch_1_47                   0
a.xsectrl.a_gn#branch_1_48                   0
a.xsectrl.a_gn#branch_1_49                   0
a.xsectrl.a_gn#branch_1_50                   0
a.xsectrl.a_gn#branch_1_51                   0
a.xsectrl.a_gn#branch_1_52                   0
a.xsectrl.a_gn#branch_1_53                   0
a.xsectrl.a_dout#branch_1_0                  0
a.xsectrl.a_dout#branch_1_1                  0
a.xsectrl.a_dout#branch_1_2                  0
a.xsectrl.a_dout#branch_1_3                  0
a.xsectrl.a_dout#branch_1_4                  0
a.xsectrl.a_dout#branch_1_5                  0
a.xsectrl.a_dout#branch_1_6                  0
a.xsectrl.a_dout#branch_1_7                  0
a.xsectrl.a_dout#branch_1_8                  0
a.xsectrl.a_dout#branch_1_9                  0
a.xsectrl.a_dout#branch_1_10                 0
a.xsectrl.a_dout#branch_1_11                 0
a.xsectrl.a_dout#branch_1_12                 0


No. of Data Rows : 109754

  Measurements for Transient Analysis

isum_min            =  -1.97017e-02 at=  1.52529e-05
iavg_c              =  -2.92051e-05 from=  3.00000e-06 to=  1.70000e-05
iavg_d              =  -5.71952e-06 from=  3.00000e-06 to=  1.70000e-05
iavg_t              =  -2.07532e-07 from=  3.00000e-06 to=  1.70000e-05
isum_max            =  2.15510e-03 at=  1.50027e-05
imax_c              =  6.30493e-04 at=  9.03131e-06
imax_d              =  2.15640e-03 at=  1.50027e-05
imax_t              =  3.30707e-04 at=  9.00233e-06
vddm                =  3.30000e+00
ibc_03              =  -2.90617e-05 from=  3.06150e-06 to=  3.18665e-06
ibd_03              =  -1.22411e-09 from=  3.06150e-06 to=  3.18665e-06
ibt_03              =  1.84792e-11 from=  3.06150e-06 to=  3.18665e-06
qc_a03              =   -1.94861e-12 from=  2.99900e-06 to=  3.06150e-06
qd_a03              =   -2.37915e-12 from=  2.99900e-06 to=  3.06150e-06
qt_a03              =   -2.44661e-14 from=  2.99900e-06 to=  3.06150e-06
ipk_a03             =  -1.85429e-02 at=  3.00288e-06
qc_b03              =   -1.75548e-12 from=  3.24900e-06 to=  3.31150e-06
qd_b03              =   -1.20149e-12 from=  3.24900e-06 to=  3.31150e-06
qt_b03              =   1.83831e-14 from=  3.24900e-06 to=  3.31150e-06
ipk_b03             =  -1.15352e-02 at=  3.25288e-06
qc_c03              =   -1.60944e-12 from=  3.87400e-06 to=  3.93650e-06
qd_c03              =   -2.81468e-13 from=  3.87400e-06 to=  3.93650e-06
qt_c03              =   1.83617e-14 from=  3.87400e-06 to=  3.93650e-06
ipk_c03             =  -3.97256e-03 at=  3.87745e-06
ibc_04              =  -2.90617e-05 from=  4.06150e-06 to=  4.18665e-06
ibd_04              =  -1.22411e-09 from=  4.06150e-06 to=  4.18665e-06
ibt_04              =  1.84792e-11 from=  4.06150e-06 to=  4.18665e-06
qc_a04              =   -1.94861e-12 from=  3.99900e-06 to=  4.06150e-06
qd_a04              =   -2.37915e-12 from=  3.99900e-06 to=  4.06150e-06
qt_a04              =   -2.44661e-14 from=  3.99900e-06 to=  4.06150e-06
ipk_a04             =  -1.85429e-02 at=  4.00288e-06
qc_b04              =   -1.75547e-12 from=  4.24900e-06 to=  4.31150e-06
qd_b04              =   -1.20149e-12 from=  4.24900e-06 to=  4.31150e-06
qt_b04              =   1.83832e-14 from=  4.24900e-06 to=  4.31150e-06
ipk_b04             =  -1.15352e-02 at=  4.25288e-06
qc_c04              =   -1.60946e-12 from=  4.87400e-06 to=  4.93650e-06
qd_c04              =   -2.81468e-13 from=  4.87400e-06 to=  4.93650e-06
qt_c04              =   1.83617e-14 from=  4.87400e-06 to=  4.93650e-06
ipk_c04             =  -3.97256e-03 at=  4.87745e-06
ibc_05              =  -2.72036e-05 from=  5.06150e-06 to=  5.18673e-06
ibd_05              =  1.91877e-07 from=  5.06150e-06 to=  5.18673e-06
ibt_05              =  -1.32635e-09 from=  5.06150e-06 to=  5.18673e-06
qc_a05              =   -1.70915e-12 from=  4.99900e-06 to=  5.06150e-06
qd_a05              =   -2.10175e-12 from=  4.99900e-06 to=  5.06150e-06
qt_a05              =   -2.42011e-14 from=  4.99900e-06 to=  5.06150e-06
ipk_a05             =  -1.90415e-02 at=  5.00288e-06
qc_b05              =   -1.66725e-12 from=  5.24900e-06 to=  5.31150e-06
qd_b05              =   -1.47128e-12 from=  5.24900e-06 to=  5.31150e-06
qt_b05              =   8.68345e-15 from=  5.24900e-06 to=  5.31150e-06
ipk_b05             =  -1.33263e-02 at=  5.25288e-06
qc_c05              =   -1.81332e-12 from=  5.87400e-06 to=  5.93650e-06
qd_c05              =   -1.61547e-12 from=  5.87400e-06 to=  5.93650e-06
qt_c05              =   8.77868e-15 from=  5.87400e-06 to=  5.93650e-06
ipk_c05             =  -1.20265e-02 at=  5.87754e-06
ibc_06              =  -2.92728e-05 from=  6.06150e-06 to=  6.18666e-06
ibd_06              =  -7.05033e-10 from=  6.06150e-06 to=  6.18666e-06
ibt_06              =  1.26124e-11 from=  6.06150e-06 to=  6.18666e-06
qc_a06              =   -1.90435e-12 from=  5.99900e-06 to=  6.06150e-06
qd_a06              =   -2.13525e-12 from=  5.99900e-06 to=  6.06150e-06
qt_a06              =   -1.71418e-14 from=  5.99900e-06 to=  6.06150e-06
ipk_a06             =  -1.85840e-02 at=  6.00288e-06
qc_b06              =   -1.81343e-12 from=  6.24900e-06 to=  6.31150e-06
qd_b06              =   -1.47232e-12 from=  6.24900e-06 to=  6.31150e-06
qt_b06              =   8.67949e-15 from=  6.24900e-06 to=  6.31150e-06
ipk_b06             =  -1.33045e-02 at=  6.25288e-06
qc_c06              =   -1.66717e-12 from=  6.87400e-06 to=  6.93650e-06
qd_c06              =   -2.38541e-13 from=  6.87400e-06 to=  6.93650e-06
qt_c06              =   8.74797e-15 from=  6.87400e-06 to=  6.93650e-06
ipk_c06             =  -4.35680e-03 at=  6.87750e-06
ibc_07              =  -2.92741e-05 from=  7.06150e-06 to=  7.18666e-06
ibd_07              =  -8.12147e-10 from=  7.06150e-06 to=  7.18666e-06
ibt_07              =  1.27084e-11 from=  7.06150e-06 to=  7.18666e-06
qc_a07              =   -1.90044e-12 from=  6.99900e-06 to=  7.06150e-06
qd_a07              =   -2.13619e-12 from=  6.99900e-06 to=  7.06150e-06
qt_a07              =   -1.71394e-14 from=  6.99900e-06 to=  7.06150e-06
ipk_a07             =  -1.86305e-02 at=  7.00288e-06
qc_b07              =   -1.81343e-12 from=  7.24900e-06 to=  7.31150e-06
qd_b07              =   -1.47232e-12 from=  7.24900e-06 to=  7.31150e-06
qt_b07              =   8.67951e-15 from=  7.24900e-06 to=  7.31150e-06
ipk_b07             =  -1.33045e-02 at=  7.25288e-06
qc_c07              =   -1.66717e-12 from=  7.87400e-06 to=  7.93650e-06
qd_c07              =   -2.38639e-13 from=  7.87400e-06 to=  7.93650e-06
qt_c07              =   8.74823e-15 from=  7.87400e-06 to=  7.93650e-06
ipk_c07             =  -4.35638e-03 at=  7.87750e-06
ibc_08              =  -2.71900e-05 from=  8.06150e-06 to=  8.18673e-06
ibd_08              =  2.35244e-07 from=  8.06150e-06 to=  8.18673e-06
ibt_08              =  -1.37401e-09 from=  8.06150e-06 to=  8.18673e-06
qc_a08              =   -1.62145e-12 from=  7.99900e-06 to=  8.06150e-06
qd_a08              =   -1.81941e-12 from=  7.99900e-06 to=  8.06150e-06
qt_a08              =   -1.69553e-14 from=  7.99900e-06 to=  8.06150e-06
ipk_a08             =  -1.75512e-02 at=  8.00288e-06
qc_b08              =   -1.73075e-12 from=  8.24900e-06 to=  8.31150e-06
qd_b08              =   -1.84973e-12 from=  8.24900e-06 to=  8.31150e-06
qt_b08              =   3.31979e-17 from=  8.24900e-06 to=  8.31150e-06
ipk_b08             =  -1.61749e-02 at=  8.25288e-06
qc_c08              =   -1.71134e-12 from=  8.87400e-06 to=  8.93650e-06
qd_c08              =   -1.80326e-12 from=  8.87400e-06 to=  8.93650e-06
qt_c08              =   1.16327e-16 from=  8.87400e-06 to=  8.93650e-06
ipk_c08             =  -1.36972e-02 at=  8.87753e-06
ibc_09              =  -3.46880e-05 from=  9.06150e-06 to=  9.18655e-06
ibd_09              =  -3.56364e-10 from=  9.06150e-06 to=  9.18655e-06
ibt_09              =  -2.48810e-13 from=  9.06150e-06 to=  9.18655e-06
qc_a09              =   -1.79940e-12 from=  8.99900e-06 to=  9.06150e-06
qd_a09              =   -1.84738e-12 from=  8.99900e-06 to=  9.06150e-06
qt_a09              =   -1.15457e-14 from=  8.99900e-06 to=  9.06150e-06
ipk_a09             =  -1.61963e-02 at=  9.00288e-06
qc_b09              =   -2.04826e-12 from=  9.24900e-06 to=  9.31150e-06
qd_b09              =   -1.84999e-12 from=  9.24900e-06 to=  9.31150e-06
qt_b09              =   3.03148e-17 from=  9.24900e-06 to=  9.31150e-06
ipk_b09             =  -1.61799e-02 at=  9.25288e-06
qc_c09              =   -1.70225e-12 from=  9.87400e-06 to=  9.93650e-06
qd_c09              =   -1.80299e-12 from=  9.87400e-06 to=  9.93650e-06
qt_c09              =   1.13828e-16 from=  9.87400e-06 to=  9.93650e-06
ipk_c09             =  -1.36950e-02 at=  9.87754e-06
ibc_10              =  -3.28330e-05 from=  1.00615e-05 to=  1.01865e-05
ibd_10              =  -3.54670e-10 from=  1.00615e-05 to=  1.01865e-05
ibt_10              =  6.21808e-13 from=  1.00615e-05 to=  1.01865e-05
qc_a10              =   -2.04868e-12 from=  9.99900e-06 to=  1.00615e-05
qd_a10              =   -1.84922e-12 from=  9.99900e-06 to=  1.00615e-05
qt_a10              =   -1.11099e-14 from=  9.99900e-06 to=  1.00615e-05
ipk_a10             =  -1.62266e-02 at=  1.00029e-05
qc_b10              =   -2.04525e-12 from=  1.02490e-05 to=  1.03115e-05
qd_b10              =   -1.84999e-12 from=  1.02490e-05 to=  1.03115e-05
qt_b10              =   3.02934e-17 from=  1.02490e-05 to=  1.03115e-05
ipk_b10             =  -1.61798e-02 at=  1.02529e-05
qc_c10              =   -1.70226e-12 from=  1.08740e-05 to=  1.09365e-05
qd_c10              =   -1.80300e-12 from=  1.08740e-05 to=  1.09365e-05
qt_c10              =   1.13836e-16 from=  1.08740e-05 to=  1.09365e-05
ipk_c10             =  -1.36950e-02 at=  1.08775e-05
ibc_11              =  -2.71971e-05 from=  1.10615e-05 to=  1.11865e-05
ibd_11              =  2.64209e-07 from=  1.10615e-05 to=  1.11865e-05
ibt_11              =  -1.45629e-09 from=  1.10615e-05 to=  1.11865e-05
qc_a11              =   -2.51589e-12 from=  1.09990e-05 to=  1.10615e-05
qd_a11              =   -1.48336e-12 from=  1.09990e-05 to=  1.10615e-05
qt_a11              =   -1.11323e-14 from=  1.09990e-05 to=  1.10615e-05
ipk_a11             =  -1.61659e-02 at=  1.10029e-05
qc_b11              =   -1.78743e-12 from=  1.12490e-05 to=  1.13115e-05
qd_b11              =   -2.35760e-12 from=  1.12490e-05 to=  1.13115e-05
qt_b11              =   -8.05147e-15 from=  1.12490e-05 to=  1.13115e-05
ipk_b11             =  -1.64415e-02 at=  1.12529e-05
qc_c11              =   -1.64095e-12 from=  1.18740e-05 to=  1.19365e-05
qd_c11              =   -1.80313e-12 from=  1.18740e-05 to=  1.19365e-05
qt_c11              =   -8.08277e-15 from=  1.18740e-05 to=  1.19365e-05
ipk_c11             =  -1.37120e-02 at=  1.18775e-05
ibc_12              =  -2.92343e-05 from=  1.20615e-05 to=  1.21866e-05
ibd_12              =  6.06045e-10 from=  1.20615e-05 to=  1.21866e-05
ibt_12              =  4.51580e-13 from=  1.20615e-05 to=  1.21866e-05
qc_a12              =   -1.87360e-12 from=  1.19990e-05 to=  1.20615e-05
qd_a12              =   -1.51769e-12 from=  1.19990e-05 to=  1.20615e-05
qt_a12              =   -5.35481e-15 from=  1.19990e-05 to=  1.20615e-05
ipk_a12             =  -1.54364e-02 at=  1.20029e-05
qc_b12              =   -1.78728e-12 from=  1.22490e-05 to=  1.23115e-05
qd_b12              =   -2.35833e-12 from=  1.22490e-05 to=  1.23115e-05
qt_b12              =   -8.05376e-15 from=  1.22490e-05 to=  1.23115e-05
ipk_b12             =  -1.64889e-02 at=  1.22529e-05
qc_c12              =   -1.78712e-12 from=  1.28740e-05 to=  1.29365e-05
qd_c12              =   -6.63426e-13 from=  1.28740e-05 to=  1.29365e-05
qt_c12              =   -8.15088e-15 from=  1.28740e-05 to=  1.29365e-05
ipk_c12             =  -5.40741e-03 at=  1.28775e-05
ibc_13              =  -2.92421e-05 from=  1.30615e-05 to=  1.31866e-05
ibd_13              =  5.86727e-10 from=  1.30615e-05 to=  1.31866e-05
ibt_13              =  1.28749e-12 from=  1.30615e-05 to=  1.31866e-05
qc_a13              =   -1.87444e-12 from=  1.29990e-05 to=  1.30615e-05
qd_a13              =   -1.51770e-12 from=  1.29990e-05 to=  1.30615e-05
qt_a13              =   -5.35029e-15 from=  1.29990e-05 to=  1.30615e-05
ipk_a13             =  -1.54359e-02 at=  1.30029e-05
qc_b13              =   -1.78728e-12 from=  1.32490e-05 to=  1.33115e-05
qd_b13              =   -2.35833e-12 from=  1.32490e-05 to=  1.33115e-05
qt_b13              =   -8.05376e-15 from=  1.32490e-05 to=  1.33115e-05
ipk_b13             =  -1.64889e-02 at=  1.32529e-05
qc_c13              =   -1.78727e-12 from=  1.38740e-05 to=  1.39365e-05
qd_c13              =   -6.63412e-13 from=  1.38740e-05 to=  1.39365e-05
qt_c13              =   -8.15149e-15 from=  1.38740e-05 to=  1.39365e-05
ipk_c13             =  -5.41265e-03 at=  1.38775e-05
ibc_14              =  -2.72076e-05 from=  1.40615e-05 to=  1.41867e-05
ibd_14              =  3.13822e-07 from=  1.40615e-05 to=  1.41867e-05
ibt_14              =  -1.37578e-09 from=  1.40615e-05 to=  1.41867e-05
qc_a14              =   -1.78504e-12 from=  1.39990e-05 to=  1.40615e-05
qd_a14              =   -1.10006e-12 from=  1.39990e-05 to=  1.40615e-05
qt_a14              =   -5.14653e-15 from=  1.39990e-05 to=  1.40615e-05
ipk_a14             =  -1.50300e-02 at=  1.40029e-05
qc_b14              =   -1.79868e-12 from=  1.42490e-05 to=  1.43115e-05
qd_b14              =   -2.92221e-12 from=  1.42490e-05 to=  1.43115e-05
qt_b14              =   -1.58780e-14 from=  1.42490e-05 to=  1.43115e-05
ipk_b14             =  -1.96607e-02 at=  1.42529e-05
qc_c14              =   -1.80025e-12 from=  1.48740e-05 to=  1.49365e-05
qd_c14              =   -1.99604e-12 from=  1.48740e-05 to=  1.49365e-05
qt_c14              =   -1.58662e-14 from=  1.48740e-05 to=  1.49365e-05
ipk_c14             =  -1.54193e-02 at=  1.48775e-05
ibc_15              =  -2.96261e-05 from=  1.50615e-05 to=  1.51866e-05
ibd_15              =  1.65786e-09 from=  1.50615e-05 to=  1.51866e-05
ibt_15              =  -4.88032e-12 from=  1.50615e-05 to=  1.51866e-05
qc_a15              =   -1.83738e-12 from=  1.49990e-05 to=  1.50615e-05
qd_a15              =   -1.13269e-12 from=  1.49990e-05 to=  1.50615e-05
qt_a15              =   -4.71671e-18 from=  1.49990e-05 to=  1.50615e-05
ipk_a15             =  -1.29078e-02 at=  1.50029e-05
qc_b15              =   -1.65377e-12 from=  1.52490e-05 to=  1.53115e-05
qd_b15              =   -2.91955e-12 from=  1.52490e-05 to=  1.53115e-05
qt_b15              =   -1.58719e-14 from=  1.52490e-05 to=  1.53115e-05
ipk_b15             =  -1.97017e-02 at=  1.52529e-05
qc_c15              =   -1.65232e-12 from=  1.58740e-05 to=  1.59365e-05
qd_c15              =   -1.99839e-12 from=  1.58740e-05 to=  1.59365e-05
qt_c15              =   -1.58880e-14 from=  1.58740e-05 to=  1.59365e-05
ipk_c15             =  -1.54099e-02 at=  1.58775e-05
ibc_16              =  -2.96353e-05 from=  1.60615e-05 to=  1.61866e-05
ibd_16              =  1.68651e-09 from=  1.60615e-05 to=  1.61866e-05
ibt_16              =  -4.89676e-12 from=  1.60615e-05 to=  1.61866e-05
qc_a16              =   -1.83759e-12 from=  1.59990e-05 to=  1.60615e-05
qd_a16              =   -1.13270e-12 from=  1.59990e-05 to=  1.60615e-05
qt_a16              =   -1.71455e-18 from=  1.59990e-05 to=  1.60615e-05
ipk_a16             =  -1.29071e-02 at=  1.60029e-05
qc_b16              =   -1.65400e-12 from=  1.62490e-05 to=  1.63115e-05
qd_b16              =   -2.91960e-12 from=  1.62490e-05 to=  1.63115e-05
qt_b16              =   -1.58719e-14 from=  1.62490e-05 to=  1.63115e-05
ipk_b16             =  -1.97004e-02 at=  1.62529e-05
qc_c16              =   -1.65232e-12 from=  1.68740e-05 to=  1.69365e-05
qd_c16              =   -1.99833e-12 from=  1.68740e-05 to=  1.69365e-05
qt_c16              =   -1.58873e-14 from=  1.68740e-05 to=  1.69365e-05
ipk_c16             =  -1.54092e-02 at=  1.68775e-05

ngspice-46 done
