
Note: No compatibility mode selected!


Circuit: * comparator-regeneration @ tt_-40c_3.63v -- generated by sim/harness, do not edit

Doing analysis at TEMP = -40.000000 and TNOM = 27.000000

Using SPARSE 1.3 as Direct Linear Solver

Initial Transient Solution
--------------------------

Node                                   Voltage
----                                   -------
vdd                                       3.63
vdda                                      3.63
clk                                          0
cm                                        1.65
vda                                 -0.0016113
apa                                    1.64919
ana                                    1.65081
ibna                                  0.807378
xa.xpre.ptail                          0.70616
xa.pon                                 2.76345
xa.preamp_in1                          1.64919
xa.pop                                 2.73021
xa.preamp_in2                          1.65081
xa.xpre.xrlp.11                        3.62977
xa.xpre.xrlp.21                        2.73044
xa.xpre.xrln.11                        3.62978
xa.xpre.xrln.21                        2.76367
xa.xlat.ltail                          1.92792
xa.xlat.dip                               3.63
xa.xlat.din                               3.63
xa.outn                                   3.63
xa.outp                                   3.63
xa.sset                            5.74698e-09
xa.srst                            5.74698e-09
xa.xno1.ps                                3.63
douta                              1.80945e-09
doutba                                    3.63
xa.xno2.ps                                3.63
vdd_                                      -0.1
apd                                        1.6
and                                        1.7
ibnd                                  0.807378
xd.xpre.ptail                         0.722995
xd.pon                                 3.50386
xd.preamp_in1                              1.6
xd.pop                                 1.98856
xd.preamp_in2                              1.7
xd.xpre.xrlp.11                        3.62959
xd.xpre.xrlp.21                        1.98898
xd.xpre.xrln.11                        3.62997
xd.xpre.xrln.21                        3.50389
xd.xlat.ltail                          2.54543
xd.xlat.dip                               3.63
xd.xlat.din                               3.63
xd.outn                                   3.63
xd.outp                                   3.63
xd.sset                            5.74698e-09
xd.srst                            5.74698e-09
xd.xno1.ps                                3.63
doutd                              1.80945e-09
doutbd                                    3.63
xd.xno2.ps                                3.63
vde                                    -0.0001
ape                                    1.64995
ane                                    1.65005
ibne                                  0.807378
xe.xpre.ptail                         0.706156
xe.pon                                 2.74786
xe.preamp_in1                          1.64995
xe.pop                                  2.7458
xe.preamp_in2                          1.65005
xe.xpre.xrlp.11                        3.62978
xe.xpre.xrlp.21                        2.74602
xe.xpre.xrln.11                        3.62978
xe.xpre.xrln.21                        2.74808
xe.xlat.ltail                          1.92363
xe.xlat.dip                               3.63
xe.xlat.din                               3.63
xe.outn                                   3.63
xe.outp                                   3.63
xe.sset                            5.74698e-09
xe.srst                            5.74698e-09
xe.xno1.ps                                3.63
doute                              1.80945e-09
doutbe                                    3.63
xe.xno2.ps                                3.63
clkn                                         0
dan                                4.98472e-10
ddn                                4.98472e-10
den                                4.98472e-10
bden#branch                                  0
bddn#branch                                  0
bdan#branch                                  0
bclkn#branch                                 0
eane#branch                                  0
eape#branch                                  0
eand#branch                                  0
eapd#branch                                  0
eana#branch                                  0
eapa#branch                                  0
v.xe.vpn#branch                              0
v.xe.vpp#branch                              0
vde#branch                                   0
v.xd.vpn#branch                              0
v.xd.vpp#branch                              0
vdd_#branch                                  0
v.xa.vpn#branch                              0
v.xa.vpp#branch                              0
vda#branch                                   0
vcmn#branch                                  0
vclk#branch                                  0
vsupa#branch                      -1.99709e-05
vsup#branch                       -3.99488e-05

 Reference value :  0.00000e+00
 Reference value :  4.00000e-11
 Reference value :  3.20000e-10
 Reference value :  3.28000e-09
 Reference value :  6.28000e-09
 Reference value :  9.14000e-09
 Reference value :  1.00600e-08
 Reference value :  1.01005e-08
 Reference value :  1.01687e-08
 Reference value :  1.02000e-08
 Reference value :  1.02229e-08
 Reference value :  1.02836e-08
 Reference value :  1.03520e-08
 Reference value :  1.03819e-08
 Reference value :  1.04644e-08
 Reference value :  1.05196e-08
 Reference value :  1.05873e-08
 Reference value :  1.07352e-08
 Reference value :  1.11106e-08
 Reference value :  1.36111e-08
 Reference value :  1.56111e-08
 Reference value :  1.86111e-08
 Reference value :  2.06111e-08
 Reference value :  2.26111e-08
 Reference value :  2.46111e-08
 Reference value :  2.66111e-08
 Reference value :  2.96111e-08
 Reference value :  3.26111e-08
 Reference value :  3.46111e-08
 Reference value :  3.66111e-08
 Reference value :  3.86111e-08
 Reference value :  4.04305e-08
 Reference value :  4.13100e-08
 Reference value :  4.14500e-08
 Reference value :  4.14539e-08
 Reference value :  4.14773e-08
 Reference value :  4.15402e-08
 Reference value :  4.16337e-08
 Reference value :  4.17336e-08
 Reference value :  4.17979e-08
 Reference value :  4.19978e-08
 Reference value :  4.25908e-08
 Reference value :  4.41579e-08
 Reference value :  4.51000e-08
 Reference value :  4.60000e-08
 Reference value :  4.64900e-08
 Reference value :  4.80500e-08
 Reference value :  5.00500e-08
 Reference value :  5.20500e-08
 Reference value :  5.40500e-08
 Reference value :  5.70500e-08
 Reference value :  6.00500e-08
 Reference value :  6.30500e-08
 Reference value :  6.60500e-08
 Reference value :  6.90500e-08
 Reference value :  7.17750e-08
 Reference value :  7.25600e-08
 Reference value :  7.26004e-08
 Reference value :  7.26371e-08
 Reference value :  7.26843e-08
 Reference value :  7.27031e-08
 Reference value :  7.27220e-08
 Reference value :  7.27835e-08
 Reference value :  7.28497e-08
 Reference value :  7.28791e-08
 Reference value :  7.29063e-08
 Reference value :  7.29584e-08
 Reference value :  7.30099e-08
 Reference value :  7.30637e-08
 Reference value :  7.31894e-08
 Reference value :  7.34564e-08
 Reference value :  7.40742e-08
 Reference value :  7.58978e-08
 Reference value :  7.78978e-08
 Reference value :  7.98978e-08
 Reference value :  8.18978e-08
 Reference value :  8.38978e-08
 Reference value :  8.58978e-08
 Reference value :  8.78978e-08
 Reference value :  8.98978e-08
 Reference value :  9.28978e-08
 Reference value :  9.48978e-08
 Reference value :  9.68978e-08
 Reference value :  9.88978e-08
 Reference value :  1.01898e-07
 Reference value :  1.03770e-07
 Reference value :  1.03880e-07
 Reference value :  1.03954e-07
 Reference value :  1.04009e-07
 Reference value :  1.04081e-07
 Reference value :  1.04167e-07
 Reference value :  1.04271e-07
 Reference value :  1.04439e-07
 Reference value :  1.04854e-07
 Reference value :  1.06339e-07
 Reference value :  1.08339e-07
 Reference value :  1.10339e-07
 Reference value :  1.12339e-07
 Reference value :  1.14339e-07
 Reference value :  1.17339e-07
 Reference value :  1.19339e-07
 Reference value :  1.21339e-07
 Reference value :  1.23339e-07
 Reference value :  1.25339e-07
 Reference value :  1.27339e-07
 Reference value :  1.29339e-07
 Reference value :  1.32339e-07
 Reference value :  1.35000e-07
No. of Data Rows : 235
td_a                =  3.81749e-10 targ=  7.29817e-08 trig=  7.26000e-08
td_d                =  3.14305e-10 targ=  7.29143e-08 trig=  7.26000e-08
td_e                =  4.46348e-10 targ=  7.30463e-08 trig=  7.26000e-08
va_mid              =  1.07761e-07
vd_mid              =  1.49965e-08
ve_mid              =  1.09710e-07
va_end              =  1.00001e+00
vd_end              =  1.00001e+00
ve_end              =  1.00001e+00
q_idle              =  -3.88714e-13 from=  5.00000e-08 to=  7.00000e-08
q_act               =  -1.96369e-12 from=  7.25000e-08 to=  1.35000e-07
m_td_half_ns = 3.8174910000e-01
m_td_big_ns = 3.1430470000e-01
m_td_tiny_ns = 4.4634820000e-01
m_tau_ps = 1.6337765116e+01
m_margin_ns = 3.0868250900e+01
m_dout_pos_end = 1.0000070000e+00
m_dout_big_end = 1.0000090000e+00
m_dout_tiny_end = 1.0000070000e+00
m_e_dec_fj = 2.7187084650e+03
m_i_static_ua = 1.9435720000e+01
m_resolve_decades = 8.2054742106e+02
m_dout_pos_mid = 1.0776070000e-07
m_dout_big_mid = 1.4996450000e-08
m_dout_tiny_mid = 1.0971020000e-07
Note: Simulation executed from .control section 

