
Note: No compatibility mode selected!


Circuit: * adc-rail-current @ ff_125c_3.30v -- generated by sim/harness, do not edit

Reducing trtol to 1 for xspice 'A' devices
Doing analysis at TEMP = 125.000000 and TNOM = 27.000000

Using SPARSE 1.3 as Direct Linear Solver

Initial Transient Solution
--------------------------

Node                                   Voltage
----                                   -------
clk                                          0
cmpclk                                       0
cmpclkb                                    3.3
vddt                                       3.3
vddd                                       3.3
vddc                                       3.3
vrefs                                      3.3
vrefn                                      3.3
vcmn                                      1.65
se_vinp                                      0
se_vinn                                   1.65
se_start                                     0
se_mode                                      0
se_cmp                                 1.34355
se_samp_tp_n                                 0
se_sel_in_n                                  0
se_drdy                                    3.3
se_c9                                        0
se_c8                                        0
se_c7                                        0
se_c6                                        0
se_c5                                        0
se_c4                                        0
se_c3                                        0
se_c2                                        0
se_c1                                        0
se_c0                                        0
se_rel_n_256p                              3.3
se_sel_hi_n_256p                             0
se_sel_lo_n_256p                             0
se_rel_n_128p                              3.3
se_sel_hi_n_128p                             0
se_sel_lo_n_128p                             0
se_rel_n_64p                               3.3
se_sel_hi_n_64p                              0
se_sel_lo_n_64p                              0
se_rel_n_32p                               3.3
se_sel_hi_n_32p                              0
se_sel_lo_n_32p                              0
se_rel_n_16p                               3.3
se_sel_hi_n_16p                              0
se_sel_lo_n_16p                              0
se_rel_n_8p                                3.3
se_sel_hi_n_8p                               0
se_sel_lo_n_8p                               0
se_rel_n_4p                                3.3
se_sel_hi_n_4p                               0
se_sel_lo_n_4p                               0
se_rel_n_2p                                3.3
se_sel_hi_n_2p                               0
se_sel_lo_n_2p                               0
se_rel_n_1p                                3.3
se_sel_hi_n_1p                               0
se_sel_lo_n_1p                               0
se_rel_n_256n                              3.3
se_sel_hi_n_256n                             0
se_sel_lo_n_256n                             0
se_rel_n_128n                              3.3
se_sel_hi_n_128n                             0
se_sel_lo_n_128n                             0
se_rel_n_64n                               3.3
se_sel_hi_n_64n                              0
se_sel_lo_n_64n                              0
se_rel_n_32n                               3.3
se_sel_hi_n_32n                              0
se_sel_lo_n_32n                              0
se_rel_n_16n                               3.3
se_sel_hi_n_16n                              0
se_sel_lo_n_16n                              0
se_rel_n_8n                                3.3
se_sel_hi_n_8n                               0
se_sel_lo_n_8n                               0
se_rel_n_4n                                3.3
se_sel_hi_n_4n                               0
se_sel_lo_n_4n                               0
se_rel_n_2n                                3.3
se_sel_hi_n_2n                               0
se_sel_lo_n_2n                               0
se_rel_n_1n                                3.3
se_sel_hi_n_1n                               0
se_sel_lo_n_1n                               0
se_pinp                            1.59712e-06
se_pinn                                   1.65
xsetswp.gp                                 3.3
se_topp                                1.65001
xsetswn.gp                                 3.3
se_topn                                1.65001
xsearrp.x256.bp                           1.65
xsearrp.x256.gp_in                         3.3
xsearrp.x256.gp_rel                8.17248e-08
xsearrp.x256.gp_hi                         3.3
xsearrp.x256.gp_lo                         3.3
xsearrp.x128.bp                           1.65
xsearrp.x128.gp_in                         3.3
xsearrp.x128.gp_rel                8.17248e-08
xsearrp.x128.gp_hi                         3.3
xsearrp.x128.gp_lo                         3.3
xsearrp.x64.bp                            1.65
xsearrp.x64.gp_in                          3.3
xsearrp.x64.gp_rel                 8.17248e-08
xsearrp.x64.gp_hi                          3.3
xsearrp.x64.gp_lo                          3.3
xsearrp.x32.bp                            1.65
xsearrp.x32.gp_in                          3.3
xsearrp.x32.gp_rel                 8.17248e-08
xsearrp.x32.gp_hi                          3.3
xsearrp.x32.gp_lo                          3.3
xsearrp.x16.bp                            1.65
xsearrp.x16.gp_in                          3.3
xsearrp.x16.gp_rel                 8.17248e-08
xsearrp.x16.gp_hi                          3.3
xsearrp.x16.gp_lo                          3.3
xsearrp.x8.bp                             1.65
xsearrp.x8.gp_in                           3.3
xsearrp.x8.gp_rel                  8.17248e-08
xsearrp.x8.gp_hi                           3.3
xsearrp.x8.gp_lo                           3.3
xsearrp.x4.bp                             1.65
xsearrp.x4.gp_in                           3.3
xsearrp.x4.gp_rel                  8.17248e-08
xsearrp.x4.gp_hi                           3.3
xsearrp.x4.gp_lo                           3.3
xsearrp.x2.bp                             1.65
xsearrp.x2.gp_in                           3.3
xsearrp.x2.gp_rel                  8.17248e-08
xsearrp.x2.gp_hi                           3.3
xsearrp.x2.gp_lo                           3.3
xsearrp.x1.bp                             1.65
xsearrp.x1.gp_in                           3.3
xsearrp.x1.gp_rel                  8.17248e-08
xsearrp.x1.gp_hi                           3.3
xsearrp.x1.gp_lo                           3.3
xsearrn.x256.bp                           1.65
xsearrn.x256.gp_in                         3.3
xsearrn.x256.gp_rel                8.17248e-08
xsearrn.x256.gp_hi                         3.3
xsearrn.x256.gp_lo                         3.3
xsearrn.x128.bp                           1.65
xsearrn.x128.gp_in                         3.3
xsearrn.x128.gp_rel                8.17248e-08
xsearrn.x128.gp_hi                         3.3
xsearrn.x128.gp_lo                         3.3
xsearrn.x64.bp                            1.65
xsearrn.x64.gp_in                          3.3
xsearrn.x64.gp_rel                 8.17248e-08
xsearrn.x64.gp_hi                          3.3
xsearrn.x64.gp_lo                          3.3
xsearrn.x32.bp                            1.65
xsearrn.x32.gp_in                          3.3
xsearrn.x32.gp_rel                 8.17248e-08
xsearrn.x32.gp_hi                          3.3
xsearrn.x32.gp_lo                          3.3
xsearrn.x16.bp                            1.65
xsearrn.x16.gp_in                          3.3
xsearrn.x16.gp_rel                 8.17248e-08
xsearrn.x16.gp_hi                          3.3
xsearrn.x16.gp_lo                          3.3
xsearrn.x8.bp                             1.65
xsearrn.x8.gp_in                           3.3
xsearrn.x8.gp_rel                  8.17248e-08
xsearrn.x8.gp_hi                           3.3
xsearrn.x8.gp_lo                           3.3
xsearrn.x4.bp                             1.65
xsearrn.x4.gp_in                           3.3
xsearrn.x4.gp_rel                  8.17248e-08
xsearrn.x4.gp_hi                           3.3
xsearrn.x4.gp_lo                           3.3
xsearrn.x2.bp                             1.65
xsearrn.x2.gp_in                           3.3
xsearrn.x2.gp_rel                  8.17248e-08
xsearrn.x2.gp_hi                           3.3
xsearrn.x2.gp_lo                           3.3
xsearrn.x1.bp                             1.65
xsearrn.x1.gp_in                           3.3
xsearrn.x1.gp_rel                  8.17248e-08
xsearrn.x1.gp_hi                           3.3
xsearrn.x1.gp_lo                           3.3
se_ibias                              0.563892
xsecmp.xpre.ptail                     0.934315
xsecmp.pon                             2.71882
xsecmp.preamp_in1                      1.65001
xsecmp.pop                             2.71882
xsecmp.preamp_in2                      1.65001
xsecmp.xpre.xrlp.11                    3.29972
xsecmp.xpre.xrlp.21                     2.7191
xsecmp.xpre.xrln.11                    3.29972
xsecmp.xpre.xrln.21                     2.7191
xsecmp.xlat.ltail                      2.11716
xsecmp.xlat.dip                            3.3
xsecmp.xlat.din                            3.3
xsecmp.outn                                3.3
xsecmp.outp                                3.3
xsecmp.sset                        1.05744e-07
xsecmp.srst                        1.05744e-07
xsecmp.xno1.ps                         3.02452
se_cmpb                                1.34355
xsecmp.xno2.ps                         3.02452
se_dacp                            1.11022e-16
se_dacn                            1.11022e-16
se_di                                     1.65
se_err                                     512
se_aerrh                                     0
se_code                                      0
bsecode#branch                               0
bseea#branch                                 0
bsee#branch                                  0
bsedi#branch                                 0
bsedacn#branch                               0
bsedacp#branch                               0
lref#branch                        1.86572e-08
v.xsecmp.vpn#branch                1.41703e-28
v.xsecmp.vpp#branch               -2.60851e-28
vsemode#branch                               0
vsestart#branch                              0
vsevinn#branch                     6.93889e-17
vseinp#branch                      6.38849e-08
vcms#branch                       -1.72919e-07
vrefs#branch                      -1.86572e-08
vddc#branch                       -0.000719448
vddd#branch                       -6.27464e-08
vddt#branch                       -2.21741e-09
vcmpclkb#branch                              0
vcmpclk#branch                               0
vclk#branch                                  0
a.xsectrl.a_gn#branch_1_0                    0
a.xsectrl.a_gn#branch_1_1                    0
a.xsectrl.a_gn#branch_1_2                    0
a.xsectrl.a_gn#branch_1_3                    0
a.xsectrl.a_gn#branch_1_4                    0
a.xsectrl.a_gn#branch_1_5                    0
a.xsectrl.a_gn#branch_1_6                    0
a.xsectrl.a_gn#branch_1_7                    0
a.xsectrl.a_gn#branch_1_8                    0
a.xsectrl.a_gn#branch_1_9                    0
a.xsectrl.a_gn#branch_1_10                   0
a.xsectrl.a_gn#branch_1_11                   0
a.xsectrl.a_gn#branch_1_12                   0
a.xsectrl.a_gn#branch_1_13                   0
a.xsectrl.a_gn#branch_1_14                   0
a.xsectrl.a_gn#branch_1_15                   0
a.xsectrl.a_gn#branch_1_16                   0
a.xsectrl.a_gn#branch_1_17                   0
a.xsectrl.a_gn#branch_1_18                   0
a.xsectrl.a_gn#branch_1_19                   0
a.xsectrl.a_gn#branch_1_20                   0
a.xsectrl.a_gn#branch_1_21                   0
a.xsectrl.a_gn#branch_1_22                   0
a.xsectrl.a_gn#branch_1_23                   0
a.xsectrl.a_gn#branch_1_24                   0
a.xsectrl.a_gn#branch_1_25                   0
a.xsectrl.a_gn#branch_1_26                   0
a.xsectrl.a_gn#branch_1_27                   0
a.xsectrl.a_gn#branch_1_28                   0
a.xsectrl.a_gn#branch_1_29                   0
a.xsectrl.a_gn#branch_1_30                   0
a.xsectrl.a_gn#branch_1_31                   0
a.xsectrl.a_gn#branch_1_32                   0
a.xsectrl.a_gn#branch_1_33                   0
a.xsectrl.a_gn#branch_1_34                   0
a.xsectrl.a_gn#branch_1_35                   0
a.xsectrl.a_gn#branch_1_36                   0
a.xsectrl.a_gn#branch_1_37                   0
a.xsectrl.a_gn#branch_1_38                   0
a.xsectrl.a_gn#branch_1_39                   0
a.xsectrl.a_gn#branch_1_40                   0
a.xsectrl.a_gn#branch_1_41                   0
a.xsectrl.a_gn#branch_1_42                   0
a.xsectrl.a_gn#branch_1_43                   0
a.xsectrl.a_gn#branch_1_44                   0
a.xsectrl.a_gn#branch_1_45                   0
a.xsectrl.a_gn#branch_1_46                   0
a.xsectrl.a_gn#branch_1_47                   0
a.xsectrl.a_gn#branch_1_48                   0
a.xsectrl.a_gn#branch_1_49                   0
a.xsectrl.a_gn#branch_1_50                   0
a.xsectrl.a_gn#branch_1_51                   0
a.xsectrl.a_gn#branch_1_52                   0
a.xsectrl.a_gn#branch_1_53                   0
a.xsectrl.a_dout#branch_1_0                  0
a.xsectrl.a_dout#branch_1_1                  0
a.xsectrl.a_dout#branch_1_2                  0
a.xsectrl.a_dout#branch_1_3                  0
a.xsectrl.a_dout#branch_1_4                  0
a.xsectrl.a_dout#branch_1_5                  0
a.xsectrl.a_dout#branch_1_6                  0
a.xsectrl.a_dout#branch_1_7                  0
a.xsectrl.a_dout#branch_1_8                  0
a.xsectrl.a_dout#branch_1_9                  0
a.xsectrl.a_dout#branch_1_10                 0
a.xsectrl.a_dout#branch_1_11                 0
a.xsectrl.a_dout#branch_1_12                 0

 Reference value :  2.69678e-09
 Reference value :  9.37500e-08
 Reference value :  1.87701e-07
 Reference value :  2.52115e-07
 Reference value :  3.13584e-07
 Reference value :  3.81697e-07
 Reference value :  4.68878e-07
 Reference value :  5.31757e-07
 Reference value :  5.97490e-07
 Reference value :  6.89839e-07
 Reference value :  7.52319e-07
 Reference value :  8.16081e-07
 Reference value :  9.02183e-07
 Reference value :  9.69417e-07
 Reference value :  1.03125e-06
 Reference value :  1.09678e-06
 Reference value :  1.18773e-06
 Reference value :  1.25267e-06
 Reference value :  1.31634e-06
 Reference value :  1.40655e-06
 Reference value :  1.46971e-06
 Reference value :  1.56477e-06
 Reference value :  1.65630e-06
 Reference value :  1.75010e-06
 Reference value :  1.81299e-06
 Reference value :  1.87739e-06
 Reference value :  1.96880e-06
 Reference value :  2.03153e-06
 Reference value :  2.12520e-06
 Reference value :  2.21886e-06
 Reference value :  2.28260e-06
 Reference value :  2.37531e-06
 Reference value :  2.44065e-06
 Reference value :  2.53172e-06
 Reference value :  2.62564e-06
 Reference value :  2.71881e-06
 Reference value :  2.81250e-06
 Reference value :  2.87727e-06
 Reference value :  2.96893e-06
 Reference value :  3.03181e-06
 Reference value :  3.15631e-06
 Reference value :  3.21922e-06
 Reference value :  3.31261e-06
 Reference value :  3.37753e-06
 Reference value :  3.46895e-06
 Reference value :  3.56270e-06
 Reference value :  3.62768e-06
 Reference value :  3.71928e-06
 Reference value :  3.81328e-06
 Reference value :  3.87750e-06
 Reference value :  3.96890e-06
 Reference value :  4.03171e-06
 Reference value :  4.14782e-06
 Reference value :  4.21926e-06
 Reference value :  4.31267e-06
 Reference value :  4.37750e-06
 Reference value :  4.46885e-06
 Reference value :  4.55504e-06
 Reference value :  4.62606e-06
 Reference value :  4.68999e-06
 Reference value :  4.75264e-06
 Reference value :  4.84419e-06
 Reference value :  4.92683e-06
 Reference value :  5.00266e-06
 Reference value :  5.09405e-06
 Reference value :  5.19004e-06
 Reference value :  5.28145e-06
 Reference value :  5.35320e-06
 Reference value :  5.43784e-06
 Reference value :  5.50268e-06
 Reference value :  5.59382e-06
 Reference value :  5.65632e-06
 Reference value :  5.75001e-06
 Reference value :  5.81500e-06
 Reference value :  5.90634e-06
 Reference value :  5.99333e-06
 Reference value :  6.04630e-06
 Reference value :  6.15640e-06
 Reference value :  6.21984e-06
 Reference value :  6.31292e-06
 Reference value :  6.37545e-06
 Reference value :  6.43998e-06
 Reference value :  6.50282e-06
 Reference value :  6.59385e-06
 Reference value :  6.68769e-06
 Reference value :  6.75277e-06
 Reference value :  6.84544e-06
 Reference value :  6.94015e-06
 Reference value :  7.03133e-06
 Reference value :  7.12521e-06
 Reference value :  7.21892e-06
 Reference value :  7.30916e-06
 Reference value :  7.37519e-06
 Reference value :  7.43790e-06
 Reference value :  7.50265e-06
 Reference value :  7.59385e-06
 Reference value :  7.65660e-06
 Reference value :  7.75020e-06
 Reference value :  7.81504e-06
 Reference value :  7.87641e-06
 Reference value :  7.93997e-06
 Reference value :  8.03128e-06
 Reference value :  8.12641e-06
 Reference value :  8.21911e-06
 Reference value :  8.31270e-06
 Reference value :  8.37745e-06
 Reference value :  8.46886e-06
 Reference value :  8.56268e-06
 Reference value :  8.62759e-06
 Reference value :  8.71886e-06
 Reference value :  8.81262e-06
 Reference value :  8.87750e-06
 Reference value :  8.96885e-06
 Reference value :  9.03182e-06
 Reference value :  9.15182e-06
 Reference value :  9.21923e-06
 Reference value :  9.29618e-06
 Reference value :  9.34421e-06
 Reference value :  9.43769e-06
 Reference value :  9.50264e-06
 Reference value :  9.59394e-06
 Reference value :  9.68769e-06
 Reference value :  9.75248e-06
 Reference value :  9.84395e-06
 Reference value :  9.93492e-06
 Reference value :  1.00027e-05
 Reference value :  1.00944e-05
 Reference value :  1.01900e-05
 Reference value :  1.02813e-05
 Reference value :  1.03441e-05
 Reference value :  1.04378e-05
 Reference value :  1.05040e-05
 Reference value :  1.05940e-05
 Reference value :  1.06879e-05
 Reference value :  1.07586e-05
 Reference value :  1.08444e-05
 Reference value :  1.09378e-05
 Reference value :  1.10029e-05
 Reference value :  1.10950e-05
 Reference value :  1.11994e-05
 Reference value :  1.12816e-05
 Reference value :  1.13625e-05
 Reference value :  1.14376e-05
 Reference value :  1.15025e-05
 Reference value :  1.15938e-05
 Reference value :  1.16563e-05
 Reference value :  1.17501e-05
 Reference value :  1.18151e-05
 Reference value :  1.19064e-05
 Reference value :  1.20024e-05
 Reference value :  1.20893e-05
 Reference value :  1.21577e-05
 Reference value :  1.22505e-05
 Reference value :  1.23151e-05
 Reference value :  1.23826e-05
 Reference value :  1.24689e-05
 Reference value :  1.25628e-05
 Reference value :  1.26276e-05
 Reference value :  1.27189e-05
 Reference value :  1.28129e-05
 Reference value :  1.28777e-05
 Reference value :  1.30001e-05
 Reference value :  1.30626e-05
 Reference value :  1.31564e-05
 Reference value :  1.32234e-05
 Reference value :  1.33134e-05
 Reference value :  1.33776e-05
 Reference value :  1.34688e-05
 Reference value :  1.35626e-05
 Reference value :  1.36275e-05
 Reference value :  1.37188e-05
 Reference value :  1.38126e-05
 Reference value :  1.38775e-05
 Reference value :  1.39691e-05
 Reference value :  1.40362e-05
 Reference value :  1.41564e-05
 Reference value :  1.42501e-05
 Reference value :  1.42940e-05
 Reference value :  1.43442e-05
 Reference value :  1.44072e-05
 Reference value :  1.45000e-05
 Reference value :  1.45649e-05
 Reference value :  1.46563e-05
 Reference value :  1.47191e-05
 Reference value :  1.48128e-05
 Reference value :  1.48775e-05
 Reference value :  1.49690e-05
 Reference value :  1.50319e-05
 Reference value :  1.51563e-05
 Reference value :  1.52193e-05
 Reference value :  1.53127e-05
 Reference value :  1.53779e-05
 Reference value :  1.54689e-05
 Reference value :  1.55318e-05
 Reference value :  1.56252e-05
 Reference value :  1.56899e-05
 Reference value :  1.57527e-05
 Reference value :  1.58150e-05
 Reference value :  1.58755e-05
 Reference value :  1.59688e-05
 Reference value :  1.60317e-05
 Reference value :  1.61271e-05
 Reference value :  1.62192e-05
 Reference value :  1.63126e-05
 Reference value :  1.63776e-05
 Reference value :  1.64688e-05
 Reference value :  1.65626e-05
 Reference value :  1.66252e-05
 Reference value :  1.66901e-05
 Reference value :  1.67813e-05
 Reference value :  1.68445e-05
 Reference value :  1.69067e-05
No. of Data Rows : 41271
icmppk              =  -1.75010e-03 at=  4.31270e-06
icdacpk             =  -2.40094e-02 at=  5.00287e-06
itrkpk              =  -1.76555e-03 at=  4.18998e-06
isumpk              =  -2.40659e-02 at=  5.00287e-06
icmpav              =  -2.94496e-05 from=  3.00000e-06 to=  1.70000e-05
icdacav             =  -7.60638e-06 from=  3.00000e-06 to=  1.70000e-05
itrkav              =  -2.77139e-07 from=  3.00000e-06 to=  1.70000e-05
isumav              =  -3.73331e-05 from=  3.00000e-06 to=  1.70000e-05
vddm                =  3.30000e+00
m_i_cmp_peak_ua = 1.7500960000e+03
m_i_cdac_peak_ua = 2.4009440000e+04
m_i_trk_peak_ua = 1.7655520000e+03
m_i_vdd_peak_ua = 2.4065870000e+04
m_i_cmp_avg_ua = 2.9449570000e+01
m_i_cdac_avg_ua = 7.6063780000e+00
m_i_trk_avg_ua = 2.7713880000e-01
m_i_vdd_avg_ua = 3.7333090000e+01
m_supply_v = 3.3000000000e+00
Note: Simulation executed from .control section 

Note: Starting dynamic gmin stepping
Note: Dynamic gmin stepping completed
