
Note: No compatibility mode selected!


Circuit: * adc-rail-current @ ss_-40c_2.97v -- generated by sim/harness, do not edit

Reducing trtol to 1 for xspice 'A' devices
Doing analysis at TEMP = -40.000000 and TNOM = 27.000000

Using SPARSE 1.3 as Direct Linear Solver

Initial Transient Solution
--------------------------

Node                                   Voltage
----                                   -------
clk                                          0
cmpclk                                       0
cmpclkb                                   2.97
vddt                                      2.97
vddd                                      2.97
vddc                                      2.97
vrefs                                     2.97
vrefn                                     2.97
vcmn                                     1.485
se_vinp                                      0
se_vinn                                  1.485
se_start                                     0
se_mode                                      0
se_cmp                                 1.27182
se_samp_tp_n                                 0
se_sel_in_n                                  0
se_drdy                                   2.97
se_c9                                        0
se_c8                                        0
se_c7                                        0
se_c6                                        0
se_c5                                        0
se_c4                                        0
se_c3                                        0
se_c2                                        0
se_c1                                        0
se_c0                                        0
se_rel_n_256p                             2.97
se_sel_hi_n_256p                             0
se_sel_lo_n_256p                             0
se_rel_n_128p                             2.97
se_sel_hi_n_128p                             0
se_sel_lo_n_128p                             0
se_rel_n_64p                              2.97
se_sel_hi_n_64p                              0
se_sel_lo_n_64p                              0
se_rel_n_32p                              2.97
se_sel_hi_n_32p                              0
se_sel_lo_n_32p                              0
se_rel_n_16p                              2.97
se_sel_hi_n_16p                              0
se_sel_lo_n_16p                              0
se_rel_n_8p                               2.97
se_sel_hi_n_8p                               0
se_sel_lo_n_8p                               0
se_rel_n_4p                               2.97
se_sel_hi_n_4p                               0
se_sel_lo_n_4p                               0
se_rel_n_2p                               2.97
se_sel_hi_n_2p                               0
se_sel_lo_n_2p                               0
se_rel_n_1p                               2.97
se_sel_hi_n_1p                               0
se_sel_lo_n_1p                               0
se_rel_n_256n                             2.97
se_sel_hi_n_256n                             0
se_sel_lo_n_256n                             0
se_rel_n_128n                             2.97
se_sel_hi_n_128n                             0
se_sel_lo_n_128n                             0
se_rel_n_64n                              2.97
se_sel_hi_n_64n                              0
se_sel_lo_n_64n                              0
se_rel_n_32n                              2.97
se_sel_hi_n_32n                              0
se_sel_lo_n_32n                              0
se_rel_n_16n                              2.97
se_sel_hi_n_16n                              0
se_sel_lo_n_16n                              0
se_rel_n_8n                               2.97
se_sel_hi_n_8n                               0
se_sel_lo_n_8n                               0
se_rel_n_4n                               2.97
se_sel_hi_n_4n                               0
se_sel_lo_n_4n                               0
se_rel_n_2n                               2.97
se_sel_hi_n_2n                               0
se_sel_lo_n_2n                               0
se_rel_n_1n                               2.97
se_sel_hi_n_1n                               0
se_sel_lo_n_1n                               0
se_pinp                            7.07413e-10
se_pinn                                  1.485
xsetswp.gp                                2.97
se_topp                                  1.485
xsetswn.gp                                2.97
se_topn                                  1.485
xsearrp.x256.bp                          1.485
xsearrp.x256.gp_in                        2.97
xsearrp.x256.gp_rel                1.26294e-09
xsearrp.x256.gp_hi                        2.97
xsearrp.x256.gp_lo                        2.97
xsearrp.x128.bp                          1.485
xsearrp.x128.gp_in                        2.97
xsearrp.x128.gp_rel                1.26294e-09
xsearrp.x128.gp_hi                        2.97
xsearrp.x128.gp_lo                        2.97
xsearrp.x64.bp                           1.485
xsearrp.x64.gp_in                         2.97
xsearrp.x64.gp_rel                 1.26294e-09
xsearrp.x64.gp_hi                         2.97
xsearrp.x64.gp_lo                         2.97
xsearrp.x32.bp                           1.485
xsearrp.x32.gp_in                         2.97
xsearrp.x32.gp_rel                 1.26294e-09
xsearrp.x32.gp_hi                         2.97
xsearrp.x32.gp_lo                         2.97
xsearrp.x16.bp                           1.485
xsearrp.x16.gp_in                         2.97
xsearrp.x16.gp_rel                 1.26294e-09
xsearrp.x16.gp_hi                         2.97
xsearrp.x16.gp_lo                         2.97
xsearrp.x8.bp                            1.485
xsearrp.x8.gp_in                          2.97
xsearrp.x8.gp_rel                  1.26294e-09
xsearrp.x8.gp_hi                          2.97
xsearrp.x8.gp_lo                          2.97
xsearrp.x4.bp                            1.485
xsearrp.x4.gp_in                          2.97
xsearrp.x4.gp_rel                  1.26294e-09
xsearrp.x4.gp_hi                          2.97
xsearrp.x4.gp_lo                          2.97
xsearrp.x2.bp                            1.485
xsearrp.x2.gp_in                          2.97
xsearrp.x2.gp_rel                  1.26294e-09
xsearrp.x2.gp_hi                          2.97
xsearrp.x2.gp_lo                          2.97
xsearrp.x1.bp                            1.485
xsearrp.x1.gp_in                          2.97
xsearrp.x1.gp_rel                  1.26294e-09
xsearrp.x1.gp_hi                          2.97
xsearrp.x1.gp_lo                          2.97
xsearrn.x256.bp                          1.485
xsearrn.x256.gp_in                        2.97
xsearrn.x256.gp_rel                1.26294e-09
xsearrn.x256.gp_hi                        2.97
xsearrn.x256.gp_lo                        2.97
xsearrn.x128.bp                          1.485
xsearrn.x128.gp_in                        2.97
xsearrn.x128.gp_rel                1.26294e-09
xsearrn.x128.gp_hi                        2.97
xsearrn.x128.gp_lo                        2.97
xsearrn.x64.bp                           1.485
xsearrn.x64.gp_in                         2.97
xsearrn.x64.gp_rel                 1.26294e-09
xsearrn.x64.gp_hi                         2.97
xsearrn.x64.gp_lo                         2.97
xsearrn.x32.bp                           1.485
xsearrn.x32.gp_in                         2.97
xsearrn.x32.gp_rel                 1.26294e-09
xsearrn.x32.gp_hi                         2.97
xsearrn.x32.gp_lo                         2.97
xsearrn.x16.bp                           1.485
xsearrn.x16.gp_in                         2.97
xsearrn.x16.gp_rel                 1.26294e-09
xsearrn.x16.gp_hi                         2.97
xsearrn.x16.gp_lo                         2.97
xsearrn.x8.bp                            1.485
xsearrn.x8.gp_in                          2.97
xsearrn.x8.gp_rel                  1.26294e-09
xsearrn.x8.gp_hi                          2.97
xsearrn.x8.gp_lo                          2.97
xsearrn.x4.bp                            1.485
xsearrn.x4.gp_in                          2.97
xsearrn.x4.gp_rel                  1.26294e-09
xsearrn.x4.gp_hi                          2.97
xsearrn.x4.gp_lo                          2.97
xsearrn.x2.bp                            1.485
xsearrn.x2.gp_in                          2.97
xsearrn.x2.gp_rel                  1.26294e-09
xsearrn.x2.gp_hi                          2.97
xsearrn.x2.gp_lo                          2.97
xsearrn.x1.bp                            1.485
xsearrn.x1.gp_in                          2.97
xsearrn.x1.gp_rel                  1.26294e-09
xsearrn.x1.gp_hi                          2.97
xsearrn.x1.gp_lo                          2.97
se_ibias                              0.919234
xsecmp.xpre.ptail                     0.486887
xsecmp.pon                             1.98802
xsecmp.preamp_in1                        1.485
xsecmp.pop                             1.98802
xsecmp.preamp_in2                        1.485
xsecmp.xpre.xrlp.11                    2.96926
xsecmp.xpre.xrlp.21                    1.98875
xsecmp.xpre.xrln.11                    2.96926
xsecmp.xpre.xrln.21                    1.98875
xsecmp.xlat.ltail                      1.20309
xsecmp.xlat.dip                           2.97
xsecmp.xlat.din                           2.97
xsecmp.outn                               2.97
xsecmp.outp                               2.97
xsecmp.sset                        5.16535e-09
xsecmp.srst                        5.16535e-09
xsecmp.xno1.ps                         2.85456
se_cmpb                                1.27182
xsecmp.xno2.ps                         2.85456
se_dacp                            1.11022e-16
se_dacn                            1.11022e-16
se_di                                    1.485
se_err                                     512
se_aerrh                                     0
se_code                                      0
bsecode#branch                               0
bseea#branch                                 0
bsee#branch                                  0
bsedi#branch                                 0
bsedacn#branch                               0
bsedacp#branch                               0
lref#branch                        5.36406e-11
v.xsecmp.vpn#branch               -1.42204e-28
v.xsecmp.vpp#branch                2.20142e-28
vsemode#branch                               0
vsestart#branch                              0
vsevinn#branch                     3.46945e-17
vseinp#branch                      2.82965e-11
vcms#branch                       -1.67227e-15
vrefs#branch                      -5.36406e-11
vddc#branch                       -0.000344081
vddd#branch                       -4.48634e-10
vddt#branch                         -1.194e-11
vcmpclkb#branch                              0
vcmpclk#branch                               0
vclk#branch                                  0
a.xsectrl.a_gn#branch_1_0                    0
a.xsectrl.a_gn#branch_1_1                    0
a.xsectrl.a_gn#branch_1_2                    0
a.xsectrl.a_gn#branch_1_3                    0
a.xsectrl.a_gn#branch_1_4                    0
a.xsectrl.a_gn#branch_1_5                    0
a.xsectrl.a_gn#branch_1_6                    0
a.xsectrl.a_gn#branch_1_7                    0
a.xsectrl.a_gn#branch_1_8                    0
a.xsectrl.a_gn#branch_1_9                    0
a.xsectrl.a_gn#branch_1_10                   0
a.xsectrl.a_gn#branch_1_11                   0
a.xsectrl.a_gn#branch_1_12                   0
a.xsectrl.a_gn#branch_1_13                   0
a.xsectrl.a_gn#branch_1_14                   0
a.xsectrl.a_gn#branch_1_15                   0
a.xsectrl.a_gn#branch_1_16                   0
a.xsectrl.a_gn#branch_1_17                   0
a.xsectrl.a_gn#branch_1_18                   0
a.xsectrl.a_gn#branch_1_19                   0
a.xsectrl.a_gn#branch_1_20                   0
a.xsectrl.a_gn#branch_1_21                   0
a.xsectrl.a_gn#branch_1_22                   0
a.xsectrl.a_gn#branch_1_23                   0
a.xsectrl.a_gn#branch_1_24                   0
a.xsectrl.a_gn#branch_1_25                   0
a.xsectrl.a_gn#branch_1_26                   0
a.xsectrl.a_gn#branch_1_27                   0
a.xsectrl.a_gn#branch_1_28                   0
a.xsectrl.a_gn#branch_1_29                   0
a.xsectrl.a_gn#branch_1_30                   0
a.xsectrl.a_gn#branch_1_31                   0
a.xsectrl.a_gn#branch_1_32                   0
a.xsectrl.a_gn#branch_1_33                   0
a.xsectrl.a_gn#branch_1_34                   0
a.xsectrl.a_gn#branch_1_35                   0
a.xsectrl.a_gn#branch_1_36                   0
a.xsectrl.a_gn#branch_1_37                   0
a.xsectrl.a_gn#branch_1_38                   0
a.xsectrl.a_gn#branch_1_39                   0
a.xsectrl.a_gn#branch_1_40                   0
a.xsectrl.a_gn#branch_1_41                   0
a.xsectrl.a_gn#branch_1_42                   0
a.xsectrl.a_gn#branch_1_43                   0
a.xsectrl.a_gn#branch_1_44                   0
a.xsectrl.a_gn#branch_1_45                   0
a.xsectrl.a_gn#branch_1_46                   0
a.xsectrl.a_gn#branch_1_47                   0
a.xsectrl.a_gn#branch_1_48                   0
a.xsectrl.a_gn#branch_1_49                   0
a.xsectrl.a_gn#branch_1_50                   0
a.xsectrl.a_gn#branch_1_51                   0
a.xsectrl.a_gn#branch_1_52                   0
a.xsectrl.a_gn#branch_1_53                   0
a.xsectrl.a_dout#branch_1_0                  0
a.xsectrl.a_dout#branch_1_1                  0
a.xsectrl.a_dout#branch_1_2                  0
a.xsectrl.a_dout#branch_1_3                  0
a.xsectrl.a_dout#branch_1_4                  0
a.xsectrl.a_dout#branch_1_5                  0
a.xsectrl.a_dout#branch_1_6                  0
a.xsectrl.a_dout#branch_1_7                  0
a.xsectrl.a_dout#branch_1_8                  0
a.xsectrl.a_dout#branch_1_9                  0
a.xsectrl.a_dout#branch_1_10                 0
a.xsectrl.a_dout#branch_1_11                 0
a.xsectrl.a_dout#branch_1_12                 0

 Reference value :  2.51691e-09
 Reference value :  6.26330e-08
 Reference value :  1.25207e-07
 Reference value :  1.89161e-07
 Reference value :  2.50630e-07
 Reference value :  2.82209e-07
 Reference value :  3.43889e-07
 Reference value :  4.05095e-07
 Reference value :  4.40066e-07
 Reference value :  5.01036e-07
 Reference value :  5.62684e-07
 Reference value :  6.25101e-07
 Reference value :  6.73949e-07
 Reference value :  7.19214e-07
 Reference value :  7.81311e-07
 Reference value :  8.43757e-07
 Reference value :  8.77265e-07
 Reference value :  9.37658e-07
 Reference value :  1.00023e-06
 Reference value :  1.03160e-06
 Reference value :  1.11532e-06
 Reference value :  1.18792e-06
 Reference value :  1.25267e-06
 Reference value :  1.30795e-06
 Reference value :  1.34393e-06
 Reference value :  1.40635e-06
 Reference value :  1.46885e-06
 Reference value :  1.51226e-06
 Reference value :  1.56484e-06
 Reference value :  1.62742e-06
 Reference value :  1.68992e-06
 Reference value :  1.75229e-06
 Reference value :  1.81501e-06
 Reference value :  1.89202e-06
 Reference value :  1.96916e-06
 Reference value :  2.03129e-06
 Reference value :  2.09379e-06
 Reference value :  2.15632e-06
 Reference value :  2.21880e-06
 Reference value :  2.25293e-06
 Reference value :  2.31286e-06
 Reference value :  2.36171e-06
 Reference value :  2.40661e-06
 Reference value :  2.46920e-06
 Reference value :  2.53155e-06
 Reference value :  2.59395e-06
 Reference value :  2.65675e-06
 Reference value :  2.75003e-06
 Reference value :  2.81271e-06
 Reference value :  2.87525e-06
 Reference value :  2.93768e-06
 Reference value :  3.00246e-06
 Reference value :  3.06287e-06
 Reference value :  3.15675e-06
 Reference value :  3.21890e-06
 Reference value :  3.25296e-06
 Reference value :  3.31503e-06
 Reference value :  3.39994e-06
 Reference value :  3.44042e-06
 Reference value :  3.50285e-06
 Reference value :  3.56490e-06
 Reference value :  3.62528e-06
 Reference value :  3.68756e-06
 Reference value :  3.75021e-06
 Reference value :  3.81317e-06
 Reference value :  3.87743e-06
 Reference value :  3.96885e-06
 Reference value :  4.00453e-06
 Reference value :  4.09385e-06
 Reference value :  4.15686e-06
 Reference value :  4.21935e-06
 Reference value :  4.27415e-06
 Reference value :  4.31319e-06
 Reference value :  4.37510e-06
 Reference value :  4.40674e-06
 Reference value :  4.46885e-06
 Reference value :  4.53130e-06
 Reference value :  4.59386e-06
 Reference value :  4.65636e-06
 Reference value :  4.71884e-06
 Reference value :  4.78159e-06
 Reference value :  4.84466e-06
 Reference value :  4.93763e-06
 Reference value :  5.00242e-06
 Reference value :  5.06270e-06
 Reference value :  5.12567e-06
 Reference value :  5.21880e-06
 Reference value :  5.25603e-06
 Reference value :  5.32437e-06
 Reference value :  5.40291e-06
 Reference value :  5.46708e-06
 Reference value :  5.53134e-06
 Reference value :  5.59395e-06
 Reference value :  5.65861e-06
 Reference value :  5.75006e-06
 Reference value :  5.81287e-06
 Reference value :  5.87751e-06
 Reference value :  5.96300e-06
 Reference value :  6.00243e-06
 Reference value :  6.04192e-06
 Reference value :  6.09517e-06
 Reference value :  6.18916e-06
 Reference value :  6.25278e-06
 Reference value :  6.31261e-06
 Reference value :  6.34536e-06
 Reference value :  6.40677e-06
 Reference value :  6.46890e-06
 Reference value :  6.50265e-06
 Reference value :  6.56312e-06
 Reference value :  6.62510e-06
 Reference value :  6.65675e-06
 Reference value :  6.71904e-06
 Reference value :  6.78144e-06
 Reference value :  6.87510e-06
 Reference value :  6.93768e-06
 Reference value :  7.00266e-06
 Reference value :  7.09383e-06
 Reference value :  7.15629e-06
 Reference value :  7.21919e-06
 Reference value :  7.28129e-06
 Reference value :  7.31496e-06
 Reference value :  7.37554e-06
 Reference value :  7.42755e-06
 Reference value :  7.47301e-06
 Reference value :  7.53139e-06
 Reference value :  7.57208e-06
 Reference value :  7.63103e-06
 Reference value :  7.69000e-06
 Reference value :  7.75252e-06
 Reference value :  7.84385e-06
 Reference value :  7.90669e-06
 Reference value :  7.96960e-06
 Reference value :  8.03151e-06
 Reference value :  8.15626e-06
 Reference value :  8.23043e-06
 Reference value :  8.31481e-06
 Reference value :  8.37727e-06
 Reference value :  8.44036e-06
 Reference value :  8.50265e-06
 Reference value :  8.58037e-06
 Reference value :  8.65659e-06
 Reference value :  8.75028e-06
 Reference value :  8.81496e-06
 Reference value :  8.87757e-06
 Reference value :  8.93770e-06
 Reference value :  9.00049e-06
 Reference value :  9.09376e-06
 Reference value :  9.15691e-06
 Reference value :  9.25014e-06
 Reference value :  9.31498e-06
 Reference value :  9.37793e-06
 Reference value :  9.46882e-06
 Reference value :  9.53165e-06
 Reference value :  9.62520e-06
 Reference value :  9.69008e-06
 Reference value :  9.78143e-06
 Reference value :  9.87511e-06
 Reference value :  9.93843e-06
 Reference value :  1.00071e-05
 Reference value :  1.00949e-05
 Reference value :  1.01899e-05
 Reference value :  1.02813e-05
 Reference value :  1.03439e-05
 Reference value :  1.04107e-05
 Reference value :  1.05002e-05
 Reference value :  1.05649e-05
 Reference value :  1.06563e-05
 Reference value :  1.07487e-05
 Reference value :  1.08129e-05
 Reference value :  1.08776e-05
 Reference value :  1.09695e-05
 Reference value :  1.10315e-05
 Reference value :  1.11563e-05
 Reference value :  1.12284e-05
 Reference value :  1.13128e-05
 Reference value :  1.13774e-05
 Reference value :  1.14401e-05
 Reference value :  1.15313e-05
 Reference value :  1.16100e-05
 Reference value :  1.16881e-05
 Reference value :  1.17526e-05
 Reference value :  1.18130e-05
 Reference value :  1.18753e-05
 Reference value :  1.19384e-05
 Reference value :  1.20030e-05
 Reference value :  1.20942e-05
 Reference value :  1.21877e-05
 Reference value :  1.22508e-05
 Reference value :  1.23151e-05
 Reference value :  1.23832e-05
 Reference value :  1.24638e-05
 Reference value :  1.25314e-05
 Reference value :  1.26252e-05
 Reference value :  1.26900e-05
 Reference value :  1.27814e-05
 Reference value :  1.28752e-05
 Reference value :  1.29401e-05
 Reference value :  1.30313e-05
 Reference value :  1.31252e-05
 Reference value :  1.32188e-05
 Reference value :  1.32818e-05
 Reference value :  1.33751e-05
 Reference value :  1.34381e-05
 Reference value :  1.35036e-05
 Reference value :  1.35942e-05
 Reference value :  1.36883e-05
 Reference value :  1.37813e-05
 Reference value :  1.38751e-05
 Reference value :  1.39379e-05
 Reference value :  1.40038e-05
 Reference value :  1.41251e-05
 Reference value :  1.42188e-05
 Reference value :  1.42842e-05
 Reference value :  1.43754e-05
 Reference value :  1.44412e-05
 Reference value :  1.45315e-05
 Reference value :  1.46252e-05
 Reference value :  1.46900e-05
 Reference value :  1.47503e-05
 Reference value :  1.48132e-05
 Reference value :  1.48796e-05
 Reference value :  1.49741e-05
 Reference value :  1.50584e-05
 Reference value :  1.51567e-05
 Reference value :  1.52502e-05
 Reference value :  1.53148e-05
 Reference value :  1.54063e-05
 Reference value :  1.54694e-05
 Reference value :  1.55627e-05
 Reference value :  1.56276e-05
 Reference value :  1.57190e-05
 Reference value :  1.58127e-05
 Reference value :  1.58773e-05
 Reference value :  1.59689e-05
 Reference value :  1.60317e-05
 Reference value :  1.61509e-05
 Reference value :  1.62194e-05
 Reference value :  1.63126e-05
 Reference value :  1.63774e-05
 Reference value :  1.64688e-05
 Reference value :  1.65330e-05
 Reference value :  1.66257e-05
 Reference value :  1.67162e-05
 Reference value :  1.67828e-05
 Reference value :  1.68773e-05
 Reference value :  1.69689e-05
No. of Data Rows : 43089
icmppk              =  -1.42040e-03 at=  3.93770e-06
icdacpk             =  -1.77190e-02 at=  1.52529e-05
itrkpk              =  -1.16899e-03 at=  8.19002e-06
isumpk              =  -1.78273e-02 at=  1.52529e-05
icmpav              =  -2.62152e-05 from=  3.00000e-06 to=  1.70000e-05
icdacav             =  -4.65564e-06 from=  3.00000e-06 to=  1.70000e-05
itrkav              =  -1.68915e-07 from=  3.00000e-06 to=  1.70000e-05
isumav              =  -3.10397e-05 from=  3.00000e-06 to=  1.70000e-05
vddm                =  2.97000e+00
m_i_cmp_peak_ua = 1.4203980000e+03
m_i_cdac_peak_ua = 1.7719010000e+04
m_i_trk_peak_ua = 1.1689930000e+03
m_i_vdd_peak_ua = 1.7827290000e+04
m_i_cmp_avg_ua = 2.6215180000e+01
m_i_cdac_avg_ua = 4.6556400000e+00
m_i_trk_avg_ua = 1.6891540000e-01
m_i_vdd_avg_ua = 3.1039740000e+01
m_supply_v = 2.9700000000e+00
Note: Simulation executed from .control section 

