
Note: No compatibility mode selected!


Circuit: * adc-rail-current @ ss_125c_3.63v -- generated by sim/harness, do not edit

Reducing trtol to 1 for xspice 'A' devices
Doing analysis at TEMP = 125.000000 and TNOM = 27.000000

Using SPARSE 1.3 as Direct Linear Solver

Initial Transient Solution
--------------------------

Node                                   Voltage
----                                   -------
clk                                          0
cmpclk                                       0
cmpclkb                                   3.63
vddt                                      3.63
vddd                                      3.63
vddc                                      3.63
vrefs                                     3.63
vrefn                                     3.63
vcmn                                     1.815
se_vinp                                      0
se_vinn                                  1.815
se_start                                     0
se_mode                                      0
se_cmp                                 1.51866
se_samp_tp_n                                 0
se_sel_in_n                                  0
se_drdy                                   3.63
se_c9                                        0
se_c8                                        0
se_c7                                        0
se_c6                                        0
se_c5                                        0
se_c4                                        0
se_c3                                        0
se_c2                                        0
se_c1                                        0
se_c0                                        0
se_rel_n_256p                             3.63
se_sel_hi_n_256p                             0
se_sel_lo_n_256p                             0
se_rel_n_128p                             3.63
se_sel_hi_n_128p                             0
se_sel_lo_n_128p                             0
se_rel_n_64p                              3.63
se_sel_hi_n_64p                              0
se_sel_lo_n_64p                              0
se_rel_n_32p                              3.63
se_sel_hi_n_32p                              0
se_sel_lo_n_32p                              0
se_rel_n_16p                              3.63
se_sel_hi_n_16p                              0
se_sel_lo_n_16p                              0
se_rel_n_8p                               3.63
se_sel_hi_n_8p                               0
se_sel_lo_n_8p                               0
se_rel_n_4p                               3.63
se_sel_hi_n_4p                               0
se_sel_lo_n_4p                               0
se_rel_n_2p                               3.63
se_sel_hi_n_2p                               0
se_sel_lo_n_2p                               0
se_rel_n_1p                               3.63
se_sel_hi_n_1p                               0
se_sel_lo_n_1p                               0
se_rel_n_256n                             3.63
se_sel_hi_n_256n                             0
se_sel_lo_n_256n                             0
se_rel_n_128n                             3.63
se_sel_hi_n_128n                             0
se_sel_lo_n_128n                             0
se_rel_n_64n                              3.63
se_sel_hi_n_64n                              0
se_sel_lo_n_64n                              0
se_rel_n_32n                              3.63
se_sel_hi_n_32n                              0
se_sel_lo_n_32n                              0
se_rel_n_16n                              3.63
se_sel_hi_n_16n                              0
se_sel_lo_n_16n                              0
se_rel_n_8n                               3.63
se_sel_hi_n_8n                               0
se_sel_lo_n_8n                               0
se_rel_n_4n                               3.63
se_sel_hi_n_4n                               0
se_sel_lo_n_4n                               0
se_rel_n_2n                               3.63
se_sel_hi_n_2n                               0
se_sel_lo_n_2n                               0
se_rel_n_1n                               3.63
se_sel_hi_n_1n                               0
se_sel_lo_n_1n                               0
se_pinp                            2.52698e-08
se_pinn                                  1.815
xsetswp.gp                                3.63
se_topp                                1.81501
xsetswn.gp                                3.63
se_topn                                1.81501
xsearrp.x256.bp                          1.815
xsearrp.x256.gp_in                        3.63
xsearrp.x256.gp_rel                3.59154e-09
xsearrp.x256.gp_hi                        3.63
xsearrp.x256.gp_lo                        3.63
xsearrp.x128.bp                          1.815
xsearrp.x128.gp_in                        3.63
xsearrp.x128.gp_rel                3.59154e-09
xsearrp.x128.gp_hi                        3.63
xsearrp.x128.gp_lo                        3.63
xsearrp.x64.bp                           1.815
xsearrp.x64.gp_in                         3.63
xsearrp.x64.gp_rel                 3.59154e-09
xsearrp.x64.gp_hi                         3.63
xsearrp.x64.gp_lo                         3.63
xsearrp.x32.bp                           1.815
xsearrp.x32.gp_in                         3.63
xsearrp.x32.gp_rel                 3.59154e-09
xsearrp.x32.gp_hi                         3.63
xsearrp.x32.gp_lo                         3.63
xsearrp.x16.bp                           1.815
xsearrp.x16.gp_in                         3.63
xsearrp.x16.gp_rel                 3.59154e-09
xsearrp.x16.gp_hi                         3.63
xsearrp.x16.gp_lo                         3.63
xsearrp.x8.bp                            1.815
xsearrp.x8.gp_in                          3.63
xsearrp.x8.gp_rel                  3.59154e-09
xsearrp.x8.gp_hi                          3.63
xsearrp.x8.gp_lo                          3.63
xsearrp.x4.bp                            1.815
xsearrp.x4.gp_in                          3.63
xsearrp.x4.gp_rel                  3.59154e-09
xsearrp.x4.gp_hi                          3.63
xsearrp.x4.gp_lo                          3.63
xsearrp.x2.bp                            1.815
xsearrp.x2.gp_in                          3.63
xsearrp.x2.gp_rel                  3.59154e-09
xsearrp.x2.gp_hi                          3.63
xsearrp.x2.gp_lo                          3.63
xsearrp.x1.bp                            1.815
xsearrp.x1.gp_in                          3.63
xsearrp.x1.gp_rel                  3.59154e-09
xsearrp.x1.gp_hi                          3.63
xsearrp.x1.gp_lo                          3.63
xsearrn.x256.bp                          1.815
xsearrn.x256.gp_in                        3.63
xsearrn.x256.gp_rel                3.59154e-09
xsearrn.x256.gp_hi                        3.63
xsearrn.x256.gp_lo                        3.63
xsearrn.x128.bp                          1.815
xsearrn.x128.gp_in                        3.63
xsearrn.x128.gp_rel                3.59154e-09
xsearrn.x128.gp_hi                        3.63
xsearrn.x128.gp_lo                        3.63
xsearrn.x64.bp                           1.815
xsearrn.x64.gp_in                         3.63
xsearrn.x64.gp_rel                 3.59154e-09
xsearrn.x64.gp_hi                         3.63
xsearrn.x64.gp_lo                         3.63
xsearrn.x32.bp                           1.815
xsearrn.x32.gp_in                         3.63
xsearrn.x32.gp_rel                 3.59154e-09
xsearrn.x32.gp_hi                         3.63
xsearrn.x32.gp_lo                         3.63
xsearrn.x16.bp                           1.815
xsearrn.x16.gp_in                         3.63
xsearrn.x16.gp_rel                 3.59154e-09
xsearrn.x16.gp_hi                         3.63
xsearrn.x16.gp_lo                         3.63
xsearrn.x8.bp                            1.815
xsearrn.x8.gp_in                          3.63
xsearrn.x8.gp_rel                  3.59154e-09
xsearrn.x8.gp_hi                          3.63
xsearrn.x8.gp_lo                          3.63
xsearrn.x4.bp                            1.815
xsearrn.x4.gp_in                          3.63
xsearrn.x4.gp_rel                  3.59154e-09
xsearrn.x4.gp_hi                          3.63
xsearrn.x4.gp_lo                          3.63
xsearrn.x2.bp                            1.815
xsearrn.x2.gp_in                          3.63
xsearrn.x2.gp_rel                  3.59154e-09
xsearrn.x2.gp_hi                          3.63
xsearrn.x2.gp_lo                          3.63
xsearrn.x1.bp                            1.815
xsearrn.x1.gp_in                          3.63
xsearrn.x1.gp_rel                  3.59154e-09
xsearrn.x1.gp_hi                          3.63
xsearrn.x1.gp_lo                          3.63
se_ibias                              0.792214
xsecmp.xpre.ptail                     0.868457
xsecmp.pon                             2.76436
xsecmp.preamp_in1                      1.81501
xsecmp.pop                             2.76436
xsecmp.preamp_in2                      1.81501
xsecmp.xpre.xrlp.11                    3.62972
xsecmp.xpre.xrlp.21                    2.76463
xsecmp.xpre.xrln.11                    3.62972
xsecmp.xpre.xrln.21                    2.76463
xsecmp.xlat.ltail                      2.08186
xsecmp.xlat.dip                           3.63
xsecmp.xlat.din                           3.63
xsecmp.outn                               3.63
xsecmp.outp                               3.63
xsecmp.sset                        1.06027e-08
xsecmp.srst                        1.06027e-08
xsecmp.xno1.ps                         3.39175
se_cmpb                                1.51866
xsecmp.xno2.ps                         3.39175
se_dacp                           -1.11022e-16
se_dacn                           -1.11022e-16
se_di                                    1.815
se_err                                     512
se_aerrh                                     0
se_code                                      0
bsecode#branch                               0
bseea#branch                                 0
bsee#branch                                  0
bsedi#branch                                 0
bsedacn#branch                               0
bsedacp#branch                               0
lref#branch                        2.24118e-10
v.xsecmp.vpn#branch                8.24223e-29
v.xsecmp.vpp#branch                2.04586e-27
vsemode#branch                               0
vsestart#branch                              0
vsevinn#branch                     1.11022e-16
vseinp#branch                      1.01079e-09
vcms#branch                       -2.71797e-09
vrefs#branch                      -2.24118e-10
vddc#branch                        -0.00054743
vddd#branch                       -1.53366e-09
vddt#branch                       -4.76806e-11
vcmpclkb#branch                              0
vcmpclk#branch                               0
vclk#branch                                  0
a.xsectrl.a_gn#branch_1_0                    0
a.xsectrl.a_gn#branch_1_1                    0
a.xsectrl.a_gn#branch_1_2                    0
a.xsectrl.a_gn#branch_1_3                    0
a.xsectrl.a_gn#branch_1_4                    0
a.xsectrl.a_gn#branch_1_5                    0
a.xsectrl.a_gn#branch_1_6                    0
a.xsectrl.a_gn#branch_1_7                    0
a.xsectrl.a_gn#branch_1_8                    0
a.xsectrl.a_gn#branch_1_9                    0
a.xsectrl.a_gn#branch_1_10                   0
a.xsectrl.a_gn#branch_1_11                   0
a.xsectrl.a_gn#branch_1_12                   0
a.xsectrl.a_gn#branch_1_13                   0
a.xsectrl.a_gn#branch_1_14                   0
a.xsectrl.a_gn#branch_1_15                   0
a.xsectrl.a_gn#branch_1_16                   0
a.xsectrl.a_gn#branch_1_17                   0
a.xsectrl.a_gn#branch_1_18                   0
a.xsectrl.a_gn#branch_1_19                   0
a.xsectrl.a_gn#branch_1_20                   0
a.xsectrl.a_gn#branch_1_21                   0
a.xsectrl.a_gn#branch_1_22                   0
a.xsectrl.a_gn#branch_1_23                   0
a.xsectrl.a_gn#branch_1_24                   0
a.xsectrl.a_gn#branch_1_25                   0
a.xsectrl.a_gn#branch_1_26                   0
a.xsectrl.a_gn#branch_1_27                   0
a.xsectrl.a_gn#branch_1_28                   0
a.xsectrl.a_gn#branch_1_29                   0
a.xsectrl.a_gn#branch_1_30                   0
a.xsectrl.a_gn#branch_1_31                   0
a.xsectrl.a_gn#branch_1_32                   0
a.xsectrl.a_gn#branch_1_33                   0
a.xsectrl.a_gn#branch_1_34                   0
a.xsectrl.a_gn#branch_1_35                   0
a.xsectrl.a_gn#branch_1_36                   0
a.xsectrl.a_gn#branch_1_37                   0
a.xsectrl.a_gn#branch_1_38                   0
a.xsectrl.a_gn#branch_1_39                   0
a.xsectrl.a_gn#branch_1_40                   0
a.xsectrl.a_gn#branch_1_41                   0
a.xsectrl.a_gn#branch_1_42                   0
a.xsectrl.a_gn#branch_1_43                   0
a.xsectrl.a_gn#branch_1_44                   0
a.xsectrl.a_gn#branch_1_45                   0
a.xsectrl.a_gn#branch_1_46                   0
a.xsectrl.a_gn#branch_1_47                   0
a.xsectrl.a_gn#branch_1_48                   0
a.xsectrl.a_gn#branch_1_49                   0
a.xsectrl.a_gn#branch_1_50                   0
a.xsectrl.a_gn#branch_1_51                   0
a.xsectrl.a_gn#branch_1_52                   0
a.xsectrl.a_gn#branch_1_53                   0
a.xsectrl.a_dout#branch_1_0                  0
a.xsectrl.a_dout#branch_1_1                  0
a.xsectrl.a_dout#branch_1_2                  0
a.xsectrl.a_dout#branch_1_3                  0
a.xsectrl.a_dout#branch_1_4                  0
a.xsectrl.a_dout#branch_1_5                  0
a.xsectrl.a_dout#branch_1_6                  0
a.xsectrl.a_dout#branch_1_7                  0
a.xsectrl.a_dout#branch_1_8                  0
a.xsectrl.a_dout#branch_1_9                  0
a.xsectrl.a_dout#branch_1_10                 0
a.xsectrl.a_dout#branch_1_11                 0
a.xsectrl.a_dout#branch_1_12                 0

 Reference value :  3.14601e-09
 Reference value :  9.40277e-08
 Reference value :  1.89185e-07
 Reference value :  2.50247e-07
 Reference value :  2.81798e-07
 Reference value :  3.64138e-07
 Reference value :  4.39765e-07
 Reference value :  5.29301e-07
 Reference value :  5.95124e-07
 Reference value :  6.88431e-07
 Reference value :  7.81268e-07
 Reference value :  8.44564e-07
 Reference value :  9.07196e-07
 Reference value :  1.00247e-06
 Reference value :  1.06523e-06
 Reference value :  1.18221e-06
 Reference value :  1.25267e-06
 Reference value :  1.31507e-06
 Reference value :  1.40645e-06
 Reference value :  1.50019e-06
 Reference value :  1.56505e-06
 Reference value :  1.65652e-06
 Reference value :  1.75025e-06
 Reference value :  1.81508e-06
 Reference value :  1.90634e-06
 Reference value :  2.00056e-06
 Reference value :  2.06297e-06
 Reference value :  2.16221e-06
 Reference value :  2.25267e-06
 Reference value :  2.31762e-06
 Reference value :  2.41496e-06
 Reference value :  2.50227e-06
 Reference value :  2.58770e-06
 Reference value :  2.65783e-06
 Reference value :  2.75063e-06
 Reference value :  2.82197e-06
 Reference value :  2.90650e-06
 Reference value :  3.00254e-06
 Reference value :  3.09379e-06
 Reference value :  3.18770e-06
 Reference value :  3.25290e-06
 Reference value :  3.34381e-06
 Reference value :  3.43763e-06
 Reference value :  3.50253e-06
 Reference value :  3.59396e-06
 Reference value :  3.68805e-06
 Reference value :  3.78129e-06
 Reference value :  3.85182e-06
 Reference value :  3.95736e-06
 Reference value :  4.03142e-06
 Reference value :  4.12555e-06
 Reference value :  4.21927e-06
 Reference value :  4.28615e-06
 Reference value :  4.37660e-06
 Reference value :  4.46882e-06
 Reference value :  4.56261e-06
 Reference value :  4.62740e-06
 Reference value :  4.71885e-06
 Reference value :  4.81253e-06
 Reference value :  4.87747e-06
 Reference value :  4.99000e-06
 Reference value :  5.06270e-06
 Reference value :  5.18751e-06
 Reference value :  5.25294e-06
 Reference value :  5.31521e-06
 Reference value :  5.37548e-06
 Reference value :  5.40726e-06
 Reference value :  5.50048e-06
 Reference value :  5.56512e-06
 Reference value :  5.65665e-06
 Reference value :  5.75052e-06
 Reference value :  5.83156e-06
 Reference value :  5.90650e-06
 Reference value :  6.00130e-06
 Reference value :  6.08046e-06
 Reference value :  6.18761e-06
 Reference value :  6.25270e-06
 Reference value :  6.31955e-06
 Reference value :  6.40633e-06
 Reference value :  6.46934e-06
 Reference value :  6.56281e-06
 Reference value :  6.62510e-06
 Reference value :  6.68760e-06
 Reference value :  6.75235e-06
 Reference value :  6.84384e-06
 Reference value :  6.90681e-06
 Reference value :  7.00249e-06
 Reference value :  7.09384e-06
 Reference value :  7.18764e-06
 Reference value :  7.25293e-06
 Reference value :  7.34375e-06
 Reference value :  7.40645e-06
 Reference value :  7.47236e-06
 Reference value :  7.56305e-06
 Reference value :  7.64005e-06
 Reference value :  7.73072e-06
 Reference value :  7.81481e-06
 Reference value :  7.90631e-06
 Reference value :  8.00069e-06
 Reference value :  8.09384e-06
 Reference value :  8.18977e-06
 Reference value :  8.28138e-06
 Reference value :  8.34687e-06
 Reference value :  8.43977e-06
 Reference value :  8.53125e-06
 Reference value :  8.61454e-06
 Reference value :  8.68979e-06
 Reference value :  8.78127e-06
 Reference value :  8.84783e-06
 Reference value :  8.93790e-06
 Reference value :  9.00289e-06
 Reference value :  9.09636e-06
 Reference value :  9.18790e-06
 Reference value :  9.25335e-06
 Reference value :  9.34392e-06
 Reference value :  9.40694e-06
 Reference value :  9.50021e-06
 Reference value :  9.56503e-06
 Reference value :  9.65636e-06
 Reference value :  9.75011e-06
 Reference value :  9.81499e-06
 Reference value :  9.90631e-06
 Reference value :  1.00002e-05
 Reference value :  1.00638e-05
 Reference value :  1.01726e-05
 Reference value :  1.02527e-05
 Reference value :  1.03324e-05
 Reference value :  1.04065e-05
 Reference value :  1.05001e-05
 Reference value :  1.05649e-05
 Reference value :  1.06546e-05
 Reference value :  1.07195e-05
 Reference value :  1.08130e-05
 Reference value :  1.08791e-05
 Reference value :  1.09699e-05
 Reference value :  1.10338e-05
 Reference value :  1.11485e-05
 Reference value :  1.12194e-05
 Reference value :  1.13125e-05
 Reference value :  1.13753e-05
 Reference value :  1.14400e-05
 Reference value :  1.15313e-05
 Reference value :  1.15948e-05
 Reference value :  1.16879e-05
 Reference value :  1.17526e-05
 Reference value :  1.18438e-05
 Reference value :  1.19064e-05
 Reference value :  1.20025e-05
 Reference value :  1.20938e-05
 Reference value :  1.21875e-05
 Reference value :  1.22528e-05
 Reference value :  1.23241e-05
 Reference value :  1.24065e-05
 Reference value :  1.25001e-05
 Reference value :  1.25649e-05
 Reference value :  1.26563e-05
 Reference value :  1.27501e-05
 Reference value :  1.28149e-05
 Reference value :  1.29063e-05
 Reference value :  1.30002e-05
 Reference value :  1.30627e-05
 Reference value :  1.31571e-05
 Reference value :  1.32502e-05
 Reference value :  1.33148e-05
 Reference value :  1.33777e-05
 Reference value :  1.34688e-05
 Reference value :  1.35386e-05
 Reference value :  1.36254e-05
 Reference value :  1.37027e-05
 Reference value :  1.37816e-05
 Reference value :  1.38752e-05
 Reference value :  1.39380e-05
 Reference value :  1.40313e-05
 Reference value :  1.41251e-05
 Reference value :  1.42188e-05
 Reference value :  1.42820e-05
 Reference value :  1.43755e-05
 Reference value :  1.44429e-05
 Reference value :  1.45317e-05
 Reference value :  1.46257e-05
 Reference value :  1.46912e-05
 Reference value :  1.47817e-05
 Reference value :  1.48671e-05
 Reference value :  1.49381e-05
 Reference value :  1.50313e-05
 Reference value :  1.51097e-05
 Reference value :  1.51880e-05
 Reference value :  1.52533e-05
 Reference value :  1.53442e-05
 Reference value :  1.54378e-05
 Reference value :  1.55026e-05
 Reference value :  1.55939e-05
 Reference value :  1.56876e-05
 Reference value :  1.57524e-05
 Reference value :  1.58438e-05
 Reference value :  1.59066e-05
 Reference value :  1.60023e-05
 Reference value :  1.60632e-05
 Reference value :  1.61572e-05
 Reference value :  1.62194e-05
 Reference value :  1.63126e-05
 Reference value :  1.63776e-05
 Reference value :  1.64692e-05
 Reference value :  1.65626e-05
 Reference value :  1.66275e-05
 Reference value :  1.67190e-05
 Reference value :  1.68128e-05
 Reference value :  1.68811e-05
No. of Data Rows : 42485
icmppk              =  -1.65453e-03 at=  5.00020e-06
icdacpk             =  -2.18839e-02 at=  1.62529e-05
itrkpk              =  -1.55142e-03 at=  3.18999e-06
isumpk              =  -2.19997e-02 at=  1.62529e-05
icmpav              =  -2.95193e-05 from=  3.00000e-06 to=  1.70000e-05
icdacav             =  -6.91525e-06 from=  3.00000e-06 to=  1.70000e-05
itrkav              =  -2.52566e-07 from=  3.00000e-06 to=  1.70000e-05
isumav              =  -3.66871e-05 from=  3.00000e-06 to=  1.70000e-05
vddm                =  3.63000e+00
m_i_cmp_peak_ua = 1.6545330000e+03
m_i_cdac_peak_ua = 2.1883940000e+04
m_i_trk_peak_ua = 1.5514240000e+03
m_i_vdd_peak_ua = 2.1999700000e+04
m_i_cmp_avg_ua = 2.9519290000e+01
m_i_cdac_avg_ua = 6.9152530000e+00
m_i_trk_avg_ua = 2.5256560000e-01
m_i_vdd_avg_ua = 3.6687100000e+01
m_supply_v = 3.6300000000e+00
Note: Simulation executed from .control section 

