
Note: No compatibility mode selected!


Circuit: * adc-rail-current @ tt_-40c_3.63v -- generated by sim/harness, do not edit

Reducing trtol to 1 for xspice 'A' devices
Doing analysis at TEMP = -40.000000 and TNOM = 27.000000

Using SPARSE 1.3 as Direct Linear Solver

Initial Transient Solution
--------------------------

Node                                   Voltage
----                                   -------
clk                                          0
cmpclk                                       0
cmpclkb                                   3.63
vddt                                      3.63
vddd                                      3.63
vddc                                      3.63
vrefs                                     3.63
vrefn                                     3.63
vcmn                                     1.815
se_vinp                                      0
se_vinn                                  1.815
se_start                                     0
se_mode                                      0
se_cmp                                 1.49859
se_samp_tp_n                                 0
se_sel_in_n                                  0
se_drdy                                   3.63
se_c9                                        0
se_c8                                        0
se_c7                                        0
se_c6                                        0
se_c5                                        0
se_c4                                        0
se_c3                                        0
se_c2                                        0
se_c1                                        0
se_c0                                        0
se_rel_n_256p                             3.63
se_sel_hi_n_256p                             0
se_sel_lo_n_256p                             0
se_rel_n_128p                             3.63
se_sel_hi_n_128p                             0
se_sel_lo_n_128p                             0
se_rel_n_64p                              3.63
se_sel_hi_n_64p                              0
se_sel_lo_n_64p                              0
se_rel_n_32p                              3.63
se_sel_hi_n_32p                              0
se_sel_lo_n_32p                              0
se_rel_n_16p                              3.63
se_sel_hi_n_16p                              0
se_sel_lo_n_16p                              0
se_rel_n_8p                               3.63
se_sel_hi_n_8p                               0
se_sel_lo_n_8p                               0
se_rel_n_4p                               3.63
se_sel_hi_n_4p                               0
se_sel_lo_n_4p                               0
se_rel_n_2p                               3.63
se_sel_hi_n_2p                               0
se_sel_lo_n_2p                               0
se_rel_n_1p                               3.63
se_sel_hi_n_1p                               0
se_sel_lo_n_1p                               0
se_rel_n_256n                             3.63
se_sel_hi_n_256n                             0
se_sel_lo_n_256n                             0
se_rel_n_128n                             3.63
se_sel_hi_n_128n                             0
se_sel_lo_n_128n                             0
se_rel_n_64n                              3.63
se_sel_hi_n_64n                              0
se_sel_lo_n_64n                              0
se_rel_n_32n                              3.63
se_sel_hi_n_32n                              0
se_sel_lo_n_32n                              0
se_rel_n_16n                              3.63
se_sel_hi_n_16n                              0
se_sel_lo_n_16n                              0
se_rel_n_8n                               3.63
se_sel_hi_n_8n                               0
se_sel_lo_n_8n                               0
se_rel_n_4n                               3.63
se_sel_hi_n_4n                               0
se_sel_lo_n_4n                               0
se_rel_n_2n                               3.63
se_sel_hi_n_2n                               0
se_sel_lo_n_2n                               0
se_rel_n_1n                               3.63
se_sel_hi_n_1n                               0
se_sel_lo_n_1n                               0
se_pinp                            1.63228e-09
se_pinn                                  1.815
xsetswp.gp                                3.63
se_topp                                1.81502
xsetswn.gp                                3.63
se_topn                                1.81502
xsearrp.x256.bp                          1.815
xsearrp.x256.gp_in                        3.63
xsearrp.x256.gp_rel                1.80945e-09
xsearrp.x256.gp_hi                        3.63
xsearrp.x256.gp_lo                        3.63
xsearrp.x128.bp                          1.815
xsearrp.x128.gp_in                        3.63
xsearrp.x128.gp_rel                1.80945e-09
xsearrp.x128.gp_hi                        3.63
xsearrp.x128.gp_lo                        3.63
xsearrp.x64.bp                           1.815
xsearrp.x64.gp_in                         3.63
xsearrp.x64.gp_rel                 1.80945e-09
xsearrp.x64.gp_hi                         3.63
xsearrp.x64.gp_lo                         3.63
xsearrp.x32.bp                           1.815
xsearrp.x32.gp_in                         3.63
xsearrp.x32.gp_rel                 1.80945e-09
xsearrp.x32.gp_hi                         3.63
xsearrp.x32.gp_lo                         3.63
xsearrp.x16.bp                           1.815
xsearrp.x16.gp_in                         3.63
xsearrp.x16.gp_rel                 1.80945e-09
xsearrp.x16.gp_hi                         3.63
xsearrp.x16.gp_lo                         3.63
xsearrp.x8.bp                            1.815
xsearrp.x8.gp_in                          3.63
xsearrp.x8.gp_rel                  1.80945e-09
xsearrp.x8.gp_hi                          3.63
xsearrp.x8.gp_lo                          3.63
xsearrp.x4.bp                            1.815
xsearrp.x4.gp_in                          3.63
xsearrp.x4.gp_rel                  1.80945e-09
xsearrp.x4.gp_hi                          3.63
xsearrp.x4.gp_lo                          3.63
xsearrp.x2.bp                            1.815
xsearrp.x2.gp_in                          3.63
xsearrp.x2.gp_rel                  1.80945e-09
xsearrp.x2.gp_hi                          3.63
xsearrp.x2.gp_lo                          3.63
xsearrp.x1.bp                            1.815
xsearrp.x1.gp_in                          3.63
xsearrp.x1.gp_rel                  1.80945e-09
xsearrp.x1.gp_hi                          3.63
xsearrp.x1.gp_lo                          3.63
xsearrn.x256.bp                          1.815
xsearrn.x256.gp_in                        3.63
xsearrn.x256.gp_rel                1.80945e-09
xsearrn.x256.gp_hi                        3.63
xsearrn.x256.gp_lo                        3.63
xsearrn.x128.bp                          1.815
xsearrn.x128.gp_in                        3.63
xsearrn.x128.gp_rel                1.80945e-09
xsearrn.x128.gp_hi                        3.63
xsearrn.x128.gp_lo                        3.63
xsearrn.x64.bp                           1.815
xsearrn.x64.gp_in                         3.63
xsearrn.x64.gp_rel                 1.80945e-09
xsearrn.x64.gp_hi                         3.63
xsearrn.x64.gp_lo                         3.63
xsearrn.x32.bp                           1.815
xsearrn.x32.gp_in                         3.63
xsearrn.x32.gp_rel                 1.80945e-09
xsearrn.x32.gp_hi                         3.63
xsearrn.x32.gp_lo                         3.63
xsearrn.x16.bp                           1.815
xsearrn.x16.gp_in                         3.63
xsearrn.x16.gp_rel                 1.80945e-09
xsearrn.x16.gp_hi                         3.63
xsearrn.x16.gp_lo                         3.63
xsearrn.x8.bp                            1.815
xsearrn.x8.gp_in                          3.63
xsearrn.x8.gp_rel                  1.80945e-09
xsearrn.x8.gp_hi                          3.63
xsearrn.x8.gp_lo                          3.63
xsearrn.x4.bp                            1.815
xsearrn.x4.gp_in                          3.63
xsearrn.x4.gp_rel                  1.80945e-09
xsearrn.x4.gp_hi                          3.63
xsearrn.x4.gp_lo                          3.63
xsearrn.x2.bp                            1.815
xsearrn.x2.gp_in                          3.63
xsearrn.x2.gp_rel                  1.80945e-09
xsearrn.x2.gp_hi                          3.63
xsearrn.x2.gp_lo                          3.63
xsearrn.x1.bp                            1.815
xsearrn.x1.gp_in                          3.63
xsearrn.x1.gp_rel                  1.80945e-09
xsearrn.x1.gp_hi                          3.63
xsearrn.x1.gp_lo                          3.63
se_ibias                              0.807378
xsecmp.xpre.ptail                     0.834872
xsecmp.pon                             2.79945
xsecmp.preamp_in1                      1.81502
xsecmp.pop                             2.79945
xsecmp.preamp_in2                      1.81502
xsecmp.xpre.xrlp.11                    3.62925
xsecmp.xpre.xrlp.21                     2.8002
xsecmp.xpre.xrln.11                    3.62925
xsecmp.xpre.xrln.21                     2.8002
xsecmp.xlat.ltail                      1.96734
xsecmp.xlat.dip                           3.63
xsecmp.xlat.din                           3.63
xsecmp.outn                               3.63
xsecmp.outp                               3.63
xsecmp.sset                        5.74698e-09
xsecmp.srst                        5.74698e-09
xsecmp.xno1.ps                         3.38743
se_cmpb                                1.49859
xsecmp.xno2.ps                         3.38743
se_dacp                           -1.11022e-16
se_dacn                           -1.11022e-16
se_di                                    1.815
se_err                                     512
se_aerrh                                     0
se_code                                      0
bsecode#branch                               0
bseea#branch                                 0
bsee#branch                                  0
bsedi#branch                                 0
bsedacn#branch                               0
bsedacp#branch                               0
lref#branch                        6.58098e-11
v.xsecmp.vpn#branch                6.47432e-28
v.xsecmp.vpp#branch                4.33674e-28
vsemode#branch                               0
vsestart#branch                              0
vsevinn#branch                       3.747e-16
vseinp#branch                      6.52911e-11
vcms#branch                       -7.19598e-14
vrefs#branch                      -6.58098e-11
vddc#branch                       -0.000876554
vddd#branch                       -6.64921e-10
vddt#branch                       -1.45935e-11
vcmpclkb#branch                              0
vcmpclk#branch                               0
vclk#branch                                  0
a.xsectrl.a_gn#branch_1_0                    0
a.xsectrl.a_gn#branch_1_1                    0
a.xsectrl.a_gn#branch_1_2                    0
a.xsectrl.a_gn#branch_1_3                    0
a.xsectrl.a_gn#branch_1_4                    0
a.xsectrl.a_gn#branch_1_5                    0
a.xsectrl.a_gn#branch_1_6                    0
a.xsectrl.a_gn#branch_1_7                    0
a.xsectrl.a_gn#branch_1_8                    0
a.xsectrl.a_gn#branch_1_9                    0
a.xsectrl.a_gn#branch_1_10                   0
a.xsectrl.a_gn#branch_1_11                   0
a.xsectrl.a_gn#branch_1_12                   0
a.xsectrl.a_gn#branch_1_13                   0
a.xsectrl.a_gn#branch_1_14                   0
a.xsectrl.a_gn#branch_1_15                   0
a.xsectrl.a_gn#branch_1_16                   0
a.xsectrl.a_gn#branch_1_17                   0
a.xsectrl.a_gn#branch_1_18                   0
a.xsectrl.a_gn#branch_1_19                   0
a.xsectrl.a_gn#branch_1_20                   0
a.xsectrl.a_gn#branch_1_21                   0
a.xsectrl.a_gn#branch_1_22                   0
a.xsectrl.a_gn#branch_1_23                   0
a.xsectrl.a_gn#branch_1_24                   0
a.xsectrl.a_gn#branch_1_25                   0
a.xsectrl.a_gn#branch_1_26                   0
a.xsectrl.a_gn#branch_1_27                   0
a.xsectrl.a_gn#branch_1_28                   0
a.xsectrl.a_gn#branch_1_29                   0
a.xsectrl.a_gn#branch_1_30                   0
a.xsectrl.a_gn#branch_1_31                   0
a.xsectrl.a_gn#branch_1_32                   0
a.xsectrl.a_gn#branch_1_33                   0
a.xsectrl.a_gn#branch_1_34                   0
a.xsectrl.a_gn#branch_1_35                   0
a.xsectrl.a_gn#branch_1_36                   0
a.xsectrl.a_gn#branch_1_37                   0
a.xsectrl.a_gn#branch_1_38                   0
a.xsectrl.a_gn#branch_1_39                   0
a.xsectrl.a_gn#branch_1_40                   0
a.xsectrl.a_gn#branch_1_41                   0
a.xsectrl.a_gn#branch_1_42                   0
a.xsectrl.a_gn#branch_1_43                   0
a.xsectrl.a_gn#branch_1_44                   0
a.xsectrl.a_gn#branch_1_45                   0
a.xsectrl.a_gn#branch_1_46                   0
a.xsectrl.a_gn#branch_1_47                   0
a.xsectrl.a_gn#branch_1_48                   0
a.xsectrl.a_gn#branch_1_49                   0
a.xsectrl.a_gn#branch_1_50                   0
a.xsectrl.a_gn#branch_1_51                   0
a.xsectrl.a_gn#branch_1_52                   0
a.xsectrl.a_gn#branch_1_53                   0
a.xsectrl.a_dout#branch_1_0                  0
a.xsectrl.a_dout#branch_1_1                  0
a.xsectrl.a_dout#branch_1_2                  0
a.xsectrl.a_dout#branch_1_3                  0
a.xsectrl.a_dout#branch_1_4                  0
a.xsectrl.a_dout#branch_1_5                  0
a.xsectrl.a_dout#branch_1_6                  0
a.xsectrl.a_dout#branch_1_7                  0
a.xsectrl.a_dout#branch_1_8                  0
a.xsectrl.a_dout#branch_1_9                  0
a.xsectrl.a_dout#branch_1_10                 0
a.xsectrl.a_dout#branch_1_11                 0
a.xsectrl.a_dout#branch_1_12                 0

 Reference value :  2.47536e-09
 Reference value :  6.25650e-08
 Reference value :  1.25149e-07
 Reference value :  1.87702e-07
 Reference value :  2.24986e-07
 Reference value :  2.81353e-07
 Reference value :  3.15137e-07
 Reference value :  3.82016e-07
 Reference value :  4.40269e-07
 Reference value :  5.02477e-07
 Reference value :  5.63004e-07
 Reference value :  6.25130e-07
 Reference value :  6.57225e-07
 Reference value :  7.18852e-07
 Reference value :  7.81250e-07
 Reference value :  8.15277e-07
 Reference value :  8.77532e-07
 Reference value :  9.37937e-07
 Reference value :  1.00098e-06
 Reference value :  1.03145e-06
 Reference value :  1.09431e-06
 Reference value :  1.18777e-06
 Reference value :  1.25040e-06
 Reference value :  1.31277e-06
 Reference value :  1.37517e-06
 Reference value :  1.43525e-06
 Reference value :  1.46896e-06
 Reference value :  1.53144e-06
 Reference value :  1.59382e-06
 Reference value :  1.65635e-06
 Reference value :  1.71880e-06
 Reference value :  1.78130e-06
 Reference value :  1.84381e-06
 Reference value :  1.87753e-06
 Reference value :  1.93848e-06
 Reference value :  2.00262e-06
 Reference value :  2.06282e-06
 Reference value :  2.12619e-06
 Reference value :  2.19008e-06
 Reference value :  2.25276e-06
 Reference value :  2.31270e-06
 Reference value :  2.34418e-06
 Reference value :  2.40688e-06
 Reference value :  2.46894e-06
 Reference value :  2.51074e-06
 Reference value :  2.56510e-06
 Reference value :  2.62750e-06
 Reference value :  2.68843e-06
 Reference value :  2.75023e-06
 Reference value :  2.79412e-06
 Reference value :  2.84523e-06
 Reference value :  2.90638e-06
 Reference value :  3.00019e-06
 Reference value :  3.03158e-06
 Reference value :  3.09397e-06
 Reference value :  3.15658e-06
 Reference value :  3.21885e-06
 Reference value :  3.28129e-06
 Reference value :  3.31492e-06
 Reference value :  3.37624e-06
 Reference value :  3.43976e-06
 Reference value :  3.50055e-06
 Reference value :  3.56277e-06
 Reference value :  3.62514e-06
 Reference value :  3.68771e-06
 Reference value :  3.75019e-06
 Reference value :  3.81294e-06
 Reference value :  3.87527e-06
 Reference value :  3.93763e-06
 Reference value :  4.00241e-06
 Reference value :  4.03293e-06
 Reference value :  4.12501e-06
 Reference value :  4.18763e-06
 Reference value :  4.25010e-06
 Reference value :  4.29372e-06
 Reference value :  4.34411e-06
 Reference value :  4.40634e-06
 Reference value :  4.46883e-06
 Reference value :  4.53132e-06
 Reference value :  4.56963e-06
 Reference value :  4.62758e-06
 Reference value :  4.68999e-06
 Reference value :  4.75242e-06
 Reference value :  4.81286e-06
 Reference value :  4.87548e-06
 Reference value :  4.93770e-06
 Reference value :  5.00230e-06
 Reference value :  5.06270e-06
 Reference value :  5.12544e-06
 Reference value :  5.18996e-06
 Reference value :  5.25289e-06
 Reference value :  5.31477e-06
 Reference value :  5.37532e-06
 Reference value :  5.43760e-06
 Reference value :  5.46912e-06
 Reference value :  5.53154e-06
 Reference value :  5.59378e-06
 Reference value :  5.63018e-06
 Reference value :  5.69002e-06
 Reference value :  5.75232e-06
 Reference value :  5.81280e-06
 Reference value :  5.87513e-06
 Reference value :  5.92363e-06
 Reference value :  6.00014e-06
 Reference value :  6.03161e-06
 Reference value :  6.09404e-06
 Reference value :  6.15715e-06
 Reference value :  6.21942e-06
 Reference value :  6.28160e-06
 Reference value :  6.33803e-06
 Reference value :  6.37745e-06
 Reference value :  6.43781e-06
 Reference value :  6.47004e-06
 Reference value :  6.53136e-06
 Reference value :  6.59385e-06
 Reference value :  6.65634e-06
 Reference value :  6.70373e-06
 Reference value :  6.75243e-06
 Reference value :  6.81286e-06
 Reference value :  6.87512e-06
 Reference value :  6.93761e-06
 Reference value :  7.00033e-06
 Reference value :  7.03158e-06
 Reference value :  7.09386e-06
 Reference value :  7.15657e-06
 Reference value :  7.21886e-06
 Reference value :  7.25322e-06
 Reference value :  7.31476e-06
 Reference value :  7.37520e-06
 Reference value :  7.41104e-06
 Reference value :  7.46881e-06
 Reference value :  7.50253e-06
 Reference value :  7.56499e-06
 Reference value :  7.62564e-06
 Reference value :  7.68977e-06
 Reference value :  7.75236e-06
 Reference value :  7.81298e-06
 Reference value :  7.87538e-06
 Reference value :  7.93760e-06
 Reference value :  8.00022e-06
 Reference value :  8.03165e-06
 Reference value :  8.12506e-06
 Reference value :  8.18782e-06
 Reference value :  8.25015e-06
 Reference value :  8.29556e-06
 Reference value :  8.34410e-06
 Reference value :  8.40636e-06
 Reference value :  8.46895e-06
 Reference value :  8.53166e-06
 Reference value :  8.59412e-06
 Reference value :  8.65675e-06
 Reference value :  8.71914e-06
 Reference value :  8.81261e-06
 Reference value :  8.87540e-06
 Reference value :  8.91088e-06
 Reference value :  9.00023e-06
 Reference value :  9.03173e-06
 Reference value :  9.09455e-06
 Reference value :  9.15712e-06
 Reference value :  9.23709e-06
 Reference value :  9.28604e-06
 Reference value :  9.34416e-06
 Reference value :  9.40833e-06
 Reference value :  9.50013e-06
 Reference value :  9.56283e-06
 Reference value :  9.62558e-06
 Reference value :  9.68823e-06
 Reference value :  9.75042e-06
 Reference value :  9.81277e-06
 Reference value :  9.87548e-06
 Reference value :  9.93786e-06
 Reference value :  1.00025e-05
 Reference value :  1.00626e-05
 Reference value :  1.01252e-05
 Reference value :  1.01877e-05
 Reference value :  1.02502e-05
 Reference value :  1.03125e-05
 Reference value :  1.03441e-05
 Reference value :  1.03946e-05
 Reference value :  1.04423e-05
 Reference value :  1.05025e-05
 Reference value :  1.05628e-05
 Reference value :  1.06255e-05
 Reference value :  1.06878e-05
 Reference value :  1.07504e-05
 Reference value :  1.08148e-05
 Reference value :  1.08774e-05
 Reference value :  1.09377e-05
 Reference value :  1.09950e-05
 Reference value :  1.10297e-05
 Reference value :  1.10939e-05
 Reference value :  1.11877e-05
 Reference value :  1.12503e-05
 Reference value :  1.13127e-05
 Reference value :  1.13672e-05
 Reference value :  1.14066e-05
 Reference value :  1.14688e-05
 Reference value :  1.15314e-05
 Reference value :  1.15939e-05
 Reference value :  1.16563e-05
 Reference value :  1.16953e-05
 Reference value :  1.17528e-05
 Reference value :  1.18148e-05
 Reference value :  1.18753e-05
 Reference value :  1.19376e-05
 Reference value :  1.20005e-05
 Reference value :  1.20315e-05
 Reference value :  1.20938e-05
 Reference value :  1.21566e-05
 Reference value :  1.22189e-05
 Reference value :  1.22813e-05
 Reference value :  1.23151e-05
 Reference value :  1.23758e-05
 Reference value :  1.24376e-05
 Reference value :  1.24721e-05
 Reference value :  1.25315e-05
 Reference value :  1.25938e-05
 Reference value :  1.26500e-05
 Reference value :  1.26899e-05
 Reference value :  1.27524e-05
 Reference value :  1.28130e-05
 Reference value :  1.28753e-05
 Reference value :  1.29069e-05
 Reference value :  1.30001e-05
 Reference value :  1.30316e-05
 Reference value :  1.30943e-05
 Reference value :  1.31876e-05
 Reference value :  1.32435e-05
 Reference value :  1.32820e-05
 Reference value :  1.33442e-05
 Reference value :  1.34065e-05
 Reference value :  1.34431e-05
 Reference value :  1.35025e-05
 Reference value :  1.35650e-05
 Reference value :  1.36273e-05
 Reference value :  1.36898e-05
 Reference value :  1.37523e-05
 Reference value :  1.38149e-05
 Reference value :  1.38773e-05
 Reference value :  1.39376e-05
 Reference value :  1.40025e-05
 Reference value :  1.40628e-05
 Reference value :  1.41564e-05
 Reference value :  1.42188e-05
 Reference value :  1.42813e-05
 Reference value :  1.43438e-05
 Reference value :  1.44063e-05
 Reference value :  1.44688e-05
 Reference value :  1.45313e-05
 Reference value :  1.45872e-05
 Reference value :  1.46275e-05
 Reference value :  1.46879e-05
 Reference value :  1.47462e-05
 Reference value :  1.47817e-05
 Reference value :  1.48438e-05
 Reference value :  1.48776e-05
 Reference value :  1.49380e-05
 Reference value :  1.50025e-05
 Reference value :  1.50317e-05
 Reference value :  1.50943e-05
 Reference value :  1.51585e-05
 Reference value :  1.52225e-05
 Reference value :  1.52815e-05
 Reference value :  1.53438e-05
 Reference value :  1.54063e-05
 Reference value :  1.54409e-05
 Reference value :  1.55025e-05
 Reference value :  1.55650e-05
 Reference value :  1.56253e-05
 Reference value :  1.56875e-05
 Reference value :  1.57302e-05
 Reference value :  1.57815e-05
 Reference value :  1.58438e-05
 Reference value :  1.58898e-05
 Reference value :  1.59691e-05
 Reference value :  1.60053e-05
 Reference value :  1.60695e-05
 Reference value :  1.61564e-05
 Reference value :  1.62189e-05
 Reference value :  1.62672e-05
 Reference value :  1.63148e-05
 Reference value :  1.63762e-05
 Reference value :  1.64398e-05
 Reference value :  1.65003e-05
 Reference value :  1.65628e-05
 Reference value :  1.66066e-05
 Reference value :  1.66564e-05
 Reference value :  1.67188e-05
 Reference value :  1.67813e-05
 Reference value :  1.68319e-05
 Reference value :  1.68938e-05
 Reference value :  1.69691e-05
No. of Data Rows : 44194
icmppk              =  -2.21755e-03 at=  5.00020e-06
icdacpk             =  -2.95419e-02 at=  7.00287e-06
itrkpk              =  -2.05724e-03 at=  4.18997e-06
isumpk              =  -2.96408e-02 at=  7.00287e-06
icmpav              =  -2.90528e-05 from=  3.00000e-06 to=  1.70000e-05
icdacav             =  -7.73319e-06 from=  3.00000e-06 to=  1.70000e-05
itrkav              =  -2.89534e-07 from=  3.00000e-06 to=  1.70000e-05
isumav              =  -3.70755e-05 from=  3.00000e-06 to=  1.70000e-05
vddm                =  3.63000e+00
m_i_cmp_peak_ua = 2.2175540000e+03
m_i_cdac_peak_ua = 2.9541910000e+04
m_i_trk_peak_ua = 2.0572370000e+03
m_i_vdd_peak_ua = 2.9640820000e+04
m_i_cmp_avg_ua = 2.9052790000e+01
m_i_cdac_avg_ua = 7.7331860000e+00
m_i_trk_avg_ua = 2.8953410000e-01
m_i_vdd_avg_ua = 3.7075510000e+01
m_supply_v = 3.6300000000e+00
Note: Simulation executed from .control section 

