
Note: No compatibility mode selected!


Circuit: * adc-rail-current @ tt_125c_2.97v -- generated by sim/harness, do not edit

Reducing trtol to 1 for xspice 'A' devices
Doing analysis at TEMP = 125.000000 and TNOM = 27.000000

Using SPARSE 1.3 as Direct Linear Solver

Initial Transient Solution
--------------------------

Node                                   Voltage
----                                   -------
clk                                          0
cmpclk                                       0
cmpclkb                                   2.97
vddt                                      2.97
vddd                                      2.97
vddc                                      2.97
vrefs                                     2.97
vrefn                                     2.97
vcmn                                     1.485
se_vinp                                      0
se_vinn                                  1.485
se_start                                     0
se_mode                                      0
se_cmp                                 1.23664
se_samp_tp_n                                 0
se_sel_in_n                                  0
se_drdy                                   2.97
se_c9                                        0
se_c8                                        0
se_c7                                        0
se_c6                                        0
se_c5                                        0
se_c4                                        0
se_c3                                        0
se_c2                                        0
se_c1                                        0
se_c0                                        0
se_rel_n_256p                             2.97
se_sel_hi_n_256p                             0
se_sel_lo_n_256p                             0
se_rel_n_128p                             2.97
se_sel_hi_n_128p                             0
se_sel_lo_n_128p                             0
se_rel_n_64p                              2.97
se_sel_hi_n_64p                              0
se_sel_lo_n_64p                              0
se_rel_n_32p                              2.97
se_sel_hi_n_32p                              0
se_sel_lo_n_32p                              0
se_rel_n_16p                              2.97
se_sel_hi_n_16p                              0
se_sel_lo_n_16p                              0
se_rel_n_8p                               2.97
se_sel_hi_n_8p                               0
se_sel_lo_n_8p                               0
se_rel_n_4p                               2.97
se_sel_hi_n_4p                               0
se_sel_lo_n_4p                               0
se_rel_n_2p                               2.97
se_sel_hi_n_2p                               0
se_sel_lo_n_2p                               0
se_rel_n_1p                               2.97
se_sel_hi_n_1p                               0
se_sel_lo_n_1p                               0
se_rel_n_256n                             2.97
se_sel_hi_n_256n                             0
se_sel_lo_n_256n                             0
se_rel_n_128n                             2.97
se_sel_hi_n_128n                             0
se_sel_lo_n_128n                             0
se_rel_n_64n                              2.97
se_sel_hi_n_64n                              0
se_sel_lo_n_64n                              0
se_rel_n_32n                              2.97
se_sel_hi_n_32n                              0
se_sel_lo_n_32n                              0
se_rel_n_16n                              2.97
se_sel_hi_n_16n                              0
se_sel_lo_n_16n                              0
se_rel_n_8n                               2.97
se_sel_hi_n_8n                               0
se_sel_lo_n_8n                               0
se_rel_n_4n                               2.97
se_sel_hi_n_4n                               0
se_sel_lo_n_4n                               0
se_rel_n_2n                               2.97
se_sel_hi_n_2n                               0
se_sel_lo_n_2n                               0
se_rel_n_1n                               2.97
se_sel_hi_n_1n                               0
se_sel_lo_n_1n                               0
se_pinp                            1.61959e-07
se_pinn                                  1.485
xsetswp.gp                                2.97
se_topp                                  1.485
xsetswn.gp                                2.97
se_topn                                  1.485
xsearrp.x256.bp                          1.485
xsearrp.x256.gp_in                        2.97
xsearrp.x256.gp_rel                9.97068e-09
xsearrp.x256.gp_hi                        2.97
xsearrp.x256.gp_lo                        2.97
xsearrp.x128.bp                          1.485
xsearrp.x128.gp_in                        2.97
xsearrp.x128.gp_rel                9.97068e-09
xsearrp.x128.gp_hi                        2.97
xsearrp.x128.gp_lo                        2.97
xsearrp.x64.bp                           1.485
xsearrp.x64.gp_in                         2.97
xsearrp.x64.gp_rel                 9.97068e-09
xsearrp.x64.gp_hi                         2.97
xsearrp.x64.gp_lo                         2.97
xsearrp.x32.bp                           1.485
xsearrp.x32.gp_in                         2.97
xsearrp.x32.gp_rel                 9.97068e-09
xsearrp.x32.gp_hi                         2.97
xsearrp.x32.gp_lo                         2.97
xsearrp.x16.bp                           1.485
xsearrp.x16.gp_in                         2.97
xsearrp.x16.gp_rel                 9.97068e-09
xsearrp.x16.gp_hi                         2.97
xsearrp.x16.gp_lo                         2.97
xsearrp.x8.bp                            1.485
xsearrp.x8.gp_in                          2.97
xsearrp.x8.gp_rel                  9.97068e-09
xsearrp.x8.gp_hi                          2.97
xsearrp.x8.gp_lo                          2.97
xsearrp.x4.bp                            1.485
xsearrp.x4.gp_in                          2.97
xsearrp.x4.gp_rel                  9.97068e-09
xsearrp.x4.gp_hi                          2.97
xsearrp.x4.gp_lo                          2.97
xsearrp.x2.bp                            1.485
xsearrp.x2.gp_in                          2.97
xsearrp.x2.gp_rel                  9.97068e-09
xsearrp.x2.gp_hi                          2.97
xsearrp.x2.gp_lo                          2.97
xsearrp.x1.bp                            1.485
xsearrp.x1.gp_in                          2.97
xsearrp.x1.gp_rel                  9.97068e-09
xsearrp.x1.gp_hi                          2.97
xsearrp.x1.gp_lo                          2.97
xsearrn.x256.bp                          1.485
xsearrn.x256.gp_in                        2.97
xsearrn.x256.gp_rel                9.97068e-09
xsearrn.x256.gp_hi                        2.97
xsearrn.x256.gp_lo                        2.97
xsearrn.x128.bp                          1.485
xsearrn.x128.gp_in                        2.97
xsearrn.x128.gp_rel                9.97068e-09
xsearrn.x128.gp_hi                        2.97
xsearrn.x128.gp_lo                        2.97
xsearrn.x64.bp                           1.485
xsearrn.x64.gp_in                         2.97
xsearrn.x64.gp_rel                 9.97068e-09
xsearrn.x64.gp_hi                         2.97
xsearrn.x64.gp_lo                         2.97
xsearrn.x32.bp                           1.485
xsearrn.x32.gp_in                         2.97
xsearrn.x32.gp_rel                 9.97068e-09
xsearrn.x32.gp_hi                         2.97
xsearrn.x32.gp_lo                         2.97
xsearrn.x16.bp                           1.485
xsearrn.x16.gp_in                         2.97
xsearrn.x16.gp_rel                 9.97068e-09
xsearrn.x16.gp_hi                         2.97
xsearrn.x16.gp_lo                         2.97
xsearrn.x8.bp                            1.485
xsearrn.x8.gp_in                          2.97
xsearrn.x8.gp_rel                  9.97068e-09
xsearrn.x8.gp_hi                          2.97
xsearrn.x8.gp_lo                          2.97
xsearrn.x4.bp                            1.485
xsearrn.x4.gp_in                          2.97
xsearrn.x4.gp_rel                  9.97068e-09
xsearrn.x4.gp_hi                          2.97
xsearrn.x4.gp_lo                          2.97
xsearrn.x2.bp                            1.485
xsearrn.x2.gp_in                          2.97
xsearrn.x2.gp_rel                  9.97068e-09
xsearrn.x2.gp_hi                          2.97
xsearrn.x2.gp_lo                          2.97
xsearrn.x1.bp                            1.485
xsearrn.x1.gp_in                          2.97
xsearrn.x1.gp_rel                  9.97068e-09
xsearrn.x1.gp_hi                          2.97
xsearrn.x1.gp_lo                          2.97
se_ibias                              0.678004
xsecmp.xpre.ptail                     0.708088
xsecmp.pon                             2.24924
xsecmp.preamp_in1                        1.485
xsecmp.pop                             2.24924
xsecmp.preamp_in2                        1.485
xsecmp.xpre.xrlp.11                    2.96972
xsecmp.xpre.xrlp.21                    2.24952
xsecmp.xpre.xrln.11                    2.96972
xsecmp.xpre.xrln.21                    2.24952
xsecmp.xlat.ltail                      1.69627
xsecmp.xlat.dip                           2.97
xsecmp.xlat.din                           2.97
xsecmp.outn                               2.97
xsecmp.outp                               2.97
xsecmp.sset                        1.77263e-08
xsecmp.srst                        1.77263e-08
xsecmp.xno1.ps                         2.77772
se_cmpb                                1.23664
xsecmp.xno2.ps                         2.77772
se_dacp                            1.11022e-16
se_dacn                            1.11022e-16
se_di                                    1.485
se_err                                     512
se_aerrh                                     0
se_code                                      0
bsecode#branch                               0
bseea#branch                                 0
bsee#branch                                  0
bsedi#branch                                 0
bsedacn#branch                               0
bsedacp#branch                               0
lref#branch                        1.56562e-09
v.xsecmp.vpn#branch               -6.08003e-29
v.xsecmp.vpp#branch               -5.67559e-28
vsemode#branch                               0
vsestart#branch                              0
vsevinn#branch                               0
vseinp#branch                      6.47834e-09
vcms#branch                       -1.78344e-08
vrefs#branch                      -1.56562e-09
vddc#branch                       -0.000428397
vddd#branch                       -6.61047e-09
vddt#branch                       -2.31393e-10
vcmpclkb#branch                              0
vcmpclk#branch                               0
vclk#branch                                  0
a.xsectrl.a_gn#branch_1_0                    0
a.xsectrl.a_gn#branch_1_1                    0
a.xsectrl.a_gn#branch_1_2                    0
a.xsectrl.a_gn#branch_1_3                    0
a.xsectrl.a_gn#branch_1_4                    0
a.xsectrl.a_gn#branch_1_5                    0
a.xsectrl.a_gn#branch_1_6                    0
a.xsectrl.a_gn#branch_1_7                    0
a.xsectrl.a_gn#branch_1_8                    0
a.xsectrl.a_gn#branch_1_9                    0
a.xsectrl.a_gn#branch_1_10                   0
a.xsectrl.a_gn#branch_1_11                   0
a.xsectrl.a_gn#branch_1_12                   0
a.xsectrl.a_gn#branch_1_13                   0
a.xsectrl.a_gn#branch_1_14                   0
a.xsectrl.a_gn#branch_1_15                   0
a.xsectrl.a_gn#branch_1_16                   0
a.xsectrl.a_gn#branch_1_17                   0
a.xsectrl.a_gn#branch_1_18                   0
a.xsectrl.a_gn#branch_1_19                   0
a.xsectrl.a_gn#branch_1_20                   0
a.xsectrl.a_gn#branch_1_21                   0
a.xsectrl.a_gn#branch_1_22                   0
a.xsectrl.a_gn#branch_1_23                   0
a.xsectrl.a_gn#branch_1_24                   0
a.xsectrl.a_gn#branch_1_25                   0
a.xsectrl.a_gn#branch_1_26                   0
a.xsectrl.a_gn#branch_1_27                   0
a.xsectrl.a_gn#branch_1_28                   0
a.xsectrl.a_gn#branch_1_29                   0
a.xsectrl.a_gn#branch_1_30                   0
a.xsectrl.a_gn#branch_1_31                   0
a.xsectrl.a_gn#branch_1_32                   0
a.xsectrl.a_gn#branch_1_33                   0
a.xsectrl.a_gn#branch_1_34                   0
a.xsectrl.a_gn#branch_1_35                   0
a.xsectrl.a_gn#branch_1_36                   0
a.xsectrl.a_gn#branch_1_37                   0
a.xsectrl.a_gn#branch_1_38                   0
a.xsectrl.a_gn#branch_1_39                   0
a.xsectrl.a_gn#branch_1_40                   0
a.xsectrl.a_gn#branch_1_41                   0
a.xsectrl.a_gn#branch_1_42                   0
a.xsectrl.a_gn#branch_1_43                   0
a.xsectrl.a_gn#branch_1_44                   0
a.xsectrl.a_gn#branch_1_45                   0
a.xsectrl.a_gn#branch_1_46                   0
a.xsectrl.a_gn#branch_1_47                   0
a.xsectrl.a_gn#branch_1_48                   0
a.xsectrl.a_gn#branch_1_49                   0
a.xsectrl.a_gn#branch_1_50                   0
a.xsectrl.a_gn#branch_1_51                   0
a.xsectrl.a_gn#branch_1_52                   0
a.xsectrl.a_gn#branch_1_53                   0
a.xsectrl.a_dout#branch_1_0                  0
a.xsectrl.a_dout#branch_1_1                  0
a.xsectrl.a_dout#branch_1_2                  0
a.xsectrl.a_dout#branch_1_3                  0
a.xsectrl.a_dout#branch_1_4                  0
a.xsectrl.a_dout#branch_1_5                  0
a.xsectrl.a_dout#branch_1_6                  0
a.xsectrl.a_dout#branch_1_7                  0
a.xsectrl.a_dout#branch_1_8                  0
a.xsectrl.a_dout#branch_1_9                  0
a.xsectrl.a_dout#branch_1_10                 0
a.xsectrl.a_dout#branch_1_11                 0
a.xsectrl.a_dout#branch_1_12                 0

 Reference value :  2.51008e-09
 Reference value :  6.26011e-08
 Reference value :  1.25699e-07
 Reference value :  1.90158e-07
 Reference value :  2.52780e-07
 Reference value :  3.14794e-07
 Reference value :  3.76625e-07
 Reference value :  4.39828e-07
 Reference value :  5.02554e-07
 Reference value :  5.65007e-07
 Reference value :  6.27425e-07
 Reference value :  6.89197e-07
 Reference value :  7.50541e-07
 Reference value :  8.13207e-07
 Reference value :  8.75229e-07
 Reference value :  9.08320e-07
 Reference value :  1.00010e-06
 Reference value :  1.03136e-06
 Reference value :  1.09396e-06
 Reference value :  1.15716e-06
 Reference value :  1.21906e-06
 Reference value :  1.26670e-06
 Reference value :  1.31495e-06
 Reference value :  1.37587e-06
 Reference value :  1.43795e-06
 Reference value :  1.50013e-06
 Reference value :  1.55218e-06
 Reference value :  1.59403e-06
 Reference value :  1.65643e-06
 Reference value :  1.71882e-06
 Reference value :  1.75273e-06
 Reference value :  1.81660e-06
 Reference value :  1.87564e-06
 Reference value :  1.93751e-06
 Reference value :  2.00019e-06
 Reference value :  2.03136e-06
 Reference value :  2.09384e-06
 Reference value :  2.15646e-06
 Reference value :  2.21892e-06
 Reference value :  2.25334e-06
 Reference value :  2.31501e-06
 Reference value :  2.37727e-06
 Reference value :  2.43803e-06
 Reference value :  2.50020e-06
 Reference value :  2.54018e-06
 Reference value :  2.59967e-06
 Reference value :  2.66729e-06
 Reference value :  2.71939e-06
 Reference value :  2.78175e-06
 Reference value :  2.84423e-06
 Reference value :  2.87761e-06
 Reference value :  2.93805e-06
 Reference value :  3.00251e-06
 Reference value :  3.06260e-06
 Reference value :  3.12521e-06
 Reference value :  3.18806e-06
 Reference value :  3.25006e-06
 Reference value :  3.28198e-06
 Reference value :  3.34384e-06
 Reference value :  3.40628e-06
 Reference value :  3.44907e-06
 Reference value :  3.50263e-06
 Reference value :  3.56491e-06
 Reference value :  3.62565e-06
 Reference value :  3.68796e-06
 Reference value :  3.75046e-06
 Reference value :  3.81271e-06
 Reference value :  3.85833e-06
 Reference value :  3.90684e-06
 Reference value :  4.00000e-06
 Reference value :  4.03132e-06
 Reference value :  4.09440e-06
 Reference value :  4.18796e-06
 Reference value :  4.25070e-06
 Reference value :  4.31272e-06
 Reference value :  4.37506e-06
 Reference value :  4.43771e-06
 Reference value :  4.50239e-06
 Reference value :  4.56523e-06
 Reference value :  4.65631e-06
 Reference value :  4.71885e-06
 Reference value :  4.78165e-06
 Reference value :  4.84454e-06
 Reference value :  4.90637e-06
 Reference value :  4.96894e-06
 Reference value :  5.00387e-06
 Reference value :  5.11279e-06
 Reference value :  5.18796e-06
 Reference value :  5.25020e-06
 Reference value :  5.31260e-06
 Reference value :  5.34478e-06
 Reference value :  5.40807e-06
 Reference value :  5.50011e-06
 Reference value :  5.56270e-06
 Reference value :  5.62512e-06
 Reference value :  5.68639e-06
 Reference value :  5.71965e-06
 Reference value :  5.78166e-06
 Reference value :  5.84413e-06
 Reference value :  5.90652e-06
 Reference value :  6.00013e-06
 Reference value :  6.03195e-06
 Reference value :  6.12529e-06
 Reference value :  6.18792e-06
 Reference value :  6.25065e-06
 Reference value :  6.31271e-06
 Reference value :  6.34576e-06
 Reference value :  6.40639e-06
 Reference value :  6.46886e-06
 Reference value :  6.53131e-06
 Reference value :  6.59384e-06
 Reference value :  6.65644e-06
 Reference value :  6.71906e-06
 Reference value :  6.78194e-06
 Reference value :  6.85492e-06
 Reference value :  6.93769e-06
 Reference value :  7.00251e-06
 Reference value :  7.04964e-06
 Reference value :  7.12529e-06
 Reference value :  7.18980e-06
 Reference value :  7.25070e-06
 Reference value :  7.30061e-06
 Reference value :  7.34421e-06
 Reference value :  7.40633e-06
 Reference value :  7.44123e-06
 Reference value :  7.53129e-06
 Reference value :  7.57716e-06
 Reference value :  7.65635e-06
 Reference value :  7.71918e-06
 Reference value :  7.78145e-06
 Reference value :  7.84384e-06
 Reference value :  7.90626e-06
 Reference value :  7.96885e-06
 Reference value :  8.00331e-06
 Reference value :  8.09390e-06
 Reference value :  8.15694e-06
 Reference value :  8.21919e-06
 Reference value :  8.28136e-06
 Reference value :  8.34386e-06
 Reference value :  8.40634e-06
 Reference value :  8.46881e-06
 Reference value :  8.50270e-06
 Reference value :  8.56336e-06
 Reference value :  8.62516e-06
 Reference value :  8.68762e-06
 Reference value :  8.75010e-06
 Reference value :  8.79396e-06
 Reference value :  8.84450e-06
 Reference value :  8.90631e-06
 Reference value :  8.96885e-06
 Reference value :  9.00250e-06
 Reference value :  9.05349e-06
 Reference value :  9.12501e-06
 Reference value :  9.16833e-06
 Reference value :  9.21916e-06
 Reference value :  9.28135e-06
 Reference value :  9.31511e-06
 Reference value :  9.37584e-06
 Reference value :  9.43779e-06
 Reference value :  9.50003e-06
 Reference value :  9.53166e-06
 Reference value :  9.59381e-06
 Reference value :  9.64007e-06
 Reference value :  9.69002e-06
 Reference value :  9.75246e-06
 Reference value :  9.81321e-06
 Reference value :  9.87537e-06
 Reference value :  9.90952e-06
 Reference value :  1.00000e-05
 Reference value :  1.00314e-05
 Reference value :  1.00944e-05
 Reference value :  1.01569e-05
 Reference value :  1.02188e-05
 Reference value :  1.02532e-05
 Reference value :  1.03149e-05
 Reference value :  1.03753e-05
 Reference value :  1.04194e-05
 Reference value :  1.04691e-05
 Reference value :  1.05313e-05
 Reference value :  1.05938e-05
 Reference value :  1.06324e-05
 Reference value :  1.07064e-05
 Reference value :  1.07570e-05
 Reference value :  1.08150e-05
 Reference value :  1.08758e-05
 Reference value :  1.09376e-05
 Reference value :  1.09900e-05
 Reference value :  1.10313e-05
 Reference value :  1.11251e-05
 Reference value :  1.11877e-05
 Reference value :  1.12501e-05
 Reference value :  1.12818e-05
 Reference value :  1.13438e-05
 Reference value :  1.13775e-05
 Reference value :  1.14381e-05
 Reference value :  1.15002e-05
 Reference value :  1.15627e-05
 Reference value :  1.16128e-05
 Reference value :  1.16565e-05
 Reference value :  1.17188e-05
 Reference value :  1.17528e-05
 Reference value :  1.18150e-05
 Reference value :  1.18773e-05
 Reference value :  1.19378e-05
 Reference value :  1.20007e-05
 Reference value :  1.20320e-05
 Reference value :  1.20946e-05
 Reference value :  1.21658e-05
 Reference value :  1.22195e-05
 Reference value :  1.22813e-05
 Reference value :  1.23160e-05
 Reference value :  1.23755e-05
 Reference value :  1.24088e-05
 Reference value :  1.24690e-05
 Reference value :  1.25312e-05
 Reference value :  1.25655e-05
 Reference value :  1.26276e-05
 Reference value :  1.26898e-05
 Reference value :  1.27504e-05
 Reference value :  1.28126e-05
 Reference value :  1.28467e-05
 Reference value :  1.29064e-05
 Reference value :  1.29694e-05
 Reference value :  1.30167e-05
 Reference value :  1.30718e-05
 Reference value :  1.31506e-05
 Reference value :  1.31900e-05
 Reference value :  1.32505e-05
 Reference value :  1.33126e-05
 Reference value :  1.33443e-05
 Reference value :  1.33835e-05
 Reference value :  1.34399e-05
 Reference value :  1.35026e-05
 Reference value :  1.35649e-05
 Reference value :  1.36257e-05
 Reference value :  1.36876e-05
 Reference value :  1.37282e-05
 Reference value :  1.37874e-05
 Reference value :  1.38447e-05
 Reference value :  1.39065e-05
 Reference value :  1.40001e-05
 Reference value :  1.40317e-05
 Reference value :  1.41252e-05
 Reference value :  1.41881e-05
 Reference value :  1.42505e-05
 Reference value :  1.43128e-05
 Reference value :  1.43753e-05
 Reference value :  1.44378e-05
 Reference value :  1.45002e-05
 Reference value :  1.45626e-05
 Reference value :  1.46156e-05
 Reference value :  1.46793e-05
 Reference value :  1.47207e-05
 Reference value :  1.48127e-05
 Reference value :  1.48756e-05
 Reference value :  1.49378e-05
 Reference value :  1.50024e-05
 Reference value :  1.50526e-05
 Reference value :  1.51563e-05
 Reference value :  1.52189e-05
 Reference value :  1.52813e-05
 Reference value :  1.53440e-05
 Reference value :  1.54375e-05
 Reference value :  1.55001e-05
 Reference value :  1.55627e-05
 Reference value :  1.56252e-05
 Reference value :  1.56713e-05
 Reference value :  1.57502e-05
 Reference value :  1.58132e-05
 Reference value :  1.58751e-05
 Reference value :  1.59378e-05
 Reference value :  1.60023e-05
 Reference value :  1.60320e-05
 Reference value :  1.61254e-05
 Reference value :  1.61880e-05
 Reference value :  1.62502e-05
 Reference value :  1.62968e-05
 Reference value :  1.63750e-05
 Reference value :  1.64377e-05
 Reference value :  1.65001e-05
 Reference value :  1.65627e-05
 Reference value :  1.66118e-05
 Reference value :  1.66565e-05
 Reference value :  1.67188e-05
 Reference value :  1.67813e-05
 Reference value :  1.68258e-05
 Reference value :  1.68779e-05
 Reference value :  1.69689e-05
No. of Data Rows : 40630
icmppk              =  -1.33319e-03 at=  4.00020e-06
icdacpk             =  -1.77910e-02 at=  1.42529e-05
itrkpk              =  -1.24175e-03 at=  1.41900e-05
isumpk              =  -1.79037e-02 at=  1.42529e-05
icmpav              =  -2.76028e-05 from=  3.00000e-06 to=  1.70000e-05
icdacav             =  -5.47921e-06 from=  3.00000e-06 to=  1.70000e-05
itrkav              =  -1.99123e-07 from=  3.00000e-06 to=  1.70000e-05
isumav              =  -3.32812e-05 from=  3.00000e-06 to=  1.70000e-05
vddm                =  2.97000e+00
m_i_cmp_peak_ua = 1.3331870000e+03
m_i_cdac_peak_ua = 1.7791040000e+04
m_i_trk_peak_ua = 1.2417540000e+03
m_i_vdd_peak_ua = 1.7903730000e+04
m_i_cmp_avg_ua = 2.7602820000e+01
m_i_cdac_avg_ua = 5.4792150000e+00
m_i_trk_avg_ua = 1.9912270000e-01
m_i_vdd_avg_ua = 3.3281160000e+01
m_supply_v = 2.9700000000e+00
Note: Simulation executed from .control section 

Note: Starting dynamic gmin stepping
Note: Dynamic gmin stepping completed
