
Note: No compatibility mode selected!


Circuit: * adc-rail-current @ tt_27c_3.30v -- generated by sim/harness, do not edit

Reducing trtol to 1 for xspice 'A' devices
Doing analysis at TEMP = 27.000000 and TNOM = 27.000000

Using SPARSE 1.3 as Direct Linear Solver

Initial Transient Solution
--------------------------

Node                                   Voltage
----                                   -------
clk                                          0
cmpclk                                       0
cmpclkb                                    3.3
vddt                                       3.3
vddd                                       3.3
vddc                                       3.3
vrefs                                      3.3
vrefn                                      3.3
vcmn                                      1.65
se_vinp                                      0
se_vinn                                   1.65
se_start                                     0
se_mode                                      0
se_cmp                                 1.36609
se_samp_tp_n                                 0
se_sel_in_n                                  0
se_drdy                                    3.3
se_c9                                        0
se_c8                                        0
se_c7                                        0
se_c6                                        0
se_c5                                        0
se_c4                                        0
se_c3                                        0
se_c2                                        0
se_c1                                        0
se_c0                                        0
se_rel_n_256p                              3.3
se_sel_hi_n_256p                             0
se_sel_lo_n_256p                             0
se_rel_n_128p                              3.3
se_sel_hi_n_128p                             0
se_sel_lo_n_128p                             0
se_rel_n_64p                               3.3
se_sel_hi_n_64p                              0
se_sel_lo_n_64p                              0
se_rel_n_32p                               3.3
se_sel_hi_n_32p                              0
se_sel_lo_n_32p                              0
se_rel_n_16p                               3.3
se_sel_hi_n_16p                              0
se_sel_lo_n_16p                              0
se_rel_n_8p                                3.3
se_sel_hi_n_8p                               0
se_sel_lo_n_8p                               0
se_rel_n_4p                                3.3
se_sel_hi_n_4p                               0
se_sel_lo_n_4p                               0
se_rel_n_2p                                3.3
se_sel_hi_n_2p                               0
se_sel_lo_n_2p                               0
se_rel_n_1p                                3.3
se_sel_hi_n_1p                               0
se_sel_lo_n_1p                               0
se_rel_n_256n                              3.3
se_sel_hi_n_256n                             0
se_sel_lo_n_256n                             0
se_rel_n_128n                              3.3
se_sel_hi_n_128n                             0
se_sel_lo_n_128n                             0
se_rel_n_64n                               3.3
se_sel_hi_n_64n                              0
se_sel_lo_n_64n                              0
se_rel_n_32n                               3.3
se_sel_hi_n_32n                              0
se_sel_lo_n_32n                              0
se_rel_n_16n                               3.3
se_sel_hi_n_16n                              0
se_sel_lo_n_16n                              0
se_rel_n_8n                                3.3
se_sel_hi_n_8n                               0
se_sel_lo_n_8n                               0
se_rel_n_4n                                3.3
se_sel_hi_n_4n                               0
se_sel_lo_n_4n                               0
se_rel_n_2n                                3.3
se_sel_hi_n_2n                               0
se_sel_lo_n_2n                               0
se_rel_n_1n                                3.3
se_sel_hi_n_1n                               0
se_sel_lo_n_1n                               0
se_pinp                            1.51584e-09
se_pinn                                   1.65
xsetswp.gp                                 3.3
se_topp                                   1.65
xsetswn.gp                                 3.3
se_topn                                   1.65
xsearrp.x256.bp                           1.65
xsearrp.x256.gp_in                         3.3
xsearrp.x256.gp_rel                1.72047e-09
xsearrp.x256.gp_hi                         3.3
xsearrp.x256.gp_lo                         3.3
xsearrp.x128.bp                           1.65
xsearrp.x128.gp_in                         3.3
xsearrp.x128.gp_rel                1.72047e-09
xsearrp.x128.gp_hi                         3.3
xsearrp.x128.gp_lo                         3.3
xsearrp.x64.bp                            1.65
xsearrp.x64.gp_in                          3.3
xsearrp.x64.gp_rel                 1.72047e-09
xsearrp.x64.gp_hi                          3.3
xsearrp.x64.gp_lo                          3.3
xsearrp.x32.bp                            1.65
xsearrp.x32.gp_in                          3.3
xsearrp.x32.gp_rel                 1.72047e-09
xsearrp.x32.gp_hi                          3.3
xsearrp.x32.gp_lo                          3.3
xsearrp.x16.bp                            1.65
xsearrp.x16.gp_in                          3.3
xsearrp.x16.gp_rel                 1.72047e-09
xsearrp.x16.gp_hi                          3.3
xsearrp.x16.gp_lo                          3.3
xsearrp.x8.bp                             1.65
xsearrp.x8.gp_in                           3.3
xsearrp.x8.gp_rel                  1.72047e-09
xsearrp.x8.gp_hi                           3.3
xsearrp.x8.gp_lo                           3.3
xsearrp.x4.bp                             1.65
xsearrp.x4.gp_in                           3.3
xsearrp.x4.gp_rel                  1.72047e-09
xsearrp.x4.gp_hi                           3.3
xsearrp.x4.gp_lo                           3.3
xsearrp.x2.bp                             1.65
xsearrp.x2.gp_in                           3.3
xsearrp.x2.gp_rel                  1.72047e-09
xsearrp.x2.gp_hi                           3.3
xsearrp.x2.gp_lo                           3.3
xsearrp.x1.bp                             1.65
xsearrp.x1.gp_in                           3.3
xsearrp.x1.gp_rel                  1.72047e-09
xsearrp.x1.gp_hi                           3.3
xsearrp.x1.gp_lo                           3.3
xsearrn.x256.bp                           1.65
xsearrn.x256.gp_in                         3.3
xsearrn.x256.gp_rel                1.72047e-09
xsearrn.x256.gp_hi                         3.3
xsearrn.x256.gp_lo                         3.3
xsearrn.x128.bp                           1.65
xsearrn.x128.gp_in                         3.3
xsearrn.x128.gp_rel                1.72047e-09
xsearrn.x128.gp_hi                         3.3
xsearrn.x128.gp_lo                         3.3
xsearrn.x64.bp                            1.65
xsearrn.x64.gp_in                          3.3
xsearrn.x64.gp_rel                 1.72047e-09
xsearrn.x64.gp_hi                          3.3
xsearrn.x64.gp_lo                          3.3
xsearrn.x32.bp                            1.65
xsearrn.x32.gp_in                          3.3
xsearrn.x32.gp_rel                 1.72047e-09
xsearrn.x32.gp_hi                          3.3
xsearrn.x32.gp_lo                          3.3
xsearrn.x16.bp                            1.65
xsearrn.x16.gp_in                          3.3
xsearrn.x16.gp_rel                 1.72047e-09
xsearrn.x16.gp_hi                          3.3
xsearrn.x16.gp_lo                          3.3
xsearrn.x8.bp                             1.65
xsearrn.x8.gp_in                           3.3
xsearrn.x8.gp_rel                  1.72047e-09
xsearrn.x8.gp_hi                           3.3
xsearrn.x8.gp_lo                           3.3
xsearrn.x4.bp                             1.65
xsearrn.x4.gp_in                           3.3
xsearrn.x4.gp_rel                  1.72047e-09
xsearrn.x4.gp_hi                           3.3
xsearrn.x4.gp_lo                           3.3
xsearrn.x2.bp                             1.65
xsearrn.x2.gp_in                           3.3
xsearrn.x2.gp_rel                  1.72047e-09
xsearrn.x2.gp_hi                           3.3
xsearrn.x2.gp_lo                           3.3
xsearrn.x1.bp                             1.65
xsearrn.x1.gp_in                           3.3
xsearrn.x1.gp_rel                  1.72047e-09
xsearrn.x1.gp_hi                           3.3
xsearrn.x1.gp_lo                           3.3
se_ibias                              0.753672
xsecmp.xpre.ptail                     0.759766
xsecmp.pon                             2.52755
xsecmp.preamp_in1                         1.65
xsecmp.pop                             2.52755
xsecmp.preamp_in2                         1.65
xsecmp.xpre.xrlp.11                    3.29957
xsecmp.xpre.xrlp.21                    2.52799
xsecmp.xpre.xrln.11                    3.29957
xsecmp.xpre.xrln.21                    2.52799
xsecmp.xlat.ltail                      1.87063
xsecmp.xlat.dip                            3.3
xsecmp.xlat.din                            3.3
xsecmp.outn                                3.3
xsecmp.outp                                3.3
xsecmp.sset                        6.32069e-09
xsecmp.srst                        6.32069e-09
xsecmp.xno1.ps                         3.08698
se_cmpb                                1.36609
xsecmp.xno2.ps                         3.08698
se_dacp                            1.11022e-16
se_dacn                            1.11022e-16
se_di                                     1.65
se_err                                     512
se_aerrh                                     0
se_code                                      0
bsecode#branch                               0
bseea#branch                                 0
bsee#branch                                  0
bsedi#branch                                 0
bsedacn#branch                               0
bsedacp#branch                               0
lref#branch                        6.07771e-11
v.xsecmp.vpn#branch               -5.68221e-29
v.xsecmp.vpp#branch               -6.23353e-29
vsemode#branch                               0
vsestart#branch                              0
vsevinn#branch                               0
vseinp#branch                      6.06334e-11
vcms#branch                       -5.90689e-11
vrefs#branch                      -6.07771e-11
vddc#branch                       -0.000614584
vddd#branch                       -5.47667e-10
vddt#branch                          -1.38e-11
vcmpclkb#branch                              0
vcmpclk#branch                               0
vclk#branch                                  0
a.xsectrl.a_gn#branch_1_0                    0
a.xsectrl.a_gn#branch_1_1                    0
a.xsectrl.a_gn#branch_1_2                    0
a.xsectrl.a_gn#branch_1_3                    0
a.xsectrl.a_gn#branch_1_4                    0
a.xsectrl.a_gn#branch_1_5                    0
a.xsectrl.a_gn#branch_1_6                    0
a.xsectrl.a_gn#branch_1_7                    0
a.xsectrl.a_gn#branch_1_8                    0
a.xsectrl.a_gn#branch_1_9                    0
a.xsectrl.a_gn#branch_1_10                   0
a.xsectrl.a_gn#branch_1_11                   0
a.xsectrl.a_gn#branch_1_12                   0
a.xsectrl.a_gn#branch_1_13                   0
a.xsectrl.a_gn#branch_1_14                   0
a.xsectrl.a_gn#branch_1_15                   0
a.xsectrl.a_gn#branch_1_16                   0
a.xsectrl.a_gn#branch_1_17                   0
a.xsectrl.a_gn#branch_1_18                   0
a.xsectrl.a_gn#branch_1_19                   0
a.xsectrl.a_gn#branch_1_20                   0
a.xsectrl.a_gn#branch_1_21                   0
a.xsectrl.a_gn#branch_1_22                   0
a.xsectrl.a_gn#branch_1_23                   0
a.xsectrl.a_gn#branch_1_24                   0
a.xsectrl.a_gn#branch_1_25                   0
a.xsectrl.a_gn#branch_1_26                   0
a.xsectrl.a_gn#branch_1_27                   0
a.xsectrl.a_gn#branch_1_28                   0
a.xsectrl.a_gn#branch_1_29                   0
a.xsectrl.a_gn#branch_1_30                   0
a.xsectrl.a_gn#branch_1_31                   0
a.xsectrl.a_gn#branch_1_32                   0
a.xsectrl.a_gn#branch_1_33                   0
a.xsectrl.a_gn#branch_1_34                   0
a.xsectrl.a_gn#branch_1_35                   0
a.xsectrl.a_gn#branch_1_36                   0
a.xsectrl.a_gn#branch_1_37                   0
a.xsectrl.a_gn#branch_1_38                   0
a.xsectrl.a_gn#branch_1_39                   0
a.xsectrl.a_gn#branch_1_40                   0
a.xsectrl.a_gn#branch_1_41                   0
a.xsectrl.a_gn#branch_1_42                   0
a.xsectrl.a_gn#branch_1_43                   0
a.xsectrl.a_gn#branch_1_44                   0
a.xsectrl.a_gn#branch_1_45                   0
a.xsectrl.a_gn#branch_1_46                   0
a.xsectrl.a_gn#branch_1_47                   0
a.xsectrl.a_gn#branch_1_48                   0
a.xsectrl.a_gn#branch_1_49                   0
a.xsectrl.a_gn#branch_1_50                   0
a.xsectrl.a_gn#branch_1_51                   0
a.xsectrl.a_gn#branch_1_52                   0
a.xsectrl.a_gn#branch_1_53                   0
a.xsectrl.a_dout#branch_1_0                  0
a.xsectrl.a_dout#branch_1_1                  0
a.xsectrl.a_dout#branch_1_2                  0
a.xsectrl.a_dout#branch_1_3                  0
a.xsectrl.a_dout#branch_1_4                  0
a.xsectrl.a_dout#branch_1_5                  0
a.xsectrl.a_dout#branch_1_6                  0
a.xsectrl.a_dout#branch_1_7                  0
a.xsectrl.a_dout#branch_1_8                  0
a.xsectrl.a_dout#branch_1_9                  0
a.xsectrl.a_dout#branch_1_10                 0
a.xsectrl.a_dout#branch_1_11                 0
a.xsectrl.a_dout#branch_1_12                 0

 Reference value :  0.00000e+00
 Reference value :  3.23967e-08
 Reference value :  1.25631e-07
 Reference value :  1.89952e-07
 Reference value :  2.52961e-07
 Reference value :  3.15036e-07
 Reference value :  3.77366e-07
 Reference value :  4.40997e-07
 Reference value :  5.31313e-07
 Reference value :  5.94147e-07
 Reference value :  6.56748e-07
 Reference value :  7.48753e-07
 Reference value :  8.12601e-07
 Reference value :  8.44595e-07
 Reference value :  9.06652e-07
 Reference value :  1.00001e-06
 Reference value :  1.01790e-06
 Reference value :  1.09378e-06
 Reference value :  1.15644e-06
 Reference value :  1.21918e-06
 Reference value :  1.28143e-06
 Reference value :  1.34381e-06
 Reference value :  1.40639e-06
 Reference value :  1.46881e-06
 Reference value :  1.50610e-06
 Reference value :  1.56510e-06
 Reference value :  1.62749e-06
 Reference value :  1.68984e-06
 Reference value :  1.75227e-06
 Reference value :  1.81326e-06
 Reference value :  1.87510e-06
 Reference value :  1.90689e-06
 Reference value :  2.00001e-06
 Reference value :  2.03146e-06
 Reference value :  2.09387e-06
 Reference value :  2.15644e-06
 Reference value :  2.19056e-06
 Reference value :  2.25144e-06
 Reference value :  2.28200e-06
 Reference value :  2.34385e-06
 Reference value :  2.38219e-06
 Reference value :  2.44010e-06
 Reference value :  2.50262e-06
 Reference value :  2.56308e-06
 Reference value :  2.62538e-06
 Reference value :  2.68753e-06
 Reference value :  2.71975e-06
 Reference value :  2.78151e-06
 Reference value :  2.84385e-06
 Reference value :  2.87731e-06
 Reference value :  2.93776e-06
 Reference value :  3.00260e-06
 Reference value :  3.06264e-06
 Reference value :  3.12534e-06
 Reference value :  3.18805e-06
 Reference value :  3.25014e-06
 Reference value :  3.28185e-06
 Reference value :  3.34383e-06
 Reference value :  3.37947e-06
 Reference value :  3.44000e-06
 Reference value :  3.50055e-06
 Reference value :  3.56270e-06
 Reference value :  3.62367e-06
 Reference value :  3.65646e-06
 Reference value :  3.71881e-06
 Reference value :  3.78128e-06
 Reference value :  3.82281e-06
 Reference value :  3.87734e-06
 Reference value :  3.93761e-06
 Reference value :  4.00026e-06
 Reference value :  4.03133e-06
 Reference value :  4.09380e-06
 Reference value :  4.15635e-06
 Reference value :  4.19007e-06
 Reference value :  4.25280e-06
 Reference value :  4.31270e-06
 Reference value :  4.34571e-06
 Reference value :  4.40633e-06
 Reference value :  4.44215e-06
 Reference value :  4.50242e-06
 Reference value :  4.56271e-06
 Reference value :  4.62501e-06
 Reference value :  4.66944e-06
 Reference value :  4.71959e-06
 Reference value :  4.78152e-06
 Reference value :  4.84386e-06
 Reference value :  4.87727e-06
 Reference value :  4.93760e-06
 Reference value :  5.00049e-06
 Reference value :  5.06120e-06
 Reference value :  5.12513e-06
 Reference value :  5.18768e-06
 Reference value :  5.25042e-06
 Reference value :  5.31490e-06
 Reference value :  5.37262e-06
 Reference value :  5.40675e-06
 Reference value :  5.46877e-06
 Reference value :  5.50387e-06
 Reference value :  5.56486e-06
 Reference value :  5.62546e-06
 Reference value :  5.68772e-06
 Reference value :  5.75229e-06
 Reference value :  5.81484e-06
 Reference value :  5.87539e-06
 Reference value :  5.93760e-06
 Reference value :  6.00018e-06
 Reference value :  6.03202e-06
 Reference value :  6.12516e-06
 Reference value :  6.18770e-06
 Reference value :  6.23432e-06
 Reference value :  6.28145e-06
 Reference value :  6.31707e-06
 Reference value :  6.37541e-06
 Reference value :  6.40709e-06
 Reference value :  6.46881e-06
 Reference value :  6.50271e-06
 Reference value :  6.56478e-06
 Reference value :  6.62520e-06
 Reference value :  6.68921e-06
 Reference value :  6.75247e-06
 Reference value :  6.81500e-06
 Reference value :  6.87559e-06
 Reference value :  6.93808e-06
 Reference value :  7.00252e-06
 Reference value :  7.06270e-06
 Reference value :  7.15627e-06
 Reference value :  7.19900e-06
 Reference value :  7.28130e-06
 Reference value :  7.31499e-06
 Reference value :  7.37503e-06
 Reference value :  7.40690e-06
 Reference value :  7.46900e-06
 Reference value :  7.53142e-06
 Reference value :  7.59387e-06
 Reference value :  7.63262e-06
 Reference value :  7.69894e-06
 Reference value :  7.75274e-06
 Reference value :  7.81486e-06
 Reference value :  7.87744e-06
 Reference value :  7.93796e-06
 Reference value :  8.00115e-06
 Reference value :  8.03172e-06
 Reference value :  8.10660e-06
 Reference value :  8.18753e-06
 Reference value :  8.25006e-06
 Reference value :  8.28181e-06
 Reference value :  8.34387e-06
 Reference value :  8.38357e-06
 Reference value :  8.43999e-06
 Reference value :  8.50115e-06
 Reference value :  8.56324e-06
 Reference value :  8.62546e-06
 Reference value :  8.68768e-06
 Reference value :  8.75007e-06
 Reference value :  8.78152e-06
 Reference value :  8.84380e-06
 Reference value :  8.87766e-06
 Reference value :  8.93791e-06
 Reference value :  9.00227e-06
 Reference value :  9.03208e-06
 Reference value :  9.09434e-06
 Reference value :  9.15685e-06
 Reference value :  9.21882e-06
 Reference value :  9.25291e-06
 Reference value :  9.31294e-06
 Reference value :  9.34443e-06
 Reference value :  9.40628e-06
 Reference value :  9.44007e-06
 Reference value :  9.50052e-06
 Reference value :  9.54415e-06
 Reference value :  9.59383e-06
 Reference value :  9.62773e-06
 Reference value :  9.68977e-06
 Reference value :  9.75020e-06
 Reference value :  9.78497e-06
 Reference value :  9.84395e-06
 Reference value :  9.88082e-06
 Reference value :  9.94029e-06
 Reference value :  1.00025e-05
 Reference value :  1.00625e-05
 Reference value :  1.01251e-05
 Reference value :  1.01876e-05
 Reference value :  1.02193e-05
 Reference value :  1.02814e-05
 Reference value :  1.03153e-05
 Reference value :  1.03755e-05
 Reference value :  1.04376e-05
 Reference value :  1.04721e-05
 Reference value :  1.05313e-05
 Reference value :  1.05658e-05
 Reference value :  1.06273e-05
 Reference value :  1.06878e-05
 Reference value :  1.07501e-05
 Reference value :  1.07823e-05
 Reference value :  1.08439e-05
 Reference value :  1.09045e-05
 Reference value :  1.09688e-05
 Reference value :  1.10025e-05
 Reference value :  1.10626e-05
 Reference value :  1.11259e-05
 Reference value :  1.11901e-05
 Reference value :  1.12529e-05
 Reference value :  1.13151e-05
 Reference value :  1.13774e-05
 Reference value :  1.14377e-05
 Reference value :  1.15002e-05
 Reference value :  1.15316e-05
 Reference value :  1.15938e-05
 Reference value :  1.16290e-05
 Reference value :  1.16900e-05
 Reference value :  1.17506e-05
 Reference value :  1.18129e-05
 Reference value :  1.18751e-05
 Reference value :  1.19064e-05
 Reference value :  1.19690e-05
 Reference value :  1.20029e-05
 Reference value :  1.20628e-05
 Reference value :  1.21254e-05
 Reference value :  1.21880e-05
 Reference value :  1.22501e-05
 Reference value :  1.22815e-05
 Reference value :  1.23256e-05
 Reference value :  1.23773e-05
 Reference value :  1.24376e-05
 Reference value :  1.24690e-05
 Reference value :  1.25313e-05
 Reference value :  1.25651e-05
 Reference value :  1.26256e-05
 Reference value :  1.26877e-05
 Reference value :  1.27500e-05
 Reference value :  1.27817e-05
 Reference value :  1.28438e-05
 Reference value :  1.28826e-05
 Reference value :  1.29688e-05
 Reference value :  1.30025e-05
 Reference value :  1.30538e-05
 Reference value :  1.31250e-05
 Reference value :  1.31875e-05
 Reference value :  1.32192e-05
 Reference value :  1.32813e-05
 Reference value :  1.33151e-05
 Reference value :  1.33752e-05
 Reference value :  1.34067e-05
 Reference value :  1.34688e-05
 Reference value :  1.35165e-05
 Reference value :  1.35650e-05
 Reference value :  1.36254e-05
 Reference value :  1.36656e-05
 Reference value :  1.37189e-05
 Reference value :  1.37813e-05
 Reference value :  1.38153e-05
 Reference value :  1.38774e-05
 Reference value :  1.39379e-05
 Reference value :  1.40006e-05
 Reference value :  1.40320e-05
 Reference value :  1.41254e-05
 Reference value :  1.41898e-05
 Reference value :  1.42506e-05
 Reference value :  1.43126e-05
 Reference value :  1.43751e-05
 Reference value :  1.44066e-05
 Reference value :  1.44688e-05
 Reference value :  1.45314e-05
 Reference value :  1.45939e-05
 Reference value :  1.46563e-05
 Reference value :  1.47190e-05
 Reference value :  1.47863e-05
 Reference value :  1.48441e-05
 Reference value :  1.49063e-05
 Reference value :  1.49698e-05
 Reference value :  1.50280e-05
 Reference value :  1.50938e-05
 Reference value :  1.51580e-05
 Reference value :  1.52217e-05
 Reference value :  1.53127e-05
 Reference value :  1.53755e-05
 Reference value :  1.54399e-05
 Reference value :  1.55020e-05
 Reference value :  1.55648e-05
 Reference value :  1.56255e-05
 Reference value :  1.56875e-05
 Reference value :  1.57502e-05
 Reference value :  1.58148e-05
 Reference value :  1.58773e-05
 Reference value :  1.59398e-05
 Reference value :  1.60025e-05
 Reference value :  1.60625e-05
 Reference value :  1.61300e-05
 Reference value :  1.61900e-05
 Reference value :  1.62502e-05
 Reference value :  1.63128e-05
 Reference value :  1.63757e-05
 Reference value :  1.64398e-05
 Reference value :  1.65006e-05
 Reference value :  1.65629e-05
 Reference value :  1.66252e-05
 Reference value :  1.66713e-05
 Reference value :  1.67189e-05
 Reference value :  1.67814e-05
 Reference value :  1.68438e-05
 Reference value :  1.68775e-05
 Reference value :  1.69380e-05
No. of Data Rows : 42237
icmppk              =  -1.71208e-03 at=  4.00020e-06
icdacpk             =  -2.24807e-02 at=  6.00288e-06
itrkpk              =  -1.57117e-03 at=  9.18998e-06
isumpk              =  -2.25582e-02 at=  6.00288e-06
icmpav              =  -2.81588e-05 from=  3.00000e-06 to=  1.70000e-05
icdacav             =  -6.39880e-06 from=  3.00000e-06 to=  1.70000e-05
itrkav              =  -2.34241e-07 from=  3.00000e-06 to=  1.70000e-05
isumav              =  -3.47918e-05 from=  3.00000e-06 to=  1.70000e-05
vddm                =  3.30000e+00
m_i_cmp_peak_ua = 1.7120850000e+03
m_i_cdac_peak_ua = 2.2480670000e+04
m_i_trk_peak_ua = 1.5711700000e+03
m_i_vdd_peak_ua = 2.2558160000e+04
m_i_cmp_avg_ua = 2.8158770000e+01
m_i_cdac_avg_ua = 6.3988020000e+00
m_i_trk_avg_ua = 2.3424140000e-01
m_i_vdd_avg_ua = 3.4791810000e+01
m_supply_v = 3.3000000000e+00
Note: Simulation executed from .control section 

Note: Starting dynamic gmin stepping
Note: Dynamic gmin stepping completed
