
Note: Compatibility modes selected: hs a


Circuit: * device-comparator-flicker-noise @ ff_-40c_3.63v -- generated by sim/harness, do not edit

Doing analysis at TEMP = -40.000000 and TNOM = 27.000000

Using SPARSE 1.3 as Direct Linear Solver

No. of Data Rows : 181

No. of Data Rows : 1
Doing analysis at TEMP = -40.000000 and TNOM = 27.000000

Using SPARSE 1.3 as Direct Linear Solver

No. of Data Rows : 181

No. of Data Rows : 1
Doing analysis at TEMP = -40.000000 and TNOM = 27.000000

Using SPARSE 1.3 as Direct Linear Solver

No. of Data Rows : 181

No. of Data Rows : 1
Reset re-loads circuit * device-comparator-flicker-noise @ ff_-40c_3.63v -- generated by sim/harness, do not edit

Circuit: * device-comparator-flicker-noise @ ff_-40c_3.63v -- generated by sim/harness, do not edit

Doing analysis at TEMP = -40.000000 and TNOM = 27.000000

Using SPARSE 1.3 as Direct Linear Solver

No. of Data Rows : 181

No. of Data Rows : 1
Doing analysis at TEMP = -40.000000 and TNOM = 27.000000

Using SPARSE 1.3 as Direct Linear Solver

No. of Data Rows : 181

No. of Data Rows : 1
Doing analysis at TEMP = -40.000000 and TNOM = 27.000000

Using SPARSE 1.3 as Direct Linear Solver

No. of Data Rows : 181

No. of Data Rows : 1
Reset re-loads circuit * device-comparator-flicker-noise @ ff_-40c_3.63v -- generated by sim/harness, do not edit

Circuit: * device-comparator-flicker-noise @ ff_-40c_3.63v -- generated by sim/harness, do not edit

Doing analysis at TEMP = -40.000000 and TNOM = 27.000000

Using SPARSE 1.3 as Direct Linear Solver

No. of Data Rows : 181

No. of Data Rows : 1
Doing analysis at TEMP = -40.000000 and TNOM = 27.000000

Using SPARSE 1.3 as Direct Linear Solver

No. of Data Rows : 181

No. of Data Rows : 1
Doing analysis at TEMP = -40.000000 and TNOM = 27.000000

Using SPARSE 1.3 as Direct Linear Solver

No. of Data Rows : 181

No. of Data Rows : 1
m_vn_n_1hz_nv = 2.6955811748e+03
m_vn_n_1khz_nv = 1.0155181386e+02
m_vn_n_1mhz_nv = 7.9760412247e+00
m_vn_p_1hz_nv = 2.3225040905e+03
m_vn_p_1khz_nv = 4.9042509648e+01
m_vn_nbig_1hz_nv = 1.3141002297e+03
m_vn_n_1hz_worst_nv = 8.9141786667e+03
m_vn_p_1hz_worst_nv = 8.1932917791e+03
m_vn_n_th_nv = 7.0085293779e+00
m_vn_p_th_nv = 7.1142409641e+00
m_vn_nbig_th_nv = 8.0622527648e+00
m_th_flatness_n = 1.0000003410e+00
m_fc_n_hz = 1.4792822058e+05
m_fc_p_hz = 1.0657512071e+05
m_fc_nbig_hz = 2.6567100745e+04
m_fc_n_worst_hz = 1.6177405536e+06
m_fc_p_worst_hz = 1.3263547606e+06
m_flicker_area_ratio = 2.0512751721e+00
m_fnoicor_power_ratio_n = 1.0935983325e+01
m_fnoicor_power_ratio_p = 1.2445256939e+01
m_flicker_slope_pow_dec = 9.4930981987e-01
Note: Simulation executed from .control section 

Warning: m=xx on .subckt line will override multiplier m hierarchy!

