
Note: No compatibility mode selected!


Circuit: * comparator-kickback @ fs_27c_3.63v -- generated by sim/harness, do not edit

Doing analysis at TEMP = 27.000000 and TNOM = 27.000000

Using SPARSE 1.3 as Direct Linear Solver

Initial Transient Solution
--------------------------

Node                                   Voltage
----                                   -------
vdd                                       3.63
clk                                          0
sa_p                                   1.65081
sa_n                                   1.64919
tpa                                    1.65081
tna                                    1.64919
ibna                                  0.672098
xa.xpre.ptail                         0.828014
xa.pon                                 2.84148
xa.preamp_in1                          1.65081
xa.pop                                 2.86722
xa.preamp_in2                          1.64919
xa.xpre.xrlp.11                        3.62957
xa.xpre.xrlp.21                        2.86765
xa.xpre.xrln.11                        3.62956
xa.xpre.xrln.21                        2.84192
xa.xlat.ltail                          2.20569
xa.xlat.dip                               3.63
xa.xlat.din                               3.63
xa.outn                                   3.63
xa.outp                                   3.63
xa.sset                            6.51507e-09
xa.srst                            6.51507e-09
xa.xno1.ps                                3.63
douta                               1.9708e-09
doutba                                    3.63
xa.xno2.ps                                3.63
sb_p                                       1.7
sb_n                                       1.6
tpb                                        1.7
tnb                                        1.6
ibnb                                  0.672098
xb.xpre.ptail                         0.843691
xb.pon                                 2.23506
xb.preamp_in1                              1.7
xb.pop                                 3.47281
xb.preamp_in2                              1.6
xb.xpre.xrlp.11                        3.62991
xb.xpre.xrlp.21                         3.4729
xb.xpre.xrln.11                        3.62922
xb.xpre.xrln.21                        2.23584
xb.xlat.ltail                          2.70669
xb.xlat.dip                               3.63
xb.xlat.din                               3.63
xb.outn                                   3.63
xb.outp                                   3.63
xb.sset                            6.51507e-09
xb.srst                            6.51507e-09
xb.xno1.ps                                3.63
doutb                               1.9708e-09
doutbb                                    3.63
xb.xno2.ps                                3.63
dan                                5.42919e-10
dbn                                5.42919e-10
bdbn#branch                                  0
bdan#branch                                  0
v.xb.vpn#branch                              0
v.xb.vpp#branch                              0
vsb_n#branch                                 0
vsb_p#branch                                 0
v.xa.vpn#branch                              0
v.xa.vpp#branch                              0
vsa_n#branch                                 0
vsa_p#branch                                 0
vclk#branch                                  0
vsup#branch                       -4.00923e-05


No. of Data Rows : 527
ap0                 =  1.65081e+00
an0                 =  1.64919e+00
ap1                 =  1.65081e+00
an1                 =  1.64920e+00
apmin               =  1.65038e+00 at=  1.04415e-08
bp0                 =  1.70000e+00
bn0                 =  1.60000e+00
bp1                 =  1.70000e+00
bn1                 =  1.60000e+00
va_end              =  1.00000e+00
vb_end              =  1.00000e+00
m_kick_diff_small_uv = 0.0000000000e+00
m_kick_diff_big_uv = 0.0000000000e+00
m_kick_cm_small_uv = 1.0000000001e+00
m_kick_cm_big_uv = 1.0000000001e+00
m_kick_sigdep_uv = 0.0000000000e+00
m_kick_sigdep_lsb = 0.0000000000e+00
m_kick_diff_small_lsb = 0.0000000000e+00
m_peak_dip_uv = 4.2500000000e+02
m_q_diff_small_fc = 0.0000000000e+00
m_dout_small_end = 1.0000000000e+00
m_dout_big_end = 1.0000000000e+00
Note: Simulation executed from .control section 

