
Note: No compatibility mode selected!


Circuit: * comparator-kickback @ ss_27c_3.63v -- generated by sim/harness, do not edit

Doing analysis at TEMP = 27.000000 and TNOM = 27.000000

Using SPARSE 1.3 as Direct Linear Solver

Initial Transient Solution
--------------------------

Node                                   Voltage
----                                   -------
vdd                                       3.63
clk                                          0
sa_p                                   1.65081
sa_n                                   1.64919
tpa                                    1.65081
tna                                    1.64919
ibna                                  0.866486
xa.xpre.ptail                         0.666442
xa.pon                                 2.69326
xa.preamp_in1                          1.65081
xa.pop                                 2.72272
xa.preamp_in2                          1.64919
xa.xpre.xrlp.11                        3.62958
xa.xpre.xrlp.21                        2.72315
xa.xpre.xrln.11                        3.62956
xa.xpre.xrln.21                         2.6937
xa.xlat.ltail                            1.919
xa.xlat.dip                               3.63
xa.xlat.din                               3.63
xa.outn                                   3.63
xa.outp                                   3.63
xa.sset                            7.36113e-09
xa.srst                            7.36113e-09
xa.xno1.ps                              3.4124
douta                                  1.51704
doutba                                 1.51704
xa.xno2.ps                              3.4124
sb_p                                       1.7
sb_n                                       1.6
tpb                                        1.7
tnb                                        1.6
ibnb                                  0.866486
xb.xpre.ptail                          0.68111
xb.pon                                  1.9865
xb.preamp_in1                              1.7
xb.pop                                 3.42819
xb.preamp_in2                              1.6
xb.xpre.xrlp.11                        3.62991
xb.xpre.xrlp.21                        3.42829
xb.xpre.xrln.11                        3.62923
xb.xpre.xrln.21                        1.98727
xb.xlat.ltail                          2.49293
xb.xlat.dip                               3.63
xb.xlat.din                               3.63
xb.outn                                   3.63
xb.outp                                   3.63
xb.sset                            7.36113e-09
xb.srst                            7.36113e-09
xb.xno1.ps                              3.4124
doutb                                  1.51704
doutbb                                 1.51704
xb.xno2.ps                              3.4124
dan                                   0.417917
dbn                                   0.417917
bdbn#branch                                  0
bdan#branch                                  0
v.xb.vpn#branch                              0
v.xb.vpp#branch                              0
vsb_n#branch                                 0
vsb_p#branch                                 0
v.xa.vpn#branch                              0
v.xa.vpp#branch                              0
vsa_n#branch                                 0
vsa_p#branch                                 0
vclk#branch                                  0
vsup#branch                        -0.00121107


No. of Data Rows : 535
ap0                 =  1.65081e+00
an0                 =  1.64919e+00
ap1                 =  1.65081e+00
an1                 =  1.64920e+00
apmin               =  1.65032e+00 at=  1.05380e-08
bp0                 =  1.70000e+00
bn0                 =  1.60000e+00
bp1                 =  1.70001e+00
bn1                 =  1.60001e+00
va_end              =  1.00000e+00
vb_end              =  1.00000e+00
m_kick_diff_small_uv = 2.2204460493e-10
m_kick_diff_big_uv = 1.0000000004e+00
m_kick_cm_small_uv = 5.0000000000e+00
m_kick_cm_big_uv = 5.5000000001e+00
m_kick_sigdep_uv = 1.0000000001e+00
m_kick_sigdep_lsb = 3.1029881780e-04
m_kick_diff_small_lsb = 6.8900178399e-14
m_peak_dip_uv = 4.8600000000e+02
m_q_diff_small_fc = 1.9606538615e-12
m_dout_small_end = 1.0000000000e+00
m_dout_big_end = 1.0000000000e+00
Note: Simulation executed from .control section 

Note: Starting dynamic gmin stepping
Note: Dynamic gmin stepping completed
