
Note: No compatibility mode selected!


Circuit: * timing-budget-closure @ tt_27c_2.97v -- generated by sim/harness, do not edit

Reducing trtol to 1 for xspice 'A' devices
Doing analysis at TEMP = 27.000000 and TNOM = 27.000000

Using SPARSE 1.3 as Direct Linear Solver

Initial Transient Solution
--------------------------

Node                                   Voltage
----                                   -------
clk_r1                                       0
clk_r2                                       0
r1_l0_start                                  0
r1_l0_mode                                   0
r1_l0_cmpo                                2.97
r1_l0_samp_tp_n                              0
r1_l0_sel_in_n                               0
r1_l0_drdy                                2.97
r1_l0_c9                                     0
r1_l0_c8                                     0
r1_l0_c7                                     0
r1_l0_c6                                     0
r1_l0_c5                                     0
r1_l0_c4                                     0
r1_l0_c3                                     0
r1_l0_c2                                     0
r1_l0_c1                                     0
r1_l0_c0                                     0
r1_l0_rel_n_256p                          2.97
r1_l0_sel_hi_n_256p                          0
r1_l0_sel_lo_n_256p                          0
r1_l0_rel_n_128p                          2.97
r1_l0_sel_hi_n_128p                          0
r1_l0_sel_lo_n_128p                          0
r1_l0_rel_n_64p                           2.97
r1_l0_sel_hi_n_64p                           0
r1_l0_sel_lo_n_64p                           0
r1_l0_rel_n_32p                           2.97
r1_l0_sel_hi_n_32p                           0
r1_l0_sel_lo_n_32p                           0
r1_l0_rel_n_16p                           2.97
r1_l0_sel_hi_n_16p                           0
r1_l0_sel_lo_n_16p                           0
r1_l0_rel_n_8p                            2.97
r1_l0_sel_hi_n_8p                            0
r1_l0_sel_lo_n_8p                            0
r1_l0_rel_n_4p                            2.97
r1_l0_sel_hi_n_4p                            0
r1_l0_sel_lo_n_4p                            0
r1_l0_rel_n_2p                            2.97
r1_l0_sel_hi_n_2p                            0
r1_l0_sel_lo_n_2p                            0
r1_l0_rel_n_1p                            2.97
r1_l0_sel_hi_n_1p                            0
r1_l0_sel_lo_n_1p                            0
r1_l0_rel_n_256n                          2.97
r1_l0_sel_hi_n_256n                          0
r1_l0_sel_lo_n_256n                          0
r1_l0_rel_n_128n                          2.97
r1_l0_sel_hi_n_128n                          0
r1_l0_sel_lo_n_128n                          0
r1_l0_rel_n_64n                           2.97
r1_l0_sel_hi_n_64n                           0
r1_l0_sel_lo_n_64n                           0
r1_l0_rel_n_32n                           2.97
r1_l0_sel_hi_n_32n                           0
r1_l0_sel_lo_n_32n                           0
r1_l0_rel_n_16n                           2.97
r1_l0_sel_hi_n_16n                           0
r1_l0_sel_lo_n_16n                           0
r1_l0_rel_n_8n                            2.97
r1_l0_sel_hi_n_8n                            0
r1_l0_sel_lo_n_8n                            0
r1_l0_rel_n_4n                            2.97
r1_l0_sel_hi_n_4n                            0
r1_l0_sel_lo_n_4n                            0
r1_l0_rel_n_2n                            2.97
r1_l0_sel_hi_n_2n                            0
r1_l0_sel_lo_n_2n                            0
r1_l0_rel_n_1n                            2.97
r1_l0_sel_hi_n_1n                            0
r1_l0_sel_lo_n_1n                            0
r1_l0_vinp                             1.47122
r1_l0_shp                              1.47122
r1_l0_vinn                               1.485
r1_l0_shn                                1.485
r1_l0_sampd                                  0
r1_l0_shxp                             1.47122
r1_l0_shxn                               1.485
r1_l0_topip                            1.49878
r1_l0_topin                              1.485
r1_l0_topp                             1.49878
r1_l0_topn                               1.485
r1_l0_cmpi                                2.97
r1_l0_code                                   0
r1_l0_conf                                   0
r1_l0_nside                                  0
r1_l0_acq                                    0
r1_l0_iso                                    0
r1_l0_exp                                  507
r1_l0_err                                 -507
r1_l0_aerr                                 507
r1_l10_start                                 0
r1_l10_mode                                  0
r1_l10_cmpo                               2.97
r1_l10_samp_tp_n                             0
r1_l10_sel_in_n                              0
r1_l10_drdy                               2.97
r1_l10_c9                                    0
r1_l10_c8                                    0
r1_l10_c7                                    0
r1_l10_c6                                    0
r1_l10_c5                                    0
r1_l10_c4                                    0
r1_l10_c3                                    0
r1_l10_c2                                    0
r1_l10_c1                                    0
r1_l10_c0                                    0
r1_l10_rel_n_256p                         2.97
r1_l10_sel_hi_n_256p                         0
r1_l10_sel_lo_n_256p                         0
r1_l10_rel_n_128p                         2.97
r1_l10_sel_hi_n_128p                         0
r1_l10_sel_lo_n_128p                         0
r1_l10_rel_n_64p                          2.97
r1_l10_sel_hi_n_64p                          0
r1_l10_sel_lo_n_64p                          0
r1_l10_rel_n_32p                          2.97
r1_l10_sel_hi_n_32p                          0
r1_l10_sel_lo_n_32p                          0
r1_l10_rel_n_16p                          2.97
r1_l10_sel_hi_n_16p                          0
r1_l10_sel_lo_n_16p                          0
r1_l10_rel_n_8p                           2.97
r1_l10_sel_hi_n_8p                           0
r1_l10_sel_lo_n_8p                           0
r1_l10_rel_n_4p                           2.97
r1_l10_sel_hi_n_4p                           0
r1_l10_sel_lo_n_4p                           0
r1_l10_rel_n_2p                           2.97
r1_l10_sel_hi_n_2p                           0
r1_l10_sel_lo_n_2p                           0
r1_l10_rel_n_1p                           2.97
r1_l10_sel_hi_n_1p                           0
r1_l10_sel_lo_n_1p                           0
r1_l10_rel_n_256n                         2.97
r1_l10_sel_hi_n_256n                         0
r1_l10_sel_lo_n_256n                         0
r1_l10_rel_n_128n                         2.97
r1_l10_sel_hi_n_128n                         0
r1_l10_sel_lo_n_128n                         0
r1_l10_rel_n_64n                          2.97
r1_l10_sel_hi_n_64n                          0
r1_l10_sel_lo_n_64n                          0
r1_l10_rel_n_32n                          2.97
r1_l10_sel_hi_n_32n                          0
r1_l10_sel_lo_n_32n                          0
r1_l10_rel_n_16n                          2.97
r1_l10_sel_hi_n_16n                          0
r1_l10_sel_lo_n_16n                          0
r1_l10_rel_n_8n                           2.97
r1_l10_sel_hi_n_8n                           0
r1_l10_sel_lo_n_8n                           0
r1_l10_rel_n_4n                           2.97
r1_l10_sel_hi_n_4n                           0
r1_l10_sel_lo_n_4n                           0
r1_l10_rel_n_2n                           2.97
r1_l10_sel_hi_n_2n                           0
r1_l10_sel_lo_n_2n                           0
r1_l10_rel_n_1n                           2.97
r1_l10_sel_hi_n_1n                           0
r1_l10_sel_lo_n_1n                           0
r1_l10_vinp                            1.47122
r1_l10_shp                             1.47122
r1_l10_vinn                              1.485
r1_l10_shn                               1.485
r1_l10_sampd                                 0
r1_l10_shxp                            1.47122
r1_l10_shxn                              1.485
r1_l10_topip                           1.49878
r1_l10_topin                             1.485
r1_l10_topp                            1.49878
r1_l10_topn                              1.485
r1_l10_cmpi                               2.97
r1_l10_code                                  0
r1_l10_conf                                  0
r1_l10_nside                                 0
r1_l10_acq                                   0
r1_l10_iso                                   0
r1_l10_exp                                 507
r1_l10_err                                -507
r1_l10_aerr                                507
r1_l25_start                                 0
r1_l25_mode                                  0
r1_l25_cmpo                               2.97
r1_l25_samp_tp_n                             0
r1_l25_sel_in_n                              0
r1_l25_drdy                               2.97
r1_l25_c9                                    0
r1_l25_c8                                    0
r1_l25_c7                                    0
r1_l25_c6                                    0
r1_l25_c5                                    0
r1_l25_c4                                    0
r1_l25_c3                                    0
r1_l25_c2                                    0
r1_l25_c1                                    0
r1_l25_c0                                    0
r1_l25_rel_n_256p                         2.97
r1_l25_sel_hi_n_256p                         0
r1_l25_sel_lo_n_256p                         0
r1_l25_rel_n_128p                         2.97
r1_l25_sel_hi_n_128p                         0
r1_l25_sel_lo_n_128p                         0
r1_l25_rel_n_64p                          2.97
r1_l25_sel_hi_n_64p                          0
r1_l25_sel_lo_n_64p                          0
r1_l25_rel_n_32p                          2.97
r1_l25_sel_hi_n_32p                          0
r1_l25_sel_lo_n_32p                          0
r1_l25_rel_n_16p                          2.97
r1_l25_sel_hi_n_16p                          0
r1_l25_sel_lo_n_16p                          0
r1_l25_rel_n_8p                           2.97
r1_l25_sel_hi_n_8p                           0
r1_l25_sel_lo_n_8p                           0
r1_l25_rel_n_4p                           2.97
r1_l25_sel_hi_n_4p                           0
r1_l25_sel_lo_n_4p                           0
r1_l25_rel_n_2p                           2.97
r1_l25_sel_hi_n_2p                           0
r1_l25_sel_lo_n_2p                           0
r1_l25_rel_n_1p                           2.97
r1_l25_sel_hi_n_1p                           0
r1_l25_sel_lo_n_1p                           0
r1_l25_rel_n_256n                         2.97
r1_l25_sel_hi_n_256n                         0
r1_l25_sel_lo_n_256n                         0
r1_l25_rel_n_128n                         2.97
r1_l25_sel_hi_n_128n                         0
r1_l25_sel_lo_n_128n                         0
r1_l25_rel_n_64n                          2.97
r1_l25_sel_hi_n_64n                          0
r1_l25_sel_lo_n_64n                          0
r1_l25_rel_n_32n                          2.97
r1_l25_sel_hi_n_32n                          0
r1_l25_sel_lo_n_32n                          0
r1_l25_rel_n_16n                          2.97
r1_l25_sel_hi_n_16n                          0
r1_l25_sel_lo_n_16n                          0
r1_l25_rel_n_8n                           2.97
r1_l25_sel_hi_n_8n                           0
r1_l25_sel_lo_n_8n                           0
r1_l25_rel_n_4n                           2.97
r1_l25_sel_hi_n_4n                           0
r1_l25_sel_lo_n_4n                           0
r1_l25_rel_n_2n                           2.97
r1_l25_sel_hi_n_2n                           0
r1_l25_sel_lo_n_2n                           0
r1_l25_rel_n_1n                           2.97
r1_l25_sel_hi_n_1n                           0
r1_l25_sel_lo_n_1n                           0
r1_l25_vinp                            1.47122
r1_l25_shp                             1.47122
r1_l25_vinn                              1.485
r1_l25_shn                               1.485
r1_l25_sampd                                 0
r1_l25_shxp                            1.47122
r1_l25_shxn                              1.485
r1_l25_topip                           1.49878
r1_l25_topin                             1.485
r1_l25_topp                            1.49878
r1_l25_topn                              1.485
r1_l25_cmpi                               2.97
r1_l25_code                                  0
r1_l25_conf                                  0
r1_l25_nside                                 0
r1_l25_acq                                   0
r1_l25_iso                                   0
r1_l25_exp                                 507
r1_l25_err                                -507
r1_l25_aerr                                507
r1_l55_start                                 0
r1_l55_mode                                  0
r1_l55_cmpo                               2.97
r1_l55_samp_tp_n                             0
r1_l55_sel_in_n                              0
r1_l55_drdy                               2.97
r1_l55_c9                                    0
r1_l55_c8                                    0
r1_l55_c7                                    0
r1_l55_c6                                    0
r1_l55_c5                                    0
r1_l55_c4                                    0
r1_l55_c3                                    0
r1_l55_c2                                    0
r1_l55_c1                                    0
r1_l55_c0                                    0
r1_l55_rel_n_256p                         2.97
r1_l55_sel_hi_n_256p                         0
r1_l55_sel_lo_n_256p                         0
r1_l55_rel_n_128p                         2.97
r1_l55_sel_hi_n_128p                         0
r1_l55_sel_lo_n_128p                         0
r1_l55_rel_n_64p                          2.97
r1_l55_sel_hi_n_64p                          0
r1_l55_sel_lo_n_64p                          0
r1_l55_rel_n_32p                          2.97
r1_l55_sel_hi_n_32p                          0
r1_l55_sel_lo_n_32p                          0
r1_l55_rel_n_16p                          2.97
r1_l55_sel_hi_n_16p                          0
r1_l55_sel_lo_n_16p                          0
r1_l55_rel_n_8p                           2.97
r1_l55_sel_hi_n_8p                           0
r1_l55_sel_lo_n_8p                           0
r1_l55_rel_n_4p                           2.97
r1_l55_sel_hi_n_4p                           0
r1_l55_sel_lo_n_4p                           0
r1_l55_rel_n_2p                           2.97
r1_l55_sel_hi_n_2p                           0
r1_l55_sel_lo_n_2p                           0
r1_l55_rel_n_1p                           2.97
r1_l55_sel_hi_n_1p                           0
r1_l55_sel_lo_n_1p                           0
r1_l55_rel_n_256n                         2.97
r1_l55_sel_hi_n_256n                         0
r1_l55_sel_lo_n_256n                         0
r1_l55_rel_n_128n                         2.97
r1_l55_sel_hi_n_128n                         0
r1_l55_sel_lo_n_128n                         0
r1_l55_rel_n_64n                          2.97
r1_l55_sel_hi_n_64n                          0
r1_l55_sel_lo_n_64n                          0
r1_l55_rel_n_32n                          2.97
r1_l55_sel_hi_n_32n                          0
r1_l55_sel_lo_n_32n                          0
r1_l55_rel_n_16n                          2.97
r1_l55_sel_hi_n_16n                          0
r1_l55_sel_lo_n_16n                          0
r1_l55_rel_n_8n                           2.97
r1_l55_sel_hi_n_8n                           0
r1_l55_sel_lo_n_8n                           0
r1_l55_rel_n_4n                           2.97
r1_l55_sel_hi_n_4n                           0
r1_l55_sel_lo_n_4n                           0
r1_l55_rel_n_2n                           2.97
r1_l55_sel_hi_n_2n                           0
r1_l55_sel_lo_n_2n                           0
r1_l55_rel_n_1n                           2.97
r1_l55_sel_hi_n_1n                           0
r1_l55_sel_lo_n_1n                           0
r1_l55_vinp                            1.47122
r1_l55_shp                             1.47122
r1_l55_vinn                              1.485
r1_l55_shn                               1.485
r1_l55_sampd                                 0
r1_l55_shxp                            1.47122
r1_l55_shxn                              1.485
r1_l55_topip                           1.49878
r1_l55_topin                             1.485
r1_l55_topp                            1.49878
r1_l55_topn                              1.485
r1_l55_cmpi                               2.97
r1_l55_code                                  0
r1_l55_conf                                  0
r1_l55_nside                                 0
r1_l55_acq                                   0
r1_l55_iso                                   0
r1_l55_exp                                 507
r1_l55_err                                -507
r1_l55_aerr                                507
r2_l0_start                                  0
r2_l0_mode                                   0
r2_l0_cmpo                                2.97
r2_l0_samp_tp_n                              0
r2_l0_sel_in_n                               0
r2_l0_drdy                                2.97
r2_l0_c9                                     0
r2_l0_c8                                     0
r2_l0_c7                                     0
r2_l0_c6                                     0
r2_l0_c5                                     0
r2_l0_c4                                     0
r2_l0_c3                                     0
r2_l0_c2                                     0
r2_l0_c1                                     0
r2_l0_c0                                     0
r2_l0_rel_n_256p                          2.97
r2_l0_sel_hi_n_256p                          0
r2_l0_sel_lo_n_256p                          0
r2_l0_rel_n_128p                          2.97
r2_l0_sel_hi_n_128p                          0
r2_l0_sel_lo_n_128p                          0
r2_l0_rel_n_64p                           2.97
r2_l0_sel_hi_n_64p                           0
r2_l0_sel_lo_n_64p                           0
r2_l0_rel_n_32p                           2.97
r2_l0_sel_hi_n_32p                           0
r2_l0_sel_lo_n_32p                           0
r2_l0_rel_n_16p                           2.97
r2_l0_sel_hi_n_16p                           0
r2_l0_sel_lo_n_16p                           0
r2_l0_rel_n_8p                            2.97
r2_l0_sel_hi_n_8p                            0
r2_l0_sel_lo_n_8p                            0
r2_l0_rel_n_4p                            2.97
r2_l0_sel_hi_n_4p                            0
r2_l0_sel_lo_n_4p                            0
r2_l0_rel_n_2p                            2.97
r2_l0_sel_hi_n_2p                            0
r2_l0_sel_lo_n_2p                            0
r2_l0_rel_n_1p                            2.97
r2_l0_sel_hi_n_1p                            0
r2_l0_sel_lo_n_1p                            0
r2_l0_rel_n_256n                          2.97
r2_l0_sel_hi_n_256n                          0
r2_l0_sel_lo_n_256n                          0
r2_l0_rel_n_128n                          2.97
r2_l0_sel_hi_n_128n                          0
r2_l0_sel_lo_n_128n                          0
r2_l0_rel_n_64n                           2.97
r2_l0_sel_hi_n_64n                           0
r2_l0_sel_lo_n_64n                           0
r2_l0_rel_n_32n                           2.97
r2_l0_sel_hi_n_32n                           0
r2_l0_sel_lo_n_32n                           0
r2_l0_rel_n_16n                           2.97
r2_l0_sel_hi_n_16n                           0
r2_l0_sel_lo_n_16n                           0
r2_l0_rel_n_8n                            2.97
r2_l0_sel_hi_n_8n                            0
r2_l0_sel_lo_n_8n                            0
r2_l0_rel_n_4n                            2.97
r2_l0_sel_hi_n_4n                            0
r2_l0_sel_lo_n_4n                            0
r2_l0_rel_n_2n                            2.97
r2_l0_sel_hi_n_2n                            0
r2_l0_sel_lo_n_2n                            0
r2_l0_rel_n_1n                            2.97
r2_l0_sel_hi_n_1n                            0
r2_l0_sel_lo_n_1n                            0
r2_l0_vinp                             1.47122
r2_l0_shp                              1.47122
r2_l0_vinn                               1.485
r2_l0_shn                                1.485
r2_l0_sampd                                  0
r2_l0_shxp                             1.47122
r2_l0_shxn                               1.485
r2_l0_topip                            1.49878
r2_l0_topin                              1.485
r2_l0_topp                             1.49878
r2_l0_topn                               1.485
r2_l0_cmpi                                2.97
r2_l0_code                                   0
r2_l0_conf                                   0
r2_l0_nside                                  0
r2_l0_acq                                    0
r2_l0_iso                                    0
r2_l0_exp                                  507
r2_l0_err                                 -507
r2_l0_aerr                                 507
r2_l10_start                                 0
r2_l10_mode                                  0
r2_l10_cmpo                               2.97
r2_l10_samp_tp_n                             0
r2_l10_sel_in_n                              0
r2_l10_drdy                               2.97
r2_l10_c9                                    0
r2_l10_c8                                    0
r2_l10_c7                                    0
r2_l10_c6                                    0
r2_l10_c5                                    0
r2_l10_c4                                    0
r2_l10_c3                                    0
r2_l10_c2                                    0
r2_l10_c1                                    0
r2_l10_c0                                    0
r2_l10_rel_n_256p                         2.97
r2_l10_sel_hi_n_256p                         0
r2_l10_sel_lo_n_256p                         0
r2_l10_rel_n_128p                         2.97
r2_l10_sel_hi_n_128p                         0
r2_l10_sel_lo_n_128p                         0
r2_l10_rel_n_64p                          2.97
r2_l10_sel_hi_n_64p                          0
r2_l10_sel_lo_n_64p                          0
r2_l10_rel_n_32p                          2.97
r2_l10_sel_hi_n_32p                          0
r2_l10_sel_lo_n_32p                          0
r2_l10_rel_n_16p                          2.97
r2_l10_sel_hi_n_16p                          0
r2_l10_sel_lo_n_16p                          0
r2_l10_rel_n_8p                           2.97
r2_l10_sel_hi_n_8p                           0
r2_l10_sel_lo_n_8p                           0
r2_l10_rel_n_4p                           2.97
r2_l10_sel_hi_n_4p                           0
r2_l10_sel_lo_n_4p                           0
r2_l10_rel_n_2p                           2.97
r2_l10_sel_hi_n_2p                           0
r2_l10_sel_lo_n_2p                           0
r2_l10_rel_n_1p                           2.97
r2_l10_sel_hi_n_1p                           0
r2_l10_sel_lo_n_1p                           0
r2_l10_rel_n_256n                         2.97
r2_l10_sel_hi_n_256n                         0
r2_l10_sel_lo_n_256n                         0
r2_l10_rel_n_128n                         2.97
r2_l10_sel_hi_n_128n                         0
r2_l10_sel_lo_n_128n                         0
r2_l10_rel_n_64n                          2.97
r2_l10_sel_hi_n_64n                          0
r2_l10_sel_lo_n_64n                          0
r2_l10_rel_n_32n                          2.97
r2_l10_sel_hi_n_32n                          0
r2_l10_sel_lo_n_32n                          0
r2_l10_rel_n_16n                          2.97
r2_l10_sel_hi_n_16n                          0
r2_l10_sel_lo_n_16n                          0
r2_l10_rel_n_8n                           2.97
r2_l10_sel_hi_n_8n                           0
r2_l10_sel_lo_n_8n                           0
r2_l10_rel_n_4n                           2.97
r2_l10_sel_hi_n_4n                           0
r2_l10_sel_lo_n_4n                           0
r2_l10_rel_n_2n                           2.97
r2_l10_sel_hi_n_2n                           0
r2_l10_sel_lo_n_2n                           0
r2_l10_rel_n_1n                           2.97
r2_l10_sel_hi_n_1n                           0
r2_l10_sel_lo_n_1n                           0
r2_l10_vinp                            1.47122
r2_l10_shp                             1.47122
r2_l10_vinn                              1.485
r2_l10_shn                               1.485
r2_l10_sampd                                 0
r2_l10_shxp                            1.47122
r2_l10_shxn                              1.485
r2_l10_topip                           1.49878
r2_l10_topin                             1.485
r2_l10_topp                            1.49878
r2_l10_topn                              1.485
r2_l10_cmpi                               2.97
r2_l10_code                                  0
r2_l10_conf                                  0
r2_l10_nside                                 0
r2_l10_acq                                   0
r2_l10_iso                                   0
r2_l10_exp                                 507
r2_l10_err                                -507
r2_l10_aerr                                507
r2_l25_start                                 0
r2_l25_mode                                  0
r2_l25_cmpo                               2.97
r2_l25_samp_tp_n                             0
r2_l25_sel_in_n                              0
r2_l25_drdy                               2.97
r2_l25_c9                                    0
r2_l25_c8                                    0
r2_l25_c7                                    0
r2_l25_c6                                    0
r2_l25_c5                                    0
r2_l25_c4                                    0
r2_l25_c3                                    0
r2_l25_c2                                    0
r2_l25_c1                                    0
r2_l25_c0                                    0
r2_l25_rel_n_256p                         2.97
r2_l25_sel_hi_n_256p                         0
r2_l25_sel_lo_n_256p                         0
r2_l25_rel_n_128p                         2.97
r2_l25_sel_hi_n_128p                         0
r2_l25_sel_lo_n_128p                         0
r2_l25_rel_n_64p                          2.97
r2_l25_sel_hi_n_64p                          0
r2_l25_sel_lo_n_64p                          0
r2_l25_rel_n_32p                          2.97
r2_l25_sel_hi_n_32p                          0
r2_l25_sel_lo_n_32p                          0
r2_l25_rel_n_16p                          2.97
r2_l25_sel_hi_n_16p                          0
r2_l25_sel_lo_n_16p                          0
r2_l25_rel_n_8p                           2.97
r2_l25_sel_hi_n_8p                           0
r2_l25_sel_lo_n_8p                           0
r2_l25_rel_n_4p                           2.97
r2_l25_sel_hi_n_4p                           0
r2_l25_sel_lo_n_4p                           0
r2_l25_rel_n_2p                           2.97
r2_l25_sel_hi_n_2p                           0
r2_l25_sel_lo_n_2p                           0
r2_l25_rel_n_1p                           2.97
r2_l25_sel_hi_n_1p                           0
r2_l25_sel_lo_n_1p                           0
r2_l25_rel_n_256n                         2.97
r2_l25_sel_hi_n_256n                         0
r2_l25_sel_lo_n_256n                         0
r2_l25_rel_n_128n                         2.97
r2_l25_sel_hi_n_128n                         0
r2_l25_sel_lo_n_128n                         0
r2_l25_rel_n_64n                          2.97
r2_l25_sel_hi_n_64n                          0
r2_l25_sel_lo_n_64n                          0
r2_l25_rel_n_32n                          2.97
r2_l25_sel_hi_n_32n                          0
r2_l25_sel_lo_n_32n                          0
r2_l25_rel_n_16n                          2.97
r2_l25_sel_hi_n_16n                          0
r2_l25_sel_lo_n_16n                          0
r2_l25_rel_n_8n                           2.97
r2_l25_sel_hi_n_8n                           0
r2_l25_sel_lo_n_8n                           0
r2_l25_rel_n_4n                           2.97
r2_l25_sel_hi_n_4n                           0
r2_l25_sel_lo_n_4n                           0
r2_l25_rel_n_2n                           2.97
r2_l25_sel_hi_n_2n                           0
r2_l25_sel_lo_n_2n                           0
r2_l25_rel_n_1n                           2.97
r2_l25_sel_hi_n_1n                           0
r2_l25_sel_lo_n_1n                           0
r2_l25_vinp                            1.47122
r2_l25_shp                             1.47122
r2_l25_vinn                              1.485
r2_l25_shn                               1.485
r2_l25_sampd                                 0
r2_l25_shxp                            1.47122
r2_l25_shxn                              1.485
r2_l25_topip                           1.49878
r2_l25_topin                             1.485
r2_l25_topp                            1.49878
r2_l25_topn                              1.485
r2_l25_cmpi                               2.97
r2_l25_code                                  0
r2_l25_conf                                  0
r2_l25_nside                                 0
r2_l25_acq                                   0
r2_l25_iso                                   0
r2_l25_exp                                 507
r2_l25_err                                -507
r2_l25_aerr                                507
r2_l55_start                                 0
r2_l55_mode                                  0
r2_l55_cmpo                               2.97
r2_l55_samp_tp_n                             0
r2_l55_sel_in_n                              0
r2_l55_drdy                               2.97
r2_l55_c9                                    0
r2_l55_c8                                    0
r2_l55_c7                                    0
r2_l55_c6                                    0
r2_l55_c5                                    0
r2_l55_c4                                    0
r2_l55_c3                                    0
r2_l55_c2                                    0
r2_l55_c1                                    0
r2_l55_c0                                    0
r2_l55_rel_n_256p                         2.97
r2_l55_sel_hi_n_256p                         0
r2_l55_sel_lo_n_256p                         0
r2_l55_rel_n_128p                         2.97
r2_l55_sel_hi_n_128p                         0
r2_l55_sel_lo_n_128p                         0
r2_l55_rel_n_64p                          2.97
r2_l55_sel_hi_n_64p                          0
r2_l55_sel_lo_n_64p                          0
r2_l55_rel_n_32p                          2.97
r2_l55_sel_hi_n_32p                          0
r2_l55_sel_lo_n_32p                          0
r2_l55_rel_n_16p                          2.97
r2_l55_sel_hi_n_16p                          0
r2_l55_sel_lo_n_16p                          0
r2_l55_rel_n_8p                           2.97
r2_l55_sel_hi_n_8p                           0
r2_l55_sel_lo_n_8p                           0
r2_l55_rel_n_4p                           2.97
r2_l55_sel_hi_n_4p                           0
r2_l55_sel_lo_n_4p                           0
r2_l55_rel_n_2p                           2.97
r2_l55_sel_hi_n_2p                           0
r2_l55_sel_lo_n_2p                           0
r2_l55_rel_n_1p                           2.97
r2_l55_sel_hi_n_1p                           0
r2_l55_sel_lo_n_1p                           0
r2_l55_rel_n_256n                         2.97
r2_l55_sel_hi_n_256n                         0
r2_l55_sel_lo_n_256n                         0
r2_l55_rel_n_128n                         2.97
r2_l55_sel_hi_n_128n                         0
r2_l55_sel_lo_n_128n                         0
r2_l55_rel_n_64n                          2.97
r2_l55_sel_hi_n_64n                          0
r2_l55_sel_lo_n_64n                          0
r2_l55_rel_n_32n                          2.97
r2_l55_sel_hi_n_32n                          0
r2_l55_sel_lo_n_32n                          0
r2_l55_rel_n_16n                          2.97
r2_l55_sel_hi_n_16n                          0
r2_l55_sel_lo_n_16n                          0
r2_l55_rel_n_8n                           2.97
r2_l55_sel_hi_n_8n                           0
r2_l55_sel_lo_n_8n                           0
r2_l55_rel_n_4n                           2.97
r2_l55_sel_hi_n_4n                           0
r2_l55_sel_lo_n_4n                           0
r2_l55_rel_n_2n                           2.97
r2_l55_sel_hi_n_2n                           0
r2_l55_sel_lo_n_2n                           0
r2_l55_rel_n_1n                           2.97
r2_l55_sel_hi_n_1n                           0
r2_l55_sel_lo_n_1n                           0
r2_l55_vinp                            1.47122
r2_l55_shp                             1.47122
r2_l55_vinn                              1.485
r2_l55_shn                               1.485
r2_l55_sampd                                 0
r2_l55_shxp                            1.47122
r2_l55_shxn                              1.485
r2_l55_topip                           1.49878
r2_l55_topin                             1.485
r2_l55_topp                            1.49878
r2_l55_topn                              1.485
r2_l55_cmpi                               2.97
r2_l55_code                                  0
r2_l55_conf                                  0
r2_l55_nside                                 0
r2_l55_acq                                   0
r2_l55_iso                                   0
r2_l55_exp                                 507
r2_l55_err                                -507
r2_l55_aerr                                507
br2_l55aerr#branch                           0
br2_l55err#branch                            0
br2_l55exp#branch                            0
br2_l55iso#branch                            0
br2_l55acq#branch                            0
br2_l55nside#branch                          0
br2_l55conf#branch                           0
br2_l55code#branch                           0
br2_l55cmp#branch                      -0.0594
br2_l55topn#branch                           0
br2_l55topp#branch                           0
br2_l25aerr#branch                           0
br2_l25err#branch                            0
br2_l25exp#branch                            0
br2_l25iso#branch                            0
br2_l25acq#branch                            0
br2_l25nside#branch                          0
br2_l25conf#branch                           0
br2_l25code#branch                           0
br2_l25cmp#branch                      -0.0594
br2_l25topn#branch                           0
br2_l25topp#branch                           0
br2_l10aerr#branch                           0
br2_l10err#branch                            0
br2_l10exp#branch                            0
br2_l10iso#branch                            0
br2_l10acq#branch                            0
br2_l10nside#branch                          0
br2_l10conf#branch                           0
br2_l10code#branch                           0
br2_l10cmp#branch                      -0.0594
br2_l10topn#branch                           0
br2_l10topp#branch                           0
br2_l0aerr#branch                            0
br2_l0err#branch                             0
br2_l0exp#branch                             0
br2_l0iso#branch                             0
br2_l0acq#branch                             0
br2_l0nside#branch                           0
br2_l0conf#branch                            0
br2_l0code#branch                            0
br2_l0cmp#branch                       -0.0594
br2_l0topn#branch                            0
br2_l0topp#branch                            0
br1_l55aerr#branch                           0
br1_l55err#branch                            0
br1_l55exp#branch                            0
br1_l55iso#branch                            0
br1_l55acq#branch                            0
br1_l55nside#branch                          0
br1_l55conf#branch                           0
br1_l55code#branch                           0
br1_l55cmp#branch                      -0.0594
br1_l55topn#branch                           0
br1_l55topp#branch                           0
br1_l25aerr#branch                           0
br1_l25err#branch                            0
br1_l25exp#branch                            0
br1_l25iso#branch                            0
br1_l25acq#branch                            0
br1_l25nside#branch                          0
br1_l25conf#branch                           0
br1_l25code#branch                           0
br1_l25cmp#branch                      -0.0594
br1_l25topn#branch                           0
br1_l25topp#branch                           0
br1_l10aerr#branch                           0
br1_l10err#branch                            0
br1_l10exp#branch                            0
br1_l10iso#branch                            0
br1_l10acq#branch                            0
br1_l10nside#branch                          0
br1_l10conf#branch                           0
br1_l10code#branch                           0
br1_l10cmp#branch                      -0.0594
br1_l10topn#branch                           0
br1_l10topp#branch                           0
br1_l0aerr#branch                            0
br1_l0err#branch                             0
br1_l0exp#branch                             0
br1_l0iso#branch                             0
br1_l0acq#branch                             0
br1_l0nside#branch                           0
br1_l0conf#branch                            0
br1_l0code#branch                            0
br1_l0cmp#branch                       -0.0594
br1_l0topn#branch                            0
br1_l0topp#branch                            0
vr2_l55cm#branch                             0
vr2_l55in#branch                             0
vr2_l55mode#branch                           0
vr2_l55start#branch                          0
vr2_l25cm#branch                             0
vr2_l25in#branch                             0
vr2_l25mode#branch                           0
vr2_l25start#branch                          0
vr2_l10cm#branch                             0
vr2_l10in#branch                             0
vr2_l10mode#branch                           0
vr2_l10start#branch                          0
vr2_l0cm#branch                              0
vr2_l0in#branch                              0
vr2_l0mode#branch                            0
vr2_l0start#branch                           0
vr1_l55cm#branch                             0
vr1_l55in#branch                             0
vr1_l55mode#branch                           0
vr1_l55start#branch                          0
vr1_l25cm#branch                             0
vr1_l25in#branch                             0
vr1_l25mode#branch                           0
vr1_l25start#branch                          0
vr1_l10cm#branch                             0
vr1_l10in#branch                             0
vr1_l10mode#branch                           0
vr1_l10start#branch                          0
vr1_l0cm#branch                              0
vr1_l0in#branch                              0
vr1_l0mode#branch                            0
vr1_l0start#branch                           0
vclk_r2#branch                               0
vclk_r1#branch                               0
a.xr2_l55.a_gn#branch_1_0                    0
a.xr2_l55.a_gn#branch_1_1                    0
a.xr2_l55.a_gn#branch_1_2                    0
a.xr2_l55.a_gn#branch_1_3                    0
a.xr2_l55.a_gn#branch_1_4                    0
a.xr2_l55.a_gn#branch_1_5                    0
a.xr2_l55.a_gn#branch_1_6                    0
a.xr2_l55.a_gn#branch_1_7                    0
a.xr2_l55.a_gn#branch_1_8                    0
a.xr2_l55.a_gn#branch_1_9                    0
a.xr2_l55.a_gn#branch_1_10                   0
a.xr2_l55.a_gn#branch_1_11                   0
a.xr2_l55.a_gn#branch_1_12                   0
a.xr2_l55.a_gn#branch_1_13                   0
a.xr2_l55.a_gn#branch_1_14                   0
a.xr2_l55.a_gn#branch_1_15                   0
a.xr2_l55.a_gn#branch_1_16                   0
a.xr2_l55.a_gn#branch_1_17                   0
a.xr2_l55.a_gn#branch_1_18                   0
a.xr2_l55.a_gn#branch_1_19                   0
a.xr2_l55.a_gn#branch_1_20                   0
a.xr2_l55.a_gn#branch_1_21                   0
a.xr2_l55.a_gn#branch_1_22                   0
a.xr2_l55.a_gn#branch_1_23                   0
a.xr2_l55.a_gn#branch_1_24                   0
a.xr2_l55.a_gn#branch_1_25                   0
a.xr2_l55.a_gn#branch_1_26                   0
a.xr2_l55.a_gn#branch_1_27                   0
a.xr2_l55.a_gn#branch_1_28                   0
a.xr2_l55.a_gn#branch_1_29                   0
a.xr2_l55.a_gn#branch_1_30                   0
a.xr2_l55.a_gn#branch_1_31                   0
a.xr2_l55.a_gn#branch_1_32                   0
a.xr2_l55.a_gn#branch_1_33                   0
a.xr2_l55.a_gn#branch_1_34                   0
a.xr2_l55.a_gn#branch_1_35                   0
a.xr2_l55.a_gn#branch_1_36                   0
a.xr2_l55.a_gn#branch_1_37                   0
a.xr2_l55.a_gn#branch_1_38                   0
a.xr2_l55.a_gn#branch_1_39                   0
a.xr2_l55.a_gn#branch_1_40                   0
a.xr2_l55.a_gn#branch_1_41                   0
a.xr2_l55.a_gn#branch_1_42                   0
a.xr2_l55.a_gn#branch_1_43                   0
a.xr2_l55.a_gn#branch_1_44                   0
a.xr2_l55.a_gn#branch_1_45                   0
a.xr2_l55.a_gn#branch_1_46                   0
a.xr2_l55.a_gn#branch_1_47                   0
a.xr2_l55.a_gn#branch_1_48                   0
a.xr2_l55.a_gn#branch_1_49                   0
a.xr2_l55.a_gn#branch_1_50                   0
a.xr2_l55.a_gn#branch_1_51                   0
a.xr2_l55.a_gn#branch_1_52                   0
a.xr2_l55.a_gn#branch_1_53                   0
a.xr2_l55.a_dout#branch_1_0                  0
a.xr2_l55.a_dout#branch_1_1                  0
a.xr2_l55.a_dout#branch_1_2                  0
a.xr2_l55.a_dout#branch_1_3                  0
a.xr2_l55.a_dout#branch_1_4                  0
a.xr2_l55.a_dout#branch_1_5                  0
a.xr2_l55.a_dout#branch_1_6                  0
a.xr2_l55.a_dout#branch_1_7                  0
a.xr2_l55.a_dout#branch_1_8                  0
a.xr2_l55.a_dout#branch_1_9                  0
a.xr2_l55.a_dout#branch_1_10                 0
a.xr2_l55.a_dout#branch_1_11                 0
a.xr2_l55.a_dout#branch_1_12                 0
a.xr2_l25.a_gn#branch_1_0                    0
a.xr2_l25.a_gn#branch_1_1                    0
a.xr2_l25.a_gn#branch_1_2                    0
a.xr2_l25.a_gn#branch_1_3                    0
a.xr2_l25.a_gn#branch_1_4                    0
a.xr2_l25.a_gn#branch_1_5                    0
a.xr2_l25.a_gn#branch_1_6                    0
a.xr2_l25.a_gn#branch_1_7                    0
a.xr2_l25.a_gn#branch_1_8                    0
a.xr2_l25.a_gn#branch_1_9                    0
a.xr2_l25.a_gn#branch_1_10                   0
a.xr2_l25.a_gn#branch_1_11                   0
a.xr2_l25.a_gn#branch_1_12                   0
a.xr2_l25.a_gn#branch_1_13                   0
a.xr2_l25.a_gn#branch_1_14                   0
a.xr2_l25.a_gn#branch_1_15                   0
a.xr2_l25.a_gn#branch_1_16                   0
a.xr2_l25.a_gn#branch_1_17                   0
a.xr2_l25.a_gn#branch_1_18                   0
a.xr2_l25.a_gn#branch_1_19                   0
a.xr2_l25.a_gn#branch_1_20                   0
a.xr2_l25.a_gn#branch_1_21                   0
a.xr2_l25.a_gn#branch_1_22                   0
a.xr2_l25.a_gn#branch_1_23                   0
a.xr2_l25.a_gn#branch_1_24                   0
a.xr2_l25.a_gn#branch_1_25                   0
a.xr2_l25.a_gn#branch_1_26                   0
a.xr2_l25.a_gn#branch_1_27                   0
a.xr2_l25.a_gn#branch_1_28                   0
a.xr2_l25.a_gn#branch_1_29                   0
a.xr2_l25.a_gn#branch_1_30                   0
a.xr2_l25.a_gn#branch_1_31                   0
a.xr2_l25.a_gn#branch_1_32                   0
a.xr2_l25.a_gn#branch_1_33                   0
a.xr2_l25.a_gn#branch_1_34                   0
a.xr2_l25.a_gn#branch_1_35                   0
a.xr2_l25.a_gn#branch_1_36                   0
a.xr2_l25.a_gn#branch_1_37                   0
a.xr2_l25.a_gn#branch_1_38                   0
a.xr2_l25.a_gn#branch_1_39                   0
a.xr2_l25.a_gn#branch_1_40                   0
a.xr2_l25.a_gn#branch_1_41                   0
a.xr2_l25.a_gn#branch_1_42                   0
a.xr2_l25.a_gn#branch_1_43                   0
a.xr2_l25.a_gn#branch_1_44                   0
a.xr2_l25.a_gn#branch_1_45                   0
a.xr2_l25.a_gn#branch_1_46                   0
a.xr2_l25.a_gn#branch_1_47                   0
a.xr2_l25.a_gn#branch_1_48                   0
a.xr2_l25.a_gn#branch_1_49                   0
a.xr2_l25.a_gn#branch_1_50                   0
a.xr2_l25.a_gn#branch_1_51                   0
a.xr2_l25.a_gn#branch_1_52                   0
a.xr2_l25.a_gn#branch_1_53                   0
a.xr2_l25.a_dout#branch_1_0                  0
a.xr2_l25.a_dout#branch_1_1                  0
a.xr2_l25.a_dout#branch_1_2                  0
a.xr2_l25.a_dout#branch_1_3                  0
a.xr2_l25.a_dout#branch_1_4                  0
a.xr2_l25.a_dout#branch_1_5                  0
a.xr2_l25.a_dout#branch_1_6                  0
a.xr2_l25.a_dout#branch_1_7                  0
a.xr2_l25.a_dout#branch_1_8                  0
a.xr2_l25.a_dout#branch_1_9                  0
a.xr2_l25.a_dout#branch_1_10                 0
a.xr2_l25.a_dout#branch_1_11                 0
a.xr2_l25.a_dout#branch_1_12                 0
a.xr2_l10.a_gn#branch_1_0                    0
a.xr2_l10.a_gn#branch_1_1                    0
a.xr2_l10.a_gn#branch_1_2                    0
a.xr2_l10.a_gn#branch_1_3                    0
a.xr2_l10.a_gn#branch_1_4                    0
a.xr2_l10.a_gn#branch_1_5                    0
a.xr2_l10.a_gn#branch_1_6                    0
a.xr2_l10.a_gn#branch_1_7                    0
a.xr2_l10.a_gn#branch_1_8                    0
a.xr2_l10.a_gn#branch_1_9                    0
a.xr2_l10.a_gn#branch_1_10                   0
a.xr2_l10.a_gn#branch_1_11                   0
a.xr2_l10.a_gn#branch_1_12                   0
a.xr2_l10.a_gn#branch_1_13                   0
a.xr2_l10.a_gn#branch_1_14                   0
a.xr2_l10.a_gn#branch_1_15                   0
a.xr2_l10.a_gn#branch_1_16                   0
a.xr2_l10.a_gn#branch_1_17                   0
a.xr2_l10.a_gn#branch_1_18                   0
a.xr2_l10.a_gn#branch_1_19                   0
a.xr2_l10.a_gn#branch_1_20                   0
a.xr2_l10.a_gn#branch_1_21                   0
a.xr2_l10.a_gn#branch_1_22                   0
a.xr2_l10.a_gn#branch_1_23                   0
a.xr2_l10.a_gn#branch_1_24                   0
a.xr2_l10.a_gn#branch_1_25                   0
a.xr2_l10.a_gn#branch_1_26                   0
a.xr2_l10.a_gn#branch_1_27                   0
a.xr2_l10.a_gn#branch_1_28                   0
a.xr2_l10.a_gn#branch_1_29                   0
a.xr2_l10.a_gn#branch_1_30                   0
a.xr2_l10.a_gn#branch_1_31                   0
a.xr2_l10.a_gn#branch_1_32                   0
a.xr2_l10.a_gn#branch_1_33                   0
a.xr2_l10.a_gn#branch_1_34                   0
a.xr2_l10.a_gn#branch_1_35                   0
a.xr2_l10.a_gn#branch_1_36                   0
a.xr2_l10.a_gn#branch_1_37                   0
a.xr2_l10.a_gn#branch_1_38                   0
a.xr2_l10.a_gn#branch_1_39                   0
a.xr2_l10.a_gn#branch_1_40                   0
a.xr2_l10.a_gn#branch_1_41                   0
a.xr2_l10.a_gn#branch_1_42                   0
a.xr2_l10.a_gn#branch_1_43                   0
a.xr2_l10.a_gn#branch_1_44                   0
a.xr2_l10.a_gn#branch_1_45                   0
a.xr2_l10.a_gn#branch_1_46                   0
a.xr2_l10.a_gn#branch_1_47                   0
a.xr2_l10.a_gn#branch_1_48                   0
a.xr2_l10.a_gn#branch_1_49                   0
a.xr2_l10.a_gn#branch_1_50                   0
a.xr2_l10.a_gn#branch_1_51                   0
a.xr2_l10.a_gn#branch_1_52                   0
a.xr2_l10.a_gn#branch_1_53                   0
a.xr2_l10.a_dout#branch_1_0                  0
a.xr2_l10.a_dout#branch_1_1                  0
a.xr2_l10.a_dout#branch_1_2                  0
a.xr2_l10.a_dout#branch_1_3                  0
a.xr2_l10.a_dout#branch_1_4                  0
a.xr2_l10.a_dout#branch_1_5                  0
a.xr2_l10.a_dout#branch_1_6                  0
a.xr2_l10.a_dout#branch_1_7                  0
a.xr2_l10.a_dout#branch_1_8                  0
a.xr2_l10.a_dout#branch_1_9                  0
a.xr2_l10.a_dout#branch_1_10                 0
a.xr2_l10.a_dout#branch_1_11                 0
a.xr2_l10.a_dout#branch_1_12                 0
a.xr2_l0.a_gn#branch_1_0                     0
a.xr2_l0.a_gn#branch_1_1                     0
a.xr2_l0.a_gn#branch_1_2                     0
a.xr2_l0.a_gn#branch_1_3                     0
a.xr2_l0.a_gn#branch_1_4                     0
a.xr2_l0.a_gn#branch_1_5                     0
a.xr2_l0.a_gn#branch_1_6                     0
a.xr2_l0.a_gn#branch_1_7                     0
a.xr2_l0.a_gn#branch_1_8                     0
a.xr2_l0.a_gn#branch_1_9                     0
a.xr2_l0.a_gn#branch_1_10                    0
a.xr2_l0.a_gn#branch_1_11                    0
a.xr2_l0.a_gn#branch_1_12                    0
a.xr2_l0.a_gn#branch_1_13                    0
a.xr2_l0.a_gn#branch_1_14                    0
a.xr2_l0.a_gn#branch_1_15                    0
a.xr2_l0.a_gn#branch_1_16                    0
a.xr2_l0.a_gn#branch_1_17                    0
a.xr2_l0.a_gn#branch_1_18                    0
a.xr2_l0.a_gn#branch_1_19                    0
a.xr2_l0.a_gn#branch_1_20                    0
a.xr2_l0.a_gn#branch_1_21                    0
a.xr2_l0.a_gn#branch_1_22                    0
a.xr2_l0.a_gn#branch_1_23                    0
a.xr2_l0.a_gn#branch_1_24                    0
a.xr2_l0.a_gn#branch_1_25                    0
a.xr2_l0.a_gn#branch_1_26                    0
a.xr2_l0.a_gn#branch_1_27                    0
a.xr2_l0.a_gn#branch_1_28                    0
a.xr2_l0.a_gn#branch_1_29                    0
a.xr2_l0.a_gn#branch_1_30                    0
a.xr2_l0.a_gn#branch_1_31                    0
a.xr2_l0.a_gn#branch_1_32                    0
a.xr2_l0.a_gn#branch_1_33                    0
a.xr2_l0.a_gn#branch_1_34                    0
a.xr2_l0.a_gn#branch_1_35                    0
a.xr2_l0.a_gn#branch_1_36                    0
a.xr2_l0.a_gn#branch_1_37                    0
a.xr2_l0.a_gn#branch_1_38                    0
a.xr2_l0.a_gn#branch_1_39                    0
a.xr2_l0.a_gn#branch_1_40                    0
a.xr2_l0.a_gn#branch_1_41                    0
a.xr2_l0.a_gn#branch_1_42                    0
a.xr2_l0.a_gn#branch_1_43                    0
a.xr2_l0.a_gn#branch_1_44                    0
a.xr2_l0.a_gn#branch_1_45                    0
a.xr2_l0.a_gn#branch_1_46                    0
a.xr2_l0.a_gn#branch_1_47                    0
a.xr2_l0.a_gn#branch_1_48                    0
a.xr2_l0.a_gn#branch_1_49                    0
a.xr2_l0.a_gn#branch_1_50                    0
a.xr2_l0.a_gn#branch_1_51                    0
a.xr2_l0.a_gn#branch_1_52                    0
a.xr2_l0.a_gn#branch_1_53                    0
a.xr2_l0.a_dout#branch_1_0                   0
a.xr2_l0.a_dout#branch_1_1                   0
a.xr2_l0.a_dout#branch_1_2                   0
a.xr2_l0.a_dout#branch_1_3                   0
a.xr2_l0.a_dout#branch_1_4                   0
a.xr2_l0.a_dout#branch_1_5                   0
a.xr2_l0.a_dout#branch_1_6                   0
a.xr2_l0.a_dout#branch_1_7                   0
a.xr2_l0.a_dout#branch_1_8                   0
a.xr2_l0.a_dout#branch_1_9                   0
a.xr2_l0.a_dout#branch_1_10                  0
a.xr2_l0.a_dout#branch_1_11                  0
a.xr2_l0.a_dout#branch_1_12                  0
a.xr1_l55.a_gn#branch_1_0                    0
a.xr1_l55.a_gn#branch_1_1                    0
a.xr1_l55.a_gn#branch_1_2                    0
a.xr1_l55.a_gn#branch_1_3                    0
a.xr1_l55.a_gn#branch_1_4                    0
a.xr1_l55.a_gn#branch_1_5                    0
a.xr1_l55.a_gn#branch_1_6                    0
a.xr1_l55.a_gn#branch_1_7                    0
a.xr1_l55.a_gn#branch_1_8                    0
a.xr1_l55.a_gn#branch_1_9                    0
a.xr1_l55.a_gn#branch_1_10                   0
a.xr1_l55.a_gn#branch_1_11                   0
a.xr1_l55.a_gn#branch_1_12                   0
a.xr1_l55.a_gn#branch_1_13                   0
a.xr1_l55.a_gn#branch_1_14                   0
a.xr1_l55.a_gn#branch_1_15                   0
a.xr1_l55.a_gn#branch_1_16                   0
a.xr1_l55.a_gn#branch_1_17                   0
a.xr1_l55.a_gn#branch_1_18                   0
a.xr1_l55.a_gn#branch_1_19                   0
a.xr1_l55.a_gn#branch_1_20                   0
a.xr1_l55.a_gn#branch_1_21                   0
a.xr1_l55.a_gn#branch_1_22                   0
a.xr1_l55.a_gn#branch_1_23                   0
a.xr1_l55.a_gn#branch_1_24                   0
a.xr1_l55.a_gn#branch_1_25                   0
a.xr1_l55.a_gn#branch_1_26                   0
a.xr1_l55.a_gn#branch_1_27                   0
a.xr1_l55.a_gn#branch_1_28                   0
a.xr1_l55.a_gn#branch_1_29                   0
a.xr1_l55.a_gn#branch_1_30                   0
a.xr1_l55.a_gn#branch_1_31                   0
a.xr1_l55.a_gn#branch_1_32                   0
a.xr1_l55.a_gn#branch_1_33                   0
a.xr1_l55.a_gn#branch_1_34                   0
a.xr1_l55.a_gn#branch_1_35                   0
a.xr1_l55.a_gn#branch_1_36                   0
a.xr1_l55.a_gn#branch_1_37                   0
a.xr1_l55.a_gn#branch_1_38                   0
a.xr1_l55.a_gn#branch_1_39                   0
a.xr1_l55.a_gn#branch_1_40                   0
a.xr1_l55.a_gn#branch_1_41                   0
a.xr1_l55.a_gn#branch_1_42                   0
a.xr1_l55.a_gn#branch_1_43                   0
a.xr1_l55.a_gn#branch_1_44                   0
a.xr1_l55.a_gn#branch_1_45                   0
a.xr1_l55.a_gn#branch_1_46                   0
a.xr1_l55.a_gn#branch_1_47                   0
a.xr1_l55.a_gn#branch_1_48                   0
a.xr1_l55.a_gn#branch_1_49                   0
a.xr1_l55.a_gn#branch_1_50                   0
a.xr1_l55.a_gn#branch_1_51                   0
a.xr1_l55.a_gn#branch_1_52                   0
a.xr1_l55.a_gn#branch_1_53                   0
a.xr1_l55.a_dout#branch_1_0                  0
a.xr1_l55.a_dout#branch_1_1                  0
a.xr1_l55.a_dout#branch_1_2                  0
a.xr1_l55.a_dout#branch_1_3                  0
a.xr1_l55.a_dout#branch_1_4                  0
a.xr1_l55.a_dout#branch_1_5                  0
a.xr1_l55.a_dout#branch_1_6                  0
a.xr1_l55.a_dout#branch_1_7                  0
a.xr1_l55.a_dout#branch_1_8                  0
a.xr1_l55.a_dout#branch_1_9                  0
a.xr1_l55.a_dout#branch_1_10                 0
a.xr1_l55.a_dout#branch_1_11                 0
a.xr1_l55.a_dout#branch_1_12                 0
a.xr1_l25.a_gn#branch_1_0                    0
a.xr1_l25.a_gn#branch_1_1                    0
a.xr1_l25.a_gn#branch_1_2                    0
a.xr1_l25.a_gn#branch_1_3                    0
a.xr1_l25.a_gn#branch_1_4                    0
a.xr1_l25.a_gn#branch_1_5                    0
a.xr1_l25.a_gn#branch_1_6                    0
a.xr1_l25.a_gn#branch_1_7                    0
a.xr1_l25.a_gn#branch_1_8                    0
a.xr1_l25.a_gn#branch_1_9                    0
a.xr1_l25.a_gn#branch_1_10                   0
a.xr1_l25.a_gn#branch_1_11                   0
a.xr1_l25.a_gn#branch_1_12                   0
a.xr1_l25.a_gn#branch_1_13                   0
a.xr1_l25.a_gn#branch_1_14                   0
a.xr1_l25.a_gn#branch_1_15                   0
a.xr1_l25.a_gn#branch_1_16                   0
a.xr1_l25.a_gn#branch_1_17                   0
a.xr1_l25.a_gn#branch_1_18                   0
a.xr1_l25.a_gn#branch_1_19                   0
a.xr1_l25.a_gn#branch_1_20                   0
a.xr1_l25.a_gn#branch_1_21                   0
a.xr1_l25.a_gn#branch_1_22                   0
a.xr1_l25.a_gn#branch_1_23                   0
a.xr1_l25.a_gn#branch_1_24                   0
a.xr1_l25.a_gn#branch_1_25                   0
a.xr1_l25.a_gn#branch_1_26                   0
a.xr1_l25.a_gn#branch_1_27                   0
a.xr1_l25.a_gn#branch_1_28                   0
a.xr1_l25.a_gn#branch_1_29                   0
a.xr1_l25.a_gn#branch_1_30                   0
a.xr1_l25.a_gn#branch_1_31                   0
a.xr1_l25.a_gn#branch_1_32                   0
a.xr1_l25.a_gn#branch_1_33                   0
a.xr1_l25.a_gn#branch_1_34                   0
a.xr1_l25.a_gn#branch_1_35                   0
a.xr1_l25.a_gn#branch_1_36                   0
a.xr1_l25.a_gn#branch_1_37                   0
a.xr1_l25.a_gn#branch_1_38                   0
a.xr1_l25.a_gn#branch_1_39                   0
a.xr1_l25.a_gn#branch_1_40                   0
a.xr1_l25.a_gn#branch_1_41                   0
a.xr1_l25.a_gn#branch_1_42                   0
a.xr1_l25.a_gn#branch_1_43                   0
a.xr1_l25.a_gn#branch_1_44                   0
a.xr1_l25.a_gn#branch_1_45                   0
a.xr1_l25.a_gn#branch_1_46                   0
a.xr1_l25.a_gn#branch_1_47                   0
a.xr1_l25.a_gn#branch_1_48                   0
a.xr1_l25.a_gn#branch_1_49                   0
a.xr1_l25.a_gn#branch_1_50                   0
a.xr1_l25.a_gn#branch_1_51                   0
a.xr1_l25.a_gn#branch_1_52                   0
a.xr1_l25.a_gn#branch_1_53                   0
a.xr1_l25.a_dout#branch_1_0                  0
a.xr1_l25.a_dout#branch_1_1                  0
a.xr1_l25.a_dout#branch_1_2                  0
a.xr1_l25.a_dout#branch_1_3                  0
a.xr1_l25.a_dout#branch_1_4                  0
a.xr1_l25.a_dout#branch_1_5                  0
a.xr1_l25.a_dout#branch_1_6                  0
a.xr1_l25.a_dout#branch_1_7                  0
a.xr1_l25.a_dout#branch_1_8                  0
a.xr1_l25.a_dout#branch_1_9                  0
a.xr1_l25.a_dout#branch_1_10                 0
a.xr1_l25.a_dout#branch_1_11                 0
a.xr1_l25.a_dout#branch_1_12                 0
a.xr1_l10.a_gn#branch_1_0                    0
a.xr1_l10.a_gn#branch_1_1                    0
a.xr1_l10.a_gn#branch_1_2                    0
a.xr1_l10.a_gn#branch_1_3                    0
a.xr1_l10.a_gn#branch_1_4                    0
a.xr1_l10.a_gn#branch_1_5                    0
a.xr1_l10.a_gn#branch_1_6                    0
a.xr1_l10.a_gn#branch_1_7                    0
a.xr1_l10.a_gn#branch_1_8                    0
a.xr1_l10.a_gn#branch_1_9                    0
a.xr1_l10.a_gn#branch_1_10                   0
a.xr1_l10.a_gn#branch_1_11                   0
a.xr1_l10.a_gn#branch_1_12                   0
a.xr1_l10.a_gn#branch_1_13                   0
a.xr1_l10.a_gn#branch_1_14                   0
a.xr1_l10.a_gn#branch_1_15                   0
a.xr1_l10.a_gn#branch_1_16                   0
a.xr1_l10.a_gn#branch_1_17                   0
a.xr1_l10.a_gn#branch_1_18                   0
a.xr1_l10.a_gn#branch_1_19                   0
a.xr1_l10.a_gn#branch_1_20                   0
a.xr1_l10.a_gn#branch_1_21                   0
a.xr1_l10.a_gn#branch_1_22                   0
a.xr1_l10.a_gn#branch_1_23                   0
a.xr1_l10.a_gn#branch_1_24                   0
a.xr1_l10.a_gn#branch_1_25                   0
a.xr1_l10.a_gn#branch_1_26                   0
a.xr1_l10.a_gn#branch_1_27                   0
a.xr1_l10.a_gn#branch_1_28                   0
a.xr1_l10.a_gn#branch_1_29                   0
a.xr1_l10.a_gn#branch_1_30                   0
a.xr1_l10.a_gn#branch_1_31                   0
a.xr1_l10.a_gn#branch_1_32                   0
a.xr1_l10.a_gn#branch_1_33                   0
a.xr1_l10.a_gn#branch_1_34                   0
a.xr1_l10.a_gn#branch_1_35                   0
a.xr1_l10.a_gn#branch_1_36                   0
a.xr1_l10.a_gn#branch_1_37                   0
a.xr1_l10.a_gn#branch_1_38                   0
a.xr1_l10.a_gn#branch_1_39                   0
a.xr1_l10.a_gn#branch_1_40                   0
a.xr1_l10.a_gn#branch_1_41                   0
a.xr1_l10.a_gn#branch_1_42                   0
a.xr1_l10.a_gn#branch_1_43                   0
a.xr1_l10.a_gn#branch_1_44                   0
a.xr1_l10.a_gn#branch_1_45                   0
a.xr1_l10.a_gn#branch_1_46                   0
a.xr1_l10.a_gn#branch_1_47                   0
a.xr1_l10.a_gn#branch_1_48                   0
a.xr1_l10.a_gn#branch_1_49                   0
a.xr1_l10.a_gn#branch_1_50                   0
a.xr1_l10.a_gn#branch_1_51                   0
a.xr1_l10.a_gn#branch_1_52                   0
a.xr1_l10.a_gn#branch_1_53                   0
a.xr1_l10.a_dout#branch_1_0                  0
a.xr1_l10.a_dout#branch_1_1                  0
a.xr1_l10.a_dout#branch_1_2                  0
a.xr1_l10.a_dout#branch_1_3                  0
a.xr1_l10.a_dout#branch_1_4                  0
a.xr1_l10.a_dout#branch_1_5                  0
a.xr1_l10.a_dout#branch_1_6                  0
a.xr1_l10.a_dout#branch_1_7                  0
a.xr1_l10.a_dout#branch_1_8                  0
a.xr1_l10.a_dout#branch_1_9                  0
a.xr1_l10.a_dout#branch_1_10                 0
a.xr1_l10.a_dout#branch_1_11                 0
a.xr1_l10.a_dout#branch_1_12                 0
a.xr1_l0.a_gn#branch_1_0                     0
a.xr1_l0.a_gn#branch_1_1                     0
a.xr1_l0.a_gn#branch_1_2                     0
a.xr1_l0.a_gn#branch_1_3                     0
a.xr1_l0.a_gn#branch_1_4                     0
a.xr1_l0.a_gn#branch_1_5                     0
a.xr1_l0.a_gn#branch_1_6                     0
a.xr1_l0.a_gn#branch_1_7                     0
a.xr1_l0.a_gn#branch_1_8                     0
a.xr1_l0.a_gn#branch_1_9                     0
a.xr1_l0.a_gn#branch_1_10                    0
a.xr1_l0.a_gn#branch_1_11                    0
a.xr1_l0.a_gn#branch_1_12                    0
a.xr1_l0.a_gn#branch_1_13                    0
a.xr1_l0.a_gn#branch_1_14                    0
a.xr1_l0.a_gn#branch_1_15                    0
a.xr1_l0.a_gn#branch_1_16                    0
a.xr1_l0.a_gn#branch_1_17                    0
a.xr1_l0.a_gn#branch_1_18                    0
a.xr1_l0.a_gn#branch_1_19                    0
a.xr1_l0.a_gn#branch_1_20                    0
a.xr1_l0.a_gn#branch_1_21                    0
a.xr1_l0.a_gn#branch_1_22                    0
a.xr1_l0.a_gn#branch_1_23                    0
a.xr1_l0.a_gn#branch_1_24                    0
a.xr1_l0.a_gn#branch_1_25                    0
a.xr1_l0.a_gn#branch_1_26                    0
a.xr1_l0.a_gn#branch_1_27                    0
a.xr1_l0.a_gn#branch_1_28                    0
a.xr1_l0.a_gn#branch_1_29                    0
a.xr1_l0.a_gn#branch_1_30                    0
a.xr1_l0.a_gn#branch_1_31                    0
a.xr1_l0.a_gn#branch_1_32                    0
a.xr1_l0.a_gn#branch_1_33                    0
a.xr1_l0.a_gn#branch_1_34                    0
a.xr1_l0.a_gn#branch_1_35                    0
a.xr1_l0.a_gn#branch_1_36                    0
a.xr1_l0.a_gn#branch_1_37                    0
a.xr1_l0.a_gn#branch_1_38                    0
a.xr1_l0.a_gn#branch_1_39                    0
a.xr1_l0.a_gn#branch_1_40                    0
a.xr1_l0.a_gn#branch_1_41                    0
a.xr1_l0.a_gn#branch_1_42                    0
a.xr1_l0.a_gn#branch_1_43                    0
a.xr1_l0.a_gn#branch_1_44                    0
a.xr1_l0.a_gn#branch_1_45                    0
a.xr1_l0.a_gn#branch_1_46                    0
a.xr1_l0.a_gn#branch_1_47                    0
a.xr1_l0.a_gn#branch_1_48                    0
a.xr1_l0.a_gn#branch_1_49                    0
a.xr1_l0.a_gn#branch_1_50                    0
a.xr1_l0.a_gn#branch_1_51                    0
a.xr1_l0.a_gn#branch_1_52                    0
a.xr1_l0.a_gn#branch_1_53                    0
a.xr1_l0.a_dout#branch_1_0                   0
a.xr1_l0.a_dout#branch_1_1                   0
a.xr1_l0.a_dout#branch_1_2                   0
a.xr1_l0.a_dout#branch_1_3                   0
a.xr1_l0.a_dout#branch_1_4                   0
a.xr1_l0.a_dout#branch_1_5                   0
a.xr1_l0.a_dout#branch_1_6                   0
a.xr1_l0.a_dout#branch_1_7                   0
a.xr1_l0.a_dout#branch_1_8                   0
a.xr1_l0.a_dout#branch_1_9                   0
a.xr1_l0.a_dout#branch_1_10                  0
a.xr1_l0.a_dout#branch_1_11                  0
a.xr1_l0.a_dout#branch_1_12                  0

 Reference value :  0.00000e+00
 Reference value :  1.56260e-07
 Reference value :  2.97075e-07
 Reference value :  4.41323e-07
 Reference value :  5.94661e-07
 Reference value :  7.34540e-07
 Reference value :  8.90874e-07
 Reference value :  1.03288e-06
 Reference value :  1.19692e-06
 Reference value :  1.35954e-06
 Reference value :  1.51583e-06
 Reference value :  1.67386e-06
 Reference value :  1.85957e-06
 Reference value :  2.00364e-06
 Reference value :  2.17386e-06
 Reference value :  2.34376e-06
 Reference value :  2.48457e-06
 Reference value :  2.64087e-06
 Reference value :  2.78288e-06
 Reference value :  2.93753e-06
 Reference value :  3.09381e-06
 Reference value :  3.23460e-06
 Reference value :  3.40653e-06
 Reference value :  3.55424e-06
 Reference value :  3.71878e-06
 Reference value :  3.88666e-06
 Reference value :  4.01627e-06
 Reference value :  4.19026e-06
 Reference value :  4.34396e-06
 Reference value :  4.50050e-06
 Reference value :  4.65631e-06
 Reference value :  4.82825e-06
 Reference value :  4.97222e-06
 Reference value :  5.10075e-06
 Reference value :  5.23502e-06
 Reference value :  5.40625e-06
 Reference value :  5.54698e-06
 Reference value :  5.68756e-06
 Reference value :  5.87515e-06
 Reference value :  6.00267e-06
 Reference value :  6.15646e-06
 Reference value :  6.29707e-06
 Reference value :  6.45323e-06
 Reference value :  6.59662e-06
 Reference value :  6.75021e-06
 Reference value :  6.92197e-06
 Reference value :  7.09378e-06
 Reference value :  7.20081e-06
 Reference value :  7.35954e-06
 Reference value :  7.50006e-06
 Reference value :  7.64082e-06
 Reference value :  7.79701e-06
 Reference value :  7.92210e-06
 Reference value :  8.07833e-06
 Reference value :  8.21897e-06
 Reference value :  8.39073e-06
 Reference value :  8.53288e-06
No. of Data Rows : 11628
aerr_r1_l0          =  0.00000e+00 at=  8.55000e-06
aerr_r1_l10         =  0.00000e+00 at=  8.55000e-06
aerr_r1_l25         =  0.00000e+00 at=  8.55000e-06
aerr_r1_l55         =  2.55000e+02 at=  4.00256e-06
aerr_r2_l0          =  0.00000e+00 at=  8.55000e-06
aerr_r2_l10         =  0.00000e+00 at=  8.55000e-06
aerr_r2_l25         =  2.56000e+02 at=  6.00256e-06
aerr_r2_l55         =  2.57000e+02 at=  5.50256e-06
m_abs_err_1msps_logic0ns = 0.0000000000e+00
m_abs_err_1msps_logic10ns = 0.0000000000e+00
m_abs_err_1msps_logic25ns = 0.0000000000e+00
m_abs_err_1msps_logic55ns = 2.5500000000e+02
m_abs_err_2msps_logic0ns = 0.0000000000e+00
m_abs_err_2msps_logic10ns = 0.0000000000e+00
m_abs_err_2msps_logic25ns = 2.5600000000e+02
m_abs_err_2msps_logic55ns = 2.5700000000e+02
Note: Simulation executed from .control section 

